probe: instance=sycamore_53_20_0 n_orig=3369 n=381 fusible=0.8869 nlabels=754 t=16ms
seed_greedy tc=82.0984 t=542ms
t=643ms iter=1 WAIST cost=63.0000 best_alt=46.0000 gap=17.0000 tried=5 sep_labels=46 clique_frac=0.01
t=974ms iter=1 REBUILD ACCEPT new_tc=61.5249 (was 63.5401)
t=3804ms iter=1 incumb=61.5249 ratchet=61.3483 best=61.3483 since_improve=0
t=3811ms iter=2 WAIST cost=56.0000 best_alt=52.0000 gap=4.0000 tried=5 sep_labels=52 clique_frac=0.01
t=4153ms iter=2 REBUILD ACCEPT new_tc=61.1000 (was 61.3483)
t=6403ms iter=2 incumb=61.1000 ratchet=60.8389 best=60.8389 since_improve=0
t=6410ms iter=3 WAIST cost=57.0000 best_alt=52.0000 gap=5.0000 tried=5 sep_labels=52 clique_frac=0.01
t=6579ms iter=3 REBUILD reject new_tc=61.1692 (was 60.8389)
t=8450ms iter=3 incumb=60.8389 ratchet=60.6920 best=60.6674 since_improve=0
t=8462ms iter=4 WAIST cost=57.0000 best_alt=52.0000 gap=5.0000 tried=5 sep_labels=52 clique_frac=0.01
t=8634ms iter=4 REBUILD reject new_tc=61.0636 (was 60.6920)
t=8799ms iter=4 incumb=60.6920 ratchet=60.8781 best=60.6674 since_improve=1
t=8807ms iter=5 WAIST cost=57.0000 best_alt=49.0000 gap=8.0000 tried=5 sep_labels=49 clique_frac=0.01
t=8968ms iter=5 REBUILD reject new_tc=61.7005 (was 60.6920)
t=9133ms iter=5 incumb=60.6920 ratchet=60.7298 best=60.6674 since_improve=2
t=9142ms iter=6 WAIST cost=57.0000 best_alt=52.0000 gap=5.0000 tried=5 sep_labels=52 clique_frac=0.01
t=9313ms iter=6 REBUILD reject new_tc=61.5896 (was 60.6920)
t=10566ms iter=6 incumb=60.6920 ratchet=60.6613 best=60.5811 since_improve=0
t=10576ms iter=7 WAIST cost=57.0000 best_alt=49.0000 gap=8.0000 tried=5 sep_labels=49 clique_frac=0.01
t=10736ms iter=7 REBUILD reject new_tc=61.7044 (was 60.6613)
t=10900ms iter=7 incumb=60.6613 ratchet=60.8530 best=60.5811 since_improve=1
t=10909ms iter=8 WAIST cost=57.0000 best_alt=49.0000 gap=8.0000 tried=5 sep_labels=49 clique_frac=0.01
t=11064ms iter=8 REBUILD reject new_tc=63.0774 (was 60.6613)
t=11226ms iter=8 incumb=60.6613 ratchet=60.6582 best=60.5811 since_improve=0
t=11235ms iter=9 WAIST cost=57.0000 best_alt=52.0000 gap=5.0000 tried=5 sep_labels=52 clique_frac=0.01
t=11402ms iter=9 REBUILD reject new_tc=61.3656 (was 60.6582)
t=12285ms iter=9 incumb=60.6582 ratchet=60.6221 best=60.5293 since_improve=0
t=12295ms iter=10 WAIST cost=57.0000 best_alt=52.0000 gap=5.0000 tried=5 sep_labels=52 clique_frac=0.01
t=12458ms iter=10 REBUILD reject new_tc=61.8582 (was 60.6221)
t=12620ms iter=10 incumb=60.6221 ratchet=60.5954 best=60.5293 since_improve=0
t=12626ms iter=11 WAIST cost=57.0000 best_alt=46.0000 gap=11.0000 tried=5 sep_labels=46 clique_frac=0.02
t=12784ms iter=11 REBUILD reject new_tc=61.2955 (was 60.5954)
t=12945ms iter=11 incumb=60.5954 ratchet=60.5952 best=60.5293 since_improve=0
t=12954ms iter=12 WAIST cost=57.0000 best_alt=46.0000 gap=11.0000 tried=5 sep_labels=46 clique_frac=0.01
t=13115ms iter=12 REBUILD reject new_tc=61.6098 (was 60.5952)
t=13281ms iter=12 incumb=60.5952 ratchet=60.6040 best=60.5293 since_improve=1
t=13288ms iter=13 WAIST cost=57.0000 best_alt=46.0000 gap=11.0000 tried=5 sep_labels=46 clique_frac=0.01
t=13465ms iter=13 REBUILD reject new_tc=61.2549 (was 60.5952)
t=13625ms iter=13 incumb=60.5952 ratchet=60.5895 best=60.5293 since_improve=0
t=13632ms iter=14 WAIST cost=57.0000 best_alt=49.0000 gap=8.0000 tried=5 sep_labels=49 clique_frac=0.02
t=13789ms iter=14 REBUILD reject new_tc=69.0063 (was 60.5895)
t=13990ms iter=14 incumb=60.5895 ratchet=60.7855 best=60.5293 since_improve=1
t=13996ms iter=15 WAIST cost=57.0000 best_alt=52.0000 gap=5.0000 tried=5 sep_labels=52 clique_frac=0.02
t=14148ms iter=15 REBUILD reject new_tc=61.5735 (was 60.5895)
t=14309ms iter=15 incumb=60.5895 ratchet=60.6475 best=60.5293 since_improve=2
t=14319ms iter=16 WAIST cost=57.0000 best_alt=45.0000 gap=12.0000 tried=5 sep_labels=45 clique_frac=0.02
t=14484ms iter=16 REBUILD reject new_tc=61.2380 (was 60.5895)
t=14643ms iter=16 incumb=60.5895 ratchet=60.6889 best=60.5293 since_improve=3
t=14651ms iter=17 WAIST cost=57.0000 best_alt=51.0000 gap=6.0000 tried=5 sep_labels=51 clique_frac=0.01
t=14816ms iter=17 REBUILD reject new_tc=68.0084 (was 60.5895)
t=14974ms iter=17 incumb=60.5895 ratchet=60.6369 best=60.5293 since_improve=4
t=14983ms iter=18 WAIST cost=57.0000 best_alt=47.0000 gap=10.0000 tried=5 sep_labels=47 clique_frac=0.02
t=15130ms iter=18 REBUILD reject new_tc=68.7608 (was 60.5895)
t=15293ms iter=18 incumb=60.5895 ratchet=60.5867 best=60.5293 since_improve=0
t=15301ms iter=19 WAIST cost=56.0000 best_alt=52.0000 gap=4.0000 tried=5 sep_labels=52 clique_frac=0.01
t=15472ms iter=19 REBUILD reject new_tc=61.5287 (was 60.5867)
t=15632ms iter=19 incumb=60.5867 ratchet=60.6433 best=60.5293 since_improve=1
t=15643ms iter=20 WAIST cost=56.0000 best_alt=52.0000 gap=4.0000 tried=5 sep_labels=52 clique_frac=0.01
t=15817ms iter=20 REBUILD reject new_tc=61.9344 (was 60.5867)
t=15984ms iter=20 incumb=60.5867 ratchet=60.6147 best=60.5293 since_improve=2
t=15996ms iter=21 WAIST cost=56.0000 best_alt=49.0000 gap=7.0000 tried=5 sep_labels=49 clique_frac=0.01
t=16157ms iter=21 REBUILD reject new_tc=60.9323 (was 60.5867)
t=16319ms iter=21 incumb=60.5867 ratchet=60.7664 best=60.5293 since_improve=3
t=16328ms iter=22 WAIST cost=56.0000 best_alt=50.0000 gap=6.0000 tried=5 sep_labels=50 clique_frac=0.01
t=16480ms iter=22 REBUILD reject new_tc=61.8421 (was 60.5867)
t=16637ms iter=22 incumb=60.5867 ratchet=60.6466 best=60.5293 since_improve=4
t=16645ms iter=23 WAIST cost=56.0000 best_alt=52.0000 gap=4.0000 tried=5 sep_labels=52 clique_frac=0.01
t=16817ms iter=23 REBUILD reject new_tc=62.6226 (was 60.5867)
t=16972ms iter=23 incumb=60.5867 ratchet=60.6013 best=60.5293 since_improve=5
t=16983ms iter=24 WAIST cost=56.0000 best_alt=52.0000 gap=4.0000 tried=5 sep_labels=52 clique_frac=0.01
t=17158ms iter=24 REBUILD reject new_tc=61.4085 (was 60.5867)
t=17318ms iter=24 incumb=60.5867 ratchet=60.5808 best=60.5293 since_improve=0
t=17325ms iter=25 WAIST cost=57.0000 best_alt=47.0000 gap=10.0000 tried=5 sep_labels=47 clique_frac=0.01
t=17466ms iter=25 REBUILD reject new_tc=80.0060 (was 60.5808)
t=17632ms iter=25 incumb=60.5808 ratchet=60.5407 best=60.5293 since_improve=0
t=17639ms iter=26 WAIST cost=57.0000 best_alt=49.0000 gap=8.0000 tried=5 sep_labels=49 clique_frac=0.01
t=17804ms iter=26 REBUILD reject new_tc=61.4761 (was 60.5407)
t=17964ms iter=26 incumb=60.5407 ratchet=60.7156 best=60.5293 since_improve=1
t=17972ms iter=27 WAIST cost=57.0000 best_alt=49.0000 gap=8.0000 tried=5 sep_labels=49 clique_frac=0.01
t=18133ms iter=27 REBUILD reject new_tc=61.5332 (was 60.5407)
t=18295ms iter=27 incumb=60.5407 ratchet=60.5732 best=60.5293 since_improve=2
t=18303ms iter=28 WAIST cost=57.0000 best_alt=48.0000 gap=9.0000 tried=5 sep_labels=48 clique_frac=0.01
t=18463ms iter=28 REBUILD reject new_tc=61.9074 (was 60.5407)
t=18624ms iter=28 incumb=60.5407 ratchet=60.6110 best=60.5293 since_improve=3
t=18634ms iter=29 WAIST cost=57.0000 best_alt=52.0000 gap=5.0000 tried=5 sep_labels=52 clique_frac=0.01
t=18774ms iter=29 REBUILD reject new_tc=76.0005 (was 60.5407)
t=18940ms iter=29 incumb=60.5407 ratchet=60.6452 best=60.5293 since_improve=4
t=18948ms iter=30 WAIST cost=57.0000 best_alt=47.0000 gap=10.0000 tried=5 sep_labels=47 clique_frac=0.01
t=19112ms iter=30 REBUILD reject new_tc=65.0083 (was 60.5407)
t=19851ms iter=30 incumb=60.5407 ratchet=60.4939 best=60.4939 since_improve=0
t=19863ms iter=31 WAIST cost=57.0000 best_alt=48.0000 gap=9.0000 tried=5 sep_labels=48 clique_frac=0.01
t=20014ms iter=31 REBUILD reject new_tc=75.0629 (was 60.4939)
t=20176ms iter=31 incumb=60.4939 ratchet=60.7578 best=60.4939 since_improve=1
t=20185ms iter=32 WAIST cost=57.0000 best_alt=50.0000 gap=7.0000 tried=5 sep_labels=50 clique_frac=0.01
t=20346ms iter=32 REBUILD reject new_tc=61.4797 (was 60.4939)
t=20511ms iter=32 incumb=60.4939 ratchet=60.5814 best=60.4939 since_improve=2
t=20519ms iter=33 WAIST cost=57.0000 best_alt=49.0000 gap=8.0000 tried=5 sep_labels=49 clique_frac=0.01
t=20673ms iter=33 REBUILD reject new_tc=62.9738 (was 60.4939)
t=20838ms iter=33 incumb=60.4939 ratchet=60.5294 best=60.4939 since_improve=3
t=20845ms iter=34 WAIST cost=57.0000 best_alt=48.0000 gap=9.0000 tried=5 sep_labels=48 clique_frac=0.01
t=21001ms iter=34 REBUILD reject new_tc=61.4721 (was 60.4939)
t=21164ms iter=34 incumb=60.4939 ratchet=60.5597 best=60.4939 since_improve=4
t=21170ms iter=35 WAIST cost=57.0000 best_alt=51.0000 gap=6.0000 tried=5 sep_labels=51 clique_frac=0.01
t=21328ms iter=35 REBUILD reject new_tc=61.7183 (was 60.4939)
t=21486ms iter=35 incumb=60.4939 ratchet=60.6498 best=60.4939 since_improve=5
t=21496ms iter=36 WAIST cost=57.0000 best_alt=52.0000 gap=5.0000 tried=5 sep_labels=52 clique_frac=0.01
t=21668ms iter=36 REBUILD reject new_tc=62.5305 (was 60.4939)
t=21826ms iter=36 incumb=60.4939 ratchet=60.5558 best=60.4939 since_improve=6
t=21834ms iter=37 WAIST cost=57.0000 best_alt=49.0000 gap=8.0000 tried=5 sep_labels=49 clique_frac=0.01
t=21986ms iter=37 REBUILD reject new_tc=67.9634 (was 60.4939)
t=22154ms iter=37 incumb=60.4939 ratchet=60.5727 best=60.4939 since_improve=7
t=22164ms iter=38 WAIST cost=57.0000 best_alt=51.0000 gap=6.0000 tried=5 sep_labels=51 clique_frac=0.01
t=22319ms iter=38 REBUILD reject new_tc=61.6659 (was 60.4939)
t=22485ms iter=38 incumb=60.4939 ratchet=60.6389 best=60.4939 since_improve=8
t=22492ms iter=39 WAIST cost=57.0000 best_alt=52.0000 gap=5.0000 tried=5 sep_labels=52 clique_frac=0.01
t=22649ms iter=39 REBUILD reject new_tc=76.0019 (was 60.4939)
t=22808ms iter=39 incumb=60.4939 ratchet=60.5219 best=60.4939 since_improve=9
t=22817ms iter=40 WAIST cost=57.0000 best_alt=50.0000 gap=7.0000 tried=5 sep_labels=50 clique_frac=0.01
t=22973ms iter=40 REBUILD reject new_tc=61.0166 (was 60.4939)
t=23133ms iter=40 incumb=60.4939 ratchet=60.6016 best=60.4939 since_improve=10
t=23141ms iter=41 WAIST cost=57.0000 best_alt=49.0000 gap=8.0000 tried=5 sep_labels=49 clique_frac=0.02
t=23284ms iter=41 REBUILD reject new_tc=78.0000 (was 60.4939)
t=23440ms iter=41 incumb=60.4939 ratchet=60.6555 best=60.4939 since_improve=11
t=23447ms iter=42 WAIST cost=57.0000 best_alt=52.0000 gap=5.0000 tried=5 sep_labels=52 clique_frac=0.01
t=23598ms iter=42 REBUILD reject new_tc=73.0003 (was 60.4939)
t=23755ms iter=42 incumb=60.4939 ratchet=60.5625 best=60.4939 since_improve=12
t=23765ms iter=43 WAIST cost=57.0000 best_alt=51.0000 gap=6.0000 tried=5 sep_labels=51 clique_frac=0.01
t=23916ms iter=43 REBUILD reject new_tc=66.5330 (was 60.4939)
t=24081ms iter=43 incumb=60.4939 ratchet=60.5361 best=60.4939 since_improve=13
t=24090ms iter=44 WAIST cost=57.0000 best_alt=53.0000 gap=4.0000 tried=5 sep_labels=53 clique_frac=0.01
t=24251ms iter=44 REBUILD reject new_tc=72.0087 (was 60.4939)
t=24604ms iter=44 incumb=60.4939 ratchet=60.4944 best=60.4834 since_improve=14
t=24611ms iter=45 WAIST cost=57.0000 best_alt=50.0000 gap=7.0000 tried=5 sep_labels=50 clique_frac=0.01
t=24755ms iter=45 REBUILD reject new_tc=61.3228 (was 60.4939)
t=24916ms iter=45 incumb=60.4939 ratchet=60.5953 best=60.4834 since_improve=15
t=24922ms iter=46 WAIST cost=57.0000 best_alt=53.0000 gap=4.0000 tried=5 sep_labels=53 clique_frac=0.01
t=25098ms iter=46 REBUILD reject new_tc=61.8576 (was 60.4939)
t=25259ms iter=46 incumb=60.4939 ratchet=60.6056 best=60.4834 since_improve=16
t=25268ms iter=47 WAIST cost=57.0000 best_alt=49.0000 gap=8.0000 tried=5 sep_labels=49 clique_frac=0.01
t=25427ms iter=47 REBUILD reject new_tc=61.6456 (was 60.4939)
t=25584ms iter=47 incumb=60.4939 ratchet=60.6646 best=60.4834 since_improve=17
t=25591ms iter=48 WAIST cost=57.0000 best_alt=51.0000 gap=6.0000 tried=5 sep_labels=51 clique_frac=0.01
t=25739ms iter=48 REBUILD reject new_tc=68.9428 (was 60.4939)
t=25895ms iter=48 incumb=60.4939 ratchet=60.5628 best=60.4834 since_improve=18
t=25902ms iter=49 WAIST cost=57.0000 best_alt=49.0000 gap=8.0000 tried=5 sep_labels=49 clique_frac=0.01
t=26055ms iter=49 REBUILD reject new_tc=61.2863 (was 60.4939)
t=26220ms iter=49 incumb=60.4939 ratchet=60.5659 best=60.4834 since_improve=19
t=26229ms iter=50 WAIST cost=57.0000 best_alt=53.0000 gap=4.0000 tried=5 sep_labels=53 clique_frac=0.01
t=26398ms iter=50 REBUILD reject new_tc=61.3910 (was 60.4939)
t=26559ms iter=50 incumb=60.4939 ratchet=60.5542 best=60.4834 since_improve=20
t=26567ms iter=51 WAIST cost=57.0000 best_alt=53.0000 gap=4.0000 tried=5 sep_labels=53 clique_frac=0.01
t=26741ms iter=51 REBUILD reject new_tc=61.5564 (was 60.4939)
t=26902ms iter=51 incumb=60.4939 ratchet=60.5479 best=60.4834 since_improve=21
t=26910ms iter=52 WAIST cost=57.0000 best_alt=53.0000 gap=4.0000 tried=5 sep_labels=53 clique_frac=0.01
t=27077ms iter=52 REBUILD reject new_tc=64.1787 (was 60.4939)
t=27237ms iter=52 incumb=60.4939 ratchet=60.7286 best=60.4834 since_improve=22
t=27246ms iter=53 WAIST cost=57.0000 best_alt=52.0000 gap=5.0000 tried=5 sep_labels=52 clique_frac=0.01
t=27421ms iter=53 REBUILD reject new_tc=60.5137 (was 60.4939)
t=27579ms iter=53 incumb=60.4939 ratchet=60.6203 best=60.4834 since_improve=23
t=27586ms iter=54 WAIST cost=57.0000 best_alt=50.0000 gap=7.0000 tried=5 sep_labels=50 clique_frac=0.01
t=27738ms iter=54 REBUILD reject new_tc=61.2207 (was 60.4939)
t=27898ms iter=54 incumb=60.4939 ratchet=60.5864 best=60.4834 since_improve=24
t=27905ms iter=55 WAIST cost=57.0000 best_alt=50.0000 gap=7.0000 tried=5 sep_labels=50 clique_frac=0.01
t=28064ms iter=55 REBUILD reject new_tc=61.6911 (was 60.4939)
t=28227ms iter=55 incumb=60.4939 ratchet=60.5334 best=60.4834 since_improve=25
t=28234ms iter=56 WAIST cost=57.0000 best_alt=51.0000 gap=6.0000 tried=5 sep_labels=51 clique_frac=0.01
t=28381ms iter=56 REBUILD reject new_tc=61.5466 (was 60.4939)
t=28548ms iter=56 incumb=60.4939 ratchet=60.5621 best=60.4834 since_improve=26
t=28555ms iter=57 WAIST cost=57.0000 best_alt=50.0000 gap=7.0000 tried=5 sep_labels=50 clique_frac=0.01
t=28714ms iter=57 REBUILD reject new_tc=61.4063 (was 60.4939)
t=28873ms iter=57 incumb=60.4939 ratchet=60.6527 best=60.4834 since_improve=27
t=28881ms iter=58 WAIST cost=57.0000 best_alt=49.0000 gap=8.0000 tried=5 sep_labels=49 clique_frac=0.01
t=29031ms iter=58 REBUILD reject new_tc=73.2789 (was 60.4939)
t=29103ms iter=58 incumb=60.4939 ratchet=60.7826 best=60.4834 since_improve=28
t_final=29306ms tc_reduced=60.4834 tc_full=61.4308 leaves=3369
surgery summary: calls=58 cheaper_cuts=58 rebuild_accepts=2 waist_min_hits=0
