simplify: n_orig=1000 n_reduced=1000 shrink=0.0000 t_simp=4ms
t_seed=669ms tc_seed=259.0001 seed_trials=7
t_dp=669ms tc_greedy=259.0001
t=7515ms mcts_tc=257.5850
t_mcts=16338ms mcts: backup=min rollouts=64 rate=4/s depth=2 nodes=65 improves=1 tc_mcts=257.5850
ATTRIBUTION tc_greedy=259.0001 tc_mcts_prepolish=257.5850 mcts_beats_greedy=true
t=16829ms polish_tc=256.0000
t=17179ms polish_tc=254.0000
t=17515ms polish_tc=251.0000
t=17869ms polish_tc=250.0000
t=18168ms polish_tc=249.0000
t=18518ms polish_tc=249.0000
t=18872ms polish_tc=249.0000
t=19299ms polish_tc=249.0000
t=19611ms polish_tc=248.0000
t=20300ms polish_tc=247.0000
t=20619ms polish_tc=244.0000
t=21292ms polish_tc=244.0000
t=21605ms polish_tc=244.0000
t=22283ms polish_tc=243.0000
t=22652ms polish_tc=243.0000
t=23285ms polish_tc=240.0000
t=23641ms polish_tc=240.0000
t=24280ms polish_tc=239.0000
t=24634ms polish_tc=238.0000
t=24927ms polish_tc=238.0000
t=25291ms polish_tc=236.0000
t=25587ms polish_tc=235.0000
t=26280ms polish_tc=235.0000
t=26581ms polish_tc=234.0000
t=27268ms polish_tc=234.0000
t=27625ms polish_tc=233.0000
t=27983ms polish_tc=232.0000
t=28333ms polish_tc=228.0000
t=28662ms polish_tc=227.0000
t=29290ms polish_tc=227.0000
t=29621ms polish_tc=226.0000
t=30287ms polish_tc=226.0000
t=30646ms polish_tc=226.0000
t=31280ms polish_tc=225.0000
t=31621ms polish_tc=225.0000
t=32274ms polish_tc=224.0000
t=32628ms polish_tc=224.0000
t=33266ms polish_tc=224.0000
t=33560ms polish_tc=224.0000
t=33879ms polish_tc=224.0000
t=34283ms polish_tc=224.0000
t=34617ms polish_tc=224.0000
t=35269ms polish_tc=224.0000
t=35560ms polish_tc=223.0000
t=35848ms polish_tc=222.0000
t=36291ms polish_tc=220.0000
t=36630ms polish_tc=219.0000
t=37280ms polish_tc=219.0000
t=37602ms polish_tc=219.0000
t=38271ms polish_tc=218.0000
t=38599ms polish_tc=218.0000
t=38942ms polish_tc=216.0000
t=39282ms polish_tc=216.0000
t=39608ms polish_tc=216.0000
t=40277ms polish_tc=215.0000
t=40596ms polish_tc=213.0001
t=41276ms polish_tc=213.0001
t=41634ms polish_tc=213.0001
t=42276ms polish_tc=213.0001
t=42608ms polish_tc=213.0001
t=43272ms polish_tc=213.0001
t=43584ms polish_tc=213.0001
t=43919ms polish_tc=211.0006
t=44289ms polish_tc=211.0003
t=44638ms polish_tc=211.0002
t=45284ms polish_tc=211.0002
t=45591ms polish_tc=209.0008
t=46266ms polish_tc=209.0008
t=46579ms polish_tc=209.0007
t=46882ms polish_tc=209.0003
t=47283ms polish_tc=208.0011
t=47569ms polish_tc=207.0030
t=48273ms polish_tc=207.0028
t=48573ms polish_tc=207.0020
t=48859ms polish_tc=205.0066
t=49286ms polish_tc=204.0162
t=49562ms polish_tc=204.0138
t=50267ms polish_tc=203.0199
t=50559ms polish_tc=198.7539
t=50849ms polish_tc=197.9821
t=51285ms polish_tc=197.7927
t=51605ms polish_tc=197.3930
t=52274ms polish_tc=197.2319
t=52612ms polish_tc=197.1322
t=52924ms polish_tc=197.0146
t=53296ms polish_tc=196.9045
t=53601ms polish_tc=196.7284
t=54282ms polish_tc=196.6911
t=54582ms polish_tc=196.2061
t=55273ms polish_tc=195.8559
t=55574ms polish_tc=195.5985
t=55883ms polish_tc=195.3336
t=56289ms polish_tc=195.1710
t=56619ms polish_tc=195.1321
t=57283ms polish_tc=195.0619
t=57622ms polish_tc=195.0056
t=58277ms polish_tc=194.9851
t=58587ms polish_tc=194.8121
t=58883ms polish_tc=194.6498
t=59290ms polish_tc=194.5065
t=59607ms polish_tc=194.4187
t=60278ms polish_tc=194.2650
t=60590ms polish_tc=194.2198
t=61266ms polish_tc=194.1552
t=61570ms polish_tc=194.0202
t=61853ms polish_tc=193.8605
t=62268ms polish_tc=193.8271
t=62573ms polish_tc=193.6347
t=63266ms polish_tc=193.2692
t=63560ms polish_tc=193.0301
t=63831ms polish_tc=192.9641
t=64271ms polish_tc=192.5902
t=64534ms polish_tc=192.5159
t=64811ms polish_tc=191.8551
t=65279ms polish_tc=191.4514
t=65549ms polish_tc=191.1732
t=65873ms polish_tc=191.0263
t=66289ms polish_tc=190.6408
t=66572ms polish_tc=190.6004
t=67271ms polish_tc=190.4922
t=67542ms polish_tc=190.4698
t=67817ms polish_tc=190.2066
t=68283ms polish_tc=190.1524
t=68584ms polish_tc=190.1192
t=68868ms polish_tc=190.0691
t=69289ms polish_tc=190.0088
t=69574ms polish_tc=190.0081
t=70272ms polish_tc=190.0068
t=70554ms polish_tc=189.9948
t=70848ms polish_tc=189.9243
t=71286ms polish_tc=189.8454
t=71597ms polish_tc=189.7598
t=72272ms polish_tc=189.5516
t=72563ms polish_tc=189.5397
t=72862ms polish_tc=189.3818
t=73283ms polish_tc=189.3436
t=73573ms polish_tc=189.1940
t=74265ms polish_tc=189.1916
t=74523ms polish_tc=189.0622
t=74805ms polish_tc=189.0209
t=75268ms polish_tc=188.9620
t=75543ms polish_tc=188.9073
t=75816ms polish_tc=188.8220
t=76277ms polish_tc=188.7684
t=76556ms polish_tc=188.7386
t=76815ms polish_tc=188.6871
t=77284ms polish_tc=188.6619
t=77552ms polish_tc=188.6498
t=78266ms polish_tc=188.4141
t=78562ms polish_tc=188.3687
t=78848ms polish_tc=188.2207
t=79273ms polish_tc=188.2062
t=79551ms polish_tc=188.1130
t=79814ms polish_tc=188.0173
t=80280ms polish_tc=187.9902
t=80546ms polish_tc=187.9820
t=80800ms polish_tc=187.9111
t=81278ms polish_tc=187.7999
t=81538ms polish_tc=187.7716
t=81796ms polish_tc=187.7012
t=82281ms polish_tc=187.6740
t=82541ms polish_tc=187.6029
t=83263ms polish_tc=187.5447
t=83525ms polish_tc=187.5196
t=83789ms polish_tc=187.4330
t=84263ms polish_tc=187.3595
t=84533ms polish_tc=187.3180
t=84788ms polish_tc=187.3026
t=85276ms polish_tc=187.2488
t=85528ms polish_tc=187.2365
t=85778ms polish_tc=187.0758
t=86280ms polish_tc=187.0514
t=86541ms polish_tc=186.8964
t=86780ms polish_tc=186.8208
t=87280ms polish_tc=186.7304
t=87509ms polish_tc=186.3395
t=87745ms polish_tc=186.0677
t=88279ms polish_tc=185.8262
t=88513ms polish_tc=185.7829
t=88759ms polish_tc=185.7305
t=89279ms polish_tc=185.7043
t=89512ms polish_tc=185.7000
anneal_sweeps=512 cycles=1 fresh=0
t_final=89526ms tc_greedy=259.0001 tc_mcts=257.5850 tc_final=185.7000 tc_full=185.7000 leaves=1000
