t=177ms tc=52.1338 (rung cap=inf / full VE)
t_peel=6ms cap=6 peeled=1489/2136 residual=647
t_peel=7ms cap=10 peeled=1702/2136 residual=434
t_peel=9ms cap=16 peeled=1830/2136 residual=306
t_peel=12ms cap=26 peeled=1902/2136 residual=234
t_peel=21ms cap=42 peeled=1980/2136 residual=156
n=2136 n_labels=1068 floor=49.6471 ve=52.1338 best=49.6471 | probe w0=6.0 best_frac=0.073 useful=true caps_residual=[(6, 647), (10, 434), (16, 306), (26, 234), (42, 156)] | t=428ms
t=1824ms tc=25.7147 (residual niters=8 k=1119)
t=9564ms tc=25.5532 (residual niters=32 k=1119)
residual_rounds=4
t=11804ms rung 1/3 cap=4.8 residual=1119 rtc=25.5532
residual_rounds=5
t=23810ms rung 2/3 cap=6.0 residual=647 rtc=26.5456
residual_rounds=5
t=35668ms rung 3/3 cap=7.5 residual=552 rtc=27.7119
t=39700ms tc=25.4935 (residual niters=16 k=1119)
t=68327ms tc=25.4852 (residual niters=91 k=1119)
residual_rounds=6
t=84534ms tc=25.4440 (full treesa niters=18)
full_treesa_rounds=3
t_final=84534ms tc_final=25.4440 source=residual residual_won=true
