simplify: n_orig=3369 n_reduced=381 shrink=0.8869 t_simp=10ms
t_seed=615ms tc_seed=85.1085 seed_trials=13
t_dp=5278ms tc_greedy=77.4759
t_mcts=20471ms mcts: backup=min rollouts=384 rate=19/s depth=3 nodes=385 improves=0 tc_mcts=77.4759
ATTRIBUTION tc_greedy=77.4759 tc_mcts_prepolish=77.4759 mcts_beats_greedy=false
t=21175ms polish_tc=77.3343
t=21372ms polish_tc=76.4526
t=22224ms polish_tc=76.3008
t=22427ms polish_tc=75.8367
t=23192ms polish_tc=75.5106
t=23413ms polish_tc=75.1080
t=24196ms polish_tc=75.0054
t=24387ms polish_tc=75.0034
t=25188ms polish_tc=74.9424
t=26181ms polish_tc=74.0149
t=26397ms polish_tc=73.7789
t=27185ms polish_tc=73.3493
t=27374ms polish_tc=73.2513
t=27574ms polish_tc=72.8854
t=28196ms polish_tc=72.7324
t=29175ms polish_tc=72.3280
t=29368ms polish_tc=72.1421
t=30180ms polish_tc=72.1193
t=30398ms polish_tc=71.9056
t=31195ms polish_tc=71.6137
t=32181ms polish_tc=71.2871
t=32399ms polish_tc=71.2612
t=33191ms polish_tc=71.1460
t=33391ms polish_tc=70.3089
t=34187ms polish_tc=69.9302
t=34399ms polish_tc=69.7558
t=35187ms polish_tc=69.6623
t=35401ms polish_tc=69.5372
t=36208ms polish_tc=69.4763
t=37189ms polish_tc=69.3003
t=37410ms polish_tc=69.1956
t=38193ms polish_tc=69.0020
t=38401ms polish_tc=68.9839
t=39196ms polish_tc=68.8480
t=39417ms polish_tc=68.8351
t=40188ms polish_tc=68.7464
t=40377ms polish_tc=68.4491
t=41200ms polish_tc=68.1977
t=42187ms polish_tc=67.8794
t=42380ms polish_tc=67.8346
t=42572ms polish_tc=67.8162
t=43196ms polish_tc=67.5355
t=43394ms polish_tc=67.1539
t=43594ms polish_tc=67.0990
t=44194ms polish_tc=66.8957
t=44401ms polish_tc=66.7200
t=44613ms polish_tc=66.7163
t=45181ms polish_tc=66.1393
t=45385ms polish_tc=66.0772
t=45599ms polish_tc=65.6618
t=45809ms polish_tc=65.4523
t=46187ms polish_tc=65.4144
t=46391ms polish_tc=64.9801
t=46592ms polish_tc=64.6213
t=46801ms polish_tc=64.5840
t=47194ms polish_tc=64.5273
t=47416ms polish_tc=63.3638
t=47641ms polish_tc=63.3512
t=48196ms polish_tc=63.2687
t=48436ms polish_tc=63.2676
t=48665ms polish_tc=63.1899
t=49190ms polish_tc=63.0071
t=49425ms polish_tc=62.9118
t=49663ms polish_tc=62.7263
t=50184ms polish_tc=62.6555
t=50424ms polish_tc=62.6294
t=50671ms polish_tc=62.6011
t=51182ms polish_tc=62.5556
t=51432ms polish_tc=62.5334
t=51682ms polish_tc=62.5197
t=52183ms polish_tc=62.4285
t=52411ms polish_tc=62.4001
t=52666ms polish_tc=62.3859
t=52906ms polish_tc=62.3858
t=53199ms polish_tc=62.3777
t=53447ms polish_tc=62.3620
t=53685ms polish_tc=62.3428
t=54198ms polish_tc=62.3393
t=54455ms polish_tc=62.3305
t=54717ms polish_tc=62.3016
t=55195ms polish_tc=62.2703
t=55436ms polish_tc=62.2429
t=55682ms polish_tc=62.2324
t=56193ms polish_tc=62.2257
t=56447ms polish_tc=62.2033
t=56690ms polish_tc=62.2009
t=57192ms polish_tc=62.1989
t=57422ms polish_tc=62.1889
t=57654ms polish_tc=62.1468
t=58181ms polish_tc=62.1332
t=58413ms polish_tc=62.1162
t=58649ms polish_tc=62.0953
t=59178ms polish_tc=62.0952
t=59430ms polish_tc=62.0841
t=59677ms polish_tc=62.0714
t=59963ms polish_tc=62.0695
t=60203ms polish_tc=62.0627
t=60437ms polish_tc=62.0410
t=60659ms polish_tc=62.0401
t=61220ms polish_tc=62.0389
t=61668ms polish_tc=62.0239
t=62067ms polish_tc=62.0209
t=62494ms polish_tc=62.0181
t=62736ms polish_tc=62.0003
t=63027ms polish_tc=62.0002
t=63335ms polish_tc=61.9980
t=63555ms polish_tc=61.9881
t=63788ms polish_tc=61.9805
t=64033ms polish_tc=61.9711
t=64264ms polish_tc=61.9710
t=64487ms polish_tc=61.9646
t=64719ms polish_tc=61.9598
t=65197ms polish_tc=61.9597
t=65429ms polish_tc=61.9593
t=66189ms polish_tc=61.9532
t=67186ms polish_tc=61.9508
t=67401ms polish_tc=61.9501
t=67620ms polish_tc=61.9443
t=68207ms polish_tc=61.9434
t=68422ms polish_tc=61.9434
t=69197ms polish_tc=61.9405
t=69433ms polish_tc=61.9348
t=70193ms polish_tc=61.9326
t=70460ms polish_tc=61.9325
t=71199ms polish_tc=61.9268
t=72176ms polish_tc=61.9216
t=72385ms polish_tc=61.9201
t=72596ms polish_tc=61.9097
t=73199ms polish_tc=61.9066
t=74175ms polish_tc=61.9032
t=74389ms polish_tc=61.9032
t=75177ms polish_tc=61.8983
t=75398ms polish_tc=61.8983
t=76190ms polish_tc=61.8976
t=76399ms polish_tc=61.8915
t=77207ms polish_tc=61.8885
t=78178ms polish_tc=61.8770
t=78385ms polish_tc=61.8697
t=78602ms polish_tc=61.8577
t=79214ms polish_tc=61.8546
t=79441ms polish_tc=61.8542
t=80206ms polish_tc=61.8465
t=80420ms polish_tc=61.8464
t=81192ms polish_tc=61.8464
t=81405ms polish_tc=61.8370
t=82199ms polish_tc=61.8310
t=82416ms polish_tc=61.8256
t=83191ms polish_tc=61.8238
t=84182ms polish_tc=61.8182
t=84388ms polish_tc=61.8181
t=85188ms polish_tc=61.8118
t=85396ms polish_tc=61.8117
t=86203ms polish_tc=61.8117
t=86441ms polish_tc=61.8112
t=87195ms polish_tc=61.7982
t=87391ms polish_tc=61.7981
anneal_sweeps=1104 cycles=1 fresh=0
t_final=87403ms tc_greedy=77.4759 tc_mcts=77.4759 tc_final=61.7981 tc_full=61.7981 leaves=3369
