probe: instance=surfacecode_d21 n_orig=2203 n=761 fusible=0.6546 nlabels=798 t=13ms
seed_greedy tc=61.1766 t=542ms
t=1201ms iter=1 WAIST cost=50.0000 best_alt=31.0000 gap=19.0000 tried=5 sep_labels=31 clique_frac=0.02
t=1636ms iter=1 REBUILD ACCEPT new_tc=49.8520 (was 51.0289)
t=3431ms iter=1 incumb=49.8520 ratchet=49.1899 best=49.1700 since_improve=0
t=3454ms iter=2 WAIST cost=47.0000 best_alt=39.0000 gap=8.0000 tried=5 sep_labels=39 clique_frac=0.03
t=3768ms iter=2 REBUILD reject new_tc=49.2928 (was 49.1899)
t=4307ms iter=2 incumb=49.1899 ratchet=49.1190 best=49.1086 since_improve=0
t=4335ms iter=3 WAIST cost=46.0000 best_alt=35.0000 gap=11.0000 tried=5 sep_labels=35 clique_frac=0.03
t=4784ms iter=3 REBUILD ACCEPT new_tc=48.8025 (was 49.1190)
t=5490ms iter=3 incumb=48.8025 ratchet=48.8016 best=48.7893 since_improve=0
t=5514ms iter=4 WAIST cost=45.0000 best_alt=31.0000 gap=14.0000 tried=5 sep_labels=31 clique_frac=0.00
t=5826ms iter=4 REBUILD reject new_tc=49.2586 (was 48.8016)
t=6851ms iter=4 incumb=48.8016 ratchet=48.7653 best=48.7619 since_improve=0
t=6884ms iter=5 WAIST cost=45.0000 best_alt=33.0000 gap=12.0000 tried=5 sep_labels=33 clique_frac=0.04
t=7191ms iter=5 REBUILD reject new_tc=49.2311 (was 48.7653)
t=7444ms iter=5 incumb=48.7653 ratchet=48.7875 best=48.7619 since_improve=1
t=7472ms iter=6 WAIST cost=45.0000 best_alt=33.0000 gap=12.0000 tried=5 sep_labels=33 clique_frac=0.04
t=7769ms iter=6 REBUILD reject new_tc=57.0021 (was 48.7653)
t=8019ms iter=6 incumb=48.7653 ratchet=50.4966 best=48.7619 since_improve=2
t=8055ms iter=7 WAIST cost=45.0000 best_alt=33.0000 gap=12.0000 tried=5 sep_labels=33 clique_frac=0.04
t=8356ms iter=7 REBUILD reject new_tc=50.4626 (was 48.7653)
t=8612ms iter=7 incumb=48.7653 ratchet=48.7839 best=48.7619 since_improve=3
t=8639ms iter=8 WAIST cost=45.0000 best_alt=33.0000 gap=12.0000 tried=5 sep_labels=33 clique_frac=0.04
t=8939ms iter=8 REBUILD reject new_tc=54.0312 (was 48.7653)
t=9200ms iter=8 incumb=48.7653 ratchet=48.7864 best=48.7619 since_improve=4
t=9227ms iter=9 WAIST cost=45.0000 best_alt=33.0000 gap=12.0000 tried=5 sep_labels=33 clique_frac=0.04
t=9536ms iter=9 REBUILD reject new_tc=49.8851 (was 48.7653)
t=9795ms iter=9 incumb=48.7653 ratchet=48.7948 best=48.7619 since_improve=5
t=9829ms iter=10 WAIST cost=45.0000 best_alt=31.0000 gap=14.0000 tried=5 sep_labels=31 clique_frac=0.00
t=10138ms iter=10 REBUILD reject new_tc=50.6376 (was 48.7653)
t=10384ms iter=10 incumb=48.7653 ratchet=48.7742 best=48.7619 since_improve=6
t=10409ms iter=11 WAIST cost=45.0000 best_alt=33.0000 gap=12.0000 tried=5 sep_labels=33 clique_frac=0.04
t=10704ms iter=11 REBUILD reject new_tc=50.4540 (was 48.7653)
t=11098ms iter=11 incumb=48.7653 ratchet=48.7609 best=48.7596 since_improve=0
t=11133ms iter=12 WAIST cost=44.0000 best_alt=33.0000 gap=11.0000 tried=5 sep_labels=33 clique_frac=0.02
t=11441ms iter=12 REBUILD reject new_tc=51.2339 (was 48.7609)
t=11696ms iter=12 incumb=48.7609 ratchet=48.8534 best=48.7596 since_improve=1
t=11723ms iter=13 WAIST cost=44.0000 best_alt=33.0000 gap=11.0000 tried=5 sep_labels=33 clique_frac=0.02
t=12036ms iter=13 REBUILD reject new_tc=53.0585 (was 48.7609)
t=13313ms iter=13 incumb=48.7609 ratchet=48.7068 best=48.7068 since_improve=0
t=13334ms iter=14 WAIST cost=45.0000 best_alt=33.0000 gap=12.0000 tried=5 sep_labels=33 clique_frac=0.01
t=13619ms iter=14 REBUILD reject new_tc=51.3416 (was 48.7068)
t=13876ms iter=14 incumb=48.7068 ratchet=48.7284 best=48.7068 since_improve=1
t=13906ms iter=15 WAIST cost=45.0000 best_alt=37.0000 gap=8.0000 tried=5 sep_labels=37 clique_frac=0.03
t=14209ms iter=15 REBUILD reject new_tc=51.1866 (was 48.7068)
t=14466ms iter=15 incumb=48.7068 ratchet=48.7672 best=48.7068 since_improve=2
t=14496ms iter=16 WAIST cost=45.0000 best_alt=36.0000 gap=9.0000 tried=5 sep_labels=36 clique_frac=0.04
t=14801ms iter=16 REBUILD reject new_tc=49.4536 (was 48.7068)
t=15057ms iter=16 incumb=48.7068 ratchet=48.7977 best=48.7068 since_improve=3
t=15085ms iter=17 WAIST cost=45.0000 best_alt=37.0000 gap=8.0000 tried=5 sep_labels=37 clique_frac=0.03
t=15391ms iter=17 REBUILD reject new_tc=54.0283 (was 48.7068)
t=15634ms iter=17 incumb=48.7068 ratchet=48.7235 best=48.7068 since_improve=4
t=15659ms iter=18 WAIST cost=45.0000 best_alt=37.0000 gap=8.0000 tried=5 sep_labels=37 clique_frac=0.03
t=15963ms iter=18 REBUILD reject new_tc=49.6977 (was 48.7068)
t=16216ms iter=18 incumb=48.7068 ratchet=48.7518 best=48.7068 since_improve=5
t=16244ms iter=19 WAIST cost=45.0000 best_alt=37.0000 gap=8.0000 tried=5 sep_labels=37 clique_frac=0.03
t=16549ms iter=19 REBUILD reject new_tc=50.3787 (was 48.7068)
t=16806ms iter=19 incumb=48.7068 ratchet=48.7251 best=48.7068 since_improve=6
t=16834ms iter=20 WAIST cost=45.0000 best_alt=37.0000 gap=8.0000 tried=5 sep_labels=37 clique_frac=0.03
t=17143ms iter=20 REBUILD reject new_tc=49.0489 (was 48.7068)
t=17395ms iter=20 incumb=48.7068 ratchet=48.7840 best=48.7068 since_improve=7
t=17421ms iter=21 WAIST cost=45.0000 best_alt=37.0000 gap=8.0000 tried=5 sep_labels=37 clique_frac=0.03
t=17736ms iter=21 REBUILD reject new_tc=48.8907 (was 48.7068)
t=17978ms iter=21 incumb=48.7068 ratchet=48.7612 best=48.7068 since_improve=8
t=18000ms iter=22 WAIST cost=45.0000 best_alt=37.0000 gap=8.0000 tried=5 sep_labels=37 clique_frac=0.03
t=18287ms iter=22 REBUILD reject new_tc=52.0644 (was 48.7068)
t=18541ms iter=22 incumb=48.7068 ratchet=48.7869 best=48.7068 since_improve=9
t=18600ms iter=23 WAIST cost=45.0000 best_alt=35.0000 gap=10.0000 tried=5 sep_labels=35 clique_frac=0.02
t=18931ms iter=23 REBUILD reject new_tc=49.4281 (was 48.7068)
t=19191ms iter=23 incumb=48.7068 ratchet=48.7397 best=48.7068 since_improve=10
t=19215ms iter=24 WAIST cost=45.0000 best_alt=37.0000 gap=8.0000 tried=5 sep_labels=37 clique_frac=0.03
t=19521ms iter=24 REBUILD reject new_tc=50.2682 (was 48.7068)
t=21455ms iter=24 incumb=48.7068 ratchet=48.6791 best=48.6791 since_improve=0
t=21478ms iter=25 WAIST cost=45.0000 best_alt=37.0000 gap=8.0000 tried=5 sep_labels=37 clique_frac=0.03
t=22321ms iter=25 REBUILD ACCEPT new_tc=48.6072 (was 48.6791)
t=23666ms iter=25 incumb=48.6072 ratchet=48.5722 best=48.5608 since_improve=0
t=23690ms iter=26 WAIST cost=45.0000 best_alt=33.0000 gap=12.0000 tried=5 sep_labels=33 clique_frac=0.01
t=23897ms iter=26 REBUILD reject new_tc=49.0305 (was 48.5722)
t=24069ms iter=26 incumb=48.5722 ratchet=48.6752 best=48.5608 since_improve=1
t=24083ms iter=27 WAIST cost=45.0000 best_alt=35.0000 gap=10.0000 tried=5 sep_labels=35 clique_frac=0.02
t=24279ms iter=27 REBUILD reject new_tc=49.7062 (was 48.5722)
t=24788ms iter=27 incumb=48.5722 ratchet=48.5721 best=48.5458 since_improve=0
t=24804ms iter=28 WAIST cost=44.0000 best_alt=31.0000 gap=13.0000 tried=5 sep_labels=31 clique_frac=0.01
t=25004ms iter=28 REBUILD reject new_tc=52.1035 (was 48.5721)
t=25175ms iter=28 incumb=48.5721 ratchet=48.8967 best=48.5458 since_improve=1
t=25191ms iter=29 WAIST cost=44.0000 best_alt=31.0000 gap=13.0000 tried=5 sep_labels=31 clique_frac=0.01
t=25437ms iter=29 REBUILD reject new_tc=48.8633 (was 48.5721)
t=27366ms iter=29 incumb=48.5721 ratchet=48.5622 best=48.5330 since_improve=0
t=27391ms iter=30 WAIST cost=44.0000 best_alt=33.0000 gap=11.0000 tried=5 sep_labels=33 clique_frac=0.02
t=27693ms iter=30 REBUILD reject new_tc=49.7012 (was 48.5622)
t=27939ms iter=30 incumb=48.5622 ratchet=48.5814 best=48.5330 since_improve=1
t=27956ms iter=31 WAIST cost=44.0000 best_alt=33.0000 gap=11.0000 tried=5 sep_labels=33 clique_frac=0.02
t=28161ms iter=31 REBUILD reject new_tc=50.4378 (was 48.5622)
t=28502ms iter=31 incumb=48.5622 ratchet=48.5339 best=48.5301 since_improve=0
t=28530ms iter=32 WAIST cost=44.0000 best_alt=33.0000 gap=11.0000 tried=5 sep_labels=33 clique_frac=0.02
t=28828ms iter=32 REBUILD reject new_tc=50.8109 (was 48.5339)
t=29726ms iter=32 incumb=48.5339 ratchet=48.5277 best=48.5160 since_improve=0
t=29753ms iter=33 WAIST cost=44.0000 best_alt=33.0000 gap=11.0000 tried=5 sep_labels=33 clique_frac=0.02
t=30053ms iter=33 REBUILD reject new_tc=52.7503 (was 48.5277)
t=30776ms iter=33 incumb=48.5277 ratchet=48.5077 best=48.4997 since_improve=0
t=30803ms iter=34 WAIST cost=45.0000 best_alt=33.0000 gap=12.0000 tried=5 sep_labels=33 clique_frac=0.01
t=31085ms iter=34 REBUILD reject new_tc=48.9832 (was 48.5077)
t=31383ms iter=34 incumb=48.5077 ratchet=48.4844 best=48.4763 since_improve=0
t=31416ms iter=35 WAIST cost=44.0000 best_alt=33.0000 gap=11.0000 tried=5 sep_labels=33 clique_frac=0.02
t=31707ms iter=35 REBUILD reject new_tc=49.0489 (was 48.4844)
t=31944ms iter=35 incumb=48.4844 ratchet=48.5112 best=48.4763 since_improve=1
t=31957ms iter=36 WAIST cost=44.0000 best_alt=33.0000 gap=11.0000 tried=5 sep_labels=33 clique_frac=0.02
t=32159ms iter=36 REBUILD reject new_tc=48.8989 (was 48.4844)
t=32346ms iter=36 incumb=48.4844 ratchet=48.5974 best=48.4763 since_improve=2
t=32373ms iter=37 WAIST cost=44.0000 best_alt=33.0000 gap=11.0000 tried=5 sep_labels=33 clique_frac=0.02
t=32661ms iter=37 REBUILD reject new_tc=49.3426 (was 48.4844)
t=32908ms iter=37 incumb=48.4844 ratchet=48.5081 best=48.4763 since_improve=3
t=32934ms iter=38 WAIST cost=44.0000 best_alt=33.0000 gap=11.0000 tried=5 sep_labels=33 clique_frac=0.02
t=33236ms iter=38 REBUILD reject new_tc=51.4362 (was 48.4844)
t=33494ms iter=38 incumb=48.4844 ratchet=48.5222 best=48.4763 since_improve=4
t=33525ms iter=39 WAIST cost=44.0000 best_alt=33.0000 gap=11.0000 tried=5 sep_labels=33 clique_frac=0.02
t=33830ms iter=39 REBUILD reject new_tc=48.7837 (was 48.4844)
t=34087ms iter=39 incumb=48.4844 ratchet=48.5180 best=48.4763 since_improve=5
t=34119ms iter=40 WAIST cost=44.0000 best_alt=33.0000 gap=11.0000 tried=5 sep_labels=33 clique_frac=0.02
t=34420ms iter=40 REBUILD reject new_tc=51.6960 (was 48.4844)
t=34668ms iter=40 incumb=48.4844 ratchet=48.4892 best=48.4763 since_improve=6
t=34700ms iter=41 WAIST cost=44.0000 best_alt=33.0000 gap=11.0000 tried=5 sep_labels=33 clique_frac=0.02
t=35004ms iter=41 REBUILD reject new_tc=49.5126 (was 48.4844)
t=35251ms iter=41 incumb=48.4844 ratchet=48.6337 best=48.4763 since_improve=7
t=35276ms iter=42 WAIST cost=44.0000 best_alt=33.0000 gap=11.0000 tried=5 sep_labels=33 clique_frac=0.02
t=35552ms iter=42 REBUILD reject new_tc=49.3591 (was 48.4844)
t=35810ms iter=42 incumb=48.4844 ratchet=48.5220 best=48.4763 since_improve=8
t=35838ms iter=43 WAIST cost=44.0000 best_alt=33.0000 gap=11.0000 tried=5 sep_labels=33 clique_frac=0.02
t=36178ms iter=43 REBUILD reject new_tc=49.0607 (was 48.4844)
t=36425ms iter=43 incumb=48.4844 ratchet=48.5526 best=48.4763 since_improve=9
t=36454ms iter=44 WAIST cost=44.0000 best_alt=33.0000 gap=11.0000 tried=5 sep_labels=33 clique_frac=0.02
t=36742ms iter=44 REBUILD reject new_tc=49.9669 (was 48.4844)
t=37673ms iter=44 incumb=48.4844 ratchet=48.4747 best=48.4672 since_improve=0
t=37710ms iter=45 WAIST cost=44.0000 best_alt=33.0000 gap=11.0000 tried=5 sep_labels=33 clique_frac=0.02
t=38026ms iter=45 REBUILD reject new_tc=48.6445 (was 48.4747)
t=38286ms iter=45 incumb=48.4747 ratchet=48.4761 best=48.4672 since_improve=1
t=38316ms iter=46 WAIST cost=44.0000 best_alt=33.0000 gap=11.0000 tried=5 sep_labels=33 clique_frac=0.02
t=38623ms iter=46 REBUILD reject new_tc=49.2110 (was 48.4747)
t=40341ms iter=46 incumb=48.4747 ratchet=48.3950 best=48.3909 since_improve=0
t=40375ms iter=47 WAIST cost=44.0000 best_alt=33.0000 gap=11.0000 tried=5 sep_labels=33 clique_frac=0.02
t=40679ms iter=47 REBUILD reject new_tc=48.5281 (was 48.3950)
t=41843ms iter=47 incumb=48.3950 ratchet=48.3869 best=48.3848 since_improve=0
t=41872ms iter=48 WAIST cost=44.0000 best_alt=40.0000 gap=4.0000 tried=5 sep_labels=40 clique_frac=0.02
t=42168ms iter=48 REBUILD reject new_tc=48.4909 (was 48.3869)
t=43639ms iter=48 incumb=48.3869 ratchet=48.3447 best=48.3447 since_improve=0
t=43664ms iter=49 WAIST cost=45.0000 best_alt=35.0000 gap=10.0000 tried=5 sep_labels=35 clique_frac=0.03
t=43972ms iter=49 REBUILD reject new_tc=48.4971 (was 48.3447)
t=44835ms iter=49 incumb=48.3447 ratchet=48.3167 best=48.2951 since_improve=0
t=44865ms iter=50 WAIST cost=44.0000 best_alt=39.0000 gap=5.0000 tried=5 sep_labels=39 clique_frac=0.02
t=45161ms iter=50 REBUILD reject new_tc=56.0057 (was 48.3167)
t=46004ms iter=50 incumb=48.3167 ratchet=48.2658 best=48.2658 since_improve=0
t=46027ms iter=51 WAIST cost=44.0000 best_alt=40.0000 gap=4.0000 tried=5 sep_labels=40 clique_frac=0.02
t=46315ms iter=51 REBUILD reject new_tc=48.6204 (was 48.2658)
t=47482ms iter=51 incumb=48.2658 ratchet=48.2521 best=48.2378 since_improve=0
t=47516ms iter=52 WAIST cost=44.0000 best_alt=37.0000 gap=7.0000 tried=5 sep_labels=37 clique_frac=0.03
t=47814ms iter=52 REBUILD reject new_tc=48.6418 (was 48.2521)
t=48657ms iter=52 incumb=48.2521 ratchet=48.2114 best=48.2084 since_improve=0
t=48691ms iter=53 WAIST cost=44.0000 best_alt=38.0000 gap=6.0000 tried=5 sep_labels=38 clique_frac=0.03
t=49031ms iter=53 REBUILD reject new_tc=49.7631 (was 48.2114)
t=49284ms iter=53 incumb=48.2114 ratchet=48.2173 best=48.2084 since_improve=1
t=49305ms iter=54 WAIST cost=44.0000 best_alt=40.0000 gap=4.0000 tried=5 sep_labels=40 clique_frac=0.02
t=49685ms iter=54 REBUILD reject new_tc=48.8708 (was 48.2114)
t=49936ms iter=54 incumb=48.2114 ratchet=48.2736 best=48.2084 since_improve=2
t=49963ms iter=55 WAIST cost=44.0000 best_alt=40.0000 gap=4.0000 tried=5 sep_labels=40 clique_frac=0.02
t=50291ms iter=55 REBUILD reject new_tc=48.8617 (was 48.2114)
t=50535ms iter=55 incumb=48.2114 ratchet=48.2177 best=48.2084 since_improve=3
t=50565ms iter=56 WAIST cost=44.0000 best_alt=40.0000 gap=4.0000 tried=5 sep_labels=40 clique_frac=0.02
t=50902ms iter=56 REBUILD reject new_tc=49.0796 (was 48.2114)
t=51506ms iter=56 incumb=48.2114 ratchet=48.2391 best=48.1988 since_improve=4
t=51534ms iter=57 WAIST cost=44.0000 best_alt=40.0000 gap=4.0000 tried=5 sep_labels=40 clique_frac=0.02
t=51877ms iter=57 REBUILD reject new_tc=48.8081 (was 48.2114)
t=52286ms iter=57 incumb=48.2114 ratchet=48.2086 best=48.1973 since_improve=0
t=52322ms iter=58 WAIST cost=44.0000 best_alt=35.0000 gap=9.0000 tried=5 sep_labels=35 clique_frac=0.01
t=52619ms iter=58 REBUILD reject new_tc=50.4228 (was 48.2086)
t=52863ms iter=58 incumb=48.2086 ratchet=48.2121 best=48.1973 since_improve=1
t=52891ms iter=59 WAIST cost=44.0000 best_alt=40.0000 gap=4.0000 tried=5 sep_labels=40 clique_frac=0.02
t=53199ms iter=59 REBUILD reject new_tc=51.0793 (was 48.2086)
t=53453ms iter=59 incumb=48.2086 ratchet=48.2609 best=48.1973 since_improve=2
t=53482ms iter=60 WAIST cost=44.0000 best_alt=40.0000 gap=4.0000 tried=5 sep_labels=40 clique_frac=0.02
t=53792ms iter=60 REBUILD reject new_tc=50.3517 (was 48.2086)
t=54666ms iter=60 incumb=48.2086 ratchet=48.2479 best=48.1945 since_improve=3
t=54699ms iter=61 WAIST cost=44.0000 best_alt=40.0000 gap=4.0000 tried=5 sep_labels=40 clique_frac=0.02
t=55001ms iter=61 REBUILD reject new_tc=54.0910 (was 48.2086)
t=55254ms iter=61 incumb=48.2086 ratchet=48.2957 best=48.1945 since_improve=4
t=55283ms iter=62 WAIST cost=44.0000 best_alt=40.0000 gap=4.0000 tried=5 sep_labels=40 clique_frac=0.02
t=55585ms iter=62 REBUILD reject new_tc=50.8579 (was 48.2086)
t=56443ms iter=62 incumb=48.2086 ratchet=48.2093 best=48.1920 since_improve=5
t=56470ms iter=63 WAIST cost=44.0000 best_alt=40.0000 gap=4.0000 tried=5 sep_labels=40 clique_frac=0.02
t=56775ms iter=63 REBUILD reject new_tc=48.6361 (was 48.2086)
t=57025ms iter=63 incumb=48.2086 ratchet=48.2525 best=48.1920 since_improve=6
t=57050ms iter=64 WAIST cost=44.0000 best_alt=40.0000 gap=4.0000 tried=5 sep_labels=40 clique_frac=0.02
t=57358ms iter=64 REBUILD reject new_tc=51.7893 (was 48.2086)
t=58223ms iter=64 incumb=48.2086 ratchet=48.1867 best=48.1349 since_improve=0
t=58259ms iter=65 WAIST cost=44.0000 best_alt=37.0000 gap=7.0000 tried=5 sep_labels=37 clique_frac=0.02
t=58557ms iter=65 REBUILD reject new_tc=48.6492 (was 48.1867)
t=59100ms iter=65 incumb=48.1867 ratchet=48.1265 best=48.1229 since_improve=0
t=59138ms iter=66 WAIST cost=44.0000 best_alt=37.0000 gap=7.0000 tried=5 sep_labels=37 clique_frac=0.03
t=59437ms iter=66 REBUILD reject new_tc=53.0622 (was 48.1265)
t=59681ms iter=66 incumb=48.1265 ratchet=48.1394 best=48.1229 since_improve=1
t=59714ms iter=67 WAIST cost=44.0000 best_alt=37.0000 gap=7.0000 tried=5 sep_labels=37 clique_frac=0.03
t=60009ms iter=67 REBUILD reject new_tc=50.9641 (was 48.1265)
t=60423ms iter=67 incumb=48.1265 ratchet=48.1492 best=48.1205 since_improve=2
t=60467ms iter=68 WAIST cost=44.0000 best_alt=37.0000 gap=7.0000 tried=5 sep_labels=37 clique_frac=0.03
t=60771ms iter=68 REBUILD reject new_tc=49.8080 (was 48.1265)
t=61018ms iter=68 incumb=48.1265 ratchet=48.2064 best=48.1205 since_improve=3
t=61053ms iter=69 WAIST cost=44.0000 best_alt=37.0000 gap=7.0000 tried=5 sep_labels=37 clique_frac=0.03
t=61350ms iter=69 REBUILD reject new_tc=54.0237 (was 48.1265)
t=62493ms iter=69 incumb=48.1265 ratchet=48.1458 best=48.0953 since_improve=4
t=62525ms iter=70 WAIST cost=44.0000 best_alt=37.0000 gap=7.0000 tried=5 sep_labels=37 clique_frac=0.03
t=62827ms iter=70 REBUILD reject new_tc=49.8241 (was 48.1265)
t=63072ms iter=70 incumb=48.1265 ratchet=48.1770 best=48.0953 since_improve=5
t=63106ms iter=71 WAIST cost=44.0000 best_alt=37.0000 gap=7.0000 tried=5 sep_labels=37 clique_frac=0.03
t=63388ms iter=71 REBUILD reject new_tc=51.2023 (was 48.1265)
t=63632ms iter=71 incumb=48.1265 ratchet=48.1459 best=48.0953 since_improve=6
t=63667ms iter=72 WAIST cost=44.0000 best_alt=35.0000 gap=9.0000 tried=5 sep_labels=35 clique_frac=0.01
t=63972ms iter=72 REBUILD reject new_tc=50.2881 (was 48.1265)
t=64219ms iter=72 incumb=48.1265 ratchet=48.1777 best=48.0953 since_improve=7
t=64254ms iter=73 WAIST cost=44.0000 best_alt=37.0000 gap=7.0000 tried=5 sep_labels=37 clique_frac=0.03
t=64562ms iter=73 REBUILD reject new_tc=51.3905 (was 48.1265)
t=64812ms iter=73 incumb=48.1265 ratchet=48.1442 best=48.0953 since_improve=8
t=64850ms iter=74 WAIST cost=44.0000 best_alt=37.0000 gap=7.0000 tried=5 sep_labels=37 clique_frac=0.03
t=65146ms iter=74 REBUILD reject new_tc=48.9505 (was 48.1265)
t=65396ms iter=74 incumb=48.1265 ratchet=48.1911 best=48.0953 since_improve=9
t=65424ms iter=75 WAIST cost=44.0000 best_alt=37.0000 gap=7.0000 tried=5 sep_labels=37 clique_frac=0.03
t=65718ms iter=75 REBUILD reject new_tc=53.0707 (was 48.1265)
t=65969ms iter=75 incumb=48.1265 ratchet=48.1383 best=48.0953 since_improve=10
t=66004ms iter=76 WAIST cost=44.0000 best_alt=37.0000 gap=7.0000 tried=5 sep_labels=37 clique_frac=0.03
t=66304ms iter=76 REBUILD reject new_tc=54.0229 (was 48.1265)
t=66553ms iter=76 incumb=48.1265 ratchet=48.1697 best=48.0953 since_improve=11
t=66586ms iter=77 WAIST cost=44.0000 best_alt=37.0000 gap=7.0000 tried=5 sep_labels=37 clique_frac=0.03
t=66880ms iter=77 REBUILD reject new_tc=53.0499 (was 48.1265)
t=67128ms iter=77 incumb=48.1265 ratchet=48.2430 best=48.0953 since_improve=12
t=67163ms iter=78 WAIST cost=44.0000 best_alt=37.0000 gap=7.0000 tried=5 sep_labels=37 clique_frac=0.03
t=67481ms iter=78 REBUILD reject new_tc=49.0158 (was 48.1265)
t=67728ms iter=78 incumb=48.1265 ratchet=48.1695 best=48.0953 since_improve=13
t=67767ms iter=79 WAIST cost=44.0000 best_alt=37.0000 gap=7.0000 tried=5 sep_labels=37 clique_frac=0.03
t=68066ms iter=79 REBUILD reject new_tc=53.0573 (was 48.1265)
t=68314ms iter=79 incumb=48.1265 ratchet=48.1859 best=48.0953 since_improve=14
t=68355ms iter=80 WAIST cost=44.0000 best_alt=37.0000 gap=7.0000 tried=5 sep_labels=37 clique_frac=0.03
t=68651ms iter=80 REBUILD reject new_tc=49.4215 (was 48.1265)
t=68904ms iter=80 incumb=48.1265 ratchet=48.1413 best=48.0953 since_improve=15
t=68937ms iter=81 WAIST cost=44.0000 best_alt=37.0000 gap=7.0000 tried=5 sep_labels=37 clique_frac=0.03
t=69233ms iter=81 REBUILD reject new_tc=53.0590 (was 48.1265)
t=69476ms iter=81 incumb=48.1265 ratchet=48.1866 best=48.0953 since_improve=16
t=69509ms iter=82 WAIST cost=44.0000 best_alt=37.0000 gap=7.0000 tried=5 sep_labels=37 clique_frac=0.03
t=69802ms iter=82 REBUILD reject new_tc=56.0050 (was 48.1265)
t=70048ms iter=82 incumb=48.1265 ratchet=48.3552 best=48.0953 since_improve=17
t=70077ms iter=83 WAIST cost=44.0000 best_alt=37.0000 gap=7.0000 tried=5 sep_labels=37 clique_frac=0.03
t=70373ms iter=83 REBUILD reject new_tc=52.1148 (was 48.1265)
t=70618ms iter=83 incumb=48.1265 ratchet=48.1736 best=48.0953 since_improve=18
t=70659ms iter=84 WAIST cost=44.0000 best_alt=35.0000 gap=9.0000 tried=5 sep_labels=35 clique_frac=0.02
t=70977ms iter=84 REBUILD reject new_tc=49.0372 (was 48.1265)
t=71202ms iter=84 incumb=48.1265 ratchet=48.1079 best=48.0953 since_improve=0
t=71231ms iter=85 WAIST cost=44.0000 best_alt=39.0000 gap=5.0000 tried=5 sep_labels=39 clique_frac=0.03
t=71518ms iter=85 REBUILD reject new_tc=49.3197 (was 48.1079)
t=71905ms iter=85 incumb=48.1079 ratchet=48.0825 best=48.0825 since_improve=0
t=71930ms iter=86 WAIST cost=44.0000 best_alt=40.0000 gap=4.0000 tried=5 sep_labels=40 clique_frac=0.02
t=72243ms iter=86 REBUILD reject new_tc=50.2770 (was 48.0825)
t=73100ms iter=86 incumb=48.0825 ratchet=48.0650 best=48.0650 since_improve=0
t=73132ms iter=87 WAIST cost=44.0000 best_alt=37.0000 gap=7.0000 tried=5 sep_labels=37 clique_frac=0.02
t=73445ms iter=87 REBUILD reject new_tc=49.0859 (was 48.0650)
t=74006ms iter=87 incumb=48.0650 ratchet=48.0551 best=48.0477 since_improve=0
t=74035ms iter=88 WAIST cost=44.0000 best_alt=40.0000 gap=4.0000 tried=5 sep_labels=40 clique_frac=0.02
t=74342ms iter=88 REBUILD reject new_tc=51.4477 (was 48.0551)
t=75383ms iter=88 incumb=48.0551 ratchet=48.0329 best=48.0277 since_improve=0
t=75407ms iter=89 WAIST cost=43.0000 best_alt=40.0000 gap=3.0000 tried=5 sep_labels=40 clique_frac=0.02
t=75718ms iter=89 REBUILD reject new_tc=48.8433 (was 48.0329)
t=77004ms iter=89 incumb=48.0329 ratchet=47.9939 best=47.9939 since_improve=0
t=77035ms iter=90 WAIST cost=44.0000 best_alt=39.0000 gap=5.0000 tried=5 sep_labels=39 clique_frac=0.01
t=77333ms iter=90 REBUILD reject new_tc=59.0010 (was 47.9939)
t=77584ms iter=90 incumb=47.9939 ratchet=47.9961 best=47.9939 since_improve=1
t=77613ms iter=91 WAIST cost=44.0000 best_alt=40.0000 gap=4.0000 tried=5 sep_labels=40 clique_frac=0.01
t=77961ms iter=91 REBUILD reject new_tc=48.5556 (was 47.9939)
t=78487ms iter=91 incumb=47.9939 ratchet=48.0087 best=47.9861 since_improve=2
t=78527ms iter=92 WAIST cost=44.0000 best_alt=40.0000 gap=4.0000 tried=5 sep_labels=40 clique_frac=0.01
t=78878ms iter=92 REBUILD reject new_tc=51.8567 (was 47.9939)
t=80319ms iter=92 incumb=47.9939 ratchet=47.9491 best=47.9491 since_improve=0
t=80350ms iter=93 WAIST cost=43.0000 best_alt=37.0000 gap=6.0000 tried=5 sep_labels=37 clique_frac=0.00
t=80656ms iter=93 REBUILD reject new_tc=48.6186 (was 47.9491)
t=81214ms iter=93 incumb=47.9491 ratchet=47.9499 best=47.9353 since_improve=1
t=81240ms iter=94 WAIST cost=43.0000 best_alt=35.0000 gap=8.0000 tried=5 sep_labels=35 clique_frac=0.02
t=81550ms iter=94 REBUILD reject new_tc=53.0447 (was 47.9491)
t=81846ms iter=94 incumb=47.9491 ratchet=48.0353 best=47.9353 since_improve=2
t=81877ms iter=95 WAIST cost=43.0000 best_alt=37.0000 gap=6.0000 tried=5 sep_labels=37 clique_frac=0.00
t=82185ms iter=95 REBUILD reject new_tc=49.0022 (was 47.9491)
t=82435ms iter=95 incumb=47.9491 ratchet=47.9640 best=47.9353 since_improve=3
t=82464ms iter=96 WAIST cost=43.0000 best_alt=37.0000 gap=6.0000 tried=5 sep_labels=37 clique_frac=0.00
t=82763ms iter=96 REBUILD reject new_tc=48.5248 (was 47.9491)
t=83008ms iter=96 incumb=47.9491 ratchet=47.9756 best=47.9353 since_improve=4
t=83043ms iter=97 WAIST cost=43.0000 best_alt=37.0000 gap=6.0000 tried=5 sep_labels=37 clique_frac=0.00
t=83355ms iter=97 REBUILD reject new_tc=48.9430 (was 47.9491)
t=83604ms iter=97 incumb=47.9491 ratchet=47.9469 best=47.9353 since_improve=0
t=83630ms iter=98 WAIST cost=44.0000 best_alt=37.0000 gap=7.0000 tried=5 sep_labels=37 clique_frac=0.02
t=83924ms iter=98 REBUILD reject new_tc=53.3185 (was 47.9469)
t=84177ms iter=98 incumb=47.9469 ratchet=48.0280 best=47.9353 since_improve=1
t=84200ms iter=99 WAIST cost=44.0000 best_alt=40.0000 gap=4.0000 tried=5 sep_labels=40 clique_frac=0.01
t=84540ms iter=99 REBUILD reject new_tc=50.5387 (was 47.9469)
t=84796ms iter=99 incumb=47.9469 ratchet=47.9804 best=47.9353 since_improve=2
t=84822ms iter=100 WAIST cost=44.0000 best_alt=39.0000 gap=5.0000 tried=5 sep_labels=39 clique_frac=0.02
t=85116ms iter=100 REBUILD reject new_tc=56.0047 (was 47.9469)
t=86318ms iter=100 incumb=47.9469 ratchet=47.9140 best=47.9140 since_improve=0
t=86349ms iter=101 WAIST cost=44.0000 best_alt=40.0000 gap=4.0000 tried=5 sep_labels=40 clique_frac=0.02
t=86695ms iter=101 REBUILD reject new_tc=48.1115 (was 47.9140)
t=87390ms iter=101 incumb=47.9140 ratchet=47.8956 best=47.8956 since_improve=0
t_final=87536ms tc_reduced=47.8956 tc_full=48.0408 leaves=2203
surgery summary: calls=101 cheaper_cuts=101 rebuild_accepts=3 waist_min_hits=0
