simplify: n_orig=3369 n_reduced=381 shrink=0.8869 t_simp=15ms
t_seed=603ms tc_seed=85.0119 seed_trials=21
t_dp=6122ms tc_greedy=81.0071
t=48146ms mcts_tc=80.7039
t_mcts=53306ms mcts: backup=min rollouts=960 rate=18/s depth=3 nodes=961 improves=1 tc_mcts=80.7039
ATTRIBUTION tc_greedy=81.0071 tc_mcts_prepolish=80.7039 mcts_beats_greedy=true
t=53758ms polish_tc=62.7413
t=54023ms polish_tc=62.7243
t=54294ms polish_tc=62.6880
t=54663ms polish_tc=62.6800
t=54937ms polish_tc=62.6771
t=55219ms polish_tc=62.6632
t=55670ms polish_tc=62.6073
t=55958ms polish_tc=62.6049
t=56657ms polish_tc=62.5947
t=56932ms polish_tc=62.5703
t=57209ms polish_tc=62.5303
t=57661ms polish_tc=62.4638
t=57926ms polish_tc=62.4496
t=58201ms polish_tc=62.3717
t=58656ms polish_tc=62.3525
t=58933ms polish_tc=62.3480
t=59653ms polish_tc=62.3308
t=59962ms polish_tc=62.2922
t=60243ms polish_tc=62.2684
t=60663ms polish_tc=62.2474
t=60953ms polish_tc=62.1457
t=61236ms polish_tc=62.1252
t=61671ms polish_tc=62.1244
t=61943ms polish_tc=62.1239
t=62655ms polish_tc=62.1224
t=62938ms polish_tc=62.0739
t=63215ms polish_tc=62.0662
t=63662ms polish_tc=62.0654
t=63957ms polish_tc=62.0562
t=64232ms polish_tc=62.0183
t=64665ms polish_tc=62.0148
t=64953ms polish_tc=62.0008
t=65653ms polish_tc=61.9965
t=65936ms polish_tc=61.9746
t=66217ms polish_tc=61.9707
t=66733ms polish_tc=61.9676
t=67023ms polish_tc=61.9649
t=67288ms polish_tc=61.9638
t=67655ms polish_tc=61.9613
t=67935ms polish_tc=61.9519
t=68292ms polish_tc=61.9314
t=68672ms polish_tc=61.9271
t=68969ms polish_tc=61.9222
t=69659ms polish_tc=61.9219
t=69934ms polish_tc=61.8994
t=70196ms polish_tc=61.8983
t=70658ms polish_tc=61.8975
t=70921ms polish_tc=61.8975
t=71188ms polish_tc=61.8816
t=71662ms polish_tc=61.8737
t=71950ms polish_tc=61.8698
t=72218ms polish_tc=61.8698
t=72658ms polish_tc=61.8636
t=72908ms polish_tc=61.8616
t=73155ms polish_tc=61.8562
t=73656ms polish_tc=61.8504
t=73901ms polish_tc=61.8381
t=74145ms polish_tc=61.8323
t=74669ms polish_tc=61.8284
t=74919ms polish_tc=61.8092
t=75646ms polish_tc=61.8080
t=75908ms polish_tc=61.8016
t=76160ms polish_tc=61.7999
t=76646ms polish_tc=61.7947
t=76890ms polish_tc=61.7902
t=77149ms polish_tc=61.7837
t=77400ms polish_tc=61.7837
t=77674ms polish_tc=61.7805
t=77941ms polish_tc=61.7772
t=78647ms polish_tc=61.7740
t=78903ms polish_tc=61.7623
t=79152ms polish_tc=61.7622
t=79399ms polish_tc=61.7572
t=79706ms polish_tc=61.7514
t=79952ms polish_tc=61.7495
t=80249ms polish_tc=61.7495
t=80662ms polish_tc=61.7476
t=80922ms polish_tc=61.7472
t=81169ms polish_tc=61.7354
t=81661ms polish_tc=61.7320
t=81903ms polish_tc=61.7320
t=82147ms polish_tc=61.7301
t=82655ms polish_tc=61.7295
t=82904ms polish_tc=61.7261
t=83156ms polish_tc=61.7227
t=83653ms polish_tc=61.7160
t=83910ms polish_tc=61.7058
t=84160ms polish_tc=61.7057
t=84648ms polish_tc=61.7057
t=84902ms polish_tc=61.6918
t=85158ms polish_tc=61.6918
t=85649ms polish_tc=61.6918
t=85895ms polish_tc=61.6918
t=86152ms polish_tc=61.6879
t=86646ms polish_tc=61.6703
t=86889ms polish_tc=61.6668
t=87132ms polish_tc=61.6668
t=87371ms polish_tc=61.6632
t=87663ms polish_tc=61.6596
t=87911ms polish_tc=61.6543
t=88148ms polish_tc=61.6543
t=88660ms polish_tc=61.6403
t=88895ms polish_tc=61.6363
t=89136ms polish_tc=61.6344
t=89652ms polish_tc=61.6240
t=89896ms polish_tc=61.6240
t=90134ms polish_tc=61.6240
t=90377ms polish_tc=61.6162
t=90669ms polish_tc=61.6125
t=90900ms polish_tc=61.6106
t=91135ms polish_tc=61.6088
t=91663ms polish_tc=61.6088
t=91909ms polish_tc=61.6088
t=92178ms polish_tc=61.6077
t=92665ms polish_tc=61.6077
t=92913ms polish_tc=61.6075
t=93152ms polish_tc=61.6019
t=93660ms polish_tc=61.6019
t=93910ms polish_tc=61.6019
t=94147ms polish_tc=61.6005
t=94658ms polish_tc=61.6002
t=94908ms polish_tc=61.5997
t=95155ms polish_tc=61.5996
t=95664ms polish_tc=61.5977
t=95917ms polish_tc=61.5940
t=96173ms polish_tc=61.5790
t=96655ms polish_tc=61.5771
t=96902ms polish_tc=61.5771
t=97153ms polish_tc=61.5714
t=97647ms polish_tc=61.5676
t=97888ms polish_tc=61.5643
t=98124ms polish_tc=61.5638
t=98645ms polish_tc=61.5619
t=98884ms polish_tc=61.5581
t=99130ms polish_tc=61.5581
t=99362ms polish_tc=61.5581
t=99660ms polish_tc=61.5581
t=100857ms polish_tc=61.5500
t=101092ms polish_tc=61.5474
t=101328ms polish_tc=61.5412
t=101542ms polish_tc=61.5392
t=101764ms polish_tc=61.5373
t=101991ms polish_tc=61.5373
t=102213ms polish_tc=61.5373
t=102654ms polish_tc=61.5342
t=102883ms polish_tc=61.5322
t=103123ms polish_tc=61.5319
t=103644ms polish_tc=61.5319
t=103881ms polish_tc=61.5319
t=104100ms polish_tc=61.5241
t=104341ms polish_tc=61.5234
t=105376ms polish_tc=61.5169
t=105639ms polish_tc=61.5090
t=105899ms polish_tc=61.5080
t=106162ms polish_tc=61.5080
t=106425ms polish_tc=61.5080
t=106689ms polish_tc=61.5079
t=106964ms polish_tc=61.5079
t=107236ms polish_tc=61.5079
t=107654ms polish_tc=61.5079
t=107910ms polish_tc=61.5069
t=108171ms polish_tc=61.5069
t=109534ms polish_tc=61.5050
t=109806ms polish_tc=61.5050
t=110073ms polish_tc=61.5050
t=110358ms polish_tc=61.4978
t=110650ms polish_tc=61.4978
t=110911ms polish_tc=61.4978
t=111167ms polish_tc=61.4978
t=111652ms polish_tc=61.4971
t=111921ms polish_tc=61.4949
t=112173ms polish_tc=61.4948
t=112666ms polish_tc=61.4948
t=112930ms polish_tc=61.4948
t=113200ms polish_tc=61.4888
t=113664ms polish_tc=61.4888
t=113919ms polish_tc=61.4888
t=114181ms polish_tc=61.4843
t=114829ms polish_tc=61.4814
t=115056ms polish_tc=61.4793
t=115284ms polish_tc=61.4629
t=115652ms polish_tc=61.4402
t=115881ms polish_tc=61.4369
t=116107ms polish_tc=61.4317
t=116337ms polish_tc=61.4317
t=116659ms polish_tc=61.4264
t=116897ms polish_tc=61.4255
t=117130ms polish_tc=61.4254
t=117654ms polish_tc=61.4245
t=117876ms polish_tc=61.4233
t=118107ms polish_tc=61.4223
t=118323ms polish_tc=61.4139
t=118661ms polish_tc=61.4138
t=118888ms polish_tc=61.4096
t=119107ms polish_tc=61.4096
t=119654ms polish_tc=61.3990
t=119881ms polish_tc=61.3979
t=120099ms polish_tc=61.3894
t=120645ms polish_tc=61.3884
t=120872ms polish_tc=61.3882
t=121092ms polish_tc=61.3861
t=121313ms polish_tc=61.3828
t=121653ms polish_tc=61.3817
t=121882ms polish_tc=61.3655
t=122116ms polish_tc=61.3644
t=122371ms polish_tc=61.3633
t=122662ms polish_tc=61.3633
t=122883ms polish_tc=61.3523
t=123108ms polish_tc=61.3512
t=123654ms polish_tc=61.3479
t=123887ms polish_tc=61.3423
t=124116ms polish_tc=61.3412
t=124329ms polish_tc=61.3412
t=124663ms polish_tc=61.3411
t=124887ms polish_tc=61.3411
t=125110ms polish_tc=61.3344
t=125648ms polish_tc=61.3344
t=125870ms polish_tc=61.3339
t=126084ms polish_tc=61.3336
t=126298ms polish_tc=61.3334
t=126660ms polish_tc=61.3322
t=126886ms polish_tc=61.3178
t=127124ms polish_tc=61.3165
t=127642ms polish_tc=61.3154
t=127845ms polish_tc=61.3154
t=128053ms polish_tc=61.3142
t=128272ms polish_tc=61.3097
t=128649ms polish_tc=61.3097
t=128867ms polish_tc=61.2948
t=129077ms polish_tc=61.2925
t=129645ms polish_tc=61.2914
t=129864ms polish_tc=61.2914
t=130099ms polish_tc=61.2867
t=130313ms polish_tc=61.2855
t=130640ms polish_tc=61.2855
t=130860ms polish_tc=61.2696
t=131084ms polish_tc=61.2614
t=131299ms polish_tc=61.2602
t=131659ms polish_tc=61.2587
t=131880ms polish_tc=61.2569
t=132159ms polish_tc=61.2511
t=132648ms polish_tc=61.2487
t=132860ms polish_tc=61.2475
t=133079ms polish_tc=61.2451
t=133294ms polish_tc=61.2440
t=133656ms polish_tc=61.2428
t=133880ms polish_tc=61.2416
t=134102ms polish_tc=61.2404
t=134644ms polish_tc=61.2308
t=134878ms polish_tc=61.2260
t=135100ms polish_tc=61.2248
t=135317ms polish_tc=61.2236
t=135650ms polish_tc=61.2236
t=135868ms polish_tc=61.2214
t=136087ms polish_tc=61.2212
t=136301ms polish_tc=61.2212
t=136657ms polish_tc=61.2211
t=137456ms polish_tc=61.2201
t=139201ms polish_tc=61.2165
t=139401ms polish_tc=61.2117
t=139636ms polish_tc=61.2112
t=139955ms polish_tc=61.2068
t=140136ms polish_tc=61.2068
t=140756ms polish_tc=61.2032
t=140954ms polish_tc=61.2029
t=141148ms polish_tc=61.2029
t=141340ms polish_tc=61.2004
t=141646ms polish_tc=61.2004
t=141851ms polish_tc=61.2004
t=142079ms polish_tc=61.2004
t=142275ms polish_tc=61.1807
t=142644ms polish_tc=61.1807
t=144965ms polish_tc=61.1779
t=145160ms polish_tc=61.1779
t=145355ms polish_tc=61.1703
t=145566ms polish_tc=61.1606
t=145794ms polish_tc=61.1548
t=145977ms polish_tc=61.1548
t=146158ms polish_tc=61.1548
t=146370ms polish_tc=61.1532
t=146595ms polish_tc=61.1529
t=146776ms polish_tc=61.1427
t=146965ms polish_tc=61.1427
t=147151ms polish_tc=61.1427
t=147331ms polish_tc=61.1325
t=147644ms polish_tc=61.1325
t=147843ms polish_tc=61.1273
t=148038ms polish_tc=61.1273
t=148223ms polish_tc=61.1222
t=148400ms polish_tc=61.1222
t=148664ms polish_tc=61.1183
t=148861ms polish_tc=61.1183
t=149617ms polish_tc=61.1134
t=150265ms polish_tc=61.1102
t=150439ms polish_tc=61.1102
t=150631ms polish_tc=61.1050
t=153631ms polish_tc=61.1048
t=153802ms polish_tc=61.1045
t=153974ms polish_tc=61.1045
t=154152ms polish_tc=61.1045
t=154355ms polish_tc=61.1045
t=154542ms polish_tc=61.1045
t=156614ms polish_tc=61.1022
t=156800ms polish_tc=61.1009
t=157506ms polish_tc=61.0933
t=157788ms polish_tc=61.0891
t=158065ms polish_tc=61.0889
t=158347ms polish_tc=61.0850
t=158666ms polish_tc=61.0837
t=158937ms polish_tc=61.0835
t=159211ms polish_tc=61.0827
t=159674ms polish_tc=61.0784
t=159944ms polish_tc=61.0635
t=160661ms polish_tc=61.0635
t=160949ms polish_tc=61.0554
t=161648ms polish_tc=61.0462
t=161931ms polish_tc=61.0100
t=162223ms polish_tc=61.0002
t=162665ms polish_tc=60.9988
t=162939ms polish_tc=60.9987
t=163226ms polish_tc=60.9750
t=163674ms polish_tc=60.9634
t=163945ms polish_tc=60.9632
t=164660ms polish_tc=60.9632
t=164952ms polish_tc=60.9632
t=165227ms polish_tc=60.9632
t=165668ms polish_tc=60.9574
t=165945ms polish_tc=60.9574
t=166653ms polish_tc=60.9339
t=166945ms polish_tc=60.9325
t=167215ms polish_tc=60.9324
t=167657ms polish_tc=60.9234
t=167931ms polish_tc=60.9204
t=168200ms polish_tc=60.9204
t=168660ms polish_tc=60.9160
t=168946ms polish_tc=60.9130
t=169221ms polish_tc=60.9026
t=169665ms polish_tc=60.8903
t=169968ms polish_tc=60.8897
t=170651ms polish_tc=60.8775
t=170931ms polish_tc=60.8766
t=171204ms polish_tc=60.8643
t=171660ms polish_tc=60.8627
t=171951ms polish_tc=60.8565
t=172225ms polish_tc=60.8330
t=172665ms polish_tc=60.8314
t=172946ms polish_tc=60.8234
t=173214ms polish_tc=60.8171
t=173672ms polish_tc=60.8046
t=173949ms polish_tc=60.7961
t=174648ms polish_tc=60.7833
t=174933ms polish_tc=60.7782
t=175209ms polish_tc=60.7782
t=175655ms polish_tc=60.7733
t=175918ms polish_tc=60.7642
t=176182ms polish_tc=60.7575
t=176659ms polish_tc=60.7518
t=176945ms polish_tc=60.7383
t=177656ms polish_tc=60.7365
t=177940ms polish_tc=60.7331
t=178211ms polish_tc=60.7058
t=178668ms polish_tc=60.6919
t=178945ms polish_tc=60.6778
t=179648ms polish_tc=60.6708
t=179948ms polish_tc=60.6655
t=180231ms polish_tc=60.6512
t=180658ms polish_tc=60.6512
t=180946ms polish_tc=60.6512
t=181228ms polish_tc=60.6512
t=181663ms polish_tc=60.6512
t=181938ms polish_tc=60.6404
t=182230ms polish_tc=60.6404
t=182667ms polish_tc=60.6404
t=182936ms polish_tc=60.6390
t=183191ms polish_tc=60.6387
t=183665ms polish_tc=60.6386
t=183965ms polish_tc=60.6352
t=184653ms polish_tc=60.6351
t=185352ms polish_tc=60.6143
t=185584ms polish_tc=60.6143
t=185838ms polish_tc=60.6028
t=186071ms polish_tc=60.5953
t=186320ms polish_tc=60.5953
t=186534ms polish_tc=60.5953
t=186773ms polish_tc=60.5953
t=187059ms polish_tc=60.5953
t=187282ms polish_tc=60.5953
t=187652ms polish_tc=60.5897
t=187886ms polish_tc=60.5897
t=188113ms polish_tc=60.5883
t=188645ms polish_tc=60.5881
t=188865ms polish_tc=60.5881
t=189093ms polish_tc=60.5880
t=189337ms polish_tc=60.5879
t=189660ms polish_tc=60.5879
t=189908ms polish_tc=60.5865
t=190125ms polish_tc=60.5865
t=190652ms polish_tc=60.5846
t=190883ms polish_tc=60.5842
t=191119ms polish_tc=60.5842
t=191346ms polish_tc=60.5842
t=191661ms polish_tc=60.5841
t=191886ms polish_tc=60.5841
t=192117ms polish_tc=60.5841
t=192652ms polish_tc=60.5827
t=192887ms polish_tc=60.5824
t=193111ms polish_tc=60.5823
t=193328ms polish_tc=60.5823
t=193661ms polish_tc=60.5823
t=193882ms polish_tc=60.5823
t=194109ms polish_tc=60.5823
t=194651ms polish_tc=60.5823
t=194886ms polish_tc=60.5822
t=195110ms polish_tc=60.5822
t=195833ms polish_tc=60.5809
t=196115ms polish_tc=60.5799
t=196387ms polish_tc=60.5799
t=196664ms polish_tc=60.5799
t=196939ms polish_tc=60.5794
t=197644ms polish_tc=60.5790
t=197936ms polish_tc=60.5790
t=198206ms polish_tc=60.5777
t=198651ms polish_tc=60.5775
t=198920ms polish_tc=60.5775
t=199292ms polish_tc=60.5767
t=199664ms polish_tc=60.5753
t=201533ms polish_tc=60.5732
t=201817ms polish_tc=60.5655
t=202078ms polish_tc=60.5502
t=202347ms polish_tc=60.5502
t=202661ms polish_tc=60.5502
t=203925ms polish_tc=60.5466
t=204210ms polish_tc=60.5365
t=204518ms polish_tc=60.5309
t=204800ms polish_tc=60.5152
t=205079ms polish_tc=60.4933
t=205652ms polish_tc=60.4768
t=205937ms polish_tc=60.4144
t=206231ms polish_tc=60.3974
t=206660ms polish_tc=60.3965
t=206922ms polish_tc=60.3921
t=207206ms polish_tc=60.3664
t=207661ms polish_tc=60.3483
t=207934ms polish_tc=60.3436
t=208199ms polish_tc=60.3390
t=208665ms polish_tc=60.3350
t=208955ms polish_tc=60.3318
t=209232ms polish_tc=60.3318
t=209675ms polish_tc=60.3305
t=209957ms polish_tc=60.3282
t=210666ms polish_tc=60.3237
t=210939ms polish_tc=60.3237
t=211676ms polish_tc=60.3166
t=212650ms polish_tc=60.3165
t=213661ms polish_tc=60.3119
t=213964ms polish_tc=60.3093
t=214663ms polish_tc=60.3048
t=215656ms polish_tc=60.3046
t=216650ms polish_tc=60.3024
t=216922ms polish_tc=60.3024
t=217664ms polish_tc=60.3022
t=218661ms polish_tc=60.3020
t=218949ms polish_tc=60.2992
t=219721ms polish_tc=60.2975
t=220671ms polish_tc=60.2975
t=221660ms polish_tc=60.2954
t=221950ms polish_tc=60.2952
t=222673ms polish_tc=60.2952
t=223667ms polish_tc=60.2951
t=224645ms polish_tc=60.2950
t=224915ms polish_tc=60.2949
t=225666ms polish_tc=60.2949
t=226670ms polish_tc=60.2947
t=227653ms polish_tc=60.2947
t=228652ms polish_tc=60.2709
t=228864ms polish_tc=60.2520
t=229654ms polish_tc=60.2497
t=229858ms polish_tc=60.2496
t=230651ms polish_tc=60.2445
t=230861ms polish_tc=60.2397
t=231665ms polish_tc=60.2375
t=231870ms polish_tc=60.2374
t=232657ms polish_tc=60.2372
t=232865ms polish_tc=60.2324
t=233655ms polish_tc=60.2149
t=233861ms polish_tc=60.2051
t=234652ms polish_tc=60.2050
t=234867ms polish_tc=60.2050
t=235658ms polish_tc=60.2026
t=235870ms polish_tc=60.2026
t=236668ms polish_tc=60.2001
t=237653ms polish_tc=60.1977
t=237875ms polish_tc=60.1879
t=238665ms polish_tc=60.1878
t=238919ms polish_tc=60.1878
t=239669ms polish_tc=60.1878
t=240653ms polish_tc=60.1878
t=240901ms polish_tc=60.1754
t=241653ms polish_tc=60.1729
t=241862ms polish_tc=60.1603
t=243647ms polish_tc=60.1601
t=243872ms polish_tc=60.1593
t=244659ms polish_tc=60.1517
t=244845ms polish_tc=60.1517
t=245648ms polish_tc=60.1491
t=245840ms polish_tc=60.1491
t=248640ms polish_tc=60.1434
t=248875ms polish_tc=60.1434
t=249656ms polish_tc=60.1434
t=254647ms polish_tc=60.1415
t=254838ms polish_tc=60.1403
t=255652ms polish_tc=60.1376
t=255844ms polish_tc=60.1370
t=256647ms polish_tc=60.1370
t=256873ms polish_tc=60.1351
t=257650ms polish_tc=60.1351
t=257836ms polish_tc=60.1351
t=258648ms polish_tc=60.1351
t=258834ms polish_tc=60.1351
t=260326ms polish_tc=60.1340
t=260666ms polish_tc=60.1336
t=260852ms polish_tc=60.1336
t=261663ms polish_tc=60.1334
t=261851ms polish_tc=60.1326
t=262660ms polish_tc=60.1326
t=262837ms polish_tc=60.1326
t=263658ms polish_tc=60.1326
t=263861ms polish_tc=60.1226
t=264646ms polish_tc=60.1223
t=264835ms polish_tc=60.1223
t=265649ms polish_tc=60.1223
anneal_sweeps=199600 cycles=77 fresh=6
t_final=291010ms tc_greedy=81.0071 tc_mcts=80.7039 tc_final=60.1223 tc_full=60.1223 leaves=3369
