probe: instance=sycamore_53_20_0 n_orig=3369 n=381 fusible=0.8869 nlabels=754 t=16ms
seed_greedy tc=89.0115 t=522ms
t=622ms iter=1 WAIST cost=57.0000 best_alt=49.0000 gap=8.0000 tried=5 sep_labels=49 clique_frac=0.01
t=950ms iter=1 REBUILD ACCEPT new_tc=61.0452 (was 61.6340)
t=2443ms iter=1 incumb=61.0452 ratchet=60.8714 best=60.8713 since_improve=0
t=2453ms iter=2 WAIST cost=56.0000 best_alt=52.0000 gap=4.0000 tried=5 sep_labels=52 clique_frac=0.01
t=2803ms iter=2 REBUILD ACCEPT new_tc=60.7448 (was 60.8714)
t=5283ms iter=2 incumb=60.7448 ratchet=60.1778 best=60.1578 since_improve=0
t=5293ms iter=3 WAIST cost=57.0000 best_alt=52.0000 gap=5.0000 tried=5 sep_labels=52 clique_frac=0.01
t=5464ms iter=3 REBUILD reject new_tc=61.6925 (was 60.1778)
t=6536ms iter=3 incumb=60.1778 ratchet=60.0818 best=60.0473 since_improve=0
t=6547ms iter=4 WAIST cost=57.0000 best_alt=49.0000 gap=8.0000 tried=5 sep_labels=49 clique_frac=0.01
t=6691ms iter=4 REBUILD reject new_tc=76.0006 (was 60.0818)
t=7215ms iter=4 incumb=60.0818 ratchet=60.0734 best=60.0237 since_improve=0
t=7226ms iter=5 WAIST cost=57.0000 best_alt=49.0000 gap=8.0000 tried=5 sep_labels=49 clique_frac=0.01
t=7381ms iter=5 REBUILD reject new_tc=61.0543 (was 60.0734)
t=8971ms iter=5 incumb=60.0734 ratchet=59.9514 best=59.9283 since_improve=0
t=8978ms iter=6 WAIST cost=56.0000 best_alt=52.0000 gap=4.0000 tried=5 sep_labels=52 clique_frac=0.01
t=9150ms iter=6 REBUILD reject new_tc=66.6975 (was 59.9514)
t=9311ms iter=6 incumb=59.9514 ratchet=59.9743 best=59.9283 since_improve=1
t=9318ms iter=7 WAIST cost=56.0000 best_alt=52.0000 gap=4.0000 tried=5 sep_labels=52 clique_frac=0.01
t=9486ms iter=7 REBUILD reject new_tc=63.4257 (was 59.9514)
t=9644ms iter=7 incumb=59.9514 ratchet=60.0395 best=59.9283 since_improve=2
t=9652ms iter=8 WAIST cost=56.0000 best_alt=52.0000 gap=4.0000 tried=5 sep_labels=52 clique_frac=0.01
t=9826ms iter=8 REBUILD reject new_tc=61.2087 (was 59.9514)
t=9986ms iter=8 incumb=59.9514 ratchet=59.9402 best=59.9283 since_improve=0
t=9995ms iter=9 WAIST cost=56.0000 best_alt=52.0000 gap=4.0000 tried=5 sep_labels=52 clique_frac=0.01
t=10168ms iter=9 REBUILD reject new_tc=61.4456 (was 59.9402)
t=10329ms iter=9 incumb=59.9402 ratchet=59.9941 best=59.9283 since_improve=1
t=10336ms iter=10 WAIST cost=56.0000 best_alt=51.0000 gap=5.0000 tried=5 sep_labels=51 clique_frac=0.01
t=10501ms iter=10 REBUILD reject new_tc=61.4497 (was 59.9402)
t=10660ms iter=10 incumb=59.9402 ratchet=60.0151 best=59.9283 since_improve=2
t=10667ms iter=11 WAIST cost=56.0000 best_alt=52.0000 gap=4.0000 tried=5 sep_labels=52 clique_frac=0.01
t=10842ms iter=11 REBUILD reject new_tc=61.5441 (was 59.9402)
t=11394ms iter=11 incumb=59.9402 ratchet=59.9338 best=59.9219 since_improve=0
t=11404ms iter=12 WAIST cost=56.0000 best_alt=51.0000 gap=5.0000 tried=5 sep_labels=51 clique_frac=0.01
t=11586ms iter=12 REBUILD reject new_tc=66.3458 (was 59.9338)
t=11743ms iter=12 incumb=59.9338 ratchet=59.9857 best=59.9219 since_improve=1
t=11751ms iter=13 WAIST cost=56.0000 best_alt=51.0000 gap=5.0000 tried=5 sep_labels=51 clique_frac=0.01
t=11917ms iter=13 REBUILD reject new_tc=63.7521 (was 59.9338)
t=12072ms iter=13 incumb=59.9338 ratchet=59.9795 best=59.9219 since_improve=2
t=12080ms iter=14 WAIST cost=56.0000 best_alt=51.0000 gap=5.0000 tried=5 sep_labels=51 clique_frac=0.01
t=12252ms iter=14 REBUILD reject new_tc=60.6281 (was 59.9338)
t=12634ms iter=14 incumb=59.9338 ratchet=59.9279 best=59.9208 since_improve=0
t=12642ms iter=15 WAIST cost=56.0000 best_alt=49.0000 gap=7.0000 tried=5 sep_labels=49 clique_frac=0.01
t=12800ms iter=15 REBUILD reject new_tc=61.2698 (was 59.9279)
t=12948ms iter=15 incumb=59.9279 ratchet=60.0277 best=59.9208 since_improve=1
t=12957ms iter=16 WAIST cost=56.0000 best_alt=52.0000 gap=4.0000 tried=5 sep_labels=52 clique_frac=0.01
t=13136ms iter=16 REBUILD reject new_tc=61.6597 (was 59.9279)
t=14286ms iter=16 incumb=59.9279 ratchet=59.9013 best=59.9013 since_improve=0
t=14300ms iter=17 WAIST cost=56.0000 best_alt=51.0000 gap=5.0000 tried=5 sep_labels=51 clique_frac=0.01
t=14666ms iter=17 REBUILD reject new_tc=60.7747 (was 59.9013)
t=14981ms iter=17 incumb=59.9013 ratchet=59.9971 best=59.9013 since_improve=1
t=14998ms iter=18 WAIST cost=56.0000 best_alt=51.0000 gap=5.0000 tried=5 sep_labels=51 clique_frac=0.01
t=15359ms iter=18 REBUILD reject new_tc=60.3992 (was 59.9013)
t=15684ms iter=18 incumb=59.9013 ratchet=60.0177 best=59.9013 since_improve=2
t=15703ms iter=19 WAIST cost=56.0000 best_alt=51.0000 gap=5.0000 tried=5 sep_labels=51 clique_frac=0.01
t=15935ms iter=19 REBUILD reject new_tc=65.3520 (was 59.9013)
t=16093ms iter=19 incumb=59.9013 ratchet=59.9683 best=59.9013 since_improve=3
t=16101ms iter=20 WAIST cost=56.0000 best_alt=51.0000 gap=5.0000 tried=5 sep_labels=51 clique_frac=0.01
t=16271ms iter=20 REBUILD reject new_tc=60.0588 (was 59.9013)
t=16514ms iter=20 incumb=59.9013 ratchet=59.9857 best=59.9013 since_improve=4
t=16534ms iter=21 WAIST cost=56.0000 best_alt=51.0000 gap=5.0000 tried=5 sep_labels=51 clique_frac=0.01
t=16725ms iter=21 REBUILD reject new_tc=60.0394 (was 59.9013)
t=16884ms iter=21 incumb=59.9013 ratchet=59.9594 best=59.9013 since_improve=5
t=16892ms iter=22 WAIST cost=56.0000 best_alt=51.0000 gap=5.0000 tried=5 sep_labels=51 clique_frac=0.01
t=17081ms iter=22 REBUILD reject new_tc=60.7523 (was 59.9013)
t=17243ms iter=22 incumb=59.9013 ratchet=59.9781 best=59.9013 since_improve=6
t=17252ms iter=23 WAIST cost=56.0000 best_alt=51.0000 gap=5.0000 tried=5 sep_labels=51 clique_frac=0.01
t=17431ms iter=23 REBUILD reject new_tc=60.9032 (was 59.9013)
t=17589ms iter=23 incumb=59.9013 ratchet=59.9308 best=59.9013 since_improve=7
t=17600ms iter=24 WAIST cost=56.0000 best_alt=51.0000 gap=5.0000 tried=5 sep_labels=51 clique_frac=0.01
t=17784ms iter=24 REBUILD reject new_tc=60.7182 (was 59.9013)
t=17939ms iter=24 incumb=59.9013 ratchet=60.0120 best=59.9013 since_improve=8
t=17946ms iter=25 WAIST cost=56.0000 best_alt=51.0000 gap=5.0000 tried=5 sep_labels=51 clique_frac=0.01
t=18124ms iter=25 REBUILD reject new_tc=61.2324 (was 59.9013)
t=18287ms iter=25 incumb=59.9013 ratchet=59.9382 best=59.9013 since_improve=9
t=18294ms iter=26 WAIST cost=56.0000 best_alt=51.0000 gap=5.0000 tried=5 sep_labels=51 clique_frac=0.01
t=18472ms iter=26 REBUILD reject new_tc=60.6588 (was 59.9013)
t=18630ms iter=26 incumb=59.9013 ratchet=59.9652 best=59.9013 since_improve=10
t=18639ms iter=27 WAIST cost=56.0000 best_alt=49.0000 gap=7.0000 tried=5 sep_labels=49 clique_frac=0.01
t=18780ms iter=27 REBUILD reject new_tc=75.0012 (was 59.9013)
t=18937ms iter=27 incumb=59.9013 ratchet=60.0654 best=59.9013 since_improve=11
t=18946ms iter=28 WAIST cost=56.0000 best_alt=49.0000 gap=7.0000 tried=5 sep_labels=49 clique_frac=0.01
t=19102ms iter=28 REBUILD reject new_tc=80.0000 (was 59.9013)
t=19265ms iter=28 incumb=59.9013 ratchet=60.0128 best=59.9013 since_improve=12
t=19272ms iter=29 WAIST cost=56.0000 best_alt=51.0000 gap=5.0000 tried=5 sep_labels=51 clique_frac=0.01
t=19441ms iter=29 REBUILD reject new_tc=60.0311 (was 59.9013)
t=19597ms iter=29 incumb=59.9013 ratchet=59.9775 best=59.9013 since_improve=13
t=19605ms iter=30 WAIST cost=56.0000 best_alt=51.0000 gap=5.0000 tried=5 sep_labels=51 clique_frac=0.01
t=19781ms iter=30 REBUILD reject new_tc=60.6501 (was 59.9013)
t=19942ms iter=30 incumb=59.9013 ratchet=60.0188 best=59.9013 since_improve=14
t=19950ms iter=31 WAIST cost=56.0000 best_alt=51.0000 gap=5.0000 tried=5 sep_labels=51 clique_frac=0.01
t=20130ms iter=31 REBUILD reject new_tc=60.9873 (was 59.9013)
t=20290ms iter=31 incumb=59.9013 ratchet=59.9426 best=59.9013 since_improve=15
t=20298ms iter=32 WAIST cost=56.0000 best_alt=51.0000 gap=5.0000 tried=5 sep_labels=51 clique_frac=0.01
t=20474ms iter=32 REBUILD reject new_tc=63.7444 (was 59.9013)
t=20630ms iter=32 incumb=59.9013 ratchet=59.9664 best=59.9013 since_improve=16
t=20639ms iter=33 WAIST cost=56.0000 best_alt=51.0000 gap=5.0000 tried=5 sep_labels=51 clique_frac=0.01
t=20815ms iter=33 REBUILD reject new_tc=63.8024 (was 59.9013)
t=20976ms iter=33 incumb=59.9013 ratchet=59.9598 best=59.9013 since_improve=17
t=20985ms iter=34 WAIST cost=56.0000 best_alt=50.0000 gap=6.0000 tried=5 sep_labels=50 clique_frac=0.01
t=21132ms iter=34 REBUILD reject new_tc=63.2190 (was 59.9013)
t=21291ms iter=34 incumb=59.9013 ratchet=60.1445 best=59.9013 since_improve=18
t=21301ms iter=35 WAIST cost=56.0000 best_alt=51.0000 gap=5.0000 tried=5 sep_labels=51 clique_frac=0.01
t=21475ms iter=35 REBUILD reject new_tc=64.1470 (was 59.9013)
t=21636ms iter=35 incumb=59.9013 ratchet=59.9562 best=59.9013 since_improve=19
t=21644ms iter=36 WAIST cost=56.0000 best_alt=51.0000 gap=5.0000 tried=5 sep_labels=51 clique_frac=0.01
t=21827ms iter=36 REBUILD reject new_tc=61.6231 (was 59.9013)
t=21990ms iter=36 incumb=59.9013 ratchet=59.9513 best=59.9013 since_improve=20
t=21998ms iter=37 WAIST cost=56.0000 best_alt=51.0000 gap=5.0000 tried=5 sep_labels=51 clique_frac=0.01
t=22175ms iter=37 REBUILD reject new_tc=60.3387 (was 59.9013)
t=22333ms iter=37 incumb=59.9013 ratchet=59.9473 best=59.9013 since_improve=21
t=22343ms iter=38 WAIST cost=56.0000 best_alt=51.0000 gap=5.0000 tried=5 sep_labels=51 clique_frac=0.01
t=22517ms iter=38 REBUILD reject new_tc=61.8583 (was 59.9013)
t=22677ms iter=38 incumb=59.9013 ratchet=60.0483 best=59.9013 since_improve=22
t=22687ms iter=39 WAIST cost=56.0000 best_alt=51.0000 gap=5.0000 tried=5 sep_labels=51 clique_frac=0.01
t=22860ms iter=39 REBUILD reject new_tc=61.1087 (was 59.9013)
t=23014ms iter=39 incumb=59.9013 ratchet=59.9994 best=59.9013 since_improve=23
t=23024ms iter=40 WAIST cost=56.0000 best_alt=51.0000 gap=5.0000 tried=5 sep_labels=51 clique_frac=0.01
t=23196ms iter=40 REBUILD reject new_tc=64.2821 (was 59.9013)
t=23359ms iter=40 incumb=59.9013 ratchet=60.0202 best=59.9013 since_improve=24
t=23367ms iter=41 WAIST cost=56.0000 best_alt=51.0000 gap=5.0000 tried=5 sep_labels=51 clique_frac=0.01
t=23534ms iter=41 REBUILD reject new_tc=60.7717 (was 59.9013)
t=23695ms iter=41 incumb=59.9013 ratchet=59.9701 best=59.9013 since_improve=25
t=23702ms iter=42 WAIST cost=56.0000 best_alt=51.0000 gap=5.0000 tried=5 sep_labels=51 clique_frac=0.01
t=23877ms iter=42 REBUILD reject new_tc=60.5078 (was 59.9013)
t=24039ms iter=42 incumb=59.9013 ratchet=59.9807 best=59.9013 since_improve=26
t=24046ms iter=43 WAIST cost=56.0000 best_alt=51.0000 gap=5.0000 tried=5 sep_labels=51 clique_frac=0.01
t=24214ms iter=43 REBUILD reject new_tc=65.1699 (was 59.9013)
t=24372ms iter=43 incumb=59.9013 ratchet=60.0076 best=59.9013 since_improve=27
t=24380ms iter=44 WAIST cost=56.0000 best_alt=51.0000 gap=5.0000 tried=5 sep_labels=51 clique_frac=0.01
t=24549ms iter=44 REBUILD reject new_tc=60.6408 (was 59.9013)
t=24713ms iter=44 incumb=59.9013 ratchet=59.9483 best=59.9013 since_improve=28
t=24722ms iter=45 WAIST cost=56.0000 best_alt=51.0000 gap=5.0000 tried=5 sep_labels=51 clique_frac=0.01
t=24899ms iter=45 REBUILD reject new_tc=60.3427 (was 59.9013)
t=25056ms iter=45 incumb=59.9013 ratchet=59.9306 best=59.9013 since_improve=29
t=25066ms iter=46 WAIST cost=56.0000 best_alt=51.0000 gap=5.0000 tried=5 sep_labels=51 clique_frac=0.01
t=25240ms iter=46 REBUILD reject new_tc=60.7523 (was 59.9013)
t=25828ms iter=46 incumb=59.9013 ratchet=59.9049 best=59.8905 since_improve=30
t=25840ms iter=47 WAIST cost=56.0000 best_alt=51.0000 gap=5.0000 tried=5 sep_labels=51 clique_frac=0.01
t=26024ms iter=47 REBUILD reject new_tc=63.5412 (was 59.9013)
t=26180ms iter=47 incumb=59.9013 ratchet=59.9534 best=59.8905 since_improve=31
t=26189ms iter=48 WAIST cost=56.0000 best_alt=51.0000 gap=5.0000 tried=5 sep_labels=51 clique_frac=0.01
t=26371ms iter=48 REBUILD reject new_tc=61.1852 (was 59.9013)
t=26531ms iter=48 incumb=59.9013 ratchet=59.9057 best=59.8905 since_improve=32
t=26540ms iter=49 WAIST cost=56.0000 best_alt=51.0000 gap=5.0000 tried=5 sep_labels=51 clique_frac=0.01
t=26716ms iter=49 REBUILD reject new_tc=60.3583 (was 59.9013)
t=26876ms iter=49 incumb=59.9013 ratchet=59.9466 best=59.8905 since_improve=33
t=26883ms iter=50 WAIST cost=56.0000 best_alt=51.0000 gap=5.0000 tried=5 sep_labels=51 clique_frac=0.01
t=27113ms iter=50 REBUILD reject new_tc=63.5886 (was 59.9013)
t=27273ms iter=50 incumb=59.9013 ratchet=59.9982 best=59.8905 since_improve=34
t=27280ms iter=51 WAIST cost=56.0000 best_alt=51.0000 gap=5.0000 tried=5 sep_labels=51 clique_frac=0.01
t=27457ms iter=51 REBUILD reject new_tc=61.2261 (was 59.9013)
t=27621ms iter=51 incumb=59.9013 ratchet=59.9217 best=59.8905 since_improve=35
t=27630ms iter=52 WAIST cost=56.0000 best_alt=51.0000 gap=5.0000 tried=5 sep_labels=51 clique_frac=0.01
t=27803ms iter=52 REBUILD reject new_tc=65.3647 (was 59.9013)
t=27964ms iter=52 incumb=59.9013 ratchet=59.9724 best=59.8905 since_improve=36
t=27973ms iter=53 WAIST cost=56.0000 best_alt=51.0000 gap=5.0000 tried=5 sep_labels=51 clique_frac=0.01
t=28150ms iter=53 REBUILD reject new_tc=66.9134 (was 59.9013)
t=28309ms iter=53 incumb=59.9013 ratchet=60.3100 best=59.8905 since_improve=37
t=28318ms iter=54 WAIST cost=56.0000 best_alt=51.0000 gap=5.0000 tried=5 sep_labels=51 clique_frac=0.01
t=28496ms iter=54 REBUILD reject new_tc=60.2549 (was 59.9013)
t=29218ms iter=54 incumb=59.9013 ratchet=59.8884 best=59.8884 since_improve=0
t_final=29400ms tc_reduced=59.8884 tc_full=60.8111 leaves=3369
surgery summary: calls=54 cheaper_cuts=54 rebuild_accepts=2 waist_min_hits=0
