simplify: n_orig=544 n_reduced=372 shrink=0.3162 t_simp=5ms
t_seed=639ms tc_seed=36.3620 seed_trials=13
t_dp=2570ms tc_greedy=35.7315
t=5817ms mcts_tc=34.2886
t=8271ms mcts_tc=33.7638
t_mcts=19155ms mcts: backup=min rollouts=192 rate=10/s depth=3 nodes=193 improves=2 tc_mcts=33.7638
ATTRIBUTION tc_greedy=35.7315 tc_mcts_prepolish=33.7638 mcts_beats_greedy=true
t=19296ms polish_tc=33.7496
t=19304ms polish_tc=33.3031
t=19312ms polish_tc=33.2994
t=19321ms polish_tc=33.2889
t=19328ms polish_tc=33.1742
t=19337ms polish_tc=33.1337
t=19344ms polish_tc=33.1336
t=19352ms polish_tc=33.1336
t=19361ms polish_tc=33.1333
t=19370ms polish_tc=33.1326
t=19378ms polish_tc=33.1326
t=19387ms polish_tc=33.1325
t=19395ms polish_tc=33.1260
t=19403ms polish_tc=33.1239
t=19412ms polish_tc=32.9361
t=19420ms polish_tc=32.8322
t=19428ms polish_tc=32.8321
t=19437ms polish_tc=32.6988
t=19445ms polish_tc=32.6984
t=19453ms polish_tc=32.6983
t=19464ms polish_tc=32.6754
t=19472ms polish_tc=32.6751
t=19481ms polish_tc=32.6747
t=19489ms polish_tc=32.6438
t=19497ms polish_tc=32.6438
t=19505ms polish_tc=32.5466
t=19513ms polish_tc=32.5462
t=19521ms polish_tc=32.5462
t=19529ms polish_tc=32.4918
t=19536ms polish_tc=32.4916
t=19548ms polish_tc=32.2916
t=19556ms polish_tc=32.2786
t=19564ms polish_tc=32.2550
t=19572ms polish_tc=32.2357
t=19580ms polish_tc=32.1154
t=19588ms polish_tc=31.9706
t=19596ms polish_tc=31.2584
t=19604ms polish_tc=31.2250
t=19612ms polish_tc=30.9673
t=19620ms polish_tc=30.9666
t=19628ms polish_tc=30.9197
t=19637ms polish_tc=30.9176
t=19645ms polish_tc=30.9126
t=19653ms polish_tc=30.9126
t=19661ms polish_tc=30.9124
t=19669ms polish_tc=30.8011
t=19677ms polish_tc=30.7350
t=19685ms polish_tc=30.7157
t=19693ms polish_tc=30.7091
t=19702ms polish_tc=30.7036
t=19710ms polish_tc=30.6643
t=19718ms polish_tc=30.6614
t=19726ms polish_tc=30.6600
t=19734ms polish_tc=30.6599
t=19742ms polish_tc=30.6097
t=19750ms polish_tc=30.6085
t=19758ms polish_tc=30.6011
t=19768ms polish_tc=30.5996
t=19776ms polish_tc=30.5950
t=19784ms polish_tc=30.5641
t=19792ms polish_tc=30.5627
t=19800ms polish_tc=30.5618
t=19808ms polish_tc=30.5574
t=19817ms polish_tc=30.2787
t=19824ms polish_tc=30.2611
t=20260ms polish_tc=30.2514
t=20269ms polish_tc=30.2420
t=20278ms polish_tc=29.7482
t=20285ms polish_tc=29.7467
t=20293ms polish_tc=29.7466
t=20301ms polish_tc=29.7172
t=20309ms polish_tc=29.7154
t=20317ms polish_tc=29.7149
t=20324ms polish_tc=29.6662
t=20332ms polish_tc=29.6658
t=20340ms polish_tc=29.6586
t=20349ms polish_tc=29.6545
t=20357ms polish_tc=29.6483
t=20365ms polish_tc=29.6481
t=20377ms polish_tc=29.6393
t=20388ms polish_tc=29.6245
t=20396ms polish_tc=29.4564
t=20404ms polish_tc=29.4562
t=20412ms polish_tc=29.3894
t=20419ms polish_tc=29.3481
t=20428ms polish_tc=29.2830
t=20436ms polish_tc=29.2511
t=20444ms polish_tc=29.1669
t=20453ms polish_tc=29.1666
t=20460ms polish_tc=29.0832
t=20470ms polish_tc=29.0637
t=20479ms polish_tc=28.8202
t=20487ms polish_tc=28.7861
t=20496ms polish_tc=28.7745
t=20504ms polish_tc=28.7223
t=20513ms polish_tc=28.7215
t=20522ms polish_tc=28.7186
t=20530ms polish_tc=28.6951
t=20539ms polish_tc=28.6822
t=20550ms polish_tc=28.6753
t=20558ms polish_tc=28.6739
t=20566ms polish_tc=28.6738
t=20574ms polish_tc=28.6693
t=20582ms polish_tc=28.6693
t=20591ms polish_tc=28.6652
t=20599ms polish_tc=28.6643
t=20607ms polish_tc=28.6160
t=20615ms polish_tc=28.6088
t=20624ms polish_tc=28.5695
t=20634ms polish_tc=28.5655
t=20642ms polish_tc=28.5645
t=20650ms polish_tc=28.5639
t=20658ms polish_tc=28.5616
t=20666ms polish_tc=28.5461
t=20674ms polish_tc=28.5457
t=20684ms polish_tc=28.5362
t=20693ms polish_tc=28.5067
t=20703ms polish_tc=28.5066
t=20710ms polish_tc=28.5066
t=20718ms polish_tc=28.4437
t=20727ms polish_tc=28.4436
t=20735ms polish_tc=28.4421
t=20745ms polish_tc=28.4409
t=20753ms polish_tc=28.4409
t=20762ms polish_tc=28.4348
t=20769ms polish_tc=28.4348
t=20777ms polish_tc=28.4183
t=20789ms polish_tc=28.3891
t=20797ms polish_tc=28.3891
t=20806ms polish_tc=28.3884
t=20814ms polish_tc=28.3882
t=20822ms polish_tc=28.3817
t=20832ms polish_tc=28.3812
t=20840ms polish_tc=28.3812
t=20849ms polish_tc=28.3723
t=20863ms polish_tc=28.3630
t=20871ms polish_tc=28.3298
t=20880ms polish_tc=28.3296
t=20888ms polish_tc=28.3294
t=21262ms polish_tc=28.3168
t=21270ms polish_tc=28.3168
t=21283ms polish_tc=28.3022
t=21309ms polish_tc=28.2863
t=21316ms polish_tc=28.2863
t=21324ms polish_tc=28.2860
t=21332ms polish_tc=28.2835
t=21340ms polish_tc=28.2831
t=21363ms polish_tc=28.1801
t=21370ms polish_tc=28.0611
t=21379ms polish_tc=28.0610
t=21386ms polish_tc=28.0610
t=21566ms polish_tc=27.9845
t=21575ms polish_tc=27.9825
t=21584ms polish_tc=27.9824
t=21594ms polish_tc=27.9736
t=21603ms polish_tc=27.8036
t=21612ms polish_tc=27.7828
t=21620ms polish_tc=27.7729
t=21629ms polish_tc=27.7717
t=21641ms polish_tc=27.7615
t=21651ms polish_tc=27.7551
t=21659ms polish_tc=27.6728
t=21668ms polish_tc=27.6724
t=21676ms polish_tc=27.6724
t=21684ms polish_tc=27.6719
t=21694ms polish_tc=27.6650
t=21704ms polish_tc=27.6601
t=21712ms polish_tc=27.6326
t=21720ms polish_tc=27.6308
t=21729ms polish_tc=27.6170
t=21737ms polish_tc=27.6130
t=21745ms polish_tc=27.5998
t=21778ms polish_tc=27.5990
t=21787ms polish_tc=27.5987
t=21796ms polish_tc=27.5954
t=21805ms polish_tc=27.5947
t=21815ms polish_tc=27.5797
t=21832ms polish_tc=27.5631
t=21840ms polish_tc=27.5628
t=21850ms polish_tc=27.5628
t=21859ms polish_tc=27.5628
t=21869ms polish_tc=27.5625
t=21878ms polish_tc=27.5624
t=21887ms polish_tc=27.5623
t=21904ms polish_tc=27.5442
t=21913ms polish_tc=27.5440
t=21922ms polish_tc=27.5436
t=21932ms polish_tc=27.5396
t=21941ms polish_tc=27.5395
t=21956ms polish_tc=27.5037
t=21966ms polish_tc=27.5037
t=21975ms polish_tc=27.5037
t=21992ms polish_tc=27.2440
t=22001ms polish_tc=27.1670
t=22011ms polish_tc=27.1598
t=22020ms polish_tc=27.1593
t=22028ms polish_tc=27.1571
t=22038ms polish_tc=27.1518
t=22048ms polish_tc=27.1504
t=22261ms polish_tc=27.1448
t=22270ms polish_tc=27.1446
t=22278ms polish_tc=27.1441
t=22287ms polish_tc=27.1438
t=22299ms polish_tc=27.1399
t=22309ms polish_tc=27.1399
t=22319ms polish_tc=27.1395
t=22329ms polish_tc=27.1395
t=22341ms polish_tc=27.1394
t=22349ms polish_tc=27.1393
t=22360ms polish_tc=27.1357
t=22369ms polish_tc=27.1357
t=22379ms polish_tc=27.1357
t=22388ms polish_tc=27.1355
t=22399ms polish_tc=27.1354
t=22415ms polish_tc=27.1353
t=22423ms polish_tc=27.1353
t=22433ms polish_tc=27.1352
t=22443ms polish_tc=27.1347
t=22453ms polish_tc=27.1346
t=22462ms polish_tc=27.1334
t=22471ms polish_tc=27.1334
t=22479ms polish_tc=27.1333
t=22497ms polish_tc=27.0936
t=22506ms polish_tc=27.0935
t=22516ms polish_tc=27.0935
t=22525ms polish_tc=27.0935
t=22535ms polish_tc=27.0934
t=27745ms polish_tc=27.0643
t=27757ms polish_tc=27.0383
t=27771ms polish_tc=26.9792
t=27782ms polish_tc=26.9785
t=27794ms polish_tc=26.9774
t=27806ms polish_tc=26.9309
t=27819ms polish_tc=26.8803
t=27831ms polish_tc=26.7907
t=27843ms polish_tc=26.7874
t=27855ms polish_tc=26.7797
t=27867ms polish_tc=26.7651
t=27878ms polish_tc=26.6817
t=27889ms polish_tc=26.6632
t=27899ms polish_tc=26.6544
t=27921ms polish_tc=26.6535
t=27935ms polish_tc=26.6092
t=27951ms polish_tc=26.6066
t=27963ms polish_tc=26.5859
t=28005ms polish_tc=26.5799
t=28016ms polish_tc=26.5473
t=28028ms polish_tc=26.5245
t=28044ms polish_tc=26.5216
t=28056ms polish_tc=26.5148
t=28071ms polish_tc=26.5134
t=28081ms polish_tc=26.5002
t=28092ms polish_tc=26.5001
t=28133ms polish_tc=26.4687
t=28143ms polish_tc=26.4686
t=28155ms polish_tc=26.4660
t=28169ms polish_tc=26.4514
t=28179ms polish_tc=26.4465
t=28198ms polish_tc=26.4455
t=28210ms polish_tc=26.4419
t=28222ms polish_tc=26.4104
t=28233ms polish_tc=26.3220
t=28261ms polish_tc=26.3140
t=28273ms polish_tc=26.2847
t=28283ms polish_tc=26.2597
t=28295ms polish_tc=26.2316
t=28307ms polish_tc=26.2300
t=28317ms polish_tc=26.2098
t=28328ms polish_tc=26.1993
t=28338ms polish_tc=26.1991
t=28352ms polish_tc=26.1940
t=28363ms polish_tc=26.1937
t=28373ms polish_tc=26.1926
t=28385ms polish_tc=26.1908
t=28462ms polish_tc=26.1711
t=28475ms polish_tc=26.1663
t=28499ms polish_tc=26.1580
t=28510ms polish_tc=26.1563
t=28519ms polish_tc=26.1562
t=28533ms polish_tc=26.1451
t=28542ms polish_tc=26.1439
t=28553ms polish_tc=26.1439
t=28578ms polish_tc=26.1419
t=28655ms polish_tc=26.1372
t=28666ms polish_tc=26.1178
t=28808ms polish_tc=26.1135
t=28818ms polish_tc=26.1132
t=28828ms polish_tc=26.1126
t=28838ms polish_tc=26.1125
t=28849ms polish_tc=26.1125
t=28861ms polish_tc=26.1121
t=28874ms polish_tc=26.1071
t=28884ms polish_tc=26.1066
t=28894ms polish_tc=26.1021
t=28904ms polish_tc=26.1014
t=28920ms polish_tc=26.1014
t=28932ms polish_tc=26.1012
t=28943ms polish_tc=26.1007
t=28955ms polish_tc=26.1007
t=28971ms polish_tc=26.0999
t=29032ms polish_tc=26.0951
t=29116ms polish_tc=26.0796
t=29128ms polish_tc=26.0733
t=29143ms polish_tc=26.0691
t=29262ms polish_tc=26.0690
t=29277ms polish_tc=26.0687
t=29290ms polish_tc=26.0687
t=29303ms polish_tc=26.0686
t=29321ms polish_tc=26.0631
t=29333ms polish_tc=26.0630
t=29345ms polish_tc=26.0602
t=29358ms polish_tc=26.0602
t=29372ms polish_tc=26.0598
t=29389ms polish_tc=26.0581
t=29401ms polish_tc=26.0579
t=29415ms polish_tc=26.0577
t=29428ms polish_tc=26.0576
t=29442ms polish_tc=26.0576
t=29456ms polish_tc=26.0575
t=29472ms polish_tc=26.0486
t=29500ms polish_tc=26.0483
t=29604ms polish_tc=26.0478
t=29617ms polish_tc=26.0477
t=29878ms polish_tc=26.0441
t=29890ms polish_tc=26.0438
t=29902ms polish_tc=26.0437
t=29914ms polish_tc=26.0436
t=29928ms polish_tc=26.0435
t=29940ms polish_tc=26.0429
t=29954ms polish_tc=26.0422
t=29965ms polish_tc=26.0419
t=29977ms polish_tc=26.0418
t=29989ms polish_tc=26.0418
t=30001ms polish_tc=26.0418
t=30015ms polish_tc=26.0417
t=30028ms polish_tc=26.0414
t=30041ms polish_tc=26.0413
t=30054ms polish_tc=26.0413
t=30066ms polish_tc=26.0412
t=30261ms polish_tc=26.0404
t=30278ms polish_tc=26.0399
t=30294ms polish_tc=26.0389
t=30307ms polish_tc=26.0387
t=30319ms polish_tc=26.0387
t=30332ms polish_tc=26.0387
t=30345ms polish_tc=26.0386
t=30357ms polish_tc=26.0386
t=35853ms polish_tc=26.0275
t=36026ms polish_tc=26.0127
t=36036ms polish_tc=26.0122
t=36045ms polish_tc=26.0069
t=36054ms polish_tc=26.0049
t=36064ms polish_tc=26.0030
t=36075ms polish_tc=26.0020
t=36085ms polish_tc=26.0019
t=36096ms polish_tc=25.9463
t=36106ms polish_tc=25.9452
t=36116ms polish_tc=25.9443
t=36126ms polish_tc=25.9432
t=36136ms polish_tc=25.9324
t=36646ms polish_tc=25.9312
t=42435ms polish_tc=25.9268
t=42445ms polish_tc=25.9262
t=42459ms polish_tc=25.9256
t=42469ms polish_tc=25.9250
t=42481ms polish_tc=25.9245
t=42497ms polish_tc=25.9230
t=42506ms polish_tc=25.9223
t=42515ms polish_tc=25.9222
anneal_sweeps=438840 cycles=93 fresh=27
t_final=87302ms tc_greedy=35.7315 tc_mcts=33.7638 tc_final=25.9222 tc_full=25.9222 leaves=544
