probe: instance=uai_DBN_16 n_orig=572 n=484 fusible=0.1538 nlabels=44 t=8ms
seed_greedy tc=43.2648 t=558ms
t=624ms iter=1 WAIST cost=41.0000 best_alt=22.0000 gap=19.0000 tried=5 sep_labels=22 clique_frac=0.00
t=768ms iter=1 REBUILD ACCEPT new_tc=34.7102 (was 42.3864)
t=832ms iter=1 incumb=34.7102 ratchet=35.1523 best=34.7102 since_improve=1
t=856ms iter=2 WAIST cost=34.0000 best_alt=22.0000 gap=12.0000 tried=5 sep_labels=22 clique_frac=0.00
t=995ms iter=2 REBUILD reject new_tc=34.7368 (was 34.7102)
t=1062ms iter=2 incumb=34.7102 ratchet=34.9888 best=34.7102 since_improve=2
t=1082ms iter=3 WAIST cost=34.0000 best_alt=22.0000 gap=12.0000 tried=5 sep_labels=22 clique_frac=0.00
t=1221ms iter=3 REBUILD reject new_tc=34.8165 (was 34.7102)
t=1288ms iter=3 incumb=34.7102 ratchet=35.1706 best=34.7102 since_improve=3
t=1307ms iter=4 WAIST cost=34.0000 best_alt=22.0000 gap=12.0000 tried=5 sep_labels=22 clique_frac=0.00
t=1445ms iter=4 REBUILD reject new_tc=34.8022 (was 34.7102)
t=1511ms iter=4 incumb=34.7102 ratchet=34.9531 best=34.7102 since_improve=4
t=1533ms iter=5 WAIST cost=34.0000 best_alt=22.0000 gap=12.0000 tried=5 sep_labels=22 clique_frac=0.00
t=1680ms iter=5 REBUILD ACCEPT new_tc=34.5911 (was 34.7102)
t=1745ms iter=5 incumb=34.5911 ratchet=34.9160 best=34.5911 since_improve=1
t=1765ms iter=6 WAIST cost=34.0000 best_alt=22.0000 gap=12.0000 tried=5 sep_labels=22 clique_frac=0.00
t=1907ms iter=6 REBUILD reject new_tc=34.6373 (was 34.5911)
t=1977ms iter=6 incumb=34.5911 ratchet=45.3043 best=34.5911 since_improve=2
t=1994ms iter=7 WAIST cost=34.0000 best_alt=22.0000 gap=12.0000 tried=5 sep_labels=22 clique_frac=0.00
t=2132ms iter=7 REBUILD reject new_tc=34.6868 (was 34.5911)
t=2196ms iter=7 incumb=34.5911 ratchet=35.1483 best=34.5911 since_improve=3
t=2219ms iter=8 WAIST cost=34.0000 best_alt=22.0000 gap=12.0000 tried=5 sep_labels=22 clique_frac=0.00
t=2359ms iter=8 REBUILD reject new_tc=34.7474 (was 34.5911)
t=2426ms iter=8 incumb=34.5911 ratchet=35.5191 best=34.5911 since_improve=4
t=2443ms iter=9 WAIST cost=34.0000 best_alt=22.0000 gap=12.0000 tried=5 sep_labels=22 clique_frac=0.00
t=2583ms iter=9 REBUILD reject new_tc=34.5917 (was 34.5911)
t=2647ms iter=9 incumb=34.5911 ratchet=35.1927 best=34.5911 since_improve=5
t=2666ms iter=10 WAIST cost=34.0000 best_alt=22.0000 gap=12.0000 tried=5 sep_labels=22 clique_frac=0.00
t=2805ms iter=10 REBUILD reject new_tc=34.7419 (was 34.5911)
t=2869ms iter=10 incumb=34.5911 ratchet=35.2934 best=34.5911 since_improve=6
t=2889ms iter=11 WAIST cost=34.0000 best_alt=22.0000 gap=12.0000 tried=5 sep_labels=22 clique_frac=0.00
t=3028ms iter=11 REBUILD reject new_tc=34.7713 (was 34.5911)
t=3092ms iter=11 incumb=34.5911 ratchet=35.2330 best=34.5911 since_improve=7
t=3107ms iter=12 WAIST cost=34.0000 best_alt=22.0000 gap=12.0000 tried=5 sep_labels=22 clique_frac=0.00
t=3245ms iter=12 REBUILD reject new_tc=34.6897 (was 34.5911)
t=3315ms iter=12 incumb=34.5911 ratchet=45.8531 best=34.5911 since_improve=8
t=3336ms iter=13 WAIST cost=34.0000 best_alt=22.0000 gap=12.0000 tried=5 sep_labels=22 clique_frac=0.00
t=3482ms iter=13 REBUILD ACCEPT new_tc=34.5335 (was 34.5911)
t=3549ms iter=13 incumb=34.5335 ratchet=36.2490 best=34.5335 since_improve=1
t=3561ms iter=14 WAIST cost=34.0000 best_alt=22.0000 gap=12.0000 tried=5 sep_labels=22 clique_frac=0.00
t=3701ms iter=14 REBUILD reject new_tc=35.4253 (was 34.5335)
t=3765ms iter=14 incumb=34.5335 ratchet=35.2061 best=34.5335 since_improve=2
t=3783ms iter=15 WAIST cost=34.0000 best_alt=22.0000 gap=12.0000 tried=5 sep_labels=22 clique_frac=0.00
t=3922ms iter=15 REBUILD reject new_tc=35.6237 (was 34.5335)
t=3986ms iter=15 incumb=34.5335 ratchet=34.8552 best=34.5335 since_improve=3
t=4000ms iter=16 WAIST cost=34.0000 best_alt=22.0000 gap=12.0000 tried=5 sep_labels=22 clique_frac=0.00
t=4138ms iter=16 REBUILD reject new_tc=35.4740 (was 34.5335)
t=4202ms iter=16 incumb=34.5335 ratchet=35.3237 best=34.5335 since_improve=4
t=4216ms iter=17 WAIST cost=34.0000 best_alt=22.0000 gap=12.0000 tried=5 sep_labels=22 clique_frac=0.00
t=4356ms iter=17 REBUILD reject new_tc=35.3662 (was 34.5335)
t=4425ms iter=17 incumb=34.5335 ratchet=43.2667 best=34.5335 since_improve=5
t=4438ms iter=18 WAIST cost=34.0000 best_alt=22.0000 gap=12.0000 tried=5 sep_labels=22 clique_frac=0.00
t=4578ms iter=18 REBUILD reject new_tc=34.6032 (was 34.5335)
t=4643ms iter=18 incumb=34.5335 ratchet=35.3792 best=34.5335 since_improve=6
t=4659ms iter=19 WAIST cost=34.0000 best_alt=22.0000 gap=12.0000 tried=5 sep_labels=22 clique_frac=0.00
t=4798ms iter=19 REBUILD reject new_tc=35.2479 (was 34.5335)
t=4863ms iter=19 incumb=34.5335 ratchet=35.9846 best=34.5335 since_improve=7
t=4879ms iter=20 WAIST cost=34.0000 best_alt=22.0000 gap=12.0000 tried=5 sep_labels=22 clique_frac=0.00
t=5018ms iter=20 REBUILD reject new_tc=35.6204 (was 34.5335)
t=5083ms iter=20 incumb=34.5335 ratchet=37.8368 best=34.5335 since_improve=8
t=5102ms iter=21 WAIST cost=34.0000 best_alt=22.0000 gap=12.0000 tried=5 sep_labels=22 clique_frac=0.00
t=5241ms iter=21 REBUILD reject new_tc=35.3349 (was 34.5335)
t=5306ms iter=21 incumb=34.5335 ratchet=35.4553 best=34.5335 since_improve=9
t=5320ms iter=22 WAIST cost=34.0000 best_alt=22.0000 gap=12.0000 tried=5 sep_labels=22 clique_frac=0.00
t=5460ms iter=22 REBUILD reject new_tc=35.5621 (was 34.5335)
t=5524ms iter=22 incumb=34.5335 ratchet=35.5096 best=34.5335 since_improve=10
t=5539ms iter=23 WAIST cost=34.0000 best_alt=22.0000 gap=12.0000 tried=5 sep_labels=22 clique_frac=0.00
t=5678ms iter=23 REBUILD reject new_tc=35.2474 (was 34.5335)
t=5742ms iter=23 incumb=34.5335 ratchet=34.9015 best=34.5335 since_improve=11
t=5756ms iter=24 WAIST cost=34.0000 best_alt=22.0000 gap=12.0000 tried=5 sep_labels=22 clique_frac=0.00
t=5895ms iter=24 REBUILD reject new_tc=35.6677 (was 34.5335)
t=5964ms iter=24 incumb=34.5335 ratchet=44.5828 best=34.5335 since_improve=12
t=5979ms iter=25 WAIST cost=34.0000 best_alt=22.0000 gap=12.0000 tried=5 sep_labels=22 clique_frac=0.00
t=6119ms iter=25 REBUILD reject new_tc=35.0053 (was 34.5335)
t=6183ms iter=25 incumb=34.5335 ratchet=35.1678 best=34.5335 since_improve=13
t=6203ms iter=26 WAIST cost=34.0000 best_alt=22.0000 gap=12.0000 tried=5 sep_labels=22 clique_frac=0.00
t=6345ms iter=26 REBUILD reject new_tc=35.3337 (was 34.5335)
t=6409ms iter=26 incumb=34.5335 ratchet=35.0930 best=34.5335 since_improve=14
t=6425ms iter=27 WAIST cost=34.0000 best_alt=22.0000 gap=12.0000 tried=5 sep_labels=22 clique_frac=0.00
t=6565ms iter=27 REBUILD reject new_tc=35.6179 (was 34.5335)
t=6630ms iter=27 incumb=34.5335 ratchet=35.6051 best=34.5335 since_improve=15
t=6646ms iter=28 WAIST cost=34.0000 best_alt=22.0000 gap=12.0000 tried=5 sep_labels=22 clique_frac=0.00
t=6786ms iter=28 REBUILD reject new_tc=35.4308 (was 34.5335)
t=6851ms iter=28 incumb=34.5335 ratchet=35.4359 best=34.5335 since_improve=16
t=6865ms iter=29 WAIST cost=34.0000 best_alt=22.0000 gap=12.0000 tried=5 sep_labels=22 clique_frac=0.00
t=7005ms iter=29 REBUILD reject new_tc=35.3750 (was 34.5335)
t=7070ms iter=29 incumb=34.5335 ratchet=34.9187 best=34.5335 since_improve=17
t=7088ms iter=30 WAIST cost=34.0000 best_alt=22.0000 gap=12.0000 tried=5 sep_labels=22 clique_frac=0.00
t=7226ms iter=30 REBUILD reject new_tc=35.6935 (was 34.5335)
t=7291ms iter=30 incumb=34.5335 ratchet=35.1289 best=34.5335 since_improve=18
t=7305ms iter=31 WAIST cost=34.0000 best_alt=22.0000 gap=12.0000 tried=5 sep_labels=22 clique_frac=0.00
t=7445ms iter=31 REBUILD reject new_tc=35.5117 (was 34.5335)
t=7511ms iter=31 incumb=34.5335 ratchet=35.3201 best=34.5335 since_improve=19
t=7530ms iter=32 WAIST cost=34.0000 best_alt=22.0000 gap=12.0000 tried=5 sep_labels=22 clique_frac=0.00
t=7671ms iter=32 REBUILD reject new_tc=35.4938 (was 34.5335)
t=7736ms iter=32 incumb=34.5335 ratchet=35.2820 best=34.5335 since_improve=20
t=7753ms iter=33 WAIST cost=34.0000 best_alt=22.0000 gap=12.0000 tried=5 sep_labels=22 clique_frac=0.00
t=7893ms iter=33 REBUILD reject new_tc=35.4051 (was 34.5335)
t=7958ms iter=33 incumb=34.5335 ratchet=35.0827 best=34.5335 since_improve=21
t=7975ms iter=34 WAIST cost=34.0000 best_alt=22.0000 gap=12.0000 tried=5 sep_labels=22 clique_frac=0.00
t=8116ms iter=34 REBUILD reject new_tc=35.3818 (was 34.5335)
t=8179ms iter=34 incumb=34.5335 ratchet=35.4679 best=34.5335 since_improve=22
t=8196ms iter=35 WAIST cost=34.0000 best_alt=22.0000 gap=12.0000 tried=5 sep_labels=22 clique_frac=0.00
t=8335ms iter=35 REBUILD reject new_tc=35.4384 (was 34.5335)
t=8405ms iter=35 incumb=34.5335 ratchet=43.4708 best=34.5335 since_improve=23
t=8422ms iter=36 WAIST cost=34.0000 best_alt=22.0000 gap=12.0000 tried=5 sep_labels=22 clique_frac=0.00
t=8561ms iter=36 REBUILD reject new_tc=35.7077 (was 34.5335)
t=8629ms iter=36 incumb=34.5335 ratchet=37.2905 best=34.5335 since_improve=24
t=8648ms iter=37 WAIST cost=34.0000 best_alt=22.0000 gap=12.0000 tried=5 sep_labels=22 clique_frac=0.00
t=8787ms iter=37 REBUILD reject new_tc=35.3853 (was 34.5335)
t=8852ms iter=37 incumb=34.5335 ratchet=35.0901 best=34.5335 since_improve=25
t=8865ms iter=38 WAIST cost=34.0000 best_alt=22.0000 gap=12.0000 tried=5 sep_labels=22 clique_frac=0.00
t=9005ms iter=38 REBUILD reject new_tc=35.6220 (was 34.5335)
t=9069ms iter=38 incumb=34.5335 ratchet=35.1451 best=34.5335 since_improve=26
t=9087ms iter=39 WAIST cost=34.0000 best_alt=22.0000 gap=12.0000 tried=5 sep_labels=22 clique_frac=0.00
t=9229ms iter=39 REBUILD reject new_tc=35.1421 (was 34.5335)
t=9294ms iter=39 incumb=34.5335 ratchet=35.4212 best=34.5335 since_improve=27
t=9311ms iter=40 WAIST cost=34.0000 best_alt=22.0000 gap=12.0000 tried=5 sep_labels=22 clique_frac=0.00
t=9452ms iter=40 REBUILD reject new_tc=35.3848 (was 34.5335)
t=9518ms iter=40 incumb=34.5335 ratchet=36.0740 best=34.5335 since_improve=28
t=9535ms iter=41 WAIST cost=34.0000 best_alt=22.0000 gap=12.0000 tried=5 sep_labels=22 clique_frac=0.00
t=9673ms iter=41 REBUILD reject new_tc=35.5108 (was 34.5335)
t=9738ms iter=41 incumb=34.5335 ratchet=35.0980 best=34.5335 since_improve=29
t=9755ms iter=42 WAIST cost=34.0000 best_alt=22.0000 gap=12.0000 tried=5 sep_labels=22 clique_frac=0.00
t=9895ms iter=42 REBUILD reject new_tc=35.6479 (was 34.5335)
t=9962ms iter=42 incumb=34.5335 ratchet=37.5703 best=34.5335 since_improve=30
t=9978ms iter=43 WAIST cost=34.0000 best_alt=22.0000 gap=12.0000 tried=5 sep_labels=22 clique_frac=0.00
t=10118ms iter=43 REBUILD reject new_tc=35.5236 (was 34.5335)
t=10183ms iter=43 incumb=34.5335 ratchet=35.2649 best=34.5335 since_improve=31
t=10201ms iter=44 WAIST cost=34.0000 best_alt=22.0000 gap=12.0000 tried=5 sep_labels=22 clique_frac=0.00
t=10341ms iter=44 REBUILD reject new_tc=35.5513 (was 34.5335)
t=10406ms iter=44 incumb=34.5335 ratchet=35.2974 best=34.5335 since_improve=32
t=10423ms iter=45 WAIST cost=34.0000 best_alt=22.0000 gap=12.0000 tried=5 sep_labels=22 clique_frac=0.00
t=10564ms iter=45 REBUILD reject new_tc=35.7048 (was 34.5335)
t=10629ms iter=45 incumb=34.5335 ratchet=35.3198 best=34.5335 since_improve=33
t=10646ms iter=46 WAIST cost=34.0000 best_alt=22.0000 gap=12.0000 tried=5 sep_labels=22 clique_frac=0.00
t=10785ms iter=46 REBUILD reject new_tc=35.0331 (was 34.5335)
t=10850ms iter=46 incumb=34.5335 ratchet=35.1868 best=34.5335 since_improve=34
t=10865ms iter=47 WAIST cost=34.0000 best_alt=22.0000 gap=12.0000 tried=5 sep_labels=22 clique_frac=0.00
t=11005ms iter=47 REBUILD reject new_tc=35.0987 (was 34.5335)
t=11070ms iter=47 incumb=34.5335 ratchet=35.1446 best=34.5335 since_improve=35
t=11084ms iter=48 WAIST cost=34.0000 best_alt=22.0000 gap=12.0000 tried=5 sep_labels=22 clique_frac=0.00
t=11223ms iter=48 REBUILD reject new_tc=35.6919 (was 34.5335)
t=11287ms iter=48 incumb=34.5335 ratchet=34.9717 best=34.5335 since_improve=36
t=11301ms iter=49 WAIST cost=34.0000 best_alt=22.0000 gap=12.0000 tried=5 sep_labels=22 clique_frac=0.00
t=11442ms iter=49 REBUILD reject new_tc=35.5738 (was 34.5335)
t=11506ms iter=49 incumb=34.5335 ratchet=35.4671 best=34.5335 since_improve=37
t=11522ms iter=50 WAIST cost=34.0000 best_alt=22.0000 gap=12.0000 tried=5 sep_labels=22 clique_frac=0.00
t=11662ms iter=50 REBUILD reject new_tc=35.4266 (was 34.5335)
t=11727ms iter=50 incumb=34.5335 ratchet=35.2652 best=34.5335 since_improve=38
t=11742ms iter=51 WAIST cost=34.0000 best_alt=22.0000 gap=12.0000 tried=5 sep_labels=22 clique_frac=0.00
t=11880ms iter=51 REBUILD reject new_tc=35.4151 (was 34.5335)
t=11946ms iter=51 incumb=34.5335 ratchet=35.0742 best=34.5335 since_improve=39
t=11960ms iter=52 WAIST cost=34.0000 best_alt=22.0000 gap=12.0000 tried=5 sep_labels=22 clique_frac=0.00
t=12099ms iter=52 REBUILD reject new_tc=35.5636 (was 34.5335)
t=12166ms iter=52 incumb=34.5335 ratchet=38.3476 best=34.5335 since_improve=40
t=12185ms iter=53 WAIST cost=34.0000 best_alt=22.0000 gap=12.0000 tried=5 sep_labels=22 clique_frac=0.00
t=12326ms iter=53 REBUILD reject new_tc=35.5852 (was 34.5335)
t=12392ms iter=53 incumb=34.5335 ratchet=35.2123 best=34.5335 since_improve=41
t=12407ms iter=54 WAIST cost=34.0000 best_alt=22.0000 gap=12.0000 tried=5 sep_labels=22 clique_frac=0.00
t=12545ms iter=54 REBUILD reject new_tc=35.4254 (was 34.5335)
t=12609ms iter=54 incumb=34.5335 ratchet=35.0713 best=34.5335 since_improve=42
t=12624ms iter=55 WAIST cost=34.0000 best_alt=22.0000 gap=12.0000 tried=5 sep_labels=22 clique_frac=0.00
t=12765ms iter=55 REBUILD reject new_tc=34.8508 (was 34.5335)
t=12830ms iter=55 incumb=34.5335 ratchet=35.2315 best=34.5335 since_improve=43
t=12846ms iter=56 WAIST cost=34.0000 best_alt=22.0000 gap=12.0000 tried=5 sep_labels=22 clique_frac=0.00
t=12985ms iter=56 REBUILD reject new_tc=35.4595 (was 34.5335)
t=13050ms iter=56 incumb=34.5335 ratchet=35.1870 best=34.5335 since_improve=44
t=13067ms iter=57 WAIST cost=34.0000 best_alt=22.0000 gap=12.0000 tried=5 sep_labels=22 clique_frac=0.00
t=13206ms iter=57 REBUILD reject new_tc=35.4892 (was 34.5335)
t=13271ms iter=57 incumb=34.5335 ratchet=35.3484 best=34.5335 since_improve=45
t=13286ms iter=58 WAIST cost=34.0000 best_alt=22.0000 gap=12.0000 tried=5 sep_labels=22 clique_frac=0.00
t=13426ms iter=58 REBUILD reject new_tc=35.4899 (was 34.5335)
t=13490ms iter=58 incumb=34.5335 ratchet=35.3654 best=34.5335 since_improve=46
t=13506ms iter=59 WAIST cost=34.0000 best_alt=22.0000 gap=12.0000 tried=5 sep_labels=22 clique_frac=0.00
t=13644ms iter=59 REBUILD reject new_tc=35.5284 (was 34.5335)
t=13710ms iter=59 incumb=34.5335 ratchet=35.1775 best=34.5335 since_improve=47
t=13726ms iter=60 WAIST cost=34.0000 best_alt=22.0000 gap=12.0000 tried=5 sep_labels=22 clique_frac=0.00
t=13866ms iter=60 REBUILD reject new_tc=35.4586 (was 34.5335)
t=13931ms iter=60 incumb=34.5335 ratchet=35.0244 best=34.5335 since_improve=48
t=13947ms iter=61 WAIST cost=34.0000 best_alt=22.0000 gap=12.0000 tried=5 sep_labels=22 clique_frac=0.00
t=14084ms iter=61 REBUILD reject new_tc=35.3732 (was 34.5335)
t=14149ms iter=61 incumb=34.5335 ratchet=34.9416 best=34.5335 since_improve=49
t=14168ms iter=62 WAIST cost=34.0000 best_alt=22.0000 gap=12.0000 tried=5 sep_labels=22 clique_frac=0.00
t=14307ms iter=62 REBUILD reject new_tc=35.6318 (was 34.5335)
t=14377ms iter=62 incumb=34.5335 ratchet=43.3596 best=34.5335 since_improve=50
t=14397ms iter=63 WAIST cost=34.0000 best_alt=22.0000 gap=12.0000 tried=5 sep_labels=22 clique_frac=0.00
t=14536ms iter=63 REBUILD reject new_tc=35.4894 (was 34.5335)
t=14600ms iter=63 incumb=34.5335 ratchet=35.0997 best=34.5335 since_improve=51
t=14617ms iter=64 WAIST cost=34.0000 best_alt=22.0000 gap=12.0000 tried=5 sep_labels=22 clique_frac=0.00
t=14755ms iter=64 REBUILD reject new_tc=35.5433 (was 34.5335)
t=14820ms iter=64 incumb=34.5335 ratchet=34.9971 best=34.5335 since_improve=52
t=14835ms iter=65 WAIST cost=34.0000 best_alt=22.0000 gap=12.0000 tried=5 sep_labels=22 clique_frac=0.00
t=14973ms iter=65 REBUILD reject new_tc=35.2597 (was 34.5335)
t=15038ms iter=65 incumb=34.5335 ratchet=35.0686 best=34.5335 since_improve=53
t=15055ms iter=66 WAIST cost=34.0000 best_alt=22.0000 gap=12.0000 tried=5 sep_labels=22 clique_frac=0.00
t=15194ms iter=66 REBUILD reject new_tc=35.5571 (was 34.5335)
t=15264ms iter=66 incumb=34.5335 ratchet=45.2671 best=34.5335 since_improve=54
t=15281ms iter=67 WAIST cost=34.0000 best_alt=22.0000 gap=12.0000 tried=5 sep_labels=22 clique_frac=0.00
t=15421ms iter=67 REBUILD reject new_tc=35.4287 (was 34.5335)
t=15488ms iter=67 incumb=34.5335 ratchet=39.6904 best=34.5335 since_improve=55
t=15506ms iter=68 WAIST cost=34.0000 best_alt=22.0000 gap=12.0000 tried=5 sep_labels=22 clique_frac=0.00
t=15645ms iter=68 REBUILD reject new_tc=35.4181 (was 34.5335)
t=15709ms iter=68 incumb=34.5335 ratchet=35.4693 best=34.5335 since_improve=56
t=15728ms iter=69 WAIST cost=34.0000 best_alt=22.0000 gap=12.0000 tried=5 sep_labels=22 clique_frac=0.00
t=15867ms iter=69 REBUILD reject new_tc=35.4522 (was 34.5335)
t=15931ms iter=69 incumb=34.5335 ratchet=34.9536 best=34.5335 since_improve=57
t=15946ms iter=70 WAIST cost=34.0000 best_alt=22.0000 gap=12.0000 tried=5 sep_labels=22 clique_frac=0.00
t=16084ms iter=70 REBUILD reject new_tc=35.5090 (was 34.5335)
t=16151ms iter=70 incumb=34.5335 ratchet=37.0589 best=34.5335 since_improve=58
t=16168ms iter=71 WAIST cost=34.0000 best_alt=22.0000 gap=12.0000 tried=5 sep_labels=22 clique_frac=0.00
t=16308ms iter=71 REBUILD reject new_tc=35.3960 (was 34.5335)
t=16372ms iter=71 incumb=34.5335 ratchet=34.9017 best=34.5335 since_improve=59
t=16389ms iter=72 WAIST cost=34.0000 best_alt=22.0000 gap=12.0000 tried=5 sep_labels=22 clique_frac=0.00
t=16528ms iter=72 REBUILD reject new_tc=35.6095 (was 34.5335)
t=16593ms iter=72 incumb=34.5335 ratchet=35.1480 best=34.5335 since_improve=60
t=16608ms iter=73 WAIST cost=34.0000 best_alt=22.0000 gap=12.0000 tried=5 sep_labels=22 clique_frac=0.00
t=16747ms iter=73 REBUILD reject new_tc=35.3648 (was 34.5335)
t=16811ms iter=73 incumb=34.5335 ratchet=35.4880 best=34.5335 since_improve=61
t=16825ms iter=74 WAIST cost=34.0000 best_alt=22.0000 gap=12.0000 tried=5 sep_labels=22 clique_frac=0.00
t=16964ms iter=74 REBUILD reject new_tc=35.5844 (was 34.5335)
t=17029ms iter=74 incumb=34.5335 ratchet=35.9464 best=34.5335 since_improve=62
t=17045ms iter=75 WAIST cost=34.0000 best_alt=22.0000 gap=12.0000 tried=5 sep_labels=22 clique_frac=0.00
t=17184ms iter=75 REBUILD reject new_tc=35.4645 (was 34.5335)
t=17248ms iter=75 incumb=34.5335 ratchet=35.0884 best=34.5335 since_improve=63
t=17269ms iter=76 WAIST cost=34.0000 best_alt=22.0000 gap=12.0000 tried=5 sep_labels=22 clique_frac=0.00
t=17409ms iter=76 REBUILD reject new_tc=35.5774 (was 34.5335)
t=17473ms iter=76 incumb=34.5335 ratchet=35.2716 best=34.5335 since_improve=64
t=17489ms iter=77 WAIST cost=34.0000 best_alt=22.0000 gap=12.0000 tried=5 sep_labels=22 clique_frac=0.00
t=17629ms iter=77 REBUILD reject new_tc=35.5789 (was 34.5335)
t=17693ms iter=77 incumb=34.5335 ratchet=35.1171 best=34.5335 since_improve=65
t=17707ms iter=78 WAIST cost=34.0000 best_alt=22.0000 gap=12.0000 tried=5 sep_labels=22 clique_frac=0.00
t=17846ms iter=78 REBUILD reject new_tc=35.2696 (was 34.5335)
t=17910ms iter=78 incumb=34.5335 ratchet=35.2369 best=34.5335 since_improve=66
t=17927ms iter=79 WAIST cost=34.0000 best_alt=22.0000 gap=12.0000 tried=5 sep_labels=22 clique_frac=0.00
t=18067ms iter=79 REBUILD reject new_tc=35.3835 (was 34.5335)
t=18131ms iter=79 incumb=34.5335 ratchet=35.3746 best=34.5335 since_improve=67
t=18148ms iter=80 WAIST cost=34.0000 best_alt=22.0000 gap=12.0000 tried=5 sep_labels=22 clique_frac=0.00
t=18274ms iter=80 REBUILD reject new_tc=35.3947 (was 34.5335)
t=18330ms iter=80 incumb=34.5335 ratchet=34.8621 best=34.5335 since_improve=68
t=18343ms iter=81 WAIST cost=34.0000 best_alt=22.0000 gap=12.0000 tried=5 sep_labels=22 clique_frac=0.00
t=18482ms iter=81 REBUILD reject new_tc=35.5073 (was 34.5335)
t=18548ms iter=81 incumb=34.5335 ratchet=35.0314 best=34.5335 since_improve=69
t=18564ms iter=82 WAIST cost=34.0000 best_alt=22.0000 gap=12.0000 tried=5 sep_labels=22 clique_frac=0.00
t=18706ms iter=82 REBUILD reject new_tc=35.2025 (was 34.5335)
t=18803ms iter=82 incumb=34.5335 ratchet=35.7933 best=34.5335 since_improve=70
t=18824ms iter=83 WAIST cost=34.0000 best_alt=22.0000 gap=12.0000 tried=5 sep_labels=22 clique_frac=0.00
t=18989ms iter=83 REBUILD ACCEPT new_tc=34.5093 (was 34.5335)
t=19056ms iter=83 incumb=34.5093 ratchet=36.7257 best=34.5093 since_improve=1
t=19072ms iter=84 WAIST cost=34.0000 best_alt=22.0000 gap=12.0000 tried=5 sep_labels=22 clique_frac=0.00
t=19212ms iter=84 REBUILD reject new_tc=37.4745 (was 34.5093)
t=19278ms iter=84 incumb=34.5093 ratchet=35.8234 best=34.5093 since_improve=2
t=19293ms iter=85 WAIST cost=34.0000 best_alt=22.0000 gap=12.0000 tried=5 sep_labels=22 clique_frac=0.00
t=19435ms iter=85 REBUILD reject new_tc=36.8047 (was 34.5093)
t=19501ms iter=85 incumb=34.5093 ratchet=36.2099 best=34.5093 since_improve=3
t=19514ms iter=86 WAIST cost=34.0000 best_alt=22.0000 gap=12.0000 tried=5 sep_labels=22 clique_frac=0.00
t=19656ms iter=86 REBUILD reject new_tc=37.6157 (was 34.5093)
t=19722ms iter=86 incumb=34.5093 ratchet=35.3657 best=34.5093 since_improve=4
t=19733ms iter=87 WAIST cost=34.0000 best_alt=22.0000 gap=12.0000 tried=5 sep_labels=22 clique_frac=0.00
t=19876ms iter=87 REBUILD reject new_tc=37.5270 (was 34.5093)
t=19941ms iter=87 incumb=34.5093 ratchet=36.4182 best=34.5093 since_improve=5
t=19960ms iter=88 WAIST cost=34.0000 best_alt=22.0000 gap=12.0000 tried=5 sep_labels=22 clique_frac=0.00
t=20100ms iter=88 REBUILD reject new_tc=37.4426 (was 34.5093)
t=20168ms iter=88 incumb=34.5093 ratchet=35.5988 best=34.5093 since_improve=6
t=20184ms iter=89 WAIST cost=34.0000 best_alt=22.0000 gap=12.0000 tried=5 sep_labels=22 clique_frac=0.00
t=20424ms iter=89 REBUILD reject new_tc=37.3578 (was 34.5093)
t=20491ms iter=89 incumb=34.5093 ratchet=35.8560 best=34.5093 since_improve=7
t=20502ms iter=90 WAIST cost=34.0000 best_alt=22.0000 gap=12.0000 tried=5 sep_labels=22 clique_frac=0.00
t=20643ms iter=90 REBUILD reject new_tc=37.4427 (was 34.5093)
t=20708ms iter=90 incumb=34.5093 ratchet=36.1040 best=34.5093 since_improve=8
t=20721ms iter=91 WAIST cost=34.0000 best_alt=22.0000 gap=12.0000 tried=5 sep_labels=22 clique_frac=0.00
t=20862ms iter=91 REBUILD reject new_tc=37.5574 (was 34.5093)
t=20927ms iter=91 incumb=34.5093 ratchet=36.1944 best=34.5093 since_improve=9
t=20938ms iter=92 WAIST cost=34.0000 best_alt=22.0000 gap=12.0000 tried=5 sep_labels=22 clique_frac=0.00
t=21103ms iter=92 REBUILD reject new_tc=37.4037 (was 34.5093)
t=21168ms iter=92 incumb=34.5093 ratchet=35.9437 best=34.5093 since_improve=10
t=21182ms iter=93 WAIST cost=34.0000 best_alt=22.0000 gap=12.0000 tried=5 sep_labels=22 clique_frac=0.00
t=21324ms iter=93 REBUILD reject new_tc=37.2966 (was 34.5093)
t=21390ms iter=93 incumb=34.5093 ratchet=36.3268 best=34.5093 since_improve=11
t=21404ms iter=94 WAIST cost=34.0000 best_alt=22.0000 gap=12.0000 tried=5 sep_labels=22 clique_frac=0.00
t=21546ms iter=94 REBUILD reject new_tc=37.6223 (was 34.5093)
t=21610ms iter=94 incumb=34.5093 ratchet=36.1449 best=34.5093 since_improve=12
t=21624ms iter=95 WAIST cost=34.0000 best_alt=22.0000 gap=12.0000 tried=5 sep_labels=22 clique_frac=0.00
t=21766ms iter=95 REBUILD reject new_tc=37.6357 (was 34.5093)
t=21834ms iter=95 incumb=34.5093 ratchet=37.7928 best=34.5093 since_improve=13
t=21849ms iter=96 WAIST cost=34.0000 best_alt=22.0000 gap=12.0000 tried=5 sep_labels=22 clique_frac=0.00
t=21990ms iter=96 REBUILD reject new_tc=37.2946 (was 34.5093)
t=22056ms iter=96 incumb=34.5093 ratchet=35.9339 best=34.5093 since_improve=14
t=22071ms iter=97 WAIST cost=34.0000 best_alt=22.0000 gap=12.0000 tried=5 sep_labels=22 clique_frac=0.00
t=22217ms iter=97 REBUILD reject new_tc=37.5022 (was 34.5093)
t=22291ms iter=97 incumb=34.5093 ratchet=36.1769 best=34.5093 since_improve=15
t=22325ms iter=98 WAIST cost=34.0000 best_alt=22.0000 gap=12.0000 tried=5 sep_labels=22 clique_frac=0.00
t=22489ms iter=98 REBUILD reject new_tc=37.5041 (was 34.5093)
t=22554ms iter=98 incumb=34.5093 ratchet=36.2195 best=34.5093 since_improve=16
t=22566ms iter=99 WAIST cost=34.0000 best_alt=22.0000 gap=12.0000 tried=5 sep_labels=22 clique_frac=0.00
t=22705ms iter=99 REBUILD reject new_tc=37.3510 (was 34.5093)
t=22771ms iter=99 incumb=34.5093 ratchet=36.1814 best=34.5093 since_improve=17
t=22782ms iter=100 WAIST cost=34.0000 best_alt=22.0000 gap=12.0000 tried=5 sep_labels=22 clique_frac=0.00
t=22924ms iter=100 REBUILD reject new_tc=37.3151 (was 34.5093)
t=22989ms iter=100 incumb=34.5093 ratchet=35.6649 best=34.5093 since_improve=18
t=23000ms iter=101 WAIST cost=34.0000 best_alt=22.0000 gap=12.0000 tried=5 sep_labels=22 clique_frac=0.00
t=23140ms iter=101 REBUILD reject new_tc=37.6812 (was 34.5093)
t=23205ms iter=101 incumb=34.5093 ratchet=36.2130 best=34.5093 since_improve=19
t=23221ms iter=102 WAIST cost=34.0000 best_alt=22.0000 gap=12.0000 tried=5 sep_labels=22 clique_frac=0.00
t=23363ms iter=102 REBUILD reject new_tc=37.5051 (was 34.5093)
t=23428ms iter=102 incumb=34.5093 ratchet=36.1406 best=34.5093 since_improve=20
t=23443ms iter=103 WAIST cost=34.0000 best_alt=22.0000 gap=12.0000 tried=5 sep_labels=22 clique_frac=0.00
t=23584ms iter=103 REBUILD reject new_tc=37.3738 (was 34.5093)
t=23650ms iter=103 incumb=34.5093 ratchet=36.0819 best=34.5093 since_improve=21
t=23665ms iter=104 WAIST cost=34.0000 best_alt=22.0000 gap=12.0000 tried=5 sep_labels=22 clique_frac=0.00
t=23806ms iter=104 REBUILD reject new_tc=37.4949 (was 34.5093)
t=23872ms iter=104 incumb=34.5093 ratchet=36.2850 best=34.5093 since_improve=22
t=23885ms iter=105 WAIST cost=34.0000 best_alt=22.0000 gap=12.0000 tried=5 sep_labels=22 clique_frac=0.00
t=24029ms iter=105 REBUILD reject new_tc=36.8017 (was 34.5093)
t=24095ms iter=105 incumb=34.5093 ratchet=35.9373 best=34.5093 since_improve=23
t=24108ms iter=106 WAIST cost=34.0000 best_alt=22.0000 gap=12.0000 tried=5 sep_labels=22 clique_frac=0.00
t=24250ms iter=106 REBUILD reject new_tc=37.2978 (was 34.5093)
t=24320ms iter=106 incumb=34.5093 ratchet=44.2162 best=34.5093 since_improve=24
t=24331ms iter=107 WAIST cost=34.0000 best_alt=22.0000 gap=12.0000 tried=5 sep_labels=22 clique_frac=0.00
t=24472ms iter=107 REBUILD reject new_tc=37.3965 (was 34.5093)
t=24538ms iter=107 incumb=34.5093 ratchet=36.1809 best=34.5093 since_improve=25
t=24551ms iter=108 WAIST cost=34.0000 best_alt=22.0000 gap=12.0000 tried=5 sep_labels=22 clique_frac=0.00
t=24691ms iter=108 REBUILD reject new_tc=37.5204 (was 34.5093)
t=24756ms iter=108 incumb=34.5093 ratchet=36.0231 best=34.5093 since_improve=26
t=24766ms iter=109 WAIST cost=34.0000 best_alt=22.0000 gap=12.0000 tried=5 sep_labels=22 clique_frac=0.00
t=24907ms iter=109 REBUILD reject new_tc=37.4206 (was 34.5093)
t=24973ms iter=109 incumb=34.5093 ratchet=35.8306 best=34.5093 since_improve=27
t=24987ms iter=110 WAIST cost=34.0000 best_alt=22.0000 gap=12.0000 tried=5 sep_labels=22 clique_frac=0.00
t=25129ms iter=110 REBUILD reject new_tc=37.5547 (was 34.5093)
t=25195ms iter=110 incumb=34.5093 ratchet=35.9948 best=34.5093 since_improve=28
t=25206ms iter=111 WAIST cost=34.0000 best_alt=22.0000 gap=12.0000 tried=5 sep_labels=22 clique_frac=0.00
t=25348ms iter=111 REBUILD reject new_tc=37.1984 (was 34.5093)
t=25414ms iter=111 incumb=34.5093 ratchet=35.9581 best=34.5093 since_improve=29
t=25432ms iter=112 WAIST cost=34.0000 best_alt=22.0000 gap=12.0000 tried=5 sep_labels=22 clique_frac=0.00
t=25573ms iter=112 REBUILD reject new_tc=37.6617 (was 34.5093)
t=25638ms iter=112 incumb=34.5093 ratchet=36.1347 best=34.5093 since_improve=30
t=25655ms iter=113 WAIST cost=34.0000 best_alt=22.0000 gap=12.0000 tried=5 sep_labels=22 clique_frac=0.00
t=25794ms iter=113 REBUILD reject new_tc=37.5291 (was 34.5093)
t=25859ms iter=113 incumb=34.5093 ratchet=36.7161 best=34.5093 since_improve=31
t=25870ms iter=114 WAIST cost=34.0000 best_alt=22.0000 gap=12.0000 tried=5 sep_labels=22 clique_frac=0.00
t=26010ms iter=114 REBUILD reject new_tc=37.4317 (was 34.5093)
t=26076ms iter=114 incumb=34.5093 ratchet=36.0601 best=34.5093 since_improve=32
t=26087ms iter=115 WAIST cost=34.0000 best_alt=22.0000 gap=12.0000 tried=5 sep_labels=22 clique_frac=0.00
t=26228ms iter=115 REBUILD reject new_tc=37.3960 (was 34.5093)
t=26295ms iter=115 incumb=34.5093 ratchet=35.9661 best=34.5093 since_improve=33
t=26306ms iter=116 WAIST cost=34.0000 best_alt=22.0000 gap=12.0000 tried=5 sep_labels=22 clique_frac=0.00
t=26446ms iter=116 REBUILD reject new_tc=37.4408 (was 34.5093)
t=26511ms iter=116 incumb=34.5093 ratchet=35.6752 best=34.5093 since_improve=34
t=26524ms iter=117 WAIST cost=34.0000 best_alt=22.0000 gap=12.0000 tried=5 sep_labels=22 clique_frac=0.00
t=26664ms iter=117 REBUILD reject new_tc=37.2685 (was 34.5093)
t=26731ms iter=117 incumb=34.5093 ratchet=36.5580 best=34.5093 since_improve=35
t=26747ms iter=118 WAIST cost=34.0000 best_alt=22.0000 gap=12.0000 tried=5 sep_labels=22 clique_frac=0.00
t=26890ms iter=118 REBUILD reject new_tc=37.7483 (was 34.5093)
t=26956ms iter=118 incumb=34.5093 ratchet=36.1788 best=34.5093 since_improve=36
t=26967ms iter=119 WAIST cost=34.0000 best_alt=22.0000 gap=12.0000 tried=5 sep_labels=22 clique_frac=0.00
t=27107ms iter=119 REBUILD reject new_tc=37.3564 (was 34.5093)
t=27172ms iter=119 incumb=34.5093 ratchet=35.7452 best=34.5093 since_improve=37
t=27184ms iter=120 WAIST cost=34.0000 best_alt=22.0000 gap=12.0000 tried=5 sep_labels=22 clique_frac=0.00
t=27327ms iter=120 REBUILD reject new_tc=37.6586 (was 34.5093)
t=27392ms iter=120 incumb=34.5093 ratchet=36.0571 best=34.5093 since_improve=38
t=27407ms iter=121 WAIST cost=34.0000 best_alt=22.0000 gap=12.0000 tried=5 sep_labels=22 clique_frac=0.00
t=27550ms iter=121 REBUILD reject new_tc=37.4388 (was 34.5093)
t=27616ms iter=121 incumb=34.5093 ratchet=35.9267 best=34.5093 since_improve=39
t=27632ms iter=122 WAIST cost=34.0000 best_alt=22.0000 gap=12.0000 tried=5 sep_labels=22 clique_frac=0.00
t=27772ms iter=122 REBUILD reject new_tc=36.7399 (was 34.5093)
t=27838ms iter=122 incumb=34.5093 ratchet=35.6940 best=34.5093 since_improve=40
t=27849ms iter=123 WAIST cost=34.0000 best_alt=22.0000 gap=12.0000 tried=5 sep_labels=22 clique_frac=0.00
t=27991ms iter=123 REBUILD reject new_tc=37.4957 (was 34.5093)
t=28056ms iter=123 incumb=34.5093 ratchet=36.0418 best=34.5093 since_improve=41
t=28067ms iter=124 WAIST cost=34.0000 best_alt=22.0000 gap=12.0000 tried=5 sep_labels=22 clique_frac=0.00
t=28209ms iter=124 REBUILD reject new_tc=37.3740 (was 34.5093)
t=28275ms iter=124 incumb=34.5093 ratchet=36.1142 best=34.5093 since_improve=42
t=28289ms iter=125 WAIST cost=34.0000 best_alt=22.0000 gap=12.0000 tried=5 sep_labels=22 clique_frac=0.00
t=28430ms iter=125 REBUILD reject new_tc=37.5599 (was 34.5093)
t=28496ms iter=125 incumb=34.5093 ratchet=36.2473 best=34.5093 since_improve=43
t=28514ms iter=126 WAIST cost=34.0000 best_alt=22.0000 gap=12.0000 tried=5 sep_labels=22 clique_frac=0.00
t=28654ms iter=126 REBUILD reject new_tc=37.4139 (was 34.5093)
t=28722ms iter=126 incumb=34.5093 ratchet=37.0860 best=34.5093 since_improve=44
t=28735ms iter=127 WAIST cost=34.0000 best_alt=22.0000 gap=12.0000 tried=5 sep_labels=22 clique_frac=0.00
t=28876ms iter=127 REBUILD reject new_tc=37.6355 (was 34.5093)
t=28942ms iter=127 incumb=34.5093 ratchet=36.1120 best=34.5093 since_improve=45
t=28955ms iter=128 WAIST cost=34.0000 best_alt=22.0000 gap=12.0000 tried=5 sep_labels=22 clique_frac=0.00
t=29096ms iter=128 REBUILD reject new_tc=37.4309 (was 34.5093)
t=29161ms iter=128 incumb=34.5093 ratchet=35.7079 best=34.5093 since_improve=46
t=29174ms iter=129 WAIST cost=34.0000 best_alt=22.0000 gap=12.0000 tried=5 sep_labels=22 clique_frac=0.00
t=29316ms iter=129 REBUILD reject new_tc=37.1614 (was 34.5093)
t=29382ms iter=129 incumb=34.5093 ratchet=36.0226 best=34.5093 since_improve=47
t=29395ms iter=130 WAIST cost=34.0000 best_alt=22.0000 gap=12.0000 tried=5 sep_labels=22 clique_frac=0.00
t=29535ms iter=130 REBUILD reject new_tc=36.7604 (was 34.5093)
t=29602ms iter=130 incumb=34.5093 ratchet=35.9657 best=34.5093 since_improve=48
t=29613ms iter=131 WAIST cost=34.0000 best_alt=22.0000 gap=12.0000 tried=5 sep_labels=22 clique_frac=0.00
t=29754ms iter=131 REBUILD reject new_tc=37.3301 (was 34.5093)
t=29820ms iter=131 incumb=34.5093 ratchet=36.1466 best=34.5093 since_improve=49
t=29840ms iter=132 WAIST cost=34.0000 best_alt=22.0000 gap=12.0000 tried=5 sep_labels=22 clique_frac=0.00
t=29982ms iter=132 REBUILD reject new_tc=37.3702 (was 34.5093)
t=30048ms iter=132 incumb=34.5093 ratchet=38.7124 best=34.5093 since_improve=50
t=30064ms iter=133 WAIST cost=34.0000 best_alt=22.0000 gap=12.0000 tried=5 sep_labels=22 clique_frac=0.00
t=30204ms iter=133 REBUILD reject new_tc=37.3503 (was 34.5093)
t=30270ms iter=133 incumb=34.5093 ratchet=34.9881 best=34.5093 since_improve=51
t=30283ms iter=134 WAIST cost=34.0000 best_alt=22.0000 gap=12.0000 tried=5 sep_labels=22 clique_frac=0.00
t=30423ms iter=134 REBUILD reject new_tc=37.4395 (was 34.5093)
t=30488ms iter=134 incumb=34.5093 ratchet=35.9786 best=34.5093 since_improve=52
t=30505ms iter=135 WAIST cost=34.0000 best_alt=22.0000 gap=12.0000 tried=5 sep_labels=22 clique_frac=0.00
t=30646ms iter=135 REBUILD reject new_tc=37.3991 (was 34.5093)
t=30712ms iter=135 incumb=34.5093 ratchet=35.8416 best=34.5093 since_improve=53
t=30725ms iter=136 WAIST cost=34.0000 best_alt=22.0000 gap=12.0000 tried=5 sep_labels=22 clique_frac=0.00
t=30866ms iter=136 REBUILD reject new_tc=37.4353 (was 34.5093)
t=30933ms iter=136 incumb=34.5093 ratchet=36.0258 best=34.5093 since_improve=54
t=30945ms iter=137 WAIST cost=34.0000 best_alt=22.0000 gap=12.0000 tried=5 sep_labels=22 clique_frac=0.00
t=31087ms iter=137 REBUILD reject new_tc=37.2678 (was 34.5093)
t=31152ms iter=137 incumb=34.5093 ratchet=36.0180 best=34.5093 since_improve=55
t=31167ms iter=138 WAIST cost=34.0000 best_alt=22.0000 gap=12.0000 tried=5 sep_labels=22 clique_frac=0.00
t=31306ms iter=138 REBUILD reject new_tc=36.8858 (was 34.5093)
t=31371ms iter=138 incumb=34.5093 ratchet=36.1057 best=34.5093 since_improve=56
t=31382ms iter=139 WAIST cost=34.0000 best_alt=22.0000 gap=12.0000 tried=5 sep_labels=22 clique_frac=0.00
t=31521ms iter=139 REBUILD reject new_tc=37.4701 (was 34.5093)
t=31587ms iter=139 incumb=34.5093 ratchet=35.7645 best=34.5093 since_improve=57
t=31601ms iter=140 WAIST cost=34.0000 best_alt=22.0000 gap=12.0000 tried=5 sep_labels=22 clique_frac=0.00
t=31741ms iter=140 REBUILD reject new_tc=37.4344 (was 34.5093)
t=31805ms iter=140 incumb=34.5093 ratchet=35.9057 best=34.5093 since_improve=58
t=31821ms iter=141 WAIST cost=34.0000 best_alt=22.0000 gap=12.0000 tried=5 sep_labels=22 clique_frac=0.00
t=31961ms iter=141 REBUILD reject new_tc=37.4193 (was 34.5093)
t=32026ms iter=141 incumb=34.5093 ratchet=35.9607 best=34.5093 since_improve=59
t=32037ms iter=142 WAIST cost=34.0000 best_alt=22.0000 gap=12.0000 tried=5 sep_labels=22 clique_frac=0.00
t=32178ms iter=142 REBUILD reject new_tc=37.3279 (was 34.5093)
t=32243ms iter=142 incumb=34.5093 ratchet=36.3828 best=34.5093 since_improve=60
t=32260ms iter=143 WAIST cost=34.0000 best_alt=22.0000 gap=12.0000 tried=5 sep_labels=22 clique_frac=0.00
t=32399ms iter=143 REBUILD reject new_tc=37.5032 (was 34.5093)
t=32465ms iter=143 incumb=34.5093 ratchet=36.1956 best=34.5093 since_improve=61
t=32479ms iter=144 WAIST cost=34.0000 best_alt=22.0000 gap=12.0000 tried=5 sep_labels=22 clique_frac=0.00
t=32619ms iter=144 REBUILD reject new_tc=37.4927 (was 34.5093)
t=32684ms iter=144 incumb=34.5093 ratchet=35.8833 best=34.5093 since_improve=62
t=32701ms iter=145 WAIST cost=34.0000 best_alt=22.0000 gap=12.0000 tried=5 sep_labels=22 clique_frac=0.00
t=32842ms iter=145 REBUILD reject new_tc=37.5073 (was 34.5093)
t=32908ms iter=145 incumb=34.5093 ratchet=36.0069 best=34.5093 since_improve=63
t=32919ms iter=146 WAIST cost=34.0000 best_alt=22.0000 gap=12.0000 tried=5 sep_labels=22 clique_frac=0.00
t=33058ms iter=146 REBUILD reject new_tc=36.9761 (was 34.5093)
t=33124ms iter=146 incumb=34.5093 ratchet=35.7584 best=34.5093 since_improve=64
t=33141ms iter=147 WAIST cost=34.0000 best_alt=22.0000 gap=12.0000 tried=5 sep_labels=22 clique_frac=0.00
t=33282ms iter=147 REBUILD reject new_tc=37.1339 (was 34.5093)
t=33348ms iter=147 incumb=34.5093 ratchet=36.0465 best=34.5093 since_improve=65
t=33361ms iter=148 WAIST cost=34.0000 best_alt=22.0000 gap=12.0000 tried=5 sep_labels=22 clique_frac=0.00
t=33499ms iter=148 REBUILD reject new_tc=37.5661 (was 34.5093)
t=33564ms iter=148 incumb=34.5093 ratchet=36.1414 best=34.5093 since_improve=66
t=33576ms iter=149 WAIST cost=34.0000 best_alt=22.0000 gap=12.0000 tried=5 sep_labels=22 clique_frac=0.00
t=33716ms iter=149 REBUILD reject new_tc=37.0083 (was 34.5093)
t=33781ms iter=149 incumb=34.5093 ratchet=36.1918 best=34.5093 since_improve=67
t=33792ms iter=150 WAIST cost=34.0000 best_alt=22.0000 gap=12.0000 tried=5 sep_labels=22 clique_frac=0.00
t=33932ms iter=150 REBUILD reject new_tc=37.4084 (was 34.5093)
t=33998ms iter=150 incumb=34.5093 ratchet=35.9101 best=34.5093 since_improve=68
t=34013ms iter=151 WAIST cost=34.0000 best_alt=22.0000 gap=12.0000 tried=5 sep_labels=22 clique_frac=0.00
t=34155ms iter=151 REBUILD reject new_tc=37.2081 (was 34.5093)
t=34221ms iter=151 incumb=34.5093 ratchet=35.9221 best=34.5093 since_improve=69
t=34235ms iter=152 WAIST cost=34.0000 best_alt=22.0000 gap=12.0000 tried=5 sep_labels=22 clique_frac=0.00
t=34375ms iter=152 REBUILD reject new_tc=37.2996 (was 34.5093)
t=34440ms iter=152 incumb=34.5093 ratchet=36.0737 best=34.5093 since_improve=70
t=34452ms iter=153 WAIST cost=34.0000 best_alt=22.0000 gap=12.0000 tried=5 sep_labels=22 clique_frac=0.00
t=34592ms iter=153 REBUILD reject new_tc=37.5142 (was 34.5093)
t=34657ms iter=153 incumb=34.5093 ratchet=36.2172 best=34.5093 since_improve=71
t=34674ms iter=154 WAIST cost=34.0000 best_alt=22.0000 gap=12.0000 tried=5 sep_labels=22 clique_frac=0.00
t=34814ms iter=154 REBUILD reject new_tc=37.2530 (was 34.5093)
t=34881ms iter=154 incumb=34.5093 ratchet=36.4975 best=34.5093 since_improve=72
t=34896ms iter=155 WAIST cost=34.0000 best_alt=22.0000 gap=12.0000 tried=5 sep_labels=22 clique_frac=0.00
t=35035ms iter=155 REBUILD reject new_tc=37.5105 (was 34.5093)
t=35100ms iter=155 incumb=34.5093 ratchet=36.0527 best=34.5093 since_improve=73
t=35114ms iter=156 WAIST cost=34.0000 best_alt=22.0000 gap=12.0000 tried=5 sep_labels=22 clique_frac=0.00
t=35252ms iter=156 REBUILD reject new_tc=37.4906 (was 34.5093)
t=35318ms iter=156 incumb=34.5093 ratchet=36.5171 best=34.5093 since_improve=74
t=35334ms iter=157 WAIST cost=34.0000 best_alt=22.0000 gap=12.0000 tried=5 sep_labels=22 clique_frac=0.00
t=35474ms iter=157 REBUILD reject new_tc=37.2232 (was 34.5093)
t=35539ms iter=157 incumb=34.5093 ratchet=35.9216 best=34.5093 since_improve=75
t=35554ms iter=158 WAIST cost=34.0000 best_alt=22.0000 gap=12.0000 tried=5 sep_labels=22 clique_frac=0.00
t=35693ms iter=158 REBUILD reject new_tc=37.4022 (was 34.5093)
t=35759ms iter=158 incumb=34.5093 ratchet=35.8440 best=34.5093 since_improve=76
t=35773ms iter=159 WAIST cost=34.0000 best_alt=22.0000 gap=12.0000 tried=5 sep_labels=22 clique_frac=0.00
t=35912ms iter=159 REBUILD reject new_tc=37.3736 (was 34.5093)
t=35978ms iter=159 incumb=34.5093 ratchet=36.2128 best=34.5093 since_improve=77
t=35992ms iter=160 WAIST cost=34.0000 best_alt=22.0000 gap=12.0000 tried=5 sep_labels=22 clique_frac=0.00
t=36132ms iter=160 REBUILD reject new_tc=37.3358 (was 34.5093)
t=36197ms iter=160 incumb=34.5093 ratchet=36.0701 best=34.5093 since_improve=78
t=36213ms iter=161 WAIST cost=34.0000 best_alt=22.0000 gap=12.0000 tried=5 sep_labels=22 clique_frac=0.00
t=36354ms iter=161 REBUILD reject new_tc=36.6701 (was 34.5093)
t=36419ms iter=161 incumb=34.5093 ratchet=35.7526 best=34.5093 since_improve=79
t=36433ms iter=162 WAIST cost=34.0000 best_alt=22.0000 gap=12.0000 tried=5 sep_labels=22 clique_frac=0.00
t=36574ms iter=162 REBUILD reject new_tc=37.5182 (was 34.5093)
t=36639ms iter=162 incumb=34.5093 ratchet=36.1222 best=34.5093 since_improve=80
t=36652ms iter=163 WAIST cost=34.0000 best_alt=22.0000 gap=12.0000 tried=5 sep_labels=22 clique_frac=0.00
t=36793ms iter=163 REBUILD reject new_tc=36.5565 (was 34.5093)
t=36858ms iter=163 incumb=34.5093 ratchet=35.6542 best=34.5093 since_improve=81
t=36874ms iter=164 WAIST cost=34.0000 best_alt=22.0000 gap=12.0000 tried=5 sep_labels=22 clique_frac=0.00
t=37014ms iter=164 REBUILD reject new_tc=37.4523 (was 34.5093)
t=37080ms iter=164 incumb=34.5093 ratchet=35.9122 best=34.5093 since_improve=82
t=37092ms iter=165 WAIST cost=34.0000 best_alt=22.0000 gap=12.0000 tried=5 sep_labels=22 clique_frac=0.00
t=37233ms iter=165 REBUILD reject new_tc=37.6046 (was 34.5093)
t=37299ms iter=165 incumb=34.5093 ratchet=36.1312 best=34.5093 since_improve=83
t=37313ms iter=166 WAIST cost=34.0000 best_alt=22.0000 gap=12.0000 tried=5 sep_labels=22 clique_frac=0.00
t=37452ms iter=166 REBUILD reject new_tc=36.0737 (was 34.5093)
t=37517ms iter=166 incumb=34.5093 ratchet=36.0640 best=34.5093 since_improve=84
t=37536ms iter=167 WAIST cost=34.0000 best_alt=22.0000 gap=12.0000 tried=5 sep_labels=22 clique_frac=0.00
t=37676ms iter=167 REBUILD reject new_tc=37.4230 (was 34.5093)
t=37741ms iter=167 incumb=34.5093 ratchet=36.0768 best=34.5093 since_improve=85
t=37754ms iter=168 WAIST cost=34.0000 best_alt=22.0000 gap=12.0000 tried=5 sep_labels=22 clique_frac=0.00
t=37895ms iter=168 REBUILD reject new_tc=37.5151 (was 34.5093)
t=37960ms iter=168 incumb=34.5093 ratchet=35.8657 best=34.5093 since_improve=86
t=37975ms iter=169 WAIST cost=34.0000 best_alt=22.0000 gap=12.0000 tried=5 sep_labels=22 clique_frac=0.00
t=38117ms iter=169 REBUILD reject new_tc=37.6793 (was 34.5093)
t=38183ms iter=169 incumb=34.5093 ratchet=35.9385 best=34.5093 since_improve=87
t=38194ms iter=170 WAIST cost=34.0000 best_alt=22.0000 gap=12.0000 tried=5 sep_labels=22 clique_frac=0.00
t=38334ms iter=170 REBUILD reject new_tc=37.5103 (was 34.5093)
t=38399ms iter=170 incumb=34.5093 ratchet=35.9214 best=34.5093 since_improve=88
t=38414ms iter=171 WAIST cost=34.0000 best_alt=22.0000 gap=12.0000 tried=5 sep_labels=22 clique_frac=0.00
t=38554ms iter=171 REBUILD reject new_tc=37.5011 (was 34.5093)
t=38620ms iter=171 incumb=34.5093 ratchet=36.0601 best=34.5093 since_improve=89
t=38636ms iter=172 WAIST cost=34.0000 best_alt=22.0000 gap=12.0000 tried=5 sep_labels=22 clique_frac=0.00
t=38776ms iter=172 REBUILD reject new_tc=37.4448 (was 34.5093)
t=38842ms iter=172 incumb=34.5093 ratchet=36.1622 best=34.5093 since_improve=90
t=38853ms iter=173 WAIST cost=34.0000 best_alt=22.0000 gap=12.0000 tried=5 sep_labels=22 clique_frac=0.00
t=38993ms iter=173 REBUILD reject new_tc=36.8990 (was 34.5093)
t=39059ms iter=173 incumb=34.5093 ratchet=37.5951 best=34.5093 since_improve=91
t=39073ms iter=174 WAIST cost=34.0000 best_alt=22.0000 gap=12.0000 tried=5 sep_labels=22 clique_frac=0.00
t=39212ms iter=174 REBUILD reject new_tc=37.4046 (was 34.5093)
t=39278ms iter=174 incumb=34.5093 ratchet=36.2403 best=34.5093 since_improve=92
t=39297ms iter=175 WAIST cost=34.0000 best_alt=22.0000 gap=12.0000 tried=5 sep_labels=22 clique_frac=0.00
t=39437ms iter=175 REBUILD reject new_tc=37.4867 (was 34.5093)
t=39502ms iter=175 incumb=34.5093 ratchet=35.9182 best=34.5093 since_improve=93
t=39515ms iter=176 WAIST cost=34.0000 best_alt=22.0000 gap=12.0000 tried=5 sep_labels=22 clique_frac=0.00
t=39656ms iter=176 REBUILD reject new_tc=37.1880 (was 34.5093)
t=39721ms iter=176 incumb=34.5093 ratchet=36.3445 best=34.5093 since_improve=94
t=39734ms iter=177 WAIST cost=34.0000 best_alt=22.0000 gap=12.0000 tried=5 sep_labels=22 clique_frac=0.00
t=39873ms iter=177 REBUILD reject new_tc=37.3548 (was 34.5093)
t=39938ms iter=177 incumb=34.5093 ratchet=35.9235 best=34.5093 since_improve=95
t=39949ms iter=178 WAIST cost=34.0000 best_alt=22.0000 gap=12.0000 tried=5 sep_labels=22 clique_frac=0.00
t=40089ms iter=178 REBUILD reject new_tc=37.5037 (was 34.5093)
t=40154ms iter=178 incumb=34.5093 ratchet=35.9871 best=34.5093 since_improve=96
t=40165ms iter=179 WAIST cost=34.0000 best_alt=22.0000 gap=12.0000 tried=5 sep_labels=22 clique_frac=0.00
t=40305ms iter=179 REBUILD reject new_tc=37.2199 (was 34.5093)
t=40370ms iter=179 incumb=34.5093 ratchet=35.9697 best=34.5093 since_improve=97
t=40381ms iter=180 WAIST cost=34.0000 best_alt=22.0000 gap=12.0000 tried=5 sep_labels=22 clique_frac=0.00
t=40522ms iter=180 REBUILD reject new_tc=36.8724 (was 34.5093)
t=40587ms iter=180 incumb=34.5093 ratchet=36.1805 best=34.5093 since_improve=98
t=40600ms iter=181 WAIST cost=34.0000 best_alt=22.0000 gap=12.0000 tried=5 sep_labels=22 clique_frac=0.00
t=40750ms iter=181 REBUILD reject new_tc=37.3303 (was 34.5093)
t=40817ms iter=181 incumb=34.5093 ratchet=36.0495 best=34.5093 since_improve=99
t=40835ms iter=182 WAIST cost=34.0000 best_alt=22.0000 gap=12.0000 tried=5 sep_labels=22 clique_frac=0.00
t=40974ms iter=182 REBUILD reject new_tc=37.3923 (was 34.5093)
t=41039ms iter=182 incumb=34.5093 ratchet=34.6131 best=34.5093 since_improve=100
t=41056ms iter=183 WAIST cost=34.0000 best_alt=22.0000 gap=12.0000 tried=5 sep_labels=22 clique_frac=0.00
t=41195ms iter=183 REBUILD reject new_tc=37.5079 (was 34.5093)
t=41260ms iter=183 incumb=34.5093 ratchet=36.0995 best=34.5093 since_improve=101
t=41275ms iter=184 WAIST cost=34.0000 best_alt=22.0000 gap=12.0000 tried=5 sep_labels=22 clique_frac=0.00
t=41415ms iter=184 REBUILD reject new_tc=37.4304 (was 34.5093)
t=41480ms iter=184 incumb=34.5093 ratchet=35.8279 best=34.5093 since_improve=102
t=41496ms iter=185 WAIST cost=34.0000 best_alt=22.0000 gap=12.0000 tried=5 sep_labels=22 clique_frac=0.00
t=41635ms iter=185 REBUILD reject new_tc=37.4874 (was 34.5093)
t=41700ms iter=185 incumb=34.5093 ratchet=36.0890 best=34.5093 since_improve=103
t=41716ms iter=186 WAIST cost=34.0000 best_alt=22.0000 gap=12.0000 tried=5 sep_labels=22 clique_frac=0.00
t=41858ms iter=186 REBUILD reject new_tc=36.9585 (was 34.5093)
t=41923ms iter=186 incumb=34.5093 ratchet=36.2092 best=34.5093 since_improve=104
t=41934ms iter=187 WAIST cost=34.0000 best_alt=22.0000 gap=12.0000 tried=5 sep_labels=22 clique_frac=0.00
t=42073ms iter=187 REBUILD reject new_tc=37.5081 (was 34.5093)
t=42139ms iter=187 incumb=34.5093 ratchet=36.2809 best=34.5093 since_improve=105
t=42155ms iter=188 WAIST cost=34.0000 best_alt=22.0000 gap=12.0000 tried=5 sep_labels=22 clique_frac=0.00
t=42294ms iter=188 REBUILD reject new_tc=37.4756 (was 34.5093)
t=42359ms iter=188 incumb=34.5093 ratchet=36.0374 best=34.5093 since_improve=106
t=42377ms iter=189 WAIST cost=34.0000 best_alt=22.0000 gap=12.0000 tried=5 sep_labels=22 clique_frac=0.00
t=42519ms iter=189 REBUILD reject new_tc=37.4877 (was 34.5093)
t=42583ms iter=189 incumb=34.5093 ratchet=36.3177 best=34.5093 since_improve=107
t=42598ms iter=190 WAIST cost=34.0000 best_alt=22.0000 gap=12.0000 tried=5 sep_labels=22 clique_frac=0.00
t=42738ms iter=190 REBUILD reject new_tc=36.6514 (was 34.5093)
t=42802ms iter=190 incumb=34.5093 ratchet=36.0437 best=34.5093 since_improve=108
t=42819ms iter=191 WAIST cost=34.0000 best_alt=22.0000 gap=12.0000 tried=5 sep_labels=22 clique_frac=0.00
t=42960ms iter=191 REBUILD reject new_tc=37.3303 (was 34.5093)
t=43026ms iter=191 incumb=34.5093 ratchet=36.1796 best=34.5093 since_improve=109
t=43040ms iter=192 WAIST cost=34.0000 best_alt=22.0000 gap=12.0000 tried=5 sep_labels=22 clique_frac=0.00
t=43181ms iter=192 REBUILD reject new_tc=37.3775 (was 34.5093)
t=43247ms iter=192 incumb=34.5093 ratchet=35.9929 best=34.5093 since_improve=110
t=43264ms iter=193 WAIST cost=34.0000 best_alt=22.0000 gap=12.0000 tried=5 sep_labels=22 clique_frac=0.00
t=43407ms iter=193 REBUILD reject new_tc=37.4019 (was 34.5093)
t=43472ms iter=193 incumb=34.5093 ratchet=36.0170 best=34.5093 since_improve=111
t=43489ms iter=194 WAIST cost=34.0000 best_alt=22.0000 gap=12.0000 tried=5 sep_labels=22 clique_frac=0.00
t=43630ms iter=194 REBUILD reject new_tc=36.9543 (was 34.5093)
t=43696ms iter=194 incumb=34.5093 ratchet=36.3058 best=34.5093 since_improve=112
t=43707ms iter=195 WAIST cost=34.0000 best_alt=22.0000 gap=12.0000 tried=5 sep_labels=22 clique_frac=0.00
t=43848ms iter=195 REBUILD reject new_tc=37.5589 (was 34.5093)
t=43914ms iter=195 incumb=34.5093 ratchet=35.8421 best=34.5093 since_improve=113
t=43929ms iter=196 WAIST cost=34.0000 best_alt=22.0000 gap=12.0000 tried=5 sep_labels=22 clique_frac=0.00
t=44069ms iter=196 REBUILD reject new_tc=37.2888 (was 34.5093)
t=44134ms iter=196 incumb=34.5093 ratchet=35.8535 best=34.5093 since_improve=114
t=44149ms iter=197 WAIST cost=34.0000 best_alt=22.0000 gap=12.0000 tried=5 sep_labels=22 clique_frac=0.00
t=44290ms iter=197 REBUILD reject new_tc=37.5069 (was 34.5093)
t=44355ms iter=197 incumb=34.5093 ratchet=35.9347 best=34.5093 since_improve=115
t=44372ms iter=198 WAIST cost=34.0000 best_alt=22.0000 gap=12.0000 tried=5 sep_labels=22 clique_frac=0.00
t=44513ms iter=198 REBUILD reject new_tc=37.3127 (was 34.5093)
t=44578ms iter=198 incumb=34.5093 ratchet=35.8516 best=34.5093 since_improve=116
t=44590ms iter=199 WAIST cost=34.0000 best_alt=22.0000 gap=12.0000 tried=5 sep_labels=22 clique_frac=0.00
t=44731ms iter=199 REBUILD reject new_tc=37.3037 (was 34.5093)
t=44795ms iter=199 incumb=34.5093 ratchet=35.8648 best=34.5093 since_improve=117
t=44809ms iter=200 WAIST cost=34.0000 best_alt=22.0000 gap=12.0000 tried=5 sep_labels=22 clique_frac=0.00
t=44951ms iter=200 REBUILD reject new_tc=36.7848 (was 34.5093)
t=45017ms iter=200 incumb=34.5093 ratchet=36.0118 best=34.5093 since_improve=118
t=45029ms iter=201 WAIST cost=34.0000 best_alt=22.0000 gap=12.0000 tried=5 sep_labels=22 clique_frac=0.00
t=45172ms iter=201 REBUILD reject new_tc=37.6064 (was 34.5093)
t=45237ms iter=201 incumb=34.5093 ratchet=36.0286 best=34.5093 since_improve=119
t=45251ms iter=202 WAIST cost=34.0000 best_alt=22.0000 gap=12.0000 tried=5 sep_labels=22 clique_frac=0.00
t=45392ms iter=202 REBUILD reject new_tc=37.1588 (was 34.5093)
t=45458ms iter=202 incumb=34.5093 ratchet=36.2873 best=34.5093 since_improve=120
t=45470ms iter=203 WAIST cost=34.0000 best_alt=22.0000 gap=12.0000 tried=5 sep_labels=22 clique_frac=0.00
t=45612ms iter=203 REBUILD reject new_tc=37.7854 (was 34.5093)
t=45676ms iter=203 incumb=34.5093 ratchet=36.0156 best=34.5093 since_improve=121
t=45687ms iter=204 WAIST cost=34.0000 best_alt=22.0000 gap=12.0000 tried=5 sep_labels=22 clique_frac=0.00
t=45826ms iter=204 REBUILD reject new_tc=37.5368 (was 34.5093)
t=45893ms iter=204 incumb=34.5093 ratchet=36.5061 best=34.5093 since_improve=122
t=45909ms iter=205 WAIST cost=34.0000 best_alt=22.0000 gap=12.0000 tried=5 sep_labels=22 clique_frac=0.00
t=46050ms iter=205 REBUILD reject new_tc=37.6105 (was 34.5093)
t=46115ms iter=205 incumb=34.5093 ratchet=36.6314 best=34.5093 since_improve=123
t=46126ms iter=206 WAIST cost=34.0000 best_alt=22.0000 gap=12.0000 tried=5 sep_labels=22 clique_frac=0.00
t=46267ms iter=206 REBUILD reject new_tc=37.2648 (was 34.5093)
t=46333ms iter=206 incumb=34.5093 ratchet=35.9335 best=34.5093 since_improve=124
t=46346ms iter=207 WAIST cost=34.0000 best_alt=22.0000 gap=12.0000 tried=5 sep_labels=22 clique_frac=0.00
t=46487ms iter=207 REBUILD reject new_tc=37.3328 (was 34.5093)
t=46553ms iter=207 incumb=34.5093 ratchet=36.5640 best=34.5093 since_improve=125
t=46568ms iter=208 WAIST cost=34.0000 best_alt=22.0000 gap=12.0000 tried=5 sep_labels=22 clique_frac=0.00
t=46709ms iter=208 REBUILD reject new_tc=37.4795 (was 34.5093)
t=46775ms iter=208 incumb=34.5093 ratchet=36.3477 best=34.5093 since_improve=126
t=46790ms iter=209 WAIST cost=34.0000 best_alt=22.0000 gap=12.0000 tried=5 sep_labels=22 clique_frac=0.00
t=46932ms iter=209 REBUILD reject new_tc=37.3883 (was 34.5093)
t=46996ms iter=209 incumb=34.5093 ratchet=36.0094 best=34.5093 since_improve=127
t=47010ms iter=210 WAIST cost=34.0000 best_alt=22.0000 gap=12.0000 tried=5 sep_labels=22 clique_frac=0.00
t=47153ms iter=210 REBUILD reject new_tc=37.6467 (was 34.5093)
t=47218ms iter=210 incumb=34.5093 ratchet=36.0304 best=34.5093 since_improve=128
t=47232ms iter=211 WAIST cost=34.0000 best_alt=22.0000 gap=12.0000 tried=5 sep_labels=22 clique_frac=0.00
t=47374ms iter=211 REBUILD reject new_tc=37.6249 (was 34.5093)
t=47439ms iter=211 incumb=34.5093 ratchet=35.7532 best=34.5093 since_improve=129
t=47453ms iter=212 WAIST cost=34.0000 best_alt=22.0000 gap=12.0000 tried=5 sep_labels=22 clique_frac=0.00
t=47594ms iter=212 REBUILD reject new_tc=37.4757 (was 34.5093)
t=47659ms iter=212 incumb=34.5093 ratchet=35.9031 best=34.5093 since_improve=130
t=47673ms iter=213 WAIST cost=34.0000 best_alt=22.0000 gap=12.0000 tried=5 sep_labels=22 clique_frac=0.00
t=47813ms iter=213 REBUILD reject new_tc=37.5148 (was 34.5093)
t=47878ms iter=213 incumb=34.5093 ratchet=36.0301 best=34.5093 since_improve=131
t=47889ms iter=214 WAIST cost=34.0000 best_alt=22.0000 gap=12.0000 tried=5 sep_labels=22 clique_frac=0.00
t=48030ms iter=214 REBUILD reject new_tc=37.4674 (was 34.5093)
t=48095ms iter=214 incumb=34.5093 ratchet=35.7233 best=34.5093 since_improve=132
t=48114ms iter=215 WAIST cost=34.0000 best_alt=22.0000 gap=12.0000 tried=5 sep_labels=22 clique_frac=0.00
t=48254ms iter=215 REBUILD reject new_tc=37.4208 (was 34.5093)
t=48319ms iter=215 incumb=34.5093 ratchet=35.9581 best=34.5093 since_improve=133
t=48330ms iter=216 WAIST cost=34.0000 best_alt=22.0000 gap=12.0000 tried=5 sep_labels=22 clique_frac=0.00
t=48472ms iter=216 REBUILD reject new_tc=37.4267 (was 34.5093)
t=48538ms iter=216 incumb=34.5093 ratchet=36.0086 best=34.5093 since_improve=134
t=48550ms iter=217 WAIST cost=34.0000 best_alt=22.0000 gap=12.0000 tried=5 sep_labels=22 clique_frac=0.00
t=48691ms iter=217 REBUILD reject new_tc=37.4136 (was 34.5093)
t=48757ms iter=217 incumb=34.5093 ratchet=35.9512 best=34.5093 since_improve=135
t=48774ms iter=218 WAIST cost=34.0000 best_alt=22.0000 gap=12.0000 tried=5 sep_labels=22 clique_frac=0.00
t=48916ms iter=218 REBUILD reject new_tc=37.6078 (was 34.5093)
t=48982ms iter=218 incumb=34.5093 ratchet=35.9581 best=34.5093 since_improve=136
t=48995ms iter=219 WAIST cost=34.0000 best_alt=22.0000 gap=12.0000 tried=5 sep_labels=22 clique_frac=0.00
t=49136ms iter=219 REBUILD reject new_tc=37.4230 (was 34.5093)
t=49204ms iter=219 incumb=34.5093 ratchet=38.0163 best=34.5093 since_improve=137
t=49218ms iter=220 WAIST cost=34.0000 best_alt=22.0000 gap=12.0000 tried=5 sep_labels=22 clique_frac=0.00
t=49360ms iter=220 REBUILD reject new_tc=36.8756 (was 34.5093)
t=49426ms iter=220 incumb=34.5093 ratchet=36.1330 best=34.5093 since_improve=138
t=49437ms iter=221 WAIST cost=34.0000 best_alt=22.0000 gap=12.0000 tried=5 sep_labels=22 clique_frac=0.00
t=49576ms iter=221 REBUILD reject new_tc=37.2605 (was 34.5093)
t=49644ms iter=221 incumb=34.5093 ratchet=38.4780 best=34.5093 since_improve=139
t=49655ms iter=222 WAIST cost=34.0000 best_alt=22.0000 gap=12.0000 tried=5 sep_labels=22 clique_frac=0.00
t=49795ms iter=222 REBUILD reject new_tc=37.3436 (was 34.5093)
t=49860ms iter=222 incumb=34.5093 ratchet=36.2525 best=34.5093 since_improve=140
t=49876ms iter=223 WAIST cost=34.0000 best_alt=22.0000 gap=12.0000 tried=5 sep_labels=22 clique_frac=0.00
t=50018ms iter=223 REBUILD reject new_tc=36.9046 (was 34.5093)
t=50084ms iter=223 incumb=34.5093 ratchet=35.1566 best=34.5093 since_improve=141
t=50095ms iter=224 WAIST cost=34.0000 best_alt=22.0000 gap=12.0000 tried=5 sep_labels=22 clique_frac=0.00
t=50235ms iter=224 REBUILD reject new_tc=37.3087 (was 34.5093)
t=50303ms iter=224 incumb=34.5093 ratchet=36.5210 best=34.5093 since_improve=142
t=50314ms iter=225 WAIST cost=34.0000 best_alt=22.0000 gap=12.0000 tried=5 sep_labels=22 clique_frac=0.00
t=50456ms iter=225 REBUILD reject new_tc=37.2002 (was 34.5093)
t=50522ms iter=225 incumb=34.5093 ratchet=36.0336 best=34.5093 since_improve=143
t=50533ms iter=226 WAIST cost=34.0000 best_alt=22.0000 gap=12.0000 tried=5 sep_labels=22 clique_frac=0.00
t=50674ms iter=226 REBUILD reject new_tc=37.4019 (was 34.5093)
t=50739ms iter=226 incumb=34.5093 ratchet=37.1128 best=34.5093 since_improve=144
t=50754ms iter=227 WAIST cost=34.0000 best_alt=22.0000 gap=12.0000 tried=5 sep_labels=22 clique_frac=0.00
t=50896ms iter=227 REBUILD reject new_tc=37.7024 (was 34.5093)
t=50962ms iter=227 incumb=34.5093 ratchet=35.7751 best=34.5093 since_improve=145
t=50976ms iter=228 WAIST cost=34.0000 best_alt=22.0000 gap=12.0000 tried=5 sep_labels=22 clique_frac=0.00
t=51116ms iter=228 REBUILD reject new_tc=37.4773 (was 34.5093)
t=51181ms iter=228 incumb=34.5093 ratchet=36.0779 best=34.5093 since_improve=146
t=51194ms iter=229 WAIST cost=34.0000 best_alt=22.0000 gap=12.0000 tried=5 sep_labels=22 clique_frac=0.00
t=51334ms iter=229 REBUILD reject new_tc=37.5388 (was 34.5093)
t=51399ms iter=229 incumb=34.5093 ratchet=36.0163 best=34.5093 since_improve=147
t=51410ms iter=230 WAIST cost=34.0000 best_alt=22.0000 gap=12.0000 tried=5 sep_labels=22 clique_frac=0.00
t=51551ms iter=230 REBUILD reject new_tc=37.4050 (was 34.5093)
t=51617ms iter=230 incumb=34.5093 ratchet=35.9326 best=34.5093 since_improve=148
t=51629ms iter=231 WAIST cost=34.0000 best_alt=22.0000 gap=12.0000 tried=5 sep_labels=22 clique_frac=0.00
t=51769ms iter=231 REBUILD reject new_tc=37.5576 (was 34.5093)
t=51835ms iter=231 incumb=34.5093 ratchet=36.0588 best=34.5093 since_improve=149
t=51848ms iter=232 WAIST cost=34.0000 best_alt=22.0000 gap=12.0000 tried=5 sep_labels=22 clique_frac=0.00
t=51988ms iter=232 REBUILD reject new_tc=37.4832 (was 34.5093)
t=52053ms iter=232 incumb=34.5093 ratchet=36.1578 best=34.5093 since_improve=150
t=52065ms iter=233 WAIST cost=34.0000 best_alt=22.0000 gap=12.0000 tried=5 sep_labels=22 clique_frac=0.00
t=52207ms iter=233 REBUILD reject new_tc=36.8076 (was 34.5093)
t=52275ms iter=233 incumb=34.5093 ratchet=38.8162 best=34.5093 since_improve=151
t=52287ms iter=234 WAIST cost=34.0000 best_alt=22.0000 gap=12.0000 tried=5 sep_labels=22 clique_frac=0.00
t=52428ms iter=234 REBUILD reject new_tc=36.0559 (was 34.5093)
t=52494ms iter=234 incumb=34.5093 ratchet=36.2887 best=34.5093 since_improve=152
t=52508ms iter=235 WAIST cost=34.0000 best_alt=22.0000 gap=12.0000 tried=5 sep_labels=22 clique_frac=0.00
t=52649ms iter=235 REBUILD reject new_tc=37.3880 (was 34.5093)
t=52717ms iter=235 incumb=34.5093 ratchet=39.8556 best=34.5093 since_improve=153
t=52729ms iter=236 WAIST cost=34.0000 best_alt=22.0000 gap=12.0000 tried=5 sep_labels=22 clique_frac=0.00
t=52868ms iter=236 REBUILD reject new_tc=37.2964 (was 34.5093)
t=52934ms iter=236 incumb=34.5093 ratchet=36.1497 best=34.5093 since_improve=154
t=52949ms iter=237 WAIST cost=34.0000 best_alt=22.0000 gap=12.0000 tried=5 sep_labels=22 clique_frac=0.00
t=53089ms iter=237 REBUILD reject new_tc=36.2825 (was 34.5093)
t=53155ms iter=237 incumb=34.5093 ratchet=36.1636 best=34.5093 since_improve=155
t=53168ms iter=238 WAIST cost=34.0000 best_alt=22.0000 gap=12.0000 tried=5 sep_labels=22 clique_frac=0.00
t=53308ms iter=238 REBUILD reject new_tc=37.3042 (was 34.5093)
t=53373ms iter=238 incumb=34.5093 ratchet=35.8877 best=34.5093 since_improve=156
t=53386ms iter=239 WAIST cost=34.0000 best_alt=22.0000 gap=12.0000 tried=5 sep_labels=22 clique_frac=0.00
t=53526ms iter=239 REBUILD reject new_tc=37.4358 (was 34.5093)
t=53592ms iter=239 incumb=34.5093 ratchet=35.9845 best=34.5093 since_improve=157
t=53606ms iter=240 WAIST cost=34.0000 best_alt=22.0000 gap=12.0000 tried=5 sep_labels=22 clique_frac=0.00
t=53746ms iter=240 REBUILD reject new_tc=37.4084 (was 34.5093)
t=53811ms iter=240 incumb=34.5093 ratchet=36.5614 best=34.5093 since_improve=158
t=53826ms iter=241 WAIST cost=34.0000 best_alt=22.0000 gap=12.0000 tried=5 sep_labels=22 clique_frac=0.00
t=53968ms iter=241 REBUILD reject new_tc=37.5101 (was 34.5093)
t=54034ms iter=241 incumb=34.5093 ratchet=36.1237 best=34.5093 since_improve=159
t=54045ms iter=242 WAIST cost=34.0000 best_alt=22.0000 gap=12.0000 tried=5 sep_labels=22 clique_frac=0.00
t=54187ms iter=242 REBUILD reject new_tc=37.2991 (was 34.5093)
t=54253ms iter=242 incumb=34.5093 ratchet=35.9490 best=34.5093 since_improve=160
t=54271ms iter=243 WAIST cost=34.0000 best_alt=22.0000 gap=12.0000 tried=5 sep_labels=22 clique_frac=0.00
t=54412ms iter=243 REBUILD reject new_tc=37.5157 (was 34.5093)
t=54480ms iter=243 incumb=34.5093 ratchet=37.3931 best=34.5093 since_improve=161
t=54494ms iter=244 WAIST cost=34.0000 best_alt=22.0000 gap=12.0000 tried=5 sep_labels=22 clique_frac=0.00
t=54635ms iter=244 REBUILD reject new_tc=36.8399 (was 34.5093)
t=54701ms iter=244 incumb=34.5093 ratchet=36.2960 best=34.5093 since_improve=162
t=54712ms iter=245 WAIST cost=34.0000 best_alt=22.0000 gap=12.0000 tried=5 sep_labels=22 clique_frac=0.00
t=54853ms iter=245 REBUILD reject new_tc=37.4351 (was 34.5093)
t=54919ms iter=245 incumb=34.5093 ratchet=35.7991 best=34.5093 since_improve=163
t=54933ms iter=246 WAIST cost=34.0000 best_alt=22.0000 gap=12.0000 tried=5 sep_labels=22 clique_frac=0.00
t=55075ms iter=246 REBUILD reject new_tc=37.3215 (was 34.5093)
t=55141ms iter=246 incumb=34.5093 ratchet=35.8905 best=34.5093 since_improve=164
t=55158ms iter=247 WAIST cost=34.0000 best_alt=22.0000 gap=12.0000 tried=5 sep_labels=22 clique_frac=0.00
t=55299ms iter=247 REBUILD reject new_tc=37.2984 (was 34.5093)
t=55365ms iter=247 incumb=34.5093 ratchet=35.9685 best=34.5093 since_improve=165
t=55376ms iter=248 WAIST cost=34.0000 best_alt=22.0000 gap=12.0000 tried=5 sep_labels=22 clique_frac=0.00
t=55516ms iter=248 REBUILD reject new_tc=37.3353 (was 34.5093)
t=55582ms iter=248 incumb=34.5093 ratchet=35.9195 best=34.5093 since_improve=166
t=55596ms iter=249 WAIST cost=34.0000 best_alt=22.0000 gap=12.0000 tried=5 sep_labels=22 clique_frac=0.00
t=55737ms iter=249 REBUILD reject new_tc=36.7854 (was 34.5093)
t=55805ms iter=249 incumb=34.5093 ratchet=39.9686 best=34.5093 since_improve=167
t=55819ms iter=250 WAIST cost=34.0000 best_alt=22.0000 gap=12.0000 tried=5 sep_labels=22 clique_frac=0.00
t=55960ms iter=250 REBUILD reject new_tc=37.3155 (was 34.5093)
t=56025ms iter=250 incumb=34.5093 ratchet=36.5825 best=34.5093 since_improve=168
t=56044ms iter=251 WAIST cost=34.0000 best_alt=22.0000 gap=12.0000 tried=5 sep_labels=22 clique_frac=0.00
t=56183ms iter=251 REBUILD reject new_tc=37.5467 (was 34.5093)
t=56249ms iter=251 incumb=34.5093 ratchet=36.3685 best=34.5093 since_improve=169
t=56263ms iter=252 WAIST cost=34.0000 best_alt=22.0000 gap=12.0000 tried=5 sep_labels=22 clique_frac=0.00
t=56403ms iter=252 REBUILD reject new_tc=37.4251 (was 34.5093)
t=56469ms iter=252 incumb=34.5093 ratchet=35.9677 best=34.5093 since_improve=170
t=56483ms iter=253 WAIST cost=34.0000 best_alt=22.0000 gap=12.0000 tried=5 sep_labels=22 clique_frac=0.00
t=56625ms iter=253 REBUILD reject new_tc=37.4197 (was 34.5093)
t=56691ms iter=253 incumb=34.5093 ratchet=36.1060 best=34.5093 since_improve=171
t=56705ms iter=254 WAIST cost=34.0000 best_alt=22.0000 gap=12.0000 tried=5 sep_labels=22 clique_frac=0.00
t=56844ms iter=254 REBUILD reject new_tc=37.3873 (was 34.5093)
t=56910ms iter=254 incumb=34.5093 ratchet=36.1371 best=34.5093 since_improve=172
t=56921ms iter=255 WAIST cost=34.0000 best_alt=22.0000 gap=12.0000 tried=5 sep_labels=22 clique_frac=0.00
t=57061ms iter=255 REBUILD reject new_tc=37.3755 (was 34.5093)
t=57127ms iter=255 incumb=34.5093 ratchet=35.8604 best=34.5093 since_improve=173
t=57144ms iter=256 WAIST cost=34.0000 best_alt=22.0000 gap=12.0000 tried=5 sep_labels=22 clique_frac=0.00
t=57282ms iter=256 REBUILD reject new_tc=36.3787 (was 34.5093)
t=57350ms iter=256 incumb=34.5093 ratchet=38.5839 best=34.5093 since_improve=174
t=57364ms iter=257 WAIST cost=34.0000 best_alt=22.0000 gap=12.0000 tried=5 sep_labels=22 clique_frac=0.00
t=57503ms iter=257 REBUILD reject new_tc=37.6314 (was 34.5093)
t=57569ms iter=257 incumb=34.5093 ratchet=36.0605 best=34.5093 since_improve=175
t=57584ms iter=258 WAIST cost=34.0000 best_alt=22.0000 gap=12.0000 tried=5 sep_labels=22 clique_frac=0.00
t=57724ms iter=258 REBUILD reject new_tc=37.6418 (was 34.5093)
t=57790ms iter=258 incumb=34.5093 ratchet=36.2065 best=34.5093 since_improve=176
t=57804ms iter=259 WAIST cost=34.0000 best_alt=22.0000 gap=12.0000 tried=5 sep_labels=22 clique_frac=0.00
t=57945ms iter=259 REBUILD reject new_tc=37.2786 (was 34.5093)
t=58011ms iter=259 incumb=34.5093 ratchet=35.9979 best=34.5093 since_improve=177
t=58026ms iter=260 WAIST cost=34.0000 best_alt=22.0000 gap=12.0000 tried=5 sep_labels=22 clique_frac=0.00
t=58167ms iter=260 REBUILD reject new_tc=37.2056 (was 34.5093)
t=58233ms iter=260 incumb=34.5093 ratchet=36.0781 best=34.5093 since_improve=178
t=58248ms iter=261 WAIST cost=34.0000 best_alt=22.0000 gap=12.0000 tried=5 sep_labels=22 clique_frac=0.00
t=58387ms iter=261 REBUILD reject new_tc=37.3720 (was 34.5093)
t=58453ms iter=261 incumb=34.5093 ratchet=36.2727 best=34.5093 since_improve=179
t=58467ms iter=262 WAIST cost=34.0000 best_alt=22.0000 gap=12.0000 tried=5 sep_labels=22 clique_frac=0.00
t=58608ms iter=262 REBUILD reject new_tc=37.4372 (was 34.5093)
t=58673ms iter=262 incumb=34.5093 ratchet=36.0214 best=34.5093 since_improve=180
t=58684ms iter=263 WAIST cost=34.0000 best_alt=22.0000 gap=12.0000 tried=5 sep_labels=22 clique_frac=0.00
t=58826ms iter=263 REBUILD reject new_tc=37.5739 (was 34.5093)
t=58892ms iter=263 incumb=34.5093 ratchet=36.3341 best=34.5093 since_improve=181
t=58903ms iter=264 WAIST cost=34.0000 best_alt=22.0000 gap=12.0000 tried=5 sep_labels=22 clique_frac=0.00
t=59042ms iter=264 REBUILD reject new_tc=37.4717 (was 34.5093)
t=59107ms iter=264 incumb=34.5093 ratchet=36.0302 best=34.5093 since_improve=182
t=59118ms iter=265 WAIST cost=34.0000 best_alt=22.0000 gap=12.0000 tried=5 sep_labels=22 clique_frac=0.00
t=59259ms iter=265 REBUILD reject new_tc=36.7311 (was 34.5093)
t=59324ms iter=265 incumb=34.5093 ratchet=36.3315 best=34.5093 since_improve=183
t=59335ms iter=266 WAIST cost=34.0000 best_alt=22.0000 gap=12.0000 tried=5 sep_labels=22 clique_frac=0.00
t=59475ms iter=266 REBUILD reject new_tc=37.4950 (was 34.5093)
t=59540ms iter=266 incumb=34.5093 ratchet=36.2764 best=34.5093 since_improve=184
t=59552ms iter=267 WAIST cost=34.0000 best_alt=22.0000 gap=12.0000 tried=5 sep_labels=22 clique_frac=0.00
t=59691ms iter=267 REBUILD reject new_tc=37.2237 (was 34.5093)
t=59756ms iter=267 incumb=34.5093 ratchet=35.9998 best=34.5093 since_improve=185
t=59767ms iter=268 WAIST cost=34.0000 best_alt=22.0000 gap=12.0000 tried=5 sep_labels=22 clique_frac=0.00
t=59907ms iter=268 REBUILD reject new_tc=37.3790 (was 34.5093)
t=59973ms iter=268 incumb=34.5093 ratchet=36.3295 best=34.5093 since_improve=186
t=59988ms iter=269 WAIST cost=34.0000 best_alt=22.0000 gap=12.0000 tried=5 sep_labels=22 clique_frac=0.00
t=60129ms iter=269 REBUILD reject new_tc=37.4258 (was 34.5093)
t=60195ms iter=269 incumb=34.5093 ratchet=36.4253 best=34.5093 since_improve=187
t=60209ms iter=270 WAIST cost=34.0000 best_alt=22.0000 gap=12.0000 tried=5 sep_labels=22 clique_frac=0.00
t=60351ms iter=270 REBUILD reject new_tc=37.6556 (was 34.5093)
t=60417ms iter=270 incumb=34.5093 ratchet=35.8176 best=34.5093 since_improve=188
t=60428ms iter=271 WAIST cost=34.0000 best_alt=22.0000 gap=12.0000 tried=5 sep_labels=22 clique_frac=0.00
t=60569ms iter=271 REBUILD reject new_tc=37.4550 (was 34.5093)
t=60635ms iter=271 incumb=34.5093 ratchet=35.8701 best=34.5093 since_improve=189
t=60646ms iter=272 WAIST cost=34.0000 best_alt=22.0000 gap=12.0000 tried=5 sep_labels=22 clique_frac=0.00
t=60786ms iter=272 REBUILD reject new_tc=37.2210 (was 34.5093)
t=60852ms iter=272 incumb=34.5093 ratchet=36.0949 best=34.5093 since_improve=190
t=60870ms iter=273 WAIST cost=34.0000 best_alt=22.0000 gap=12.0000 tried=5 sep_labels=22 clique_frac=0.00
t=61009ms iter=273 REBUILD reject new_tc=37.3488 (was 34.5093)
t=61074ms iter=273 incumb=34.5093 ratchet=35.7179 best=34.5093 since_improve=191
t=61087ms iter=274 WAIST cost=34.0000 best_alt=22.0000 gap=12.0000 tried=5 sep_labels=22 clique_frac=0.00
t=61225ms iter=274 REBUILD reject new_tc=37.5037 (was 34.5093)
t=61293ms iter=274 incumb=34.5093 ratchet=38.6933 best=34.5093 since_improve=192
t=61307ms iter=275 WAIST cost=34.0000 best_alt=22.0000 gap=12.0000 tried=5 sep_labels=22 clique_frac=0.00
t=61446ms iter=275 REBUILD reject new_tc=37.3016 (was 34.5093)
t=61512ms iter=275 incumb=34.5093 ratchet=36.4597 best=34.5093 since_improve=193
t=61523ms iter=276 WAIST cost=34.0000 best_alt=22.0000 gap=12.0000 tried=5 sep_labels=22 clique_frac=0.00
t=61663ms iter=276 REBUILD reject new_tc=37.2418 (was 34.5093)
t=61728ms iter=276 incumb=34.5093 ratchet=36.0950 best=34.5093 since_improve=194
t=61739ms iter=277 WAIST cost=34.0000 best_alt=22.0000 gap=12.0000 tried=5 sep_labels=22 clique_frac=0.00
t=61878ms iter=277 REBUILD reject new_tc=37.1965 (was 34.5093)
t=61945ms iter=277 incumb=34.5093 ratchet=36.8146 best=34.5093 since_improve=195
t=61956ms iter=278 WAIST cost=34.0000 best_alt=22.0000 gap=12.0000 tried=5 sep_labels=22 clique_frac=0.00
t=62095ms iter=278 REBUILD reject new_tc=37.6050 (was 34.5093)
t=62161ms iter=278 incumb=34.5093 ratchet=36.5319 best=34.5093 since_improve=196
t=62172ms iter=279 WAIST cost=34.0000 best_alt=22.0000 gap=12.0000 tried=5 sep_labels=22 clique_frac=0.00
t=62311ms iter=279 REBUILD reject new_tc=36.0800 (was 34.5093)
t=62379ms iter=279 incumb=34.5093 ratchet=38.2741 best=34.5093 since_improve=197
t=62392ms iter=280 WAIST cost=34.0000 best_alt=22.0000 gap=12.0000 tried=5 sep_labels=22 clique_frac=0.00
t=62532ms iter=280 REBUILD reject new_tc=37.4444 (was 34.5093)
t=62597ms iter=280 incumb=34.5093 ratchet=36.2685 best=34.5093 since_improve=198
t=62609ms iter=281 WAIST cost=34.0000 best_alt=22.0000 gap=12.0000 tried=5 sep_labels=22 clique_frac=0.00
t=62748ms iter=281 REBUILD reject new_tc=37.4807 (was 34.5093)
t=62813ms iter=281 incumb=34.5093 ratchet=35.6068 best=34.5093 since_improve=199
t=62824ms iter=282 WAIST cost=34.0000 best_alt=22.0000 gap=12.0000 tried=5 sep_labels=22 clique_frac=0.00
t=62966ms iter=282 REBUILD reject new_tc=37.6038 (was 34.5093)
t=63033ms iter=282 incumb=34.5093 ratchet=36.2313 best=34.5093 since_improve=200
t=63047ms iter=283 WAIST cost=34.0000 best_alt=22.0000 gap=12.0000 tried=5 sep_labels=22 clique_frac=0.00
t=63189ms iter=283 REBUILD reject new_tc=37.3812 (was 34.5093)
t=63255ms iter=283 incumb=34.5093 ratchet=36.2015 best=34.5093 since_improve=201
t=63270ms iter=284 WAIST cost=34.0000 best_alt=22.0000 gap=12.0000 tried=5 sep_labels=22 clique_frac=0.00
t=63410ms iter=284 REBUILD reject new_tc=37.7684 (was 34.5093)
t=63477ms iter=284 incumb=34.5093 ratchet=35.9206 best=34.5093 since_improve=202
t=63495ms iter=285 WAIST cost=34.0000 best_alt=22.0000 gap=12.0000 tried=5 sep_labels=22 clique_frac=0.00
t=63634ms iter=285 REBUILD reject new_tc=37.4670 (was 34.5093)
t=63700ms iter=285 incumb=34.5093 ratchet=36.1272 best=34.5093 since_improve=203
t=63711ms iter=286 WAIST cost=34.0000 best_alt=22.0000 gap=12.0000 tried=5 sep_labels=22 clique_frac=0.00
t=63853ms iter=286 REBUILD reject new_tc=37.4877 (was 34.5093)
t=63920ms iter=286 incumb=34.5093 ratchet=36.2655 best=34.5093 since_improve=204
t=63933ms iter=287 WAIST cost=34.0000 best_alt=22.0000 gap=12.0000 tried=5 sep_labels=22 clique_frac=0.00
t=64075ms iter=287 REBUILD reject new_tc=37.1760 (was 34.5093)
t=64140ms iter=287 incumb=34.5093 ratchet=35.9412 best=34.5093 since_improve=205
t=64154ms iter=288 WAIST cost=34.0000 best_alt=22.0000 gap=12.0000 tried=5 sep_labels=22 clique_frac=0.00
t=64294ms iter=288 REBUILD reject new_tc=37.5016 (was 34.5093)
t=64359ms iter=288 incumb=34.5093 ratchet=36.1265 best=34.5093 since_improve=206
t=64371ms iter=289 WAIST cost=34.0000 best_alt=22.0000 gap=12.0000 tried=5 sep_labels=22 clique_frac=0.00
t=64512ms iter=289 REBUILD reject new_tc=37.4000 (was 34.5093)
t=64577ms iter=289 incumb=34.5093 ratchet=36.1158 best=34.5093 since_improve=207
t=64589ms iter=290 WAIST cost=34.0000 best_alt=22.0000 gap=12.0000 tried=5 sep_labels=22 clique_frac=0.00
t=64731ms iter=290 REBUILD reject new_tc=37.6585 (was 34.5093)
t=64802ms iter=290 incumb=34.5093 ratchet=36.2741 best=34.5093 since_improve=208
t=64818ms iter=291 WAIST cost=34.0000 best_alt=22.0000 gap=12.0000 tried=5 sep_labels=22 clique_frac=0.00
t=64998ms iter=291 REBUILD reject new_tc=37.4767 (was 34.5093)
t=65064ms iter=291 incumb=34.5093 ratchet=35.0437 best=34.5093 since_improve=209
t=65075ms iter=292 WAIST cost=34.0000 best_alt=22.0000 gap=12.0000 tried=5 sep_labels=22 clique_frac=0.00
t=65214ms iter=292 REBUILD reject new_tc=37.3640 (was 34.5093)
t=65280ms iter=292 incumb=34.5093 ratchet=36.2303 best=34.5093 since_improve=210
t=65292ms iter=293 WAIST cost=34.0000 best_alt=22.0000 gap=12.0000 tried=5 sep_labels=22 clique_frac=0.00
t=65433ms iter=293 REBUILD reject new_tc=36.7496 (was 34.5093)
t=65498ms iter=293 incumb=34.5093 ratchet=35.7236 best=34.5093 since_improve=211
t=65514ms iter=294 WAIST cost=34.0000 best_alt=22.0000 gap=12.0000 tried=5 sep_labels=22 clique_frac=0.00
t=65654ms iter=294 REBUILD reject new_tc=37.5042 (was 34.5093)
t=65720ms iter=294 incumb=34.5093 ratchet=36.2519 best=34.5093 since_improve=212
t=65736ms iter=295 WAIST cost=34.0000 best_alt=22.0000 gap=12.0000 tried=5 sep_labels=22 clique_frac=0.00
t=65876ms iter=295 REBUILD reject new_tc=37.4463 (was 34.5093)
t=65941ms iter=295 incumb=34.5093 ratchet=36.0709 best=34.5093 since_improve=213
t=65955ms iter=296 WAIST cost=34.0000 best_alt=22.0000 gap=12.0000 tried=5 sep_labels=22 clique_frac=0.00
t=66095ms iter=296 REBUILD reject new_tc=37.3421 (was 34.5093)
t=66161ms iter=296 incumb=34.5093 ratchet=36.0898 best=34.5093 since_improve=214
t=66177ms iter=297 WAIST cost=34.0000 best_alt=22.0000 gap=12.0000 tried=5 sep_labels=22 clique_frac=0.00
t=66318ms iter=297 REBUILD reject new_tc=36.9142 (was 34.5093)
t=66384ms iter=297 incumb=34.5093 ratchet=36.0962 best=34.5093 since_improve=215
t=66401ms iter=298 WAIST cost=34.0000 best_alt=22.0000 gap=12.0000 tried=5 sep_labels=22 clique_frac=0.00
t=66540ms iter=298 REBUILD reject new_tc=37.3024 (was 34.5093)
t=66608ms iter=298 incumb=34.5093 ratchet=35.9838 best=34.5093 since_improve=216
t=66621ms iter=299 WAIST cost=34.0000 best_alt=22.0000 gap=12.0000 tried=5 sep_labels=22 clique_frac=0.00
t=66761ms iter=299 REBUILD reject new_tc=36.3749 (was 34.5093)
t=66827ms iter=299 incumb=34.5093 ratchet=36.2668 best=34.5093 since_improve=217
t=66838ms iter=300 WAIST cost=34.0000 best_alt=22.0000 gap=12.0000 tried=5 sep_labels=22 clique_frac=0.00
t=66979ms iter=300 REBUILD reject new_tc=36.9357 (was 34.5093)
t=67045ms iter=300 incumb=34.5093 ratchet=35.4066 best=34.5093 since_improve=218
t=67056ms iter=301 WAIST cost=34.0000 best_alt=22.0000 gap=12.0000 tried=5 sep_labels=22 clique_frac=0.00
t=67197ms iter=301 REBUILD reject new_tc=37.5924 (was 34.5093)
t=67263ms iter=301 incumb=34.5093 ratchet=35.8902 best=34.5093 since_improve=219
t=67276ms iter=302 WAIST cost=34.0000 best_alt=22.0000 gap=12.0000 tried=5 sep_labels=22 clique_frac=0.00
t=67415ms iter=302 REBUILD reject new_tc=37.4397 (was 34.5093)
t=67481ms iter=302 incumb=34.5093 ratchet=35.9986 best=34.5093 since_improve=220
t=67496ms iter=303 WAIST cost=34.0000 best_alt=22.0000 gap=12.0000 tried=5 sep_labels=22 clique_frac=0.00
t=67636ms iter=303 REBUILD reject new_tc=37.4577 (was 34.5093)
t=67703ms iter=303 incumb=34.5093 ratchet=36.2656 best=34.5093 since_improve=221
t=67716ms iter=304 WAIST cost=34.0000 best_alt=22.0000 gap=12.0000 tried=5 sep_labels=22 clique_frac=0.00
t=67856ms iter=304 REBUILD reject new_tc=37.5252 (was 34.5093)
t=67922ms iter=304 incumb=34.5093 ratchet=36.0250 best=34.5093 since_improve=222
t=67935ms iter=305 WAIST cost=34.0000 best_alt=22.0000 gap=12.0000 tried=5 sep_labels=22 clique_frac=0.00
t=68076ms iter=305 REBUILD reject new_tc=37.3717 (was 34.5093)
t=68145ms iter=305 incumb=34.5093 ratchet=38.0976 best=34.5093 since_improve=223
t=68156ms iter=306 WAIST cost=34.0000 best_alt=22.0000 gap=12.0000 tried=5 sep_labels=22 clique_frac=0.00
t=68300ms iter=306 REBUILD reject new_tc=37.4979 (was 34.5093)
t=68366ms iter=306 incumb=34.5093 ratchet=36.2628 best=34.5093 since_improve=224
t=68380ms iter=307 WAIST cost=34.0000 best_alt=22.0000 gap=12.0000 tried=5 sep_labels=22 clique_frac=0.00
t=68520ms iter=307 REBUILD reject new_tc=37.2468 (was 34.5093)
t=68586ms iter=307 incumb=34.5093 ratchet=35.9877 best=34.5093 since_improve=225
t=68601ms iter=308 WAIST cost=34.0000 best_alt=22.0000 gap=12.0000 tried=5 sep_labels=22 clique_frac=0.00
t=68742ms iter=308 REBUILD reject new_tc=37.4100 (was 34.5093)
t=68808ms iter=308 incumb=34.5093 ratchet=35.7985 best=34.5093 since_improve=226
t=68822ms iter=309 WAIST cost=34.0000 best_alt=22.0000 gap=12.0000 tried=5 sep_labels=22 clique_frac=0.00
t=68964ms iter=309 REBUILD reject new_tc=37.2298 (was 34.5093)
t=69031ms iter=309 incumb=34.5093 ratchet=36.3554 best=34.5093 since_improve=227
t=69045ms iter=310 WAIST cost=34.0000 best_alt=22.0000 gap=12.0000 tried=5 sep_labels=22 clique_frac=0.00
t=69187ms iter=310 REBUILD reject new_tc=37.5165 (was 34.5093)
t=69258ms iter=310 incumb=34.5093 ratchet=45.0024 best=34.5093 since_improve=228
t=69269ms iter=311 WAIST cost=34.0000 best_alt=22.0000 gap=12.0000 tried=5 sep_labels=22 clique_frac=0.00
t=69410ms iter=311 REBUILD reject new_tc=37.5581 (was 34.5093)
t=69476ms iter=311 incumb=34.5093 ratchet=35.8219 best=34.5093 since_improve=229
t=69492ms iter=312 WAIST cost=34.0000 best_alt=22.0000 gap=12.0000 tried=5 sep_labels=22 clique_frac=0.00
t=69631ms iter=312 REBUILD reject new_tc=37.2874 (was 34.5093)
t=69697ms iter=312 incumb=34.5093 ratchet=36.0462 best=34.5093 since_improve=230
t=69713ms iter=313 WAIST cost=34.0000 best_alt=22.0000 gap=12.0000 tried=5 sep_labels=22 clique_frac=0.00
t=69854ms iter=313 REBUILD reject new_tc=36.6595 (was 34.5093)
t=69920ms iter=313 incumb=34.5093 ratchet=36.0906 best=34.5093 since_improve=231
t=69932ms iter=314 WAIST cost=34.0000 best_alt=22.0000 gap=12.0000 tried=5 sep_labels=22 clique_frac=0.00
t=70072ms iter=314 REBUILD reject new_tc=37.5447 (was 34.5093)
t=70139ms iter=314 incumb=34.5093 ratchet=36.2350 best=34.5093 since_improve=232
t=70150ms iter=315 WAIST cost=34.0000 best_alt=22.0000 gap=12.0000 tried=5 sep_labels=22 clique_frac=0.00
t=70289ms iter=315 REBUILD reject new_tc=37.3784 (was 34.5093)
t=70356ms iter=315 incumb=34.5093 ratchet=36.2347 best=34.5093 since_improve=233
t=70368ms iter=316 WAIST cost=34.0000 best_alt=22.0000 gap=12.0000 tried=5 sep_labels=22 clique_frac=0.00
t=70509ms iter=316 REBUILD reject new_tc=37.3978 (was 34.5093)
t=70574ms iter=316 incumb=34.5093 ratchet=36.3453 best=34.5093 since_improve=234
t=70589ms iter=317 WAIST cost=34.0000 best_alt=22.0000 gap=12.0000 tried=5 sep_labels=22 clique_frac=0.00
t=70729ms iter=317 REBUILD reject new_tc=37.4324 (was 34.5093)
t=70795ms iter=317 incumb=34.5093 ratchet=36.1437 best=34.5093 since_improve=235
t=70809ms iter=318 WAIST cost=34.0000 best_alt=22.0000 gap=12.0000 tried=5 sep_labels=22 clique_frac=0.00
t=70949ms iter=318 REBUILD reject new_tc=37.4529 (was 34.5093)
t=71016ms iter=318 incumb=34.5093 ratchet=37.2360 best=34.5093 since_improve=236
t=71029ms iter=319 WAIST cost=34.0000 best_alt=22.0000 gap=12.0000 tried=5 sep_labels=22 clique_frac=0.00
t=71172ms iter=319 REBUILD reject new_tc=37.3903 (was 34.5093)
t=71238ms iter=319 incumb=34.5093 ratchet=36.3460 best=34.5093 since_improve=237
t=71256ms iter=320 WAIST cost=34.0000 best_alt=22.0000 gap=12.0000 tried=5 sep_labels=22 clique_frac=0.00
t=71397ms iter=320 REBUILD reject new_tc=36.6583 (was 34.5093)
t=71463ms iter=320 incumb=34.5093 ratchet=36.3263 best=34.5093 since_improve=238
t=71477ms iter=321 WAIST cost=34.0000 best_alt=22.0000 gap=12.0000 tried=5 sep_labels=22 clique_frac=0.00
t=71617ms iter=321 REBUILD reject new_tc=37.5014 (was 34.5093)
t=71683ms iter=321 incumb=34.5093 ratchet=35.8842 best=34.5093 since_improve=239
t=71700ms iter=322 WAIST cost=34.0000 best_alt=22.0000 gap=12.0000 tried=5 sep_labels=22 clique_frac=0.00
t=71841ms iter=322 REBUILD reject new_tc=37.4205 (was 34.5093)
t=71906ms iter=322 incumb=34.5093 ratchet=36.1355 best=34.5093 since_improve=240
t=71921ms iter=323 WAIST cost=34.0000 best_alt=22.0000 gap=12.0000 tried=5 sep_labels=22 clique_frac=0.00
t=72062ms iter=323 REBUILD reject new_tc=37.5421 (was 34.5093)
t=72126ms iter=323 incumb=34.5093 ratchet=35.9801 best=34.5093 since_improve=241
t=72140ms iter=324 WAIST cost=34.0000 best_alt=22.0000 gap=12.0000 tried=5 sep_labels=22 clique_frac=0.00
t=72281ms iter=324 REBUILD reject new_tc=37.4432 (was 34.5093)
t=72346ms iter=324 incumb=34.5093 ratchet=35.9739 best=34.5093 since_improve=242
t=72360ms iter=325 WAIST cost=34.0000 best_alt=22.0000 gap=12.0000 tried=5 sep_labels=22 clique_frac=0.00
t=72502ms iter=325 REBUILD reject new_tc=37.5099 (was 34.5093)
t=72567ms iter=325 incumb=34.5093 ratchet=35.6827 best=34.5093 since_improve=243
t=72583ms iter=326 WAIST cost=34.0000 best_alt=22.0000 gap=12.0000 tried=5 sep_labels=22 clique_frac=0.00
t=72724ms iter=326 REBUILD reject new_tc=37.4713 (was 34.5093)
t=72789ms iter=326 incumb=34.5093 ratchet=35.8385 best=34.5093 since_improve=244
t=72805ms iter=327 WAIST cost=34.0000 best_alt=22.0000 gap=12.0000 tried=5 sep_labels=22 clique_frac=0.00
t=72944ms iter=327 REBUILD reject new_tc=37.2839 (was 34.5093)
t=73010ms iter=327 incumb=34.5093 ratchet=36.4798 best=34.5093 since_improve=245
t=73024ms iter=328 WAIST cost=34.0000 best_alt=22.0000 gap=12.0000 tried=5 sep_labels=22 clique_frac=0.00
t=73164ms iter=328 REBUILD reject new_tc=37.5664 (was 34.5093)
t=73230ms iter=328 incumb=34.5093 ratchet=35.9634 best=34.5093 since_improve=246
t=73241ms iter=329 WAIST cost=34.0000 best_alt=22.0000 gap=12.0000 tried=5 sep_labels=22 clique_frac=0.00
t=73382ms iter=329 REBUILD reject new_tc=37.4577 (was 34.5093)
t=73448ms iter=329 incumb=34.5093 ratchet=36.2994 best=34.5093 since_improve=247
t=73463ms iter=330 WAIST cost=34.0000 best_alt=22.0000 gap=12.0000 tried=5 sep_labels=22 clique_frac=0.00
t=73605ms iter=330 REBUILD reject new_tc=37.6522 (was 34.5093)
t=73670ms iter=330 incumb=34.5093 ratchet=36.2129 best=34.5093 since_improve=248
t=73681ms iter=331 WAIST cost=34.0000 best_alt=22.0000 gap=12.0000 tried=5 sep_labels=22 clique_frac=0.00
t=73822ms iter=331 REBUILD reject new_tc=37.1801 (was 34.5093)
t=73887ms iter=331 incumb=34.5093 ratchet=36.4299 best=34.5093 since_improve=249
t=73898ms iter=332 WAIST cost=34.0000 best_alt=22.0000 gap=12.0000 tried=5 sep_labels=22 clique_frac=0.00
t=74040ms iter=332 REBUILD reject new_tc=37.3395 (was 34.5093)
t=74105ms iter=332 incumb=34.5093 ratchet=36.2318 best=34.5093 since_improve=250
t=74117ms iter=333 WAIST cost=34.0000 best_alt=22.0000 gap=12.0000 tried=5 sep_labels=22 clique_frac=0.00
t=74258ms iter=333 REBUILD reject new_tc=37.2494 (was 34.5093)
t=74324ms iter=333 incumb=34.5093 ratchet=36.0917 best=34.5093 since_improve=251
t=74339ms iter=334 WAIST cost=34.0000 best_alt=22.0000 gap=12.0000 tried=5 sep_labels=22 clique_frac=0.00
t=74478ms iter=334 REBUILD reject new_tc=37.4518 (was 34.5093)
t=74544ms iter=334 incumb=34.5093 ratchet=36.0975 best=34.5093 since_improve=252
t=74559ms iter=335 WAIST cost=34.0000 best_alt=22.0000 gap=12.0000 tried=5 sep_labels=22 clique_frac=0.00
t=74700ms iter=335 REBUILD reject new_tc=36.8095 (was 34.5093)
t=74766ms iter=335 incumb=34.5093 ratchet=36.0420 best=34.5093 since_improve=253
t=74780ms iter=336 WAIST cost=34.0000 best_alt=22.0000 gap=12.0000 tried=5 sep_labels=22 clique_frac=0.00
t=74920ms iter=336 REBUILD reject new_tc=37.5478 (was 34.5093)
t=74985ms iter=336 incumb=34.5093 ratchet=35.9436 best=34.5093 since_improve=254
t=75001ms iter=337 WAIST cost=34.0000 best_alt=22.0000 gap=12.0000 tried=5 sep_labels=22 clique_frac=0.00
t=75143ms iter=337 REBUILD reject new_tc=37.2742 (was 34.5093)
t=75209ms iter=337 incumb=34.5093 ratchet=36.0918 best=34.5093 since_improve=255
t=75228ms iter=338 WAIST cost=34.0000 best_alt=22.0000 gap=12.0000 tried=5 sep_labels=22 clique_frac=0.00
t=75372ms iter=338 REBUILD reject new_tc=37.4541 (was 34.5093)
t=75436ms iter=338 incumb=34.5093 ratchet=36.2178 best=34.5093 since_improve=256
t=75453ms iter=339 WAIST cost=34.0000 best_alt=22.0000 gap=12.0000 tried=5 sep_labels=22 clique_frac=0.00
t=75593ms iter=339 REBUILD reject new_tc=37.2517 (was 34.5093)
t=75660ms iter=339 incumb=34.5093 ratchet=37.0514 best=34.5093 since_improve=257
t=75677ms iter=340 WAIST cost=34.0000 best_alt=22.0000 gap=12.0000 tried=5 sep_labels=22 clique_frac=0.00
t=75819ms iter=340 REBUILD reject new_tc=37.3736 (was 34.5093)
t=75885ms iter=340 incumb=34.5093 ratchet=36.1061 best=34.5093 since_improve=258
t=75897ms iter=341 WAIST cost=34.0000 best_alt=22.0000 gap=12.0000 tried=5 sep_labels=22 clique_frac=0.00
t=76039ms iter=341 REBUILD reject new_tc=37.4170 (was 34.5093)
t=76104ms iter=341 incumb=34.5093 ratchet=35.7372 best=34.5093 since_improve=259
t=76120ms iter=342 WAIST cost=34.0000 best_alt=22.0000 gap=12.0000 tried=5 sep_labels=22 clique_frac=0.00
t=76262ms iter=342 REBUILD reject new_tc=37.3713 (was 34.5093)
t=76328ms iter=342 incumb=34.5093 ratchet=36.1702 best=34.5093 since_improve=260
t=76342ms iter=343 WAIST cost=34.0000 best_alt=22.0000 gap=12.0000 tried=5 sep_labels=22 clique_frac=0.00
t=76483ms iter=343 REBUILD reject new_tc=37.3440 (was 34.5093)
t=76553ms iter=343 incumb=34.5093 ratchet=43.6929 best=34.5093 since_improve=261
t=76568ms iter=344 WAIST cost=34.0000 best_alt=22.0000 gap=12.0000 tried=5 sep_labels=22 clique_frac=0.00
t=76707ms iter=344 REBUILD reject new_tc=37.5497 (was 34.5093)
t=76772ms iter=344 incumb=34.5093 ratchet=36.3862 best=34.5093 since_improve=262
t=76783ms iter=345 WAIST cost=34.0000 best_alt=22.0000 gap=12.0000 tried=5 sep_labels=22 clique_frac=0.00
t=76924ms iter=345 REBUILD reject new_tc=37.3134 (was 34.5093)
t=76989ms iter=345 incumb=34.5093 ratchet=35.7306 best=34.5093 since_improve=263
t=77003ms iter=346 WAIST cost=34.0000 best_alt=22.0000 gap=12.0000 tried=5 sep_labels=22 clique_frac=0.00
t=77143ms iter=346 REBUILD reject new_tc=36.9774 (was 34.5093)
t=77209ms iter=346 incumb=34.5093 ratchet=35.6868 best=34.5093 since_improve=264
t=77223ms iter=347 WAIST cost=34.0000 best_alt=22.0000 gap=12.0000 tried=5 sep_labels=22 clique_frac=0.00
t=77363ms iter=347 REBUILD reject new_tc=37.4676 (was 34.5093)
t=77428ms iter=347 incumb=34.5093 ratchet=36.0599 best=34.5093 since_improve=265
t=77439ms iter=348 WAIST cost=34.0000 best_alt=22.0000 gap=12.0000 tried=5 sep_labels=22 clique_frac=0.00
t=77585ms iter=348 REBUILD reject new_tc=37.5493 (was 34.5093)
t=77651ms iter=348 incumb=34.5093 ratchet=35.9409 best=34.5093 since_improve=266
t=77665ms iter=349 WAIST cost=34.0000 best_alt=22.0000 gap=12.0000 tried=5 sep_labels=22 clique_frac=0.00
t=77806ms iter=349 REBUILD reject new_tc=37.3929 (was 34.5093)
t=77872ms iter=349 incumb=34.5093 ratchet=37.1926 best=34.5093 since_improve=267
t=77883ms iter=350 WAIST cost=34.0000 best_alt=22.0000 gap=12.0000 tried=5 sep_labels=22 clique_frac=0.00
t=78025ms iter=350 REBUILD reject new_tc=37.2963 (was 34.5093)
t=78091ms iter=350 incumb=34.5093 ratchet=36.6394 best=34.5093 since_improve=268
t=78104ms iter=351 WAIST cost=34.0000 best_alt=22.0000 gap=12.0000 tried=5 sep_labels=22 clique_frac=0.00
t=78245ms iter=351 REBUILD reject new_tc=37.5123 (was 34.5093)
t=78310ms iter=351 incumb=34.5093 ratchet=34.8796 best=34.5093 since_improve=269
t=78324ms iter=352 WAIST cost=34.0000 best_alt=22.0000 gap=12.0000 tried=5 sep_labels=22 clique_frac=0.00
t=78464ms iter=352 REBUILD reject new_tc=37.4099 (was 34.5093)
t=78531ms iter=352 incumb=34.5093 ratchet=38.6588 best=34.5093 since_improve=270
t=78542ms iter=353 WAIST cost=34.0000 best_alt=22.0000 gap=12.0000 tried=5 sep_labels=22 clique_frac=0.00
t=78683ms iter=353 REBUILD reject new_tc=36.9198 (was 34.5093)
t=78748ms iter=353 incumb=34.5093 ratchet=36.1896 best=34.5093 since_improve=271
t=78760ms iter=354 WAIST cost=34.0000 best_alt=22.0000 gap=12.0000 tried=5 sep_labels=22 clique_frac=0.00
t=78902ms iter=354 REBUILD reject new_tc=36.7063 (was 34.5093)
t=78967ms iter=354 incumb=34.5093 ratchet=35.9982 best=34.5093 since_improve=272
t=78982ms iter=355 WAIST cost=34.0000 best_alt=22.0000 gap=12.0000 tried=5 sep_labels=22 clique_frac=0.00
t=79124ms iter=355 REBUILD reject new_tc=37.1511 (was 34.5093)
t=79189ms iter=355 incumb=34.5093 ratchet=36.1089 best=34.5093 since_improve=273
t=79203ms iter=356 WAIST cost=34.0000 best_alt=22.0000 gap=12.0000 tried=5 sep_labels=22 clique_frac=0.00
t=79345ms iter=356 REBUILD reject new_tc=37.3390 (was 34.5093)
t=79412ms iter=356 incumb=34.5093 ratchet=36.1147 best=34.5093 since_improve=274
t=79426ms iter=357 WAIST cost=34.0000 best_alt=22.0000 gap=12.0000 tried=5 sep_labels=22 clique_frac=0.00
t=79565ms iter=357 REBUILD reject new_tc=37.2960 (was 34.5093)
t=79630ms iter=357 incumb=34.5093 ratchet=36.0998 best=34.5093 since_improve=275
t=79641ms iter=358 WAIST cost=34.0000 best_alt=22.0000 gap=12.0000 tried=5 sep_labels=22 clique_frac=0.00
t=79783ms iter=358 REBUILD reject new_tc=36.9983 (was 34.5093)
t=79848ms iter=358 incumb=34.5093 ratchet=35.9045 best=34.5093 since_improve=276
t=79864ms iter=359 WAIST cost=34.0000 best_alt=22.0000 gap=12.0000 tried=5 sep_labels=22 clique_frac=0.00
t=80006ms iter=359 REBUILD reject new_tc=37.0498 (was 34.5093)
t=80072ms iter=359 incumb=34.5093 ratchet=35.9089 best=34.5093 since_improve=277
t=80083ms iter=360 WAIST cost=34.0000 best_alt=22.0000 gap=12.0000 tried=5 sep_labels=22 clique_frac=0.00
t=80223ms iter=360 REBUILD reject new_tc=37.4215 (was 34.5093)
t=80289ms iter=360 incumb=34.5093 ratchet=36.1539 best=34.5093 since_improve=278
t=80300ms iter=361 WAIST cost=34.0000 best_alt=22.0000 gap=12.0000 tried=5 sep_labels=22 clique_frac=0.00
t=80466ms iter=361 REBUILD reject new_tc=37.6159 (was 34.5093)
t=80531ms iter=361 incumb=34.5093 ratchet=35.8879 best=34.5093 since_improve=279
t=80544ms iter=362 WAIST cost=34.0000 best_alt=22.0000 gap=12.0000 tried=5 sep_labels=22 clique_frac=0.00
t=80686ms iter=362 REBUILD reject new_tc=37.5102 (was 34.5093)
t=80753ms iter=362 incumb=34.5093 ratchet=36.9197 best=34.5093 since_improve=280
t=80769ms iter=363 WAIST cost=34.0000 best_alt=22.0000 gap=12.0000 tried=5 sep_labels=22 clique_frac=0.00
t=80910ms iter=363 REBUILD reject new_tc=36.3754 (was 34.5093)
t=80981ms iter=363 incumb=34.5093 ratchet=35.6606 best=34.5093 since_improve=281
t=80999ms iter=364 WAIST cost=34.0000 best_alt=22.0000 gap=12.0000 tried=5 sep_labels=22 clique_frac=0.00
t=81154ms iter=364 REBUILD reject new_tc=37.5528 (was 34.5093)
t=81219ms iter=364 incumb=34.5093 ratchet=36.0744 best=34.5093 since_improve=282
t=81234ms iter=365 WAIST cost=34.0000 best_alt=22.0000 gap=12.0000 tried=5 sep_labels=22 clique_frac=0.00
t=81374ms iter=365 REBUILD reject new_tc=37.3016 (was 34.5093)
t=81442ms iter=365 incumb=34.5093 ratchet=38.8384 best=34.5093 since_improve=283
t=81453ms iter=366 WAIST cost=34.0000 best_alt=22.0000 gap=12.0000 tried=5 sep_labels=22 clique_frac=0.00
t=81597ms iter=366 REBUILD reject new_tc=37.3601 (was 34.5093)
t=81662ms iter=366 incumb=34.5093 ratchet=35.8865 best=34.5093 since_improve=284
t=81678ms iter=367 WAIST cost=34.0000 best_alt=22.0000 gap=12.0000 tried=5 sep_labels=22 clique_frac=0.00
t=81819ms iter=367 REBUILD reject new_tc=37.3952 (was 34.5093)
t=81885ms iter=367 incumb=34.5093 ratchet=36.1121 best=34.5093 since_improve=285
t=81899ms iter=368 WAIST cost=34.0000 best_alt=22.0000 gap=12.0000 tried=5 sep_labels=22 clique_frac=0.00
t=82040ms iter=368 REBUILD reject new_tc=37.3038 (was 34.5093)
t=82106ms iter=368 incumb=34.5093 ratchet=36.1750 best=34.5093 since_improve=286
t=82119ms iter=369 WAIST cost=34.0000 best_alt=22.0000 gap=12.0000 tried=5 sep_labels=22 clique_frac=0.00
t=82261ms iter=369 REBUILD reject new_tc=37.2236 (was 34.5093)
t=82326ms iter=369 incumb=34.5093 ratchet=36.0839 best=34.5093 since_improve=287
t=82337ms iter=370 WAIST cost=34.0000 best_alt=22.0000 gap=12.0000 tried=5 sep_labels=22 clique_frac=0.00
t=82476ms iter=370 REBUILD reject new_tc=37.2905 (was 34.5093)
t=82543ms iter=370 incumb=34.5093 ratchet=36.2358 best=34.5093 since_improve=288
t=82556ms iter=371 WAIST cost=34.0000 best_alt=22.0000 gap=12.0000 tried=5 sep_labels=22 clique_frac=0.00
t=82697ms iter=371 REBUILD reject new_tc=37.4319 (was 34.5093)
t=82763ms iter=371 incumb=34.5093 ratchet=36.0252 best=34.5093 since_improve=289
t=82776ms iter=372 WAIST cost=34.0000 best_alt=22.0000 gap=12.0000 tried=5 sep_labels=22 clique_frac=0.00
t=82916ms iter=372 REBUILD reject new_tc=37.4285 (was 34.5093)
t=82982ms iter=372 incumb=34.5093 ratchet=35.4723 best=34.5093 since_improve=290
t=82994ms iter=373 WAIST cost=34.0000 best_alt=22.0000 gap=12.0000 tried=5 sep_labels=22 clique_frac=0.00
t=83134ms iter=373 REBUILD reject new_tc=37.3811 (was 34.5093)
t=83200ms iter=373 incumb=34.5093 ratchet=36.2874 best=34.5093 since_improve=291
t=83215ms iter=374 WAIST cost=34.0000 best_alt=22.0000 gap=12.0000 tried=5 sep_labels=22 clique_frac=0.00
t=83359ms iter=374 REBUILD reject new_tc=37.6731 (was 34.5093)
t=83428ms iter=374 incumb=34.5093 ratchet=40.5195 best=34.5093 since_improve=292
t=83442ms iter=375 WAIST cost=34.0000 best_alt=22.0000 gap=12.0000 tried=5 sep_labels=22 clique_frac=0.00
t=83582ms iter=375 REBUILD reject new_tc=37.3814 (was 34.5093)
t=83647ms iter=375 incumb=34.5093 ratchet=36.4886 best=34.5093 since_improve=293
t=83660ms iter=376 WAIST cost=34.0000 best_alt=22.0000 gap=12.0000 tried=5 sep_labels=22 clique_frac=0.00
t=83801ms iter=376 REBUILD reject new_tc=37.4289 (was 34.5093)
t=83867ms iter=376 incumb=34.5093 ratchet=35.6634 best=34.5093 since_improve=294
t=83878ms iter=377 WAIST cost=34.0000 best_alt=22.0000 gap=12.0000 tried=5 sep_labels=22 clique_frac=0.00
t=84019ms iter=377 REBUILD reject new_tc=37.4833 (was 34.5093)
t=84085ms iter=377 incumb=34.5093 ratchet=36.1426 best=34.5093 since_improve=295
t=84101ms iter=378 WAIST cost=34.0000 best_alt=22.0000 gap=12.0000 tried=5 sep_labels=22 clique_frac=0.00
t=84244ms iter=378 REBUILD reject new_tc=37.4542 (was 34.5093)
t=84311ms iter=378 incumb=34.5093 ratchet=39.0341 best=34.5093 since_improve=296
t=84325ms iter=379 WAIST cost=34.0000 best_alt=22.0000 gap=12.0000 tried=5 sep_labels=22 clique_frac=0.00
t=84467ms iter=379 REBUILD reject new_tc=37.6279 (was 34.5093)
t=84532ms iter=379 incumb=34.5093 ratchet=36.2019 best=34.5093 since_improve=297
t=84546ms iter=380 WAIST cost=34.0000 best_alt=22.0000 gap=12.0000 tried=5 sep_labels=22 clique_frac=0.00
t=84687ms iter=380 REBUILD reject new_tc=37.3403 (was 34.5093)
t=84751ms iter=380 incumb=34.5093 ratchet=36.0221 best=34.5093 since_improve=298
t=84762ms iter=381 WAIST cost=34.0000 best_alt=22.0000 gap=12.0000 tried=5 sep_labels=22 clique_frac=0.00
t=84903ms iter=381 REBUILD reject new_tc=37.6448 (was 34.5093)
t=84979ms iter=381 incumb=34.5093 ratchet=35.9249 best=34.5093 since_improve=299
t=84994ms iter=382 WAIST cost=34.0000 best_alt=22.0000 gap=12.0000 tried=5 sep_labels=22 clique_frac=0.00
t=85136ms iter=382 REBUILD reject new_tc=37.3367 (was 34.5093)
t=85201ms iter=382 incumb=34.5093 ratchet=35.7221 best=34.5093 since_improve=300
t=85214ms iter=383 WAIST cost=34.0000 best_alt=22.0000 gap=12.0000 tried=5 sep_labels=22 clique_frac=0.00
t=85356ms iter=383 REBUILD reject new_tc=37.6029 (was 34.5093)
t=85420ms iter=383 incumb=34.5093 ratchet=36.0240 best=34.5093 since_improve=301
t=85434ms iter=384 WAIST cost=34.0000 best_alt=22.0000 gap=12.0000 tried=5 sep_labels=22 clique_frac=0.00
t=85574ms iter=384 REBUILD reject new_tc=37.0763 (was 34.5093)
t=85639ms iter=384 incumb=34.5093 ratchet=35.6815 best=34.5093 since_improve=302
t=85650ms iter=385 WAIST cost=34.0000 best_alt=22.0000 gap=12.0000 tried=5 sep_labels=22 clique_frac=0.00
t=85792ms iter=385 REBUILD reject new_tc=37.3514 (was 34.5093)
t=85858ms iter=385 incumb=34.5093 ratchet=36.1404 best=34.5093 since_improve=303
t=85871ms iter=386 WAIST cost=34.0000 best_alt=22.0000 gap=12.0000 tried=5 sep_labels=22 clique_frac=0.00
t=86011ms iter=386 REBUILD reject new_tc=37.3699 (was 34.5093)
t=86077ms iter=386 incumb=34.5093 ratchet=35.8530 best=34.5093 since_improve=304
t=86090ms iter=387 WAIST cost=34.0000 best_alt=22.0000 gap=12.0000 tried=5 sep_labels=22 clique_frac=0.00
t=86232ms iter=387 REBUILD reject new_tc=37.3837 (was 34.5093)
t=86296ms iter=387 incumb=34.5093 ratchet=35.9597 best=34.5093 since_improve=305
t=86309ms iter=388 WAIST cost=34.0000 best_alt=22.0000 gap=12.0000 tried=5 sep_labels=22 clique_frac=0.00
t=86452ms iter=388 REBUILD reject new_tc=37.4115 (was 34.5093)
t=86517ms iter=388 incumb=34.5093 ratchet=37.2125 best=34.5093 since_improve=306
t=86531ms iter=389 WAIST cost=34.0000 best_alt=22.0000 gap=12.0000 tried=5 sep_labels=22 clique_frac=0.00
t=86674ms iter=389 REBUILD reject new_tc=37.6227 (was 34.5093)
t=86739ms iter=389 incumb=34.5093 ratchet=36.1667 best=34.5093 since_improve=307
t=86750ms iter=390 WAIST cost=34.0000 best_alt=22.0000 gap=12.0000 tried=5 sep_labels=22 clique_frac=0.00
t=86891ms iter=390 REBUILD reject new_tc=37.4851 (was 34.5093)
t=86956ms iter=390 incumb=34.5093 ratchet=35.8578 best=34.5093 since_improve=308
t=86967ms iter=391 WAIST cost=34.0000 best_alt=22.0000 gap=12.0000 tried=5 sep_labels=22 clique_frac=0.00
t=87106ms iter=391 REBUILD reject new_tc=37.3569 (was 34.5093)
t=87173ms iter=391 incumb=34.5093 ratchet=37.6379 best=34.5093 since_improve=309
t=87188ms iter=392 WAIST cost=34.0000 best_alt=22.0000 gap=12.0000 tried=5 sep_labels=22 clique_frac=0.00
t=87328ms iter=392 REBUILD reject new_tc=37.4264 (was 34.5093)
t_final=87336ms tc_reduced=34.5093 tc_full=34.5093 leaves=572
surgery summary: calls=392 cheaper_cuts=392 rebuild_accepts=4 waist_min_hits=0
