probe: instance=sycamore_53_20_0 n_orig=3369 n=381 fusible=0.8869 nlabels=754 t=16ms
seed_greedy tc=87.0258 t=507ms
t=613ms iter=1 WAIST cost=57.0000 best_alt=46.0000 gap=11.0000 tried=5 sep_labels=46 clique_frac=0.01
t=980ms iter=1 REBUILD ACCEPT new_tc=61.7472 (was 62.0012)
t=7188ms iter=1 incumb=61.7472 ratchet=61.3255 best=61.3255 since_improve=0
t=7197ms iter=2 WAIST cost=57.0000 best_alt=43.0000 gap=14.0000 tried=5 sep_labels=43 clique_frac=0.01
t=7570ms iter=2 REBUILD ACCEPT new_tc=61.1962 (was 61.3255)
t=7737ms iter=2 incumb=61.1962 ratchet=61.3186 best=61.1962 since_improve=1
t=7744ms iter=3 WAIST cost=57.0000 best_alt=52.0000 gap=5.0000 tried=5 sep_labels=52 clique_frac=0.01
t=7915ms iter=3 REBUILD reject new_tc=61.4392 (was 61.1962)
t=8085ms iter=3 incumb=61.1962 ratchet=61.3691 best=61.1962 since_improve=2
t=8094ms iter=4 WAIST cost=57.0000 best_alt=52.0000 gap=5.0000 tried=5 sep_labels=52 clique_frac=0.01
t=8268ms iter=4 REBUILD reject new_tc=61.6445 (was 61.1962)
t=8435ms iter=4 incumb=61.1962 ratchet=61.2829 best=61.1962 since_improve=3
t=8443ms iter=5 WAIST cost=57.0000 best_alt=52.0000 gap=5.0000 tried=5 sep_labels=52 clique_frac=0.01
t=8615ms iter=5 REBUILD reject new_tc=61.6354 (was 61.1962)
t=10427ms iter=5 incumb=61.1962 ratchet=61.1009 best=61.0960 since_improve=0
t=10438ms iter=6 WAIST cost=57.0000 best_alt=52.0000 gap=5.0000 tried=5 sep_labels=52 clique_frac=0.01
t=10614ms iter=6 REBUILD reject new_tc=61.6488 (was 61.1009)
t=10783ms iter=6 incumb=61.1009 ratchet=61.2564 best=61.0960 since_improve=1
t=10791ms iter=7 WAIST cost=57.0000 best_alt=52.0000 gap=5.0000 tried=5 sep_labels=52 clique_frac=0.01
t=10967ms iter=7 REBUILD reject new_tc=61.1066 (was 61.1009)
t=11130ms iter=7 incumb=61.1009 ratchet=61.4383 best=61.0960 since_improve=2
t=11140ms iter=8 WAIST cost=57.0000 best_alt=50.0000 gap=7.0000 tried=5 sep_labels=50 clique_frac=0.01
t=11287ms iter=8 REBUILD reject new_tc=61.4043 (was 61.1009)
t=11454ms iter=8 incumb=61.1009 ratchet=61.2405 best=61.0960 since_improve=3
t=11463ms iter=9 WAIST cost=57.0000 best_alt=52.0000 gap=5.0000 tried=5 sep_labels=52 clique_frac=0.01
t=11639ms iter=9 REBUILD reject new_tc=67.3830 (was 61.1009)
t=11806ms iter=9 incumb=61.1009 ratchet=61.1693 best=61.0960 since_improve=4
t=11814ms iter=10 WAIST cost=57.0000 best_alt=52.0000 gap=5.0000 tried=5 sep_labels=52 clique_frac=0.01
t=11984ms iter=10 REBUILD reject new_tc=63.3332 (was 61.1009)
t=12138ms iter=10 incumb=61.1009 ratchet=61.2979 best=61.0960 since_improve=5
t=12145ms iter=11 WAIST cost=57.0000 best_alt=52.0000 gap=5.0000 tried=5 sep_labels=52 clique_frac=0.01
t=12321ms iter=11 REBUILD reject new_tc=61.4146 (was 61.1009)
t=12482ms iter=11 incumb=61.1009 ratchet=61.3179 best=61.0960 since_improve=6
t=12490ms iter=12 WAIST cost=57.0000 best_alt=52.0000 gap=5.0000 tried=5 sep_labels=52 clique_frac=0.01
t=12663ms iter=12 REBUILD reject new_tc=63.1374 (was 61.1009)
t=12820ms iter=12 incumb=61.1009 ratchet=62.3219 best=61.0960 since_improve=7
t=12827ms iter=13 WAIST cost=57.0000 best_alt=52.0000 gap=5.0000 tried=5 sep_labels=52 clique_frac=0.01
t=13004ms iter=13 REBUILD reject new_tc=61.5526 (was 61.1009)
t=13167ms iter=13 incumb=61.1009 ratchet=61.1574 best=61.0960 since_improve=8
t=13177ms iter=14 WAIST cost=57.0000 best_alt=52.0000 gap=5.0000 tried=5 sep_labels=52 clique_frac=0.01
t=13354ms iter=14 REBUILD reject new_tc=61.7343 (was 61.1009)
t=13510ms iter=14 incumb=61.1009 ratchet=61.1351 best=61.0960 since_improve=9
t=13517ms iter=15 WAIST cost=57.0000 best_alt=52.0000 gap=5.0000 tried=5 sep_labels=52 clique_frac=0.01
t=13695ms iter=15 REBUILD reject new_tc=61.7323 (was 61.1009)
t=13862ms iter=15 incumb=61.1009 ratchet=61.1136 best=61.0960 since_improve=10
t=13870ms iter=16 WAIST cost=57.0000 best_alt=52.0000 gap=5.0000 tried=5 sep_labels=52 clique_frac=0.01
t=14034ms iter=16 REBUILD reject new_tc=71.0013 (was 61.1009)
t=14201ms iter=16 incumb=61.1009 ratchet=61.1783 best=61.0960 since_improve=11
t=14209ms iter=17 WAIST cost=57.0000 best_alt=52.0000 gap=5.0000 tried=5 sep_labels=52 clique_frac=0.01
t=14390ms iter=17 REBUILD reject new_tc=61.6382 (was 61.1009)
t=14555ms iter=17 incumb=61.1009 ratchet=61.1395 best=61.0960 since_improve=12
t=14563ms iter=18 WAIST cost=57.0000 best_alt=52.0000 gap=5.0000 tried=5 sep_labels=52 clique_frac=0.01
t=14744ms iter=18 REBUILD reject new_tc=62.3782 (was 61.1009)
t=15589ms iter=18 incumb=61.1009 ratchet=61.0650 best=61.0650 since_improve=0
t=15596ms iter=19 WAIST cost=57.0000 best_alt=52.0000 gap=5.0000 tried=5 sep_labels=52 clique_frac=0.01
t=15770ms iter=19 REBUILD reject new_tc=63.5840 (was 61.0650)
t=15933ms iter=19 incumb=61.0650 ratchet=61.2319 best=61.0650 since_improve=1
t=15942ms iter=20 WAIST cost=57.0000 best_alt=52.0000 gap=5.0000 tried=5 sep_labels=52 clique_frac=0.01
t=16111ms iter=20 REBUILD reject new_tc=61.7528 (was 61.0650)
t=16285ms iter=20 incumb=61.0650 ratchet=61.1512 best=61.0650 since_improve=2
t=16292ms iter=21 WAIST cost=57.0000 best_alt=52.0000 gap=5.0000 tried=5 sep_labels=52 clique_frac=0.01
t=16468ms iter=21 REBUILD reject new_tc=62.2839 (was 61.0650)
t=16626ms iter=21 incumb=61.0650 ratchet=61.0850 best=61.0650 since_improve=3
t=16635ms iter=22 WAIST cost=57.0000 best_alt=51.0000 gap=6.0000 tried=5 sep_labels=51 clique_frac=0.01
t=16788ms iter=22 REBUILD reject new_tc=75.1360 (was 61.0650)
t=16948ms iter=22 incumb=61.0650 ratchet=61.1250 best=61.0650 since_improve=4
t=16957ms iter=23 WAIST cost=57.0000 best_alt=52.0000 gap=5.0000 tried=5 sep_labels=52 clique_frac=0.01
t=17114ms iter=23 REBUILD reject new_tc=70.1081 (was 61.0650)
t=17281ms iter=23 incumb=61.0650 ratchet=61.1953 best=61.0650 since_improve=5
t=17290ms iter=24 WAIST cost=57.0000 best_alt=51.0000 gap=6.0000 tried=5 sep_labels=51 clique_frac=0.01
t=17446ms iter=24 REBUILD reject new_tc=61.4525 (was 61.0650)
t=17613ms iter=24 incumb=61.0650 ratchet=61.2512 best=61.0650 since_improve=6
t=17621ms iter=25 WAIST cost=57.0000 best_alt=52.0000 gap=5.0000 tried=5 sep_labels=52 clique_frac=0.01
t=17795ms iter=25 REBUILD reject new_tc=66.3353 (was 61.0650)
t=17959ms iter=25 incumb=61.0650 ratchet=61.1401 best=61.0650 since_improve=7
t=17968ms iter=26 WAIST cost=57.0000 best_alt=52.0000 gap=5.0000 tried=5 sep_labels=52 clique_frac=0.01
t=18143ms iter=26 REBUILD reject new_tc=61.6553 (was 61.0650)
t=18302ms iter=26 incumb=61.0650 ratchet=61.2229 best=61.0650 since_improve=8
t=18310ms iter=27 WAIST cost=57.0000 best_alt=52.0000 gap=5.0000 tried=5 sep_labels=52 clique_frac=0.01
t=18495ms iter=27 REBUILD reject new_tc=61.3899 (was 61.0650)
t=18663ms iter=27 incumb=61.0650 ratchet=61.3194 best=61.0650 since_improve=9
t=18672ms iter=28 WAIST cost=57.0000 best_alt=52.0000 gap=5.0000 tried=5 sep_labels=52 clique_frac=0.01
t=18846ms iter=28 REBUILD reject new_tc=63.6974 (was 61.0650)
t=19004ms iter=28 incumb=61.0650 ratchet=61.2719 best=61.0650 since_improve=10
t=19012ms iter=29 WAIST cost=57.0000 best_alt=52.0000 gap=5.0000 tried=5 sep_labels=52 clique_frac=0.01
t=19195ms iter=29 REBUILD reject new_tc=61.6685 (was 61.0650)
t=19365ms iter=29 incumb=61.0650 ratchet=61.1335 best=61.0650 since_improve=11
t=19373ms iter=30 WAIST cost=57.0000 best_alt=52.0000 gap=5.0000 tried=5 sep_labels=52 clique_frac=0.01
t=19545ms iter=30 REBUILD reject new_tc=65.9682 (was 61.0650)
t=19707ms iter=30 incumb=61.0650 ratchet=61.1879 best=61.0650 since_improve=12
t=19714ms iter=31 WAIST cost=57.0000 best_alt=52.0000 gap=5.0000 tried=5 sep_labels=52 clique_frac=0.01
t=19884ms iter=31 REBUILD reject new_tc=71.0023 (was 61.0650)
t=20049ms iter=31 incumb=61.0650 ratchet=61.2007 best=61.0650 since_improve=13
t=20058ms iter=32 WAIST cost=57.0000 best_alt=51.0000 gap=6.0000 tried=5 sep_labels=51 clique_frac=0.01
t=20217ms iter=32 REBUILD reject new_tc=61.6715 (was 61.0650)
t=20382ms iter=32 incumb=61.0650 ratchet=61.1914 best=61.0650 since_improve=14
t=20390ms iter=33 WAIST cost=57.0000 best_alt=50.0000 gap=7.0000 tried=5 sep_labels=50 clique_frac=0.01
t=20536ms iter=33 REBUILD reject new_tc=75.0003 (was 61.0650)
t=20696ms iter=33 incumb=61.0650 ratchet=61.1303 best=61.0650 since_improve=15
t=20704ms iter=34 WAIST cost=57.0000 best_alt=52.0000 gap=5.0000 tried=5 sep_labels=52 clique_frac=0.01
t=20879ms iter=34 REBUILD reject new_tc=61.3394 (was 61.0650)
t=21046ms iter=34 incumb=61.0650 ratchet=61.0911 best=61.0650 since_improve=16
t=21053ms iter=35 WAIST cost=57.0000 best_alt=52.0000 gap=5.0000 tried=5 sep_labels=52 clique_frac=0.01
t=21217ms iter=35 REBUILD reject new_tc=77.0003 (was 61.0650)
t=21384ms iter=35 incumb=61.0650 ratchet=61.1340 best=61.0650 since_improve=17
t=21393ms iter=36 WAIST cost=57.0000 best_alt=50.0000 gap=7.0000 tried=5 sep_labels=50 clique_frac=0.01
t=21756ms iter=36 REBUILD ACCEPT new_tc=61.0588 (was 61.0650)
t=24696ms iter=36 incumb=61.0588 ratchet=60.8273 best=60.8273 since_improve=0
t=24709ms iter=37 WAIST cost=57.0000 best_alt=51.0000 gap=6.0000 tried=5 sep_labels=51 clique_frac=0.01
t=24864ms iter=37 REBUILD reject new_tc=61.4878 (was 60.8273)
t=26758ms iter=37 incumb=60.8273 ratchet=60.6549 best=60.6549 since_improve=0
t=26766ms iter=38 WAIST cost=57.0000 best_alt=52.0000 gap=5.0000 tried=5 sep_labels=52 clique_frac=0.01
t=26936ms iter=38 REBUILD reject new_tc=68.0055 (was 60.6549)
t=27100ms iter=38 incumb=60.6549 ratchet=60.7299 best=60.6549 since_improve=1
t=27109ms iter=39 WAIST cost=57.0000 best_alt=52.0000 gap=5.0000 tried=5 sep_labels=52 clique_frac=0.01
t=27279ms iter=39 REBUILD reject new_tc=61.9513 (was 60.6549)
t=27446ms iter=39 incumb=60.6549 ratchet=60.7357 best=60.6549 since_improve=2
t=27453ms iter=40 WAIST cost=57.0000 best_alt=51.0000 gap=6.0000 tried=5 sep_labels=51 clique_frac=0.01
t=27614ms iter=40 REBUILD reject new_tc=61.7484 (was 60.6549)
t=27954ms iter=40 incumb=60.6549 ratchet=60.7843 best=60.6432 since_improve=3
t=27967ms iter=41 WAIST cost=57.0000 best_alt=50.0000 gap=7.0000 tried=5 sep_labels=50 clique_frac=0.01
t=28108ms iter=41 REBUILD reject new_tc=77.0003 (was 60.6549)
t=28267ms iter=41 incumb=60.6549 ratchet=60.7148 best=60.6432 since_improve=4
t=28277ms iter=42 WAIST cost=57.0000 best_alt=52.0000 gap=5.0000 tried=5 sep_labels=52 clique_frac=0.01
t=28443ms iter=42 REBUILD reject new_tc=61.9393 (was 60.6549)
t=28602ms iter=42 incumb=60.6549 ratchet=60.7127 best=60.6432 since_improve=5
t=28609ms iter=43 WAIST cost=57.0000 best_alt=52.0000 gap=5.0000 tried=5 sep_labels=52 clique_frac=0.01
t=28781ms iter=43 REBUILD reject new_tc=61.9359 (was 60.6549)
t=28938ms iter=43 incumb=60.6549 ratchet=60.8819 best=60.6432 since_improve=6
t=28945ms iter=44 WAIST cost=57.0000 best_alt=52.0000 gap=5.0000 tried=5 sep_labels=52 clique_frac=0.01
t=29114ms iter=44 REBUILD reject new_tc=61.2895 (was 60.6549)
t=30453ms iter=44 incumb=60.6549 ratchet=60.6083 best=60.5983 since_improve=0
t=30465ms iter=45 WAIST cost=56.0000 best_alt=52.0000 gap=4.0000 tried=5 sep_labels=52 clique_frac=0.01
t=30643ms iter=45 REBUILD reject new_tc=63.9912 (was 60.6083)
t=30808ms iter=45 incumb=60.6083 ratchet=60.6283 best=60.5983 since_improve=1
t=30816ms iter=46 WAIST cost=56.0000 best_alt=53.0000 gap=3.0000 tried=5 sep_labels=53 clique_frac=0.02
t=31004ms iter=46 REBUILD reject new_tc=61.7561 (was 60.6083)
t=31169ms iter=46 incumb=60.6083 ratchet=60.6148 best=60.5983 since_improve=2
t=31178ms iter=47 WAIST cost=56.0000 best_alt=53.0000 gap=3.0000 tried=5 sep_labels=53 clique_frac=0.02
t=31348ms iter=47 REBUILD reject new_tc=62.0714 (was 60.6083)
t=31512ms iter=47 incumb=60.6083 ratchet=60.7014 best=60.5983 since_improve=3
t=31520ms iter=48 WAIST cost=56.0000 best_alt=52.0000 gap=4.0000 tried=5 sep_labels=52 clique_frac=0.01
t=31701ms iter=48 REBUILD reject new_tc=61.9845 (was 60.6083)
t=32235ms iter=48 incumb=60.6083 ratchet=60.5991 best=60.5813 since_improve=0
t=32243ms iter=49 WAIST cost=57.0000 best_alt=53.0000 gap=4.0000 tried=5 sep_labels=53 clique_frac=0.02
t=32418ms iter=49 REBUILD reject new_tc=61.3098 (was 60.5991)
t=32579ms iter=49 incumb=60.5991 ratchet=60.5982 best=60.5813 since_improve=0
t=32587ms iter=50 WAIST cost=57.0000 best_alt=53.0000 gap=4.0000 tried=5 sep_labels=53 clique_frac=0.02
t=32763ms iter=50 REBUILD reject new_tc=73.6827 (was 60.5982)
t=32930ms iter=50 incumb=60.5982 ratchet=60.7433 best=60.5813 since_improve=1
t=32937ms iter=51 WAIST cost=57.0000 best_alt=51.0000 gap=6.0000 tried=5 sep_labels=51 clique_frac=0.01
t=33091ms iter=51 REBUILD reject new_tc=69.0078 (was 60.5982)
t=33251ms iter=51 incumb=60.5982 ratchet=60.6319 best=60.5813 since_improve=2
t=33260ms iter=52 WAIST cost=57.0000 best_alt=52.0000 gap=5.0000 tried=5 sep_labels=52 clique_frac=0.01
t=33416ms iter=52 REBUILD reject new_tc=61.5583 (was 60.5982)
t=33574ms iter=52 incumb=60.5982 ratchet=60.6295 best=60.5813 since_improve=3
t=33583ms iter=53 WAIST cost=57.0000 best_alt=51.0000 gap=6.0000 tried=5 sep_labels=51 clique_frac=0.01
t=33746ms iter=53 REBUILD reject new_tc=61.3203 (was 60.5982)
t=33906ms iter=53 incumb=60.5982 ratchet=60.7127 best=60.5813 since_improve=4
t=33915ms iter=54 WAIST cost=57.0000 best_alt=51.0000 gap=6.0000 tried=5 sep_labels=51 clique_frac=0.01
t=34076ms iter=54 REBUILD reject new_tc=61.4275 (was 60.5982)
t=34236ms iter=54 incumb=60.5982 ratchet=60.7503 best=60.5813 since_improve=5
t=34247ms iter=55 WAIST cost=57.0000 best_alt=53.0000 gap=4.0000 tried=5 sep_labels=53 clique_frac=0.02
t=34418ms iter=55 REBUILD reject new_tc=61.9437 (was 60.5982)
t=34582ms iter=55 incumb=60.5982 ratchet=60.8198 best=60.5813 since_improve=6
t=34590ms iter=56 WAIST cost=57.0000 best_alt=51.0000 gap=6.0000 tried=5 sep_labels=51 clique_frac=0.01
t=34764ms iter=56 REBUILD reject new_tc=61.3541 (was 60.5982)
t=34929ms iter=56 incumb=60.5982 ratchet=60.6563 best=60.5813 since_improve=7
t=34939ms iter=57 WAIST cost=57.0000 best_alt=51.0000 gap=6.0000 tried=5 sep_labels=51 clique_frac=0.01
t=35091ms iter=57 REBUILD reject new_tc=61.4482 (was 60.5982)
t=35248ms iter=57 incumb=60.5982 ratchet=60.7393 best=60.5813 since_improve=8
t=35259ms iter=58 WAIST cost=57.0000 best_alt=51.0000 gap=6.0000 tried=5 sep_labels=51 clique_frac=0.01
t=35433ms iter=58 REBUILD reject new_tc=60.9448 (was 60.5982)
t=35594ms iter=58 incumb=60.5982 ratchet=60.6612 best=60.5813 since_improve=9
t=35603ms iter=59 WAIST cost=57.0000 best_alt=52.0000 gap=5.0000 tried=5 sep_labels=52 clique_frac=0.01
t=35752ms iter=59 REBUILD reject new_tc=65.3689 (was 60.5982)
t=35917ms iter=59 incumb=60.5982 ratchet=60.7222 best=60.5813 since_improve=10
t=35926ms iter=60 WAIST cost=57.0000 best_alt=52.0000 gap=5.0000 tried=5 sep_labels=52 clique_frac=0.01
t=36080ms iter=60 REBUILD reject new_tc=61.4621 (was 60.5982)
t=36242ms iter=60 incumb=60.5982 ratchet=60.6963 best=60.5813 since_improve=11
t=36251ms iter=61 WAIST cost=57.0000 best_alt=50.0000 gap=7.0000 tried=5 sep_labels=50 clique_frac=0.01
t=36391ms iter=61 REBUILD reject new_tc=62.0527 (was 60.5982)
t=36548ms iter=61 incumb=60.5982 ratchet=60.6895 best=60.5813 since_improve=12
t=36556ms iter=62 WAIST cost=57.0000 best_alt=52.0000 gap=5.0000 tried=5 sep_labels=52 clique_frac=0.01
t=36726ms iter=62 REBUILD reject new_tc=63.2174 (was 60.5982)
t=36885ms iter=62 incumb=60.5982 ratchet=60.6635 best=60.5813 since_improve=13
t=36893ms iter=63 WAIST cost=57.0000 best_alt=53.0000 gap=4.0000 tried=5 sep_labels=53 clique_frac=0.02
t=37072ms iter=63 REBUILD reject new_tc=61.4329 (was 60.5982)
t=37236ms iter=63 incumb=60.5982 ratchet=60.6470 best=60.5813 since_improve=14
t=37244ms iter=64 WAIST cost=57.0000 best_alt=53.0000 gap=4.0000 tried=5 sep_labels=53 clique_frac=0.02
t=37423ms iter=64 REBUILD reject new_tc=61.0955 (was 60.5982)
t=37758ms iter=64 incumb=60.5982 ratchet=60.5804 best=60.5616 since_improve=0
t=37761ms iter=65 WAIST cost=57.0000 best_alt=3.0000 gap=54.0000 tried=5 sep_labels=3 clique_frac=1.00
t=37996ms iter=65 REBUILD reject new_tc=61.5839 (was 60.5804)
t=38152ms iter=65 incumb=60.5804 ratchet=60.9270 best=60.5616 since_improve=1
t=38154ms iter=66 WAIST cost=57.0000 best_alt=3.0000 gap=54.0000 tried=5 sep_labels=3 clique_frac=1.00
t=38381ms iter=66 REBUILD reject new_tc=60.9892 (was 60.5804)
t=38541ms iter=66 incumb=60.5804 ratchet=60.7021 best=60.5616 since_improve=2
t=38544ms iter=67 WAIST cost=57.0000 best_alt=3.0000 gap=54.0000 tried=5 sep_labels=3 clique_frac=1.00
t=38780ms iter=67 REBUILD reject new_tc=61.2408 (was 60.5804)
t=38943ms iter=67 incumb=60.5804 ratchet=60.6852 best=60.5616 since_improve=3
t=38945ms iter=68 WAIST cost=57.0000 best_alt=3.0000 gap=54.0000 tried=5 sep_labels=3 clique_frac=1.00
t=39181ms iter=68 REBUILD reject new_tc=61.5169 (was 60.5804)
t=39340ms iter=68 incumb=60.5804 ratchet=60.6293 best=60.5616 since_improve=4
t=39343ms iter=69 WAIST cost=57.0000 best_alt=3.0000 gap=54.0000 tried=5 sep_labels=3 clique_frac=1.00
t=39578ms iter=69 REBUILD reject new_tc=61.3614 (was 60.5804)
t=39736ms iter=69 incumb=60.5804 ratchet=60.6480 best=60.5616 since_improve=5
t=39738ms iter=70 WAIST cost=57.0000 best_alt=3.0000 gap=54.0000 tried=5 sep_labels=3 clique_frac=1.00
t=39971ms iter=70 REBUILD reject new_tc=61.4029 (was 60.5804)
t=40129ms iter=70 incumb=60.5804 ratchet=60.7594 best=60.5616 since_improve=6
t=40131ms iter=71 WAIST cost=57.0000 best_alt=3.0000 gap=54.0000 tried=5 sep_labels=3 clique_frac=1.00
t=40367ms iter=71 REBUILD reject new_tc=61.8471 (was 60.5804)
t=40526ms iter=71 incumb=60.5804 ratchet=60.6867 best=60.5616 since_improve=7
t=40529ms iter=72 WAIST cost=57.0000 best_alt=3.0000 gap=54.0000 tried=5 sep_labels=3 clique_frac=1.00
t=40743ms iter=72 REBUILD reject new_tc=71.0059 (was 60.5804)
t=40900ms iter=72 incumb=60.5804 ratchet=60.5878 best=60.5616 since_improve=8
t=40903ms iter=73 WAIST cost=57.0000 best_alt=3.0000 gap=54.0000 tried=5 sep_labels=3 clique_frac=1.00
t=41141ms iter=73 REBUILD reject new_tc=61.4795 (was 60.5804)
t=41310ms iter=73 incumb=60.5804 ratchet=60.6191 best=60.5616 since_improve=9
t=41313ms iter=74 WAIST cost=57.0000 best_alt=3.0000 gap=54.0000 tried=5 sep_labels=3 clique_frac=1.00
t=41523ms iter=74 REBUILD reject new_tc=81.0000 (was 60.5804)
t=41681ms iter=74 incumb=60.5804 ratchet=60.7724 best=60.5616 since_improve=10
t=41683ms iter=75 WAIST cost=57.0000 best_alt=3.0000 gap=54.0000 tried=5 sep_labels=3 clique_frac=1.00
t=41910ms iter=75 REBUILD reject new_tc=71.3992 (was 60.5804)
t=42065ms iter=75 incumb=60.5804 ratchet=60.7612 best=60.5616 since_improve=11
t=42067ms iter=76 WAIST cost=57.0000 best_alt=3.0000 gap=54.0000 tried=5 sep_labels=3 clique_frac=1.00
t=42302ms iter=76 REBUILD reject new_tc=61.5153 (was 60.5804)
t=42457ms iter=76 incumb=60.5804 ratchet=60.6686 best=60.5616 since_improve=12
t=42460ms iter=77 WAIST cost=57.0000 best_alt=3.0000 gap=54.0000 tried=5 sep_labels=3 clique_frac=1.00
t=42687ms iter=77 REBUILD reject new_tc=62.4757 (was 60.5804)
t=43035ms iter=77 incumb=60.5804 ratchet=60.5530 best=60.5530 since_improve=0
t=43046ms iter=78 WAIST cost=57.0000 best_alt=53.0000 gap=4.0000 tried=5 sep_labels=53 clique_frac=0.01
t=43220ms iter=78 REBUILD reject new_tc=61.4346 (was 60.5530)
t=43380ms iter=78 incumb=60.5530 ratchet=60.7674 best=60.5530 since_improve=1
t=43388ms iter=79 WAIST cost=57.0000 best_alt=52.0000 gap=5.0000 tried=5 sep_labels=52 clique_frac=0.01
t=43534ms iter=79 REBUILD reject new_tc=70.0077 (was 60.5530)
t=43652ms iter=79 incumb=60.5530 ratchet=60.7007 best=60.5530 since_improve=2
t_final=43840ms tc_reduced=60.5530 tc_full=61.8441 leaves=3369
surgery summary: calls=79 cheaper_cuts=79 rebuild_accepts=3 waist_min_hits=0
