probe: instance=sycamore_53_20_0 n_orig=3369 n=381 fusible=0.8869 nlabels=754 t=16ms
seed_greedy tc=86.0941 t=522ms
t=628ms iter=1 WAIST cost=56.0000 best_alt=45.0000 gap=11.0000 tried=5 sep_labels=45 clique_frac=0.02
t=796ms iter=1 REBUILD reject new_tc=62.3468 (was 61.8565)
t=5352ms iter=1 incumb=61.8565 ratchet=61.2773 best=61.2773 since_improve=0
t=5359ms iter=2 WAIST cost=56.0000 best_alt=52.0000 gap=4.0000 tried=5 sep_labels=52 clique_frac=0.01
t=5517ms iter=2 REBUILD reject new_tc=61.6139 (was 61.2773)
t=6907ms iter=2 incumb=61.2773 ratchet=61.2034 best=61.2034 since_improve=0
t=6917ms iter=3 WAIST cost=57.0000 best_alt=51.0000 gap=6.0000 tried=5 sep_labels=51 clique_frac=0.01
t=7061ms iter=3 REBUILD reject new_tc=78.0016 (was 61.2034)
t=8817ms iter=3 incumb=61.2034 ratchet=61.1286 best=61.1271 since_improve=0
t=8829ms iter=4 WAIST cost=57.0000 best_alt=51.0000 gap=6.0000 tried=5 sep_labels=51 clique_frac=0.01
t=8979ms iter=4 REBUILD reject new_tc=77.0053 (was 61.1286)
t=11168ms iter=4 incumb=61.1286 ratchet=60.8880 best=60.8563 since_improve=0
t=11175ms iter=5 WAIST cost=56.0000 best_alt=53.0000 gap=3.0000 tried=5 sep_labels=53 clique_frac=0.01
t=11538ms iter=5 REBUILD ACCEPT new_tc=60.6216 (was 60.8880)
t=13925ms iter=5 incumb=60.6216 ratchet=60.0549 best=60.0399 since_improve=0
t=13938ms iter=6 WAIST cost=56.0000 best_alt=51.0000 gap=5.0000 tried=5 sep_labels=51 clique_frac=0.01
t=14119ms iter=6 REBUILD reject new_tc=60.8410 (was 60.0549)
t=16548ms iter=6 incumb=60.0549 ratchet=59.9594 best=59.9346 since_improve=0
t=16554ms iter=7 WAIST cost=56.0000 best_alt=52.0000 gap=4.0000 tried=5 sep_labels=52 clique_frac=0.01
t=16728ms iter=7 REBUILD reject new_tc=60.8551 (was 59.9594)
t=17632ms iter=7 incumb=59.9594 ratchet=59.9081 best=59.9081 since_improve=0
t=17642ms iter=8 WAIST cost=56.0000 best_alt=51.0000 gap=5.0000 tried=5 sep_labels=51 clique_frac=0.01
t=17816ms iter=8 REBUILD reject new_tc=60.6575 (was 59.9081)
t=18144ms iter=8 incumb=59.9081 ratchet=59.8989 best=59.8989 since_improve=0
t=18156ms iter=9 WAIST cost=56.0000 best_alt=51.0000 gap=5.0000 tried=5 sep_labels=51 clique_frac=0.01
t=18331ms iter=9 REBUILD reject new_tc=61.0714 (was 59.8989)
t=18491ms iter=9 incumb=59.8989 ratchet=59.9853 best=59.8989 since_improve=1
t=18500ms iter=10 WAIST cost=56.0000 best_alt=51.0000 gap=5.0000 tried=5 sep_labels=51 clique_frac=0.01
t=18667ms iter=10 REBUILD reject new_tc=64.0842 (was 59.8989)
t=18828ms iter=10 incumb=59.8989 ratchet=59.9179 best=59.8989 since_improve=2
t=18838ms iter=11 WAIST cost=56.0000 best_alt=51.0000 gap=5.0000 tried=5 sep_labels=51 clique_frac=0.01
t=19004ms iter=11 REBUILD reject new_tc=68.3088 (was 59.8989)
t=19170ms iter=11 incumb=59.8989 ratchet=59.9561 best=59.8989 since_improve=3
t=19180ms iter=12 WAIST cost=56.0000 best_alt=51.0000 gap=5.0000 tried=5 sep_labels=51 clique_frac=0.01
t=19348ms iter=12 REBUILD reject new_tc=60.7025 (was 59.8989)
t=19509ms iter=12 incumb=59.8989 ratchet=60.0381 best=59.8989 since_improve=4
t=19518ms iter=13 WAIST cost=56.0000 best_alt=51.0000 gap=5.0000 tried=5 sep_labels=51 clique_frac=0.01
t=19683ms iter=13 REBUILD reject new_tc=75.0064 (was 59.8989)
t=19844ms iter=13 incumb=59.8989 ratchet=59.9999 best=59.8989 since_improve=5
t=19853ms iter=14 WAIST cost=56.0000 best_alt=50.0000 gap=6.0000 tried=5 sep_labels=50 clique_frac=0.01
t=20030ms iter=14 REBUILD reject new_tc=61.5621 (was 59.8989)
t=20185ms iter=14 incumb=59.8989 ratchet=60.0283 best=59.8989 since_improve=6
t=20194ms iter=15 WAIST cost=56.0000 best_alt=51.0000 gap=5.0000 tried=5 sep_labels=51 clique_frac=0.01
t=20359ms iter=15 REBUILD reject new_tc=61.4256 (was 59.8989)
t=20522ms iter=15 incumb=59.8989 ratchet=59.9390 best=59.8989 since_improve=7
t=20532ms iter=16 WAIST cost=56.0000 best_alt=51.0000 gap=5.0000 tried=5 sep_labels=51 clique_frac=0.01
t=20697ms iter=16 REBUILD reject new_tc=70.0019 (was 59.8989)
t=20851ms iter=16 incumb=59.8989 ratchet=59.9521 best=59.8989 since_improve=8
t=20861ms iter=17 WAIST cost=56.0000 best_alt=51.0000 gap=5.0000 tried=5 sep_labels=51 clique_frac=0.01
t=21033ms iter=17 REBUILD reject new_tc=60.6154 (was 59.8989)
t=21189ms iter=17 incumb=59.8989 ratchet=59.9363 best=59.8989 since_improve=9
t=21196ms iter=18 WAIST cost=56.0000 best_alt=51.0000 gap=5.0000 tried=5 sep_labels=51 clique_frac=0.01
t=21362ms iter=18 REBUILD reject new_tc=61.1579 (was 59.8989)
t=21524ms iter=18 incumb=59.8989 ratchet=59.9976 best=59.8989 since_improve=10
t=21533ms iter=19 WAIST cost=56.0000 best_alt=51.0000 gap=5.0000 tried=5 sep_labels=51 clique_frac=0.01
t=21710ms iter=19 REBUILD reject new_tc=61.7220 (was 59.8989)
t=21865ms iter=19 incumb=59.8989 ratchet=59.9980 best=59.8989 since_improve=11
t=21875ms iter=20 WAIST cost=56.0000 best_alt=51.0000 gap=5.0000 tried=5 sep_labels=51 clique_frac=0.01
t=22054ms iter=20 REBUILD reject new_tc=61.3691 (was 59.8989)
t=22219ms iter=20 incumb=59.8989 ratchet=59.9778 best=59.8989 since_improve=12
t=22228ms iter=21 WAIST cost=56.0000 best_alt=51.0000 gap=5.0000 tried=5 sep_labels=51 clique_frac=0.01
t=22401ms iter=21 REBUILD reject new_tc=60.6437 (was 59.8989)
t=22564ms iter=21 incumb=59.8989 ratchet=60.0131 best=59.8989 since_improve=13
t=22574ms iter=22 WAIST cost=56.0000 best_alt=51.0000 gap=5.0000 tried=5 sep_labels=51 clique_frac=0.01
t=22749ms iter=22 REBUILD reject new_tc=61.3721 (was 59.8989)
t=22913ms iter=22 incumb=59.8989 ratchet=59.9886 best=59.8989 since_improve=14
t=22921ms iter=23 WAIST cost=56.0000 best_alt=51.0000 gap=5.0000 tried=5 sep_labels=51 clique_frac=0.01
t=23095ms iter=23 REBUILD reject new_tc=61.3832 (was 59.8989)
t=23250ms iter=23 incumb=59.8989 ratchet=59.9781 best=59.8989 since_improve=15
t=23259ms iter=24 WAIST cost=56.0000 best_alt=51.0000 gap=5.0000 tried=5 sep_labels=51 clique_frac=0.01
t=23433ms iter=24 REBUILD reject new_tc=61.1098 (was 59.8989)
t=23597ms iter=24 incumb=59.8989 ratchet=60.0030 best=59.8989 since_improve=16
t=23606ms iter=25 WAIST cost=56.0000 best_alt=51.0000 gap=5.0000 tried=5 sep_labels=51 clique_frac=0.01
t=23783ms iter=25 REBUILD reject new_tc=61.5797 (was 59.8989)
t=23933ms iter=25 incumb=59.8989 ratchet=60.1522 best=59.8989 since_improve=17
t=23940ms iter=26 WAIST cost=56.0000 best_alt=51.0000 gap=5.0000 tried=5 sep_labels=51 clique_frac=0.01
t=24115ms iter=26 REBUILD reject new_tc=60.6786 (was 59.8989)
t=24279ms iter=26 incumb=59.8989 ratchet=59.9214 best=59.8989 since_improve=18
t=24287ms iter=27 WAIST cost=56.0000 best_alt=51.0000 gap=5.0000 tried=5 sep_labels=51 clique_frac=0.01
t=24448ms iter=27 REBUILD reject new_tc=70.0581 (was 59.8989)
t=24604ms iter=27 incumb=59.8989 ratchet=60.0065 best=59.8989 since_improve=19
t=24614ms iter=28 WAIST cost=56.0000 best_alt=51.0000 gap=5.0000 tried=5 sep_labels=51 clique_frac=0.01
t=24788ms iter=28 REBUILD reject new_tc=68.1626 (was 59.8989)
t=24954ms iter=28 incumb=59.8989 ratchet=60.1758 best=59.8989 since_improve=20
t=24963ms iter=29 WAIST cost=56.0000 best_alt=51.0000 gap=5.0000 tried=5 sep_labels=51 clique_frac=0.01
t=25120ms iter=29 REBUILD reject new_tc=81.0000 (was 59.8989)
t=25281ms iter=29 incumb=59.8989 ratchet=59.9643 best=59.8989 since_improve=21
t=25292ms iter=30 WAIST cost=56.0000 best_alt=51.0000 gap=5.0000 tried=5 sep_labels=51 clique_frac=0.01
t=25465ms iter=30 REBUILD reject new_tc=61.2883 (was 59.8989)
t=25621ms iter=30 incumb=59.8989 ratchet=59.9959 best=59.8989 since_improve=22
t=25631ms iter=31 WAIST cost=56.0000 best_alt=51.0000 gap=5.0000 tried=5 sep_labels=51 clique_frac=0.01
t=25796ms iter=31 REBUILD reject new_tc=61.4269 (was 59.8989)
t=25957ms iter=31 incumb=59.8989 ratchet=60.0317 best=59.8989 since_improve=23
t=25968ms iter=32 WAIST cost=56.0000 best_alt=51.0000 gap=5.0000 tried=5 sep_labels=51 clique_frac=0.01
t=26138ms iter=32 REBUILD reject new_tc=61.7048 (was 59.8989)
t=26293ms iter=32 incumb=59.8989 ratchet=60.0287 best=59.8989 since_improve=24
t=26301ms iter=33 WAIST cost=56.0000 best_alt=51.0000 gap=5.0000 tried=5 sep_labels=51 clique_frac=0.01
t=26476ms iter=33 REBUILD reject new_tc=61.4480 (was 59.8989)
t=26635ms iter=33 incumb=59.8989 ratchet=60.1109 best=59.8989 since_improve=25
t=26643ms iter=34 WAIST cost=56.0000 best_alt=51.0000 gap=5.0000 tried=5 sep_labels=51 clique_frac=0.01
t=26814ms iter=34 REBUILD reject new_tc=61.0236 (was 59.8989)
t=26983ms iter=34 incumb=59.8989 ratchet=59.9735 best=59.8989 since_improve=26
t=26993ms iter=35 WAIST cost=56.0000 best_alt=51.0000 gap=5.0000 tried=5 sep_labels=51 clique_frac=0.01
t=27159ms iter=35 REBUILD reject new_tc=64.2043 (was 59.8989)
t=27323ms iter=35 incumb=59.8989 ratchet=60.0101 best=59.8989 since_improve=27
t=27331ms iter=36 WAIST cost=56.0000 best_alt=50.0000 gap=6.0000 tried=5 sep_labels=50 clique_frac=0.01
t=27479ms iter=36 REBUILD reject new_tc=61.1087 (was 59.8989)
t=27642ms iter=36 incumb=59.8989 ratchet=59.9618 best=59.8989 since_improve=28
t=27649ms iter=37 WAIST cost=56.0000 best_alt=51.0000 gap=5.0000 tried=5 sep_labels=51 clique_frac=0.01
t=27822ms iter=37 REBUILD reject new_tc=61.5679 (was 59.8989)
t=27984ms iter=37 incumb=59.8989 ratchet=59.9050 best=59.8989 since_improve=29
t=27993ms iter=38 WAIST cost=56.0000 best_alt=51.0000 gap=5.0000 tried=5 sep_labels=51 clique_frac=0.01
t=28170ms iter=38 REBUILD reject new_tc=61.5343 (was 59.8989)
t=28331ms iter=38 incumb=59.8989 ratchet=60.1429 best=59.8989 since_improve=30
t=28341ms iter=39 WAIST cost=56.0000 best_alt=51.0000 gap=5.0000 tried=5 sep_labels=51 clique_frac=0.01
t=28524ms iter=39 REBUILD reject new_tc=60.8969 (was 59.8989)
t=28679ms iter=39 incumb=59.8989 ratchet=60.0239 best=59.8989 since_improve=31
t=28687ms iter=40 WAIST cost=56.0000 best_alt=51.0000 gap=5.0000 tried=5 sep_labels=51 clique_frac=0.01
t=28859ms iter=40 REBUILD reject new_tc=61.4493 (was 59.8989)
t=29020ms iter=40 incumb=59.8989 ratchet=59.9992 best=59.8989 since_improve=32
t=29029ms iter=41 WAIST cost=56.0000 best_alt=50.0000 gap=6.0000 tried=5 sep_labels=50 clique_frac=0.01
t=29205ms iter=41 REBUILD reject new_tc=61.5252 (was 59.8989)
t=29369ms iter=41 incumb=59.8989 ratchet=59.9464 best=59.8989 since_improve=33
t=29377ms iter=42 WAIST cost=56.0000 best_alt=51.0000 gap=5.0000 tried=5 sep_labels=51 clique_frac=0.01
t=29549ms iter=42 REBUILD reject new_tc=61.4182 (was 59.8989)
t=29712ms iter=42 incumb=59.8989 ratchet=60.0322 best=59.8989 since_improve=34
t=29719ms iter=43 WAIST cost=56.0000 best_alt=51.0000 gap=5.0000 tried=5 sep_labels=51 clique_frac=0.01
t=29895ms iter=43 REBUILD reject new_tc=60.5408 (was 59.8989)
t=30051ms iter=43 incumb=59.8989 ratchet=59.9711 best=59.8989 since_improve=35
t=30060ms iter=44 WAIST cost=56.0000 best_alt=51.0000 gap=5.0000 tried=5 sep_labels=51 clique_frac=0.01
t=30226ms iter=44 REBUILD reject new_tc=61.3634 (was 59.8989)
t=30390ms iter=44 incumb=59.8989 ratchet=60.0047 best=59.8989 since_improve=36
t=30399ms iter=45 WAIST cost=56.0000 best_alt=51.0000 gap=5.0000 tried=5 sep_labels=51 clique_frac=0.01
t=30573ms iter=45 REBUILD reject new_tc=60.4097 (was 59.8989)
t=30763ms iter=45 incumb=59.8989 ratchet=59.9895 best=59.8989 since_improve=37
t=30771ms iter=46 WAIST cost=56.0000 best_alt=51.0000 gap=5.0000 tried=5 sep_labels=51 clique_frac=0.01
t=30944ms iter=46 REBUILD reject new_tc=68.2728 (was 59.8989)
t=31101ms iter=46 incumb=59.8989 ratchet=60.0432 best=59.8989 since_improve=38
t=31111ms iter=47 WAIST cost=56.0000 best_alt=51.0000 gap=5.0000 tried=5 sep_labels=51 clique_frac=0.01
t=31291ms iter=47 REBUILD reject new_tc=61.7336 (was 59.8989)
t=31471ms iter=47 incumb=59.8989 ratchet=59.9947 best=59.8989 since_improve=39
t=31478ms iter=48 WAIST cost=56.0000 best_alt=51.0000 gap=5.0000 tried=5 sep_labels=51 clique_frac=0.01
t=31649ms iter=48 REBUILD reject new_tc=60.8513 (was 59.8989)
t=31814ms iter=48 incumb=59.8989 ratchet=59.9103 best=59.8989 since_improve=40
t=31823ms iter=49 WAIST cost=56.0000 best_alt=51.0000 gap=5.0000 tried=5 sep_labels=51 clique_frac=0.01
t=32004ms iter=49 REBUILD reject new_tc=61.6727 (was 59.8989)
t=32167ms iter=49 incumb=59.8989 ratchet=59.9208 best=59.8989 since_improve=41
t=32176ms iter=50 WAIST cost=56.0000 best_alt=50.0000 gap=6.0000 tried=5 sep_labels=50 clique_frac=0.01
t=32329ms iter=50 REBUILD reject new_tc=61.3793 (was 59.8989)
t=32491ms iter=50 incumb=59.8989 ratchet=59.9745 best=59.8989 since_improve=42
t=32500ms iter=51 WAIST cost=56.0000 best_alt=51.0000 gap=5.0000 tried=5 sep_labels=51 clique_frac=0.01
t=32672ms iter=51 REBUILD reject new_tc=61.5048 (was 59.8989)
t=32836ms iter=51 incumb=59.8989 ratchet=59.9594 best=59.8989 since_improve=43
t=32845ms iter=52 WAIST cost=56.0000 best_alt=51.0000 gap=5.0000 tried=5 sep_labels=51 clique_frac=0.01
t=33018ms iter=52 REBUILD reject new_tc=60.8062 (was 59.8989)
t=33368ms iter=52 incumb=59.8989 ratchet=59.8815 best=59.8723 since_improve=0
t=33378ms iter=53 WAIST cost=56.0000 best_alt=52.0000 gap=4.0000 tried=5 sep_labels=52 clique_frac=0.01
t=33558ms iter=53 REBUILD reject new_tc=60.6190 (was 59.8815)
t=33718ms iter=53 incumb=59.8815 ratchet=59.9482 best=59.8723 since_improve=1
t=33728ms iter=54 WAIST cost=56.0000 best_alt=51.0000 gap=5.0000 tried=5 sep_labels=51 clique_frac=0.01
t=33876ms iter=54 REBUILD reject new_tc=71.3306 (was 59.8815)
t=34032ms iter=54 incumb=59.8815 ratchet=60.0103 best=59.8723 since_improve=2
t=34041ms iter=55 WAIST cost=56.0000 best_alt=52.0000 gap=4.0000 tried=5 sep_labels=52 clique_frac=0.01
t=34196ms iter=55 REBUILD reject new_tc=77.0000 (was 59.8815)
t=34359ms iter=55 incumb=59.8815 ratchet=59.9582 best=59.8723 since_improve=3
t=34366ms iter=56 WAIST cost=56.0000 best_alt=49.0000 gap=7.0000 tried=5 sep_labels=49 clique_frac=0.01
t=34521ms iter=56 REBUILD reject new_tc=61.3514 (was 59.8815)
t=34678ms iter=56 incumb=59.8815 ratchet=60.0357 best=59.8723 since_improve=4
t=34686ms iter=57 WAIST cost=56.0000 best_alt=52.0000 gap=4.0000 tried=5 sep_labels=52 clique_frac=0.01
t=34856ms iter=57 REBUILD reject new_tc=61.1969 (was 59.8815)
t=35018ms iter=57 incumb=59.8815 ratchet=60.0380 best=59.8723 since_improve=5
t=35026ms iter=58 WAIST cost=56.0000 best_alt=52.0000 gap=4.0000 tried=5 sep_labels=52 clique_frac=0.01
t=35204ms iter=58 REBUILD reject new_tc=61.4945 (was 59.8815)
t=35360ms iter=58 incumb=59.8815 ratchet=59.9806 best=59.8723 since_improve=6
t=35368ms iter=59 WAIST cost=56.0000 best_alt=49.0000 gap=7.0000 tried=5 sep_labels=49 clique_frac=0.01
t=35526ms iter=59 REBUILD reject new_tc=61.2612 (was 59.8815)
t=35682ms iter=59 incumb=59.8815 ratchet=59.9822 best=59.8723 since_improve=7
t=35692ms iter=60 WAIST cost=56.0000 best_alt=49.0000 gap=7.0000 tried=5 sep_labels=49 clique_frac=0.01
t=35843ms iter=60 REBUILD reject new_tc=68.6464 (was 59.8815)
t=36005ms iter=60 incumb=59.8815 ratchet=59.9140 best=59.8723 since_improve=8
t=36014ms iter=61 WAIST cost=56.0000 best_alt=52.0000 gap=4.0000 tried=5 sep_labels=52 clique_frac=0.01
t=36177ms iter=61 REBUILD reject new_tc=61.3602 (was 59.8815)
t=36336ms iter=61 incumb=59.8815 ratchet=60.0380 best=59.8723 since_improve=9
t=36344ms iter=62 WAIST cost=56.0000 best_alt=52.0000 gap=4.0000 tried=5 sep_labels=52 clique_frac=0.01
t=36519ms iter=62 REBUILD reject new_tc=60.8822 (was 59.8815)
t=36679ms iter=62 incumb=59.8815 ratchet=59.9187 best=59.8723 since_improve=10
t=36686ms iter=63 WAIST cost=56.0000 best_alt=52.0000 gap=4.0000 tried=5 sep_labels=52 clique_frac=0.01
t=36867ms iter=63 REBUILD reject new_tc=61.4516 (was 59.8815)
t=37028ms iter=63 incumb=59.8815 ratchet=60.0449 best=59.8723 since_improve=11
t=37038ms iter=64 WAIST cost=56.0000 best_alt=51.0000 gap=5.0000 tried=5 sep_labels=51 clique_frac=0.01
t=37189ms iter=64 REBUILD reject new_tc=67.0853 (was 59.8815)
t=37346ms iter=64 incumb=59.8815 ratchet=59.8892 best=59.8723 since_improve=12
t=37352ms iter=65 WAIST cost=56.0000 best_alt=52.0000 gap=4.0000 tried=5 sep_labels=52 clique_frac=0.01
t=37532ms iter=65 REBUILD reject new_tc=62.0417 (was 59.8815)
t=38037ms iter=65 incumb=59.8815 ratchet=59.8722 best=59.8599 since_improve=0
t=38047ms iter=66 WAIST cost=56.0000 best_alt=51.0000 gap=5.0000 tried=5 sep_labels=51 clique_frac=0.01
t=38233ms iter=66 REBUILD reject new_tc=60.7985 (was 59.8722)
t=38385ms iter=66 incumb=59.8722 ratchet=59.9535 best=59.8599 since_improve=1
t=38396ms iter=67 WAIST cost=56.0000 best_alt=51.0000 gap=5.0000 tried=5 sep_labels=51 clique_frac=0.01
t=38563ms iter=67 REBUILD reject new_tc=63.4397 (was 59.8722)
t=38722ms iter=67 incumb=59.8722 ratchet=59.9630 best=59.8599 since_improve=2
t=38733ms iter=68 WAIST cost=56.0000 best_alt=51.0000 gap=5.0000 tried=5 sep_labels=51 clique_frac=0.01
t=38909ms iter=68 REBUILD reject new_tc=60.6045 (was 59.8722)
t=39069ms iter=68 incumb=59.8722 ratchet=59.9029 best=59.8599 since_improve=3
t=39079ms iter=69 WAIST cost=56.0000 best_alt=51.0000 gap=5.0000 tried=5 sep_labels=51 clique_frac=0.01
t=39254ms iter=69 REBUILD reject new_tc=61.1572 (was 59.8722)
t=39408ms iter=69 incumb=59.8722 ratchet=59.9237 best=59.8599 since_improve=4
t=39420ms iter=70 WAIST cost=56.0000 best_alt=50.0000 gap=6.0000 tried=5 sep_labels=50 clique_frac=0.01
t=39578ms iter=70 REBUILD reject new_tc=63.8117 (was 59.8722)
t=39736ms iter=70 incumb=59.8722 ratchet=60.0297 best=59.8599 since_improve=5
t=39747ms iter=71 WAIST cost=56.0000 best_alt=51.0000 gap=5.0000 tried=5 sep_labels=51 clique_frac=0.01
t=39907ms iter=71 REBUILD reject new_tc=77.0002 (was 59.8722)
t=40071ms iter=71 incumb=59.8722 ratchet=60.0117 best=59.8599 since_improve=6
t=40081ms iter=72 WAIST cost=56.0000 best_alt=51.0000 gap=5.0000 tried=5 sep_labels=51 clique_frac=0.01
t=40257ms iter=72 REBUILD reject new_tc=60.2170 (was 59.8722)
t=40409ms iter=72 incumb=59.8722 ratchet=60.0131 best=59.8599 since_improve=7
t=40418ms iter=73 WAIST cost=56.0000 best_alt=49.0000 gap=7.0000 tried=5 sep_labels=49 clique_frac=0.01
t=40562ms iter=73 REBUILD reject new_tc=67.0258 (was 59.8722)
t=40721ms iter=73 incumb=59.8722 ratchet=59.9656 best=59.8599 since_improve=8
t=40731ms iter=74 WAIST cost=56.0000 best_alt=51.0000 gap=5.0000 tried=5 sep_labels=51 clique_frac=0.01
t=40907ms iter=74 REBUILD reject new_tc=63.5172 (was 59.8722)
t=41066ms iter=74 incumb=59.8722 ratchet=59.9072 best=59.8599 since_improve=9
t=41074ms iter=75 WAIST cost=56.0000 best_alt=51.0000 gap=5.0000 tried=5 sep_labels=51 clique_frac=0.01
t=41249ms iter=75 REBUILD reject new_tc=68.7847 (was 59.8722)
t=41414ms iter=75 incumb=59.8722 ratchet=59.8968 best=59.8599 since_improve=10
t=41425ms iter=76 WAIST cost=56.0000 best_alt=51.0000 gap=5.0000 tried=5 sep_labels=51 clique_frac=0.01
t=41599ms iter=76 REBUILD reject new_tc=61.0290 (was 59.8722)
t=41760ms iter=76 incumb=59.8722 ratchet=60.0213 best=59.8599 since_improve=11
t=41771ms iter=77 WAIST cost=56.0000 best_alt=51.0000 gap=5.0000 tried=5 sep_labels=51 clique_frac=0.01
t=41946ms iter=77 REBUILD reject new_tc=64.3952 (was 59.8722)
t=42104ms iter=77 incumb=59.8722 ratchet=59.8807 best=59.8599 since_improve=12
t=42113ms iter=78 WAIST cost=56.0000 best_alt=51.0000 gap=5.0000 tried=5 sep_labels=51 clique_frac=0.01
t=42289ms iter=78 REBUILD reject new_tc=64.3114 (was 59.8722)
t=42443ms iter=78 incumb=59.8722 ratchet=59.8932 best=59.8599 since_improve=13
t=42453ms iter=79 WAIST cost=56.0000 best_alt=51.0000 gap=5.0000 tried=5 sep_labels=51 clique_frac=0.01
t=42634ms iter=79 REBUILD reject new_tc=61.4227 (was 59.8722)
t=42795ms iter=79 incumb=59.8722 ratchet=60.0010 best=59.8599 since_improve=14
t=42806ms iter=80 WAIST cost=56.0000 best_alt=51.0000 gap=5.0000 tried=5 sep_labels=51 clique_frac=0.01
t=42984ms iter=80 REBUILD reject new_tc=61.0704 (was 59.8722)
t=43138ms iter=80 incumb=59.8722 ratchet=59.9569 best=59.8599 since_improve=15
t=43148ms iter=81 WAIST cost=56.0000 best_alt=51.0000 gap=5.0000 tried=5 sep_labels=51 clique_frac=0.01
t=43327ms iter=81 REBUILD reject new_tc=60.9367 (was 59.8722)
t=43488ms iter=81 incumb=59.8722 ratchet=59.9933 best=59.8599 since_improve=16
t=43498ms iter=82 WAIST cost=56.0000 best_alt=51.0000 gap=5.0000 tried=5 sep_labels=51 clique_frac=0.01
t=43660ms iter=82 REBUILD reject new_tc=79.0000 (was 59.8722)
t=43816ms iter=82 incumb=59.8722 ratchet=60.0385 best=59.8599 since_improve=17
t=43825ms iter=83 WAIST cost=56.0000 best_alt=51.0000 gap=5.0000 tried=5 sep_labels=51 clique_frac=0.01
t=43992ms iter=83 REBUILD reject new_tc=60.5836 (was 59.8722)
t=44152ms iter=83 incumb=59.8722 ratchet=60.0040 best=59.8599 since_improve=18
t=44161ms iter=84 WAIST cost=56.0000 best_alt=51.0000 gap=5.0000 tried=5 sep_labels=51 clique_frac=0.01
t=44330ms iter=84 REBUILD reject new_tc=64.1390 (was 59.8722)
t=44490ms iter=84 incumb=59.8722 ratchet=59.8861 best=59.8599 since_improve=19
t=44499ms iter=85 WAIST cost=56.0000 best_alt=51.0000 gap=5.0000 tried=5 sep_labels=51 clique_frac=0.01
t=44673ms iter=85 REBUILD reject new_tc=61.2639 (was 59.8722)
t=44830ms iter=85 incumb=59.8722 ratchet=59.9710 best=59.8599 since_improve=20
t=44840ms iter=86 WAIST cost=56.0000 best_alt=51.0000 gap=5.0000 tried=5 sep_labels=51 clique_frac=0.01
t=45013ms iter=86 REBUILD reject new_tc=64.6525 (was 59.8722)
t=45172ms iter=86 incumb=59.8722 ratchet=59.9845 best=59.8599 since_improve=21
t=45180ms iter=87 WAIST cost=56.0000 best_alt=51.0000 gap=5.0000 tried=5 sep_labels=51 clique_frac=0.01
t=45367ms iter=87 REBUILD reject new_tc=60.1673 (was 59.8722)
t=45559ms iter=87 incumb=59.8722 ratchet=59.9446 best=59.8599 since_improve=22
t=45570ms iter=88 WAIST cost=56.0000 best_alt=51.0000 gap=5.0000 tried=5 sep_labels=51 clique_frac=0.01
t=45746ms iter=88 REBUILD reject new_tc=63.7759 (was 59.8722)
t=45906ms iter=88 incumb=59.8722 ratchet=59.9479 best=59.8599 since_improve=23
t=45915ms iter=89 WAIST cost=56.0000 best_alt=51.0000 gap=5.0000 tried=5 sep_labels=51 clique_frac=0.01
t=46084ms iter=89 REBUILD reject new_tc=61.7143 (was 59.8722)
t=46243ms iter=89 incumb=59.8722 ratchet=59.8730 best=59.8599 since_improve=24
t=46252ms iter=90 WAIST cost=56.0000 best_alt=51.0000 gap=5.0000 tried=5 sep_labels=51 clique_frac=0.01
t=46424ms iter=90 REBUILD reject new_tc=60.5357 (was 59.8722)
t=46584ms iter=90 incumb=59.8722 ratchet=59.9908 best=59.8599 since_improve=25
t=46594ms iter=91 WAIST cost=56.0000 best_alt=51.0000 gap=5.0000 tried=5 sep_labels=51 clique_frac=0.01
t=46770ms iter=91 REBUILD reject new_tc=64.0315 (was 59.8722)
t=46933ms iter=91 incumb=59.8722 ratchet=59.9961 best=59.8599 since_improve=26
t=46944ms iter=92 WAIST cost=56.0000 best_alt=51.0000 gap=5.0000 tried=5 sep_labels=51 clique_frac=0.01
t=47118ms iter=92 REBUILD reject new_tc=60.9321 (was 59.8722)
t=47276ms iter=92 incumb=59.8722 ratchet=60.0002 best=59.8599 since_improve=27
t=47289ms iter=93 WAIST cost=56.0000 best_alt=51.0000 gap=5.0000 tried=5 sep_labels=51 clique_frac=0.01
t=47468ms iter=93 REBUILD reject new_tc=60.9945 (was 59.8722)
t=47635ms iter=93 incumb=59.8722 ratchet=59.9833 best=59.8599 since_improve=28
t=47644ms iter=94 WAIST cost=56.0000 best_alt=51.0000 gap=5.0000 tried=5 sep_labels=51 clique_frac=0.01
t=47823ms iter=94 REBUILD reject new_tc=60.3054 (was 59.8722)
t=47978ms iter=94 incumb=59.8722 ratchet=59.9414 best=59.8599 since_improve=29
t=47988ms iter=95 WAIST cost=56.0000 best_alt=51.0000 gap=5.0000 tried=5 sep_labels=51 clique_frac=0.01
t=48163ms iter=95 REBUILD reject new_tc=61.0366 (was 59.8722)
t=48323ms iter=95 incumb=59.8722 ratchet=60.4330 best=59.8599 since_improve=30
t=48335ms iter=96 WAIST cost=56.0000 best_alt=51.0000 gap=5.0000 tried=5 sep_labels=51 clique_frac=0.01
t=48512ms iter=96 REBUILD reject new_tc=60.2242 (was 59.8722)
t=48671ms iter=96 incumb=59.8722 ratchet=59.8999 best=59.8599 since_improve=31
t=48679ms iter=97 WAIST cost=56.0000 best_alt=51.0000 gap=5.0000 tried=5 sep_labels=51 clique_frac=0.01
t=48854ms iter=97 REBUILD reject new_tc=60.3468 (was 59.8722)
t=49013ms iter=97 incumb=59.8722 ratchet=59.9747 best=59.8599 since_improve=32
t=49022ms iter=98 WAIST cost=56.0000 best_alt=51.0000 gap=5.0000 tried=5 sep_labels=51 clique_frac=0.01
t=49199ms iter=98 REBUILD reject new_tc=60.2976 (was 59.8722)
t=49357ms iter=98 incumb=59.8722 ratchet=59.9387 best=59.8599 since_improve=33
t=49367ms iter=99 WAIST cost=56.0000 best_alt=51.0000 gap=5.0000 tried=5 sep_labels=51 clique_frac=0.01
t=49543ms iter=99 REBUILD reject new_tc=60.2758 (was 59.8722)
t=49698ms iter=99 incumb=59.8722 ratchet=59.9399 best=59.8599 since_improve=34
t=49708ms iter=100 WAIST cost=56.0000 best_alt=51.0000 gap=5.0000 tried=5 sep_labels=51 clique_frac=0.01
t=49880ms iter=100 REBUILD reject new_tc=61.7122 (was 59.8722)
t=50036ms iter=100 incumb=59.8722 ratchet=59.9458 best=59.8599 since_improve=35
t=50047ms iter=101 WAIST cost=56.0000 best_alt=50.0000 gap=6.0000 tried=5 sep_labels=50 clique_frac=0.01
t=50202ms iter=101 REBUILD reject new_tc=61.2562 (was 59.8722)
t=50358ms iter=101 incumb=59.8722 ratchet=60.0544 best=59.8599 since_improve=36
t=50367ms iter=102 WAIST cost=56.0000 best_alt=51.0000 gap=5.0000 tried=5 sep_labels=51 clique_frac=0.01
t=50540ms iter=102 REBUILD reject new_tc=60.7386 (was 59.8722)
t=50703ms iter=102 incumb=59.8722 ratchet=59.9281 best=59.8599 since_improve=37
t=50711ms iter=103 WAIST cost=56.0000 best_alt=51.0000 gap=5.0000 tried=5 sep_labels=51 clique_frac=0.01
t=50887ms iter=103 REBUILD reject new_tc=60.5753 (was 59.8722)
t=51049ms iter=103 incumb=59.8722 ratchet=59.8861 best=59.8599 since_improve=38
t=51063ms iter=104 WAIST cost=56.0000 best_alt=49.0000 gap=7.0000 tried=5 sep_labels=49 clique_frac=0.01
t=51218ms iter=104 REBUILD reject new_tc=61.4188 (was 59.8722)
t=51370ms iter=104 incumb=59.8722 ratchet=59.9270 best=59.8599 since_improve=39
t=51379ms iter=105 WAIST cost=56.0000 best_alt=51.0000 gap=5.0000 tried=5 sep_labels=51 clique_frac=0.01
t=51550ms iter=105 REBUILD reject new_tc=61.1208 (was 59.8722)
t=51706ms iter=105 incumb=59.8722 ratchet=60.0507 best=59.8599 since_improve=40
t=51718ms iter=106 WAIST cost=56.0000 best_alt=50.0000 gap=6.0000 tried=5 sep_labels=50 clique_frac=0.01
t=51890ms iter=106 REBUILD reject new_tc=62.2641 (was 59.8722)
t=52048ms iter=106 incumb=59.8722 ratchet=60.4464 best=59.8599 since_improve=41
t=52058ms iter=107 WAIST cost=56.0000 best_alt=51.0000 gap=5.0000 tried=5 sep_labels=51 clique_frac=0.01
t=52227ms iter=107 REBUILD reject new_tc=60.8888 (was 59.8722)
t=52384ms iter=107 incumb=59.8722 ratchet=59.9840 best=59.8599 since_improve=42
t=52395ms iter=108 WAIST cost=56.0000 best_alt=51.0000 gap=5.0000 tried=5 sep_labels=51 clique_frac=0.01
t=52568ms iter=108 REBUILD reject new_tc=60.6351 (was 59.8722)
t=52729ms iter=108 incumb=59.8722 ratchet=59.8931 best=59.8599 since_improve=43
t=52738ms iter=109 WAIST cost=56.0000 best_alt=51.0000 gap=5.0000 tried=5 sep_labels=51 clique_frac=0.01
t=52910ms iter=109 REBUILD reject new_tc=60.5974 (was 59.8722)
t=53071ms iter=109 incumb=59.8722 ratchet=59.9328 best=59.8599 since_improve=44
t=53081ms iter=110 WAIST cost=56.0000 best_alt=51.0000 gap=5.0000 tried=5 sep_labels=51 clique_frac=0.01
t=53258ms iter=110 REBUILD reject new_tc=64.4188 (was 59.8722)
t=53415ms iter=110 incumb=59.8722 ratchet=59.9649 best=59.8599 since_improve=45
t=53424ms iter=111 WAIST cost=56.0000 best_alt=51.0000 gap=5.0000 tried=5 sep_labels=51 clique_frac=0.01
t=53601ms iter=111 REBUILD reject new_tc=61.0889 (was 59.8722)
t=53762ms iter=111 incumb=59.8722 ratchet=60.0544 best=59.8599 since_improve=46
t=53772ms iter=112 WAIST cost=56.0000 best_alt=51.0000 gap=5.0000 tried=5 sep_labels=51 clique_frac=0.01
t=53941ms iter=112 REBUILD reject new_tc=63.8351 (was 59.8722)
t=54098ms iter=112 incumb=59.8722 ratchet=59.9815 best=59.8599 since_improve=47
t=54106ms iter=113 WAIST cost=56.0000 best_alt=51.0000 gap=5.0000 tried=5 sep_labels=51 clique_frac=0.01
t=54279ms iter=113 REBUILD reject new_tc=60.9320 (was 59.8722)
t=54438ms iter=113 incumb=59.8722 ratchet=59.9342 best=59.8599 since_improve=48
t=54449ms iter=114 WAIST cost=56.0000 best_alt=51.0000 gap=5.0000 tried=5 sep_labels=51 clique_frac=0.01
t=54607ms iter=114 REBUILD reject new_tc=77.0000 (was 59.8722)
t=54769ms iter=114 incumb=59.8722 ratchet=59.9496 best=59.8599 since_improve=49
t=54779ms iter=115 WAIST cost=56.0000 best_alt=51.0000 gap=5.0000 tried=5 sep_labels=51 clique_frac=0.01
t=54956ms iter=115 REBUILD reject new_tc=60.5154 (was 59.8722)
t=55115ms iter=115 incumb=59.8722 ratchet=60.0204 best=59.8599 since_improve=50
t=55124ms iter=116 WAIST cost=56.0000 best_alt=51.0000 gap=5.0000 tried=5 sep_labels=51 clique_frac=0.01
t=55304ms iter=116 REBUILD reject new_tc=61.6385 (was 59.8722)
t=55465ms iter=116 incumb=59.8722 ratchet=60.0651 best=59.8599 since_improve=51
t=55472ms iter=117 WAIST cost=56.0000 best_alt=51.0000 gap=5.0000 tried=5 sep_labels=51 clique_frac=0.01
t=55647ms iter=117 REBUILD reject new_tc=63.6035 (was 59.8722)
t=55806ms iter=117 incumb=59.8722 ratchet=59.9574 best=59.8599 since_improve=52
t=55814ms iter=118 WAIST cost=56.0000 best_alt=51.0000 gap=5.0000 tried=5 sep_labels=51 clique_frac=0.01
t=55983ms iter=118 REBUILD reject new_tc=60.6013 (was 59.8722)
t=56144ms iter=118 incumb=59.8722 ratchet=59.9756 best=59.8599 since_improve=53
t=56155ms iter=119 WAIST cost=56.0000 best_alt=51.0000 gap=5.0000 tried=5 sep_labels=51 clique_frac=0.01
t=56316ms iter=119 REBUILD reject new_tc=75.0001 (was 59.8722)
t=56474ms iter=119 incumb=59.8722 ratchet=60.2654 best=59.8599 since_improve=54
t=56482ms iter=120 WAIST cost=56.0000 best_alt=51.0000 gap=5.0000 tried=5 sep_labels=51 clique_frac=0.01
t=56655ms iter=120 REBUILD reject new_tc=60.7304 (was 59.8722)
t=56813ms iter=120 incumb=59.8722 ratchet=59.9762 best=59.8599 since_improve=55
t=56823ms iter=121 WAIST cost=56.0000 best_alt=51.0000 gap=5.0000 tried=5 sep_labels=51 clique_frac=0.01
t=57001ms iter=121 REBUILD reject new_tc=61.1210 (was 59.8722)
t=57157ms iter=121 incumb=59.8722 ratchet=59.9870 best=59.8599 since_improve=56
t=57166ms iter=122 WAIST cost=56.0000 best_alt=51.0000 gap=5.0000 tried=5 sep_labels=51 clique_frac=0.01
t=57341ms iter=122 REBUILD reject new_tc=62.2400 (was 59.8722)
t=57499ms iter=122 incumb=59.8722 ratchet=59.8852 best=59.8599 since_improve=57
t=57508ms iter=123 WAIST cost=56.0000 best_alt=51.0000 gap=5.0000 tried=5 sep_labels=51 clique_frac=0.01
t=57678ms iter=123 REBUILD reject new_tc=63.5149 (was 59.8722)
t=57836ms iter=123 incumb=59.8722 ratchet=60.0031 best=59.8599 since_improve=58
t=57844ms iter=124 WAIST cost=56.0000 best_alt=51.0000 gap=5.0000 tried=5 sep_labels=51 clique_frac=0.01
t=58011ms iter=124 REBUILD reject new_tc=61.2180 (was 59.8722)
t=58165ms iter=124 incumb=59.8722 ratchet=60.0368 best=59.8599 since_improve=59
t=58176ms iter=125 WAIST cost=56.0000 best_alt=51.0000 gap=5.0000 tried=5 sep_labels=51 clique_frac=0.01
t=58346ms iter=125 REBUILD reject new_tc=65.1780 (was 59.8722)
t_final=58553ms tc_reduced=59.8599 tc_full=61.0105 leaves=3369
surgery summary: calls=125 cheaper_cuts=125 rebuild_accepts=1 waist_min_hits=0
