probe: instance=uai_linkage_15 n_orig=2304 n=580 fusible=0.7483 nlabels=558 t=7ms
seed_greedy tc=49.6514 t=504ms
t=580ms iter=1 WAIST cost=31.5850 best_alt=28.0000 gap=3.5850 tried=5 sep_labels=28 clique_frac=0.02
t=751ms iter=1 REBUILD reject new_tc=33.9156 (was 33.7236)
t=1323ms iter=1 incumb=33.7236 ratchet=33.4543 best=33.4457 since_improve=0
t=1332ms iter=2 WAIST cost=31.0000 best_alt=21.0000 gap=10.0000 tried=5 sep_labels=21 clique_frac=0.01
t=1506ms iter=2 REBUILD reject new_tc=35.7404 (was 33.4543)
t=1717ms iter=2 incumb=33.4543 ratchet=33.3792 best=33.3792 since_improve=0
t=1724ms iter=3 WAIST cost=31.1699 best_alt=26.1699 gap=5.0000 tried=5 sep_labels=25 clique_frac=0.03
t=1906ms iter=3 REBUILD reject new_tc=36.4526 (was 33.3792)
t=2214ms iter=3 incumb=33.3792 ratchet=31.7163 best=31.6675 since_improve=0
t=2219ms iter=4 WAIST cost=28.7549 best_alt=20.5850 gap=8.1699 tried=5 sep_labels=20 clique_frac=0.02
t=2518ms iter=4 REBUILD ACCEPT new_tc=30.6473 (was 31.7163)
t=3326ms iter=4 incumb=30.6473 ratchet=30.5124 best=30.5124 since_improve=0
t=3339ms iter=5 WAIST cost=26.0000 best_alt=23.0000 gap=3.0000 tried=5 sep_labels=23 clique_frac=0.00
t=3525ms iter=5 REBUILD reject new_tc=33.5174 (was 30.5124)
t=3632ms iter=5 incumb=30.5124 ratchet=30.5602 best=30.5124 since_improve=1
t=3646ms iter=6 WAIST cost=26.0000 best_alt=23.0000 gap=3.0000 tried=5 sep_labels=23 clique_frac=0.00
t=3834ms iter=6 REBUILD reject new_tc=33.6950 (was 30.5124)
t=3940ms iter=6 incumb=30.5124 ratchet=30.7393 best=30.5124 since_improve=2
t=3948ms iter=7 WAIST cost=26.0000 best_alt=23.0000 gap=3.0000 tried=5 sep_labels=23 clique_frac=0.00
t=4070ms iter=7 REBUILD reject new_tc=31.9195 (was 30.5124)
t=4147ms iter=7 incumb=30.5124 ratchet=30.7392 best=30.5124 since_improve=3
t=4156ms iter=8 WAIST cost=26.0000 best_alt=23.0000 gap=3.0000 tried=5 sep_labels=23 clique_frac=0.00
t=4325ms iter=8 REBUILD reject new_tc=37.1502 (was 30.5124)
t=4429ms iter=8 incumb=30.5124 ratchet=30.6045 best=30.5124 since_improve=4
t=4444ms iter=9 WAIST cost=26.0000 best_alt=23.0000 gap=3.0000 tried=5 sep_labels=23 clique_frac=0.00
t=4620ms iter=9 REBUILD reject new_tc=33.3585 (was 30.5124)
t=4732ms iter=9 incumb=30.5124 ratchet=30.5546 best=30.5124 since_improve=5
t=4749ms iter=10 WAIST cost=26.0000 best_alt=23.0000 gap=3.0000 tried=5 sep_labels=23 clique_frac=0.00
t=4937ms iter=10 REBUILD reject new_tc=38.3844 (was 30.5124)
t=5055ms iter=10 incumb=30.5124 ratchet=30.5678 best=30.5124 since_improve=6
t=5069ms iter=11 WAIST cost=26.0000 best_alt=23.0000 gap=3.0000 tried=5 sep_labels=23 clique_frac=0.00
t=5261ms iter=11 REBUILD reject new_tc=30.9434 (was 30.5124)
t=5376ms iter=11 incumb=30.5124 ratchet=30.6598 best=30.5124 since_improve=7
t=5392ms iter=12 WAIST cost=26.0000 best_alt=23.0000 gap=3.0000 tried=5 sep_labels=23 clique_frac=0.00
t=5583ms iter=12 REBUILD reject new_tc=43.9310 (was 30.5124)
t=5699ms iter=12 incumb=30.5124 ratchet=30.5633 best=30.5124 since_improve=8
t=5713ms iter=13 WAIST cost=26.0000 best_alt=23.0000 gap=3.0000 tried=5 sep_labels=23 clique_frac=0.00
t=5904ms iter=13 REBUILD reject new_tc=36.4734 (was 30.5124)
t=6020ms iter=13 incumb=30.5124 ratchet=30.6232 best=30.5124 since_improve=9
t=6036ms iter=14 WAIST cost=26.0000 best_alt=22.0000 gap=4.0000 tried=5 sep_labels=21 clique_frac=0.01
t=6230ms iter=14 REBUILD reject new_tc=31.4352 (was 30.5124)
t=6346ms iter=14 incumb=30.5124 ratchet=30.5375 best=30.5124 since_improve=10
t=6358ms iter=15 WAIST cost=26.0000 best_alt=23.0000 gap=3.0000 tried=5 sep_labels=23 clique_frac=0.00
t=6549ms iter=15 REBUILD reject new_tc=34.2946 (was 30.5124)
t=6668ms iter=15 incumb=30.5124 ratchet=30.6042 best=30.5124 since_improve=11
t=6684ms iter=16 WAIST cost=26.0000 best_alt=23.0000 gap=3.0000 tried=5 sep_labels=23 clique_frac=0.00
t=6876ms iter=16 REBUILD reject new_tc=36.3661 (was 30.5124)
t=6993ms iter=16 incumb=30.5124 ratchet=30.6130 best=30.5124 since_improve=12
t=7010ms iter=17 WAIST cost=26.0000 best_alt=23.0000 gap=3.0000 tried=5 sep_labels=23 clique_frac=0.00
t=7200ms iter=17 REBUILD reject new_tc=43.7332 (was 30.5124)
t=7319ms iter=17 incumb=30.5124 ratchet=30.5654 best=30.5124 since_improve=13
t=7334ms iter=18 WAIST cost=26.0000 best_alt=23.0000 gap=3.0000 tried=5 sep_labels=23 clique_frac=0.00
t=7527ms iter=18 REBUILD reject new_tc=33.6749 (was 30.5124)
t=7642ms iter=18 incumb=30.5124 ratchet=30.5145 best=30.5124 since_improve=14
t=7656ms iter=19 WAIST cost=26.0000 best_alt=21.0000 gap=5.0000 tried=5 sep_labels=20 clique_frac=0.01
t=7851ms iter=19 REBUILD reject new_tc=34.2177 (was 30.5124)
t=7967ms iter=19 incumb=30.5124 ratchet=30.5447 best=30.5124 since_improve=15
t=7982ms iter=20 WAIST cost=26.0000 best_alt=23.0000 gap=3.0000 tried=5 sep_labels=23 clique_frac=0.00
t=8175ms iter=20 REBUILD reject new_tc=34.3194 (was 30.5124)
t=8294ms iter=20 incumb=30.5124 ratchet=30.6166 best=30.5124 since_improve=16
t=8311ms iter=21 WAIST cost=26.0000 best_alt=19.0000 gap=7.0000 tried=5 sep_labels=19 clique_frac=0.01
t=8508ms iter=21 REBUILD reject new_tc=34.0328 (was 30.5124)
t=9225ms iter=21 incumb=30.5124 ratchet=30.4714 best=30.4714 since_improve=0
t=9233ms iter=22 WAIST cost=25.0000 best_alt=23.0000 gap=2.0000 tried=5 sep_labels=23 clique_frac=0.01
t=9421ms iter=22 REBUILD reject new_tc=36.1959 (was 30.4714)
t=9540ms iter=22 incumb=30.4714 ratchet=30.5366 best=30.4714 since_improve=1
t=9549ms iter=23 WAIST cost=25.0000 best_alt=23.0000 gap=2.0000 tried=5 sep_labels=23 clique_frac=0.01
t=9736ms iter=23 REBUILD reject new_tc=31.9756 (was 30.4714)
t=9852ms iter=23 incumb=30.4714 ratchet=30.5260 best=30.4714 since_improve=2
t=9862ms iter=24 WAIST cost=25.0000 best_alt=21.5850 gap=3.4150 tried=5 sep_labels=21 clique_frac=0.02
t=10054ms iter=24 REBUILD reject new_tc=35.9240 (was 30.4714)
t=10171ms iter=24 incumb=30.4714 ratchet=30.5951 best=30.4714 since_improve=3
t=10179ms iter=25 WAIST cost=25.0000 best_alt=23.0000 gap=2.0000 tried=5 sep_labels=23 clique_frac=0.01
t=10367ms iter=25 REBUILD reject new_tc=31.1289 (was 30.4714)
t=10489ms iter=25 incumb=30.4714 ratchet=30.4880 best=30.4714 since_improve=4
t=10498ms iter=26 WAIST cost=25.0000 best_alt=23.0000 gap=2.0000 tried=5 sep_labels=23 clique_frac=0.01
t=10687ms iter=26 REBUILD reject new_tc=32.4029 (was 30.4714)
t=10807ms iter=26 incumb=30.4714 ratchet=30.4725 best=30.4714 since_improve=5
t=10815ms iter=27 WAIST cost=25.0000 best_alt=23.0000 gap=2.0000 tried=5 sep_labels=23 clique_frac=0.01
t=11002ms iter=27 REBUILD reject new_tc=31.7820 (was 30.4714)
t=11122ms iter=27 incumb=30.4714 ratchet=30.5009 best=30.4714 since_improve=6
t=11133ms iter=28 WAIST cost=25.0000 best_alt=23.0000 gap=2.0000 tried=5 sep_labels=23 clique_frac=0.01
t=11317ms iter=28 REBUILD reject new_tc=32.4332 (was 30.4714)
t=11436ms iter=28 incumb=30.4714 ratchet=30.5321 best=30.4714 since_improve=7
t=11447ms iter=29 WAIST cost=25.0000 best_alt=23.0000 gap=2.0000 tried=5 sep_labels=23 clique_frac=0.01
t=11635ms iter=29 REBUILD reject new_tc=30.8681 (was 30.4714)
t=11754ms iter=29 incumb=30.4714 ratchet=30.4736 best=30.4714 since_improve=8
t=11765ms iter=30 WAIST cost=25.0000 best_alt=23.0000 gap=2.0000 tried=5 sep_labels=23 clique_frac=0.01
t=11953ms iter=30 REBUILD reject new_tc=32.5982 (was 30.4714)
t=12354ms iter=30 incumb=30.4714 ratchet=30.4597 best=30.4597 since_improve=0
t=12372ms iter=31 WAIST cost=26.0000 best_alt=23.0000 gap=3.0000 tried=5 sep_labels=23 clique_frac=0.01
t=12566ms iter=31 REBUILD reject new_tc=35.4568 (was 30.4597)
t=12683ms iter=31 incumb=30.4597 ratchet=30.7962 best=30.4597 since_improve=1
t=12697ms iter=32 WAIST cost=26.0000 best_alt=23.0000 gap=3.0000 tried=5 sep_labels=23 clique_frac=0.01
t=12890ms iter=32 REBUILD reject new_tc=31.1455 (was 30.4597)
t=13009ms iter=32 incumb=30.4597 ratchet=30.5156 best=30.4597 since_improve=2
t=13024ms iter=33 WAIST cost=26.0000 best_alt=23.0000 gap=3.0000 tried=5 sep_labels=23 clique_frac=0.01
t=13218ms iter=33 REBUILD reject new_tc=34.1721 (was 30.4597)
t=13336ms iter=33 incumb=30.4597 ratchet=30.6126 best=30.4597 since_improve=3
t=13351ms iter=34 WAIST cost=26.0000 best_alt=23.0000 gap=3.0000 tried=5 sep_labels=23 clique_frac=0.01
t=13542ms iter=34 REBUILD reject new_tc=35.6595 (was 30.4597)
t=13660ms iter=34 incumb=30.4597 ratchet=30.6674 best=30.4597 since_improve=4
t=13675ms iter=35 WAIST cost=26.0000 best_alt=23.0000 gap=3.0000 tried=5 sep_labels=23 clique_frac=0.01
t=13868ms iter=35 REBUILD reject new_tc=32.8739 (was 30.4597)
t=13977ms iter=35 incumb=30.4597 ratchet=30.5117 best=30.4597 since_improve=5
t=13987ms iter=36 WAIST cost=26.0000 best_alt=23.0000 gap=3.0000 tried=5 sep_labels=23 clique_frac=0.01
t=14164ms iter=36 REBUILD reject new_tc=30.9610 (was 30.4597)
t=14276ms iter=36 incumb=30.4597 ratchet=30.5329 best=30.4597 since_improve=6
t=14289ms iter=37 WAIST cost=26.0000 best_alt=23.0000 gap=3.0000 tried=5 sep_labels=23 clique_frac=0.01
t=14470ms iter=37 REBUILD reject new_tc=32.7953 (was 30.4597)
t=14576ms iter=37 incumb=30.4597 ratchet=30.5386 best=30.4597 since_improve=7
t=14591ms iter=38 WAIST cost=26.0000 best_alt=23.0000 gap=3.0000 tried=5 sep_labels=23 clique_frac=0.01
t=14772ms iter=38 REBUILD reject new_tc=32.4691 (was 30.4597)
t=14884ms iter=38 incumb=30.4597 ratchet=30.5412 best=30.4597 since_improve=8
t=14897ms iter=39 WAIST cost=26.0000 best_alt=22.0000 gap=4.0000 tried=5 sep_labels=21 clique_frac=0.04
t=15079ms iter=39 REBUILD reject new_tc=31.0807 (was 30.4597)
t=15168ms iter=39 incumb=30.4597 ratchet=30.5851 best=30.4597 since_improve=9
t=15180ms iter=40 WAIST cost=26.0000 best_alt=23.0000 gap=3.0000 tried=5 sep_labels=23 clique_frac=0.01
t=15361ms iter=40 REBUILD reject new_tc=33.7557 (was 30.4597)
t=15468ms iter=40 incumb=30.4597 ratchet=30.4940 best=30.4597 since_improve=10
t=15487ms iter=41 WAIST cost=26.0000 best_alt=23.0000 gap=3.0000 tried=5 sep_labels=23 clique_frac=0.01
t=15662ms iter=41 REBUILD reject new_tc=41.0397 (was 30.4597)
t=16198ms iter=41 incumb=30.4597 ratchet=30.4808 best=30.4592 since_improve=11
t=16215ms iter=42 WAIST cost=26.0000 best_alt=23.0000 gap=3.0000 tried=5 sep_labels=23 clique_frac=0.01
t=16412ms iter=42 REBUILD reject new_tc=30.9250 (was 30.4597)
t=16530ms iter=42 incumb=30.4597 ratchet=30.5450 best=30.4592 since_improve=12
t=16546ms iter=43 WAIST cost=26.0000 best_alt=23.0000 gap=3.0000 tried=5 sep_labels=23 clique_frac=0.01
t=16744ms iter=43 REBUILD reject new_tc=33.2084 (was 30.4597)
t=16997ms iter=43 incumb=30.4597 ratchet=30.4446 best=30.4446 since_improve=0
t=17013ms iter=44 WAIST cost=26.0000 best_alt=23.0000 gap=3.0000 tried=5 sep_labels=23 clique_frac=0.01
t=17206ms iter=44 REBUILD reject new_tc=38.3948 (was 30.4446)
t=17328ms iter=44 incumb=30.4446 ratchet=30.4547 best=30.4446 since_improve=1
t=17341ms iter=45 WAIST cost=26.0000 best_alt=23.0000 gap=3.0000 tried=5 sep_labels=23 clique_frac=0.01
t=17534ms iter=45 REBUILD reject new_tc=34.8201 (was 30.4446)
t=17648ms iter=45 incumb=30.4446 ratchet=30.5159 best=30.4446 since_improve=2
t=17663ms iter=46 WAIST cost=26.0000 best_alt=23.0000 gap=3.0000 tried=5 sep_labels=23 clique_frac=0.01
t=17856ms iter=46 REBUILD reject new_tc=34.9418 (was 30.4446)
t=17974ms iter=46 incumb=30.4446 ratchet=30.4765 best=30.4446 since_improve=3
t=17988ms iter=47 WAIST cost=26.0000 best_alt=23.0000 gap=3.0000 tried=5 sep_labels=23 clique_frac=0.01
t=18182ms iter=47 REBUILD reject new_tc=34.5820 (was 30.4446)
t=18428ms iter=47 incumb=30.4446 ratchet=30.4420 best=30.4420 since_improve=0
t=18446ms iter=48 WAIST cost=26.0000 best_alt=23.0000 gap=3.0000 tried=5 sep_labels=23 clique_frac=0.01
t=18644ms iter=48 REBUILD reject new_tc=37.3223 (was 30.4420)
t=18765ms iter=48 incumb=30.4420 ratchet=30.4810 best=30.4420 since_improve=1
t=18781ms iter=49 WAIST cost=26.0000 best_alt=23.0000 gap=3.0000 tried=5 sep_labels=23 clique_frac=0.01
t=18977ms iter=49 REBUILD reject new_tc=38.0592 (was 30.4420)
t=19080ms iter=49 incumb=30.4420 ratchet=30.5526 best=30.4420 since_improve=2
t=19095ms iter=50 WAIST cost=26.0000 best_alt=23.0000 gap=3.0000 tried=5 sep_labels=23 clique_frac=0.01
t=19288ms iter=50 REBUILD reject new_tc=40.3585 (was 30.4420)
t=19552ms iter=50 incumb=30.4420 ratchet=30.4438 best=30.4416 since_improve=3
t=19568ms iter=51 WAIST cost=26.0000 best_alt=23.0000 gap=3.0000 tried=5 sep_labels=23 clique_frac=0.01
t=19756ms iter=51 REBUILD reject new_tc=41.4882 (was 30.4420)
t=19870ms iter=51 incumb=30.4420 ratchet=30.5024 best=30.4416 since_improve=4
t=19886ms iter=52 WAIST cost=26.0000 best_alt=23.0000 gap=3.0000 tried=5 sep_labels=23 clique_frac=0.01
t=20075ms iter=52 REBUILD reject new_tc=36.2511 (was 30.4420)
t=20192ms iter=52 incumb=30.4420 ratchet=30.5096 best=30.4416 since_improve=5
t=20204ms iter=53 WAIST cost=26.0000 best_alt=22.5850 gap=3.4150 tried=5 sep_labels=21 clique_frac=0.02
t=20392ms iter=53 REBUILD reject new_tc=30.9121 (was 30.4420)
t=20507ms iter=53 incumb=30.4420 ratchet=30.4852 best=30.4416 since_improve=6
t=20522ms iter=54 WAIST cost=26.0000 best_alt=23.0000 gap=3.0000 tried=5 sep_labels=23 clique_frac=0.01
t=20709ms iter=54 REBUILD reject new_tc=34.2940 (was 30.4420)
t=20821ms iter=54 incumb=30.4420 ratchet=30.5874 best=30.4416 since_improve=7
t=20838ms iter=55 WAIST cost=26.0000 best_alt=23.0000 gap=3.0000 tried=5 sep_labels=23 clique_frac=0.01
t=21025ms iter=55 REBUILD reject new_tc=37.1538 (was 30.4420)
t=21140ms iter=55 incumb=30.4420 ratchet=30.4659 best=30.4416 since_improve=8
t=21156ms iter=56 WAIST cost=26.0000 best_alt=23.0000 gap=3.0000 tried=5 sep_labels=23 clique_frac=0.01
t=21337ms iter=56 REBUILD reject new_tc=38.3693 (was 30.4420)
t=21453ms iter=56 incumb=30.4420 ratchet=30.4707 best=30.4416 since_improve=9
t=21466ms iter=57 WAIST cost=26.0000 best_alt=21.0000 gap=5.0000 tried=5 sep_labels=20 clique_frac=0.01
t=21648ms iter=57 REBUILD reject new_tc=32.4172 (was 30.4420)
t=21764ms iter=57 incumb=30.4420 ratchet=30.4916 best=30.4416 since_improve=10
t=21780ms iter=58 WAIST cost=26.0000 best_alt=23.0000 gap=3.0000 tried=5 sep_labels=23 clique_frac=0.01
t=21970ms iter=58 REBUILD reject new_tc=36.3282 (was 30.4420)
t=22085ms iter=58 incumb=30.4420 ratchet=30.5975 best=30.4416 since_improve=11
t=22102ms iter=59 WAIST cost=26.0000 best_alt=23.0000 gap=3.0000 tried=5 sep_labels=23 clique_frac=0.01
t=22284ms iter=59 REBUILD reject new_tc=38.3953 (was 30.4420)
t=22395ms iter=59 incumb=30.4420 ratchet=30.6061 best=30.4416 since_improve=12
t=22413ms iter=60 WAIST cost=26.0000 best_alt=23.0000 gap=3.0000 tried=5 sep_labels=23 clique_frac=0.01
t=22598ms iter=60 REBUILD reject new_tc=34.9216 (was 30.4420)
t=22713ms iter=60 incumb=30.4420 ratchet=30.5119 best=30.4416 since_improve=13
t=22727ms iter=61 WAIST cost=26.0000 best_alt=23.0000 gap=3.0000 tried=5 sep_labels=23 clique_frac=0.01
t=22914ms iter=61 REBUILD reject new_tc=32.4216 (was 30.4420)
t=23031ms iter=61 incumb=30.4420 ratchet=30.4547 best=30.4416 since_improve=14
t=23045ms iter=62 WAIST cost=26.0000 best_alt=23.0000 gap=3.0000 tried=5 sep_labels=23 clique_frac=0.01
t=23291ms iter=62 REBUILD reject new_tc=46.0526 (was 30.4420)
t=23401ms iter=62 incumb=30.4420 ratchet=30.5079 best=30.4416 since_improve=15
t=23414ms iter=63 WAIST cost=26.0000 best_alt=23.0000 gap=3.0000 tried=5 sep_labels=23 clique_frac=0.01
t=23600ms iter=63 REBUILD reject new_tc=42.3283 (was 30.4420)
t=23720ms iter=63 incumb=30.4420 ratchet=30.5331 best=30.4416 since_improve=16
t=23737ms iter=64 WAIST cost=26.0000 best_alt=23.0000 gap=3.0000 tried=5 sep_labels=23 clique_frac=0.01
t=23928ms iter=64 REBUILD reject new_tc=38.3073 (was 30.4420)
t=24043ms iter=64 incumb=30.4420 ratchet=30.5683 best=30.4416 since_improve=17
t=24059ms iter=65 WAIST cost=26.0000 best_alt=23.0000 gap=3.0000 tried=5 sep_labels=23 clique_frac=0.01
t=24244ms iter=65 REBUILD reject new_tc=36.5610 (was 30.4420)
t=24357ms iter=65 incumb=30.4420 ratchet=30.5712 best=30.4416 since_improve=18
t=24375ms iter=66 WAIST cost=26.0000 best_alt=23.0000 gap=3.0000 tried=5 sep_labels=23 clique_frac=0.01
t=24564ms iter=66 REBUILD reject new_tc=30.9345 (was 30.4420)
t=24680ms iter=66 incumb=30.4420 ratchet=30.5166 best=30.4416 since_improve=19
t=24696ms iter=67 WAIST cost=26.0000 best_alt=23.0000 gap=3.0000 tried=5 sep_labels=23 clique_frac=0.01
t=24881ms iter=67 REBUILD reject new_tc=32.5350 (was 30.4420)
t=24997ms iter=67 incumb=30.4420 ratchet=30.4861 best=30.4416 since_improve=20
t=25009ms iter=68 WAIST cost=26.0000 best_alt=21.0000 gap=5.0000 tried=5 sep_labels=20 clique_frac=0.01
t=25197ms iter=68 REBUILD reject new_tc=36.2321 (was 30.4420)
t=25313ms iter=68 incumb=30.4420 ratchet=30.5059 best=30.4416 since_improve=21
t=25326ms iter=69 WAIST cost=26.0000 best_alt=23.0000 gap=3.0000 tried=5 sep_labels=23 clique_frac=0.01
t=25510ms iter=69 REBUILD reject new_tc=36.2135 (was 30.4420)
t=25625ms iter=69 incumb=30.4420 ratchet=30.5047 best=30.4416 since_improve=22
t=25642ms iter=70 WAIST cost=26.0000 best_alt=23.0000 gap=3.0000 tried=5 sep_labels=23 clique_frac=0.01
t=25829ms iter=70 REBUILD reject new_tc=31.1723 (was 30.4420)
t=25940ms iter=70 incumb=30.4420 ratchet=30.4853 best=30.4416 since_improve=23
t=25954ms iter=71 WAIST cost=26.0000 best_alt=23.0000 gap=3.0000 tried=5 sep_labels=23 clique_frac=0.01
t=26143ms iter=71 REBUILD reject new_tc=32.3391 (was 30.4420)
t=26251ms iter=71 incumb=30.4420 ratchet=30.4578 best=30.4416 since_improve=24
t=26262ms iter=72 WAIST cost=26.0000 best_alt=23.0000 gap=3.0000 tried=5 sep_labels=23 clique_frac=0.01
t=26449ms iter=72 REBUILD reject new_tc=34.7951 (was 30.4420)
t=26564ms iter=72 incumb=30.4420 ratchet=30.6175 best=30.4416 since_improve=25
t=26580ms iter=73 WAIST cost=26.0000 best_alt=23.0000 gap=3.0000 tried=5 sep_labels=23 clique_frac=0.01
t=26766ms iter=73 REBUILD reject new_tc=33.9253 (was 30.4420)
t=26883ms iter=73 incumb=30.4420 ratchet=30.6546 best=30.4416 since_improve=26
t=26896ms iter=74 WAIST cost=26.0000 best_alt=23.0000 gap=3.0000 tried=5 sep_labels=23 clique_frac=0.01
t=27084ms iter=74 REBUILD reject new_tc=33.3714 (was 30.4420)
t=27310ms iter=74 incumb=30.4420 ratchet=30.4345 best=30.4332 since_improve=0
t=27325ms iter=75 WAIST cost=26.0000 best_alt=22.0000 gap=4.0000 tried=5 sep_labels=22 clique_frac=0.00
t=27512ms iter=75 REBUILD reject new_tc=32.6378 (was 30.4345)
t=27629ms iter=75 incumb=30.4345 ratchet=30.6891 best=30.4332 since_improve=1
t=27645ms iter=76 WAIST cost=26.0000 best_alt=23.0000 gap=3.0000 tried=5 sep_labels=23 clique_frac=0.01
t=27832ms iter=76 REBUILD reject new_tc=31.0160 (was 30.4345)
t=27948ms iter=76 incumb=30.4345 ratchet=30.5006 best=30.4332 since_improve=2
t=27962ms iter=77 WAIST cost=26.0000 best_alt=22.5850 gap=3.4150 tried=5 sep_labels=21 clique_frac=0.02
t=28154ms iter=77 REBUILD reject new_tc=32.2377 (was 30.4345)
t=28282ms iter=77 incumb=30.4345 ratchet=30.4744 best=30.4332 since_improve=3
t=28296ms iter=78 WAIST cost=26.0000 best_alt=23.0000 gap=3.0000 tried=5 sep_labels=23 clique_frac=0.01
t=28490ms iter=78 REBUILD reject new_tc=34.4374 (was 30.4345)
t=28606ms iter=78 incumb=30.4345 ratchet=30.5380 best=30.4332 since_improve=4
t=28621ms iter=79 WAIST cost=26.0000 best_alt=23.0000 gap=3.0000 tried=5 sep_labels=23 clique_frac=0.01
t=28805ms iter=79 REBUILD reject new_tc=42.0179 (was 30.4345)
t=28921ms iter=79 incumb=30.4345 ratchet=30.5006 best=30.4332 since_improve=5
t=28935ms iter=80 WAIST cost=26.0000 best_alt=23.0000 gap=3.0000 tried=5 sep_labels=23 clique_frac=0.01
t=29117ms iter=80 REBUILD reject new_tc=37.6458 (was 30.4345)
t=29234ms iter=80 incumb=30.4345 ratchet=30.4369 best=30.4332 since_improve=6
t=29252ms iter=81 WAIST cost=26.0000 best_alt=23.0000 gap=3.0000 tried=5 sep_labels=23 clique_frac=0.01
t=29439ms iter=81 REBUILD reject new_tc=34.0983 (was 30.4345)
t=29554ms iter=81 incumb=30.4345 ratchet=30.4413 best=30.4332 since_improve=7
t=29568ms iter=82 WAIST cost=26.0000 best_alt=23.0000 gap=3.0000 tried=5 sep_labels=23 clique_frac=0.01
t=29754ms iter=82 REBUILD reject new_tc=31.7267 (was 30.4345)
t=29858ms iter=82 incumb=30.4345 ratchet=30.5938 best=30.4332 since_improve=8
t=29872ms iter=83 WAIST cost=26.0000 best_alt=23.0000 gap=3.0000 tried=5 sep_labels=23 clique_frac=0.01
t=30057ms iter=83 REBUILD reject new_tc=38.6854 (was 30.4345)
t=30169ms iter=83 incumb=30.4345 ratchet=30.4486 best=30.4332 since_improve=9
t=30186ms iter=84 WAIST cost=26.0000 best_alt=23.0000 gap=3.0000 tried=5 sep_labels=23 clique_frac=0.01
t=30376ms iter=84 REBUILD reject new_tc=34.6600 (was 30.4345)
t=30489ms iter=84 incumb=30.4345 ratchet=30.4996 best=30.4332 since_improve=10
t=30501ms iter=85 WAIST cost=26.0000 best_alt=21.0000 gap=5.0000 tried=5 sep_labels=20 clique_frac=0.02
t=30684ms iter=85 REBUILD reject new_tc=31.2184 (was 30.4345)
t=30800ms iter=85 incumb=30.4345 ratchet=30.5701 best=30.4332 since_improve=11
t=30814ms iter=86 WAIST cost=26.0000 best_alt=23.0000 gap=3.0000 tried=5 sep_labels=23 clique_frac=0.01
t=31003ms iter=86 REBUILD reject new_tc=31.9599 (was 30.4345)
t=31119ms iter=86 incumb=30.4345 ratchet=30.5557 best=30.4332 since_improve=12
t=31134ms iter=87 WAIST cost=26.0000 best_alt=23.0000 gap=3.0000 tried=5 sep_labels=23 clique_frac=0.01
t=31313ms iter=87 REBUILD reject new_tc=37.5307 (was 30.4345)
t=31428ms iter=87 incumb=30.4345 ratchet=30.4900 best=30.4332 since_improve=13
t=31445ms iter=88 WAIST cost=26.0000 best_alt=23.0000 gap=3.0000 tried=5 sep_labels=23 clique_frac=0.01
t=31635ms iter=88 REBUILD reject new_tc=31.8527 (was 30.4345)
t=31750ms iter=88 incumb=30.4345 ratchet=30.5650 best=30.4332 since_improve=14
t=31767ms iter=89 WAIST cost=26.0000 best_alt=23.0000 gap=3.0000 tried=5 sep_labels=23 clique_frac=0.01
t=31958ms iter=89 REBUILD reject new_tc=33.2912 (was 30.4345)
t=32074ms iter=89 incumb=30.4345 ratchet=30.5597 best=30.4332 since_improve=15
t=32092ms iter=90 WAIST cost=26.0000 best_alt=23.0000 gap=3.0000 tried=5 sep_labels=23 clique_frac=0.01
t=32277ms iter=90 REBUILD reject new_tc=36.2085 (was 30.4345)
t=32386ms iter=90 incumb=30.4345 ratchet=30.6270 best=30.4332 since_improve=16
t=32401ms iter=91 WAIST cost=26.0000 best_alt=23.0000 gap=3.0000 tried=5 sep_labels=23 clique_frac=0.01
t=32590ms iter=91 REBUILD reject new_tc=32.5555 (was 30.4345)
t=32705ms iter=91 incumb=30.4345 ratchet=30.4697 best=30.4332 since_improve=17
t=32724ms iter=92 WAIST cost=26.0000 best_alt=23.0000 gap=3.0000 tried=5 sep_labels=23 clique_frac=0.01
t=32941ms iter=92 REBUILD reject new_tc=36.3775 (was 30.4345)
t=33058ms iter=92 incumb=30.4345 ratchet=30.5783 best=30.4332 since_improve=18
t=33072ms iter=93 WAIST cost=26.0000 best_alt=23.0000 gap=3.0000 tried=5 sep_labels=23 clique_frac=0.01
t=33260ms iter=93 REBUILD reject new_tc=30.8332 (was 30.4345)
t=33402ms iter=93 incumb=30.4345 ratchet=30.4443 best=30.4332 since_improve=19
t=33443ms iter=94 WAIST cost=26.0000 best_alt=23.0000 gap=3.0000 tried=5 sep_labels=23 clique_frac=0.01
t=33627ms iter=94 REBUILD reject new_tc=39.7562 (was 30.4345)
t=33748ms iter=94 incumb=30.4345 ratchet=30.5397 best=30.4332 since_improve=20
t=33766ms iter=95 WAIST cost=26.0000 best_alt=23.0000 gap=3.0000 tried=5 sep_labels=23 clique_frac=0.01
t=33962ms iter=95 REBUILD reject new_tc=36.7201 (was 30.4345)
t=34076ms iter=95 incumb=30.4345 ratchet=30.5040 best=30.4332 since_improve=21
t=34090ms iter=96 WAIST cost=26.0000 best_alt=23.0000 gap=3.0000 tried=5 sep_labels=23 clique_frac=0.01
t=34280ms iter=96 REBUILD reject new_tc=30.8267 (was 30.4345)
t=34395ms iter=96 incumb=30.4345 ratchet=30.5120 best=30.4332 since_improve=22
t=34411ms iter=97 WAIST cost=26.0000 best_alt=22.0000 gap=4.0000 tried=5 sep_labels=22 clique_frac=0.00
t=34597ms iter=97 REBUILD reject new_tc=34.2187 (was 30.4345)
t=34715ms iter=97 incumb=30.4345 ratchet=30.4967 best=30.4332 since_improve=23
t=34729ms iter=98 WAIST cost=26.0000 best_alt=23.0000 gap=3.0000 tried=5 sep_labels=23 clique_frac=0.01
t=34925ms iter=98 REBUILD reject new_tc=41.6658 (was 30.4345)
t=35048ms iter=98 incumb=30.4345 ratchet=30.6691 best=30.4332 since_improve=24
t=35064ms iter=99 WAIST cost=26.0000 best_alt=23.0000 gap=3.0000 tried=5 sep_labels=23 clique_frac=0.01
t=35254ms iter=99 REBUILD reject new_tc=31.6548 (was 30.4345)
t=35369ms iter=99 incumb=30.4345 ratchet=30.5815 best=30.4332 since_improve=25
t=35386ms iter=100 WAIST cost=26.0000 best_alt=23.0000 gap=3.0000 tried=5 sep_labels=23 clique_frac=0.01
t=35573ms iter=100 REBUILD reject new_tc=32.6184 (was 30.4345)
t=35687ms iter=100 incumb=30.4345 ratchet=30.4917 best=30.4332 since_improve=26
t=35702ms iter=101 WAIST cost=26.0000 best_alt=23.0000 gap=3.0000 tried=5 sep_labels=23 clique_frac=0.01
t=35889ms iter=101 REBUILD reject new_tc=38.3832 (was 30.4345)
t=36002ms iter=101 incumb=30.4345 ratchet=30.4416 best=30.4332 since_improve=27
t=36015ms iter=102 WAIST cost=26.0000 best_alt=23.0000 gap=3.0000 tried=5 sep_labels=23 clique_frac=0.01
t=36204ms iter=102 REBUILD reject new_tc=32.8387 (was 30.4345)
t=36321ms iter=102 incumb=30.4345 ratchet=30.4733 best=30.4332 since_improve=28
t=36337ms iter=103 WAIST cost=26.0000 best_alt=23.0000 gap=3.0000 tried=5 sep_labels=23 clique_frac=0.01
t=36528ms iter=103 REBUILD reject new_tc=30.8081 (was 30.4345)
t=36642ms iter=103 incumb=30.4345 ratchet=30.4805 best=30.4332 since_improve=29
t=36658ms iter=104 WAIST cost=26.0000 best_alt=23.0000 gap=3.0000 tried=5 sep_labels=23 clique_frac=0.01
t=36844ms iter=104 REBUILD reject new_tc=31.7020 (was 30.4345)
t=36961ms iter=104 incumb=30.4345 ratchet=30.4407 best=30.4332 since_improve=30
t=36974ms iter=105 WAIST cost=26.0000 best_alt=23.0000 gap=3.0000 tried=5 sep_labels=23 clique_frac=0.01
t=37158ms iter=105 REBUILD reject new_tc=38.3745 (was 30.4345)
t=37272ms iter=105 incumb=30.4345 ratchet=30.4799 best=30.4332 since_improve=31
t=37288ms iter=106 WAIST cost=26.0000 best_alt=23.0000 gap=3.0000 tried=5 sep_labels=23 clique_frac=0.01
t=37473ms iter=106 REBUILD reject new_tc=38.8423 (was 30.4345)
t=37588ms iter=106 incumb=30.4345 ratchet=30.4583 best=30.4332 since_improve=32
t=37606ms iter=107 WAIST cost=26.0000 best_alt=23.0000 gap=3.0000 tried=5 sep_labels=23 clique_frac=0.01
t=37790ms iter=107 REBUILD reject new_tc=34.4418 (was 30.4345)
t=37904ms iter=107 incumb=30.4345 ratchet=30.5534 best=30.4332 since_improve=33
t=37919ms iter=108 WAIST cost=26.0000 best_alt=23.0000 gap=3.0000 tried=5 sep_labels=23 clique_frac=0.01
t=38103ms iter=108 REBUILD reject new_tc=35.6851 (was 30.4345)
t=38219ms iter=108 incumb=30.4345 ratchet=30.4600 best=30.4332 since_improve=34
t=38236ms iter=109 WAIST cost=26.0000 best_alt=23.0000 gap=3.0000 tried=5 sep_labels=23 clique_frac=0.01
t=38425ms iter=109 REBUILD reject new_tc=38.3556 (was 30.4345)
t=38538ms iter=109 incumb=30.4345 ratchet=30.4611 best=30.4332 since_improve=35
t=38554ms iter=110 WAIST cost=26.0000 best_alt=23.0000 gap=3.0000 tried=5 sep_labels=23 clique_frac=0.01
t=38744ms iter=110 REBUILD reject new_tc=38.0239 (was 30.4345)
t=38862ms iter=110 incumb=30.4345 ratchet=30.4690 best=30.4332 since_improve=36
t=38877ms iter=111 WAIST cost=26.0000 best_alt=23.0000 gap=3.0000 tried=5 sep_labels=23 clique_frac=0.01
t=39061ms iter=111 REBUILD reject new_tc=38.0670 (was 30.4345)
t=39290ms iter=111 incumb=30.4345 ratchet=30.4311 best=30.4258 since_improve=0
t=39304ms iter=112 WAIST cost=26.0000 best_alt=23.0000 gap=3.0000 tried=5 sep_labels=23 clique_frac=0.01
t=39495ms iter=112 REBUILD reject new_tc=37.5269 (was 30.4311)
t=39611ms iter=112 incumb=30.4311 ratchet=30.5251 best=30.4258 since_improve=1
t=39625ms iter=113 WAIST cost=26.0000 best_alt=21.0000 gap=5.0000 tried=5 sep_labels=20 clique_frac=0.02
t=39811ms iter=113 REBUILD reject new_tc=32.8327 (was 30.4311)
t=39929ms iter=113 incumb=30.4311 ratchet=30.5325 best=30.4258 since_improve=2
t=39944ms iter=114 WAIST cost=26.0000 best_alt=22.0000 gap=4.0000 tried=5 sep_labels=21 clique_frac=0.02
t=40201ms iter=114 REBUILD reject new_tc=36.1965 (was 30.4311)
t=40315ms iter=114 incumb=30.4311 ratchet=30.5028 best=30.4258 since_improve=3
t=40332ms iter=115 WAIST cost=26.0000 best_alt=23.0000 gap=3.0000 tried=5 sep_labels=23 clique_frac=0.01
t=40526ms iter=115 REBUILD reject new_tc=31.7821 (was 30.4311)
t=40640ms iter=115 incumb=30.4311 ratchet=30.4967 best=30.4258 since_improve=4
t=40654ms iter=116 WAIST cost=26.0000 best_alt=23.0000 gap=3.0000 tried=5 sep_labels=23 clique_frac=0.01
t=40843ms iter=116 REBUILD reject new_tc=32.7893 (was 30.4311)
t=40960ms iter=116 incumb=30.4311 ratchet=30.5962 best=30.4258 since_improve=5
t=40976ms iter=117 WAIST cost=26.0000 best_alt=23.0000 gap=3.0000 tried=5 sep_labels=23 clique_frac=0.01
t=41163ms iter=117 REBUILD reject new_tc=45.1044 (was 30.4311)
t=41276ms iter=117 incumb=30.4311 ratchet=30.5075 best=30.4258 since_improve=6
t=41292ms iter=118 WAIST cost=26.0000 best_alt=23.0000 gap=3.0000 tried=5 sep_labels=23 clique_frac=0.01
t=41480ms iter=118 REBUILD reject new_tc=36.8387 (was 30.4311)
t=41596ms iter=118 incumb=30.4311 ratchet=30.5976 best=30.4258 since_improve=7
t=41611ms iter=119 WAIST cost=26.0000 best_alt=23.0000 gap=3.0000 tried=5 sep_labels=23 clique_frac=0.01
t=41797ms iter=119 REBUILD reject new_tc=38.3832 (was 30.4311)
t=41909ms iter=119 incumb=30.4311 ratchet=30.6059 best=30.4258 since_improve=8
t=41925ms iter=120 WAIST cost=26.0000 best_alt=23.0000 gap=3.0000 tried=5 sep_labels=23 clique_frac=0.01
t=42115ms iter=120 REBUILD reject new_tc=32.5308 (was 30.4311)
t=42228ms iter=120 incumb=30.4311 ratchet=30.5428 best=30.4258 since_improve=9
t=42242ms iter=121 WAIST cost=26.0000 best_alt=23.0000 gap=3.0000 tried=5 sep_labels=23 clique_frac=0.01
t=42431ms iter=121 REBUILD reject new_tc=32.2314 (was 30.4311)
t=42546ms iter=121 incumb=30.4311 ratchet=30.7115 best=30.4258 since_improve=10
t=42562ms iter=122 WAIST cost=26.0000 best_alt=23.0000 gap=3.0000 tried=5 sep_labels=23 clique_frac=0.01
t=42753ms iter=122 REBUILD reject new_tc=34.0589 (was 30.4311)
t=42869ms iter=122 incumb=30.4311 ratchet=30.5454 best=30.4258 since_improve=11
t=42888ms iter=123 WAIST cost=26.0000 best_alt=23.0000 gap=3.0000 tried=5 sep_labels=23 clique_frac=0.01
t=43068ms iter=123 REBUILD reject new_tc=39.2021 (was 30.4311)
t=43185ms iter=123 incumb=30.4311 ratchet=30.6190 best=30.4258 since_improve=12
t=43198ms iter=124 WAIST cost=26.0000 best_alt=23.0000 gap=3.0000 tried=5 sep_labels=23 clique_frac=0.01
t=43386ms iter=124 REBUILD reject new_tc=42.2581 (was 30.4311)
t=43501ms iter=124 incumb=30.4311 ratchet=30.5487 best=30.4258 since_improve=13
t=43514ms iter=125 WAIST cost=26.0000 best_alt=23.0000 gap=3.0000 tried=5 sep_labels=23 clique_frac=0.01
t=43705ms iter=125 REBUILD reject new_tc=33.8061 (was 30.4311)
t=43820ms iter=125 incumb=30.4311 ratchet=30.5108 best=30.4258 since_improve=14
t=43835ms iter=126 WAIST cost=26.0000 best_alt=23.0000 gap=3.0000 tried=5 sep_labels=23 clique_frac=0.01
t=44023ms iter=126 REBUILD reject new_tc=38.1560 (was 30.4311)
t=44139ms iter=126 incumb=30.4311 ratchet=30.6247 best=30.4258 since_improve=15
t=44154ms iter=127 WAIST cost=26.0000 best_alt=23.0000 gap=3.0000 tried=5 sep_labels=23 clique_frac=0.01
t=44342ms iter=127 REBUILD reject new_tc=31.1061 (was 30.4311)
t=44458ms iter=127 incumb=30.4311 ratchet=30.4999 best=30.4258 since_improve=16
t=44473ms iter=128 WAIST cost=26.0000 best_alt=23.0000 gap=3.0000 tried=5 sep_labels=23 clique_frac=0.01
t=44659ms iter=128 REBUILD reject new_tc=33.0124 (was 30.4311)
t=44774ms iter=128 incumb=30.4311 ratchet=30.5180 best=30.4258 since_improve=17
t=44789ms iter=129 WAIST cost=26.0000 best_alt=21.0000 gap=5.0000 tried=5 sep_labels=20 clique_frac=0.01
t=44974ms iter=129 REBUILD reject new_tc=31.8876 (was 30.4311)
t=45091ms iter=129 incumb=30.4311 ratchet=30.5735 best=30.4258 since_improve=18
t=45104ms iter=130 WAIST cost=26.0000 best_alt=19.0000 gap=7.0000 tried=5 sep_labels=19 clique_frac=0.01
t=45294ms iter=130 REBUILD reject new_tc=33.7281 (was 30.4311)
t=45410ms iter=130 incumb=30.4311 ratchet=30.4913 best=30.4258 since_improve=19
t=45424ms iter=131 WAIST cost=26.0000 best_alt=23.0000 gap=3.0000 tried=5 sep_labels=23 clique_frac=0.01
t=45611ms iter=131 REBUILD reject new_tc=34.2457 (was 30.4311)
t=45726ms iter=131 incumb=30.4311 ratchet=30.4307 best=30.4258 since_improve=0
t=45741ms iter=132 WAIST cost=26.0000 best_alt=23.0000 gap=3.0000 tried=5 sep_labels=23 clique_frac=0.01
t=45925ms iter=132 REBUILD reject new_tc=32.4972 (was 30.4307)
t=46040ms iter=132 incumb=30.4307 ratchet=31.3334 best=30.4258 since_improve=1
t=46056ms iter=133 WAIST cost=26.0000 best_alt=23.0000 gap=3.0000 tried=5 sep_labels=23 clique_frac=0.01
t=46241ms iter=133 REBUILD reject new_tc=41.8359 (was 30.4307)
t=46357ms iter=133 incumb=30.4307 ratchet=30.5162 best=30.4258 since_improve=2
t=46372ms iter=134 WAIST cost=26.0000 best_alt=23.0000 gap=3.0000 tried=5 sep_labels=23 clique_frac=0.01
t=46554ms iter=134 REBUILD reject new_tc=31.7073 (was 30.4307)
t=46671ms iter=134 incumb=30.4307 ratchet=30.5442 best=30.4258 since_improve=3
t=46687ms iter=135 WAIST cost=26.0000 best_alt=23.0000 gap=3.0000 tried=5 sep_labels=23 clique_frac=0.01
t=46868ms iter=135 REBUILD reject new_tc=40.1661 (was 30.4307)
t=46984ms iter=135 incumb=30.4307 ratchet=30.5749 best=30.4258 since_improve=4
t=47002ms iter=136 WAIST cost=26.0000 best_alt=23.0000 gap=3.0000 tried=5 sep_labels=23 clique_frac=0.01
t=47182ms iter=136 REBUILD reject new_tc=32.3886 (was 30.4307)
t=47297ms iter=136 incumb=30.4307 ratchet=30.5984 best=30.4258 since_improve=5
t=47312ms iter=137 WAIST cost=26.0000 best_alt=23.0000 gap=3.0000 tried=5 sep_labels=23 clique_frac=0.01
t=47499ms iter=137 REBUILD reject new_tc=33.0135 (was 30.4307)
t=47611ms iter=137 incumb=30.4307 ratchet=30.4456 best=30.4258 since_improve=6
t=47629ms iter=138 WAIST cost=26.0000 best_alt=23.0000 gap=3.0000 tried=5 sep_labels=23 clique_frac=0.01
t=47815ms iter=138 REBUILD reject new_tc=38.4799 (was 30.4307)
t=47928ms iter=138 incumb=30.4307 ratchet=30.5216 best=30.4258 since_improve=7
t=47943ms iter=139 WAIST cost=26.0000 best_alt=20.5850 gap=5.4150 tried=5 sep_labels=20 clique_frac=0.02
t=48124ms iter=139 REBUILD reject new_tc=33.2914 (was 30.4307)
t=48244ms iter=139 incumb=30.4307 ratchet=30.5451 best=30.4258 since_improve=8
t=48260ms iter=140 WAIST cost=26.0000 best_alt=23.0000 gap=3.0000 tried=5 sep_labels=23 clique_frac=0.01
t=48443ms iter=140 REBUILD reject new_tc=30.8289 (was 30.4307)
t=48559ms iter=140 incumb=30.4307 ratchet=30.4744 best=30.4258 since_improve=9
t=48573ms iter=141 WAIST cost=26.0000 best_alt=20.5850 gap=5.4150 tried=5 sep_labels=20 clique_frac=0.01
t=48761ms iter=141 REBUILD reject new_tc=33.6882 (was 30.4307)
t=48876ms iter=141 incumb=30.4307 ratchet=30.4976 best=30.4258 since_improve=10
t=48890ms iter=142 WAIST cost=26.0000 best_alt=20.5850 gap=5.4150 tried=5 sep_labels=20 clique_frac=0.02
t=49070ms iter=142 REBUILD reject new_tc=37.1396 (was 30.4307)
t=49187ms iter=142 incumb=30.4307 ratchet=30.4707 best=30.4258 since_improve=11
t=49205ms iter=143 WAIST cost=26.0000 best_alt=23.0000 gap=3.0000 tried=5 sep_labels=23 clique_frac=0.01
t=49390ms iter=143 REBUILD reject new_tc=38.0805 (was 30.4307)
t=49506ms iter=143 incumb=30.4307 ratchet=30.4659 best=30.4258 since_improve=12
t=49523ms iter=144 WAIST cost=26.0000 best_alt=23.0000 gap=3.0000 tried=5 sep_labels=23 clique_frac=0.01
t=49704ms iter=144 REBUILD reject new_tc=37.8253 (was 30.4307)
t=49819ms iter=144 incumb=30.4307 ratchet=30.5315 best=30.4258 since_improve=13
t=49834ms iter=145 WAIST cost=26.0000 best_alt=23.0000 gap=3.0000 tried=5 sep_labels=23 clique_frac=0.01
t=50014ms iter=145 REBUILD reject new_tc=36.5541 (was 30.4307)
t=50132ms iter=145 incumb=30.4307 ratchet=30.4675 best=30.4258 since_improve=14
t=50148ms iter=146 WAIST cost=26.0000 best_alt=23.0000 gap=3.0000 tried=5 sep_labels=23 clique_frac=0.01
t=50327ms iter=146 REBUILD reject new_tc=31.0399 (was 30.4307)
t=50442ms iter=146 incumb=30.4307 ratchet=30.4964 best=30.4258 since_improve=15
t=50461ms iter=147 WAIST cost=26.0000 best_alt=23.0000 gap=3.0000 tried=5 sep_labels=23 clique_frac=0.01
t=50642ms iter=147 REBUILD reject new_tc=30.9092 (was 30.4307)
t=50761ms iter=147 incumb=30.4307 ratchet=30.6156 best=30.4258 since_improve=16
t=50776ms iter=148 WAIST cost=26.0000 best_alt=23.0000 gap=3.0000 tried=5 sep_labels=23 clique_frac=0.01
t=50959ms iter=148 REBUILD reject new_tc=38.6535 (was 30.4307)
t=51075ms iter=148 incumb=30.4307 ratchet=30.4831 best=30.4258 since_improve=17
t=51091ms iter=149 WAIST cost=26.0000 best_alt=23.0000 gap=3.0000 tried=5 sep_labels=23 clique_frac=0.01
t=51273ms iter=149 REBUILD reject new_tc=37.5502 (was 30.4307)
t=51389ms iter=149 incumb=30.4307 ratchet=30.5032 best=30.4258 since_improve=18
t=51407ms iter=150 WAIST cost=26.0000 best_alt=23.0000 gap=3.0000 tried=5 sep_labels=23 clique_frac=0.01
t=51588ms iter=150 REBUILD reject new_tc=31.0478 (was 30.4307)
t=51707ms iter=150 incumb=30.4307 ratchet=30.5108 best=30.4258 since_improve=19
t=51721ms iter=151 WAIST cost=26.0000 best_alt=21.5850 gap=4.4150 tried=5 sep_labels=21 clique_frac=0.01
t=51903ms iter=151 REBUILD reject new_tc=32.9225 (was 30.4307)
t=52018ms iter=151 incumb=30.4307 ratchet=30.4765 best=30.4258 since_improve=20
t=52031ms iter=152 WAIST cost=26.0000 best_alt=23.0000 gap=3.0000 tried=5 sep_labels=23 clique_frac=0.01
t=52212ms iter=152 REBUILD reject new_tc=31.1615 (was 30.4307)
t=52332ms iter=152 incumb=30.4307 ratchet=30.4588 best=30.4258 since_improve=21
t=52347ms iter=153 WAIST cost=26.0000 best_alt=23.0000 gap=3.0000 tried=5 sep_labels=23 clique_frac=0.01
t=52531ms iter=153 REBUILD reject new_tc=33.4634 (was 30.4307)
t=52646ms iter=153 incumb=30.4307 ratchet=30.4854 best=30.4258 since_improve=22
t=52661ms iter=154 WAIST cost=26.0000 best_alt=23.0000 gap=3.0000 tried=5 sep_labels=23 clique_frac=0.01
t=52844ms iter=154 REBUILD reject new_tc=30.9367 (was 30.4307)
t=52959ms iter=154 incumb=30.4307 ratchet=30.4990 best=30.4258 since_improve=23
t=52973ms iter=155 WAIST cost=26.0000 best_alt=20.0000 gap=6.0000 tried=5 sep_labels=20 clique_frac=0.01
t=53160ms iter=155 REBUILD reject new_tc=31.5396 (was 30.4307)
t=53274ms iter=155 incumb=30.4307 ratchet=30.4958 best=30.4258 since_improve=24
t=53291ms iter=156 WAIST cost=26.0000 best_alt=21.5850 gap=4.4150 tried=5 sep_labels=21 clique_frac=0.02
t=53474ms iter=156 REBUILD reject new_tc=31.0802 (was 30.4307)
t=53590ms iter=156 incumb=30.4307 ratchet=30.5375 best=30.4258 since_improve=25
t=53605ms iter=157 WAIST cost=26.0000 best_alt=23.0000 gap=3.0000 tried=5 sep_labels=23 clique_frac=0.01
t=53789ms iter=157 REBUILD reject new_tc=36.3507 (was 30.4307)
t=53905ms iter=157 incumb=30.4307 ratchet=30.5454 best=30.4258 since_improve=26
t=53923ms iter=158 WAIST cost=26.0000 best_alt=23.0000 gap=3.0000 tried=5 sep_labels=23 clique_frac=0.01
t=54100ms iter=158 REBUILD reject new_tc=36.4511 (was 30.4307)
t=54218ms iter=158 incumb=30.4307 ratchet=30.5371 best=30.4258 since_improve=27
t=54233ms iter=159 WAIST cost=26.0000 best_alt=23.0000 gap=3.0000 tried=5 sep_labels=23 clique_frac=0.01
t=54414ms iter=159 REBUILD reject new_tc=34.5835 (was 30.4307)
t=54527ms iter=159 incumb=30.4307 ratchet=30.4750 best=30.4258 since_improve=28
t=54544ms iter=160 WAIST cost=26.0000 best_alt=22.0000 gap=4.0000 tried=5 sep_labels=22 clique_frac=0.00
t=54694ms iter=160 REBUILD reject new_tc=48.6289 (was 30.4307)
t=54811ms iter=160 incumb=30.4307 ratchet=30.4937 best=30.4258 since_improve=29
t=54826ms iter=161 WAIST cost=26.0000 best_alt=23.0000 gap=3.0000 tried=5 sep_labels=23 clique_frac=0.01
t=55008ms iter=161 REBUILD reject new_tc=31.1891 (was 30.4307)
t=55123ms iter=161 incumb=30.4307 ratchet=30.5335 best=30.4258 since_improve=30
t=55136ms iter=162 WAIST cost=26.0000 best_alt=23.0000 gap=3.0000 tried=5 sep_labels=23 clique_frac=0.01
t=55315ms iter=162 REBUILD reject new_tc=31.2978 (was 30.4307)
t=55432ms iter=162 incumb=30.4307 ratchet=30.4838 best=30.4258 since_improve=31
t=55448ms iter=163 WAIST cost=26.0000 best_alt=21.5850 gap=4.4150 tried=5 sep_labels=21 clique_frac=0.02
t=55628ms iter=163 REBUILD reject new_tc=31.0812 (was 30.4307)
t=55747ms iter=163 incumb=30.4307 ratchet=30.4496 best=30.4258 since_improve=32
t=55763ms iter=164 WAIST cost=26.0000 best_alt=23.0000 gap=3.0000 tried=5 sep_labels=23 clique_frac=0.01
t=55942ms iter=164 REBUILD reject new_tc=36.0444 (was 30.4307)
t=56060ms iter=164 incumb=30.4307 ratchet=30.5253 best=30.4258 since_improve=33
t=56077ms iter=165 WAIST cost=26.0000 best_alt=23.0000 gap=3.0000 tried=5 sep_labels=23 clique_frac=0.01
t=56258ms iter=165 REBUILD reject new_tc=41.6666 (was 30.4307)
t=56376ms iter=165 incumb=30.4307 ratchet=30.4837 best=30.4258 since_improve=34
t=56391ms iter=166 WAIST cost=26.0000 best_alt=22.0000 gap=4.0000 tried=5 sep_labels=22 clique_frac=0.00
t=56573ms iter=166 REBUILD reject new_tc=31.2419 (was 30.4307)
t=56686ms iter=166 incumb=30.4307 ratchet=30.5263 best=30.4258 since_improve=35
t=56704ms iter=167 WAIST cost=26.0000 best_alt=23.0000 gap=3.0000 tried=5 sep_labels=23 clique_frac=0.01
t=56885ms iter=167 REBUILD reject new_tc=36.0733 (was 30.4307)
t=57002ms iter=167 incumb=30.4307 ratchet=30.5290 best=30.4258 since_improve=36
t=57014ms iter=168 WAIST cost=26.0000 best_alt=20.5850 gap=5.4150 tried=5 sep_labels=20 clique_frac=0.00
t=57195ms iter=168 REBUILD reject new_tc=37.9304 (was 30.4307)
t=57308ms iter=168 incumb=30.4307 ratchet=30.4610 best=30.4258 since_improve=37
t=57321ms iter=169 WAIST cost=26.0000 best_alt=20.5850 gap=5.4150 tried=5 sep_labels=20 clique_frac=0.01
t=57506ms iter=169 REBUILD reject new_tc=31.0803 (was 30.4307)
t=57625ms iter=169 incumb=30.4307 ratchet=30.5372 best=30.4258 since_improve=38
t=57642ms iter=170 WAIST cost=26.0000 best_alt=23.0000 gap=3.0000 tried=5 sep_labels=23 clique_frac=0.01
t=57819ms iter=170 REBUILD reject new_tc=40.6747 (was 30.4307)
t=57935ms iter=170 incumb=30.4307 ratchet=30.5278 best=30.4258 since_improve=39
t=57951ms iter=171 WAIST cost=26.0000 best_alt=20.5850 gap=5.4150 tried=5 sep_labels=20 clique_frac=0.02
t=58138ms iter=171 REBUILD reject new_tc=31.0013 (was 30.4307)
t=58253ms iter=171 incumb=30.4307 ratchet=30.4820 best=30.4258 since_improve=40
t=58267ms iter=172 WAIST cost=26.0000 best_alt=22.0000 gap=4.0000 tried=5 sep_labels=22 clique_frac=0.01
t=58449ms iter=172 REBUILD reject new_tc=49.0077 (was 30.4307)
t=58568ms iter=172 incumb=30.4307 ratchet=30.4735 best=30.4258 since_improve=41
t=58582ms iter=173 WAIST cost=26.0000 best_alt=23.0000 gap=3.0000 tried=5 sep_labels=23 clique_frac=0.01
t=58766ms iter=173 REBUILD reject new_tc=34.9848 (was 30.4307)
t=58884ms iter=173 incumb=30.4307 ratchet=30.6284 best=30.4258 since_improve=42
t=58898ms iter=174 WAIST cost=26.0000 best_alt=23.0000 gap=3.0000 tried=5 sep_labels=23 clique_frac=0.01
t=59076ms iter=174 REBUILD reject new_tc=42.7307 (was 30.4307)
t=59192ms iter=174 incumb=30.4307 ratchet=30.5085 best=30.4258 since_improve=43
t=59206ms iter=175 WAIST cost=26.0000 best_alt=23.0000 gap=3.0000 tried=5 sep_labels=23 clique_frac=0.01
t=59388ms iter=175 REBUILD reject new_tc=31.6378 (was 30.4307)
t=59502ms iter=175 incumb=30.4307 ratchet=30.6558 best=30.4258 since_improve=44
t=59518ms iter=176 WAIST cost=26.0000 best_alt=23.0000 gap=3.0000 tried=5 sep_labels=23 clique_frac=0.01
t=59699ms iter=176 REBUILD reject new_tc=36.2053 (was 30.4307)
t=59814ms iter=176 incumb=30.4307 ratchet=30.4758 best=30.4258 since_improve=45
t=59828ms iter=177 WAIST cost=26.0000 best_alt=23.0000 gap=3.0000 tried=5 sep_labels=23 clique_frac=0.01
t=60012ms iter=177 REBUILD reject new_tc=31.6473 (was 30.4307)
t=60128ms iter=177 incumb=30.4307 ratchet=30.5422 best=30.4258 since_improve=46
t=60145ms iter=178 WAIST cost=26.0000 best_alt=23.0000 gap=3.0000 tried=5 sep_labels=23 clique_frac=0.01
t=60324ms iter=178 REBUILD reject new_tc=37.5010 (was 30.4307)
t=60442ms iter=178 incumb=30.4307 ratchet=30.4684 best=30.4258 since_improve=47
t=60463ms iter=179 WAIST cost=26.0000 best_alt=23.0000 gap=3.0000 tried=5 sep_labels=23 clique_frac=0.01
t=60652ms iter=179 REBUILD reject new_tc=40.5325 (was 30.4307)
t=60768ms iter=179 incumb=30.4307 ratchet=30.4846 best=30.4258 since_improve=48
t=60787ms iter=180 WAIST cost=26.0000 best_alt=23.0000 gap=3.0000 tried=5 sep_labels=23 clique_frac=0.01
t=60967ms iter=180 REBUILD reject new_tc=34.5739 (was 30.4307)
t=61082ms iter=180 incumb=30.4307 ratchet=30.4874 best=30.4258 since_improve=49
t=61098ms iter=181 WAIST cost=26.0000 best_alt=23.0000 gap=3.0000 tried=5 sep_labels=23 clique_frac=0.01
t=61282ms iter=181 REBUILD reject new_tc=32.5209 (was 30.4307)
t=61397ms iter=181 incumb=30.4307 ratchet=30.4345 best=30.4258 since_improve=50
t=61415ms iter=182 WAIST cost=26.0000 best_alt=23.0000 gap=3.0000 tried=5 sep_labels=23 clique_frac=0.01
t=61598ms iter=182 REBUILD reject new_tc=35.3237 (was 30.4307)
t=61715ms iter=182 incumb=30.4307 ratchet=30.4716 best=30.4258 since_improve=51
t=61732ms iter=183 WAIST cost=26.0000 best_alt=22.0000 gap=4.0000 tried=5 sep_labels=22 clique_frac=0.01
t=61913ms iter=183 REBUILD reject new_tc=32.6481 (was 30.4307)
t=62028ms iter=183 incumb=30.4307 ratchet=30.5308 best=30.4258 since_improve=52
t=62046ms iter=184 WAIST cost=26.0000 best_alt=23.0000 gap=3.0000 tried=5 sep_labels=23 clique_frac=0.01
t=62226ms iter=184 REBUILD reject new_tc=40.4182 (was 30.4307)
t=62343ms iter=184 incumb=30.4307 ratchet=30.5538 best=30.4258 since_improve=53
t=62358ms iter=185 WAIST cost=26.0000 best_alt=20.5850 gap=5.4150 tried=5 sep_labels=20 clique_frac=0.02
t=62538ms iter=185 REBUILD reject new_tc=41.6316 (was 30.4307)
t=62654ms iter=185 incumb=30.4307 ratchet=30.5955 best=30.4258 since_improve=54
t=62666ms iter=186 WAIST cost=26.0000 best_alt=20.5850 gap=5.4150 tried=5 sep_labels=20 clique_frac=0.00
t=62851ms iter=186 REBUILD reject new_tc=31.9601 (was 30.4307)
t=62970ms iter=186 incumb=30.4307 ratchet=30.4670 best=30.4258 since_improve=55
t=62986ms iter=187 WAIST cost=26.0000 best_alt=23.0000 gap=3.0000 tried=5 sep_labels=23 clique_frac=0.01
t=63166ms iter=187 REBUILD reject new_tc=37.6864 (was 30.4307)
t=63280ms iter=187 incumb=30.4307 ratchet=30.6330 best=30.4258 since_improve=56
t=63295ms iter=188 WAIST cost=26.0000 best_alt=20.0000 gap=6.0000 tried=5 sep_labels=20 clique_frac=0.01
t=63475ms iter=188 REBUILD reject new_tc=34.1068 (was 30.4307)
t=63592ms iter=188 incumb=30.4307 ratchet=30.4442 best=30.4258 since_improve=57
t=63607ms iter=189 WAIST cost=26.0000 best_alt=23.0000 gap=3.0000 tried=5 sep_labels=23 clique_frac=0.01
t=63792ms iter=189 REBUILD reject new_tc=30.6699 (was 30.4307)
t=63909ms iter=189 incumb=30.4307 ratchet=30.8645 best=30.4258 since_improve=58
t=63930ms iter=190 WAIST cost=26.0000 best_alt=23.0000 gap=3.0000 tried=5 sep_labels=23 clique_frac=0.01
t=64114ms iter=190 REBUILD reject new_tc=34.1595 (was 30.4307)
t=64228ms iter=190 incumb=30.4307 ratchet=30.7599 best=30.4258 since_improve=59
t=64241ms iter=191 WAIST cost=26.0000 best_alt=22.0000 gap=4.0000 tried=5 sep_labels=22 clique_frac=0.01
t=64424ms iter=191 REBUILD reject new_tc=41.6492 (was 30.4307)
t=64541ms iter=191 incumb=30.4307 ratchet=30.4865 best=30.4258 since_improve=60
t=64555ms iter=192 WAIST cost=26.0000 best_alt=20.0000 gap=6.0000 tried=5 sep_labels=20 clique_frac=0.01
t=64736ms iter=192 REBUILD reject new_tc=38.2195 (was 30.4307)
t=64857ms iter=192 incumb=30.4307 ratchet=30.5326 best=30.4258 since_improve=61
t=64872ms iter=193 WAIST cost=26.0000 best_alt=23.0000 gap=3.0000 tried=5 sep_labels=23 clique_frac=0.01
t=65051ms iter=193 REBUILD reject new_tc=35.1896 (was 30.4307)
t=65167ms iter=193 incumb=30.4307 ratchet=30.5006 best=30.4258 since_improve=62
t=65181ms iter=194 WAIST cost=26.0000 best_alt=23.0000 gap=3.0000 tried=5 sep_labels=23 clique_frac=0.01
t=65361ms iter=194 REBUILD reject new_tc=38.5603 (was 30.4307)
t=65477ms iter=194 incumb=30.4307 ratchet=30.5286 best=30.4258 since_improve=63
t=65494ms iter=195 WAIST cost=26.0000 best_alt=23.0000 gap=3.0000 tried=5 sep_labels=23 clique_frac=0.01
t=65677ms iter=195 REBUILD reject new_tc=36.7158 (was 30.4307)
t=65794ms iter=195 incumb=30.4307 ratchet=30.5056 best=30.4258 since_improve=64
t=65807ms iter=196 WAIST cost=26.0000 best_alt=20.5850 gap=5.4150 tried=5 sep_labels=20 clique_frac=0.02
t=65987ms iter=196 REBUILD reject new_tc=35.6645 (was 30.4307)
t=66101ms iter=196 incumb=30.4307 ratchet=30.4512 best=30.4258 since_improve=65
t=66113ms iter=197 WAIST cost=26.0000 best_alt=23.0000 gap=3.0000 tried=5 sep_labels=23 clique_frac=0.01
t=66295ms iter=197 REBUILD reject new_tc=33.8890 (was 30.4307)
t=66408ms iter=197 incumb=30.4307 ratchet=30.4510 best=30.4258 since_improve=66
t=66424ms iter=198 WAIST cost=26.0000 best_alt=23.0000 gap=3.0000 tried=5 sep_labels=23 clique_frac=0.01
t=66606ms iter=198 REBUILD reject new_tc=30.7136 (was 30.4307)
t=66723ms iter=198 incumb=30.4307 ratchet=30.4817 best=30.4258 since_improve=67
t=66737ms iter=199 WAIST cost=26.0000 best_alt=20.5850 gap=5.4150 tried=5 sep_labels=20 clique_frac=0.01
t=66922ms iter=199 REBUILD reject new_tc=30.7462 (was 30.4307)
t=67037ms iter=199 incumb=30.4307 ratchet=30.4853 best=30.4258 since_improve=68
t=67052ms iter=200 WAIST cost=26.0000 best_alt=20.0000 gap=6.0000 tried=5 sep_labels=20 clique_frac=0.01
t=67236ms iter=200 REBUILD reject new_tc=31.1222 (was 30.4307)
t=67352ms iter=200 incumb=30.4307 ratchet=30.5148 best=30.4258 since_improve=69
t=67366ms iter=201 WAIST cost=26.0000 best_alt=19.0000 gap=7.0000 tried=5 sep_labels=19 clique_frac=0.01
t=67548ms iter=201 REBUILD reject new_tc=31.2915 (was 30.4307)
t=67663ms iter=201 incumb=30.4307 ratchet=30.4682 best=30.4258 since_improve=70
t=67678ms iter=202 WAIST cost=26.0000 best_alt=23.0000 gap=3.0000 tried=5 sep_labels=23 clique_frac=0.01
t=67856ms iter=202 REBUILD reject new_tc=31.0652 (was 30.4307)
t=67974ms iter=202 incumb=30.4307 ratchet=30.5253 best=30.4258 since_improve=71
t=67988ms iter=203 WAIST cost=26.0000 best_alt=23.0000 gap=3.0000 tried=5 sep_labels=23 clique_frac=0.01
t=68167ms iter=203 REBUILD reject new_tc=40.4749 (was 30.4307)
t=68285ms iter=203 incumb=30.4307 ratchet=30.6026 best=30.4258 since_improve=72
t=68301ms iter=204 WAIST cost=26.0000 best_alt=22.0000 gap=4.0000 tried=5 sep_labels=22 clique_frac=0.01
t=68483ms iter=204 REBUILD reject new_tc=31.0634 (was 30.4307)
t=68597ms iter=204 incumb=30.4307 ratchet=30.4951 best=30.4258 since_improve=73
t=68610ms iter=205 WAIST cost=26.0000 best_alt=20.5850 gap=5.4150 tried=5 sep_labels=20 clique_frac=0.01
t=68810ms iter=205 REBUILD reject new_tc=33.3242 (was 30.4307)
t=68955ms iter=205 incumb=30.4307 ratchet=30.5820 best=30.4258 since_improve=74
t=68974ms iter=206 WAIST cost=26.0000 best_alt=23.0000 gap=3.0000 tried=5 sep_labels=23 clique_frac=0.01
t=69154ms iter=206 REBUILD reject new_tc=30.8487 (was 30.4307)
t=69266ms iter=206 incumb=30.4307 ratchet=30.5479 best=30.4258 since_improve=75
t=69280ms iter=207 WAIST cost=26.0000 best_alt=23.0000 gap=3.0000 tried=5 sep_labels=23 clique_frac=0.01
t=69458ms iter=207 REBUILD reject new_tc=36.3057 (was 30.4307)
t=69576ms iter=207 incumb=30.4307 ratchet=30.4655 best=30.4258 since_improve=76
t=69593ms iter=208 WAIST cost=26.0000 best_alt=23.0000 gap=3.0000 tried=5 sep_labels=23 clique_frac=0.01
t=69773ms iter=208 REBUILD reject new_tc=34.5939 (was 30.4307)
t=69893ms iter=208 incumb=30.4307 ratchet=30.4759 best=30.4258 since_improve=77
t=69910ms iter=209 WAIST cost=26.0000 best_alt=22.5850 gap=3.4150 tried=5 sep_labels=22 clique_frac=0.03
t=70092ms iter=209 REBUILD reject new_tc=46.1726 (was 30.4307)
t=70209ms iter=209 incumb=30.4307 ratchet=30.5236 best=30.4258 since_improve=78
t=70228ms iter=210 WAIST cost=26.0000 best_alt=23.0000 gap=3.0000 tried=5 sep_labels=23 clique_frac=0.01
t=70405ms iter=210 REBUILD reject new_tc=42.9158 (was 30.4307)
t=70523ms iter=210 incumb=30.4307 ratchet=30.5136 best=30.4258 since_improve=79
t=70541ms iter=211 WAIST cost=26.0000 best_alt=23.0000 gap=3.0000 tried=5 sep_labels=23 clique_frac=0.01
t=70724ms iter=211 REBUILD reject new_tc=30.7703 (was 30.4307)
t=70839ms iter=211 incumb=30.4307 ratchet=30.4425 best=30.4258 since_improve=80
t=70857ms iter=212 WAIST cost=26.0000 best_alt=20.0000 gap=6.0000 tried=5 sep_labels=20 clique_frac=0.01
t=71038ms iter=212 REBUILD reject new_tc=35.4382 (was 30.4307)
t=71149ms iter=212 incumb=30.4307 ratchet=30.5542 best=30.4258 since_improve=81
t=71164ms iter=213 WAIST cost=26.0000 best_alt=21.5850 gap=4.4150 tried=5 sep_labels=21 clique_frac=0.01
t=71343ms iter=213 REBUILD reject new_tc=36.0470 (was 30.4307)
t=71462ms iter=213 incumb=30.4307 ratchet=30.5010 best=30.4258 since_improve=82
t=71476ms iter=214 WAIST cost=26.0000 best_alt=23.0000 gap=3.0000 tried=5 sep_labels=23 clique_frac=0.01
t=71658ms iter=214 REBUILD reject new_tc=31.4834 (was 30.4307)
t=71775ms iter=214 incumb=30.4307 ratchet=30.4918 best=30.4258 since_improve=83
t=71789ms iter=215 WAIST cost=26.0000 best_alt=20.5850 gap=5.4150 tried=5 sep_labels=20 clique_frac=0.01
t=71970ms iter=215 REBUILD reject new_tc=32.5722 (was 30.4307)
t=72089ms iter=215 incumb=30.4307 ratchet=30.4503 best=30.4258 since_improve=84
t=72103ms iter=216 WAIST cost=26.0000 best_alt=23.0000 gap=3.0000 tried=5 sep_labels=23 clique_frac=0.01
t=72285ms iter=216 REBUILD reject new_tc=30.7712 (was 30.4307)
t=72402ms iter=216 incumb=30.4307 ratchet=30.4838 best=30.4258 since_improve=85
t=72418ms iter=217 WAIST cost=26.0000 best_alt=23.0000 gap=3.0000 tried=5 sep_labels=23 clique_frac=0.01
t=72600ms iter=217 REBUILD reject new_tc=36.9124 (was 30.4307)
t=72715ms iter=217 incumb=30.4307 ratchet=30.4639 best=30.4258 since_improve=86
t=72731ms iter=218 WAIST cost=26.0000 best_alt=23.0000 gap=3.0000 tried=5 sep_labels=23 clique_frac=0.01
t=72910ms iter=218 REBUILD reject new_tc=36.2022 (was 30.4307)
t=73027ms iter=218 incumb=30.4307 ratchet=30.4555 best=30.4258 since_improve=87
t=73038ms iter=219 WAIST cost=26.0000 best_alt=23.0000 gap=3.0000 tried=5 sep_labels=23 clique_frac=0.01
t=73222ms iter=219 REBUILD reject new_tc=33.3482 (was 30.4307)
t=73338ms iter=219 incumb=30.4307 ratchet=30.5834 best=30.4258 since_improve=88
t=73354ms iter=220 WAIST cost=26.0000 best_alt=20.5850 gap=5.4150 tried=5 sep_labels=20 clique_frac=0.01
t=73536ms iter=220 REBUILD reject new_tc=33.1203 (was 30.4307)
t=73652ms iter=220 incumb=30.4307 ratchet=30.4887 best=30.4258 since_improve=89
t=73669ms iter=221 WAIST cost=26.0000 best_alt=20.0000 gap=6.0000 tried=5 sep_labels=20 clique_frac=0.01
t=73851ms iter=221 REBUILD reject new_tc=32.7903 (was 30.4307)
t=73969ms iter=221 incumb=30.4307 ratchet=30.4746 best=30.4258 since_improve=90
t=73988ms iter=222 WAIST cost=26.0000 best_alt=23.0000 gap=3.0000 tried=5 sep_labels=23 clique_frac=0.01
t=74168ms iter=222 REBUILD reject new_tc=39.3536 (was 30.4307)
t=74286ms iter=222 incumb=30.4307 ratchet=30.6029 best=30.4258 since_improve=91
t=74299ms iter=223 WAIST cost=26.0000 best_alt=23.0000 gap=3.0000 tried=5 sep_labels=23 clique_frac=0.01
t=74479ms iter=223 REBUILD reject new_tc=36.4315 (was 30.4307)
t=74594ms iter=223 incumb=30.4307 ratchet=30.4932 best=30.4258 since_improve=92
t=74609ms iter=224 WAIST cost=26.0000 best_alt=23.0000 gap=3.0000 tried=5 sep_labels=23 clique_frac=0.01
t=74792ms iter=224 REBUILD reject new_tc=43.7989 (was 30.4307)
t=74910ms iter=224 incumb=30.4307 ratchet=30.5290 best=30.4258 since_improve=93
t=74927ms iter=225 WAIST cost=26.0000 best_alt=23.0000 gap=3.0000 tried=5 sep_labels=23 clique_frac=0.01
t=75111ms iter=225 REBUILD reject new_tc=35.6833 (was 30.4307)
t=75228ms iter=225 incumb=30.4307 ratchet=30.4646 best=30.4258 since_improve=94
t=75243ms iter=226 WAIST cost=26.0000 best_alt=20.5850 gap=5.4150 tried=5 sep_labels=20 clique_frac=0.02
t=75424ms iter=226 REBUILD reject new_tc=45.1495 (was 30.4307)
t=75538ms iter=226 incumb=30.4307 ratchet=30.5122 best=30.4258 since_improve=95
t=75551ms iter=227 WAIST cost=26.0000 best_alt=23.0000 gap=3.0000 tried=5 sep_labels=23 clique_frac=0.01
t=75739ms iter=227 REBUILD reject new_tc=31.0749 (was 30.4307)
t=75855ms iter=227 incumb=30.4307 ratchet=30.5445 best=30.4258 since_improve=96
t=75869ms iter=228 WAIST cost=26.0000 best_alt=21.5850 gap=4.4150 tried=5 sep_labels=21 clique_frac=0.02
t=76057ms iter=228 REBUILD reject new_tc=33.5102 (was 30.4307)
t=76173ms iter=228 incumb=30.4307 ratchet=30.5075 best=30.4258 since_improve=97
t=76189ms iter=229 WAIST cost=26.0000 best_alt=23.0000 gap=3.0000 tried=5 sep_labels=23 clique_frac=0.01
t=76374ms iter=229 REBUILD reject new_tc=30.7603 (was 30.4307)
t=76489ms iter=229 incumb=30.4307 ratchet=30.4854 best=30.4258 since_improve=98
t=76506ms iter=230 WAIST cost=26.0000 best_alt=21.5850 gap=4.4150 tried=5 sep_labels=21 clique_frac=0.04
t=76688ms iter=230 REBUILD reject new_tc=30.8533 (was 30.4307)
t=76802ms iter=230 incumb=30.4307 ratchet=30.5021 best=30.4258 since_improve=99
t=76817ms iter=231 WAIST cost=26.0000 best_alt=22.0000 gap=4.0000 tried=5 sep_labels=22 clique_frac=0.00
t=77003ms iter=231 REBUILD reject new_tc=32.3755 (was 30.4307)
t=77121ms iter=231 incumb=30.4307 ratchet=30.5061 best=30.4258 since_improve=100
t=77139ms iter=232 WAIST cost=26.0000 best_alt=23.0000 gap=3.0000 tried=5 sep_labels=23 clique_frac=0.01
t=77324ms iter=232 REBUILD reject new_tc=34.5776 (was 30.4307)
t=77444ms iter=232 incumb=30.4307 ratchet=30.6593 best=30.4258 since_improve=101
t=77459ms iter=233 WAIST cost=26.0000 best_alt=23.0000 gap=3.0000 tried=5 sep_labels=23 clique_frac=0.01
t=77643ms iter=233 REBUILD reject new_tc=39.5957 (was 30.4307)
t=77762ms iter=233 incumb=30.4307 ratchet=30.4660 best=30.4258 since_improve=102
t=77779ms iter=234 WAIST cost=26.0000 best_alt=23.0000 gap=3.0000 tried=5 sep_labels=23 clique_frac=0.01
t=77964ms iter=234 REBUILD reject new_tc=30.9805 (was 30.4307)
t=78081ms iter=234 incumb=30.4307 ratchet=30.4944 best=30.4258 since_improve=103
t=78099ms iter=235 WAIST cost=26.0000 best_alt=23.0000 gap=3.0000 tried=5 sep_labels=23 clique_frac=0.01
t=78279ms iter=235 REBUILD reject new_tc=30.8017 (was 30.4307)
t=78394ms iter=235 incumb=30.4307 ratchet=30.4903 best=30.4258 since_improve=104
t=78410ms iter=236 WAIST cost=26.0000 best_alt=20.5850 gap=5.4150 tried=5 sep_labels=20 clique_frac=0.02
t=78597ms iter=236 REBUILD reject new_tc=31.1517 (was 30.4307)
t=78710ms iter=236 incumb=30.4307 ratchet=30.5716 best=30.4258 since_improve=105
t=78725ms iter=237 WAIST cost=26.0000 best_alt=23.0000 gap=3.0000 tried=5 sep_labels=23 clique_frac=0.01
t=78910ms iter=237 REBUILD reject new_tc=35.6799 (was 30.4307)
t=79023ms iter=237 incumb=30.4307 ratchet=30.4699 best=30.4258 since_improve=106
t=79038ms iter=238 WAIST cost=26.0000 best_alt=20.0000 gap=6.0000 tried=5 sep_labels=20 clique_frac=0.01
t=79226ms iter=238 REBUILD reject new_tc=31.1855 (was 30.4307)
t=79343ms iter=238 incumb=30.4307 ratchet=30.5184 best=30.4258 since_improve=107
t=79364ms iter=239 WAIST cost=26.0000 best_alt=23.0000 gap=3.0000 tried=5 sep_labels=23 clique_frac=0.01
t=79545ms iter=239 REBUILD reject new_tc=34.9292 (was 30.4307)
t=79661ms iter=239 incumb=30.4307 ratchet=30.6341 best=30.4258 since_improve=108
t=79676ms iter=240 WAIST cost=26.0000 best_alt=20.5850 gap=5.4150 tried=5 sep_labels=20 clique_frac=0.02
t=79857ms iter=240 REBUILD reject new_tc=32.8304 (was 30.4307)
t=79974ms iter=240 incumb=30.4307 ratchet=30.4635 best=30.4258 since_improve=109
t=79989ms iter=241 WAIST cost=26.0000 best_alt=21.5850 gap=4.4150 tried=5 sep_labels=21 clique_frac=0.01
t=80174ms iter=241 REBUILD reject new_tc=35.6791 (was 30.4307)
t=80290ms iter=241 incumb=30.4307 ratchet=30.5123 best=30.4258 since_improve=110
t=80307ms iter=242 WAIST cost=26.0000 best_alt=23.0000 gap=3.0000 tried=5 sep_labels=23 clique_frac=0.01
t=80491ms iter=242 REBUILD reject new_tc=30.7958 (was 30.4307)
t=80609ms iter=242 incumb=30.4307 ratchet=30.4552 best=30.4258 since_improve=111
t=80624ms iter=243 WAIST cost=26.0000 best_alt=19.0000 gap=7.0000 tried=5 sep_labels=19 clique_frac=0.01
t=80808ms iter=243 REBUILD reject new_tc=37.9241 (was 30.4307)
t=80933ms iter=243 incumb=30.4307 ratchet=30.4835 best=30.4258 since_improve=112
t=80947ms iter=244 WAIST cost=26.0000 best_alt=23.0000 gap=3.0000 tried=5 sep_labels=23 clique_frac=0.01
t=81132ms iter=244 REBUILD reject new_tc=38.1220 (was 30.4307)
t=81246ms iter=244 incumb=30.4307 ratchet=30.5401 best=30.4258 since_improve=113
t=81261ms iter=245 WAIST cost=26.0000 best_alt=23.0000 gap=3.0000 tried=5 sep_labels=23 clique_frac=0.01
t=81443ms iter=245 REBUILD reject new_tc=45.9987 (was 30.4307)
t=81560ms iter=245 incumb=30.4307 ratchet=30.7048 best=30.4258 since_improve=114
t=81576ms iter=246 WAIST cost=26.0000 best_alt=23.0000 gap=3.0000 tried=5 sep_labels=23 clique_frac=0.01
t=81763ms iter=246 REBUILD reject new_tc=39.8536 (was 30.4307)
t=81881ms iter=246 incumb=30.4307 ratchet=31.1690 best=30.4258 since_improve=115
t=81897ms iter=247 WAIST cost=26.0000 best_alt=21.5850 gap=4.4150 tried=5 sep_labels=21 clique_frac=0.02
t=82084ms iter=247 REBUILD reject new_tc=34.0892 (was 30.4307)
t=82201ms iter=247 incumb=30.4307 ratchet=30.4441 best=30.4258 since_improve=116
t=82218ms iter=248 WAIST cost=26.0000 best_alt=23.0000 gap=3.0000 tried=5 sep_labels=23 clique_frac=0.01
t=82400ms iter=248 REBUILD reject new_tc=38.3713 (was 30.4307)
t=82519ms iter=248 incumb=30.4307 ratchet=30.5224 best=30.4258 since_improve=117
t=82536ms iter=249 WAIST cost=26.0000 best_alt=23.0000 gap=3.0000 tried=5 sep_labels=23 clique_frac=0.01
t=82719ms iter=249 REBUILD reject new_tc=37.5012 (was 30.4307)
t=82836ms iter=249 incumb=30.4307 ratchet=30.4804 best=30.4258 since_improve=118
t=82853ms iter=250 WAIST cost=26.0000 best_alt=20.5850 gap=5.4150 tried=5 sep_labels=20 clique_frac=0.02
t=83039ms iter=250 REBUILD reject new_tc=37.8033 (was 30.4307)
t=83156ms iter=250 incumb=30.4307 ratchet=30.5228 best=30.4258 since_improve=119
t=83170ms iter=251 WAIST cost=26.0000 best_alt=23.0000 gap=3.0000 tried=5 sep_labels=23 clique_frac=0.01
t=83349ms iter=251 REBUILD reject new_tc=35.7858 (was 30.4307)
t=83467ms iter=251 incumb=30.4307 ratchet=30.4386 best=30.4258 since_improve=120
t=83481ms iter=252 WAIST cost=26.0000 best_alt=23.0000 gap=3.0000 tried=5 sep_labels=23 clique_frac=0.01
t=83658ms iter=252 REBUILD reject new_tc=40.3973 (was 30.4307)
t=83777ms iter=252 incumb=30.4307 ratchet=30.7244 best=30.4258 since_improve=121
t=83791ms iter=253 WAIST cost=26.0000 best_alt=23.0000 gap=3.0000 tried=5 sep_labels=23 clique_frac=0.01
t=83972ms iter=253 REBUILD reject new_tc=39.8210 (was 30.4307)
t=84089ms iter=253 incumb=30.4307 ratchet=30.4510 best=30.4258 since_improve=122
t=84104ms iter=254 WAIST cost=26.0000 best_alt=21.5850 gap=4.4150 tried=5 sep_labels=21 clique_frac=0.02
t=84285ms iter=254 REBUILD reject new_tc=31.6411 (was 30.4307)
t=84403ms iter=254 incumb=30.4307 ratchet=30.4807 best=30.4258 since_improve=123
t=84421ms iter=255 WAIST cost=26.0000 best_alt=23.0000 gap=3.0000 tried=5 sep_labels=23 clique_frac=0.01
t=84605ms iter=255 REBUILD reject new_tc=40.5106 (was 30.4307)
t=84717ms iter=255 incumb=30.4307 ratchet=30.4933 best=30.4258 since_improve=124
t=84730ms iter=256 WAIST cost=26.0000 best_alt=22.5850 gap=3.4150 tried=5 sep_labels=22 clique_frac=0.03
t=84916ms iter=256 REBUILD reject new_tc=31.2166 (was 30.4307)
t=85029ms iter=256 incumb=30.4307 ratchet=30.5048 best=30.4258 since_improve=125
t=85046ms iter=257 WAIST cost=26.0000 best_alt=22.0000 gap=4.0000 tried=5 sep_labels=22 clique_frac=0.00
t=85229ms iter=257 REBUILD reject new_tc=31.1903 (was 30.4307)
t=85346ms iter=257 incumb=30.4307 ratchet=30.5650 best=30.4258 since_improve=126
t=85362ms iter=258 WAIST cost=26.0000 best_alt=23.0000 gap=3.0000 tried=5 sep_labels=23 clique_frac=0.01
t=85542ms iter=258 REBUILD reject new_tc=37.0276 (was 30.4307)
t=85660ms iter=258 incumb=30.4307 ratchet=30.4428 best=30.4258 since_improve=127
t=85676ms iter=259 WAIST cost=26.0000 best_alt=20.0000 gap=6.0000 tried=5 sep_labels=20 clique_frac=0.01
t=85858ms iter=259 REBUILD reject new_tc=34.2800 (was 30.4307)
t=85974ms iter=259 incumb=30.4307 ratchet=30.4424 best=30.4258 since_improve=128
t=85990ms iter=260 WAIST cost=26.0000 best_alt=23.0000 gap=3.0000 tried=5 sep_labels=23 clique_frac=0.01
t=86174ms iter=260 REBUILD reject new_tc=39.7547 (was 30.4307)
t=86289ms iter=260 incumb=30.4307 ratchet=30.5128 best=30.4258 since_improve=129
t=86304ms iter=261 WAIST cost=26.0000 best_alt=23.0000 gap=3.0000 tried=5 sep_labels=23 clique_frac=0.01
t=86488ms iter=261 REBUILD reject new_tc=35.9734 (was 30.4307)
t=86600ms iter=261 incumb=30.4307 ratchet=30.4643 best=30.4258 since_improve=130
t=86615ms iter=262 WAIST cost=26.0000 best_alt=20.5850 gap=5.4150 tried=5 sep_labels=20 clique_frac=0.02
t=86797ms iter=262 REBUILD reject new_tc=33.5474 (was 30.4307)
t=86915ms iter=262 incumb=30.4307 ratchet=30.5127 best=30.4258 since_improve=131
t=86930ms iter=263 WAIST cost=26.0000 best_alt=23.0000 gap=3.0000 tried=5 sep_labels=23 clique_frac=0.01
t=87111ms iter=263 REBUILD reject new_tc=34.4870 (was 30.4307)
t=87228ms iter=263 incumb=30.4307 ratchet=30.5798 best=30.4258 since_improve=132
t=87245ms iter=264 WAIST cost=26.0000 best_alt=23.0000 gap=3.0000 tried=5 sep_labels=23 clique_frac=0.01
t=87428ms iter=264 REBUILD reject new_tc=31.3977 (was 30.4307)
t_final=87543ms tc_reduced=30.4258 tc_full=30.7389 leaves=2304
surgery summary: calls=264 cheaper_cuts=264 rebuild_accepts=1 waist_min_hits=0
