probe: instance=sycamore_53_20_0 n_orig=3369 n=381 fusible=0.8869 nlabels=754 t=16ms
seed_greedy tc=82.3432 t=525ms
t=669ms iter=1 WAIST cost=56.0000 best_alt=49.0000 gap=7.0000 tried=5 sep_labels=49 clique_frac=0.01
t=1017ms iter=1 REBUILD ACCEPT new_tc=61.5826 (was 61.7959)
t=3082ms iter=1 incumb=61.5826 ratchet=61.3782 best=61.3523 since_improve=0
t=3092ms iter=2 WAIST cost=57.0000 best_alt=51.0000 gap=6.0000 tried=5 sep_labels=51 clique_frac=0.01
t=3250ms iter=2 REBUILD reject new_tc=61.4651 (was 61.3782)
t=3426ms iter=2 incumb=61.3782 ratchet=61.3920 best=61.3523 since_improve=1
t=3434ms iter=3 WAIST cost=57.0000 best_alt=49.0000 gap=8.0000 tried=5 sep_labels=49 clique_frac=0.01
t=3605ms iter=3 REBUILD reject new_tc=66.5979 (was 61.3782)
t=4204ms iter=3 incumb=61.3782 ratchet=61.3361 best=61.3361 since_improve=0
t=4214ms iter=4 WAIST cost=57.0000 best_alt=49.0000 gap=8.0000 tried=5 sep_labels=49 clique_frac=0.01
t=4359ms iter=4 REBUILD reject new_tc=74.0009 (was 61.3361)
t=4524ms iter=4 incumb=61.3361 ratchet=61.3633 best=61.3361 since_improve=1
t=4531ms iter=5 WAIST cost=57.0000 best_alt=49.0000 gap=8.0000 tried=5 sep_labels=49 clique_frac=0.01
t=4675ms iter=5 REBUILD reject new_tc=78.0000 (was 61.3361)
t=5542ms iter=5 incumb=61.3361 ratchet=61.3480 best=61.2939 since_improve=2
t=5556ms iter=6 WAIST cost=57.0000 best_alt=49.0000 gap=8.0000 tried=5 sep_labels=49 clique_frac=0.01
t=5718ms iter=6 REBUILD reject new_tc=61.4716 (was 61.3361)
t=6919ms iter=6 incumb=61.3361 ratchet=61.2575 best=61.2575 since_improve=0
t=6931ms iter=7 WAIST cost=57.0000 best_alt=52.0000 gap=5.0000 tried=5 sep_labels=52 clique_frac=0.01
t=7265ms iter=7 REBUILD ACCEPT new_tc=60.9775 (was 61.2575)
t=11845ms iter=7 incumb=60.9775 ratchet=60.7952 best=60.7952 since_improve=0
t=11856ms iter=8 WAIST cost=55.0000 best_alt=43.0000 gap=12.0000 tried=5 sep_labels=43 clique_frac=0.02
t=12021ms iter=8 REBUILD reject new_tc=61.7227 (was 60.7952)
t=14895ms iter=8 incumb=60.7952 ratchet=60.6998 best=60.6998 since_improve=0
t=14908ms iter=9 WAIST cost=56.0000 best_alt=49.0000 gap=7.0000 tried=5 sep_labels=49 clique_frac=0.01
t=15050ms iter=9 REBUILD reject new_tc=77.0000 (was 60.6998)
t=15912ms iter=9 incumb=60.6998 ratchet=60.7002 best=60.6845 since_improve=1
t=15923ms iter=10 WAIST cost=56.0000 best_alt=51.0000 gap=5.0000 tried=5 sep_labels=51 clique_frac=0.01
t=16266ms iter=10 REBUILD ACCEPT new_tc=60.6068 (was 60.6998)
t=16429ms iter=10 incumb=60.6068 ratchet=60.6246 best=60.6068 since_improve=1
t=16437ms iter=11 WAIST cost=56.0000 best_alt=51.0000 gap=5.0000 tried=5 sep_labels=51 clique_frac=0.01
t=16612ms iter=11 REBUILD reject new_tc=60.8259 (was 60.6068)
t=17645ms iter=11 incumb=60.6068 ratchet=60.5949 best=60.5522 since_improve=0
t=17651ms iter=12 WAIST cost=55.0000 best_alt=43.0000 gap=12.0000 tried=5 sep_labels=43 clique_frac=0.01
t=17825ms iter=12 REBUILD reject new_tc=62.0559 (was 60.5949)
t=17987ms iter=12 incumb=60.5949 ratchet=60.6458 best=60.5522 since_improve=1
t=17994ms iter=13 WAIST cost=55.0000 best_alt=48.0000 gap=7.0000 tried=5 sep_labels=48 clique_frac=0.01
t=18151ms iter=13 REBUILD reject new_tc=77.0013 (was 60.5949)
t=18315ms iter=13 incumb=60.5949 ratchet=60.6035 best=60.5522 since_improve=2
t=18322ms iter=14 WAIST cost=55.0000 best_alt=49.0000 gap=6.0000 tried=5 sep_labels=49 clique_frac=0.02
t=18475ms iter=14 REBUILD reject new_tc=62.3560 (was 60.5949)
t=18632ms iter=14 incumb=60.5949 ratchet=60.6401 best=60.5522 since_improve=3
t=18639ms iter=15 WAIST cost=55.0000 best_alt=49.0000 gap=6.0000 tried=5 sep_labels=49 clique_frac=0.02
t=18792ms iter=15 REBUILD reject new_tc=75.0005 (was 60.5949)
t=19560ms iter=15 incumb=60.5949 ratchet=60.3529 best=60.3529 since_improve=0
t_final=19731ms tc_reduced=60.3529 tc_full=61.7529 leaves=3369
surgery summary: calls=15 cheaper_cuts=15 rebuild_accepts=3 waist_min_hits=0
