probe: instance=surfacecode_d21 n_orig=2203 n=761 fusible=0.6546 nlabels=798 t=14ms
seed_greedy tc=60.3691 t=545ms
t=867ms iter=1 WAIST cost=52.0000 best_alt=40.0000 gap=12.0000 tried=5 sep_labels=40 clique_frac=0.05
t=1343ms iter=1 REBUILD ACCEPT new_tc=49.1395 (was 52.1263)
t=2953ms iter=1 incumb=49.1395 ratchet=48.9726 best=48.9610 since_improve=0
t=2985ms iter=2 WAIST cost=45.0000 best_alt=33.0000 gap=12.0000 tried=5 sep_labels=33 clique_frac=0.00
t=3287ms iter=2 REBUILD reject new_tc=50.4474 (was 48.9726)
t=3544ms iter=2 incumb=48.9726 ratchet=48.9935 best=48.9610 since_improve=1
t=3573ms iter=3 WAIST cost=45.0000 best_alt=37.0000 gap=8.0000 tried=5 sep_labels=37 clique_frac=0.03
t=3874ms iter=3 REBUILD reject new_tc=50.4327 (was 48.9726)
t=4131ms iter=3 incumb=48.9726 ratchet=49.1853 best=48.9610 since_improve=2
t=4164ms iter=4 WAIST cost=45.0000 best_alt=37.0000 gap=8.0000 tried=5 sep_labels=37 clique_frac=0.02
t=4461ms iter=4 REBUILD reject new_tc=49.2394 (was 48.9726)
t=4727ms iter=4 incumb=48.9726 ratchet=49.0050 best=48.9610 since_improve=3
t=4757ms iter=5 WAIST cost=45.0000 best_alt=33.0000 gap=12.0000 tried=5 sep_labels=33 clique_frac=0.00
t=5045ms iter=5 REBUILD reject new_tc=51.1901 (was 48.9726)
t=5300ms iter=5 incumb=48.9726 ratchet=48.9926 best=48.9610 since_improve=4
t=5328ms iter=6 WAIST cost=45.0000 best_alt=37.0000 gap=8.0000 tried=5 sep_labels=37 clique_frac=0.03
t=5628ms iter=6 REBUILD reject new_tc=55.0102 (was 48.9726)
t=5879ms iter=6 incumb=48.9726 ratchet=48.9859 best=48.9610 since_improve=5
t=5908ms iter=7 WAIST cost=45.0000 best_alt=35.0000 gap=10.0000 tried=5 sep_labels=35 clique_frac=0.03
t=6215ms iter=7 REBUILD reject new_tc=50.4154 (was 48.9726)
t=6468ms iter=7 incumb=48.9726 ratchet=49.0406 best=48.9610 since_improve=6
t=6501ms iter=8 WAIST cost=45.0000 best_alt=40.0000 gap=5.0000 tried=5 sep_labels=40 clique_frac=0.03
t=6787ms iter=8 REBUILD reject new_tc=59.0116 (was 48.9726)
t=7029ms iter=8 incumb=48.9726 ratchet=49.0514 best=48.9610 since_improve=7
t=7052ms iter=9 WAIST cost=45.0000 best_alt=40.0000 gap=5.0000 tried=5 sep_labels=40 clique_frac=0.03
t=7362ms iter=9 REBUILD reject new_tc=49.2135 (was 48.9726)
t=7613ms iter=9 incumb=48.9726 ratchet=49.0163 best=48.9610 since_improve=8
t=7639ms iter=10 WAIST cost=45.0000 best_alt=37.0000 gap=8.0000 tried=5 sep_labels=37 clique_frac=0.03
t=7940ms iter=10 REBUILD reject new_tc=50.3341 (was 48.9726)
t=8193ms iter=10 incumb=48.9726 ratchet=48.9809 best=48.9610 since_improve=9
t=8213ms iter=11 WAIST cost=45.0000 best_alt=37.0000 gap=8.0000 tried=5 sep_labels=37 clique_frac=0.04
t=8517ms iter=11 REBUILD reject new_tc=50.2517 (was 48.9726)
t=8777ms iter=11 incumb=48.9726 ratchet=49.0076 best=48.9610 since_improve=10
t=8803ms iter=12 WAIST cost=45.0000 best_alt=39.0000 gap=6.0000 tried=5 sep_labels=39 clique_frac=0.01
t=9126ms iter=12 REBUILD reject new_tc=54.0289 (was 48.9726)
t=9384ms iter=12 incumb=48.9726 ratchet=49.1533 best=48.9610 since_improve=11
t=9409ms iter=13 WAIST cost=45.0000 best_alt=39.0000 gap=6.0000 tried=5 sep_labels=39 clique_frac=0.03
t=9714ms iter=13 REBUILD reject new_tc=53.0377 (was 48.9726)
t=9970ms iter=13 incumb=48.9726 ratchet=48.9902 best=48.9610 since_improve=12
t=9997ms iter=14 WAIST cost=45.0000 best_alt=39.0000 gap=6.0000 tried=5 sep_labels=39 clique_frac=0.04
t=10311ms iter=14 REBUILD reject new_tc=49.3442 (was 48.9726)
t=10565ms iter=14 incumb=48.9726 ratchet=49.0106 best=48.9610 since_improve=13
t=10594ms iter=15 WAIST cost=45.0000 best_alt=37.0000 gap=8.0000 tried=5 sep_labels=37 clique_frac=0.03
t=10901ms iter=15 REBUILD reject new_tc=49.0774 (was 48.9726)
t=11842ms iter=15 incumb=48.9726 ratchet=48.9440 best=48.9411 since_improve=0
t=11863ms iter=16 WAIST cost=45.0000 best_alt=33.0000 gap=12.0000 tried=5 sep_labels=33 clique_frac=0.02
t=12171ms iter=16 REBUILD reject new_tc=49.6662 (was 48.9440)
t=12431ms iter=16 incumb=48.9440 ratchet=48.9752 best=48.9411 since_improve=1
t=12451ms iter=17 WAIST cost=45.0000 best_alt=33.0000 gap=12.0000 tried=5 sep_labels=33 clique_frac=0.02
t=12757ms iter=17 REBUILD reject new_tc=52.1076 (was 48.9440)
t=13019ms iter=17 incumb=48.9440 ratchet=48.9810 best=48.9411 since_improve=2
t=13041ms iter=18 WAIST cost=45.0000 best_alt=33.0000 gap=12.0000 tried=5 sep_labels=33 clique_frac=0.02
t=13365ms iter=18 REBUILD reject new_tc=49.0799 (was 48.9440)
t=13629ms iter=18 incumb=48.9440 ratchet=49.0064 best=48.9411 since_improve=3
t=13655ms iter=19 WAIST cost=45.0000 best_alt=33.0000 gap=12.0000 tried=5 sep_labels=33 clique_frac=0.02
t=13964ms iter=19 REBUILD reject new_tc=49.1054 (was 48.9440)
t=14221ms iter=19 incumb=48.9440 ratchet=48.9704 best=48.9411 since_improve=4
t=14247ms iter=20 WAIST cost=45.0000 best_alt=31.0000 gap=14.0000 tried=5 sep_labels=31 clique_frac=0.02
t=14557ms iter=20 REBUILD reject new_tc=51.2242 (was 48.9440)
t=14816ms iter=20 incumb=48.9440 ratchet=48.9509 best=48.9411 since_improve=5
t=14840ms iter=21 WAIST cost=45.0000 best_alt=33.0000 gap=12.0000 tried=5 sep_labels=33 clique_frac=0.02
t=15147ms iter=21 REBUILD reject new_tc=49.2205 (was 48.9440)
t=15406ms iter=21 incumb=48.9440 ratchet=48.9703 best=48.9411 since_improve=6
t=15429ms iter=22 WAIST cost=45.0000 best_alt=33.0000 gap=12.0000 tried=5 sep_labels=33 clique_frac=0.02
t=15735ms iter=22 REBUILD reject new_tc=49.2376 (was 48.9440)
t=15986ms iter=22 incumb=48.9440 ratchet=48.9508 best=48.9411 since_improve=7
t=16019ms iter=23 WAIST cost=45.0000 best_alt=33.0000 gap=12.0000 tried=5 sep_labels=33 clique_frac=0.02
t=16484ms iter=23 REBUILD ACCEPT new_tc=48.6590 (was 48.9440)
t=17924ms iter=23 incumb=48.6590 ratchet=48.5621 best=48.5579 since_improve=0
t=17937ms iter=24 WAIST cost=45.0000 best_alt=2.0000 gap=43.0000 tried=5 sep_labels=2 clique_frac=1.00
t=18345ms iter=24 REBUILD reject new_tc=49.2158 (was 48.5621)
t=18592ms iter=24 incumb=48.5621 ratchet=48.6619 best=48.5579 since_improve=1
t=18604ms iter=25 WAIST cost=45.0000 best_alt=2.0000 gap=43.0000 tried=5 sep_labels=2 clique_frac=1.00
t=19029ms iter=25 REBUILD reject new_tc=49.2001 (was 48.5621)
t=19277ms iter=25 incumb=48.5621 ratchet=48.5801 best=48.5579 since_improve=2
t=19289ms iter=26 WAIST cost=45.0000 best_alt=2.0000 gap=43.0000 tried=5 sep_labels=2 clique_frac=1.00
t=19693ms iter=26 REBUILD reject new_tc=49.2954 (was 48.5621)
t=20285ms iter=26 incumb=48.5621 ratchet=48.5490 best=48.5454 since_improve=0
t=20296ms iter=27 WAIST cost=45.0000 best_alt=2.0000 gap=43.0000 tried=5 sep_labels=2 clique_frac=1.00
t=20709ms iter=27 REBUILD reject new_tc=49.1724 (was 48.5490)
t=21169ms iter=27 incumb=48.5490 ratchet=48.5454 best=48.5364 since_improve=0
t=21189ms iter=28 WAIST cost=45.0000 best_alt=2.0000 gap=43.0000 tried=5 sep_labels=2 clique_frac=1.00
t=21616ms iter=28 REBUILD reject new_tc=48.7983 (was 48.5454)
t=21926ms iter=28 incumb=48.5454 ratchet=48.5755 best=48.5364 since_improve=1
t=21937ms iter=29 WAIST cost=45.0000 best_alt=2.0000 gap=43.0000 tried=5 sep_labels=2 clique_frac=1.00
t=22350ms iter=29 REBUILD reject new_tc=48.8072 (was 48.5454)
t=22609ms iter=29 incumb=48.5454 ratchet=48.6838 best=48.5364 since_improve=2
t=22620ms iter=30 WAIST cost=45.0000 best_alt=2.0000 gap=43.0000 tried=5 sep_labels=2 clique_frac=1.00
t=23023ms iter=30 REBUILD reject new_tc=49.3261 (was 48.5454)
t=23602ms iter=30 incumb=48.5454 ratchet=48.5341 best=48.5303 since_improve=0
t=23612ms iter=31 WAIST cost=45.0000 best_alt=2.0000 gap=43.0000 tried=5 sep_labels=2 clique_frac=1.00
t=24014ms iter=31 REBUILD reject new_tc=49.8581 (was 48.5341)
t=24718ms iter=31 incumb=48.5341 ratchet=48.5269 best=48.5023 since_improve=0
t=24745ms iter=32 WAIST cost=44.0000 best_alt=39.0000 gap=5.0000 tried=5 sep_labels=39 clique_frac=0.04
t=25049ms iter=32 REBUILD reject new_tc=49.4291 (was 48.5269)
t=25732ms iter=32 incumb=48.5269 ratchet=48.5151 best=48.4990 since_improve=0
t=25753ms iter=33 WAIST cost=44.0000 best_alt=35.0000 gap=9.0000 tried=5 sep_labels=35 clique_frac=0.02
t=26067ms iter=33 REBUILD reject new_tc=49.1176 (was 48.5151)
t=26595ms iter=33 incumb=48.5151 ratchet=48.4914 best=48.4873 since_improve=0
t=26625ms iter=34 WAIST cost=45.0000 best_alt=39.0000 gap=6.0000 tried=5 sep_labels=39 clique_frac=0.03
t=26920ms iter=34 REBUILD reject new_tc=49.1180 (was 48.4914)
t=27962ms iter=34 incumb=48.4914 ratchet=48.4512 best=48.4341 since_improve=0
t=27986ms iter=35 WAIST cost=44.0000 best_alt=40.0000 gap=4.0000 tried=5 sep_labels=40 clique_frac=0.02
t=28265ms iter=35 REBUILD reject new_tc=48.8833 (was 48.4512)
t=28527ms iter=35 incumb=48.4512 ratchet=48.5933 best=48.4341 since_improve=1
t=28553ms iter=36 WAIST cost=44.0000 best_alt=40.0000 gap=4.0000 tried=5 sep_labels=40 clique_frac=0.02
t=28857ms iter=36 REBUILD reject new_tc=50.1895 (was 48.4512)
t=30704ms iter=36 incumb=48.4512 ratchet=48.3493 best=48.3475 since_improve=0
t=30735ms iter=37 WAIST cost=44.0000 best_alt=39.0000 gap=5.0000 tried=5 sep_labels=39 clique_frac=0.01
t=31043ms iter=37 REBUILD reject new_tc=52.1340 (was 48.3493)
t=31307ms iter=37 incumb=48.3493 ratchet=48.4301 best=48.3475 since_improve=1
t=31340ms iter=38 WAIST cost=44.0000 best_alt=40.0000 gap=4.0000 tried=5 sep_labels=40 clique_frac=0.02
t=31652ms iter=38 REBUILD reject new_tc=48.9276 (was 48.3493)
t=32744ms iter=38 incumb=48.3493 ratchet=48.3268 best=48.3223 since_improve=0
t=32771ms iter=39 WAIST cost=44.0000 best_alt=39.0000 gap=5.0000 tried=5 sep_labels=39 clique_frac=0.02
t=33070ms iter=39 REBUILD reject new_tc=53.0541 (was 48.3268)
t=35516ms iter=39 incumb=48.3268 ratchet=48.2184 best=48.2184 since_improve=0
t=35543ms iter=40 WAIST cost=44.0000 best_alt=40.0000 gap=4.0000 tried=5 sep_labels=40 clique_frac=0.02
t=35899ms iter=40 REBUILD reject new_tc=49.1258 (was 48.2184)
t=36155ms iter=40 incumb=48.2184 ratchet=48.2696 best=48.2184 since_improve=1
t=36183ms iter=41 WAIST cost=44.0000 best_alt=40.0000 gap=4.0000 tried=5 sep_labels=40 clique_frac=0.02
t=36535ms iter=41 REBUILD reject new_tc=50.8721 (was 48.2184)
t=37520ms iter=41 incumb=48.2184 ratchet=48.2030 best=48.1900 since_improve=0
t=37561ms iter=42 WAIST cost=44.0000 best_alt=37.0000 gap=7.0000 tried=5 sep_labels=37 clique_frac=0.02
t=37859ms iter=42 REBUILD reject new_tc=55.0115 (was 48.2030)
t=39733ms iter=42 incumb=48.2030 ratchet=48.0900 best=48.0900 since_improve=0
t=39761ms iter=43 WAIST cost=44.0000 best_alt=40.0000 gap=4.0000 tried=5 sep_labels=40 clique_frac=0.02
t=40104ms iter=43 REBUILD reject new_tc=48.8015 (was 48.0900)
t=40518ms iter=43 incumb=48.0900 ratchet=48.0965 best=48.0884 since_improve=1
t=40553ms iter=44 WAIST cost=44.0000 best_alt=39.0000 gap=5.0000 tried=5 sep_labels=39 clique_frac=0.02
t=40860ms iter=44 REBUILD reject new_tc=48.2812 (was 48.0900)
t=41932ms iter=44 incumb=48.0900 ratchet=48.0350 best=48.0350 since_improve=0
t=41960ms iter=45 WAIST cost=44.0000 best_alt=40.0000 gap=4.0000 tried=5 sep_labels=40 clique_frac=0.02
t=42303ms iter=45 REBUILD reject new_tc=48.8451 (was 48.0350)
t=43203ms iter=45 incumb=48.0350 ratchet=47.9962 best=47.9934 since_improve=0
t=43231ms iter=46 WAIST cost=44.0000 best_alt=40.0000 gap=4.0000 tried=5 sep_labels=40 clique_frac=0.01
t=43567ms iter=46 REBUILD reject new_tc=50.6471 (was 47.9962)
t=45253ms iter=46 incumb=47.9962 ratchet=47.9639 best=47.9530 since_improve=0
t=45284ms iter=47 WAIST cost=44.0000 best_alt=40.0000 gap=4.0000 tried=5 sep_labels=40 clique_frac=0.01
t=45627ms iter=47 REBUILD reject new_tc=50.5878 (was 47.9639)
t=45886ms iter=47 incumb=47.9639 ratchet=48.0079 best=47.9530 since_improve=1
t=45920ms iter=48 WAIST cost=44.0000 best_alt=37.0000 gap=7.0000 tried=5 sep_labels=37 clique_frac=0.02
t=46222ms iter=48 REBUILD reject new_tc=51.2486 (was 47.9639)
t=46957ms iter=48 incumb=47.9639 ratchet=47.9178 best=47.9178 since_improve=0
t=46999ms iter=49 WAIST cost=43.0000 best_alt=40.0000 gap=3.0000 tried=5 sep_labels=40 clique_frac=0.01
t=47350ms iter=49 REBUILD reject new_tc=49.7800 (was 47.9178)
t=48515ms iter=49 incumb=47.9178 ratchet=47.8645 best=47.8544 since_improve=0
t=48546ms iter=50 WAIST cost=44.0000 best_alt=37.0000 gap=7.0000 tried=5 sep_labels=37 clique_frac=0.00
t=48859ms iter=50 REBUILD reject new_tc=51.2417 (was 47.8645)
t=49263ms iter=50 incumb=47.8645 ratchet=47.8731 best=47.8230 since_improve=1
t=49291ms iter=51 WAIST cost=44.0000 best_alt=40.0000 gap=4.0000 tried=5 sep_labels=40 clique_frac=0.02
t=49637ms iter=51 REBUILD reject new_tc=48.9130 (was 47.8645)
t=50348ms iter=51 incumb=47.8645 ratchet=47.8325 best=47.8128 since_improve=0
t=50381ms iter=52 WAIST cost=44.0000 best_alt=39.0000 gap=5.0000 tried=5 sep_labels=39 clique_frac=0.03
t=50683ms iter=52 REBUILD reject new_tc=55.0115 (was 47.8325)
t=51547ms iter=52 incumb=47.8325 ratchet=47.8090 best=47.7784 since_improve=0
t=51578ms iter=53 WAIST cost=44.0000 best_alt=35.0000 gap=9.0000 tried=5 sep_labels=35 clique_frac=0.02
t=51891ms iter=53 REBUILD reject new_tc=48.9956 (was 47.8090)
t=52591ms iter=53 incumb=47.8090 ratchet=47.7417 best=47.7413 since_improve=0
t=52619ms iter=54 WAIST cost=43.0000 best_alt=40.0000 gap=3.0000 tried=5 sep_labels=40 clique_frac=0.01
t=52955ms iter=54 REBUILD reject new_tc=49.0641 (was 47.7417)
t=53501ms iter=54 incumb=47.7417 ratchet=47.7499 best=47.7213 since_improve=1
t=53536ms iter=55 WAIST cost=43.0000 best_alt=35.0000 gap=8.0000 tried=5 sep_labels=35 clique_frac=0.01
t=53829ms iter=55 REBUILD reject new_tc=54.0315 (was 47.7417)
t=54083ms iter=55 incumb=47.7417 ratchet=47.7688 best=47.7213 since_improve=2
t=54114ms iter=56 WAIST cost=43.0000 best_alt=40.0000 gap=3.0000 tried=5 sep_labels=40 clique_frac=0.01
t=54462ms iter=56 REBUILD reject new_tc=48.5830 (was 47.7417)
t=55175ms iter=56 incumb=47.7417 ratchet=47.7139 best=47.6914 since_improve=0
t=55209ms iter=57 WAIST cost=44.0000 best_alt=40.0000 gap=4.0000 tried=5 sep_labels=40 clique_frac=0.01
t=55557ms iter=57 REBUILD reject new_tc=48.9984 (was 47.7139)
t=55800ms iter=57 incumb=47.7139 ratchet=47.8447 best=47.6914 since_improve=1
t=55832ms iter=58 WAIST cost=44.0000 best_alt=40.0000 gap=4.0000 tried=5 sep_labels=40 clique_frac=0.01
t=56176ms iter=58 REBUILD reject new_tc=48.2127 (was 47.7139)
t=56722ms iter=58 incumb=47.7139 ratchet=47.6923 best=47.6811 since_improve=0
t=56746ms iter=59 WAIST cost=44.0000 best_alt=40.0000 gap=4.0000 tried=5 sep_labels=40 clique_frac=0.01
t=57110ms iter=59 REBUILD reject new_tc=48.8325 (was 47.6923)
t=57811ms iter=59 incumb=47.6923 ratchet=47.6155 best=47.6152 since_improve=0
t=57841ms iter=60 WAIST cost=44.0000 best_alt=39.0000 gap=5.0000 tried=5 sep_labels=39 clique_frac=0.02
t=58136ms iter=60 REBUILD reject new_tc=60.0008 (was 47.6155)
t=58392ms iter=60 incumb=47.6155 ratchet=47.7347 best=47.6152 since_improve=1
t=58424ms iter=61 WAIST cost=44.0000 best_alt=37.0000 gap=7.0000 tried=5 sep_labels=37 clique_frac=0.01
t=58712ms iter=61 REBUILD reject new_tc=53.3716 (was 47.6155)
t=59112ms iter=61 incumb=47.6155 ratchet=47.6210 best=47.5913 since_improve=2
t=59143ms iter=62 WAIST cost=44.0000 best_alt=40.0000 gap=4.0000 tried=5 sep_labels=40 clique_frac=0.01
t=59499ms iter=62 REBUILD reject new_tc=48.6713 (was 47.6155)
t=59748ms iter=62 incumb=47.6155 ratchet=47.6867 best=47.5913 since_improve=3
t=59785ms iter=63 WAIST cost=44.0000 best_alt=39.0000 gap=5.0000 tried=5 sep_labels=39 clique_frac=0.01
t=60131ms iter=63 REBUILD reject new_tc=49.6251 (was 47.6155)
t=60386ms iter=63 incumb=47.6155 ratchet=47.6312 best=47.5913 since_improve=4
t=60419ms iter=64 WAIST cost=44.0000 best_alt=40.0000 gap=4.0000 tried=5 sep_labels=40 clique_frac=0.01
t=60768ms iter=64 REBUILD reject new_tc=49.7259 (was 47.6155)
t=61022ms iter=64 incumb=47.6155 ratchet=47.6148 best=47.5913 since_improve=0
t=61054ms iter=65 WAIST cost=44.0000 best_alt=40.0000 gap=4.0000 tried=5 sep_labels=40 clique_frac=0.01
t=61413ms iter=65 REBUILD reject new_tc=48.4431 (was 47.6148)
t=61670ms iter=65 incumb=47.6148 ratchet=47.6455 best=47.5913 since_improve=1
t=61701ms iter=66 WAIST cost=44.0000 best_alt=40.0000 gap=4.0000 tried=5 sep_labels=40 clique_frac=0.01
t=62059ms iter=66 REBUILD reject new_tc=48.8042 (was 47.6148)
t=62789ms iter=66 incumb=47.6148 ratchet=47.5624 best=47.5624 since_improve=0
t=62832ms iter=67 WAIST cost=43.0000 best_alt=39.0000 gap=4.0000 tried=5 sep_labels=39 clique_frac=0.01
t=63181ms iter=67 REBUILD reject new_tc=49.2864 (was 47.5624)
t=63578ms iter=67 incumb=47.5624 ratchet=47.5669 best=47.5480 since_improve=1
t=63610ms iter=68 WAIST cost=43.0000 best_alt=39.0000 gap=4.0000 tried=5 sep_labels=39 clique_frac=0.01
t=63952ms iter=68 REBUILD reject new_tc=49.4319 (was 47.5624)
t=65112ms iter=68 incumb=47.5624 ratchet=47.5229 best=47.5209 since_improve=0
t=65143ms iter=69 WAIST cost=43.0000 best_alt=40.0000 gap=3.0000 tried=5 sep_labels=40 clique_frac=0.02
t=65499ms iter=69 REBUILD reject new_tc=50.0049 (was 47.5229)
t=65750ms iter=69 incumb=47.5229 ratchet=47.5470 best=47.5209 since_improve=1
t=65779ms iter=70 WAIST cost=43.0000 best_alt=39.0000 gap=4.0000 tried=5 sep_labels=39 clique_frac=0.01
t=66082ms iter=70 REBUILD reject new_tc=53.0851 (was 47.5229)
t=66343ms iter=70 incumb=47.5229 ratchet=47.5659 best=47.5209 since_improve=2
t=66370ms iter=71 WAIST cost=43.0000 best_alt=40.0000 gap=3.0000 tried=5 sep_labels=40 clique_frac=0.02
t=66707ms iter=71 REBUILD reject new_tc=51.2942 (was 47.5229)
t=68204ms iter=71 incumb=47.5229 ratchet=47.4263 best=47.4257 since_improve=0
t=68231ms iter=72 WAIST cost=43.0000 best_alt=39.0000 gap=4.0000 tried=5 sep_labels=39 clique_frac=0.01
t=68573ms iter=72 REBUILD reject new_tc=51.1742 (was 47.4263)
t=68830ms iter=72 incumb=47.4263 ratchet=47.4637 best=47.4257 since_improve=1
t=68869ms iter=73 WAIST cost=43.0000 best_alt=39.0000 gap=4.0000 tried=5 sep_labels=39 clique_frac=0.01
t=69213ms iter=73 REBUILD reject new_tc=55.0170 (was 47.4263)
t=69467ms iter=73 incumb=47.4263 ratchet=47.4874 best=47.4257 since_improve=2
t=69497ms iter=74 WAIST cost=43.0000 best_alt=39.0000 gap=4.0000 tried=5 sep_labels=39 clique_frac=0.01
t=69851ms iter=74 REBUILD reject new_tc=48.6725 (was 47.4263)
t=70115ms iter=74 incumb=47.4263 ratchet=47.4298 best=47.4257 since_improve=3
t=70148ms iter=75 WAIST cost=43.0000 best_alt=39.0000 gap=4.0000 tried=5 sep_labels=39 clique_frac=0.01
t=70492ms iter=75 REBUILD reject new_tc=50.6779 (was 47.4263)
t=70747ms iter=75 incumb=47.4263 ratchet=47.5397 best=47.4257 since_improve=4
t=70782ms iter=76 WAIST cost=43.0000 best_alt=39.0000 gap=4.0000 tried=5 sep_labels=39 clique_frac=0.01
t=71124ms iter=76 REBUILD reject new_tc=52.1677 (was 47.4263)
t=71376ms iter=76 incumb=47.4263 ratchet=47.4709 best=47.4257 since_improve=5
t=71411ms iter=77 WAIST cost=43.0000 best_alt=39.0000 gap=4.0000 tried=5 sep_labels=39 clique_frac=0.01
t=71763ms iter=77 REBUILD reject new_tc=48.4175 (was 47.4263)
t=72013ms iter=77 incumb=47.4263 ratchet=47.4376 best=47.4257 since_improve=6
t=72047ms iter=78 WAIST cost=43.0000 best_alt=39.0000 gap=4.0000 tried=5 sep_labels=39 clique_frac=0.01
t=72389ms iter=78 REBUILD reject new_tc=53.0569 (was 47.4263)
t=72642ms iter=78 incumb=47.4263 ratchet=48.0902 best=47.4257 since_improve=7
t=72670ms iter=79 WAIST cost=43.0000 best_alt=39.0000 gap=4.0000 tried=5 sep_labels=39 clique_frac=0.01
t=73009ms iter=79 REBUILD reject new_tc=53.0940 (was 47.4263)
t=73266ms iter=79 incumb=47.4263 ratchet=47.4515 best=47.4257 since_improve=8
t=73307ms iter=80 WAIST cost=43.0000 best_alt=39.0000 gap=4.0000 tried=5 sep_labels=39 clique_frac=0.01
t=73650ms iter=80 REBUILD reject new_tc=53.0530 (was 47.4263)
t=73904ms iter=80 incumb=47.4263 ratchet=47.4741 best=47.4257 since_improve=9
t=73939ms iter=81 WAIST cost=43.0000 best_alt=39.0000 gap=4.0000 tried=5 sep_labels=39 clique_frac=0.01
t=74292ms iter=81 REBUILD reject new_tc=48.6749 (was 47.4263)
t=74549ms iter=81 incumb=47.4263 ratchet=47.5766 best=47.4257 since_improve=10
t=74584ms iter=82 WAIST cost=43.0000 best_alt=39.0000 gap=4.0000 tried=5 sep_labels=39 clique_frac=0.01
t=74932ms iter=82 REBUILD reject new_tc=48.5878 (was 47.4263)
t=75184ms iter=82 incumb=47.4263 ratchet=47.5050 best=47.4257 since_improve=11
t=75212ms iter=83 WAIST cost=43.0000 best_alt=39.0000 gap=4.0000 tried=5 sep_labels=39 clique_frac=0.01
t=75560ms iter=83 REBUILD reject new_tc=48.7014 (was 47.4263)
t=75970ms iter=83 incumb=47.4263 ratchet=47.4036 best=47.4036 since_improve=0
t=76017ms iter=84 WAIST cost=43.0000 best_alt=37.0000 gap=6.0000 tried=5 sep_labels=37 clique_frac=0.02
t=76319ms iter=84 REBUILD reject new_tc=48.9043 (was 47.4036)
t=76571ms iter=84 incumb=47.4036 ratchet=47.5609 best=47.4036 since_improve=1
t=76609ms iter=85 WAIST cost=43.0000 best_alt=39.0000 gap=4.0000 tried=5 sep_labels=39 clique_frac=0.01
t=76958ms iter=85 REBUILD reject new_tc=48.8442 (was 47.4036)
t=77209ms iter=85 incumb=47.4036 ratchet=47.6200 best=47.4036 since_improve=2
t=77247ms iter=86 WAIST cost=43.0000 best_alt=39.0000 gap=4.0000 tried=5 sep_labels=39 clique_frac=0.01
t=77604ms iter=86 REBUILD reject new_tc=48.3975 (was 47.4036)
t=77857ms iter=86 incumb=47.4036 ratchet=47.4275 best=47.4036 since_improve=3
t=77892ms iter=87 WAIST cost=43.0000 best_alt=39.0000 gap=4.0000 tried=5 sep_labels=39 clique_frac=0.01
t=78249ms iter=87 REBUILD reject new_tc=49.0874 (was 47.4036)
t=78504ms iter=87 incumb=47.4036 ratchet=47.4654 best=47.4036 since_improve=4
t=78537ms iter=88 WAIST cost=43.0000 best_alt=39.0000 gap=4.0000 tried=5 sep_labels=39 clique_frac=0.01
t=78899ms iter=88 REBUILD reject new_tc=49.0969 (was 47.4036)
t=79155ms iter=88 incumb=47.4036 ratchet=47.4569 best=47.4036 since_improve=5
t=79187ms iter=89 WAIST cost=43.0000 best_alt=39.0000 gap=4.0000 tried=5 sep_labels=39 clique_frac=0.01
t=79530ms iter=89 REBUILD reject new_tc=49.6233 (was 47.4036)
t=79779ms iter=89 incumb=47.4036 ratchet=48.2438 best=47.4036 since_improve=6
t=79815ms iter=90 WAIST cost=43.0000 best_alt=39.0000 gap=4.0000 tried=5 sep_labels=39 clique_frac=0.01
t=80164ms iter=90 REBUILD reject new_tc=48.7352 (was 47.4036)
t=80411ms iter=90 incumb=47.4036 ratchet=47.4382 best=47.4036 since_improve=7
t=80447ms iter=91 WAIST cost=43.0000 best_alt=39.0000 gap=4.0000 tried=5 sep_labels=39 clique_frac=0.01
t=80792ms iter=91 REBUILD reject new_tc=48.9963 (was 47.4036)
t=81227ms iter=91 incumb=47.4036 ratchet=47.4115 best=47.4029 since_improve=8
t=81261ms iter=92 WAIST cost=43.0000 best_alt=37.0000 gap=6.0000 tried=5 sep_labels=37 clique_frac=0.01
t=81570ms iter=92 REBUILD reject new_tc=51.0516 (was 47.4036)
t=81868ms iter=92 incumb=47.4036 ratchet=47.5754 best=47.4029 since_improve=9
t=81898ms iter=93 WAIST cost=43.0000 best_alt=39.0000 gap=4.0000 tried=5 sep_labels=39 clique_frac=0.01
t=82249ms iter=93 REBUILD reject new_tc=48.9578 (was 47.4036)
t=82496ms iter=93 incumb=47.4036 ratchet=47.5316 best=47.4029 since_improve=10
t=82530ms iter=94 WAIST cost=43.0000 best_alt=39.0000 gap=4.0000 tried=5 sep_labels=39 clique_frac=0.01
t=82873ms iter=94 REBUILD reject new_tc=53.1071 (was 47.4036)
t=83136ms iter=94 incumb=47.4036 ratchet=47.8110 best=47.4029 since_improve=11
t=83166ms iter=95 WAIST cost=43.0000 best_alt=39.0000 gap=4.0000 tried=5 sep_labels=39 clique_frac=0.01
t=83519ms iter=95 REBUILD reject new_tc=48.6952 (was 47.4036)
t=83766ms iter=95 incumb=47.4036 ratchet=47.4724 best=47.4029 since_improve=12
t=83799ms iter=96 WAIST cost=43.0000 best_alt=39.0000 gap=4.0000 tried=5 sep_labels=39 clique_frac=0.01
t=84132ms iter=96 REBUILD reject new_tc=51.2688 (was 47.4036)
t=84389ms iter=96 incumb=47.4036 ratchet=47.4830 best=47.4029 since_improve=13
t=84420ms iter=97 WAIST cost=43.0000 best_alt=39.0000 gap=4.0000 tried=5 sep_labels=39 clique_frac=0.01
t=84763ms iter=97 REBUILD reject new_tc=51.3949 (was 47.4036)
t=85014ms iter=97 incumb=47.4036 ratchet=47.4497 best=47.4029 since_improve=14
t=85044ms iter=98 WAIST cost=43.0000 best_alt=39.0000 gap=4.0000 tried=5 sep_labels=39 clique_frac=0.01
t=85377ms iter=98 REBUILD reject new_tc=48.2412 (was 47.4036)
t=85627ms iter=98 incumb=47.4036 ratchet=47.4938 best=47.4029 since_improve=15
t=85666ms iter=99 WAIST cost=43.0000 best_alt=39.0000 gap=4.0000 tried=5 sep_labels=39 clique_frac=0.01
t=86000ms iter=99 REBUILD reject new_tc=54.0306 (was 47.4036)
t=86580ms iter=99 incumb=47.4036 ratchet=47.4510 best=47.3985 since_improve=16
t=86623ms iter=100 WAIST cost=43.0000 best_alt=39.0000 gap=4.0000 tried=5 sep_labels=39 clique_frac=0.01
t=86980ms iter=100 REBUILD reject new_tc=49.1857 (was 47.4036)
t=87231ms iter=100 incumb=47.4036 ratchet=47.4173 best=47.3985 since_improve=17
t=87262ms iter=101 WAIST cost=43.0000 best_alt=39.0000 gap=4.0000 tried=5 sep_labels=39 clique_frac=0.01
t=87609ms iter=101 REBUILD reject new_tc=48.9627 (was 47.4036)
t_final=87789ms tc_reduced=47.3985 tc_full=47.5858 leaves=2203
surgery summary: calls=101 cheaper_cuts=101 rebuild_accepts=2 waist_min_hits=0
