t_ve=6ms ve_width=54.92 ve_tc=56.4030
tc_greedy=66.9673 tc_ve=53.9339 best_seed=53.9339 t=383ms
t=497ms tc=53.5761
t=1335ms tc=53.4202
t=1492ms tc=53.0630
t=2332ms tc=52.8524
t=2470ms tc=52.8333
t=2616ms tc=52.7927
t=3338ms tc=52.6960
t=3489ms tc=52.6716
t=3624ms tc=52.5835
t=4335ms tc=52.5673
t=4474ms tc=52.1016
t=4608ms tc=51.9188
t=5329ms tc=51.9065
t=5463ms tc=51.8433
t=5588ms tc=51.2858
t=6333ms tc=51.2260
t=6462ms tc=50.8739
t=6612ms tc=50.1868
t=7329ms tc=50.0603
t=7458ms tc=49.9031
t=7566ms tc=49.8779
t=8321ms tc=49.8292
t=8440ms tc=49.7253
t=8560ms tc=49.3163
t=8681ms tc=48.9692
t=9337ms tc=48.9148
t=9470ms tc=48.8496
t=9589ms tc=48.7862
t=10320ms tc=48.6927
t=10451ms tc=48.6826
t=10555ms tc=48.3452
t=10645ms tc=48.2897
t=11322ms tc=48.0506
t=11418ms tc=47.8575
t=11514ms tc=47.8063
t=11636ms tc=47.7938
t=12336ms tc=47.7823
t=12451ms tc=47.6135
t=12570ms tc=47.5538
t=12668ms tc=47.5518
t=13340ms tc=47.3585
t=13457ms tc=47.3367
t=13581ms tc=47.3103
t=14331ms tc=47.3070
t=14435ms tc=45.7131
t=14531ms tc=45.6797
t=14659ms tc=45.5223
t=15330ms tc=45.5223
t=15449ms tc=45.5178
t=15595ms tc=45.4942
t=16325ms tc=45.4941
t=16443ms tc=45.4707
t=16565ms tc=45.4593
t=16681ms tc=45.4485
t=17329ms tc=45.4442
t=17454ms tc=45.4035
t=17579ms tc=45.3676
t=18323ms tc=45.3442
t=18420ms tc=45.3397
t=18519ms tc=45.3340
t=18641ms tc=45.3308
t=19330ms tc=45.2892
t=19440ms tc=45.2732
t=19557ms tc=45.2523
t=19676ms tc=45.2350
t=20333ms tc=45.2338
t=20470ms tc=45.2308
t=20607ms tc=44.3152
t=20706ms tc=44.2953
t=21334ms tc=44.2877
t=21434ms tc=44.2794
t=21521ms tc=44.2726
t=21616ms tc=44.2655
t=22329ms tc=43.4085
t=22446ms tc=43.3794
t=22569ms tc=42.5645
t=23326ms tc=42.5633
t=23433ms tc=42.4396
t=23557ms tc=41.6742
t=23715ms tc=41.6661
t=24338ms tc=41.5929
t=24479ms tc=41.5353
t=24616ms tc=41.5300
t=25337ms tc=41.5146
t=25477ms tc=41.5087
t=26319ms tc=41.4890
t=26474ms tc=41.4476
t=26619ms tc=41.4298
t=27319ms tc=41.4226
t=27457ms tc=41.4167
t=27598ms tc=41.4106
t=27731ms tc=41.3816
t=28337ms tc=39.4917
t=28487ms tc=39.2635
t=28629ms tc=38.9742
t=29336ms tc=38.3610
t=29482ms tc=38.3007
t=29625ms tc=38.2919
t=30329ms tc=38.2857
t=30463ms tc=38.0162
t=30589ms tc=37.9831
t=31319ms tc=37.8534
t=31458ms tc=37.7003
t=31613ms tc=37.6905
t=32324ms tc=37.6240
t=32471ms tc=37.5751
t=32618ms tc=37.3941
t=33334ms tc=37.0303
t=33484ms tc=36.9583
t=33623ms tc=36.9410
t=34331ms tc=36.7825
t=34464ms tc=36.6828
t=34588ms tc=36.6349
t=35328ms tc=36.5521
t=35462ms tc=36.5198
t=35592ms tc=36.4936
t=36330ms tc=36.4755
t=36458ms tc=36.4482
t=36605ms tc=36.3381
t=37330ms tc=36.2620
t=37467ms tc=36.2179
t=37611ms tc=36.1568
t=37738ms tc=36.1418
t=38335ms tc=36.0846
t=38459ms tc=36.0499
t=38579ms tc=36.0084
t=39320ms tc=35.9479
t=39449ms tc=35.8956
t=39625ms tc=35.6441
t=40320ms tc=35.6201
t=40460ms tc=35.6170
t=40607ms tc=35.5358
t=40756ms tc=35.4515
t=41322ms tc=35.4254
t=41450ms tc=35.4160
t=41599ms tc=35.3361
t=42325ms tc=35.3303
t=42469ms tc=35.2431
t=42623ms tc=35.2395
t=42788ms tc=35.1236
t=43324ms tc=35.0929
t=43495ms tc=35.0473
t=43671ms tc=34.9435
t=43838ms tc=34.8936
t=44007ms tc=34.7354
t=44331ms tc=34.4691
t=44498ms tc=34.4020
t=44659ms tc=34.3751
t=44817ms tc=34.3672
t=44991ms tc=34.3232
t=45331ms tc=34.2898
t=45505ms tc=34.2340
t=45678ms tc=34.1546
t=45853ms tc=34.0937
t=46021ms tc=34.0529
t=46336ms tc=33.9749
t=46500ms tc=33.8723
t=46673ms tc=33.8162
t=46872ms tc=33.7806
t=47325ms tc=33.6854
t=47479ms tc=33.6652
t=47629ms tc=33.5612
t=47779ms tc=33.4894
t=47927ms tc=33.4545
t=48081ms tc=33.4458
t=48335ms tc=33.4278
t=48519ms tc=33.3465
t=48698ms tc=33.3313
t=48913ms tc=33.3244
t=49106ms tc=33.2755
t=49333ms tc=33.2677
t=49498ms tc=33.2580
t=49694ms tc=33.2206
t=49892ms tc=33.1923
t=50062ms tc=33.1737
t=50333ms tc=33.1620
t=50534ms tc=33.1544
t=50681ms tc=33.1439
t=50844ms tc=33.1172
t=51062ms tc=33.1104
t=51325ms tc=33.0906
t=51489ms tc=33.0799
t=51664ms tc=33.0480
t=51820ms tc=33.0388
t=51990ms tc=33.0271
t=52136ms tc=33.0268
t=52343ms tc=33.0226
t=52491ms tc=33.0208
t=52648ms tc=32.9817
t=52811ms tc=32.9431
t=53323ms tc=32.8522
t=53484ms tc=32.8485
t=53644ms tc=32.8370
t=53808ms tc=32.8367
t=53980ms tc=32.8231
t=54152ms tc=32.8111
t=54375ms tc=32.8061
t=54585ms tc=32.8028
t=54741ms tc=32.8026
t=54942ms tc=32.7893
t=55133ms tc=32.7629
t=55332ms tc=32.7609
t=55499ms tc=32.6829
t=55669ms tc=32.4492
t=55832ms tc=32.4169
t=55990ms tc=32.2620
t=56329ms tc=32.2433
t=56484ms tc=32.2157
t=56665ms tc=32.1591
t=56829ms tc=32.1120
t=57005ms tc=32.0727
t=57330ms tc=32.0694
t=57479ms tc=32.0671
t=57636ms tc=32.0624
t=57793ms tc=32.0485
t=57972ms tc=31.9734
t=58326ms tc=31.9268
t=58486ms tc=31.8601
t=58642ms tc=31.7019
t=58798ms tc=31.6950
t=58972ms tc=31.6470
t=59129ms tc=31.5141
t=59335ms tc=31.4475
t=59503ms tc=31.4371
t=59664ms tc=31.3890
t=59812ms tc=31.3565
t=59972ms tc=31.3564
t=60332ms tc=31.3199
t=60496ms tc=31.3154
t=60661ms tc=31.3114
t=60827ms tc=31.2284
t=60982ms tc=31.2139
t=61334ms tc=31.2031
t=61505ms tc=31.1757
t=61675ms tc=31.1445
t=61835ms tc=31.1270
t=61989ms tc=31.1235
t=62329ms tc=31.0957
t=62488ms tc=31.0807
t=62640ms tc=31.0768
t=62788ms tc=31.0757
t=62943ms tc=31.0700
t=63112ms tc=31.0694
t=63336ms tc=31.0344
t=63564ms tc=31.0341
t=63720ms tc=31.0298
t=63895ms tc=31.0187
t=64065ms tc=30.9969
t=64338ms tc=30.9902
t=64493ms tc=30.9889
t=64663ms tc=30.9728
t=64826ms tc=30.9709
t=65333ms tc=30.9653
t=65501ms tc=30.9564
t=65758ms tc=30.9481
t=65919ms tc=30.9466
t=66084ms tc=30.9409
t=66340ms tc=30.9357
t=66601ms tc=30.9265
t=66808ms tc=30.9258
t=66992ms tc=30.9249
t=67315ms tc=30.9239
t=67507ms tc=30.9232
t=67673ms tc=30.9223
t=68161ms tc=30.9203
t=68344ms tc=30.9203
t=68550ms tc=30.7718
t=68725ms tc=30.7584
t=68900ms tc=30.7575
t=69071ms tc=30.7567
t=69335ms tc=30.7566
t=69572ms tc=30.7563
t=69876ms tc=30.7563
t=72396ms tc=30.7474
t=72680ms tc=30.7196
t=72851ms tc=30.7089
t=73014ms tc=30.6940
t=73348ms tc=30.6837
t=73508ms tc=30.6758
t=73669ms tc=30.6645
t=73841ms tc=30.6496
t=74078ms tc=30.6462
t=74326ms tc=30.6377
t=74604ms tc=30.6337
t=74765ms tc=30.6323
t=74953ms tc=30.6277
t=75180ms tc=30.6170
t=75354ms tc=30.6149
t=75537ms tc=30.6140
t=75751ms tc=30.5971
t=76133ms tc=30.5928
t=76288ms tc=30.5924
t=76612ms tc=30.5904
t=76768ms tc=30.5744
t=77162ms tc=30.5713
t=77349ms tc=30.5657
t=77503ms tc=30.5655
t=77733ms tc=30.5629
t=77899ms tc=30.5615
t=78483ms tc=30.5615
t=78907ms tc=30.5521
t=79070ms tc=30.5501
t=79232ms tc=30.5494
t=79385ms tc=30.5483
t=79539ms tc=30.5475
t=79687ms tc=30.5474
t=79898ms tc=30.5474
t=80063ms tc=30.5463
t=80325ms tc=30.5454
t=80474ms tc=30.5454
t=80627ms tc=30.5454
t=80775ms tc=30.5453
t=80938ms tc=30.5453
t=81097ms tc=30.5453
anneal_sweeps=6059 cycles=4 fresh=0
t_final=87299ms tc_final=30.5453 ve_fits=true
