probe: instance=sycamore_53_20_0 n_orig=3369 n=381 fusible=0.8869 nlabels=754 t=16ms
seed_greedy tc=85.2095 t=509ms
t=605ms iter=1 WAIST cost=63.0000 best_alt=48.0000 gap=15.0000 tried=5 sep_labels=48 clique_frac=0.01
t=931ms iter=1 REBUILD ACCEPT new_tc=61.4811 (was 63.6889)
t=3282ms iter=1 incumb=61.4811 ratchet=61.3045 best=61.3045 since_improve=0
t=3294ms iter=2 WAIST cost=57.0000 best_alt=46.0000 gap=11.0000 tried=5 sep_labels=46 clique_frac=0.01
t=3458ms iter=2 REBUILD reject new_tc=61.5894 (was 61.3045)
t=3611ms iter=2 incumb=61.3045 ratchet=61.4152 best=61.3045 since_improve=1
t=3619ms iter=3 WAIST cost=57.0000 best_alt=48.0000 gap=9.0000 tried=5 sep_labels=48 clique_frac=0.02
t=3777ms iter=3 REBUILD reject new_tc=62.0382 (was 61.3045)
t=3938ms iter=3 incumb=61.3045 ratchet=61.3163 best=61.3045 since_improve=2
t=3945ms iter=4 WAIST cost=57.0000 best_alt=49.0000 gap=8.0000 tried=5 sep_labels=49 clique_frac=0.01
t=4293ms iter=4 REBUILD ACCEPT new_tc=61.2691 (was 61.3045)
t=4458ms iter=4 incumb=61.2691 ratchet=61.3016 best=61.2691 since_improve=1
t=4467ms iter=5 WAIST cost=57.0000 best_alt=53.0000 gap=4.0000 tried=5 sep_labels=53 clique_frac=0.02
t=4647ms iter=5 REBUILD reject new_tc=61.3520 (was 61.2691)
t=4805ms iter=5 incumb=61.2691 ratchet=61.3056 best=61.2691 since_improve=2
t=4814ms iter=6 WAIST cost=57.0000 best_alt=52.0000 gap=5.0000 tried=5 sep_labels=52 clique_frac=0.01
t=4988ms iter=6 REBUILD reject new_tc=63.3812 (was 61.2691)
t=5877ms iter=6 incumb=61.2691 ratchet=61.2495 best=61.2495 since_improve=0
t=5887ms iter=7 WAIST cost=56.0000 best_alt=49.0000 gap=7.0000 tried=5 sep_labels=49 clique_frac=0.01
t=6210ms iter=7 REBUILD ACCEPT new_tc=61.2138 (was 61.2495)
t=7861ms iter=7 incumb=61.2138 ratchet=61.1780 best=61.1780 since_improve=0
t=7872ms iter=8 WAIST cost=56.0000 best_alt=52.0000 gap=4.0000 tried=5 sep_labels=52 clique_frac=0.01
t=8050ms iter=8 REBUILD reject new_tc=61.2613 (was 61.1780)
t=8205ms iter=8 incumb=61.1780 ratchet=61.2297 best=61.1780 since_improve=1
t=8213ms iter=9 WAIST cost=56.0000 best_alt=53.0000 gap=3.0000 tried=5 sep_labels=53 clique_frac=0.02
t=8386ms iter=9 REBUILD reject new_tc=61.3588 (was 61.1780)
t=9870ms iter=9 incumb=61.1780 ratchet=61.0976 best=61.0976 since_improve=0
t=9878ms iter=10 WAIST cost=56.0000 best_alt=50.0000 gap=6.0000 tried=5 sep_labels=50 clique_frac=0.01
t=10223ms iter=10 REBUILD ACCEPT new_tc=60.7948 (was 61.0976)
t=13272ms iter=10 incumb=60.7948 ratchet=60.3108 best=60.3033 since_improve=0
t=13284ms iter=11 WAIST cost=57.0000 best_alt=49.0000 gap=8.0000 tried=5 sep_labels=49 clique_frac=0.01
t=13445ms iter=11 REBUILD reject new_tc=61.3532 (was 60.3108)
t=13598ms iter=11 incumb=60.3108 ratchet=60.3193 best=60.3033 since_improve=1
t=13607ms iter=12 WAIST cost=57.0000 best_alt=52.0000 gap=5.0000 tried=5 sep_labels=52 clique_frac=0.01
t=13765ms iter=12 REBUILD reject new_tc=72.0005 (was 60.3108)
t=14654ms iter=12 incumb=60.3108 ratchet=60.2571 best=60.2547 since_improve=0
t=14664ms iter=13 WAIST cost=57.0000 best_alt=52.0000 gap=5.0000 tried=5 sep_labels=52 clique_frac=0.01
t=14832ms iter=13 REBUILD reject new_tc=62.3567 (was 60.2571)
t=15861ms iter=13 incumb=60.2571 ratchet=60.2428 best=60.2428 since_improve=0
t=15869ms iter=14 WAIST cost=57.0000 best_alt=52.0000 gap=5.0000 tried=5 sep_labels=52 clique_frac=0.01
t=16051ms iter=14 REBUILD reject new_tc=61.1384 (was 60.2428)
t=16205ms iter=14 incumb=60.2428 ratchet=60.2782 best=60.2428 since_improve=1
t=16213ms iter=15 WAIST cost=57.0000 best_alt=49.0000 gap=8.0000 tried=5 sep_labels=49 clique_frac=0.01
t=16370ms iter=15 REBUILD reject new_tc=62.1310 (was 60.2428)
t=18112ms iter=15 incumb=60.2428 ratchet=60.2068 best=60.1779 since_improve=0
t=18124ms iter=16 WAIST cost=57.0000 best_alt=49.0000 gap=8.0000 tried=5 sep_labels=49 clique_frac=0.01
t=18273ms iter=16 REBUILD reject new_tc=61.4043 (was 60.2068)
t=18431ms iter=16 incumb=60.2068 ratchet=60.2505 best=60.1779 since_improve=1
t=18441ms iter=17 WAIST cost=57.0000 best_alt=52.0000 gap=5.0000 tried=5 sep_labels=52 clique_frac=0.01
t=18610ms iter=17 REBUILD reject new_tc=63.2899 (was 60.2068)
t=18770ms iter=17 incumb=60.2068 ratchet=60.3656 best=60.1779 since_improve=2
t=18778ms iter=18 WAIST cost=57.0000 best_alt=52.0000 gap=5.0000 tried=5 sep_labels=52 clique_frac=0.01
t=18948ms iter=18 REBUILD reject new_tc=60.9345 (was 60.2068)
t=19292ms iter=18 incumb=60.2068 ratchet=60.1699 best=60.1696 since_improve=0
t=19295ms iter=19 WAIST cost=57.0000 best_alt=3.0000 gap=54.0000 tried=5 sep_labels=3 clique_frac=1.00
t=19502ms iter=19 REBUILD reject new_tc=69.0085 (was 60.1699)
t=19658ms iter=19 incumb=60.1699 ratchet=60.1993 best=60.1696 since_improve=1
t=19660ms iter=20 WAIST cost=57.0000 best_alt=3.0000 gap=54.0000 tried=5 sep_labels=3 clique_frac=1.00
t=19893ms iter=20 REBUILD reject new_tc=61.9412 (was 60.1699)
t=20045ms iter=20 incumb=60.1699 ratchet=60.2792 best=60.1696 since_improve=2
t=20047ms iter=21 WAIST cost=57.0000 best_alt=3.0000 gap=54.0000 tried=5 sep_labels=3 clique_frac=1.00
t=20272ms iter=21 REBUILD reject new_tc=69.2147 (was 60.1699)
t=20428ms iter=21 incumb=60.1699 ratchet=60.2015 best=60.1696 since_improve=3
t=20431ms iter=22 WAIST cost=57.0000 best_alt=3.0000 gap=54.0000 tried=5 sep_labels=3 clique_frac=1.00
t=20660ms iter=22 REBUILD reject new_tc=67.8372 (was 60.1699)
t=20815ms iter=22 incumb=60.1699 ratchet=60.1833 best=60.1696 since_improve=4
t=20817ms iter=23 WAIST cost=57.0000 best_alt=3.0000 gap=54.0000 tried=5 sep_labels=3 clique_frac=1.00
t=21054ms iter=23 REBUILD reject new_tc=61.7851 (was 60.1699)
t=21210ms iter=23 incumb=60.1699 ratchet=60.2059 best=60.1696 since_improve=5
t=21213ms iter=24 WAIST cost=57.0000 best_alt=3.0000 gap=54.0000 tried=5 sep_labels=3 clique_frac=1.00
t=21446ms iter=24 REBUILD reject new_tc=61.6382 (was 60.1699)
t=21604ms iter=24 incumb=60.1699 ratchet=60.1813 best=60.1696 since_improve=6
t=21606ms iter=25 WAIST cost=57.0000 best_alt=3.0000 gap=54.0000 tried=5 sep_labels=3 clique_frac=1.00
t=21826ms iter=25 REBUILD reject new_tc=61.9991 (was 60.1699)
t=21979ms iter=25 incumb=60.1699 ratchet=60.2032 best=60.1696 since_improve=7
t=21981ms iter=26 WAIST cost=57.0000 best_alt=3.0000 gap=54.0000 tried=5 sep_labels=3 clique_frac=1.00
t=22218ms iter=26 REBUILD reject new_tc=61.4978 (was 60.1699)
t=22376ms iter=26 incumb=60.1699 ratchet=60.1808 best=60.1696 since_improve=8
t=22378ms iter=27 WAIST cost=57.0000 best_alt=3.0000 gap=54.0000 tried=5 sep_labels=3 clique_frac=1.00
t=22611ms iter=27 REBUILD reject new_tc=61.5899 (was 60.1699)
t=22760ms iter=27 incumb=60.1699 ratchet=60.2238 best=60.1696 since_improve=9
t=22763ms iter=28 WAIST cost=57.0000 best_alt=3.0000 gap=54.0000 tried=5 sep_labels=3 clique_frac=1.00
t=23000ms iter=28 REBUILD reject new_tc=61.1880 (was 60.1699)
t=23159ms iter=28 incumb=60.1699 ratchet=60.1913 best=60.1696 since_improve=10
t=23161ms iter=29 WAIST cost=57.0000 best_alt=3.0000 gap=54.0000 tried=5 sep_labels=3 clique_frac=1.00
t=23389ms iter=29 REBUILD reject new_tc=60.9856 (was 60.1699)
t=23547ms iter=29 incumb=60.1699 ratchet=60.2775 best=60.1696 since_improve=11
t=23550ms iter=30 WAIST cost=57.0000 best_alt=3.0000 gap=54.0000 tried=5 sep_labels=3 clique_frac=1.00
t=23781ms iter=30 REBUILD reject new_tc=68.0968 (was 60.1699)
t=23933ms iter=30 incumb=60.1699 ratchet=60.1711 best=60.1696 since_improve=12
t=23935ms iter=31 WAIST cost=57.0000 best_alt=3.0000 gap=54.0000 tried=5 sep_labels=3 clique_frac=1.00
t=24178ms iter=31 REBUILD reject new_tc=61.5729 (was 60.1699)
t=24335ms iter=31 incumb=60.1699 ratchet=60.2361 best=60.1696 since_improve=13
t=24337ms iter=32 WAIST cost=57.0000 best_alt=3.0000 gap=54.0000 tried=5 sep_labels=3 clique_frac=1.00
t=24561ms iter=32 REBUILD reject new_tc=65.1256 (was 60.1699)
t=24720ms iter=32 incumb=60.1699 ratchet=60.2381 best=60.1696 since_improve=14
t=24723ms iter=33 WAIST cost=57.0000 best_alt=3.0000 gap=54.0000 tried=5 sep_labels=3 clique_frac=1.00
t=24959ms iter=33 REBUILD reject new_tc=61.3499 (was 60.1699)
t=25656ms iter=33 incumb=60.1699 ratchet=60.1861 best=60.1689 since_improve=15
t=25661ms iter=34 WAIST cost=57.0000 best_alt=3.0000 gap=54.0000 tried=5 sep_labels=3 clique_frac=1.00
t=25889ms iter=34 REBUILD reject new_tc=61.2007 (was 60.1699)
t=26042ms iter=34 incumb=60.1699 ratchet=60.3050 best=60.1689 since_improve=16
t=26045ms iter=35 WAIST cost=57.0000 best_alt=3.0000 gap=54.0000 tried=5 sep_labels=3 clique_frac=1.00
t=26272ms iter=35 REBUILD reject new_tc=61.5605 (was 60.1699)
t=26421ms iter=35 incumb=60.1699 ratchet=60.1744 best=60.1689 since_improve=17
t=26424ms iter=36 WAIST cost=57.0000 best_alt=3.0000 gap=54.0000 tried=5 sep_labels=3 clique_frac=1.00
t=26655ms iter=36 REBUILD reject new_tc=61.5580 (was 60.1699)
t=26807ms iter=36 incumb=60.1699 ratchet=60.1926 best=60.1689 since_improve=18
t=26809ms iter=37 WAIST cost=57.0000 best_alt=3.0000 gap=54.0000 tried=5 sep_labels=3 clique_frac=1.00
t=27032ms iter=37 REBUILD reject new_tc=61.8288 (was 60.1699)
t=27189ms iter=37 incumb=60.1699 ratchet=60.1713 best=60.1689 since_improve=19
t=27192ms iter=38 WAIST cost=57.0000 best_alt=3.0000 gap=54.0000 tried=5 sep_labels=3 clique_frac=1.00
t=27429ms iter=38 REBUILD reject new_tc=61.3654 (was 60.1699)
t=27588ms iter=38 incumb=60.1699 ratchet=60.2732 best=60.1689 since_improve=20
t=27590ms iter=39 WAIST cost=57.0000 best_alt=3.0000 gap=54.0000 tried=5 sep_labels=3 clique_frac=1.00
t=27820ms iter=39 REBUILD reject new_tc=61.3374 (was 60.1699)
t=28174ms iter=39 incumb=60.1699 ratchet=60.1616 best=60.1597 since_improve=0
t=28181ms iter=40 WAIST cost=57.0000 best_alt=52.0000 gap=5.0000 tried=5 sep_labels=52 clique_frac=0.01
t=28354ms iter=40 REBUILD reject new_tc=60.9145 (was 60.1616)
t=28516ms iter=40 incumb=60.1616 ratchet=60.4446 best=60.1597 since_improve=1
t=28523ms iter=41 WAIST cost=57.0000 best_alt=52.0000 gap=5.0000 tried=5 sep_labels=52 clique_frac=0.01
t=28699ms iter=41 REBUILD reject new_tc=65.6750 (was 60.1616)
t=28853ms iter=41 incumb=60.1616 ratchet=60.1706 best=60.1597 since_improve=2
t=28863ms iter=42 WAIST cost=57.0000 best_alt=51.0000 gap=6.0000 tried=5 sep_labels=51 clique_frac=0.01
t=29033ms iter=42 REBUILD reject new_tc=61.9156 (was 60.1616)
t=29195ms iter=42 incumb=60.1616 ratchet=60.2011 best=60.1597 since_improve=3
t=29201ms iter=43 WAIST cost=57.0000 best_alt=52.0000 gap=5.0000 tried=5 sep_labels=52 clique_frac=0.01
t=29370ms iter=43 REBUILD reject new_tc=61.8848 (was 60.1616)
t=29529ms iter=43 incumb=60.1616 ratchet=60.2056 best=60.1597 since_improve=4
t=29537ms iter=44 WAIST cost=57.0000 best_alt=51.0000 gap=6.0000 tried=5 sep_labels=51 clique_frac=0.01
t=29715ms iter=44 REBUILD reject new_tc=61.2685 (was 60.1616)
t=29872ms iter=44 incumb=60.1616 ratchet=60.2773 best=60.1597 since_improve=5
t=29880ms iter=45 WAIST cost=57.0000 best_alt=51.0000 gap=6.0000 tried=5 sep_labels=51 clique_frac=0.01
t=30027ms iter=45 REBUILD reject new_tc=70.8023 (was 60.1616)
t=30181ms iter=45 incumb=60.1616 ratchet=60.1856 best=60.1597 since_improve=6
t=30191ms iter=46 WAIST cost=57.0000 best_alt=51.0000 gap=6.0000 tried=5 sep_labels=51 clique_frac=0.01
t=30353ms iter=46 REBUILD reject new_tc=61.5064 (was 60.1616)
t=30511ms iter=46 incumb=60.1616 ratchet=60.1993 best=60.1597 since_improve=7
t=30519ms iter=47 WAIST cost=57.0000 best_alt=50.0000 gap=7.0000 tried=5 sep_labels=50 clique_frac=0.01
t=30684ms iter=47 REBUILD reject new_tc=65.1153 (was 60.1616)
t=30844ms iter=47 incumb=60.1616 ratchet=60.3712 best=60.1597 since_improve=8
t=30851ms iter=48 WAIST cost=57.0000 best_alt=52.0000 gap=5.0000 tried=5 sep_labels=52 clique_frac=0.01
t=31013ms iter=48 REBUILD reject new_tc=78.0000 (was 60.1616)
t=31169ms iter=48 incumb=60.1616 ratchet=60.5190 best=60.1597 since_improve=9
t=31177ms iter=49 WAIST cost=57.0000 best_alt=52.0000 gap=5.0000 tried=5 sep_labels=52 clique_frac=0.01
t=31350ms iter=49 REBUILD reject new_tc=61.0411 (was 60.1616)
t=31509ms iter=49 incumb=60.1616 ratchet=60.1701 best=60.1597 since_improve=10
t=31516ms iter=50 WAIST cost=57.0000 best_alt=52.0000 gap=5.0000 tried=5 sep_labels=52 clique_frac=0.01
t=31685ms iter=50 REBUILD reject new_tc=72.0005 (was 60.1616)
t=31840ms iter=50 incumb=60.1616 ratchet=60.2289 best=60.1597 since_improve=11
t=31850ms iter=51 WAIST cost=57.0000 best_alt=50.0000 gap=7.0000 tried=5 sep_labels=50 clique_frac=0.01
t=32010ms iter=51 REBUILD reject new_tc=61.6283 (was 60.1616)
t=32167ms iter=51 incumb=60.1616 ratchet=60.2170 best=60.1597 since_improve=12
t=32174ms iter=52 WAIST cost=57.0000 best_alt=50.0000 gap=7.0000 tried=5 sep_labels=50 clique_frac=0.01
t=32337ms iter=52 REBUILD reject new_tc=61.4023 (was 60.1616)
t=32523ms iter=52 incumb=60.1616 ratchet=60.3525 best=60.1597 since_improve=13
t=32531ms iter=53 WAIST cost=57.0000 best_alt=52.0000 gap=5.0000 tried=5 sep_labels=52 clique_frac=0.01
t=32708ms iter=53 REBUILD reject new_tc=60.9438 (was 60.1616)
t=32866ms iter=53 incumb=60.1616 ratchet=60.2304 best=60.1597 since_improve=14
t=32874ms iter=54 WAIST cost=57.0000 best_alt=52.0000 gap=5.0000 tried=5 sep_labels=52 clique_frac=0.01
t=33125ms iter=54 REBUILD reject new_tc=61.1693 (was 60.1616)
t=33280ms iter=54 incumb=60.1616 ratchet=60.1976 best=60.1597 since_improve=15
t=33288ms iter=55 WAIST cost=57.0000 best_alt=52.0000 gap=5.0000 tried=5 sep_labels=52 clique_frac=0.01
t=33464ms iter=55 REBUILD reject new_tc=60.8130 (was 60.1616)
t=33620ms iter=55 incumb=60.1616 ratchet=60.1778 best=60.1597 since_improve=16
t=33628ms iter=56 WAIST cost=57.0000 best_alt=52.0000 gap=5.0000 tried=5 sep_labels=52 clique_frac=0.01
t=33803ms iter=56 REBUILD reject new_tc=60.5145 (was 60.1616)
t=33961ms iter=56 incumb=60.1616 ratchet=60.1652 best=60.1597 since_improve=17
t=33969ms iter=57 WAIST cost=57.0000 best_alt=51.0000 gap=6.0000 tried=5 sep_labels=51 clique_frac=0.01
t=34126ms iter=57 REBUILD reject new_tc=60.8701 (was 60.1616)
t=34280ms iter=57 incumb=60.1616 ratchet=60.1816 best=60.1597 since_improve=18
t=34288ms iter=58 WAIST cost=57.0000 best_alt=52.0000 gap=5.0000 tried=5 sep_labels=52 clique_frac=0.01
t=34467ms iter=58 REBUILD reject new_tc=60.9958 (was 60.1616)
t=34622ms iter=58 incumb=60.1616 ratchet=60.2116 best=60.1597 since_improve=19
t=34631ms iter=59 WAIST cost=57.0000 best_alt=52.0000 gap=5.0000 tried=5 sep_labels=52 clique_frac=0.01
t=34796ms iter=59 REBUILD reject new_tc=62.1710 (was 60.1616)
t=34958ms iter=59 incumb=60.1616 ratchet=60.3490 best=60.1597 since_improve=20
t=34968ms iter=60 WAIST cost=57.0000 best_alt=52.0000 gap=5.0000 tried=5 sep_labels=52 clique_frac=0.01
t=35140ms iter=60 REBUILD reject new_tc=64.7206 (was 60.1616)
t=35302ms iter=60 incumb=60.1616 ratchet=60.1797 best=60.1597 since_improve=21
t=35313ms iter=61 WAIST cost=57.0000 best_alt=49.0000 gap=8.0000 tried=5 sep_labels=49 clique_frac=0.01
t=35467ms iter=61 REBUILD reject new_tc=61.6483 (was 60.1616)
t=35626ms iter=61 incumb=60.1616 ratchet=60.3682 best=60.1597 since_improve=22
t=35634ms iter=62 WAIST cost=57.0000 best_alt=51.0000 gap=6.0000 tried=5 sep_labels=51 clique_frac=0.01
t=35790ms iter=62 REBUILD reject new_tc=61.3367 (was 60.1616)
t=35948ms iter=62 incumb=60.1616 ratchet=60.3262 best=60.1597 since_improve=23
t=35959ms iter=63 WAIST cost=57.0000 best_alt=49.0000 gap=8.0000 tried=5 sep_labels=49 clique_frac=0.01
t=36103ms iter=63 REBUILD reject new_tc=74.0189 (was 60.1616)
t=36661ms iter=63 incumb=60.1616 ratchet=60.1572 best=60.1570 since_improve=0
t=36669ms iter=64 WAIST cost=57.0000 best_alt=52.0000 gap=5.0000 tried=5 sep_labels=52 clique_frac=0.01
t=36845ms iter=64 REBUILD reject new_tc=60.8178 (was 60.1572)
t=37006ms iter=64 incumb=60.1572 ratchet=60.3367 best=60.1570 since_improve=1
t=37015ms iter=65 WAIST cost=57.0000 best_alt=51.0000 gap=6.0000 tried=5 sep_labels=51 clique_frac=0.01
t=37175ms iter=65 REBUILD reject new_tc=75.0001 (was 60.1572)
t=37336ms iter=65 incumb=60.1572 ratchet=60.3704 best=60.1570 since_improve=2
t=37347ms iter=66 WAIST cost=57.0000 best_alt=51.0000 gap=6.0000 tried=5 sep_labels=51 clique_frac=0.01
t=37483ms iter=66 REBUILD reject new_tc=61.9531 (was 60.1572)
t=37637ms iter=66 incumb=60.1572 ratchet=60.2045 best=60.1570 since_improve=3
t=37646ms iter=67 WAIST cost=57.0000 best_alt=52.0000 gap=5.0000 tried=5 sep_labels=52 clique_frac=0.01
t=37815ms iter=67 REBUILD reject new_tc=62.9954 (was 60.1572)
t=37976ms iter=67 incumb=60.1572 ratchet=60.2139 best=60.1570 since_improve=4
t=37985ms iter=68 WAIST cost=57.0000 best_alt=50.0000 gap=7.0000 tried=5 sep_labels=50 clique_frac=0.01
t=38143ms iter=68 REBUILD reject new_tc=60.8493 (was 60.1572)
t=38301ms iter=68 incumb=60.1572 ratchet=60.6126 best=60.1570 since_improve=5
t=38312ms iter=69 WAIST cost=57.0000 best_alt=50.0000 gap=7.0000 tried=5 sep_labels=50 clique_frac=0.01
t=38461ms iter=69 REBUILD reject new_tc=61.2430 (was 60.1572)
t=38608ms iter=69 incumb=60.1572 ratchet=60.2011 best=60.1570 since_improve=6
t=38616ms iter=70 WAIST cost=57.0000 best_alt=52.0000 gap=5.0000 tried=5 sep_labels=52 clique_frac=0.01
t=38784ms iter=70 REBUILD reject new_tc=60.9851 (was 60.1572)
t=38939ms iter=70 incumb=60.1572 ratchet=60.2116 best=60.1570 since_improve=7
t=38946ms iter=71 WAIST cost=57.0000 best_alt=52.0000 gap=5.0000 tried=5 sep_labels=52 clique_frac=0.01
t=39112ms iter=71 REBUILD reject new_tc=66.0396 (was 60.1572)
t=39261ms iter=71 incumb=60.1572 ratchet=60.1915 best=60.1570 since_improve=8
t=39270ms iter=72 WAIST cost=57.0000 best_alt=51.0000 gap=6.0000 tried=5 sep_labels=51 clique_frac=0.01
t=39415ms iter=72 REBUILD reject new_tc=61.6478 (was 60.1572)
t=39559ms iter=72 incumb=60.1572 ratchet=60.6682 best=60.1570 since_improve=9
t=39568ms iter=73 WAIST cost=57.0000 best_alt=52.0000 gap=5.0000 tried=5 sep_labels=52 clique_frac=0.01
t=39725ms iter=73 REBUILD reject new_tc=60.9095 (was 60.1572)
t=39870ms iter=73 incumb=60.1572 ratchet=60.3034 best=60.1570 since_improve=10
t=39879ms iter=74 WAIST cost=57.0000 best_alt=52.0000 gap=5.0000 tried=5 sep_labels=52 clique_frac=0.01
t=40040ms iter=74 REBUILD reject new_tc=72.0127 (was 60.1572)
t=40190ms iter=74 incumb=60.1572 ratchet=60.2172 best=60.1570 since_improve=11
t=40198ms iter=75 WAIST cost=57.0000 best_alt=52.0000 gap=5.0000 tried=5 sep_labels=52 clique_frac=0.01
t=40366ms iter=75 REBUILD reject new_tc=60.9130 (was 60.1572)
t=40516ms iter=75 incumb=60.1572 ratchet=60.2232 best=60.1570 since_improve=12
t=40524ms iter=76 WAIST cost=57.0000 best_alt=51.0000 gap=6.0000 tried=5 sep_labels=51 clique_frac=0.01
t=40671ms iter=76 REBUILD reject new_tc=61.2506 (was 60.1572)
t=40810ms iter=76 incumb=60.1572 ratchet=60.3179 best=60.1570 since_improve=13
t=40814ms iter=77 WAIST cost=57.0000 best_alt=52.0000 gap=5.0000 tried=5 sep_labels=52 clique_frac=0.01
t=40957ms iter=77 REBUILD reject new_tc=69.0034 (was 60.1572)
t=41107ms iter=77 incumb=60.1572 ratchet=60.3628 best=60.1570 since_improve=14
t=41116ms iter=78 WAIST cost=57.0000 best_alt=52.0000 gap=5.0000 tried=5 sep_labels=52 clique_frac=0.01
t=41291ms iter=78 REBUILD reject new_tc=61.6985 (was 60.1572)
t=41437ms iter=78 incumb=60.1572 ratchet=60.3092 best=60.1570 since_improve=15
t=41446ms iter=79 WAIST cost=57.0000 best_alt=52.0000 gap=5.0000 tried=5 sep_labels=52 clique_frac=0.01
t=41610ms iter=79 REBUILD reject new_tc=60.7432 (was 60.1572)
t=41761ms iter=79 incumb=60.1572 ratchet=60.2569 best=60.1570 since_improve=16
t=41771ms iter=80 WAIST cost=57.0000 best_alt=50.0000 gap=7.0000 tried=5 sep_labels=50 clique_frac=0.01
t=41915ms iter=80 REBUILD reject new_tc=61.1233 (was 60.1572)
t=42072ms iter=80 incumb=60.1572 ratchet=60.3196 best=60.1570 since_improve=17
t=42081ms iter=81 WAIST cost=57.0000 best_alt=52.0000 gap=5.0000 tried=5 sep_labels=52 clique_frac=0.01
t=42241ms iter=81 REBUILD reject new_tc=60.4212 (was 60.1572)
t=42393ms iter=81 incumb=60.1572 ratchet=60.1817 best=60.1570 since_improve=18
t=42399ms iter=82 WAIST cost=57.0000 best_alt=52.0000 gap=5.0000 tried=5 sep_labels=52 clique_frac=0.01
t=42565ms iter=82 REBUILD reject new_tc=61.0717 (was 60.1572)
t=42676ms iter=82 incumb=60.1572 ratchet=60.3016 best=60.1570 since_improve=19
t=42680ms iter=83 WAIST cost=57.0000 best_alt=52.0000 gap=5.0000 tried=5 sep_labels=52 clique_frac=0.01
t=42789ms iter=83 REBUILD reject new_tc=61.3170 (was 60.1572)
t=42921ms iter=83 incumb=60.1572 ratchet=60.3206 best=60.1570 since_improve=20
t=42932ms iter=84 WAIST cost=57.0000 best_alt=50.0000 gap=7.0000 tried=5 sep_labels=50 clique_frac=0.01
t=43081ms iter=84 REBUILD reject new_tc=60.9302 (was 60.1572)
t=43229ms iter=84 incumb=60.1572 ratchet=60.3035 best=60.1570 since_improve=21
t=43235ms iter=85 WAIST cost=57.0000 best_alt=52.0000 gap=5.0000 tried=5 sep_labels=52 clique_frac=0.01
t=43404ms iter=85 REBUILD reject new_tc=60.5321 (was 60.1572)
t=43554ms iter=85 incumb=60.1572 ratchet=60.6079 best=60.1570 since_improve=22
t=43561ms iter=86 WAIST cost=57.0000 best_alt=52.0000 gap=5.0000 tried=5 sep_labels=52 clique_frac=0.01
t=43723ms iter=86 REBUILD reject new_tc=60.9436 (was 60.1572)
t=43854ms iter=86 incumb=60.1572 ratchet=60.4513 best=60.1570 since_improve=23
t=43862ms iter=87 WAIST cost=57.0000 best_alt=51.0000 gap=6.0000 tried=5 sep_labels=51 clique_frac=0.01
t=44031ms iter=87 REBUILD reject new_tc=61.0827 (was 60.1572)
t=44178ms iter=87 incumb=60.1572 ratchet=60.2145 best=60.1570 since_improve=24
t=44185ms iter=88 WAIST cost=57.0000 best_alt=52.0000 gap=5.0000 tried=5 sep_labels=52 clique_frac=0.01
t=44351ms iter=88 REBUILD reject new_tc=60.8964 (was 60.1572)
t=44499ms iter=88 incumb=60.1572 ratchet=60.3936 best=60.1570 since_improve=25
t=44509ms iter=89 WAIST cost=57.0000 best_alt=50.0000 gap=7.0000 tried=5 sep_labels=50 clique_frac=0.01
t=44647ms iter=89 REBUILD reject new_tc=69.0072 (was 60.1572)
t=44785ms iter=89 incumb=60.1572 ratchet=60.2004 best=60.1570 since_improve=26
t=44793ms iter=90 WAIST cost=57.0000 best_alt=52.0000 gap=5.0000 tried=5 sep_labels=52 clique_frac=0.01
t=44958ms iter=90 REBUILD reject new_tc=60.8285 (was 60.1572)
t=45110ms iter=90 incumb=60.1572 ratchet=60.3054 best=60.1570 since_improve=27
t=45116ms iter=91 WAIST cost=57.0000 best_alt=52.0000 gap=5.0000 tried=5 sep_labels=52 clique_frac=0.01
t=45284ms iter=91 REBUILD reject new_tc=61.0123 (was 60.1572)
t=46070ms iter=91 incumb=60.1572 ratchet=60.1653 best=60.1469 since_improve=28
t=46077ms iter=92 WAIST cost=57.0000 best_alt=51.0000 gap=6.0000 tried=5 sep_labels=51 clique_frac=0.01
t=46225ms iter=92 REBUILD reject new_tc=61.4765 (was 60.1572)
t=46344ms iter=92 incumb=60.1572 ratchet=60.2799 best=60.1469 since_improve=29
t=46348ms iter=93 WAIST cost=57.0000 best_alt=52.0000 gap=5.0000 tried=5 sep_labels=52 clique_frac=0.01
t=46462ms iter=93 REBUILD reject new_tc=60.8297 (was 60.1572)
t=46565ms iter=93 incumb=60.1572 ratchet=60.3455 best=60.1469 since_improve=30
t=46570ms iter=94 WAIST cost=57.0000 best_alt=52.0000 gap=5.0000 tried=5 sep_labels=52 clique_frac=0.01
t=46679ms iter=94 REBUILD reject new_tc=63.7369 (was 60.1572)
t=46780ms iter=94 incumb=60.1572 ratchet=60.1923 best=60.1469 since_improve=31
t=46785ms iter=95 WAIST cost=57.0000 best_alt=51.0000 gap=6.0000 tried=5 sep_labels=51 clique_frac=0.01
t=46915ms iter=95 REBUILD reject new_tc=61.1500 (was 60.1572)
t=47071ms iter=95 incumb=60.1572 ratchet=60.1647 best=60.1469 since_improve=32
t=47079ms iter=96 WAIST cost=57.0000 best_alt=52.0000 gap=5.0000 tried=5 sep_labels=52 clique_frac=0.01
t=47250ms iter=96 REBUILD reject new_tc=60.7740 (was 60.1572)
t=47396ms iter=96 incumb=60.1572 ratchet=60.1890 best=60.1469 since_improve=33
t=47410ms iter=97 WAIST cost=57.0000 best_alt=52.0000 gap=5.0000 tried=5 sep_labels=52 clique_frac=0.01
t=47630ms iter=97 REBUILD reject new_tc=60.7878 (was 60.1572)
t=47733ms iter=97 incumb=60.1572 ratchet=60.4188 best=60.1469 since_improve=34
t=47737ms iter=98 WAIST cost=57.0000 best_alt=52.0000 gap=5.0000 tried=5 sep_labels=52 clique_frac=0.01
t=47846ms iter=98 REBUILD reject new_tc=75.0002 (was 60.1572)
t=47997ms iter=98 incumb=60.1572 ratchet=60.2140 best=60.1469 since_improve=35
t=48005ms iter=99 WAIST cost=57.0000 best_alt=52.0000 gap=5.0000 tried=5 sep_labels=52 clique_frac=0.01
t=48169ms iter=99 REBUILD reject new_tc=61.3471 (was 60.1572)
t=48317ms iter=99 incumb=60.1572 ratchet=60.1725 best=60.1469 since_improve=36
t=48325ms iter=100 WAIST cost=57.0000 best_alt=49.0000 gap=8.0000 tried=5 sep_labels=49 clique_frac=0.01
t=48468ms iter=100 REBUILD reject new_tc=65.1225 (was 60.1572)
t=48614ms iter=100 incumb=60.1572 ratchet=60.2065 best=60.1469 since_improve=37
t=48624ms iter=101 WAIST cost=57.0000 best_alt=51.0000 gap=6.0000 tried=5 sep_labels=51 clique_frac=0.01
t=48783ms iter=101 REBUILD reject new_tc=64.4476 (was 60.1572)
t=48926ms iter=101 incumb=60.1572 ratchet=60.4128 best=60.1469 since_improve=38
t=48933ms iter=102 WAIST cost=57.0000 best_alt=52.0000 gap=5.0000 tried=5 sep_labels=52 clique_frac=0.01
t=49097ms iter=102 REBUILD reject new_tc=61.5823 (was 60.1572)
t=49243ms iter=102 incumb=60.1572 ratchet=60.1942 best=60.1469 since_improve=39
t=49252ms iter=103 WAIST cost=57.0000 best_alt=52.0000 gap=5.0000 tried=5 sep_labels=52 clique_frac=0.01
t=49415ms iter=103 REBUILD reject new_tc=60.7059 (was 60.1572)
t=49566ms iter=103 incumb=60.1572 ratchet=60.1920 best=60.1469 since_improve=40
t=49574ms iter=104 WAIST cost=57.0000 best_alt=51.0000 gap=6.0000 tried=5 sep_labels=51 clique_frac=0.01
t=49712ms iter=104 REBUILD reject new_tc=61.3074 (was 60.1572)
t=49814ms iter=104 incumb=60.1572 ratchet=60.1967 best=60.1469 since_improve=41
t=49819ms iter=105 WAIST cost=57.0000 best_alt=51.0000 gap=6.0000 tried=5 sep_labels=51 clique_frac=0.01
t=49987ms iter=105 REBUILD reject new_tc=61.4919 (was 60.1572)
t=50135ms iter=105 incumb=60.1572 ratchet=60.3497 best=60.1469 since_improve=42
t=50145ms iter=106 WAIST cost=57.0000 best_alt=52.0000 gap=5.0000 tried=5 sep_labels=52 clique_frac=0.01
t=50312ms iter=106 REBUILD reject new_tc=60.9083 (was 60.1572)
t=50461ms iter=106 incumb=60.1572 ratchet=60.6651 best=60.1469 since_improve=43
t=50470ms iter=107 WAIST cost=57.0000 best_alt=52.0000 gap=5.0000 tried=5 sep_labels=52 clique_frac=0.01
t=50625ms iter=107 REBUILD reject new_tc=60.9091 (was 60.1572)
t=50729ms iter=107 incumb=60.1572 ratchet=60.3010 best=60.1469 since_improve=44
t=50733ms iter=108 WAIST cost=57.0000 best_alt=52.0000 gap=5.0000 tried=5 sep_labels=52 clique_frac=0.01
t=50847ms iter=108 REBUILD reject new_tc=60.9095 (was 60.1572)
t=50999ms iter=108 incumb=60.1572 ratchet=60.2336 best=60.1469 since_improve=45
t=51008ms iter=109 WAIST cost=57.0000 best_alt=49.0000 gap=8.0000 tried=5 sep_labels=49 clique_frac=0.01
t=51156ms iter=109 REBUILD reject new_tc=61.4151 (was 60.1572)
t=51306ms iter=109 incumb=60.1572 ratchet=60.2193 best=60.1469 since_improve=46
t=51314ms iter=110 WAIST cost=57.0000 best_alt=52.0000 gap=5.0000 tried=5 sep_labels=52 clique_frac=0.01
t=51471ms iter=110 REBUILD reject new_tc=73.0085 (was 60.1572)
t=51620ms iter=110 incumb=60.1572 ratchet=60.3833 best=60.1469 since_improve=47
t=51627ms iter=111 WAIST cost=57.0000 best_alt=52.0000 gap=5.0000 tried=5 sep_labels=52 clique_frac=0.01
t=51775ms iter=111 REBUILD reject new_tc=66.2168 (was 60.1572)
t=51897ms iter=111 incumb=60.1572 ratchet=60.3461 best=60.1469 since_improve=48
t=51906ms iter=112 WAIST cost=57.0000 best_alt=49.0000 gap=8.0000 tried=5 sep_labels=49 clique_frac=0.01
t=52051ms iter=112 REBUILD reject new_tc=61.4093 (was 60.1572)
t=52196ms iter=112 incumb=60.1572 ratchet=60.1813 best=60.1469 since_improve=49
t=52204ms iter=113 WAIST cost=57.0000 best_alt=52.0000 gap=5.0000 tried=5 sep_labels=52 clique_frac=0.01
t=52376ms iter=113 REBUILD reject new_tc=60.9929 (was 60.1572)
t=52535ms iter=113 incumb=60.1572 ratchet=60.1966 best=60.1469 since_improve=50
t=52542ms iter=114 WAIST cost=57.0000 best_alt=52.0000 gap=5.0000 tried=5 sep_labels=52 clique_frac=0.01
t=52716ms iter=114 REBUILD reject new_tc=60.6764 (was 60.1572)
t=52874ms iter=114 incumb=60.1572 ratchet=60.1967 best=60.1469 since_improve=51
t=52883ms iter=115 WAIST cost=57.0000 best_alt=50.0000 gap=7.0000 tried=5 sep_labels=50 clique_frac=0.01
t=53025ms iter=115 REBUILD reject new_tc=61.4214 (was 60.1572)
t=53175ms iter=115 incumb=60.1572 ratchet=60.3426 best=60.1469 since_improve=52
t=53182ms iter=116 WAIST cost=57.0000 best_alt=52.0000 gap=5.0000 tried=5 sep_labels=52 clique_frac=0.01
t=53358ms iter=116 REBUILD reject new_tc=60.9578 (was 60.1572)
t=53514ms iter=116 incumb=60.1572 ratchet=60.2996 best=60.1469 since_improve=53
t=53521ms iter=117 WAIST cost=57.0000 best_alt=52.0000 gap=5.0000 tried=5 sep_labels=52 clique_frac=0.01
t=53679ms iter=117 REBUILD reject new_tc=61.0170 (was 60.1572)
t=53828ms iter=117 incumb=60.1572 ratchet=60.1562 best=60.1469 since_improve=0
t=53835ms iter=118 WAIST cost=57.0000 best_alt=52.0000 gap=5.0000 tried=5 sep_labels=52 clique_frac=0.01
t=53999ms iter=118 REBUILD reject new_tc=60.9670 (was 60.1562)
t=54151ms iter=118 incumb=60.1562 ratchet=60.3443 best=60.1469 since_improve=1
t=54159ms iter=119 WAIST cost=57.0000 best_alt=52.0000 gap=5.0000 tried=5 sep_labels=52 clique_frac=0.01
t=54320ms iter=119 REBUILD reject new_tc=68.0088 (was 60.1562)
t=54469ms iter=119 incumb=60.1562 ratchet=60.2330 best=60.1469 since_improve=2
t=54478ms iter=120 WAIST cost=57.0000 best_alt=51.0000 gap=6.0000 tried=5 sep_labels=51 clique_frac=0.01
t=54615ms iter=120 REBUILD reject new_tc=78.0002 (was 60.1562)
t=54772ms iter=120 incumb=60.1562 ratchet=60.6973 best=60.1469 since_improve=3
t=54779ms iter=121 WAIST cost=57.0000 best_alt=52.0000 gap=5.0000 tried=5 sep_labels=52 clique_frac=0.01
t=54939ms iter=121 REBUILD reject new_tc=64.8712 (was 60.1562)
t=55084ms iter=121 incumb=60.1562 ratchet=60.3500 best=60.1469 since_improve=4
t=55095ms iter=122 WAIST cost=57.0000 best_alt=52.0000 gap=5.0000 tried=5 sep_labels=52 clique_frac=0.01
t=55255ms iter=122 REBUILD reject new_tc=60.8217 (was 60.1562)
t=55399ms iter=122 incumb=60.1562 ratchet=60.1772 best=60.1469 since_improve=5
t=55408ms iter=123 WAIST cost=57.0000 best_alt=52.0000 gap=5.0000 tried=5 sep_labels=52 clique_frac=0.01
t=55569ms iter=123 REBUILD reject new_tc=60.8490 (was 60.1562)
t=55716ms iter=123 incumb=60.1562 ratchet=61.3983 best=60.1469 since_improve=6
t=55721ms iter=124 WAIST cost=57.0000 best_alt=52.0000 gap=5.0000 tried=5 sep_labels=52 clique_frac=0.01
t=55834ms iter=124 REBUILD reject new_tc=60.5945 (was 60.1562)
t=55983ms iter=124 incumb=60.1562 ratchet=60.2757 best=60.1469 since_improve=7
t=55991ms iter=125 WAIST cost=57.0000 best_alt=51.0000 gap=6.0000 tried=5 sep_labels=51 clique_frac=0.01
t=56137ms iter=125 REBUILD reject new_tc=61.5830 (was 60.1562)
t=56292ms iter=125 incumb=60.1562 ratchet=60.3124 best=60.1469 since_improve=8
t=56299ms iter=126 WAIST cost=57.0000 best_alt=52.0000 gap=5.0000 tried=5 sep_labels=52 clique_frac=0.01
t=56470ms iter=126 REBUILD reject new_tc=60.6317 (was 60.1562)
t=56626ms iter=126 incumb=60.1562 ratchet=60.1819 best=60.1469 since_improve=9
t=56635ms iter=127 WAIST cost=57.0000 best_alt=50.0000 gap=7.0000 tried=5 sep_labels=50 clique_frac=0.01
t=56781ms iter=127 REBUILD reject new_tc=62.0375 (was 60.1562)
t=56935ms iter=127 incumb=60.1562 ratchet=60.3012 best=60.1469 since_improve=10
t=56943ms iter=128 WAIST cost=57.0000 best_alt=52.0000 gap=5.0000 tried=5 sep_labels=52 clique_frac=0.01
t=57112ms iter=128 REBUILD reject new_tc=74.2315 (was 60.1562)
t=57268ms iter=128 incumb=60.1562 ratchet=60.3004 best=60.1469 since_improve=11
t=57276ms iter=129 WAIST cost=57.0000 best_alt=49.0000 gap=8.0000 tried=5 sep_labels=49 clique_frac=0.01
t=57425ms iter=129 REBUILD reject new_tc=61.4487 (was 60.1562)
t=57584ms iter=129 incumb=60.1562 ratchet=60.2777 best=60.1469 since_improve=12
t=57594ms iter=130 WAIST cost=57.0000 best_alt=51.0000 gap=6.0000 tried=5 sep_labels=51 clique_frac=0.01
t=57753ms iter=130 REBUILD reject new_tc=74.0148 (was 60.1562)
t=57910ms iter=130 incumb=60.1562 ratchet=60.1827 best=60.1469 since_improve=13
t=57917ms iter=131 WAIST cost=57.0000 best_alt=52.0000 gap=5.0000 tried=5 sep_labels=52 clique_frac=0.01
t=58088ms iter=131 REBUILD reject new_tc=60.8015 (was 60.1562)
t=58246ms iter=131 incumb=60.1562 ratchet=60.4256 best=60.1469 since_improve=14
t=58254ms iter=132 WAIST cost=57.0000 best_alt=51.0000 gap=6.0000 tried=5 sep_labels=51 clique_frac=0.01
t=58414ms iter=132 REBUILD reject new_tc=61.5116 (was 60.1562)
t=58573ms iter=132 incumb=60.1562 ratchet=60.2016 best=60.1469 since_improve=15
t=58582ms iter=133 WAIST cost=57.0000 best_alt=50.0000 gap=7.0000 tried=5 sep_labels=50 clique_frac=0.01
t=58733ms iter=133 REBUILD reject new_tc=61.5511 (was 60.1562)
t=58883ms iter=133 incumb=60.1562 ratchet=60.1816 best=60.1469 since_improve=16
t=58891ms iter=134 WAIST cost=57.0000 best_alt=52.0000 gap=5.0000 tried=5 sep_labels=52 clique_frac=0.01
t=59064ms iter=134 REBUILD reject new_tc=60.6475 (was 60.1562)
t=59219ms iter=134 incumb=60.1562 ratchet=60.3506 best=60.1469 since_improve=17
t=59227ms iter=135 WAIST cost=57.0000 best_alt=52.0000 gap=5.0000 tried=5 sep_labels=52 clique_frac=0.01
t=59400ms iter=135 REBUILD reject new_tc=60.9293 (was 60.1562)
t=59553ms iter=135 incumb=60.1562 ratchet=60.3195 best=60.1469 since_improve=18
t=59562ms iter=136 WAIST cost=57.0000 best_alt=52.0000 gap=5.0000 tried=5 sep_labels=52 clique_frac=0.01
t=59724ms iter=136 REBUILD reject new_tc=74.0001 (was 60.1562)
t=59878ms iter=136 incumb=60.1562 ratchet=60.4040 best=60.1469 since_improve=19
t=59887ms iter=137 WAIST cost=57.0000 best_alt=52.0000 gap=5.0000 tried=5 sep_labels=52 clique_frac=0.01
t=60060ms iter=137 REBUILD reject new_tc=60.7656 (was 60.1562)
t=60212ms iter=137 incumb=60.1562 ratchet=60.1735 best=60.1469 since_improve=20
t=60219ms iter=138 WAIST cost=57.0000 best_alt=52.0000 gap=5.0000 tried=5 sep_labels=52 clique_frac=0.01
t=60390ms iter=138 REBUILD reject new_tc=61.7200 (was 60.1562)
t=60544ms iter=138 incumb=60.1562 ratchet=60.3327 best=60.1469 since_improve=21
t=60553ms iter=139 WAIST cost=57.0000 best_alt=52.0000 gap=5.0000 tried=5 sep_labels=52 clique_frac=0.01
t=60734ms iter=139 REBUILD reject new_tc=60.9760 (was 60.1562)
t=60888ms iter=139 incumb=60.1562 ratchet=60.2015 best=60.1469 since_improve=22
t=60895ms iter=140 WAIST cost=57.0000 best_alt=52.0000 gap=5.0000 tried=5 sep_labels=52 clique_frac=0.01
t=61062ms iter=140 REBUILD reject new_tc=72.0304 (was 60.1562)
t=61218ms iter=140 incumb=60.1562 ratchet=60.7529 best=60.1469 since_improve=23
t=61228ms iter=141 WAIST cost=57.0000 best_alt=50.0000 gap=7.0000 tried=5 sep_labels=50 clique_frac=0.01
t=61375ms iter=141 REBUILD reject new_tc=61.7953 (was 60.1562)
t=61533ms iter=141 incumb=60.1562 ratchet=60.2057 best=60.1469 since_improve=24
t=61542ms iter=142 WAIST cost=57.0000 best_alt=52.0000 gap=5.0000 tried=5 sep_labels=52 clique_frac=0.01
t=61705ms iter=142 REBUILD reject new_tc=69.0044 (was 60.1562)
t=61861ms iter=142 incumb=60.1562 ratchet=60.1898 best=60.1469 since_improve=25
t=61871ms iter=143 WAIST cost=57.0000 best_alt=52.0000 gap=5.0000 tried=5 sep_labels=52 clique_frac=0.01
t=62045ms iter=143 REBUILD reject new_tc=60.9748 (was 60.1562)
t=62205ms iter=143 incumb=60.1562 ratchet=60.2220 best=60.1469 since_improve=26
t=62212ms iter=144 WAIST cost=57.0000 best_alt=51.0000 gap=6.0000 tried=5 sep_labels=51 clique_frac=0.01
t=62363ms iter=144 REBUILD reject new_tc=61.7766 (was 60.1562)
t=62522ms iter=144 incumb=60.1562 ratchet=60.2366 best=60.1469 since_improve=27
t=62530ms iter=145 WAIST cost=57.0000 best_alt=51.0000 gap=6.0000 tried=5 sep_labels=51 clique_frac=0.01
t=62665ms iter=145 REBUILD reject new_tc=78.0001 (was 60.1562)
t=62822ms iter=145 incumb=60.1562 ratchet=60.6521 best=60.1469 since_improve=28
t=62832ms iter=146 WAIST cost=57.0000 best_alt=49.0000 gap=8.0000 tried=5 sep_labels=49 clique_frac=0.01
t=62987ms iter=146 REBUILD reject new_tc=61.5378 (was 60.1562)
t=63144ms iter=146 incumb=60.1562 ratchet=60.2036 best=60.1469 since_improve=29
t=63152ms iter=147 WAIST cost=57.0000 best_alt=52.0000 gap=5.0000 tried=5 sep_labels=52 clique_frac=0.01
t=63324ms iter=147 REBUILD reject new_tc=60.7186 (was 60.1562)
t=63476ms iter=147 incumb=60.1562 ratchet=60.2431 best=60.1469 since_improve=30
t=63484ms iter=148 WAIST cost=57.0000 best_alt=49.0000 gap=8.0000 tried=5 sep_labels=49 clique_frac=0.01
t=63637ms iter=148 REBUILD reject new_tc=60.9964 (was 60.1562)
t=63796ms iter=148 incumb=60.1562 ratchet=60.2578 best=60.1469 since_improve=31
t=63804ms iter=149 WAIST cost=57.0000 best_alt=52.0000 gap=5.0000 tried=5 sep_labels=52 clique_frac=0.01
t=63973ms iter=149 REBUILD reject new_tc=60.2204 (was 60.1562)
t=64134ms iter=149 incumb=60.1562 ratchet=60.3439 best=60.1469 since_improve=32
t=64141ms iter=150 WAIST cost=57.0000 best_alt=52.0000 gap=5.0000 tried=5 sep_labels=52 clique_frac=0.01
t=64316ms iter=150 REBUILD reject new_tc=60.8188 (was 60.1562)
t=64470ms iter=150 incumb=60.1562 ratchet=60.3163 best=60.1469 since_improve=33
t=64480ms iter=151 WAIST cost=57.0000 best_alt=49.0000 gap=8.0000 tried=5 sep_labels=49 clique_frac=0.01
t=64636ms iter=151 REBUILD reject new_tc=61.6076 (was 60.1562)
t=64796ms iter=151 incumb=60.1562 ratchet=60.1996 best=60.1469 since_improve=34
t=64804ms iter=152 WAIST cost=57.0000 best_alt=52.0000 gap=5.0000 tried=5 sep_labels=52 clique_frac=0.01
t=64963ms iter=152 REBUILD reject new_tc=62.5179 (was 60.1562)
t=65126ms iter=152 incumb=60.1562 ratchet=60.2229 best=60.1469 since_improve=35
t=65135ms iter=153 WAIST cost=57.0000 best_alt=49.0000 gap=8.0000 tried=5 sep_labels=49 clique_frac=0.01
t=65283ms iter=153 REBUILD reject new_tc=62.5801 (was 60.1562)
t=65444ms iter=153 incumb=60.1562 ratchet=60.3484 best=60.1469 since_improve=36
t=65451ms iter=154 WAIST cost=57.0000 best_alt=51.0000 gap=6.0000 tried=5 sep_labels=51 clique_frac=0.01
t=65622ms iter=154 REBUILD reject new_tc=61.3649 (was 60.1562)
t=65785ms iter=154 incumb=60.1562 ratchet=60.5222 best=60.1469 since_improve=37
t=65793ms iter=155 WAIST cost=57.0000 best_alt=52.0000 gap=5.0000 tried=5 sep_labels=52 clique_frac=0.01
t=65965ms iter=155 REBUILD reject new_tc=61.0380 (was 60.1562)
t=66122ms iter=155 incumb=60.1562 ratchet=60.1744 best=60.1469 since_improve=38
t=66130ms iter=156 WAIST cost=57.0000 best_alt=51.0000 gap=6.0000 tried=5 sep_labels=51 clique_frac=0.01
t=66281ms iter=156 REBUILD reject new_tc=61.1076 (was 60.1562)
t=66436ms iter=156 incumb=60.1562 ratchet=61.3683 best=60.1469 since_improve=39
t=66446ms iter=157 WAIST cost=57.0000 best_alt=51.0000 gap=6.0000 tried=5 sep_labels=51 clique_frac=0.01
t=66601ms iter=157 REBUILD reject new_tc=62.3873 (was 60.1562)
t=66758ms iter=157 incumb=60.1562 ratchet=60.2165 best=60.1469 since_improve=40
t=66766ms iter=158 WAIST cost=57.0000 best_alt=51.0000 gap=6.0000 tried=5 sep_labels=51 clique_frac=0.01
t=66932ms iter=158 REBUILD reject new_tc=61.6102 (was 60.1562)
t=67088ms iter=158 incumb=60.1562 ratchet=60.2173 best=60.1469 since_improve=41
t=67096ms iter=159 WAIST cost=57.0000 best_alt=52.0000 gap=5.0000 tried=5 sep_labels=52 clique_frac=0.01
t=67269ms iter=159 REBUILD reject new_tc=60.5806 (was 60.1562)
t=67423ms iter=159 incumb=60.1562 ratchet=60.2497 best=60.1469 since_improve=42
t=67433ms iter=160 WAIST cost=57.0000 best_alt=52.0000 gap=5.0000 tried=5 sep_labels=52 clique_frac=0.01
t=67598ms iter=160 REBUILD reject new_tc=60.8572 (was 60.1562)
t=67753ms iter=160 incumb=60.1562 ratchet=60.2423 best=60.1469 since_improve=43
t=67761ms iter=161 WAIST cost=57.0000 best_alt=51.0000 gap=6.0000 tried=5 sep_labels=51 clique_frac=0.01
t=67929ms iter=161 REBUILD reject new_tc=61.3994 (was 60.1562)
t=68082ms iter=161 incumb=60.1562 ratchet=60.2212 best=60.1469 since_improve=44
t=68091ms iter=162 WAIST cost=57.0000 best_alt=49.0000 gap=8.0000 tried=5 sep_labels=49 clique_frac=0.01
t=68242ms iter=162 REBUILD reject new_tc=68.3771 (was 60.1562)
t=68402ms iter=162 incumb=60.1562 ratchet=60.2205 best=60.1469 since_improve=45
t=68409ms iter=163 WAIST cost=57.0000 best_alt=52.0000 gap=5.0000 tried=5 sep_labels=52 clique_frac=0.01
t=68581ms iter=163 REBUILD reject new_tc=61.1551 (was 60.1562)
t=68737ms iter=163 incumb=60.1562 ratchet=60.2046 best=60.1469 since_improve=46
t=68743ms iter=164 WAIST cost=57.0000 best_alt=52.0000 gap=5.0000 tried=5 sep_labels=52 clique_frac=0.01
t=68918ms iter=164 REBUILD reject new_tc=60.3819 (was 60.1562)
t=69080ms iter=164 incumb=60.1562 ratchet=60.2938 best=60.1469 since_improve=47
t=69090ms iter=165 WAIST cost=57.0000 best_alt=52.0000 gap=5.0000 tried=5 sep_labels=52 clique_frac=0.01
t=69262ms iter=165 REBUILD reject new_tc=60.9322 (was 60.1562)
t=69415ms iter=165 incumb=60.1562 ratchet=60.4026 best=60.1469 since_improve=48
t=69424ms iter=166 WAIST cost=57.0000 best_alt=49.0000 gap=8.0000 tried=5 sep_labels=49 clique_frac=0.01
t=69575ms iter=166 REBUILD reject new_tc=61.3687 (was 60.1562)
t=69732ms iter=166 incumb=60.1562 ratchet=60.2223 best=60.1469 since_improve=49
t=69740ms iter=167 WAIST cost=57.0000 best_alt=51.0000 gap=6.0000 tried=5 sep_labels=51 clique_frac=0.01
t=69893ms iter=167 REBUILD reject new_tc=61.8840 (was 60.1562)
t=70048ms iter=167 incumb=60.1562 ratchet=60.5633 best=60.1469 since_improve=50
t=70055ms iter=168 WAIST cost=57.0000 best_alt=52.0000 gap=5.0000 tried=5 sep_labels=52 clique_frac=0.01
t=70231ms iter=168 REBUILD reject new_tc=60.4744 (was 60.1562)
t=70393ms iter=168 incumb=60.1562 ratchet=60.2801 best=60.1469 since_improve=51
t=70399ms iter=169 WAIST cost=57.0000 best_alt=51.0000 gap=6.0000 tried=5 sep_labels=51 clique_frac=0.01
t=70547ms iter=169 REBUILD reject new_tc=71.0574 (was 60.1562)
t=70700ms iter=169 incumb=60.1562 ratchet=60.2088 best=60.1469 since_improve=52
t=70709ms iter=170 WAIST cost=57.0000 best_alt=52.0000 gap=5.0000 tried=5 sep_labels=52 clique_frac=0.01
t=70879ms iter=170 REBUILD reject new_tc=60.9329 (was 60.1562)
t=71033ms iter=170 incumb=60.1562 ratchet=60.1799 best=60.1469 since_improve=53
t=71043ms iter=171 WAIST cost=57.0000 best_alt=51.0000 gap=6.0000 tried=5 sep_labels=51 clique_frac=0.01
t=71211ms iter=171 REBUILD reject new_tc=64.7466 (was 60.1562)
t=71363ms iter=171 incumb=60.1562 ratchet=60.1920 best=60.1469 since_improve=54
t=71372ms iter=172 WAIST cost=57.0000 best_alt=50.0000 gap=7.0000 tried=5 sep_labels=50 clique_frac=0.01
t=71523ms iter=172 REBUILD reject new_tc=67.8274 (was 60.1562)
t=71679ms iter=172 incumb=60.1562 ratchet=60.3154 best=60.1469 since_improve=55
t=71687ms iter=173 WAIST cost=57.0000 best_alt=52.0000 gap=5.0000 tried=5 sep_labels=52 clique_frac=0.01
t=71857ms iter=173 REBUILD reject new_tc=66.8367 (was 60.1562)
t=72013ms iter=173 incumb=60.1562 ratchet=60.1951 best=60.1469 since_improve=56
t=72023ms iter=174 WAIST cost=57.0000 best_alt=50.0000 gap=7.0000 tried=5 sep_labels=50 clique_frac=0.01
t=72179ms iter=174 REBUILD reject new_tc=65.3336 (was 60.1562)
t=72329ms iter=174 incumb=60.1562 ratchet=60.2110 best=60.1469 since_improve=57
t=72337ms iter=175 WAIST cost=57.0000 best_alt=51.0000 gap=6.0000 tried=5 sep_labels=51 clique_frac=0.01
t=72489ms iter=175 REBUILD reject new_tc=61.3956 (was 60.1562)
t=72640ms iter=175 incumb=60.1562 ratchet=60.1864 best=60.1469 since_improve=58
t=72648ms iter=176 WAIST cost=57.0000 best_alt=52.0000 gap=5.0000 tried=5 sep_labels=52 clique_frac=0.01
t=72818ms iter=176 REBUILD reject new_tc=61.4764 (was 60.1562)
t=72971ms iter=176 incumb=60.1562 ratchet=60.3451 best=60.1469 since_improve=59
t=72979ms iter=177 WAIST cost=57.0000 best_alt=52.0000 gap=5.0000 tried=5 sep_labels=52 clique_frac=0.01
t=73149ms iter=177 REBUILD reject new_tc=61.2279 (was 60.1562)
t=73303ms iter=177 incumb=60.1562 ratchet=60.2156 best=60.1469 since_improve=60
t=73311ms iter=178 WAIST cost=57.0000 best_alt=52.0000 gap=5.0000 tried=5 sep_labels=52 clique_frac=0.01
t=73478ms iter=178 REBUILD reject new_tc=60.9099 (was 60.1562)
t=73632ms iter=178 incumb=60.1562 ratchet=60.2528 best=60.1469 since_improve=61
t=73641ms iter=179 WAIST cost=57.0000 best_alt=50.0000 gap=7.0000 tried=5 sep_labels=50 clique_frac=0.01
t=73793ms iter=179 REBUILD reject new_tc=61.3121 (was 60.1562)
t=73951ms iter=179 incumb=60.1562 ratchet=60.1942 best=60.1469 since_improve=62
t=73959ms iter=180 WAIST cost=57.0000 best_alt=51.0000 gap=6.0000 tried=5 sep_labels=51 clique_frac=0.01
t=74118ms iter=180 REBUILD reject new_tc=61.9486 (was 60.1562)
t=74269ms iter=180 incumb=60.1562 ratchet=60.1974 best=60.1469 since_improve=63
t=74277ms iter=181 WAIST cost=57.0000 best_alt=52.0000 gap=5.0000 tried=5 sep_labels=52 clique_frac=0.01
t=74450ms iter=181 REBUILD reject new_tc=61.5976 (was 60.1562)
t=74603ms iter=181 incumb=60.1562 ratchet=60.2149 best=60.1469 since_improve=64
t=74612ms iter=182 WAIST cost=57.0000 best_alt=52.0000 gap=5.0000 tried=5 sep_labels=52 clique_frac=0.01
t=74783ms iter=182 REBUILD reject new_tc=61.0280 (was 60.1562)
t=74936ms iter=182 incumb=60.1562 ratchet=60.3157 best=60.1469 since_improve=65
t=74946ms iter=183 WAIST cost=57.0000 best_alt=51.0000 gap=6.0000 tried=5 sep_labels=51 clique_frac=0.01
t=75100ms iter=183 REBUILD reject new_tc=63.8843 (was 60.1562)
t=75256ms iter=183 incumb=60.1562 ratchet=60.1850 best=60.1469 since_improve=66
t=75265ms iter=184 WAIST cost=57.0000 best_alt=52.0000 gap=5.0000 tried=5 sep_labels=52 clique_frac=0.01
t=75439ms iter=184 REBUILD reject new_tc=60.9368 (was 60.1562)
t=75596ms iter=184 incumb=60.1562 ratchet=60.3052 best=60.1469 since_improve=67
t=75603ms iter=185 WAIST cost=57.0000 best_alt=52.0000 gap=5.0000 tried=5 sep_labels=52 clique_frac=0.01
t=75776ms iter=185 REBUILD reject new_tc=61.0697 (was 60.1562)
t=75930ms iter=185 incumb=60.1562 ratchet=60.1664 best=60.1469 since_improve=68
t=75938ms iter=186 WAIST cost=57.0000 best_alt=52.0000 gap=5.0000 tried=5 sep_labels=52 clique_frac=0.01
t=76108ms iter=186 REBUILD reject new_tc=60.7641 (was 60.1562)
t=76267ms iter=186 incumb=60.1562 ratchet=60.2692 best=60.1469 since_improve=69
t=76276ms iter=187 WAIST cost=57.0000 best_alt=51.0000 gap=6.0000 tried=5 sep_labels=51 clique_frac=0.01
t=76438ms iter=187 REBUILD reject new_tc=61.5413 (was 60.1562)
t=76590ms iter=187 incumb=60.1562 ratchet=60.2670 best=60.1469 since_improve=70
t=76598ms iter=188 WAIST cost=57.0000 best_alt=52.0000 gap=5.0000 tried=5 sep_labels=52 clique_frac=0.01
t=76768ms iter=188 REBUILD reject new_tc=60.8588 (was 60.1562)
t=76923ms iter=188 incumb=60.1562 ratchet=60.3056 best=60.1469 since_improve=71
t=76931ms iter=189 WAIST cost=57.0000 best_alt=49.0000 gap=8.0000 tried=5 sep_labels=49 clique_frac=0.01
t=77079ms iter=189 REBUILD reject new_tc=61.4211 (was 60.1562)
t=77232ms iter=189 incumb=60.1562 ratchet=60.1985 best=60.1469 since_improve=72
t=77242ms iter=190 WAIST cost=57.0000 best_alt=50.0000 gap=7.0000 tried=5 sep_labels=50 clique_frac=0.01
t=77392ms iter=190 REBUILD reject new_tc=63.4261 (was 60.1562)
t=77551ms iter=190 incumb=60.1562 ratchet=60.1745 best=60.1469 since_improve=73
t=77561ms iter=191 WAIST cost=57.0000 best_alt=52.0000 gap=5.0000 tried=5 sep_labels=52 clique_frac=0.01
t=77732ms iter=191 REBUILD reject new_tc=61.7742 (was 60.1562)
t=77890ms iter=191 incumb=60.1562 ratchet=60.4071 best=60.1469 since_improve=74
t=77897ms iter=192 WAIST cost=57.0000 best_alt=52.0000 gap=5.0000 tried=5 sep_labels=52 clique_frac=0.01
t=78076ms iter=192 REBUILD reject new_tc=60.9841 (was 60.1562)
t=78230ms iter=192 incumb=60.1562 ratchet=60.3761 best=60.1469 since_improve=75
t=78239ms iter=193 WAIST cost=57.0000 best_alt=52.0000 gap=5.0000 tried=5 sep_labels=52 clique_frac=0.01
t=78410ms iter=193 REBUILD reject new_tc=60.5675 (was 60.1562)
t=78566ms iter=193 incumb=60.1562 ratchet=60.3945 best=60.1469 since_improve=76
t=78574ms iter=194 WAIST cost=57.0000 best_alt=52.0000 gap=5.0000 tried=5 sep_labels=52 clique_frac=0.01
t=78748ms iter=194 REBUILD reject new_tc=60.8520 (was 60.1562)
t=78905ms iter=194 incumb=60.1562 ratchet=60.2158 best=60.1469 since_improve=77
t=78913ms iter=195 WAIST cost=57.0000 best_alt=52.0000 gap=5.0000 tried=5 sep_labels=52 clique_frac=0.01
t=79083ms iter=195 REBUILD reject new_tc=61.0850 (was 60.1562)
t=79236ms iter=195 incumb=60.1562 ratchet=60.1700 best=60.1469 since_improve=78
t=79244ms iter=196 WAIST cost=57.0000 best_alt=52.0000 gap=5.0000 tried=5 sep_labels=52 clique_frac=0.01
t=79413ms iter=196 REBUILD reject new_tc=63.2366 (was 60.1562)
t=79571ms iter=196 incumb=60.1562 ratchet=60.2298 best=60.1469 since_improve=79
t=79580ms iter=197 WAIST cost=57.0000 best_alt=51.0000 gap=6.0000 tried=5 sep_labels=51 clique_frac=0.01
t=79737ms iter=197 REBUILD reject new_tc=61.4024 (was 60.1562)
t=79891ms iter=197 incumb=60.1562 ratchet=60.2059 best=60.1469 since_improve=80
t=79898ms iter=198 WAIST cost=57.0000 best_alt=52.0000 gap=5.0000 tried=5 sep_labels=52 clique_frac=0.01
t=80067ms iter=198 REBUILD reject new_tc=63.3036 (was 60.1562)
t=80222ms iter=198 incumb=60.1562 ratchet=60.3944 best=60.1469 since_improve=81
t=80230ms iter=199 WAIST cost=57.0000 best_alt=51.0000 gap=6.0000 tried=5 sep_labels=51 clique_frac=0.01
t=80384ms iter=199 REBUILD reject new_tc=61.6066 (was 60.1562)
t=80534ms iter=199 incumb=60.1562 ratchet=60.1895 best=60.1469 since_improve=82
t=80540ms iter=200 WAIST cost=57.0000 best_alt=50.0000 gap=7.0000 tried=5 sep_labels=50 clique_frac=0.02
t=80692ms iter=200 REBUILD reject new_tc=61.6945 (was 60.1562)
t=80850ms iter=200 incumb=60.1562 ratchet=60.2094 best=60.1469 since_improve=83
t=80859ms iter=201 WAIST cost=57.0000 best_alt=51.0000 gap=6.0000 tried=5 sep_labels=51 clique_frac=0.01
t=80996ms iter=201 REBUILD reject new_tc=81.0001 (was 60.1562)
t=81153ms iter=201 incumb=60.1562 ratchet=60.1841 best=60.1469 since_improve=84
t=81162ms iter=202 WAIST cost=57.0000 best_alt=51.0000 gap=6.0000 tried=5 sep_labels=51 clique_frac=0.01
t=81335ms iter=202 REBUILD reject new_tc=61.0492 (was 60.1562)
t=81494ms iter=202 incumb=60.1562 ratchet=60.1650 best=60.1469 since_improve=85
t=81502ms iter=203 WAIST cost=57.0000 best_alt=51.0000 gap=6.0000 tried=5 sep_labels=51 clique_frac=0.01
t=81656ms iter=203 REBUILD reject new_tc=61.5602 (was 60.1562)
t=81816ms iter=203 incumb=60.1562 ratchet=60.1822 best=60.1469 since_improve=86
t=81825ms iter=204 WAIST cost=57.0000 best_alt=52.0000 gap=5.0000 tried=5 sep_labels=52 clique_frac=0.01
t=81994ms iter=204 REBUILD reject new_tc=60.7291 (was 60.1562)
t=82158ms iter=204 incumb=60.1562 ratchet=60.6582 best=60.1469 since_improve=87
t=82166ms iter=205 WAIST cost=57.0000 best_alt=50.0000 gap=7.0000 tried=5 sep_labels=50 clique_frac=0.01
t=82315ms iter=205 REBUILD reject new_tc=67.3734 (was 60.1562)
t=82475ms iter=205 incumb=60.1562 ratchet=60.4337 best=60.1469 since_improve=88
t=82484ms iter=206 WAIST cost=57.0000 best_alt=52.0000 gap=5.0000 tried=5 sep_labels=52 clique_frac=0.01
t=82657ms iter=206 REBUILD reject new_tc=60.8521 (was 60.1562)
t=82815ms iter=206 incumb=60.1562 ratchet=60.2832 best=60.1469 since_improve=89
t=82825ms iter=207 WAIST cost=57.0000 best_alt=51.0000 gap=6.0000 tried=5 sep_labels=51 clique_frac=0.01
t=82992ms iter=207 REBUILD reject new_tc=62.6574 (was 60.1562)
t=83149ms iter=207 incumb=60.1562 ratchet=60.3226 best=60.1469 since_improve=90
t=83157ms iter=208 WAIST cost=57.0000 best_alt=52.0000 gap=5.0000 tried=5 sep_labels=52 clique_frac=0.01
t=83333ms iter=208 REBUILD reject new_tc=61.9393 (was 60.1562)
t=83487ms iter=208 incumb=60.1562 ratchet=60.3772 best=60.1469 since_improve=91
t=83496ms iter=209 WAIST cost=57.0000 best_alt=51.0000 gap=6.0000 tried=5 sep_labels=51 clique_frac=0.02
t=83649ms iter=209 REBUILD reject new_tc=61.2123 (was 60.1562)
t=83806ms iter=209 incumb=60.1562 ratchet=60.3974 best=60.1469 since_improve=92
t=83816ms iter=210 WAIST cost=57.0000 best_alt=52.0000 gap=5.0000 tried=5 sep_labels=52 clique_frac=0.01
t=83989ms iter=210 REBUILD reject new_tc=60.7510 (was 60.1562)
t=84142ms iter=210 incumb=60.1562 ratchet=60.2151 best=60.1469 since_improve=93
t=84151ms iter=211 WAIST cost=57.0000 best_alt=52.0000 gap=5.0000 tried=5 sep_labels=52 clique_frac=0.01
t=84315ms iter=211 REBUILD reject new_tc=66.3253 (was 60.1562)
t=84470ms iter=211 incumb=60.1562 ratchet=60.2528 best=60.1469 since_improve=94
t=84478ms iter=212 WAIST cost=57.0000 best_alt=52.0000 gap=5.0000 tried=5 sep_labels=52 clique_frac=0.01
t=84653ms iter=212 REBUILD reject new_tc=60.7203 (was 60.1562)
t=84811ms iter=212 incumb=60.1562 ratchet=60.4274 best=60.1469 since_improve=95
t=84819ms iter=213 WAIST cost=57.0000 best_alt=52.0000 gap=5.0000 tried=5 sep_labels=52 clique_frac=0.01
t=84997ms iter=213 REBUILD reject new_tc=61.0494 (was 60.1562)
t=85155ms iter=213 incumb=60.1562 ratchet=60.2159 best=60.1469 since_improve=96
t=85162ms iter=214 WAIST cost=57.0000 best_alt=52.0000 gap=5.0000 tried=5 sep_labels=52 clique_frac=0.01
t=85335ms iter=214 REBUILD reject new_tc=62.3533 (was 60.1562)
t=85486ms iter=214 incumb=60.1562 ratchet=60.1678 best=60.1469 since_improve=97
t=85493ms iter=215 WAIST cost=57.0000 best_alt=52.0000 gap=5.0000 tried=5 sep_labels=52 clique_frac=0.01
t=85662ms iter=215 REBUILD reject new_tc=66.2263 (was 60.1562)
t=85816ms iter=215 incumb=60.1562 ratchet=60.2197 best=60.1469 since_improve=98
t=85825ms iter=216 WAIST cost=57.0000 best_alt=52.0000 gap=5.0000 tried=5 sep_labels=52 clique_frac=0.01
t=85995ms iter=216 REBUILD reject new_tc=63.3076 (was 60.1562)
t=86150ms iter=216 incumb=60.1562 ratchet=60.4186 best=60.1469 since_improve=99
t=86160ms iter=217 WAIST cost=57.0000 best_alt=52.0000 gap=5.0000 tried=5 sep_labels=52 clique_frac=0.01
t=86334ms iter=217 REBUILD reject new_tc=60.7704 (was 60.1562)
t=86492ms iter=217 incumb=60.1562 ratchet=60.4426 best=60.1469 since_improve=100
t=86501ms iter=218 WAIST cost=57.0000 best_alt=52.0000 gap=5.0000 tried=5 sep_labels=52 clique_frac=0.01
t=86674ms iter=218 REBUILD reject new_tc=60.6470 (was 60.1562)
t=86831ms iter=218 incumb=60.1562 ratchet=60.2596 best=60.1469 since_improve=101
t=86840ms iter=219 WAIST cost=57.0000 best_alt=52.0000 gap=5.0000 tried=5 sep_labels=52 clique_frac=0.01
t=87012ms iter=219 REBUILD reject new_tc=61.0363 (was 60.1562)
t=87163ms iter=219 incumb=60.1562 ratchet=60.1682 best=60.1469 since_improve=102
t=87170ms iter=220 WAIST cost=57.0000 best_alt=52.0000 gap=5.0000 tried=5 sep_labels=52 clique_frac=0.01
t=87342ms iter=220 REBUILD reject new_tc=60.8678 (was 60.1562)
t_final=87538ms tc_reduced=60.1469 tc_full=61.1943 leaves=3369
surgery summary: calls=220 cheaper_cuts=220 rebuild_accepts=4 waist_min_hits=0
