t=151ms tc=51.9302 (rung cap=inf / full VE)
t_peel=6ms cap=6 peeled=1146/2124 residual=978
t_peel=7ms cap=10 peeled=1589/2124 residual=535
t_peel=10ms cap=16 peeled=1852/2124 residual=272
t_peel=14ms cap=26 peeled=1954/2124 residual=170
t_peel=24ms cap=42 peeled=2055/2124 residual=69
n=2124 n_labels=1062 floor=51.3180 ve=51.9302 best=51.3180 | probe w0=6.0 best_frac=0.032 useful=true caps_residual=[(6, 978), (10, 535), (16, 272), (26, 170), (42, 69)] | t=397ms
t=2093ms tc=28.1924 (residual niters=8 k=1415)
t=5280ms tc=25.9407 (residual niters=16 k=1415)
t=11695ms tc=25.8544 (residual niters=32 k=1415)
residual_rounds=3
t=11696ms rung 1/3 cap=4.8 residual=1415 rtc=25.8544
residual_rounds=5
t=23766ms rung 2/3 cap=6.0 residual=978 rtc=26.2107
residual_rounds=5
t=35866ms rung 3/3 cap=7.5 residual=745 rtc=26.7779
t=59734ms tc=25.7594 (residual niters=64 k=1415)
residual_rounds=6
full_treesa_rounds=3
t_final=84419ms tc_final=25.7594 source=residual residual_won=true
