probe: instance=uai_linkage_13 n_orig=2124 n=513 fusible=0.7585 nlabels=470 t=11ms
seed_greedy tc=41.3225 t=524ms
t=617ms iter=1 WAIST cost=25.0000 best_alt=17.0000 gap=8.0000 tried=5 sep_labels=17 clique_frac=0.00
t=778ms iter=1 REBUILD reject new_tc=29.0555 (was 28.5197)
t=968ms iter=1 incumb=28.5197 ratchet=26.4993 best=26.4988 since_improve=0
t=976ms iter=2 WAIST cost=23.0000 best_alt=20.0000 gap=3.0000 tried=5 sep_labels=20 clique_frac=0.01
t=1137ms iter=2 REBUILD reject new_tc=26.9711 (was 26.4993)
t=1308ms iter=2 incumb=26.4993 ratchet=25.8945 best=25.8945 since_improve=0
t=1318ms iter=3 WAIST cost=21.0000 best_alt=16.0000 gap=5.0000 tried=5 sep_labels=16 clique_frac=0.00
t=1476ms iter=3 REBUILD reject new_tc=27.6620 (was 25.8945)
t=1643ms iter=3 incumb=25.8945 ratchet=25.9074 best=25.8256 since_improve=1
t=1651ms iter=4 WAIST cost=21.0000 best_alt=16.0000 gap=5.0000 tried=5 sep_labels=16 clique_frac=0.00
t=1807ms iter=4 REBUILD reject new_tc=32.4257 (was 25.8945)
t=1906ms iter=4 incumb=25.8945 ratchet=25.8748 best=25.8256 since_improve=0
t=1915ms iter=5 WAIST cost=21.0000 best_alt=16.0000 gap=5.0000 tried=5 sep_labels=16 clique_frac=0.00
t=2067ms iter=5 REBUILD reject new_tc=28.2080 (was 25.8748)
t=2161ms iter=5 incumb=25.8748 ratchet=25.8599 best=25.8256 since_improve=0
t=2169ms iter=6 WAIST cost=21.0000 best_alt=16.0000 gap=5.0000 tried=5 sep_labels=16 clique_frac=0.00
t=2317ms iter=6 REBUILD reject new_tc=31.2439 (was 25.8599)
t=2411ms iter=6 incumb=25.8599 ratchet=25.9574 best=25.8256 since_improve=1
t=2418ms iter=7 WAIST cost=21.0000 best_alt=16.0000 gap=5.0000 tried=5 sep_labels=16 clique_frac=0.00
t=2566ms iter=7 REBUILD reject new_tc=34.9404 (was 25.8599)
t=2741ms iter=7 incumb=25.8599 ratchet=25.8254 best=25.8226 since_improve=0
t=2757ms iter=8 WAIST cost=21.0000 best_alt=18.0000 gap=3.0000 tried=5 sep_labels=18 clique_frac=0.01
t=2887ms iter=8 REBUILD reject new_tc=29.7692 (was 25.8254)
t=2981ms iter=8 incumb=25.8254 ratchet=25.8942 best=25.8226 since_improve=1
t=3006ms iter=9 WAIST cost=21.0000 best_alt=18.0000 gap=3.0000 tried=5 sep_labels=18 clique_frac=0.01
t=3137ms iter=9 REBUILD reject new_tc=29.7957 (was 25.8254)
t=3233ms iter=9 incumb=25.8254 ratchet=25.9047 best=25.8226 since_improve=2
t=3251ms iter=10 WAIST cost=21.0000 best_alt=18.0000 gap=3.0000 tried=5 sep_labels=18 clique_frac=0.01
t=3384ms iter=10 REBUILD reject new_tc=31.1562 (was 25.8254)
t=3481ms iter=10 incumb=25.8254 ratchet=27.0245 best=25.8226 since_improve=3
t=3502ms iter=11 WAIST cost=21.0000 best_alt=18.0000 gap=3.0000 tried=5 sep_labels=18 clique_frac=0.01
t=3633ms iter=11 REBUILD reject new_tc=30.5999 (was 25.8254)
t=3729ms iter=11 incumb=25.8254 ratchet=25.9114 best=25.8226 since_improve=4
t=3743ms iter=12 WAIST cost=21.0000 best_alt=18.0000 gap=3.0000 tried=5 sep_labels=18 clique_frac=0.01
t=3871ms iter=12 REBUILD reject new_tc=29.3221 (was 25.8254)
t=4054ms iter=12 incumb=25.8254 ratchet=25.8244 best=25.8183 since_improve=0
t=4056ms iter=13 WAIST cost=21.0000 best_alt=9.0000 gap=12.0000 tried=5 sep_labels=9 clique_frac=0.00
t=4213ms iter=13 REBUILD reject new_tc=26.2182 (was 25.8244)
t=4308ms iter=13 incumb=25.8244 ratchet=25.8638 best=25.8183 since_improve=1
t=4310ms iter=14 WAIST cost=21.0000 best_alt=8.5850 gap=12.4150 tried=5 sep_labels=8 clique_frac=0.04
t=4533ms iter=14 REBUILD reject new_tc=28.9006 (was 25.8244)
t=4629ms iter=14 incumb=25.8244 ratchet=25.9799 best=25.8183 since_improve=2
t=4631ms iter=15 WAIST cost=21.0000 best_alt=5.0000 gap=16.0000 tried=5 sep_labels=5 clique_frac=0.00
t=4790ms iter=15 REBUILD reject new_tc=26.0866 (was 25.8244)
t=4885ms iter=15 incumb=25.8244 ratchet=26.0959 best=25.8183 since_improve=3
t=4887ms iter=16 WAIST cost=21.0000 best_alt=8.0000 gap=13.0000 tried=5 sep_labels=8 clique_frac=0.07
t=5045ms iter=16 REBUILD reject new_tc=28.4180 (was 25.8244)
t=5140ms iter=16 incumb=25.8244 ratchet=25.8514 best=25.8183 since_improve=4
t=5142ms iter=17 WAIST cost=21.0000 best_alt=9.0000 gap=12.0000 tried=5 sep_labels=9 clique_frac=0.00
t=5298ms iter=17 REBUILD reject new_tc=29.1693 (was 25.8244)
t=5495ms iter=17 incumb=25.8244 ratchet=25.7779 best=25.7694 since_improve=0
t=5513ms iter=18 WAIST cost=21.0000 best_alt=18.0000 gap=3.0000 tried=5 sep_labels=18 clique_frac=0.01
t=5646ms iter=18 REBUILD reject new_tc=27.1945 (was 25.7779)
t=5743ms iter=18 incumb=25.7779 ratchet=25.7866 best=25.7694 since_improve=1
t=5763ms iter=19 WAIST cost=21.0000 best_alt=18.0000 gap=3.0000 tried=5 sep_labels=18 clique_frac=0.01
t=5893ms iter=19 REBUILD reject new_tc=31.0873 (was 25.7779)
t=6002ms iter=19 incumb=25.7779 ratchet=25.7866 best=25.7694 since_improve=2
t=6020ms iter=20 WAIST cost=21.0000 best_alt=18.0000 gap=3.0000 tried=5 sep_labels=18 clique_frac=0.01
t=6163ms iter=20 REBUILD reject new_tc=34.0850 (was 25.7779)
t=6312ms iter=20 incumb=25.7779 ratchet=25.8042 best=25.7694 since_improve=3
t=6332ms iter=21 WAIST cost=21.0000 best_alt=18.0000 gap=3.0000 tried=5 sep_labels=18 clique_frac=0.01
t=6462ms iter=21 REBUILD reject new_tc=31.0825 (was 25.7779)
t=6574ms iter=21 incumb=25.7779 ratchet=25.7908 best=25.7694 since_improve=4
t=6589ms iter=22 WAIST cost=21.0000 best_alt=18.0000 gap=3.0000 tried=5 sep_labels=18 clique_frac=0.01
t=6725ms iter=22 REBUILD reject new_tc=26.0414 (was 25.7779)
t=6822ms iter=22 incumb=25.7779 ratchet=25.9077 best=25.7694 since_improve=5
t=6839ms iter=23 WAIST cost=21.0000 best_alt=18.0000 gap=3.0000 tried=5 sep_labels=18 clique_frac=0.01
t=6971ms iter=23 REBUILD reject new_tc=29.3191 (was 25.7779)
t=7067ms iter=23 incumb=25.7779 ratchet=25.8267 best=25.7694 since_improve=6
t=7087ms iter=24 WAIST cost=21.0000 best_alt=18.0000 gap=3.0000 tried=5 sep_labels=18 clique_frac=0.01
t=7218ms iter=24 REBUILD reject new_tc=30.1085 (was 25.7779)
t=7316ms iter=24 incumb=25.7779 ratchet=25.8451 best=25.7694 since_improve=7
t=7332ms iter=25 WAIST cost=21.0000 best_alt=18.0000 gap=3.0000 tried=5 sep_labels=18 clique_frac=0.01
t=7463ms iter=25 REBUILD reject new_tc=29.1678 (was 25.7779)
t=7655ms iter=25 incumb=25.7779 ratchet=25.7702 best=25.7651 since_improve=0
t=7662ms iter=26 WAIST cost=21.0000 best_alt=11.0000 gap=10.0000 tried=5 sep_labels=11 clique_frac=0.05
t=7819ms iter=26 REBUILD reject new_tc=32.7170 (was 25.7702)
t=7912ms iter=26 incumb=25.7702 ratchet=25.8165 best=25.7651 since_improve=1
t=7919ms iter=27 WAIST cost=21.0000 best_alt=11.0000 gap=10.0000 tried=5 sep_labels=11 clique_frac=0.05
t=8080ms iter=27 REBUILD reject new_tc=27.7901 (was 25.7702)
t=8175ms iter=27 incumb=25.7702 ratchet=25.8144 best=25.7651 since_improve=2
t=8182ms iter=28 WAIST cost=21.0000 best_alt=11.0000 gap=10.0000 tried=5 sep_labels=11 clique_frac=0.05
t=8340ms iter=28 REBUILD reject new_tc=27.0948 (was 25.7702)
t=8435ms iter=28 incumb=25.7702 ratchet=25.8988 best=25.7651 since_improve=3
t=8442ms iter=29 WAIST cost=21.0000 best_alt=11.0000 gap=10.0000 tried=5 sep_labels=11 clique_frac=0.05
t=8604ms iter=29 REBUILD reject new_tc=27.8490 (was 25.7702)
t=8702ms iter=29 incumb=25.7702 ratchet=25.9010 best=25.7651 since_improve=4
t=8709ms iter=30 WAIST cost=21.0000 best_alt=11.0000 gap=10.0000 tried=5 sep_labels=11 clique_frac=0.05
t=8871ms iter=30 REBUILD reject new_tc=30.5637 (was 25.7702)
t=8968ms iter=30 incumb=25.7702 ratchet=25.8060 best=25.7651 since_improve=5
t=8974ms iter=31 WAIST cost=21.0000 best_alt=11.0000 gap=10.0000 tried=5 sep_labels=11 clique_frac=0.05
t=9136ms iter=31 REBUILD reject new_tc=26.8203 (was 25.7702)
t=9232ms iter=31 incumb=25.7702 ratchet=25.8334 best=25.7651 since_improve=6
t=9240ms iter=32 WAIST cost=21.0000 best_alt=11.0000 gap=10.0000 tried=5 sep_labels=11 clique_frac=0.05
t=9400ms iter=32 REBUILD reject new_tc=26.1599 (was 25.7702)
t=9498ms iter=32 incumb=25.7702 ratchet=25.8039 best=25.7651 since_improve=7
t=9505ms iter=33 WAIST cost=21.0000 best_alt=11.0000 gap=10.0000 tried=5 sep_labels=11 clique_frac=0.05
t=9667ms iter=33 REBUILD reject new_tc=27.9205 (was 25.7702)
t=9760ms iter=33 incumb=25.7702 ratchet=25.9237 best=25.7651 since_improve=8
t=9767ms iter=34 WAIST cost=21.0000 best_alt=11.0000 gap=10.0000 tried=5 sep_labels=11 clique_frac=0.05
t=9926ms iter=34 REBUILD reject new_tc=30.2308 (was 25.7702)
t=10023ms iter=34 incumb=25.7702 ratchet=25.8015 best=25.7651 since_improve=9
t=10029ms iter=35 WAIST cost=21.0000 best_alt=11.0000 gap=10.0000 tried=5 sep_labels=11 clique_frac=0.05
t=10190ms iter=35 REBUILD reject new_tc=30.9730 (was 25.7702)
t=10286ms iter=35 incumb=25.7702 ratchet=25.8728 best=25.7651 since_improve=10
t=10293ms iter=36 WAIST cost=21.0000 best_alt=11.0000 gap=10.0000 tried=5 sep_labels=11 clique_frac=0.05
t=10459ms iter=36 REBUILD reject new_tc=40.1559 (was 25.7702)
t=10557ms iter=36 incumb=25.7702 ratchet=25.8707 best=25.7651 since_improve=11
t=10564ms iter=37 WAIST cost=21.0000 best_alt=11.0000 gap=10.0000 tried=5 sep_labels=11 clique_frac=0.05
t=10724ms iter=37 REBUILD reject new_tc=26.4542 (was 25.7702)
t=10901ms iter=37 incumb=25.7702 ratchet=25.7914 best=25.7651 since_improve=12
t=10911ms iter=38 WAIST cost=21.0000 best_alt=11.0000 gap=10.0000 tried=5 sep_labels=11 clique_frac=0.05
t=11080ms iter=38 REBUILD reject new_tc=26.0728 (was 25.7702)
t=11175ms iter=38 incumb=25.7702 ratchet=25.8559 best=25.7651 since_improve=13
t=11182ms iter=39 WAIST cost=21.0000 best_alt=11.0000 gap=10.0000 tried=5 sep_labels=11 clique_frac=0.05
t=11341ms iter=39 REBUILD reject new_tc=28.4366 (was 25.7702)
t=11440ms iter=39 incumb=25.7702 ratchet=25.8046 best=25.7651 since_improve=14
t=11447ms iter=40 WAIST cost=21.0000 best_alt=11.0000 gap=10.0000 tried=5 sep_labels=11 clique_frac=0.05
t=11608ms iter=40 REBUILD reject new_tc=28.3478 (was 25.7702)
t=11807ms iter=40 incumb=25.7702 ratchet=25.7632 best=25.7632 since_improve=0
t=11828ms iter=41 WAIST cost=21.0000 best_alt=18.0000 gap=3.0000 tried=5 sep_labels=18 clique_frac=0.01
t=11959ms iter=41 REBUILD reject new_tc=34.4936 (was 25.7632)
t=12056ms iter=41 incumb=25.7632 ratchet=25.7792 best=25.7632 since_improve=1
t=12076ms iter=42 WAIST cost=21.0000 best_alt=18.0000 gap=3.0000 tried=5 sep_labels=18 clique_frac=0.01
t=12208ms iter=42 REBUILD reject new_tc=29.3645 (was 25.7632)
t=12306ms iter=42 incumb=25.7632 ratchet=25.8855 best=25.7632 since_improve=2
t=12323ms iter=43 WAIST cost=21.0000 best_alt=17.0000 gap=4.0000 tried=5 sep_labels=17 clique_frac=0.00
t=12450ms iter=43 REBUILD reject new_tc=33.4146 (was 25.7632)
t=12546ms iter=43 incumb=25.7632 ratchet=25.7879 best=25.7632 since_improve=3
t=12562ms iter=44 WAIST cost=21.0000 best_alt=17.0000 gap=4.0000 tried=5 sep_labels=17 clique_frac=0.00
t=12687ms iter=44 REBUILD reject new_tc=32.3221 (was 25.7632)
t=12784ms iter=44 incumb=25.7632 ratchet=25.7712 best=25.7632 since_improve=4
t=12799ms iter=45 WAIST cost=21.0000 best_alt=18.0000 gap=3.0000 tried=5 sep_labels=18 clique_frac=0.01
t=12931ms iter=45 REBUILD reject new_tc=35.1315 (was 25.7632)
t=13026ms iter=45 incumb=25.7632 ratchet=25.7894 best=25.7632 since_improve=5
t=13037ms iter=46 WAIST cost=21.0000 best_alt=18.0000 gap=3.0000 tried=5 sep_labels=18 clique_frac=0.01
t=13170ms iter=46 REBUILD reject new_tc=28.6684 (was 25.7632)
t=13267ms iter=46 incumb=25.7632 ratchet=25.7977 best=25.7632 since_improve=6
t=13287ms iter=47 WAIST cost=21.0000 best_alt=18.0000 gap=3.0000 tried=5 sep_labels=18 clique_frac=0.01
t=13417ms iter=47 REBUILD reject new_tc=31.4408 (was 25.7632)
t=13512ms iter=47 incumb=25.7632 ratchet=25.8114 best=25.7632 since_improve=7
t=13530ms iter=48 WAIST cost=21.0000 best_alt=18.0000 gap=3.0000 tried=5 sep_labels=18 clique_frac=0.01
t=13659ms iter=48 REBUILD reject new_tc=30.7406 (was 25.7632)
t=13758ms iter=48 incumb=25.7632 ratchet=25.9407 best=25.7632 since_improve=8
t=13777ms iter=49 WAIST cost=21.0000 best_alt=18.0000 gap=3.0000 tried=5 sep_labels=18 clique_frac=0.01
t=13908ms iter=49 REBUILD reject new_tc=31.5034 (was 25.7632)
t=14001ms iter=49 incumb=25.7632 ratchet=26.1478 best=25.7632 since_improve=9
t=14020ms iter=50 WAIST cost=21.0000 best_alt=18.0000 gap=3.0000 tried=5 sep_labels=18 clique_frac=0.01
t=14152ms iter=50 REBUILD reject new_tc=30.3052 (was 25.7632)
t=14251ms iter=50 incumb=25.7632 ratchet=25.7940 best=25.7632 since_improve=10
t=14269ms iter=51 WAIST cost=21.0000 best_alt=18.0000 gap=3.0000 tried=5 sep_labels=18 clique_frac=0.01
t=14400ms iter=51 REBUILD reject new_tc=30.1596 (was 25.7632)
t=14496ms iter=51 incumb=25.7632 ratchet=25.8252 best=25.7632 since_improve=11
t=14515ms iter=52 WAIST cost=21.0000 best_alt=18.0000 gap=3.0000 tried=5 sep_labels=18 clique_frac=0.01
t=14647ms iter=52 REBUILD reject new_tc=30.4675 (was 25.7632)
t=14745ms iter=52 incumb=25.7632 ratchet=25.7858 best=25.7632 since_improve=12
t=14765ms iter=53 WAIST cost=21.0000 best_alt=18.0000 gap=3.0000 tried=5 sep_labels=18 clique_frac=0.01
t=14896ms iter=53 REBUILD reject new_tc=30.1439 (was 25.7632)
t=14991ms iter=53 incumb=25.7632 ratchet=25.9021 best=25.7632 since_improve=13
t=15007ms iter=54 WAIST cost=21.0000 best_alt=18.0000 gap=3.0000 tried=5 sep_labels=18 clique_frac=0.01
t=15140ms iter=54 REBUILD reject new_tc=29.7222 (was 25.7632)
t=15241ms iter=54 incumb=25.7632 ratchet=25.8886 best=25.7632 since_improve=14
t=15274ms iter=55 WAIST cost=21.0000 best_alt=18.0000 gap=3.0000 tried=5 sep_labels=18 clique_frac=0.01
t=15402ms iter=55 REBUILD reject new_tc=34.1417 (was 25.7632)
t=15496ms iter=55 incumb=25.7632 ratchet=25.8834 best=25.7632 since_improve=15
t=15509ms iter=56 WAIST cost=21.0000 best_alt=18.0000 gap=3.0000 tried=5 sep_labels=18 clique_frac=0.01
t=15644ms iter=56 REBUILD reject new_tc=26.1151 (was 25.7632)
t=15738ms iter=56 incumb=25.7632 ratchet=25.8568 best=25.7632 since_improve=16
t=15756ms iter=57 WAIST cost=21.0000 best_alt=18.0000 gap=3.0000 tried=5 sep_labels=18 clique_frac=0.01
t=15888ms iter=57 REBUILD reject new_tc=26.1772 (was 25.7632)
t=15983ms iter=57 incumb=25.7632 ratchet=25.8024 best=25.7632 since_improve=17
t=16004ms iter=58 WAIST cost=21.0000 best_alt=18.0000 gap=3.0000 tried=5 sep_labels=18 clique_frac=0.01
t=16137ms iter=58 REBUILD reject new_tc=28.4333 (was 25.7632)
t=16231ms iter=58 incumb=25.7632 ratchet=25.8162 best=25.7632 since_improve=18
t=16248ms iter=59 WAIST cost=21.0000 best_alt=18.0000 gap=3.0000 tried=5 sep_labels=18 clique_frac=0.01
t=16375ms iter=59 REBUILD reject new_tc=31.3475 (was 25.7632)
t=16470ms iter=59 incumb=25.7632 ratchet=25.7945 best=25.7632 since_improve=19
t=16484ms iter=60 WAIST cost=21.0000 best_alt=18.0000 gap=3.0000 tried=5 sep_labels=18 clique_frac=0.01
t=16614ms iter=60 REBUILD reject new_tc=35.0184 (was 25.7632)
t=16708ms iter=60 incumb=25.7632 ratchet=25.7646 best=25.7632 since_improve=20
t=16727ms iter=61 WAIST cost=21.0000 best_alt=18.0000 gap=3.0000 tried=5 sep_labels=18 clique_frac=0.01
t=16855ms iter=61 REBUILD reject new_tc=28.7005 (was 25.7632)
t=16953ms iter=61 incumb=25.7632 ratchet=25.7891 best=25.7632 since_improve=21
t=16974ms iter=62 WAIST cost=21.0000 best_alt=18.0000 gap=3.0000 tried=5 sep_labels=18 clique_frac=0.01
t=17104ms iter=62 REBUILD reject new_tc=34.0103 (was 25.7632)
t=17199ms iter=62 incumb=25.7632 ratchet=26.0032 best=25.7632 since_improve=22
t=17218ms iter=63 WAIST cost=21.0000 best_alt=18.0000 gap=3.0000 tried=5 sep_labels=18 clique_frac=0.01
t=17351ms iter=63 REBUILD reject new_tc=29.3184 (was 25.7632)
t=17447ms iter=63 incumb=25.7632 ratchet=25.8257 best=25.7632 since_improve=23
t=17466ms iter=64 WAIST cost=21.0000 best_alt=18.0000 gap=3.0000 tried=5 sep_labels=18 clique_frac=0.01
t=17600ms iter=64 REBUILD reject new_tc=28.3583 (was 25.7632)
t=17698ms iter=64 incumb=25.7632 ratchet=25.8384 best=25.7632 since_improve=24
t=17714ms iter=65 WAIST cost=21.0000 best_alt=18.0000 gap=3.0000 tried=5 sep_labels=18 clique_frac=0.01
t=17841ms iter=65 REBUILD reject new_tc=34.3809 (was 25.7632)
t=17935ms iter=65 incumb=25.7632 ratchet=25.8992 best=25.7632 since_improve=25
t=17956ms iter=66 WAIST cost=21.0000 best_alt=18.0000 gap=3.0000 tried=5 sep_labels=18 clique_frac=0.01
t=18088ms iter=66 REBUILD reject new_tc=33.6798 (was 25.7632)
t=18184ms iter=66 incumb=25.7632 ratchet=25.8077 best=25.7632 since_improve=26
t=18205ms iter=67 WAIST cost=21.0000 best_alt=18.0000 gap=3.0000 tried=5 sep_labels=18 clique_frac=0.01
t=18356ms iter=67 REBUILD reject new_tc=30.4085 (was 25.7632)
t=18453ms iter=67 incumb=25.7632 ratchet=25.8411 best=25.7632 since_improve=27
t=18481ms iter=68 WAIST cost=21.0000 best_alt=18.0000 gap=3.0000 tried=5 sep_labels=18 clique_frac=0.01
t=18610ms iter=68 REBUILD reject new_tc=29.3169 (was 25.7632)
t=18711ms iter=68 incumb=25.7632 ratchet=25.8337 best=25.7632 since_improve=28
t=18728ms iter=69 WAIST cost=21.0000 best_alt=18.0000 gap=3.0000 tried=5 sep_labels=18 clique_frac=0.01
t=18859ms iter=69 REBUILD reject new_tc=30.3862 (was 25.7632)
t=18955ms iter=69 incumb=25.7632 ratchet=25.8068 best=25.7632 since_improve=29
t=18968ms iter=70 WAIST cost=21.0000 best_alt=18.0000 gap=3.0000 tried=5 sep_labels=18 clique_frac=0.01
t=19097ms iter=70 REBUILD reject new_tc=27.0033 (was 25.7632)
t=19191ms iter=70 incumb=25.7632 ratchet=25.7978 best=25.7632 since_improve=30
t=19209ms iter=71 WAIST cost=21.0000 best_alt=18.0000 gap=3.0000 tried=5 sep_labels=18 clique_frac=0.01
t=19341ms iter=71 REBUILD reject new_tc=29.7799 (was 25.7632)
t=19439ms iter=71 incumb=25.7632 ratchet=25.8906 best=25.7632 since_improve=31
t=19458ms iter=72 WAIST cost=21.0000 best_alt=18.0000 gap=3.0000 tried=5 sep_labels=18 clique_frac=0.01
t=19587ms iter=72 REBUILD reject new_tc=35.2795 (was 25.7632)
t=19684ms iter=72 incumb=25.7632 ratchet=25.8752 best=25.7632 since_improve=32
t=19703ms iter=73 WAIST cost=21.0000 best_alt=18.0000 gap=3.0000 tried=5 sep_labels=18 clique_frac=0.01
t=19836ms iter=73 REBUILD reject new_tc=29.5681 (was 25.7632)
t=20034ms iter=73 incumb=25.7632 ratchet=25.7550 best=25.7541 since_improve=0
t=20036ms iter=74 WAIST cost=20.0000 best_alt=7.5850 gap=12.4150 tried=5 sep_labels=7 clique_frac=0.00
t=20192ms iter=74 REBUILD reject new_tc=35.1668 (was 25.7550)
t=20289ms iter=74 incumb=25.7550 ratchet=25.7927 best=25.7541 since_improve=1
t=20291ms iter=75 WAIST cost=20.0000 best_alt=7.0000 gap=13.0000 tried=5 sep_labels=7 clique_frac=0.00
t=20448ms iter=75 REBUILD reject new_tc=30.7325 (was 25.7550)
t=20545ms iter=75 incumb=25.7550 ratchet=25.8998 best=25.7541 since_improve=2
t=20547ms iter=76 WAIST cost=20.0000 best_alt=10.0000 gap=10.0000 tried=5 sep_labels=10 clique_frac=0.04
t=20707ms iter=76 REBUILD reject new_tc=26.4272 (was 25.7550)
t=20801ms iter=76 incumb=25.7550 ratchet=25.7837 best=25.7541 since_improve=3
t=20803ms iter=77 WAIST cost=20.0000 best_alt=9.5850 gap=10.4150 tried=5 sep_labels=9 clique_frac=0.06
t=20964ms iter=77 REBUILD reject new_tc=28.5781 (was 25.7550)
t=21062ms iter=77 incumb=25.7550 ratchet=25.8297 best=25.7541 since_improve=4
t=21064ms iter=78 WAIST cost=20.0000 best_alt=9.0000 gap=11.0000 tried=5 sep_labels=9 clique_frac=0.03
t=21228ms iter=78 REBUILD reject new_tc=26.6415 (was 25.7550)
t=21325ms iter=78 incumb=25.7550 ratchet=25.8750 best=25.7541 since_improve=5
t=21327ms iter=79 WAIST cost=20.0000 best_alt=9.0000 gap=11.0000 tried=5 sep_labels=9 clique_frac=0.03
t=21483ms iter=79 REBUILD reject new_tc=26.2582 (was 25.7550)
t=21578ms iter=79 incumb=25.7550 ratchet=25.8180 best=25.7541 since_improve=6
t=21580ms iter=80 WAIST cost=20.0000 best_alt=5.0000 gap=15.0000 tried=5 sep_labels=5 clique_frac=0.00
t=21777ms iter=80 REBUILD reject new_tc=30.5124 (was 25.7550)
t=21967ms iter=80 incumb=25.7550 ratchet=25.7553 best=25.7529 since_improve=7
t=21969ms iter=81 WAIST cost=20.0000 best_alt=8.5850 gap=11.4150 tried=5 sep_labels=8 clique_frac=0.00
t=22125ms iter=81 REBUILD reject new_tc=26.6844 (was 25.7550)
t=22221ms iter=81 incumb=25.7550 ratchet=25.8339 best=25.7529 since_improve=8
t=22223ms iter=82 WAIST cost=20.0000 best_alt=7.0000 gap=13.0000 tried=5 sep_labels=7 clique_frac=0.00
t=22383ms iter=82 REBUILD reject new_tc=35.1798 (was 25.7550)
t=22482ms iter=82 incumb=25.7550 ratchet=26.1325 best=25.7529 since_improve=9
t=22484ms iter=83 WAIST cost=20.0000 best_alt=6.0000 gap=14.0000 tried=5 sep_labels=6 clique_frac=0.00
t=22657ms iter=83 REBUILD reject new_tc=25.8800 (was 25.7550)
t=22751ms iter=83 incumb=25.7550 ratchet=25.7765 best=25.7529 since_improve=10
t=22753ms iter=84 WAIST cost=20.0000 best_alt=7.0000 gap=13.0000 tried=5 sep_labels=7 clique_frac=0.00
t=22916ms iter=84 REBUILD reject new_tc=29.2428 (was 25.7550)
t=23011ms iter=84 incumb=25.7550 ratchet=25.8192 best=25.7529 since_improve=11
t=23013ms iter=85 WAIST cost=20.0000 best_alt=8.5850 gap=11.4150 tried=5 sep_labels=8 clique_frac=0.00
t=23173ms iter=85 REBUILD reject new_tc=26.4839 (was 25.7550)
t=23269ms iter=85 incumb=25.7550 ratchet=25.9099 best=25.7529 since_improve=12
t=23271ms iter=86 WAIST cost=20.0000 best_alt=8.5850 gap=11.4150 tried=5 sep_labels=8 clique_frac=0.00
t=23430ms iter=86 REBUILD reject new_tc=28.1445 (was 25.7550)
t=23527ms iter=86 incumb=25.7550 ratchet=25.7948 best=25.7529 since_improve=13
t=23529ms iter=87 WAIST cost=20.0000 best_alt=8.5850 gap=11.4150 tried=5 sep_labels=8 clique_frac=0.00
t=23688ms iter=87 REBUILD reject new_tc=26.5228 (was 25.7550)
t=23784ms iter=87 incumb=25.7550 ratchet=25.7806 best=25.7529 since_improve=14
t=23786ms iter=88 WAIST cost=20.0000 best_alt=5.0000 gap=15.0000 tried=5 sep_labels=5 clique_frac=0.00
t=23952ms iter=88 REBUILD reject new_tc=28.4216 (was 25.7550)
t=24155ms iter=88 incumb=25.7550 ratchet=25.7516 best=25.7516 since_improve=0
t=24157ms iter=89 WAIST cost=20.0000 best_alt=6.5850 gap=13.4150 tried=5 sep_labels=6 clique_frac=0.00
t=24315ms iter=89 REBUILD reject new_tc=28.3921 (was 25.7516)
t=24411ms iter=89 incumb=25.7516 ratchet=25.7698 best=25.7516 since_improve=1
t=24413ms iter=90 WAIST cost=20.0000 best_alt=7.0000 gap=13.0000 tried=5 sep_labels=7 clique_frac=0.10
t=24571ms iter=90 REBUILD reject new_tc=29.2548 (was 25.7516)
t=24665ms iter=90 incumb=25.7516 ratchet=25.7705 best=25.7516 since_improve=2
t=24667ms iter=91 WAIST cost=20.0000 best_alt=7.5850 gap=12.4150 tried=5 sep_labels=7 clique_frac=0.00
t=24826ms iter=91 REBUILD reject new_tc=31.8930 (was 25.7516)
t=24920ms iter=91 incumb=25.7516 ratchet=25.8547 best=25.7516 since_improve=3
t=24922ms iter=92 WAIST cost=20.0000 best_alt=7.0000 gap=13.0000 tried=5 sep_labels=7 clique_frac=0.05
t=25085ms iter=92 REBUILD reject new_tc=27.3470 (was 25.7516)
t=25181ms iter=92 incumb=25.7516 ratchet=25.8196 best=25.7516 since_improve=4
t=25183ms iter=93 WAIST cost=20.0000 best_alt=5.0000 gap=15.0000 tried=5 sep_labels=5 clique_frac=0.00
t=25339ms iter=93 REBUILD reject new_tc=26.1169 (was 25.7516)
t=25437ms iter=93 incumb=25.7516 ratchet=25.9628 best=25.7516 since_improve=5
t=25439ms iter=94 WAIST cost=20.0000 best_alt=7.0000 gap=13.0000 tried=5 sep_labels=7 clique_frac=0.14
t=25595ms iter=94 REBUILD reject new_tc=26.0448 (was 25.7516)
t=25690ms iter=94 incumb=25.7516 ratchet=25.8438 best=25.7516 since_improve=6
t=25692ms iter=95 WAIST cost=20.0000 best_alt=7.0000 gap=13.0000 tried=5 sep_labels=7 clique_frac=0.05
t=25852ms iter=95 REBUILD reject new_tc=27.6750 (was 25.7516)
t=25948ms iter=95 incumb=25.7516 ratchet=25.8268 best=25.7516 since_improve=7
t=25950ms iter=96 WAIST cost=20.0000 best_alt=5.0000 gap=15.0000 tried=5 sep_labels=5 clique_frac=0.00
t=26114ms iter=96 REBUILD reject new_tc=29.8991 (was 25.7516)
t=26209ms iter=96 incumb=25.7516 ratchet=25.8708 best=25.7516 since_improve=8
t=26211ms iter=97 WAIST cost=20.0000 best_alt=7.0000 gap=13.0000 tried=5 sep_labels=7 clique_frac=0.05
t=26367ms iter=97 REBUILD reject new_tc=35.1083 (was 25.7516)
t=26463ms iter=97 incumb=25.7516 ratchet=25.9431 best=25.7516 since_improve=9
t=26465ms iter=98 WAIST cost=20.0000 best_alt=7.5850 gap=12.4150 tried=5 sep_labels=7 clique_frac=0.00
t=26626ms iter=98 REBUILD reject new_tc=28.2515 (was 25.7516)
t=26722ms iter=98 incumb=25.7516 ratchet=25.8342 best=25.7516 since_improve=10
t=26724ms iter=99 WAIST cost=20.0000 best_alt=7.5850 gap=12.4150 tried=5 sep_labels=7 clique_frac=0.00
t=26885ms iter=99 REBUILD reject new_tc=28.1899 (was 25.7516)
t=26979ms iter=99 incumb=25.7516 ratchet=25.7771 best=25.7516 since_improve=11
t=26981ms iter=100 WAIST cost=20.0000 best_alt=6.0000 gap=14.0000 tried=5 sep_labels=6 clique_frac=0.00
t=27205ms iter=100 REBUILD reject new_tc=28.2990 (was 25.7516)
t=27299ms iter=100 incumb=25.7516 ratchet=25.8044 best=25.7516 since_improve=12
t=27301ms iter=101 WAIST cost=20.0000 best_alt=7.5850 gap=12.4150 tried=5 sep_labels=7 clique_frac=0.00
t=27459ms iter=101 REBUILD reject new_tc=26.9755 (was 25.7516)
t=27560ms iter=101 incumb=25.7516 ratchet=26.1613 best=25.7516 since_improve=13
t=27562ms iter=102 WAIST cost=20.0000 best_alt=7.5850 gap=12.4150 tried=5 sep_labels=7 clique_frac=0.00
t=27721ms iter=102 REBUILD reject new_tc=31.2064 (was 25.7516)
t=27842ms iter=102 incumb=25.7516 ratchet=25.8306 best=25.7516 since_improve=14
t=27846ms iter=103 WAIST cost=20.0000 best_alt=6.5850 gap=13.4150 tried=5 sep_labels=6 clique_frac=0.00
t=28071ms iter=103 REBUILD reject new_tc=26.0063 (was 25.7516)
t=28166ms iter=103 incumb=25.7516 ratchet=25.8021 best=25.7516 since_improve=15
t=28168ms iter=104 WAIST cost=20.0000 best_alt=7.0000 gap=13.0000 tried=5 sep_labels=7 clique_frac=0.10
t=28324ms iter=104 REBUILD reject new_tc=30.7259 (was 25.7516)
t=28418ms iter=104 incumb=25.7516 ratchet=25.8151 best=25.7516 since_improve=16
t=28420ms iter=105 WAIST cost=20.0000 best_alt=6.5850 gap=13.4150 tried=5 sep_labels=6 clique_frac=0.00
t=28578ms iter=105 REBUILD reject new_tc=33.3425 (was 25.7516)
t=28673ms iter=105 incumb=25.7516 ratchet=25.9294 best=25.7516 since_improve=17
t=28675ms iter=106 WAIST cost=20.0000 best_alt=7.5850 gap=12.4150 tried=5 sep_labels=7 clique_frac=0.00
t=28835ms iter=106 REBUILD reject new_tc=29.5796 (was 25.7516)
t=28930ms iter=106 incumb=25.7516 ratchet=25.8929 best=25.7516 since_improve=18
t=28932ms iter=107 WAIST cost=20.0000 best_alt=7.0000 gap=13.0000 tried=5 sep_labels=7 clique_frac=0.14
t=29092ms iter=107 REBUILD reject new_tc=25.9516 (was 25.7516)
t=29186ms iter=107 incumb=25.7516 ratchet=26.1036 best=25.7516 since_improve=19
t=29188ms iter=108 WAIST cost=20.0000 best_alt=7.5850 gap=12.4150 tried=5 sep_labels=7 clique_frac=0.00
t=29347ms iter=108 REBUILD reject new_tc=26.7899 (was 25.7516)
t=29444ms iter=108 incumb=25.7516 ratchet=25.8196 best=25.7516 since_improve=20
t=29446ms iter=109 WAIST cost=20.0000 best_alt=6.5850 gap=13.4150 tried=5 sep_labels=6 clique_frac=0.07
t=29606ms iter=109 REBUILD reject new_tc=29.1224 (was 25.7516)
t=29702ms iter=109 incumb=25.7516 ratchet=25.8641 best=25.7516 since_improve=21
t=29704ms iter=110 WAIST cost=20.0000 best_alt=7.0000 gap=13.0000 tried=5 sep_labels=7 clique_frac=0.05
t=29864ms iter=110 REBUILD reject new_tc=30.4419 (was 25.7516)
t=29960ms iter=110 incumb=25.7516 ratchet=25.9483 best=25.7516 since_improve=22
t=29962ms iter=111 WAIST cost=20.0000 best_alt=7.5850 gap=12.4150 tried=5 sep_labels=7 clique_frac=0.00
t=30122ms iter=111 REBUILD reject new_tc=26.0485 (was 25.7516)
t=30217ms iter=111 incumb=25.7516 ratchet=25.8369 best=25.7516 since_improve=23
t=30219ms iter=112 WAIST cost=20.0000 best_alt=7.0000 gap=13.0000 tried=5 sep_labels=7 clique_frac=0.10
t=30377ms iter=112 REBUILD reject new_tc=28.4832 (was 25.7516)
t=30478ms iter=112 incumb=25.7516 ratchet=25.7603 best=25.7516 since_improve=24
t=30480ms iter=113 WAIST cost=20.0000 best_alt=7.5850 gap=12.4150 tried=5 sep_labels=7 clique_frac=0.00
t=30640ms iter=113 REBUILD reject new_tc=26.4894 (was 25.7516)
t=30734ms iter=113 incumb=25.7516 ratchet=25.7806 best=25.7516 since_improve=25
t=30735ms iter=114 WAIST cost=20.0000 best_alt=7.0000 gap=13.0000 tried=5 sep_labels=7 clique_frac=0.10
t=30893ms iter=114 REBUILD reject new_tc=32.7406 (was 25.7516)
t=30988ms iter=114 incumb=25.7516 ratchet=25.7997 best=25.7516 since_improve=26
t=30990ms iter=115 WAIST cost=20.0000 best_alt=7.5850 gap=12.4150 tried=5 sep_labels=7 clique_frac=0.00
t=31145ms iter=115 REBUILD reject new_tc=30.0005 (was 25.7516)
t=31241ms iter=115 incumb=25.7516 ratchet=25.9417 best=25.7516 since_improve=27
t=31243ms iter=116 WAIST cost=20.0000 best_alt=7.5850 gap=12.4150 tried=5 sep_labels=7 clique_frac=0.00
t=31410ms iter=116 REBUILD reject new_tc=26.0346 (was 25.7516)
t=31506ms iter=116 incumb=25.7516 ratchet=25.8869 best=25.7516 since_improve=28
t=31508ms iter=117 WAIST cost=20.0000 best_alt=7.0000 gap=13.0000 tried=5 sep_labels=7 clique_frac=0.10
t=31695ms iter=117 REBUILD reject new_tc=31.1385 (was 25.7516)
t=31803ms iter=117 incumb=25.7516 ratchet=25.8349 best=25.7516 since_improve=29
t=31805ms iter=118 WAIST cost=20.0000 best_alt=7.5850 gap=12.4150 tried=5 sep_labels=7 clique_frac=0.00
t=31964ms iter=118 REBUILD reject new_tc=27.3786 (was 25.7516)
t=32058ms iter=118 incumb=25.7516 ratchet=25.7731 best=25.7516 since_improve=30
t=32059ms iter=119 WAIST cost=20.0000 best_alt=5.0000 gap=15.0000 tried=5 sep_labels=5 clique_frac=0.00
t=32225ms iter=119 REBUILD reject new_tc=31.0603 (was 25.7516)
t=32323ms iter=119 incumb=25.7516 ratchet=25.9460 best=25.7516 since_improve=31
t=32324ms iter=120 WAIST cost=20.0000 best_alt=7.5850 gap=12.4150 tried=5 sep_labels=7 clique_frac=0.00
t=32485ms iter=120 REBUILD reject new_tc=26.0772 (was 25.7516)
t=32579ms iter=120 incumb=25.7516 ratchet=25.9197 best=25.7516 since_improve=32
t=32580ms iter=121 WAIST cost=20.0000 best_alt=5.0000 gap=15.0000 tried=5 sep_labels=5 clique_frac=0.00
t=32740ms iter=121 REBUILD reject new_tc=25.8497 (was 25.7516)
t=32838ms iter=121 incumb=25.7516 ratchet=25.8721 best=25.7516 since_improve=33
t=32839ms iter=122 WAIST cost=20.0000 best_alt=7.5850 gap=12.4150 tried=5 sep_labels=7 clique_frac=0.00
t=32995ms iter=122 REBUILD reject new_tc=28.7253 (was 25.7516)
t=33088ms iter=122 incumb=25.7516 ratchet=25.8757 best=25.7516 since_improve=34
t=33090ms iter=123 WAIST cost=20.0000 best_alt=5.0000 gap=15.0000 tried=5 sep_labels=5 clique_frac=0.00
t=33250ms iter=123 REBUILD reject new_tc=25.8764 (was 25.7516)
t=33347ms iter=123 incumb=25.7516 ratchet=25.7936 best=25.7516 since_improve=35
t=33349ms iter=124 WAIST cost=20.0000 best_alt=6.5850 gap=13.4150 tried=5 sep_labels=6 clique_frac=0.00
t=33508ms iter=124 REBUILD reject new_tc=31.1080 (was 25.7516)
t=33601ms iter=124 incumb=25.7516 ratchet=25.8565 best=25.7516 since_improve=36
t=33603ms iter=125 WAIST cost=20.0000 best_alt=7.5850 gap=12.4150 tried=5 sep_labels=7 clique_frac=0.00
t=33761ms iter=125 REBUILD reject new_tc=27.5828 (was 25.7516)
t=33854ms iter=125 incumb=25.7516 ratchet=25.8088 best=25.7516 since_improve=37
t=33856ms iter=126 WAIST cost=20.0000 best_alt=7.5850 gap=12.4150 tried=5 sep_labels=7 clique_frac=0.00
t=34014ms iter=126 REBUILD reject new_tc=36.9020 (was 25.7516)
t=34112ms iter=126 incumb=25.7516 ratchet=25.8617 best=25.7516 since_improve=38
t=34114ms iter=127 WAIST cost=20.0000 best_alt=7.0000 gap=13.0000 tried=5 sep_labels=7 clique_frac=0.05
t=34276ms iter=127 REBUILD reject new_tc=26.0977 (was 25.7516)
t=34374ms iter=127 incumb=25.7516 ratchet=25.8100 best=25.7516 since_improve=39
t=34376ms iter=128 WAIST cost=20.0000 best_alt=6.0000 gap=14.0000 tried=5 sep_labels=6 clique_frac=0.00
t=34534ms iter=128 REBUILD reject new_tc=25.9014 (was 25.7516)
t=34630ms iter=128 incumb=25.7516 ratchet=25.9412 best=25.7516 since_improve=40
t=34632ms iter=129 WAIST cost=20.0000 best_alt=7.0000 gap=13.0000 tried=5 sep_labels=7 clique_frac=0.10
t=34788ms iter=129 REBUILD reject new_tc=26.5944 (was 25.7516)
t=34884ms iter=129 incumb=25.7516 ratchet=25.8626 best=25.7516 since_improve=41
t=34886ms iter=130 WAIST cost=20.0000 best_alt=7.5850 gap=12.4150 tried=5 sep_labels=7 clique_frac=0.00
t=35046ms iter=130 REBUILD reject new_tc=27.7435 (was 25.7516)
t=35143ms iter=130 incumb=25.7516 ratchet=25.8372 best=25.7516 since_improve=42
t=35145ms iter=131 WAIST cost=20.0000 best_alt=7.0000 gap=13.0000 tried=5 sep_labels=7 clique_frac=0.00
t=35299ms iter=131 REBUILD reject new_tc=28.2990 (was 25.7516)
t=35397ms iter=131 incumb=25.7516 ratchet=25.9035 best=25.7516 since_improve=43
t=35399ms iter=132 WAIST cost=20.0000 best_alt=6.5850 gap=13.4150 tried=5 sep_labels=6 clique_frac=0.00
t=35557ms iter=132 REBUILD reject new_tc=29.3021 (was 25.7516)
t=35654ms iter=132 incumb=25.7516 ratchet=25.8259 best=25.7516 since_improve=44
t=35655ms iter=133 WAIST cost=20.0000 best_alt=7.5850 gap=12.4150 tried=5 sep_labels=7 clique_frac=0.00
t=35819ms iter=133 REBUILD reject new_tc=33.0171 (was 25.7516)
t=35911ms iter=133 incumb=25.7516 ratchet=25.7950 best=25.7516 since_improve=45
t=35913ms iter=134 WAIST cost=20.0000 best_alt=7.5850 gap=12.4150 tried=5 sep_labels=7 clique_frac=0.00
t=36070ms iter=134 REBUILD reject new_tc=31.2076 (was 25.7516)
t=36167ms iter=134 incumb=25.7516 ratchet=25.8616 best=25.7516 since_improve=46
t=36169ms iter=135 WAIST cost=20.0000 best_alt=6.0000 gap=14.0000 tried=5 sep_labels=6 clique_frac=0.07
t=36328ms iter=135 REBUILD reject new_tc=29.3719 (was 25.7516)
t=36424ms iter=135 incumb=25.7516 ratchet=25.8582 best=25.7516 since_improve=47
t=36426ms iter=136 WAIST cost=20.0000 best_alt=6.0000 gap=14.0000 tried=5 sep_labels=6 clique_frac=0.07
t=36586ms iter=136 REBUILD reject new_tc=26.3953 (was 25.7516)
t=36686ms iter=136 incumb=25.7516 ratchet=25.8208 best=25.7516 since_improve=48
t=36688ms iter=137 WAIST cost=20.0000 best_alt=7.5850 gap=12.4150 tried=5 sep_labels=7 clique_frac=0.00
t=36849ms iter=137 REBUILD reject new_tc=28.4383 (was 25.7516)
t=36944ms iter=137 incumb=25.7516 ratchet=25.9192 best=25.7516 since_improve=49
t=36945ms iter=138 WAIST cost=20.0000 best_alt=5.0000 gap=15.0000 tried=5 sep_labels=5 clique_frac=0.00
t=37101ms iter=138 REBUILD reject new_tc=26.0312 (was 25.7516)
t=37199ms iter=138 incumb=25.7516 ratchet=25.8247 best=25.7516 since_improve=50
t=37201ms iter=139 WAIST cost=20.0000 best_alt=5.0000 gap=15.0000 tried=5 sep_labels=5 clique_frac=0.00
t=37363ms iter=139 REBUILD reject new_tc=25.9342 (was 25.7516)
t=37459ms iter=139 incumb=25.7516 ratchet=25.8871 best=25.7516 since_improve=51
t=37461ms iter=140 WAIST cost=20.0000 best_alt=6.0000 gap=14.0000 tried=5 sep_labels=6 clique_frac=0.00
t=37618ms iter=140 REBUILD reject new_tc=30.9671 (was 25.7516)
t=37713ms iter=140 incumb=25.7516 ratchet=25.7761 best=25.7516 since_improve=52
t=37714ms iter=141 WAIST cost=20.0000 best_alt=7.5850 gap=12.4150 tried=5 sep_labels=7 clique_frac=0.00
t=37873ms iter=141 REBUILD reject new_tc=26.3537 (was 25.7516)
t=37966ms iter=141 incumb=25.7516 ratchet=25.8817 best=25.7516 since_improve=53
t=37969ms iter=142 WAIST cost=20.0000 best_alt=7.5850 gap=12.4150 tried=5 sep_labels=7 clique_frac=0.00
t=38126ms iter=142 REBUILD reject new_tc=26.3460 (was 25.7516)
t=38222ms iter=142 incumb=25.7516 ratchet=25.9578 best=25.7516 since_improve=54
t=38224ms iter=143 WAIST cost=20.0000 best_alt=5.0000 gap=15.0000 tried=5 sep_labels=5 clique_frac=0.00
t=38392ms iter=143 REBUILD reject new_tc=26.7320 (was 25.7516)
t=38486ms iter=143 incumb=25.7516 ratchet=25.8287 best=25.7516 since_improve=55
t=38488ms iter=144 WAIST cost=20.0000 best_alt=7.5850 gap=12.4150 tried=5 sep_labels=7 clique_frac=0.00
t=38648ms iter=144 REBUILD reject new_tc=34.7161 (was 25.7516)
t=38743ms iter=144 incumb=25.7516 ratchet=25.8342 best=25.7516 since_improve=56
t=38744ms iter=145 WAIST cost=20.0000 best_alt=6.0000 gap=14.0000 tried=5 sep_labels=6 clique_frac=0.00
t=38900ms iter=145 REBUILD reject new_tc=29.3376 (was 25.7516)
t=38994ms iter=145 incumb=25.7516 ratchet=25.8714 best=25.7516 since_improve=57
t=38996ms iter=146 WAIST cost=20.0000 best_alt=7.5850 gap=12.4150 tried=5 sep_labels=7 clique_frac=0.00
t=39155ms iter=146 REBUILD reject new_tc=30.4651 (was 25.7516)
t=39253ms iter=146 incumb=25.7516 ratchet=25.8148 best=25.7516 since_improve=58
t=39255ms iter=147 WAIST cost=20.0000 best_alt=7.0000 gap=13.0000 tried=5 sep_labels=7 clique_frac=0.05
t=39466ms iter=147 REBUILD reject new_tc=33.4071 (was 25.7516)
t=39560ms iter=147 incumb=25.7516 ratchet=26.3293 best=25.7516 since_improve=59
t=39561ms iter=148 WAIST cost=20.0000 best_alt=7.0000 gap=13.0000 tried=5 sep_labels=7 clique_frac=0.10
t=39721ms iter=148 REBUILD reject new_tc=26.3454 (was 25.7516)
t=39817ms iter=148 incumb=25.7516 ratchet=25.8340 best=25.7516 since_improve=60
t=39819ms iter=149 WAIST cost=20.0000 best_alt=7.0000 gap=13.0000 tried=5 sep_labels=7 clique_frac=0.00
t=39984ms iter=149 REBUILD reject new_tc=28.3571 (was 25.7516)
t=40080ms iter=149 incumb=25.7516 ratchet=25.9150 best=25.7516 since_improve=61
t=40082ms iter=150 WAIST cost=20.0000 best_alt=7.0000 gap=13.0000 tried=5 sep_labels=7 clique_frac=0.14
t=40240ms iter=150 REBUILD reject new_tc=29.2304 (was 25.7516)
t=40333ms iter=150 incumb=25.7516 ratchet=25.8150 best=25.7516 since_improve=62
t=40335ms iter=151 WAIST cost=20.0000 best_alt=5.0000 gap=15.0000 tried=5 sep_labels=5 clique_frac=0.00
t=40504ms iter=151 REBUILD reject new_tc=38.5078 (was 25.7516)
t=40599ms iter=151 incumb=25.7516 ratchet=25.8164 best=25.7516 since_improve=63
t=40601ms iter=152 WAIST cost=20.0000 best_alt=6.0000 gap=14.0000 tried=5 sep_labels=6 clique_frac=0.00
t=40760ms iter=152 REBUILD reject new_tc=26.0206 (was 25.7516)
t=40853ms iter=152 incumb=25.7516 ratchet=25.9696 best=25.7516 since_improve=64
t=40855ms iter=153 WAIST cost=20.0000 best_alt=7.5850 gap=12.4150 tried=5 sep_labels=7 clique_frac=0.00
t=41014ms iter=153 REBUILD reject new_tc=27.5383 (was 25.7516)
t=41108ms iter=153 incumb=25.7516 ratchet=25.8069 best=25.7516 since_improve=65
t=41110ms iter=154 WAIST cost=20.0000 best_alt=7.0000 gap=13.0000 tried=5 sep_labels=7 clique_frac=0.05
t=41271ms iter=154 REBUILD reject new_tc=28.1820 (was 25.7516)
t=41371ms iter=154 incumb=25.7516 ratchet=25.8623 best=25.7516 since_improve=66
t=41373ms iter=155 WAIST cost=20.0000 best_alt=7.0000 gap=13.0000 tried=5 sep_labels=7 clique_frac=0.14
t=41533ms iter=155 REBUILD reject new_tc=31.0957 (was 25.7516)
t=41629ms iter=155 incumb=25.7516 ratchet=25.7939 best=25.7516 since_improve=67
t=41631ms iter=156 WAIST cost=20.0000 best_alt=7.0000 gap=13.0000 tried=5 sep_labels=7 clique_frac=0.10
t=41793ms iter=156 REBUILD reject new_tc=25.9728 (was 25.7516)
t=41892ms iter=156 incumb=25.7516 ratchet=25.8196 best=25.7516 since_improve=68
t=41893ms iter=157 WAIST cost=20.0000 best_alt=5.0000 gap=15.0000 tried=5 sep_labels=5 clique_frac=0.00
t=42054ms iter=157 REBUILD reject new_tc=25.9063 (was 25.7516)
t=42148ms iter=157 incumb=25.7516 ratchet=25.9488 best=25.7516 since_improve=69
t=42150ms iter=158 WAIST cost=20.0000 best_alt=6.5850 gap=13.4150 tried=5 sep_labels=6 clique_frac=0.00
t=42313ms iter=158 REBUILD reject new_tc=27.1419 (was 25.7516)
t=42411ms iter=158 incumb=25.7516 ratchet=25.8575 best=25.7516 since_improve=70
t=42413ms iter=159 WAIST cost=20.0000 best_alt=7.0000 gap=13.0000 tried=5 sep_labels=7 clique_frac=0.10
t=42573ms iter=159 REBUILD reject new_tc=31.1047 (was 25.7516)
t=42673ms iter=159 incumb=25.7516 ratchet=25.8965 best=25.7516 since_improve=71
t=42674ms iter=160 WAIST cost=20.0000 best_alt=7.0000 gap=13.0000 tried=5 sep_labels=7 clique_frac=0.10
t=42834ms iter=160 REBUILD reject new_tc=28.4678 (was 25.7516)
t=42930ms iter=160 incumb=25.7516 ratchet=25.8315 best=25.7516 since_improve=72
t=42932ms iter=161 WAIST cost=20.0000 best_alt=5.0000 gap=15.0000 tried=5 sep_labels=5 clique_frac=0.00
t=43092ms iter=161 REBUILD reject new_tc=26.2902 (was 25.7516)
t=43187ms iter=161 incumb=25.7516 ratchet=25.8875 best=25.7516 since_improve=73
t=43189ms iter=162 WAIST cost=20.0000 best_alt=7.0000 gap=13.0000 tried=5 sep_labels=7 clique_frac=0.10
t=43346ms iter=162 REBUILD reject new_tc=30.4105 (was 25.7516)
t=43439ms iter=162 incumb=25.7516 ratchet=25.8005 best=25.7516 since_improve=74
t=43440ms iter=163 WAIST cost=20.0000 best_alt=7.5850 gap=12.4150 tried=5 sep_labels=7 clique_frac=0.00
t=43601ms iter=163 REBUILD reject new_tc=27.6326 (was 25.7516)
t=43698ms iter=163 incumb=25.7516 ratchet=25.8486 best=25.7516 since_improve=75
t=43700ms iter=164 WAIST cost=20.0000 best_alt=7.0000 gap=13.0000 tried=5 sep_labels=7 clique_frac=0.10
t=43858ms iter=164 REBUILD reject new_tc=29.5420 (was 25.7516)
t=43952ms iter=164 incumb=25.7516 ratchet=25.8027 best=25.7516 since_improve=76
t=43954ms iter=165 WAIST cost=20.0000 best_alt=6.0000 gap=14.0000 tried=5 sep_labels=6 clique_frac=0.13
t=44116ms iter=165 REBUILD reject new_tc=26.4829 (was 25.7516)
t=44211ms iter=165 incumb=25.7516 ratchet=25.8393 best=25.7516 since_improve=77
t=44213ms iter=166 WAIST cost=20.0000 best_alt=7.5850 gap=12.4150 tried=5 sep_labels=7 clique_frac=0.00
t=44372ms iter=166 REBUILD reject new_tc=26.1671 (was 25.7516)
t=44467ms iter=166 incumb=25.7516 ratchet=25.9136 best=25.7516 since_improve=78
t=44469ms iter=167 WAIST cost=20.0000 best_alt=7.0000 gap=13.0000 tried=5 sep_labels=7 clique_frac=0.14
t=44627ms iter=167 REBUILD reject new_tc=28.5017 (was 25.7516)
t=44722ms iter=167 incumb=25.7516 ratchet=25.7913 best=25.7516 since_improve=79
t=44724ms iter=168 WAIST cost=20.0000 best_alt=7.5850 gap=12.4150 tried=5 sep_labels=7 clique_frac=0.00
t=44884ms iter=168 REBUILD reject new_tc=27.9019 (was 25.7516)
t=44979ms iter=168 incumb=25.7516 ratchet=25.8145 best=25.7516 since_improve=80
t=44981ms iter=169 WAIST cost=20.0000 best_alt=7.5850 gap=12.4150 tried=5 sep_labels=7 clique_frac=0.00
t=45140ms iter=169 REBUILD reject new_tc=35.3835 (was 25.7516)
t=45234ms iter=169 incumb=25.7516 ratchet=25.8029 best=25.7516 since_improve=81
t=45236ms iter=170 WAIST cost=20.0000 best_alt=6.0000 gap=14.0000 tried=5 sep_labels=6 clique_frac=0.00
t=45394ms iter=170 REBUILD reject new_tc=27.4924 (was 25.7516)
t=45490ms iter=170 incumb=25.7516 ratchet=25.8702 best=25.7516 since_improve=82
t=45492ms iter=171 WAIST cost=20.0000 best_alt=5.0000 gap=15.0000 tried=5 sep_labels=5 clique_frac=0.00
t=45652ms iter=171 REBUILD reject new_tc=29.4573 (was 25.7516)
t=45747ms iter=171 incumb=25.7516 ratchet=25.7730 best=25.7516 since_improve=83
t=45749ms iter=172 WAIST cost=20.0000 best_alt=7.0000 gap=13.0000 tried=5 sep_labels=7 clique_frac=0.05
t=45911ms iter=172 REBUILD reject new_tc=26.9108 (was 25.7516)
t=46008ms iter=172 incumb=25.7516 ratchet=25.8221 best=25.7516 since_improve=84
t=46009ms iter=173 WAIST cost=20.0000 best_alt=7.5850 gap=12.4150 tried=5 sep_labels=7 clique_frac=0.00
t=46168ms iter=173 REBUILD reject new_tc=27.3933 (was 25.7516)
t=46261ms iter=173 incumb=25.7516 ratchet=25.8104 best=25.7516 since_improve=85
t=46263ms iter=174 WAIST cost=20.0000 best_alt=7.0000 gap=13.0000 tried=5 sep_labels=7 clique_frac=0.05
t=46424ms iter=174 REBUILD reject new_tc=26.0017 (was 25.7516)
t=46515ms iter=174 incumb=25.7516 ratchet=25.8978 best=25.7516 since_improve=86
t=46517ms iter=175 WAIST cost=20.0000 best_alt=7.5850 gap=12.4150 tried=5 sep_labels=7 clique_frac=0.00
t=46677ms iter=175 REBUILD reject new_tc=27.4076 (was 25.7516)
t=46772ms iter=175 incumb=25.7516 ratchet=25.8023 best=25.7516 since_improve=87
t=46774ms iter=176 WAIST cost=20.0000 best_alt=7.5850 gap=12.4150 tried=5 sep_labels=7 clique_frac=0.00
t=46931ms iter=176 REBUILD reject new_tc=27.3582 (was 25.7516)
t=47025ms iter=176 incumb=25.7516 ratchet=25.8994 best=25.7516 since_improve=88
t=47027ms iter=177 WAIST cost=20.0000 best_alt=6.5850 gap=13.4150 tried=5 sep_labels=6 clique_frac=0.00
t=47183ms iter=177 REBUILD reject new_tc=25.8841 (was 25.7516)
t=47278ms iter=177 incumb=25.7516 ratchet=25.9129 best=25.7516 since_improve=89
t=47280ms iter=178 WAIST cost=20.0000 best_alt=6.0000 gap=14.0000 tried=5 sep_labels=6 clique_frac=0.00
t=47441ms iter=178 REBUILD reject new_tc=26.8051 (was 25.7516)
t=47536ms iter=178 incumb=25.7516 ratchet=25.7841 best=25.7516 since_improve=90
t=47538ms iter=179 WAIST cost=20.0000 best_alt=7.0000 gap=13.0000 tried=5 sep_labels=7 clique_frac=0.10
t=47698ms iter=179 REBUILD reject new_tc=26.6864 (was 25.7516)
t=47793ms iter=179 incumb=25.7516 ratchet=25.7948 best=25.7516 since_improve=91
t=47795ms iter=180 WAIST cost=20.0000 best_alt=7.0000 gap=13.0000 tried=5 sep_labels=7 clique_frac=0.10
t=47954ms iter=180 REBUILD reject new_tc=26.1495 (was 25.7516)
t=48048ms iter=180 incumb=25.7516 ratchet=25.8176 best=25.7516 since_improve=92
t=48050ms iter=181 WAIST cost=20.0000 best_alt=7.5850 gap=12.4150 tried=5 sep_labels=7 clique_frac=0.00
t=48207ms iter=181 REBUILD reject new_tc=28.6543 (was 25.7516)
t=48303ms iter=181 incumb=25.7516 ratchet=25.8329 best=25.7516 since_improve=93
t=48305ms iter=182 WAIST cost=20.0000 best_alt=7.0000 gap=13.0000 tried=5 sep_labels=7 clique_frac=0.05
t=48470ms iter=182 REBUILD reject new_tc=28.2358 (was 25.7516)
t=48564ms iter=182 incumb=25.7516 ratchet=25.8056 best=25.7516 since_improve=94
t=48566ms iter=183 WAIST cost=20.0000 best_alt=7.0000 gap=13.0000 tried=5 sep_labels=7 clique_frac=0.10
t=48721ms iter=183 REBUILD reject new_tc=31.5532 (was 25.7516)
t=48816ms iter=183 incumb=25.7516 ratchet=25.8019 best=25.7516 since_improve=95
t=48818ms iter=184 WAIST cost=20.0000 best_alt=7.5850 gap=12.4150 tried=5 sep_labels=7 clique_frac=0.00
t=48986ms iter=184 REBUILD reject new_tc=34.8751 (was 25.7516)
t=49081ms iter=184 incumb=25.7516 ratchet=25.7785 best=25.7516 since_improve=96
t=49083ms iter=185 WAIST cost=20.0000 best_alt=5.0000 gap=15.0000 tried=5 sep_labels=5 clique_frac=0.00
t=49239ms iter=185 REBUILD reject new_tc=31.7597 (was 25.7516)
t=49333ms iter=185 incumb=25.7516 ratchet=25.8336 best=25.7516 since_improve=97
t=49335ms iter=186 WAIST cost=20.0000 best_alt=7.0000 gap=13.0000 tried=5 sep_labels=7 clique_frac=0.14
t=49495ms iter=186 REBUILD reject new_tc=25.8821 (was 25.7516)
t=49593ms iter=186 incumb=25.7516 ratchet=25.9304 best=25.7516 since_improve=98
t=49595ms iter=187 WAIST cost=20.0000 best_alt=6.0000 gap=14.0000 tried=5 sep_labels=6 clique_frac=0.07
t=49753ms iter=187 REBUILD reject new_tc=30.2663 (was 25.7516)
t=49848ms iter=187 incumb=25.7516 ratchet=25.7836 best=25.7516 since_improve=99
t=49850ms iter=188 WAIST cost=20.0000 best_alt=5.0000 gap=15.0000 tried=5 sep_labels=5 clique_frac=0.00
t=50010ms iter=188 REBUILD reject new_tc=25.8845 (was 25.7516)
t=50105ms iter=188 incumb=25.7516 ratchet=25.9673 best=25.7516 since_improve=100
t=50106ms iter=189 WAIST cost=20.0000 best_alt=6.5850 gap=13.4150 tried=5 sep_labels=6 clique_frac=0.00
t=50265ms iter=189 REBUILD reject new_tc=27.3703 (was 25.7516)
t=50360ms iter=189 incumb=25.7516 ratchet=25.8463 best=25.7516 since_improve=101
t=50361ms iter=190 WAIST cost=20.0000 best_alt=7.0000 gap=13.0000 tried=5 sep_labels=7 clique_frac=0.10
t=50519ms iter=190 REBUILD reject new_tc=36.2356 (was 25.7516)
t=50615ms iter=190 incumb=25.7516 ratchet=25.8954 best=25.7516 since_improve=102
t=50617ms iter=191 WAIST cost=20.0000 best_alt=7.0000 gap=13.0000 tried=5 sep_labels=7 clique_frac=0.14
t=50775ms iter=191 REBUILD reject new_tc=32.3837 (was 25.7516)
t=50872ms iter=191 incumb=25.7516 ratchet=25.9333 best=25.7516 since_improve=103
t=50874ms iter=192 WAIST cost=20.0000 best_alt=6.0000 gap=14.0000 tried=5 sep_labels=6 clique_frac=0.00
t=51031ms iter=192 REBUILD reject new_tc=26.0354 (was 25.7516)
t=51126ms iter=192 incumb=25.7516 ratchet=25.8686 best=25.7516 since_improve=104
t=51128ms iter=193 WAIST cost=20.0000 best_alt=7.0000 gap=13.0000 tried=5 sep_labels=7 clique_frac=0.14
t=51284ms iter=193 REBUILD reject new_tc=26.1339 (was 25.7516)
t=51377ms iter=193 incumb=25.7516 ratchet=25.9184 best=25.7516 since_improve=105
t=51378ms iter=194 WAIST cost=20.0000 best_alt=7.0000 gap=13.0000 tried=5 sep_labels=7 clique_frac=0.10
t=51535ms iter=194 REBUILD reject new_tc=26.1120 (was 25.7516)
t=51630ms iter=194 incumb=25.7516 ratchet=25.7850 best=25.7516 since_improve=106
t=51631ms iter=195 WAIST cost=20.0000 best_alt=6.0000 gap=14.0000 tried=5 sep_labels=6 clique_frac=0.00
t=51787ms iter=195 REBUILD reject new_tc=26.5567 (was 25.7516)
t=51884ms iter=195 incumb=25.7516 ratchet=25.8419 best=25.7516 since_improve=107
t=51886ms iter=196 WAIST cost=20.0000 best_alt=7.5850 gap=12.4150 tried=5 sep_labels=7 clique_frac=0.00
t=52044ms iter=196 REBUILD reject new_tc=26.8932 (was 25.7516)
t=52140ms iter=196 incumb=25.7516 ratchet=25.7892 best=25.7516 since_improve=108
t=52142ms iter=197 WAIST cost=20.0000 best_alt=6.0000 gap=14.0000 tried=5 sep_labels=6 clique_frac=0.00
t=52298ms iter=197 REBUILD reject new_tc=35.9662 (was 25.7516)
t=52393ms iter=197 incumb=25.7516 ratchet=25.9069 best=25.7516 since_improve=109
t=52395ms iter=198 WAIST cost=20.0000 best_alt=7.0000 gap=13.0000 tried=5 sep_labels=7 clique_frac=0.10
t=52553ms iter=198 REBUILD reject new_tc=29.3821 (was 25.7516)
t=52652ms iter=198 incumb=25.7516 ratchet=25.7751 best=25.7516 since_improve=110
t=52654ms iter=199 WAIST cost=20.0000 best_alt=6.5850 gap=13.4150 tried=5 sep_labels=6 clique_frac=0.00
t=52810ms iter=199 REBUILD reject new_tc=28.4742 (was 25.7516)
t=52903ms iter=199 incumb=25.7516 ratchet=25.8345 best=25.7516 since_improve=111
t=52905ms iter=200 WAIST cost=20.0000 best_alt=7.5850 gap=12.4150 tried=5 sep_labels=7 clique_frac=0.00
t=53065ms iter=200 REBUILD reject new_tc=26.8405 (was 25.7516)
t=53158ms iter=200 incumb=25.7516 ratchet=25.8473 best=25.7516 since_improve=112
t=53160ms iter=201 WAIST cost=20.0000 best_alt=5.0000 gap=15.0000 tried=5 sep_labels=5 clique_frac=0.00
t=53324ms iter=201 REBUILD reject new_tc=29.2393 (was 25.7516)
t=53418ms iter=201 incumb=25.7516 ratchet=25.8438 best=25.7516 since_improve=113
t=53419ms iter=202 WAIST cost=20.0000 best_alt=7.5850 gap=12.4150 tried=5 sep_labels=7 clique_frac=0.00
t=53576ms iter=202 REBUILD reject new_tc=26.7774 (was 25.7516)
t=53682ms iter=202 incumb=25.7516 ratchet=26.0318 best=25.7516 since_improve=114
t=53684ms iter=203 WAIST cost=20.0000 best_alt=6.0000 gap=14.0000 tried=5 sep_labels=6 clique_frac=0.07
t=53841ms iter=203 REBUILD reject new_tc=27.6530 (was 25.7516)
t=53936ms iter=203 incumb=25.7516 ratchet=25.9642 best=25.7516 since_improve=115
t=53938ms iter=204 WAIST cost=20.0000 best_alt=7.5850 gap=12.4150 tried=5 sep_labels=7 clique_frac=0.00
t=54093ms iter=204 REBUILD reject new_tc=28.6521 (was 25.7516)
t=54191ms iter=204 incumb=25.7516 ratchet=25.8257 best=25.7516 since_improve=116
t=54193ms iter=205 WAIST cost=20.0000 best_alt=7.5850 gap=12.4150 tried=5 sep_labels=7 clique_frac=0.00
t=54347ms iter=205 REBUILD reject new_tc=35.1355 (was 25.7516)
t=54443ms iter=205 incumb=25.7516 ratchet=26.6885 best=25.7516 since_improve=117
t=54445ms iter=206 WAIST cost=20.0000 best_alt=6.5850 gap=13.4150 tried=5 sep_labels=6 clique_frac=0.00
t=54602ms iter=206 REBUILD reject new_tc=28.1767 (was 25.7516)
t=54700ms iter=206 incumb=25.7516 ratchet=25.7848 best=25.7516 since_improve=118
t=54702ms iter=207 WAIST cost=20.0000 best_alt=7.5850 gap=12.4150 tried=5 sep_labels=7 clique_frac=0.00
t=54859ms iter=207 REBUILD reject new_tc=28.6328 (was 25.7516)
t=54954ms iter=207 incumb=25.7516 ratchet=25.9391 best=25.7516 since_improve=119
t=54956ms iter=208 WAIST cost=20.0000 best_alt=7.5850 gap=12.4150 tried=5 sep_labels=7 clique_frac=0.00
t=55116ms iter=208 REBUILD reject new_tc=28.3027 (was 25.7516)
t=55211ms iter=208 incumb=25.7516 ratchet=25.7639 best=25.7516 since_improve=120
t=55213ms iter=209 WAIST cost=20.0000 best_alt=7.0000 gap=13.0000 tried=5 sep_labels=7 clique_frac=0.10
t=55369ms iter=209 REBUILD reject new_tc=27.4901 (was 25.7516)
t=55464ms iter=209 incumb=25.7516 ratchet=25.7962 best=25.7516 since_improve=121
t=55465ms iter=210 WAIST cost=20.0000 best_alt=7.5850 gap=12.4150 tried=5 sep_labels=7 clique_frac=0.00
t=55624ms iter=210 REBUILD reject new_tc=32.5480 (was 25.7516)
t=55720ms iter=210 incumb=25.7516 ratchet=25.8732 best=25.7516 since_improve=122
t=55721ms iter=211 WAIST cost=20.0000 best_alt=7.0000 gap=13.0000 tried=5 sep_labels=7 clique_frac=0.10
t=55878ms iter=211 REBUILD reject new_tc=32.5713 (was 25.7516)
t=55971ms iter=211 incumb=25.7516 ratchet=25.8373 best=25.7516 since_improve=123
t=55973ms iter=212 WAIST cost=20.0000 best_alt=5.0000 gap=15.0000 tried=5 sep_labels=5 clique_frac=0.00
t=56130ms iter=212 REBUILD reject new_tc=29.8858 (was 25.7516)
t=56223ms iter=212 incumb=25.7516 ratchet=25.9715 best=25.7516 since_improve=124
t=56225ms iter=213 WAIST cost=20.0000 best_alt=5.0000 gap=15.0000 tried=5 sep_labels=5 clique_frac=0.00
t=56383ms iter=213 REBUILD reject new_tc=28.4009 (was 25.7516)
t=56476ms iter=213 incumb=25.7516 ratchet=25.7734 best=25.7516 since_improve=125
t=56478ms iter=214 WAIST cost=20.0000 best_alt=7.0000 gap=13.0000 tried=5 sep_labels=7 clique_frac=0.10
t=56637ms iter=214 REBUILD reject new_tc=27.6883 (was 25.7516)
t=56730ms iter=214 incumb=25.7516 ratchet=25.7737 best=25.7516 since_improve=126
t=56732ms iter=215 WAIST cost=20.0000 best_alt=7.0000 gap=13.0000 tried=5 sep_labels=7 clique_frac=0.05
t=56889ms iter=215 REBUILD reject new_tc=31.9141 (was 25.7516)
t=56982ms iter=215 incumb=25.7516 ratchet=25.8558 best=25.7516 since_improve=127
t=56984ms iter=216 WAIST cost=20.0000 best_alt=7.5850 gap=12.4150 tried=5 sep_labels=7 clique_frac=0.00
t=57178ms iter=216 REBUILD reject new_tc=30.0593 (was 25.7516)
t=57272ms iter=216 incumb=25.7516 ratchet=25.8132 best=25.7516 since_improve=128
t=57274ms iter=217 WAIST cost=20.0000 best_alt=5.0000 gap=15.0000 tried=5 sep_labels=5 clique_frac=0.00
t=57432ms iter=217 REBUILD reject new_tc=27.0225 (was 25.7516)
t=57526ms iter=217 incumb=25.7516 ratchet=25.8029 best=25.7516 since_improve=129
t=57528ms iter=218 WAIST cost=20.0000 best_alt=5.0000 gap=15.0000 tried=5 sep_labels=5 clique_frac=0.00
t=57719ms iter=218 REBUILD reject new_tc=28.1563 (was 25.7516)
t=57833ms iter=218 incumb=25.7516 ratchet=25.7960 best=25.7516 since_improve=130
t=57835ms iter=219 WAIST cost=20.0000 best_alt=7.5850 gap=12.4150 tried=5 sep_labels=7 clique_frac=0.00
t=57993ms iter=219 REBUILD reject new_tc=27.1151 (was 25.7516)
t=58089ms iter=219 incumb=25.7516 ratchet=25.8379 best=25.7516 since_improve=131
t=58091ms iter=220 WAIST cost=20.0000 best_alt=6.5850 gap=13.4150 tried=5 sep_labels=6 clique_frac=0.07
t=58246ms iter=220 REBUILD reject new_tc=28.5594 (was 25.7516)
t=58342ms iter=220 incumb=25.7516 ratchet=25.8865 best=25.7516 since_improve=132
t=58344ms iter=221 WAIST cost=20.0000 best_alt=7.0000 gap=13.0000 tried=5 sep_labels=7 clique_frac=0.05
t=58504ms iter=221 REBUILD reject new_tc=28.5137 (was 25.7516)
t=58600ms iter=221 incumb=25.7516 ratchet=25.8551 best=25.7516 since_improve=133
t=58602ms iter=222 WAIST cost=20.0000 best_alt=6.5850 gap=13.4150 tried=5 sep_labels=6 clique_frac=0.00
t=58759ms iter=222 REBUILD reject new_tc=29.1679 (was 25.7516)
t=58853ms iter=222 incumb=25.7516 ratchet=25.8228 best=25.7516 since_improve=134
t=58855ms iter=223 WAIST cost=20.0000 best_alt=7.5850 gap=12.4150 tried=5 sep_labels=7 clique_frac=0.00
t=59012ms iter=223 REBUILD reject new_tc=29.6889 (was 25.7516)
t=59108ms iter=223 incumb=25.7516 ratchet=25.9194 best=25.7516 since_improve=135
t=59110ms iter=224 WAIST cost=20.0000 best_alt=7.5850 gap=12.4150 tried=5 sep_labels=7 clique_frac=0.00
t=59264ms iter=224 REBUILD reject new_tc=28.5338 (was 25.7516)
t=59359ms iter=224 incumb=25.7516 ratchet=25.8329 best=25.7516 since_improve=136
t=59361ms iter=225 WAIST cost=20.0000 best_alt=7.0000 gap=13.0000 tried=5 sep_labels=7 clique_frac=0.00
t=59521ms iter=225 REBUILD reject new_tc=26.1205 (was 25.7516)
t=59615ms iter=225 incumb=25.7516 ratchet=25.8963 best=25.7516 since_improve=137
t=59617ms iter=226 WAIST cost=20.0000 best_alt=7.0000 gap=13.0000 tried=5 sep_labels=7 clique_frac=0.10
t=59772ms iter=226 REBUILD reject new_tc=29.1639 (was 25.7516)
t=59867ms iter=226 incumb=25.7516 ratchet=25.7603 best=25.7516 since_improve=138
t=59868ms iter=227 WAIST cost=20.0000 best_alt=7.5850 gap=12.4150 tried=5 sep_labels=7 clique_frac=0.00
t=60028ms iter=227 REBUILD reject new_tc=31.1583 (was 25.7516)
t=60124ms iter=227 incumb=25.7516 ratchet=25.8736 best=25.7516 since_improve=139
t=60126ms iter=228 WAIST cost=20.0000 best_alt=6.5850 gap=13.4150 tried=5 sep_labels=6 clique_frac=0.07
t=60282ms iter=228 REBUILD reject new_tc=26.4556 (was 25.7516)
t=60377ms iter=228 incumb=25.7516 ratchet=25.9472 best=25.7516 since_improve=140
t=60379ms iter=229 WAIST cost=20.0000 best_alt=6.5850 gap=13.4150 tried=5 sep_labels=6 clique_frac=0.07
t=60535ms iter=229 REBUILD reject new_tc=29.6556 (was 25.7516)
t=60632ms iter=229 incumb=25.7516 ratchet=25.9965 best=25.7516 since_improve=141
t=60633ms iter=230 WAIST cost=20.0000 best_alt=7.5850 gap=12.4150 tried=5 sep_labels=7 clique_frac=0.00
t=60793ms iter=230 REBUILD reject new_tc=28.4934 (was 25.7516)
t=60889ms iter=230 incumb=25.7516 ratchet=25.9029 best=25.7516 since_improve=142
t=60891ms iter=231 WAIST cost=20.0000 best_alt=7.5850 gap=12.4150 tried=5 sep_labels=7 clique_frac=0.00
t=61046ms iter=231 REBUILD reject new_tc=26.2240 (was 25.7516)
t=61141ms iter=231 incumb=25.7516 ratchet=25.8459 best=25.7516 since_improve=143
t=61143ms iter=232 WAIST cost=20.0000 best_alt=7.0000 gap=13.0000 tried=5 sep_labels=7 clique_frac=0.00
t=61311ms iter=232 REBUILD reject new_tc=26.0283 (was 25.7516)
t=61407ms iter=232 incumb=25.7516 ratchet=25.8004 best=25.7516 since_improve=144
t=61409ms iter=233 WAIST cost=20.0000 best_alt=5.0000 gap=15.0000 tried=5 sep_labels=5 clique_frac=0.00
t=61567ms iter=233 REBUILD reject new_tc=28.3038 (was 25.7516)
t=61659ms iter=233 incumb=25.7516 ratchet=25.8464 best=25.7516 since_improve=145
t=61661ms iter=234 WAIST cost=20.0000 best_alt=6.0000 gap=14.0000 tried=5 sep_labels=6 clique_frac=0.13
t=61819ms iter=234 REBUILD reject new_tc=28.2185 (was 25.7516)
t=61915ms iter=234 incumb=25.7516 ratchet=25.7840 best=25.7516 since_improve=146
t=61917ms iter=235 WAIST cost=20.0000 best_alt=6.5850 gap=13.4150 tried=5 sep_labels=6 clique_frac=0.00
t=62073ms iter=235 REBUILD reject new_tc=28.2029 (was 25.7516)
t=62276ms iter=235 incumb=25.7516 ratchet=25.7450 best=25.7450 since_improve=0
t=62278ms iter=236 WAIST cost=20.0000 best_alt=7.5850 gap=12.4150 tried=5 sep_labels=7 clique_frac=0.00
t=62438ms iter=236 REBUILD reject new_tc=27.1462 (was 25.7450)
t=62534ms iter=236 incumb=25.7450 ratchet=25.8186 best=25.7450 since_improve=1
t=62536ms iter=237 WAIST cost=20.0000 best_alt=9.0000 gap=11.0000 tried=5 sep_labels=9 clique_frac=0.06
t=62693ms iter=237 REBUILD reject new_tc=26.0983 (was 25.7450)
t=62790ms iter=237 incumb=25.7450 ratchet=25.7722 best=25.7450 since_improve=2
t=62792ms iter=238 WAIST cost=20.0000 best_alt=5.0000 gap=15.0000 tried=5 sep_labels=5 clique_frac=0.00
t=62950ms iter=238 REBUILD reject new_tc=29.3405 (was 25.7450)
t=63045ms iter=238 incumb=25.7450 ratchet=25.7461 best=25.7450 since_improve=3
t=63047ms iter=239 WAIST cost=20.0000 best_alt=5.0000 gap=15.0000 tried=5 sep_labels=5 clique_frac=0.00
t=63210ms iter=239 REBUILD reject new_tc=28.2461 (was 25.7450)
t=63305ms iter=239 incumb=25.7450 ratchet=25.8775 best=25.7450 since_improve=4
t=63307ms iter=240 WAIST cost=20.0000 best_alt=9.0000 gap=11.0000 tried=5 sep_labels=9 clique_frac=0.06
t=63465ms iter=240 REBUILD reject new_tc=28.0721 (was 25.7450)
t=63561ms iter=240 incumb=25.7450 ratchet=29.3626 best=25.7450 since_improve=5
t=63564ms iter=241 WAIST cost=20.0000 best_alt=9.0000 gap=11.0000 tried=5 sep_labels=9 clique_frac=0.06
t=63720ms iter=241 REBUILD reject new_tc=32.8116 (was 25.7450)
t=63815ms iter=241 incumb=25.7450 ratchet=25.8329 best=25.7450 since_improve=6
t=63817ms iter=242 WAIST cost=20.0000 best_alt=9.0000 gap=11.0000 tried=5 sep_labels=9 clique_frac=0.06
t=63976ms iter=242 REBUILD reject new_tc=26.7787 (was 25.7450)
t=64069ms iter=242 incumb=25.7450 ratchet=25.7942 best=25.7450 since_improve=7
t=64071ms iter=243 WAIST cost=20.0000 best_alt=5.0000 gap=15.0000 tried=5 sep_labels=5 clique_frac=0.00
t=64228ms iter=243 REBUILD reject new_tc=31.5069 (was 25.7450)
t=64322ms iter=243 incumb=25.7450 ratchet=25.8722 best=25.7450 since_improve=8
t=64324ms iter=244 WAIST cost=20.0000 best_alt=9.0000 gap=11.0000 tried=5 sep_labels=9 clique_frac=0.06
t=64480ms iter=244 REBUILD reject new_tc=26.4119 (was 25.7450)
t=64575ms iter=244 incumb=25.7450 ratchet=25.8261 best=25.7450 since_improve=9
t=64577ms iter=245 WAIST cost=20.0000 best_alt=9.0000 gap=11.0000 tried=5 sep_labels=9 clique_frac=0.06
t=64747ms iter=245 REBUILD reject new_tc=27.6305 (was 25.7450)
t=64842ms iter=245 incumb=25.7450 ratchet=25.7861 best=25.7450 since_improve=10
t=64844ms iter=246 WAIST cost=20.0000 best_alt=9.0000 gap=11.0000 tried=5 sep_labels=9 clique_frac=0.06
t=65009ms iter=246 REBUILD reject new_tc=27.6178 (was 25.7450)
t=65103ms iter=246 incumb=25.7450 ratchet=25.8007 best=25.7450 since_improve=11
t=65105ms iter=247 WAIST cost=20.0000 best_alt=9.0000 gap=11.0000 tried=5 sep_labels=9 clique_frac=0.06
t=65262ms iter=247 REBUILD reject new_tc=28.1609 (was 25.7450)
t=65360ms iter=247 incumb=25.7450 ratchet=25.7936 best=25.7450 since_improve=12
t=65362ms iter=248 WAIST cost=20.0000 best_alt=9.0000 gap=11.0000 tried=5 sep_labels=9 clique_frac=0.06
t=65516ms iter=248 REBUILD reject new_tc=27.3728 (was 25.7450)
t=65609ms iter=248 incumb=25.7450 ratchet=25.9112 best=25.7450 since_improve=13
t=65611ms iter=249 WAIST cost=20.0000 best_alt=7.0000 gap=13.0000 tried=5 sep_labels=7 clique_frac=0.00
t=65781ms iter=249 REBUILD reject new_tc=26.1531 (was 25.7450)
t=65877ms iter=249 incumb=25.7450 ratchet=25.7740 best=25.7450 since_improve=14
t=65879ms iter=250 WAIST cost=20.0000 best_alt=9.0000 gap=11.0000 tried=5 sep_labels=9 clique_frac=0.06
t=66035ms iter=250 REBUILD reject new_tc=26.0682 (was 25.7450)
t=66127ms iter=250 incumb=25.7450 ratchet=25.8529 best=25.7450 since_improve=15
t=66129ms iter=251 WAIST cost=20.0000 best_alt=9.0000 gap=11.0000 tried=5 sep_labels=9 clique_frac=0.06
t=66286ms iter=251 REBUILD reject new_tc=25.9265 (was 25.7450)
t=66379ms iter=251 incumb=25.7450 ratchet=25.8546 best=25.7450 since_improve=16
t=66381ms iter=252 WAIST cost=20.0000 best_alt=9.0000 gap=11.0000 tried=5 sep_labels=9 clique_frac=0.06
t=66538ms iter=252 REBUILD reject new_tc=26.0034 (was 25.7450)
t=66629ms iter=252 incumb=25.7450 ratchet=25.9323 best=25.7450 since_improve=17
t=66631ms iter=253 WAIST cost=20.0000 best_alt=9.0000 gap=11.0000 tried=5 sep_labels=9 clique_frac=0.06
t=66788ms iter=253 REBUILD reject new_tc=26.3012 (was 25.7450)
t=66879ms iter=253 incumb=25.7450 ratchet=25.8484 best=25.7450 since_improve=18
t=66881ms iter=254 WAIST cost=20.0000 best_alt=9.0000 gap=11.0000 tried=5 sep_labels=9 clique_frac=0.06
t=67038ms iter=254 REBUILD reject new_tc=29.3608 (was 25.7450)
t=67133ms iter=254 incumb=25.7450 ratchet=25.8450 best=25.7450 since_improve=19
t=67135ms iter=255 WAIST cost=20.0000 best_alt=7.0000 gap=13.0000 tried=5 sep_labels=7 clique_frac=0.00
t=67293ms iter=255 REBUILD reject new_tc=28.2513 (was 25.7450)
t=67416ms iter=255 incumb=25.7450 ratchet=25.7958 best=25.7450 since_improve=20
t=67420ms iter=256 WAIST cost=20.0000 best_alt=8.0000 gap=12.0000 tried=5 sep_labels=8 clique_frac=0.07
t=67596ms iter=256 REBUILD reject new_tc=26.8182 (was 25.7450)
t=67692ms iter=256 incumb=25.7450 ratchet=25.9501 best=25.7450 since_improve=21
t=67694ms iter=257 WAIST cost=20.0000 best_alt=8.0000 gap=12.0000 tried=5 sep_labels=8 clique_frac=0.04
t=67843ms iter=257 REBUILD reject new_tc=26.9182 (was 25.7450)
t=67938ms iter=257 incumb=25.7450 ratchet=25.7828 best=25.7450 since_improve=22
t=67940ms iter=258 WAIST cost=20.0000 best_alt=7.0000 gap=13.0000 tried=5 sep_labels=7 clique_frac=0.05
t=68102ms iter=258 REBUILD reject new_tc=27.5743 (was 25.7450)
t=68195ms iter=258 incumb=25.7450 ratchet=25.8887 best=25.7450 since_improve=23
t=68197ms iter=259 WAIST cost=20.0000 best_alt=8.5850 gap=11.4150 tried=5 sep_labels=8 clique_frac=0.11
t=68355ms iter=259 REBUILD reject new_tc=27.1394 (was 25.7450)
t=68448ms iter=259 incumb=25.7450 ratchet=26.5333 best=25.7450 since_improve=24
t=68450ms iter=260 WAIST cost=20.0000 best_alt=8.0000 gap=12.0000 tried=5 sep_labels=8 clique_frac=0.07
t=68612ms iter=260 REBUILD reject new_tc=26.4281 (was 25.7450)
t=68707ms iter=260 incumb=25.7450 ratchet=25.8659 best=25.7450 since_improve=25
t=68709ms iter=261 WAIST cost=20.0000 best_alt=8.5850 gap=11.4150 tried=5 sep_labels=8 clique_frac=0.04
t=68871ms iter=261 REBUILD reject new_tc=29.6313 (was 25.7450)
t=68964ms iter=261 incumb=25.7450 ratchet=25.7717 best=25.7450 since_improve=26
t=68966ms iter=262 WAIST cost=20.0000 best_alt=7.5850 gap=12.4150 tried=5 sep_labels=7 clique_frac=0.10
t=69122ms iter=262 REBUILD reject new_tc=28.1893 (was 25.7450)
t=69215ms iter=262 incumb=25.7450 ratchet=25.8501 best=25.7450 since_improve=27
t=69217ms iter=263 WAIST cost=20.0000 best_alt=5.0000 gap=15.0000 tried=5 sep_labels=5 clique_frac=0.00
t=69373ms iter=263 REBUILD reject new_tc=28.4691 (was 25.7450)
t=69468ms iter=263 incumb=25.7450 ratchet=25.7951 best=25.7450 since_improve=28
t=69470ms iter=264 WAIST cost=20.0000 best_alt=9.0000 gap=11.0000 tried=5 sep_labels=9 clique_frac=0.06
t=69625ms iter=264 REBUILD reject new_tc=31.4638 (was 25.7450)
t=69718ms iter=264 incumb=25.7450 ratchet=25.8357 best=25.7450 since_improve=29
t=69720ms iter=265 WAIST cost=20.0000 best_alt=9.0000 gap=11.0000 tried=5 sep_labels=9 clique_frac=0.06
t=69879ms iter=265 REBUILD reject new_tc=25.9472 (was 25.7450)
t=69976ms iter=265 incumb=25.7450 ratchet=25.8382 best=25.7450 since_improve=30
t=69978ms iter=266 WAIST cost=20.0000 best_alt=7.0000 gap=13.0000 tried=5 sep_labels=7 clique_frac=0.05
t=70139ms iter=266 REBUILD reject new_tc=25.9010 (was 25.7450)
t=70232ms iter=266 incumb=25.7450 ratchet=25.8390 best=25.7450 since_improve=31
t=70234ms iter=267 WAIST cost=20.0000 best_alt=9.0000 gap=11.0000 tried=5 sep_labels=9 clique_frac=0.06
t=70391ms iter=267 REBUILD reject new_tc=26.2336 (was 25.7450)
t=70487ms iter=267 incumb=25.7450 ratchet=25.8273 best=25.7450 since_improve=32
t=70489ms iter=268 WAIST cost=20.0000 best_alt=7.5850 gap=12.4150 tried=5 sep_labels=7 clique_frac=0.00
t=70650ms iter=268 REBUILD reject new_tc=25.9683 (was 25.7450)
t=70745ms iter=268 incumb=25.7450 ratchet=25.8165 best=25.7450 since_improve=33
t=70747ms iter=269 WAIST cost=20.0000 best_alt=9.0000 gap=11.0000 tried=5 sep_labels=9 clique_frac=0.06
t=70905ms iter=269 REBUILD reject new_tc=26.3492 (was 25.7450)
t=71001ms iter=269 incumb=25.7450 ratchet=25.8237 best=25.7450 since_improve=34
t=71003ms iter=270 WAIST cost=20.0000 best_alt=8.5850 gap=11.4150 tried=5 sep_labels=8 clique_frac=0.00
t=71158ms iter=270 REBUILD reject new_tc=28.0943 (was 25.7450)
t=71252ms iter=270 incumb=25.7450 ratchet=25.8314 best=25.7450 since_improve=35
t=71254ms iter=271 WAIST cost=20.0000 best_alt=9.0000 gap=11.0000 tried=5 sep_labels=9 clique_frac=0.06
t=71415ms iter=271 REBUILD reject new_tc=26.0948 (was 25.7450)
t=71510ms iter=271 incumb=25.7450 ratchet=25.8875 best=25.7450 since_improve=36
t=71512ms iter=272 WAIST cost=20.0000 best_alt=9.0000 gap=11.0000 tried=5 sep_labels=9 clique_frac=0.06
t=71669ms iter=272 REBUILD reject new_tc=28.4179 (was 25.7450)
t=71763ms iter=272 incumb=25.7450 ratchet=25.8201 best=25.7450 since_improve=37
t=71765ms iter=273 WAIST cost=20.0000 best_alt=9.0000 gap=11.0000 tried=5 sep_labels=9 clique_frac=0.06
t=71920ms iter=273 REBUILD reject new_tc=34.2179 (was 25.7450)
t=72015ms iter=273 incumb=25.7450 ratchet=26.0363 best=25.7450 since_improve=38
t=72017ms iter=274 WAIST cost=20.0000 best_alt=5.0000 gap=15.0000 tried=5 sep_labels=5 clique_frac=0.00
t=72181ms iter=274 REBUILD reject new_tc=30.0363 (was 25.7450)
t=72275ms iter=274 incumb=25.7450 ratchet=25.7839 best=25.7450 since_improve=39
t=72277ms iter=275 WAIST cost=20.0000 best_alt=8.0000 gap=12.0000 tried=5 sep_labels=8 clique_frac=0.07
t=72437ms iter=275 REBUILD reject new_tc=34.7294 (was 25.7450)
t=72534ms iter=275 incumb=25.7450 ratchet=25.8042 best=25.7450 since_improve=40
t=72536ms iter=276 WAIST cost=20.0000 best_alt=6.0000 gap=14.0000 tried=5 sep_labels=6 clique_frac=0.00
t=72700ms iter=276 REBUILD reject new_tc=28.5915 (was 25.7450)
t=72796ms iter=276 incumb=25.7450 ratchet=26.1274 best=25.7450 since_improve=41
t=72798ms iter=277 WAIST cost=20.0000 best_alt=5.0000 gap=15.0000 tried=5 sep_labels=5 clique_frac=0.00
t=72960ms iter=277 REBUILD reject new_tc=27.3273 (was 25.7450)
t=73056ms iter=277 incumb=25.7450 ratchet=25.8694 best=25.7450 since_improve=42
t=73058ms iter=278 WAIST cost=20.0000 best_alt=8.0000 gap=12.0000 tried=5 sep_labels=8 clique_frac=0.00
t=73214ms iter=278 REBUILD reject new_tc=28.4188 (was 25.7450)
t=73309ms iter=278 incumb=25.7450 ratchet=25.9710 best=25.7450 since_improve=43
t=73311ms iter=279 WAIST cost=20.0000 best_alt=8.0000 gap=12.0000 tried=5 sep_labels=8 clique_frac=0.07
t=73466ms iter=279 REBUILD reject new_tc=28.3215 (was 25.7450)
t=73560ms iter=279 incumb=25.7450 ratchet=25.8986 best=25.7450 since_improve=44
t=73562ms iter=280 WAIST cost=20.0000 best_alt=8.0000 gap=12.0000 tried=5 sep_labels=8 clique_frac=0.14
t=73718ms iter=280 REBUILD reject new_tc=28.2401 (was 25.7450)
t=73909ms iter=280 incumb=25.7450 ratchet=25.7518 best=25.7383 since_improve=45
t=73911ms iter=281 WAIST cost=20.0000 best_alt=8.5850 gap=11.4150 tried=5 sep_labels=8 clique_frac=0.00
t=74070ms iter=281 REBUILD reject new_tc=28.1815 (was 25.7450)
t=74164ms iter=281 incumb=25.7450 ratchet=25.7798 best=25.7383 since_improve=46
t=74166ms iter=282 WAIST cost=20.0000 best_alt=9.0000 gap=11.0000 tried=5 sep_labels=9 clique_frac=0.06
t=74321ms iter=282 REBUILD reject new_tc=29.8714 (was 25.7450)
t=74416ms iter=282 incumb=25.7450 ratchet=25.7473 best=25.7383 since_improve=47
t=74419ms iter=283 WAIST cost=20.0000 best_alt=7.0000 gap=13.0000 tried=5 sep_labels=7 clique_frac=0.00
t=74575ms iter=283 REBUILD reject new_tc=26.1877 (was 25.7450)
t=74671ms iter=283 incumb=25.7450 ratchet=25.7847 best=25.7383 since_improve=48
t=74673ms iter=284 WAIST cost=20.0000 best_alt=5.0000 gap=15.0000 tried=5 sep_labels=5 clique_frac=0.00
t=74833ms iter=284 REBUILD reject new_tc=40.0600 (was 25.7450)
t=74925ms iter=284 incumb=25.7450 ratchet=25.9585 best=25.7383 since_improve=49
t=74927ms iter=285 WAIST cost=20.0000 best_alt=9.0000 gap=11.0000 tried=5 sep_labels=9 clique_frac=0.06
t=75085ms iter=285 REBUILD reject new_tc=26.1010 (was 25.7450)
t=75180ms iter=285 incumb=25.7450 ratchet=25.7951 best=25.7383 since_improve=50
t=75182ms iter=286 WAIST cost=20.0000 best_alt=9.0000 gap=11.0000 tried=5 sep_labels=9 clique_frac=0.06
t=75342ms iter=286 REBUILD reject new_tc=29.3090 (was 25.7450)
t=75436ms iter=286 incumb=25.7450 ratchet=25.7952 best=25.7383 since_improve=51
t=75438ms iter=287 WAIST cost=20.0000 best_alt=9.0000 gap=11.0000 tried=5 sep_labels=9 clique_frac=0.06
t=75591ms iter=287 REBUILD reject new_tc=26.3993 (was 25.7450)
t=75686ms iter=287 incumb=25.7450 ratchet=25.8274 best=25.7383 since_improve=52
t=75688ms iter=288 WAIST cost=20.0000 best_alt=9.0000 gap=11.0000 tried=5 sep_labels=9 clique_frac=0.06
t=75847ms iter=288 REBUILD reject new_tc=32.6064 (was 25.7450)
t=75943ms iter=288 incumb=25.7450 ratchet=25.7909 best=25.7383 since_improve=53
t=75945ms iter=289 WAIST cost=20.0000 best_alt=7.5850 gap=12.4150 tried=5 sep_labels=7 clique_frac=0.00
t=76104ms iter=289 REBUILD reject new_tc=26.3112 (was 25.7450)
t=76200ms iter=289 incumb=25.7450 ratchet=25.8540 best=25.7383 since_improve=54
t=76202ms iter=290 WAIST cost=20.0000 best_alt=7.0000 gap=13.0000 tried=5 sep_labels=7 clique_frac=0.00
t=76361ms iter=290 REBUILD reject new_tc=25.9773 (was 25.7450)
t=76455ms iter=290 incumb=25.7450 ratchet=25.8163 best=25.7383 since_improve=55
t=76458ms iter=291 WAIST cost=20.0000 best_alt=7.0000 gap=13.0000 tried=5 sep_labels=7 clique_frac=0.00
t=76626ms iter=291 REBUILD reject new_tc=27.8480 (was 25.7450)
t=76722ms iter=291 incumb=25.7450 ratchet=25.8309 best=25.7383 since_improve=56
t=76725ms iter=292 WAIST cost=20.0000 best_alt=7.0000 gap=13.0000 tried=5 sep_labels=7 clique_frac=0.00
t=76883ms iter=292 REBUILD reject new_tc=33.0379 (was 25.7450)
t=76975ms iter=292 incumb=25.7450 ratchet=25.9287 best=25.7383 since_improve=57
t=76977ms iter=293 WAIST cost=20.0000 best_alt=9.0000 gap=11.0000 tried=5 sep_labels=9 clique_frac=0.06
t=77134ms iter=293 REBUILD reject new_tc=27.7726 (was 25.7450)
t=77228ms iter=293 incumb=25.7450 ratchet=25.8086 best=25.7383 since_improve=58
t=77230ms iter=294 WAIST cost=20.0000 best_alt=9.0000 gap=11.0000 tried=5 sep_labels=9 clique_frac=0.06
t=77388ms iter=294 REBUILD reject new_tc=27.6340 (was 25.7450)
t=77476ms iter=294 incumb=25.7450 ratchet=25.8115 best=25.7383 since_improve=59
t=77478ms iter=295 WAIST cost=20.0000 best_alt=8.1699 gap=11.8301 tried=5 sep_labels=7 clique_frac=0.05
t=77636ms iter=295 REBUILD reject new_tc=28.8133 (was 25.7450)
t=77730ms iter=295 incumb=25.7450 ratchet=25.7729 best=25.7383 since_improve=60
t=77732ms iter=296 WAIST cost=20.0000 best_alt=5.0000 gap=15.0000 tried=5 sep_labels=5 clique_frac=0.00
t=77893ms iter=296 REBUILD reject new_tc=27.3751 (was 25.7450)
t=77988ms iter=296 incumb=25.7450 ratchet=25.7877 best=25.7383 since_improve=61
t=77990ms iter=297 WAIST cost=20.0000 best_alt=9.0000 gap=11.0000 tried=5 sep_labels=9 clique_frac=0.06
t=78153ms iter=297 REBUILD reject new_tc=25.8174 (was 25.7450)
t=78248ms iter=297 incumb=25.7450 ratchet=25.8090 best=25.7383 since_improve=62
t=78250ms iter=298 WAIST cost=20.0000 best_alt=9.0000 gap=11.0000 tried=5 sep_labels=9 clique_frac=0.06
t=78404ms iter=298 REBUILD reject new_tc=27.0575 (was 25.7450)
t=78500ms iter=298 incumb=25.7450 ratchet=25.8926 best=25.7383 since_improve=63
t=78502ms iter=299 WAIST cost=20.0000 best_alt=9.0000 gap=11.0000 tried=5 sep_labels=9 clique_frac=0.06
t=78657ms iter=299 REBUILD reject new_tc=31.9463 (was 25.7450)
t=78751ms iter=299 incumb=25.7450 ratchet=26.0727 best=25.7383 since_improve=64
t=78753ms iter=300 WAIST cost=20.0000 best_alt=8.5850 gap=11.4150 tried=5 sep_labels=8 clique_frac=0.04
t=78919ms iter=300 REBUILD reject new_tc=26.0759 (was 25.7450)
t=79013ms iter=300 incumb=25.7450 ratchet=25.8679 best=25.7383 since_improve=65
t=79015ms iter=301 WAIST cost=20.0000 best_alt=7.0000 gap=13.0000 tried=5 sep_labels=7 clique_frac=0.00
t=79170ms iter=301 REBUILD reject new_tc=30.4006 (was 25.7450)
t=79263ms iter=301 incumb=25.7450 ratchet=25.8499 best=25.7383 since_improve=66
t=79265ms iter=302 WAIST cost=20.0000 best_alt=9.0000 gap=11.0000 tried=5 sep_labels=9 clique_frac=0.06
t=79419ms iter=302 REBUILD reject new_tc=32.0783 (was 25.7450)
t=79513ms iter=302 incumb=25.7450 ratchet=25.7930 best=25.7383 since_improve=67
t=79515ms iter=303 WAIST cost=20.0000 best_alt=9.0000 gap=11.0000 tried=5 sep_labels=9 clique_frac=0.06
t=79668ms iter=303 REBUILD reject new_tc=30.6071 (was 25.7450)
t=79763ms iter=303 incumb=25.7450 ratchet=25.8363 best=25.7383 since_improve=68
t=79765ms iter=304 WAIST cost=20.0000 best_alt=9.0000 gap=11.0000 tried=5 sep_labels=9 clique_frac=0.06
t=79925ms iter=304 REBUILD reject new_tc=26.1086 (was 25.7450)
t=80020ms iter=304 incumb=25.7450 ratchet=25.8147 best=25.7383 since_improve=69
t=80022ms iter=305 WAIST cost=20.0000 best_alt=9.0000 gap=11.0000 tried=5 sep_labels=9 clique_frac=0.06
t=80177ms iter=305 REBUILD reject new_tc=31.3003 (was 25.7450)
t=80275ms iter=305 incumb=25.7450 ratchet=25.8922 best=25.7383 since_improve=70
t=80277ms iter=306 WAIST cost=20.0000 best_alt=5.0000 gap=15.0000 tried=5 sep_labels=5 clique_frac=0.00
t=80436ms iter=306 REBUILD reject new_tc=26.5960 (was 25.7450)
t=80530ms iter=306 incumb=25.7450 ratchet=25.8213 best=25.7383 since_improve=71
t=80532ms iter=307 WAIST cost=20.0000 best_alt=7.0000 gap=13.0000 tried=5 sep_labels=7 clique_frac=0.05
t=80696ms iter=307 REBUILD reject new_tc=26.1651 (was 25.7450)
t=80792ms iter=307 incumb=25.7450 ratchet=25.8758 best=25.7383 since_improve=72
t=80794ms iter=308 WAIST cost=20.0000 best_alt=8.0000 gap=12.0000 tried=5 sep_labels=8 clique_frac=0.21
t=80953ms iter=308 REBUILD reject new_tc=34.4881 (was 25.7450)
t=81049ms iter=308 incumb=25.7450 ratchet=25.8380 best=25.7383 since_improve=73
t=81050ms iter=309 WAIST cost=20.0000 best_alt=9.0000 gap=11.0000 tried=5 sep_labels=9 clique_frac=0.06
t=81212ms iter=309 REBUILD reject new_tc=26.6826 (was 25.7450)
t=81302ms iter=309 incumb=25.7450 ratchet=25.9954 best=25.7383 since_improve=74
t=81304ms iter=310 WAIST cost=20.0000 best_alt=5.0000 gap=15.0000 tried=5 sep_labels=5 clique_frac=0.10
t=81462ms iter=310 REBUILD reject new_tc=26.0459 (was 25.7450)
t=81558ms iter=310 incumb=25.7450 ratchet=25.8182 best=25.7383 since_improve=75
t=81560ms iter=311 WAIST cost=20.0000 best_alt=9.0000 gap=11.0000 tried=5 sep_labels=9 clique_frac=0.06
t=81721ms iter=311 REBUILD reject new_tc=26.0472 (was 25.7450)
t=81816ms iter=311 incumb=25.7450 ratchet=25.7949 best=25.7383 since_improve=76
t=81818ms iter=312 WAIST cost=20.0000 best_alt=9.0000 gap=11.0000 tried=5 sep_labels=9 clique_frac=0.06
t=81978ms iter=312 REBUILD reject new_tc=26.4111 (was 25.7450)
t=82075ms iter=312 incumb=25.7450 ratchet=25.7897 best=25.7383 since_improve=77
t=82077ms iter=313 WAIST cost=20.0000 best_alt=7.5850 gap=12.4150 tried=5 sep_labels=7 clique_frac=0.00
t=82237ms iter=313 REBUILD reject new_tc=28.7249 (was 25.7450)
t=82335ms iter=313 incumb=25.7450 ratchet=25.8173 best=25.7383 since_improve=78
t=82337ms iter=314 WAIST cost=20.0000 best_alt=7.0000 gap=13.0000 tried=5 sep_labels=7 clique_frac=0.05
t=82498ms iter=314 REBUILD reject new_tc=28.6972 (was 25.7450)
t=82593ms iter=314 incumb=25.7450 ratchet=25.8294 best=25.7383 since_improve=79
t=82595ms iter=315 WAIST cost=20.0000 best_alt=9.0000 gap=11.0000 tried=5 sep_labels=9 clique_frac=0.06
t=82765ms iter=315 REBUILD reject new_tc=26.1686 (was 25.7450)
t=82862ms iter=315 incumb=25.7450 ratchet=25.8277 best=25.7383 since_improve=80
t=82864ms iter=316 WAIST cost=20.0000 best_alt=9.0000 gap=11.0000 tried=5 sep_labels=9 clique_frac=0.06
t=83022ms iter=316 REBUILD reject new_tc=26.1769 (was 25.7450)
t=83115ms iter=316 incumb=25.7450 ratchet=25.8057 best=25.7383 since_improve=81
t=83117ms iter=317 WAIST cost=20.0000 best_alt=9.0000 gap=11.0000 tried=5 sep_labels=9 clique_frac=0.06
t=83275ms iter=317 REBUILD reject new_tc=26.0259 (was 25.7450)
t=83366ms iter=317 incumb=25.7450 ratchet=26.1013 best=25.7383 since_improve=82
t=83368ms iter=318 WAIST cost=20.0000 best_alt=9.0000 gap=11.0000 tried=5 sep_labels=9 clique_frac=0.06
t=83528ms iter=318 REBUILD reject new_tc=25.8706 (was 25.7450)
t=83622ms iter=318 incumb=25.7450 ratchet=25.7879 best=25.7383 since_improve=83
t=83624ms iter=319 WAIST cost=20.0000 best_alt=9.0000 gap=11.0000 tried=5 sep_labels=9 clique_frac=0.06
t=83781ms iter=319 REBUILD reject new_tc=31.4434 (was 25.7450)
t=83876ms iter=319 incumb=25.7450 ratchet=25.8915 best=25.7383 since_improve=84
t=83878ms iter=320 WAIST cost=20.0000 best_alt=5.0000 gap=15.0000 tried=5 sep_labels=5 clique_frac=0.00
t=84041ms iter=320 REBUILD reject new_tc=27.2548 (was 25.7450)
t=84134ms iter=320 incumb=25.7450 ratchet=25.7775 best=25.7383 since_improve=85
t=84136ms iter=321 WAIST cost=20.0000 best_alt=9.0000 gap=11.0000 tried=5 sep_labels=9 clique_frac=0.06
t=84296ms iter=321 REBUILD reject new_tc=29.3287 (was 25.7450)
t=84392ms iter=321 incumb=25.7450 ratchet=25.8766 best=25.7383 since_improve=86
t=84394ms iter=322 WAIST cost=20.0000 best_alt=9.0000 gap=11.0000 tried=5 sep_labels=9 clique_frac=0.06
t=84553ms iter=322 REBUILD reject new_tc=28.6253 (was 25.7450)
t=84643ms iter=322 incumb=25.7450 ratchet=25.8117 best=25.7383 since_improve=87
t=84645ms iter=323 WAIST cost=20.0000 best_alt=7.5850 gap=12.4150 tried=5 sep_labels=7 clique_frac=0.00
t=84800ms iter=323 REBUILD reject new_tc=31.5301 (was 25.7450)
t=84896ms iter=323 incumb=25.7450 ratchet=25.8710 best=25.7383 since_improve=88
t=84898ms iter=324 WAIST cost=20.0000 best_alt=5.0000 gap=15.0000 tried=5 sep_labels=5 clique_frac=0.10
t=85056ms iter=324 REBUILD reject new_tc=26.1261 (was 25.7450)
t=85152ms iter=324 incumb=25.7450 ratchet=25.8573 best=25.7383 since_improve=89
t=85154ms iter=325 WAIST cost=20.0000 best_alt=5.0000 gap=15.0000 tried=5 sep_labels=5 clique_frac=0.00
t=85318ms iter=325 REBUILD reject new_tc=28.2447 (was 25.7450)
t=85413ms iter=325 incumb=25.7450 ratchet=25.9576 best=25.7383 since_improve=90
t=85415ms iter=326 WAIST cost=20.0000 best_alt=9.0000 gap=11.0000 tried=5 sep_labels=9 clique_frac=0.06
t=85574ms iter=326 REBUILD reject new_tc=29.3537 (was 25.7450)
t=85668ms iter=326 incumb=25.7450 ratchet=25.7673 best=25.7383 since_improve=91
t=85670ms iter=327 WAIST cost=20.0000 best_alt=6.0000 gap=14.0000 tried=5 sep_labels=6 clique_frac=0.00
t=85825ms iter=327 REBUILD reject new_tc=28.4724 (was 25.7450)
t=85923ms iter=327 incumb=25.7450 ratchet=25.9180 best=25.7383 since_improve=92
t=85925ms iter=328 WAIST cost=20.0000 best_alt=9.0000 gap=11.0000 tried=5 sep_labels=9 clique_frac=0.06
t=86086ms iter=328 REBUILD reject new_tc=26.4272 (was 25.7450)
t=86182ms iter=328 incumb=25.7450 ratchet=25.7913 best=25.7383 since_improve=93
t=86184ms iter=329 WAIST cost=20.0000 best_alt=7.0000 gap=13.0000 tried=5 sep_labels=7 clique_frac=0.00
t=86340ms iter=329 REBUILD reject new_tc=30.4907 (was 25.7450)
t=86432ms iter=329 incumb=25.7450 ratchet=25.8874 best=25.7383 since_improve=94
t=86434ms iter=330 WAIST cost=20.0000 best_alt=9.0000 gap=11.0000 tried=5 sep_labels=9 clique_frac=0.06
t=86595ms iter=330 REBUILD reject new_tc=26.2135 (was 25.7450)
t=86690ms iter=330 incumb=25.7450 ratchet=25.8547 best=25.7383 since_improve=95
t=86692ms iter=331 WAIST cost=20.0000 best_alt=9.0000 gap=11.0000 tried=5 sep_labels=9 clique_frac=0.06
t=86851ms iter=331 REBUILD reject new_tc=25.9770 (was 25.7450)
t=86947ms iter=331 incumb=25.7450 ratchet=25.8082 best=25.7383 since_improve=96
t=86949ms iter=332 WAIST cost=20.0000 best_alt=9.0000 gap=11.0000 tried=5 sep_labels=9 clique_frac=0.06
t=87105ms iter=332 REBUILD reject new_tc=27.4193 (was 25.7450)
t=87200ms iter=332 incumb=25.7450 ratchet=25.8266 best=25.7383 since_improve=97
t=87202ms iter=333 WAIST cost=20.0000 best_alt=7.0000 gap=13.0000 tried=5 sep_labels=7 clique_frac=0.05
t=87362ms iter=333 REBUILD reject new_tc=26.1428 (was 25.7450)
t_final=87459ms tc_reduced=25.7383 tc_full=26.0238 leaves=2124
surgery summary: calls=333 cheaper_cuts=333 rebuild_accepts=0 waist_min_hits=0
