probe: instance=surfacecode_d21 n_orig=2203 n=761 fusible=0.6546 nlabels=798 t=12ms
seed_greedy tc=58.3605 t=531ms
t=707ms iter=1 WAIST cost=52.0000 best_alt=40.0000 gap=12.0000 tried=5 sep_labels=40 clique_frac=0.03
t=1177ms iter=1 REBUILD ACCEPT new_tc=49.8202 (was 52.1107)
t=1834ms iter=1 incumb=49.8202 ratchet=49.0471 best=49.0471 since_improve=0
t=1857ms iter=2 WAIST cost=46.0000 best_alt=39.0000 gap=7.0000 tried=5 sep_labels=39 clique_frac=0.04
t=2152ms iter=2 REBUILD reject new_tc=50.4357 (was 49.0471)
t=3760ms iter=2 incumb=49.0471 ratchet=49.0503 best=49.0422 since_improve=1
t=3794ms iter=3 WAIST cost=46.0000 best_alt=35.0000 gap=11.0000 tried=5 sep_labels=35 clique_frac=0.03
t=4103ms iter=3 REBUILD reject new_tc=49.1636 (was 49.0471)
t=4367ms iter=3 incumb=49.0471 ratchet=49.0491 best=49.0422 since_improve=2
t=4390ms iter=4 WAIST cost=46.0000 best_alt=39.0000 gap=7.0000 tried=5 sep_labels=39 clique_frac=0.04
t=4663ms iter=4 REBUILD reject new_tc=56.0033 (was 49.0471)
t=4912ms iter=4 incumb=49.0471 ratchet=49.1431 best=49.0422 since_improve=3
t=4938ms iter=5 WAIST cost=46.0000 best_alt=37.0000 gap=9.0000 tried=5 sep_labels=37 clique_frac=0.02
t=5222ms iter=5 REBUILD reject new_tc=51.1550 (was 49.0471)
t=7749ms iter=5 incumb=49.0471 ratchet=49.0175 best=49.0175 since_improve=0
t=7776ms iter=6 WAIST cost=45.0000 best_alt=35.0000 gap=10.0000 tried=5 sep_labels=35 clique_frac=0.01
t=8077ms iter=6 REBUILD reject new_tc=50.5021 (was 49.0175)
t=8333ms iter=6 incumb=49.0175 ratchet=49.0275 best=49.0175 since_improve=1
t=8365ms iter=7 WAIST cost=45.0000 best_alt=35.0000 gap=10.0000 tried=5 sep_labels=35 clique_frac=0.01
t=8665ms iter=7 REBUILD reject new_tc=49.4088 (was 49.0175)
t=9086ms iter=7 incumb=49.0175 ratchet=49.0588 best=49.0142 since_improve=2
t=9119ms iter=8 WAIST cost=45.0000 best_alt=35.0000 gap=10.0000 tried=5 sep_labels=35 clique_frac=0.01
t=9416ms iter=8 REBUILD reject new_tc=51.1647 (was 49.0175)
t=9665ms iter=8 incumb=49.0175 ratchet=49.2692 best=49.0142 since_improve=3
t=9691ms iter=9 WAIST cost=45.0000 best_alt=35.0000 gap=10.0000 tried=5 sep_labels=35 clique_frac=0.01
t=10141ms iter=9 REBUILD ACCEPT new_tc=48.6987 (was 49.0175)
t=12178ms iter=9 incumb=48.6987 ratchet=48.6608 best=48.6608 since_improve=0
t=12197ms iter=10 WAIST cost=45.0000 best_alt=33.0000 gap=12.0000 tried=5 sep_labels=33 clique_frac=0.04
t=12501ms iter=10 REBUILD reject new_tc=49.8252 (was 48.6608)
t=13123ms iter=10 incumb=48.6608 ratchet=48.6597 best=48.6349 since_improve=0
t=13134ms iter=11 WAIST cost=45.0000 best_alt=37.0000 gap=8.0000 tried=5 sep_labels=37 clique_frac=0.05
t=13340ms iter=11 REBUILD reject new_tc=49.3113 (was 48.6597)
t=13866ms iter=11 incumb=48.6597 ratchet=48.6317 best=48.6317 since_improve=0
t=13889ms iter=12 WAIST cost=44.0000 best_alt=37.0000 gap=7.0000 tried=5 sep_labels=37 clique_frac=0.02
t=14596ms iter=12 REBUILD ACCEPT new_tc=48.5245 (was 48.6317)
t=16635ms iter=12 incumb=48.5245 ratchet=48.3453 best=48.3070 since_improve=0
t=16664ms iter=13 WAIST cost=45.0000 best_alt=37.0000 gap=8.0000 tried=5 sep_labels=37 clique_frac=0.03
t=16947ms iter=13 REBUILD reject new_tc=49.1211 (was 48.3453)
t=19946ms iter=13 incumb=48.3453 ratchet=48.2357 best=48.2353 since_improve=0
t=19970ms iter=14 WAIST cost=44.0000 best_alt=39.0000 gap=5.0000 tried=5 sep_labels=39 clique_frac=0.02
t=20266ms iter=14 REBUILD reject new_tc=52.1371 (was 48.2357)
t=22810ms iter=14 incumb=48.2357 ratchet=48.1732 best=48.1731 since_improve=0
t=22838ms iter=15 WAIST cost=43.0000 best_alt=40.0000 gap=3.0000 tried=5 sep_labels=40 clique_frac=0.02
t=23092ms iter=15 REBUILD reject new_tc=52.1145 (was 48.1732)
t=25633ms iter=15 incumb=48.1732 ratchet=48.1563 best=48.1364 since_improve=0
t=25665ms iter=16 WAIST cost=44.0000 best_alt=37.0000 gap=7.0000 tried=5 sep_labels=37 clique_frac=0.02
t=25964ms iter=16 REBUILD reject new_tc=51.6964 (was 48.1563)
t=26223ms iter=16 incumb=48.1563 ratchet=48.2128 best=48.1364 since_improve=1
t=26254ms iter=17 WAIST cost=44.0000 best_alt=40.0000 gap=4.0000 tried=5 sep_labels=40 clique_frac=0.02
t=26563ms iter=17 REBUILD reject new_tc=51.0259 (was 48.1563)
t=26812ms iter=17 incumb=48.1563 ratchet=48.3162 best=48.1364 since_improve=2
t=26837ms iter=18 WAIST cost=44.0000 best_alt=39.0000 gap=5.0000 tried=5 sep_labels=39 clique_frac=0.02
t=27143ms iter=18 REBUILD reject new_tc=55.0114 (was 48.1563)
t=27986ms iter=18 incumb=48.1563 ratchet=48.1138 best=48.1138 since_improve=0
t=28006ms iter=19 WAIST cost=44.0000 best_alt=39.0000 gap=5.0000 tried=5 sep_labels=39 clique_frac=0.03
t=28315ms iter=19 REBUILD reject new_tc=48.5859 (was 48.1138)
t=28885ms iter=19 incumb=48.1138 ratchet=48.1032 best=48.0949 since_improve=0
t=28921ms iter=20 WAIST cost=44.0000 best_alt=40.0000 gap=4.0000 tried=5 sep_labels=40 clique_frac=0.01
t=29136ms iter=20 REBUILD reject new_tc=48.8971 (was 48.1032)
t=29311ms iter=20 incumb=48.1032 ratchet=48.1351 best=48.0949 since_improve=1
t=29322ms iter=21 WAIST cost=44.0000 best_alt=40.0000 gap=4.0000 tried=5 sep_labels=40 clique_frac=0.01
t=29525ms iter=21 REBUILD reject new_tc=49.7504 (was 48.1032)
t=29753ms iter=21 incumb=48.1032 ratchet=48.1146 best=48.0949 since_improve=2
t=29788ms iter=22 WAIST cost=44.0000 best_alt=40.0000 gap=4.0000 tried=5 sep_labels=40 clique_frac=0.01
t=30079ms iter=22 REBUILD reject new_tc=49.2822 (was 48.1032)
t=34608ms iter=22 incumb=48.1032 ratchet=48.0374 best=48.0354 since_improve=0
t=34644ms iter=23 WAIST cost=43.0000 best_alt=37.0000 gap=6.0000 tried=5 sep_labels=37 clique_frac=0.02
t=34940ms iter=23 REBUILD reject new_tc=49.2478 (was 48.0374)
t=35592ms iter=23 incumb=48.0374 ratchet=48.0450 best=48.0342 since_improve=1
t=35620ms iter=24 WAIST cost=43.0000 best_alt=37.0000 gap=6.0000 tried=5 sep_labels=37 clique_frac=0.02
t=35920ms iter=24 REBUILD reject new_tc=48.8486 (was 48.0374)
t=36176ms iter=24 incumb=48.0374 ratchet=48.0428 best=48.0342 since_improve=2
t=36203ms iter=25 WAIST cost=43.0000 best_alt=37.0000 gap=6.0000 tried=5 sep_labels=37 clique_frac=0.02
t=36499ms iter=25 REBUILD reject new_tc=49.3116 (was 48.0374)
t=36750ms iter=25 incumb=48.0374 ratchet=48.1464 best=48.0342 since_improve=3
t=36783ms iter=26 WAIST cost=43.0000 best_alt=37.0000 gap=6.0000 tried=5 sep_labels=37 clique_frac=0.02
t=37083ms iter=26 REBUILD reject new_tc=51.3050 (was 48.0374)
t=37959ms iter=26 incumb=48.0374 ratchet=48.0032 best=48.0032 since_improve=0
t=37988ms iter=27 WAIST cost=44.0000 best_alt=37.0000 gap=7.0000 tried=5 sep_labels=37 clique_frac=0.01
t=38297ms iter=27 REBUILD reject new_tc=48.5563 (was 48.0032)
t=38551ms iter=27 incumb=48.0032 ratchet=48.0752 best=48.0032 since_improve=1
t=38589ms iter=28 WAIST cost=44.0000 best_alt=37.0000 gap=7.0000 tried=5 sep_labels=37 clique_frac=0.01
t=38908ms iter=28 REBUILD reject new_tc=48.8394 (was 48.0032)
t=39165ms iter=28 incumb=48.0032 ratchet=48.0450 best=48.0032 since_improve=2
t=39210ms iter=29 WAIST cost=44.0000 best_alt=37.0000 gap=7.0000 tried=5 sep_labels=37 clique_frac=0.01
t=39506ms iter=29 REBUILD reject new_tc=51.2171 (was 48.0032)
t=39762ms iter=29 incumb=48.0032 ratchet=48.0605 best=48.0032 since_improve=3
t=39799ms iter=30 WAIST cost=44.0000 best_alt=37.0000 gap=7.0000 tried=5 sep_labels=37 clique_frac=0.01
t=40098ms iter=30 REBUILD reject new_tc=50.5251 (was 48.0032)
t=41429ms iter=30 incumb=48.0032 ratchet=47.9932 best=47.9781 since_improve=0
t=41454ms iter=31 WAIST cost=44.0000 best_alt=39.0000 gap=5.0000 tried=5 sep_labels=39 clique_frac=0.04
t=41759ms iter=31 REBUILD reject new_tc=52.1312 (was 47.9932)
t=42057ms iter=31 incumb=47.9932 ratchet=48.0445 best=47.9781 since_improve=1
t=42085ms iter=32 WAIST cost=44.0000 best_alt=39.0000 gap=5.0000 tried=5 sep_labels=39 clique_frac=0.04
t=42391ms iter=32 REBUILD reject new_tc=49.3839 (was 47.9932)
t=42637ms iter=32 incumb=47.9932 ratchet=48.0681 best=47.9781 since_improve=2
t=42669ms iter=33 WAIST cost=44.0000 best_alt=39.0000 gap=5.0000 tried=5 sep_labels=39 clique_frac=0.02
t=42969ms iter=33 REBUILD reject new_tc=48.8554 (was 47.9932)
t=43212ms iter=33 incumb=47.9932 ratchet=48.8064 best=47.9781 since_improve=3
t=43244ms iter=34 WAIST cost=44.0000 best_alt=35.0000 gap=9.0000 tried=5 sep_labels=35 clique_frac=0.02
t=43545ms iter=34 REBUILD reject new_tc=49.0385 (was 47.9932)
t=43803ms iter=34 incumb=47.9932 ratchet=48.0386 best=47.9781 since_improve=4
t=43833ms iter=35 WAIST cost=44.0000 best_alt=35.0000 gap=9.0000 tried=5 sep_labels=35 clique_frac=0.00
t=44132ms iter=35 REBUILD reject new_tc=49.0626 (was 47.9932)
t=44387ms iter=35 incumb=47.9932 ratchet=48.0262 best=47.9781 since_improve=5
t=44418ms iter=36 WAIST cost=44.0000 best_alt=37.0000 gap=7.0000 tried=5 sep_labels=37 clique_frac=0.02
t=44711ms iter=36 REBUILD reject new_tc=50.0000 (was 47.9932)
t=44964ms iter=36 incumb=47.9932 ratchet=48.0065 best=47.9781 since_improve=6
t=44988ms iter=37 WAIST cost=44.0000 best_alt=40.0000 gap=4.0000 tried=5 sep_labels=40 clique_frac=0.01
t=45320ms iter=37 REBUILD reject new_tc=48.8040 (was 47.9932)
t=45980ms iter=37 incumb=47.9932 ratchet=47.9887 best=47.9695 since_improve=0
t=46013ms iter=38 WAIST cost=44.0000 best_alt=35.0000 gap=9.0000 tried=5 sep_labels=35 clique_frac=0.02
t=46309ms iter=38 REBUILD reject new_tc=49.8381 (was 47.9887)
t=47287ms iter=38 incumb=47.9887 ratchet=47.9540 best=47.9484 since_improve=0
t=47323ms iter=39 WAIST cost=45.0000 best_alt=40.0000 gap=5.0000 tried=5 sep_labels=40 clique_frac=0.01
t=47665ms iter=39 REBUILD reject new_tc=49.1026 (was 47.9540)
t=48879ms iter=39 incumb=47.9540 ratchet=47.8908 best=47.8908 since_improve=0
t=48909ms iter=40 WAIST cost=44.0000 best_alt=40.0000 gap=4.0000 tried=5 sep_labels=40 clique_frac=0.01
t=49250ms iter=40 REBUILD reject new_tc=48.4645 (was 47.8908)
t=49502ms iter=40 incumb=47.8908 ratchet=47.9347 best=47.8908 since_improve=1
t=49532ms iter=41 WAIST cost=44.0000 best_alt=40.0000 gap=4.0000 tried=5 sep_labels=40 clique_frac=0.01
t=49873ms iter=41 REBUILD reject new_tc=48.2689 (was 47.8908)
t=50127ms iter=41 incumb=47.8908 ratchet=47.9516 best=47.8908 since_improve=2
t=50162ms iter=42 WAIST cost=44.0000 best_alt=40.0000 gap=4.0000 tried=5 sep_labels=40 clique_frac=0.01
t=50502ms iter=42 REBUILD reject new_tc=49.1064 (was 47.8908)
t=50756ms iter=42 incumb=47.8908 ratchet=47.9176 best=47.8908 since_improve=3
t=50777ms iter=43 WAIST cost=44.0000 best_alt=40.0000 gap=4.0000 tried=5 sep_labels=40 clique_frac=0.01
t=51098ms iter=43 REBUILD reject new_tc=48.6786 (was 47.8908)
t=51337ms iter=43 incumb=47.8908 ratchet=47.9287 best=47.8908 since_improve=4
t=51369ms iter=44 WAIST cost=44.0000 best_alt=40.0000 gap=4.0000 tried=5 sep_labels=40 clique_frac=0.01
t=51708ms iter=44 REBUILD reject new_tc=52.2066 (was 47.8908)
t=51958ms iter=44 incumb=47.8908 ratchet=48.0167 best=47.8908 since_improve=5
t=51988ms iter=45 WAIST cost=44.0000 best_alt=40.0000 gap=4.0000 tried=5 sep_labels=40 clique_frac=0.01
t=52327ms iter=45 REBUILD reject new_tc=49.8409 (was 47.8908)
t=52931ms iter=45 incumb=47.8908 ratchet=47.8787 best=47.8656 since_improve=0
t=52962ms iter=46 WAIST cost=44.0000 best_alt=39.0000 gap=5.0000 tried=5 sep_labels=39 clique_frac=0.03
t=53254ms iter=46 REBUILD reject new_tc=49.7452 (was 47.8787)
t=53505ms iter=46 incumb=47.8787 ratchet=47.9207 best=47.8656 since_improve=1
t=53532ms iter=47 WAIST cost=44.0000 best_alt=40.0000 gap=4.0000 tried=5 sep_labels=40 clique_frac=0.01
t=53871ms iter=47 REBUILD reject new_tc=49.2244 (was 47.8787)
t=54866ms iter=47 incumb=47.8787 ratchet=47.8937 best=47.8247 since_improve=2
t=54896ms iter=48 WAIST cost=44.0000 best_alt=40.0000 gap=4.0000 tried=5 sep_labels=40 clique_frac=0.01
t=55226ms iter=48 REBUILD reject new_tc=48.9667 (was 47.8787)
t=55477ms iter=48 incumb=47.8787 ratchet=48.1152 best=47.8247 since_improve=3
t=55507ms iter=49 WAIST cost=44.0000 best_alt=40.0000 gap=4.0000 tried=5 sep_labels=40 clique_frac=0.01
t=55839ms iter=49 REBUILD reject new_tc=50.4701 (was 47.8787)
t=56089ms iter=49 incumb=47.8787 ratchet=47.9104 best=47.8247 since_improve=4
t=56111ms iter=50 WAIST cost=44.0000 best_alt=40.0000 gap=4.0000 tried=5 sep_labels=40 clique_frac=0.01
t=56442ms iter=50 REBUILD reject new_tc=51.8535 (was 47.8787)
t=56687ms iter=50 incumb=47.8787 ratchet=47.9587 best=47.8247 since_improve=5
t=56727ms iter=51 WAIST cost=44.0000 best_alt=37.0000 gap=7.0000 tried=5 sep_labels=37 clique_frac=0.03
t=57029ms iter=51 REBUILD reject new_tc=48.3877 (was 47.8787)
t=57278ms iter=51 incumb=47.8787 ratchet=47.9216 best=47.8247 since_improve=6
t=57310ms iter=52 WAIST cost=44.0000 best_alt=40.0000 gap=4.0000 tried=5 sep_labels=40 clique_frac=0.01
t=57649ms iter=52 REBUILD reject new_tc=48.7634 (was 47.8787)
t=57902ms iter=52 incumb=47.8787 ratchet=47.9010 best=47.8247 since_improve=7
t=57939ms iter=53 WAIST cost=44.0000 best_alt=40.0000 gap=4.0000 tried=5 sep_labels=40 clique_frac=0.01
t=58262ms iter=53 REBUILD reject new_tc=49.6018 (was 47.8787)
t=58493ms iter=53 incumb=47.8787 ratchet=47.8933 best=47.8247 since_improve=8
t=58530ms iter=54 WAIST cost=44.0000 best_alt=37.0000 gap=7.0000 tried=5 sep_labels=37 clique_frac=0.02
t=58860ms iter=54 REBUILD reject new_tc=48.8741 (was 47.8787)
t=59105ms iter=54 incumb=47.8787 ratchet=47.9031 best=47.8247 since_improve=9
t=59139ms iter=55 WAIST cost=44.0000 best_alt=39.0000 gap=5.0000 tried=5 sep_labels=39 clique_frac=0.00
t=59465ms iter=55 REBUILD reject new_tc=54.1872 (was 47.8787)
t=59720ms iter=55 incumb=47.8787 ratchet=47.8928 best=47.8247 since_improve=10
t=59747ms iter=56 WAIST cost=44.0000 best_alt=39.0000 gap=5.0000 tried=5 sep_labels=39 clique_frac=0.03
t=60042ms iter=56 REBUILD reject new_tc=49.3187 (was 47.8787)
t=60286ms iter=56 incumb=47.8787 ratchet=47.8468 best=47.8247 since_improve=0
t=60323ms iter=57 WAIST cost=44.0000 best_alt=40.0000 gap=4.0000 tried=5 sep_labels=40 clique_frac=0.01
t=60650ms iter=57 REBUILD reject new_tc=48.2844 (was 47.8468)
t=60887ms iter=57 incumb=47.8468 ratchet=47.8718 best=47.8247 since_improve=1
t=60920ms iter=58 WAIST cost=44.0000 best_alt=40.0000 gap=4.0000 tried=5 sep_labels=40 clique_frac=0.01
t=61254ms iter=58 REBUILD reject new_tc=48.7518 (was 47.8468)
t=61507ms iter=58 incumb=47.8468 ratchet=47.8886 best=47.8247 since_improve=2
t=61531ms iter=59 WAIST cost=44.0000 best_alt=40.0000 gap=4.0000 tried=5 sep_labels=40 clique_frac=0.01
t=61873ms iter=59 REBUILD reject new_tc=48.6374 (was 47.8468)
t=62458ms iter=59 incumb=47.8468 ratchet=47.8414 best=47.8130 since_improve=0
t=62490ms iter=60 WAIST cost=44.0000 best_alt=40.0000 gap=4.0000 tried=5 sep_labels=40 clique_frac=0.01
t=62796ms iter=60 REBUILD reject new_tc=48.8951 (was 47.8414)
t=63037ms iter=60 incumb=47.8414 ratchet=47.9454 best=47.8130 since_improve=1
t=63062ms iter=61 WAIST cost=44.0000 best_alt=40.0000 gap=4.0000 tried=5 sep_labels=40 clique_frac=0.01
t=63397ms iter=61 REBUILD reject new_tc=49.1378 (was 47.8414)
t=63651ms iter=61 incumb=47.8414 ratchet=47.8518 best=47.8130 since_improve=2
t=63681ms iter=62 WAIST cost=44.0000 best_alt=40.0000 gap=4.0000 tried=5 sep_labels=40 clique_frac=0.01
t=64015ms iter=62 REBUILD reject new_tc=50.3975 (was 47.8414)
t=66638ms iter=62 incumb=47.8414 ratchet=47.7690 best=47.7281 since_improve=0
t=66674ms iter=63 WAIST cost=44.0000 best_alt=40.0000 gap=4.0000 tried=5 sep_labels=40 clique_frac=0.01
t=67017ms iter=63 REBUILD reject new_tc=48.8921 (was 47.7690)
t=67265ms iter=63 incumb=47.7690 ratchet=47.9178 best=47.7281 since_improve=1
t=67290ms iter=64 WAIST cost=44.0000 best_alt=40.0000 gap=4.0000 tried=5 sep_labels=40 clique_frac=0.01
t=67628ms iter=64 REBUILD reject new_tc=48.8345 (was 47.7690)
t=67879ms iter=64 incumb=47.7690 ratchet=47.8371 best=47.7281 since_improve=2
t=67911ms iter=65 WAIST cost=44.0000 best_alt=39.0000 gap=5.0000 tried=5 sep_labels=39 clique_frac=0.03
t=68215ms iter=65 REBUILD reject new_tc=48.5289 (was 47.7690)
t=68461ms iter=65 incumb=47.7690 ratchet=47.7989 best=47.7281 since_improve=3
t=68482ms iter=66 WAIST cost=44.0000 best_alt=40.0000 gap=4.0000 tried=5 sep_labels=40 clique_frac=0.01
t=68813ms iter=66 REBUILD reject new_tc=57.0025 (was 47.7690)
t=69068ms iter=66 incumb=47.7690 ratchet=47.7348 best=47.7281 since_improve=0
t=69104ms iter=67 WAIST cost=44.0000 best_alt=39.0000 gap=5.0000 tried=5 sep_labels=39 clique_frac=0.03
t=69400ms iter=67 REBUILD reject new_tc=48.9895 (was 47.7348)
t=70830ms iter=67 incumb=47.7348 ratchet=47.6996 best=47.6627 since_improve=0
t=70860ms iter=68 WAIST cost=43.0000 best_alt=39.0000 gap=4.0000 tried=5 sep_labels=39 clique_frac=0.01
t=71201ms iter=68 REBUILD reject new_tc=55.0113 (was 47.6996)
t=71452ms iter=68 incumb=47.6996 ratchet=47.7496 best=47.6627 since_improve=1
t=71483ms iter=69 WAIST cost=43.0000 best_alt=39.0000 gap=4.0000 tried=5 sep_labels=39 clique_frac=0.01
t=71830ms iter=69 REBUILD reject new_tc=48.8482 (was 47.6996)
t=72080ms iter=69 incumb=47.6996 ratchet=47.7858 best=47.6627 since_improve=2
t=72112ms iter=70 WAIST cost=43.0000 best_alt=39.0000 gap=4.0000 tried=5 sep_labels=39 clique_frac=0.01
t=72451ms iter=70 REBUILD reject new_tc=48.9484 (was 47.6996)
t=72702ms iter=70 incumb=47.6996 ratchet=47.7317 best=47.6627 since_improve=3
t=72735ms iter=71 WAIST cost=43.0000 best_alt=39.0000 gap=4.0000 tried=5 sep_labels=39 clique_frac=0.01
t=73075ms iter=71 REBUILD reject new_tc=48.9397 (was 47.6996)
t=73332ms iter=71 incumb=47.6996 ratchet=47.7254 best=47.6627 since_improve=4
t=73364ms iter=72 WAIST cost=43.0000 best_alt=37.0000 gap=6.0000 tried=5 sep_labels=37 clique_frac=0.01
t=73672ms iter=72 REBUILD reject new_tc=49.1804 (was 47.6996)
t=73907ms iter=72 incumb=47.6996 ratchet=47.7126 best=47.6627 since_improve=5
t=73940ms iter=73 WAIST cost=43.0000 best_alt=39.0000 gap=4.0000 tried=5 sep_labels=39 clique_frac=0.01
t=74264ms iter=73 REBUILD reject new_tc=55.4786 (was 47.6996)
t=74515ms iter=73 incumb=47.6996 ratchet=47.7518 best=47.6627 since_improve=6
t=74537ms iter=74 WAIST cost=43.0000 best_alt=39.0000 gap=4.0000 tried=5 sep_labels=39 clique_frac=0.01
t=74876ms iter=74 REBUILD reject new_tc=48.6181 (was 47.6996)
t=75131ms iter=74 incumb=47.6996 ratchet=47.6701 best=47.6627 since_improve=0
t=75161ms iter=75 WAIST cost=43.0000 best_alt=39.0000 gap=4.0000 tried=5 sep_labels=39 clique_frac=0.01
t=75496ms iter=75 REBUILD reject new_tc=49.0413 (was 47.6701)
t=75733ms iter=75 incumb=47.6701 ratchet=47.7247 best=47.6627 since_improve=1
t=75765ms iter=76 WAIST cost=43.0000 best_alt=39.0000 gap=4.0000 tried=5 sep_labels=39 clique_frac=0.01
t=76103ms iter=76 REBUILD reject new_tc=49.1608 (was 47.6701)
t=76354ms iter=76 incumb=47.6701 ratchet=47.6798 best=47.6627 since_improve=2
t=76389ms iter=77 WAIST cost=43.0000 best_alt=39.0000 gap=4.0000 tried=5 sep_labels=39 clique_frac=0.01
t=76730ms iter=77 REBUILD reject new_tc=49.1367 (was 47.6701)
t=76981ms iter=77 incumb=47.6701 ratchet=47.6995 best=47.6627 since_improve=3
t=77011ms iter=78 WAIST cost=43.0000 best_alt=39.0000 gap=4.0000 tried=5 sep_labels=39 clique_frac=0.01
t=77348ms iter=78 REBUILD reject new_tc=48.9398 (was 47.6701)
t=77600ms iter=78 incumb=47.6701 ratchet=47.7345 best=47.6627 since_improve=4
t=77632ms iter=79 WAIST cost=43.0000 best_alt=39.0000 gap=4.0000 tried=5 sep_labels=39 clique_frac=0.01
t=77979ms iter=79 REBUILD reject new_tc=49.4305 (was 47.6701)
t=78226ms iter=79 incumb=47.6701 ratchet=47.7157 best=47.6627 since_improve=5
t=78263ms iter=80 WAIST cost=43.0000 best_alt=39.0000 gap=4.0000 tried=5 sep_labels=39 clique_frac=0.01
t=78607ms iter=80 REBUILD reject new_tc=48.8044 (was 47.6701)
t=78860ms iter=80 incumb=47.6701 ratchet=47.7486 best=47.6627 since_improve=6
t=78893ms iter=81 WAIST cost=43.0000 best_alt=37.0000 gap=6.0000 tried=5 sep_labels=37 clique_frac=0.02
t=79189ms iter=81 REBUILD reject new_tc=50.4657 (was 47.6701)
t=79433ms iter=81 incumb=47.6701 ratchet=47.6854 best=47.6627 since_improve=7
t=79463ms iter=82 WAIST cost=43.0000 best_alt=39.0000 gap=4.0000 tried=5 sep_labels=39 clique_frac=0.01
t=79794ms iter=82 REBUILD reject new_tc=49.3054 (was 47.6701)
t=80049ms iter=82 incumb=47.6701 ratchet=47.6948 best=47.6627 since_improve=8
t=80079ms iter=83 WAIST cost=43.0000 best_alt=39.0000 gap=4.0000 tried=5 sep_labels=39 clique_frac=0.01
t=80420ms iter=83 REBUILD reject new_tc=48.7947 (was 47.6701)
t=80667ms iter=83 incumb=47.6701 ratchet=47.7455 best=47.6627 since_improve=9
t=80699ms iter=84 WAIST cost=43.0000 best_alt=39.0000 gap=4.0000 tried=5 sep_labels=39 clique_frac=0.01
t=81033ms iter=84 REBUILD reject new_tc=51.3129 (was 47.6701)
t=81848ms iter=84 incumb=47.6701 ratchet=47.6611 best=47.6396 since_improve=0
t=81875ms iter=85 WAIST cost=44.0000 best_alt=39.0000 gap=5.0000 tried=5 sep_labels=39 clique_frac=0.02
t=82170ms iter=85 REBUILD reject new_tc=52.1371 (was 47.6611)
t=82415ms iter=85 incumb=47.6611 ratchet=47.7223 best=47.6396 since_improve=1
t=82444ms iter=86 WAIST cost=44.0000 best_alt=40.0000 gap=4.0000 tried=5 sep_labels=40 clique_frac=0.01
t=82791ms iter=86 REBUILD reject new_tc=48.9373 (was 47.6611)
t=83038ms iter=86 incumb=47.6611 ratchet=47.7639 best=47.6396 since_improve=2
t=83075ms iter=87 WAIST cost=44.0000 best_alt=40.0000 gap=4.0000 tried=5 sep_labels=40 clique_frac=0.01
t=83412ms iter=87 REBUILD reject new_tc=52.1397 (was 47.6611)
t=83872ms iter=87 incumb=47.6611 ratchet=47.6633 best=47.6386 since_improve=3
t=83904ms iter=88 WAIST cost=44.0000 best_alt=40.0000 gap=4.0000 tried=5 sep_labels=40 clique_frac=0.01
t=84239ms iter=88 REBUILD reject new_tc=50.2080 (was 47.6611)
t=84485ms iter=88 incumb=47.6611 ratchet=47.7000 best=47.6386 since_improve=4
t=84521ms iter=89 WAIST cost=44.0000 best_alt=39.0000 gap=5.0000 tried=5 sep_labels=39 clique_frac=0.01
t=84854ms iter=89 REBUILD reject new_tc=49.1207 (was 47.6611)
t=85102ms iter=89 incumb=47.6611 ratchet=47.6598 best=47.6386 since_improve=0
t=85135ms iter=90 WAIST cost=43.0000 best_alt=39.0000 gap=4.0000 tried=5 sep_labels=39 clique_frac=0.02
t=85468ms iter=90 REBUILD reject new_tc=54.0304 (was 47.6598)
t=85721ms iter=90 incumb=47.6598 ratchet=47.6654 best=47.6386 since_improve=1
t=85761ms iter=91 WAIST cost=43.0000 best_alt=39.0000 gap=4.0000 tried=5 sep_labels=39 clique_frac=0.02
t=86092ms iter=91 REBUILD reject new_tc=53.0492 (was 47.6598)
t=86342ms iter=91 incumb=47.6598 ratchet=47.7308 best=47.6386 since_improve=2
t=86381ms iter=92 WAIST cost=43.0000 best_alt=39.0000 gap=4.0000 tried=5 sep_labels=39 clique_frac=0.02
t=86697ms iter=92 REBUILD reject new_tc=52.1276 (was 47.6598)
t=86933ms iter=92 incumb=47.6598 ratchet=47.7113 best=47.6386 since_improve=3
t=86960ms iter=93 WAIST cost=43.0000 best_alt=39.0000 gap=4.0000 tried=5 sep_labels=39 clique_frac=0.02
t=87285ms iter=93 REBUILD reject new_tc=48.8758 (was 47.6598)
t=87305ms iter=93 incumb=47.6598 ratchet=50.5144 best=47.6386 since_improve=4
t_final=87586ms tc_reduced=47.6386 tc_full=47.8409 leaves=2203
surgery summary: calls=93 cheaper_cuts=93 rebuild_accepts=3 waist_min_hits=0
