simplify: n_orig=3369 n_reduced=381 shrink=0.8869 t_simp=10ms
t_seed=623ms tc_seed=88.0471 seed_trials=14
t_dp=5229ms tc_greedy=79.2361
t_mcts=22034ms mcts: backup=min rollouts=384 rate=17/s depth=3 nodes=385 improves=0 tc_mcts=79.2361
ATTRIBUTION tc_greedy=79.2361 tc_mcts_prepolish=79.2361 mcts_beats_greedy=false
t=22288ms polish_tc=78.4023
t=23092ms polish_tc=77.3291
t=24077ms polish_tc=77.2773
t=24298ms polish_tc=76.1945
t=25102ms polish_tc=73.4251
t=26100ms polish_tc=72.9966
t=27097ms polish_tc=72.7486
t=28082ms polish_tc=72.3080
t=29088ms polish_tc=71.6308
t=29334ms polish_tc=71.1585
t=30094ms polish_tc=70.3726
t=31092ms polish_tc=69.7191
t=31312ms polish_tc=69.5491
t=32099ms polish_tc=69.5219
t=32336ms polish_tc=69.0695
t=33109ms polish_tc=69.0041
t=34094ms polish_tc=68.9974
t=35083ms polish_tc=68.5616
t=35332ms polish_tc=68.4080
t=36107ms polish_tc=68.1189
t=37089ms polish_tc=67.8908
t=38094ms polish_tc=67.5542
t=39085ms polish_tc=67.4983
t=39348ms polish_tc=67.3918
t=40111ms polish_tc=67.1167
t=41094ms polish_tc=67.0955
t=41362ms polish_tc=67.0024
t=42110ms polish_tc=66.9793
t=43089ms polish_tc=66.8688
t=44099ms polish_tc=66.5712
t=45089ms polish_tc=66.4600
t=45384ms polish_tc=65.9764
t=45690ms polish_tc=65.7035
t=46100ms polish_tc=65.6255
t=46387ms polish_tc=65.6213
t=46654ms polish_tc=65.5934
t=47111ms polish_tc=65.3721
t=47359ms polish_tc=65.2838
t=48091ms polish_tc=65.2012
t=48364ms polish_tc=64.9664
t=48628ms polish_tc=64.6649
t=49095ms polish_tc=64.6124
t=49372ms polish_tc=64.3822
t=49646ms polish_tc=64.2727
t=50112ms polish_tc=64.2622
t=50378ms polish_tc=64.2471
t=51093ms polish_tc=64.2269
t=51354ms polish_tc=64.1492
t=51607ms polish_tc=64.1413
t=52087ms polish_tc=64.1230
t=52348ms polish_tc=64.1171
t=52608ms polish_tc=63.8322
t=53089ms polish_tc=63.8050
t=53352ms polish_tc=63.7172
t=53626ms polish_tc=63.6198
t=54100ms polish_tc=63.6127
t=54374ms polish_tc=63.5670
t=54840ms polish_tc=63.4808
t=55137ms polish_tc=63.4748
t=55435ms polish_tc=63.4171
t=56094ms polish_tc=63.3799
t=56373ms polish_tc=63.3746
t=57094ms polish_tc=63.3335
t=57406ms polish_tc=63.3139
t=58084ms polish_tc=63.2690
t=58387ms polish_tc=63.2314
t=58689ms polish_tc=63.2283
t=59098ms polish_tc=63.2182
t=59422ms polish_tc=63.1599
t=60089ms polish_tc=63.1146
t=60404ms polish_tc=63.1034
t=60706ms polish_tc=63.0579
t=61096ms polish_tc=62.9202
t=61402ms polish_tc=62.9140
t=62086ms polish_tc=62.8797
t=62385ms polish_tc=62.7933
t=62676ms polish_tc=62.7818
t=63097ms polish_tc=62.6990
t=63405ms polish_tc=62.6906
t=64083ms polish_tc=62.6736
t=64412ms polish_tc=62.6449
t=64741ms polish_tc=62.6264
t=65105ms polish_tc=62.5915
t=65456ms polish_tc=62.5567
t=66099ms polish_tc=62.5345
t=66450ms polish_tc=62.5145
t=67094ms polish_tc=62.4997
t=67423ms polish_tc=62.4889
t=67738ms polish_tc=62.4272
t=68108ms polish_tc=62.4199
t=69091ms polish_tc=62.3722
t=69391ms polish_tc=62.3681
t=69697ms polish_tc=62.3228
t=70102ms polish_tc=62.3115
t=70417ms polish_tc=62.3108
t=71092ms polish_tc=62.2347
t=71396ms polish_tc=62.2281
t=71701ms polish_tc=62.1628
t=72106ms polish_tc=62.1541
t=72413ms polish_tc=62.1495
t=73094ms polish_tc=62.1268
t=73416ms polish_tc=62.0664
t=73770ms polish_tc=62.0396
t=74112ms polish_tc=62.0139
t=74410ms polish_tc=61.9875
t=75101ms polish_tc=61.9828
t=75435ms polish_tc=61.9761
t=76089ms polish_tc=61.9410
t=76388ms polish_tc=61.9377
t=76697ms polish_tc=61.9170
t=77102ms polish_tc=61.9004
t=77424ms polish_tc=61.8930
t=78089ms polish_tc=61.8639
t=78394ms polish_tc=61.8534
t=78705ms polish_tc=61.8450
t=79103ms polish_tc=61.8405
t=79399ms polish_tc=61.8176
t=80085ms polish_tc=61.8105
t=80396ms polish_tc=61.7997
t=80695ms polish_tc=61.7980
t=81099ms polish_tc=61.7854
t=81418ms polish_tc=61.7845
t=81734ms polish_tc=61.7603
t=82110ms polish_tc=61.7528
t=82413ms polish_tc=61.7484
t=83094ms polish_tc=61.7476
t=83402ms polish_tc=61.7358
t=83694ms polish_tc=61.7280
t=84106ms polish_tc=61.7272
t=84400ms polish_tc=61.7246
t=85092ms polish_tc=61.7109
t=85385ms polish_tc=61.7057
t=85669ms polish_tc=61.7057
t=86102ms polish_tc=61.7051
t=86390ms polish_tc=61.7049
t=87084ms polish_tc=61.6995
t=87379ms polish_tc=61.6979
anneal_sweeps=816 cycles=1 fresh=0
t_final=87393ms tc_greedy=79.2361 tc_mcts=79.2361 tc_final=61.6979 tc_full=61.6979 leaves=3369
