simplify: n_orig=2124 n_reduced=513 shrink=0.7585 t_simp=10ms
t_seed=620ms tc_seed=41.1942 seed_trials=17
t_dp=620ms tc_greedy=41.1942
t=6381ms mcts_tc=40.0986
t=8988ms mcts_tc=39.0331
t=13457ms mcts_tc=38.6296
t_mcts=17636ms mcts: backup=min rollouts=320 rate=18/s depth=3 nodes=321 improves=3 tc_mcts=38.6296
ATTRIBUTION tc_greedy=41.1942 tc_mcts_prepolish=38.6296 mcts_beats_greedy=true
t=17793ms polish_tc=37.7101
t=17871ms polish_tc=37.2144
t=17949ms polish_tc=36.8633
t=18028ms polish_tc=36.7279
t=18110ms polish_tc=35.4037
t=18190ms polish_tc=35.3398
t=18270ms polish_tc=33.1731
t=18349ms polish_tc=32.9266
t=18434ms polish_tc=32.8717
t=18516ms polish_tc=32.7175
t=18754ms polish_tc=32.6807
t=18833ms polish_tc=32.4112
t=18912ms polish_tc=31.9776
t=18990ms polish_tc=31.8350
t=19073ms polish_tc=31.7668
t=19160ms polish_tc=31.4127
t=19246ms polish_tc=31.2649
t=19326ms polish_tc=31.1120
t=19408ms polish_tc=30.9806
t=19479ms polish_tc=30.8033
t=19761ms polish_tc=30.7783
t=19843ms polish_tc=30.7099
t=19926ms polish_tc=30.5056
t=20007ms polish_tc=30.3967
t=20084ms polish_tc=30.3672
t=20162ms polish_tc=30.3028
t=20246ms polish_tc=30.2054
t=20329ms polish_tc=30.0712
t=20412ms polish_tc=30.0708
t=20498ms polish_tc=29.9426
t=20765ms polish_tc=29.9360
t=20846ms polish_tc=29.7896
t=20927ms polish_tc=29.7198
t=21010ms polish_tc=29.6960
t=21089ms polish_tc=29.6942
t=21172ms polish_tc=29.6261
t=21250ms polish_tc=29.5898
t=21339ms polish_tc=29.5889
t=21420ms polish_tc=29.5460
t=21764ms polish_tc=29.3959
t=21854ms polish_tc=29.3478
t=21945ms polish_tc=29.1106
t=22034ms polish_tc=29.1070
t=22120ms polish_tc=29.0699
t=22209ms polish_tc=28.9886
t=22298ms polish_tc=28.9765
t=22384ms polish_tc=28.8956
t=22473ms polish_tc=28.7483
t=22769ms polish_tc=28.7322
t=22865ms polish_tc=28.5627
t=22956ms polish_tc=28.4920
t=23048ms polish_tc=28.4286
t=23139ms polish_tc=28.3912
t=23226ms polish_tc=28.3605
t=23322ms polish_tc=28.2908
t=23419ms polish_tc=28.2485
t=23762ms polish_tc=28.2482
t=23849ms polish_tc=28.1984
t=23961ms polish_tc=28.1605
t=24061ms polish_tc=28.0642
t=24154ms polish_tc=28.0225
t=24244ms polish_tc=28.0067
t=24336ms polish_tc=27.9167
t=24427ms polish_tc=27.9047
t=24762ms polish_tc=27.8349
t=24855ms polish_tc=27.8311
t=24955ms polish_tc=27.8280
t=25051ms polish_tc=27.7956
t=25143ms polish_tc=27.7574
t=25231ms polish_tc=27.7158
t=25330ms polish_tc=27.6940
t=25427ms polish_tc=27.6674
t=25757ms polish_tc=27.6345
t=25850ms polish_tc=27.6321
t=25949ms polish_tc=27.6080
t=26065ms polish_tc=27.6058
t=26162ms polish_tc=27.5799
t=26262ms polish_tc=27.5682
t=26359ms polish_tc=27.5415
t=26459ms polish_tc=27.4773
t=26762ms polish_tc=27.4692
t=26886ms polish_tc=27.4688
t=26988ms polish_tc=27.4544
t=27082ms polish_tc=27.4464
t=27176ms polish_tc=27.4220
t=27266ms polish_tc=27.4087
t=27361ms polish_tc=27.4064
t=27456ms polish_tc=27.4000
t=27759ms polish_tc=27.3876
t=27854ms polish_tc=27.3853
t=27954ms polish_tc=27.3852
t=28052ms polish_tc=27.3507
t=28155ms polish_tc=27.3265
t=28248ms polish_tc=27.3156
t=28338ms polish_tc=27.3130
t=28430ms polish_tc=27.3094
t=28753ms polish_tc=27.3084
t=28844ms polish_tc=27.3061
t=28936ms polish_tc=27.3051
t=29030ms polish_tc=27.2904
t=29131ms polish_tc=27.2872
t=29227ms polish_tc=27.2454
t=29317ms polish_tc=27.2368
t=29409ms polish_tc=27.2349
t=29758ms polish_tc=27.2226
t=29850ms polish_tc=27.2203
t=29947ms polish_tc=27.2178
t=30056ms polish_tc=27.1913
t=30142ms polish_tc=27.1649
t=30234ms polish_tc=27.1394
t=30325ms polish_tc=27.0661
t=30410ms polish_tc=27.0658
t=30498ms polish_tc=27.0521
t=30770ms polish_tc=27.0344
t=30862ms polish_tc=27.0133
t=30953ms polish_tc=26.9964
t=31045ms polish_tc=26.9805
t=31132ms polish_tc=26.9804
t=31218ms polish_tc=26.8728
t=31311ms polish_tc=26.8295
t=31397ms polish_tc=26.5634
t=31762ms polish_tc=26.1520
t=31847ms polish_tc=26.1478
t=31934ms polish_tc=26.1317
t=32024ms polish_tc=26.1303
t=32111ms polish_tc=26.1174
t=32199ms polish_tc=26.1081
t=32284ms polish_tc=26.1019
t=32374ms polish_tc=26.0989
t=32457ms polish_tc=26.0972
t=32764ms polish_tc=26.0970
t=32851ms polish_tc=26.0957
t=32942ms polish_tc=26.0955
t=33036ms polish_tc=26.0903
t=33143ms polish_tc=26.0422
t=33236ms polish_tc=26.0352
t=33326ms polish_tc=26.0242
t=33421ms polish_tc=26.0196
t=33760ms polish_tc=26.0167
t=33851ms polish_tc=26.0140
t=34284ms polish_tc=25.9955
t=34420ms polish_tc=25.9947
t=34554ms polish_tc=25.9396
t=34719ms polish_tc=25.9251
t=34848ms polish_tc=25.8803
t=34978ms polish_tc=25.8692
t=35112ms polish_tc=25.8659
t=35241ms polish_tc=25.8576
t=35370ms polish_tc=25.8534
t=35511ms polish_tc=25.8529
t=35629ms polish_tc=25.8446
t=35792ms polish_tc=25.8424
t=35919ms polish_tc=25.8418
t=36047ms polish_tc=25.8404
t=36174ms polish_tc=25.8356
t=36320ms polish_tc=25.8257
t=36449ms polish_tc=25.8205
t=36576ms polish_tc=25.8129
t=36865ms polish_tc=25.8107
t=36988ms polish_tc=25.8088
t=37390ms polish_tc=25.7997
t=37527ms polish_tc=25.7948
t=37645ms polish_tc=25.7893
t=37769ms polish_tc=25.7840
t=37921ms polish_tc=25.7792
t=38036ms polish_tc=25.7648
t=38182ms polish_tc=25.7645
t=38311ms polish_tc=25.7621
t=38435ms polish_tc=25.7619
t=38562ms polish_tc=25.7608
t=38759ms polish_tc=25.7600
t=38888ms polish_tc=25.7595
t=39014ms polish_tc=25.7586
t=39130ms polish_tc=25.7581
t=39248ms polish_tc=25.7570
t=39371ms polish_tc=25.7560
t=39492ms polish_tc=25.7530
t=39609ms polish_tc=25.7526
t=39829ms polish_tc=25.7507
t=39953ms polish_tc=25.7492
t=40078ms polish_tc=25.7489
t=40199ms polish_tc=25.7488
t=40317ms polish_tc=25.7466
t=42844ms polish_tc=25.7460
t=42954ms polish_tc=25.7443
t=43034ms polish_tc=25.7438
t=43110ms polish_tc=25.7429
t=43189ms polish_tc=25.7425
t=43294ms polish_tc=25.7425
t=43376ms polish_tc=25.7425
t=43460ms polish_tc=25.7424
t=43538ms polish_tc=25.7424
t=43625ms polish_tc=25.7423
t=43701ms polish_tc=25.7423
t=44745ms polish_tc=25.7411
t=44830ms polish_tc=25.7404
t=44916ms polish_tc=25.7403
t=44997ms polish_tc=25.7401
t=45086ms polish_tc=25.7399
t=45172ms polish_tc=25.7389
t=45255ms polish_tc=25.7381
t=45342ms polish_tc=25.7380
t=45428ms polish_tc=25.7378
t=45514ms polish_tc=25.7377
t=50566ms polish_tc=25.7359
t=50658ms polish_tc=25.7338
t=50754ms polish_tc=25.7338
t=74489ms polish_tc=25.7337
t=74559ms polish_tc=25.7336
t=74646ms polish_tc=25.7335
t=74714ms polish_tc=25.7335
anneal_sweeps=178192 cycles=59 fresh=7
t_final=87305ms tc_greedy=41.1942 tc_mcts=38.6296 tc_final=25.7335 tc_full=25.7342 leaves=2124
