probe: instance=uai_DBN_16 n_orig=572 n=484 fusible=0.1538 nlabels=44 t=8ms
seed_greedy tc=44.0696 t=512ms
t=578ms iter=1 WAIST cost=43.0000 best_alt=22.0000 gap=21.0000 tried=5 sep_labels=22 clique_frac=0.00
t=722ms iter=1 REBUILD ACCEPT new_tc=34.2935 (was 44.0696)
t=788ms iter=1 incumb=34.2935 ratchet=34.9592 best=34.2935 since_improve=1
t=804ms iter=2 WAIST cost=33.0000 best_alt=22.0000 gap=11.0000 tried=5 sep_labels=22 clique_frac=0.00
t=942ms iter=2 REBUILD reject new_tc=36.5277 (was 34.2935)
t=1008ms iter=2 incumb=34.2935 ratchet=34.8138 best=34.2935 since_improve=2
t=1023ms iter=3 WAIST cost=33.0000 best_alt=22.0000 gap=11.0000 tried=5 sep_labels=22 clique_frac=0.00
t=1161ms iter=3 REBUILD reject new_tc=36.4454 (was 34.2935)
t=1226ms iter=3 incumb=34.2935 ratchet=34.9907 best=34.2935 since_improve=3
t=1241ms iter=4 WAIST cost=33.0000 best_alt=22.0000 gap=11.0000 tried=5 sep_labels=22 clique_frac=0.00
t=1378ms iter=4 REBUILD reject new_tc=36.4649 (was 34.2935)
t=1442ms iter=4 incumb=34.2935 ratchet=34.8860 best=34.2935 since_improve=4
t=1457ms iter=5 WAIST cost=33.0000 best_alt=22.0000 gap=11.0000 tried=5 sep_labels=22 clique_frac=0.00
t=1596ms iter=5 REBUILD reject new_tc=36.3966 (was 34.2935)
t=1660ms iter=5 incumb=34.2935 ratchet=34.6515 best=34.2935 since_improve=5
t=1676ms iter=6 WAIST cost=33.0000 best_alt=22.0000 gap=11.0000 tried=5 sep_labels=22 clique_frac=0.00
t=1826ms iter=6 REBUILD reject new_tc=36.4862 (was 34.2935)
t=1890ms iter=6 incumb=34.2935 ratchet=34.7023 best=34.2935 since_improve=6
t=1904ms iter=7 WAIST cost=33.0000 best_alt=22.0000 gap=11.0000 tried=5 sep_labels=22 clique_frac=0.00
t=2062ms iter=7 REBUILD reject new_tc=36.4735 (was 34.2935)
t=2130ms iter=7 incumb=34.2935 ratchet=34.8955 best=34.2935 since_improve=7
t=2144ms iter=8 WAIST cost=33.0000 best_alt=22.0000 gap=11.0000 tried=5 sep_labels=22 clique_frac=0.00
t=2284ms iter=8 REBUILD reject new_tc=36.5312 (was 34.2935)
t=2350ms iter=8 incumb=34.2935 ratchet=34.9170 best=34.2935 since_improve=8
t=2365ms iter=9 WAIST cost=33.0000 best_alt=22.0000 gap=11.0000 tried=5 sep_labels=22 clique_frac=0.00
t=2504ms iter=9 REBUILD reject new_tc=36.2237 (was 34.2935)
t=2570ms iter=9 incumb=34.2935 ratchet=34.7895 best=34.2935 since_improve=9
t=2595ms iter=10 WAIST cost=33.0000 best_alt=22.0000 gap=11.0000 tried=5 sep_labels=22 clique_frac=0.00
t=2779ms iter=10 REBUILD reject new_tc=36.5000 (was 34.2935)
t=2843ms iter=10 incumb=34.2935 ratchet=35.0456 best=34.2935 since_improve=10
t=2860ms iter=11 WAIST cost=33.0000 best_alt=22.0000 gap=11.0000 tried=5 sep_labels=22 clique_frac=0.00
t=3000ms iter=11 REBUILD reject new_tc=36.5077 (was 34.2935)
t=3067ms iter=11 incumb=34.2935 ratchet=35.6833 best=34.2935 since_improve=11
t=3082ms iter=12 WAIST cost=33.0000 best_alt=22.0000 gap=11.0000 tried=5 sep_labels=22 clique_frac=0.00
t=3221ms iter=12 REBUILD reject new_tc=36.3304 (was 34.2935)
t=3286ms iter=12 incumb=34.2935 ratchet=34.8801 best=34.2935 since_improve=12
t=3300ms iter=13 WAIST cost=33.0000 best_alt=22.0000 gap=11.0000 tried=5 sep_labels=22 clique_frac=0.00
t=3442ms iter=13 REBUILD reject new_tc=36.3338 (was 34.2935)
t=3506ms iter=13 incumb=34.2935 ratchet=34.6519 best=34.2935 since_improve=13
t=3523ms iter=14 WAIST cost=33.0000 best_alt=22.0000 gap=11.0000 tried=5 sep_labels=22 clique_frac=0.00
t=3662ms iter=14 REBUILD reject new_tc=36.5033 (was 34.2935)
t=3727ms iter=14 incumb=34.2935 ratchet=35.2760 best=34.2935 since_improve=14
t=3743ms iter=15 WAIST cost=33.0000 best_alt=22.0000 gap=11.0000 tried=5 sep_labels=22 clique_frac=0.00
t=3894ms iter=15 REBUILD reject new_tc=36.5481 (was 34.2935)
t=3959ms iter=15 incumb=34.2935 ratchet=35.1634 best=34.2935 since_improve=15
t=3975ms iter=16 WAIST cost=33.0000 best_alt=22.0000 gap=11.0000 tried=5 sep_labels=22 clique_frac=0.00
t=4115ms iter=16 REBUILD reject new_tc=36.4739 (was 34.2935)
t=4183ms iter=16 incumb=34.2935 ratchet=34.7119 best=34.2935 since_improve=16
t=4196ms iter=17 WAIST cost=33.0000 best_alt=22.0000 gap=11.0000 tried=5 sep_labels=22 clique_frac=0.00
t=4335ms iter=17 REBUILD reject new_tc=36.5364 (was 34.2935)
t=4399ms iter=17 incumb=34.2935 ratchet=34.7169 best=34.2935 since_improve=17
t=4415ms iter=18 WAIST cost=33.0000 best_alt=22.0000 gap=11.0000 tried=5 sep_labels=22 clique_frac=0.00
t=4556ms iter=18 REBUILD reject new_tc=35.8359 (was 34.2935)
t=4621ms iter=18 incumb=34.2935 ratchet=34.8306 best=34.2935 since_improve=18
t=4636ms iter=19 WAIST cost=33.0000 best_alt=22.0000 gap=11.0000 tried=5 sep_labels=22 clique_frac=0.00
t=4776ms iter=19 REBUILD reject new_tc=36.5619 (was 34.2935)
t=4841ms iter=19 incumb=34.2935 ratchet=35.0273 best=34.2935 since_improve=19
t=4856ms iter=20 WAIST cost=33.0000 best_alt=22.0000 gap=11.0000 tried=5 sep_labels=22 clique_frac=0.00
t=4997ms iter=20 REBUILD reject new_tc=36.5306 (was 34.2935)
t=5068ms iter=20 incumb=34.2935 ratchet=45.4672 best=34.2935 since_improve=20
t=5084ms iter=21 WAIST cost=33.0000 best_alt=22.0000 gap=11.0000 tried=5 sep_labels=22 clique_frac=0.00
t=5223ms iter=21 REBUILD reject new_tc=36.1846 (was 34.2935)
t=5288ms iter=21 incumb=34.2935 ratchet=34.7780 best=34.2935 since_improve=21
t=5302ms iter=22 WAIST cost=33.0000 best_alt=22.0000 gap=11.0000 tried=5 sep_labels=22 clique_frac=0.00
t=5445ms iter=22 REBUILD reject new_tc=36.3401 (was 34.2935)
t=5510ms iter=22 incumb=34.2935 ratchet=34.9632 best=34.2935 since_improve=22
t=5526ms iter=23 WAIST cost=33.0000 best_alt=22.0000 gap=11.0000 tried=5 sep_labels=22 clique_frac=0.00
t=5675ms iter=23 REBUILD reject new_tc=36.3901 (was 34.2935)
t=5741ms iter=23 incumb=34.2935 ratchet=34.9498 best=34.2935 since_improve=23
t=5755ms iter=24 WAIST cost=33.0000 best_alt=22.0000 gap=11.0000 tried=5 sep_labels=22 clique_frac=0.00
t=5893ms iter=24 REBUILD reject new_tc=36.2913 (was 34.2935)
t=5959ms iter=24 incumb=34.2935 ratchet=34.9636 best=34.2935 since_improve=24
t=5973ms iter=25 WAIST cost=33.0000 best_alt=22.0000 gap=11.0000 tried=5 sep_labels=22 clique_frac=0.00
t=6113ms iter=25 REBUILD reject new_tc=36.3396 (was 34.2935)
t=6178ms iter=25 incumb=34.2935 ratchet=34.6349 best=34.2935 since_improve=25
t=6191ms iter=26 WAIST cost=33.0000 best_alt=22.0000 gap=11.0000 tried=5 sep_labels=22 clique_frac=0.00
t=6330ms iter=26 REBUILD reject new_tc=36.6600 (was 34.2935)
t=6396ms iter=26 incumb=34.2935 ratchet=34.8583 best=34.2935 since_improve=26
t=6412ms iter=27 WAIST cost=33.0000 best_alt=22.0000 gap=11.0000 tried=5 sep_labels=22 clique_frac=0.00
t=6553ms iter=27 REBUILD reject new_tc=36.4886 (was 34.2935)
t=6618ms iter=27 incumb=34.2935 ratchet=34.8254 best=34.2935 since_improve=27
t=6635ms iter=28 WAIST cost=33.0000 best_alt=22.0000 gap=11.0000 tried=5 sep_labels=22 clique_frac=0.00
t=6774ms iter=28 REBUILD reject new_tc=36.5429 (was 34.2935)
t=6840ms iter=28 incumb=34.2935 ratchet=35.4237 best=34.2935 since_improve=28
t=6854ms iter=29 WAIST cost=33.0000 best_alt=22.0000 gap=11.0000 tried=5 sep_labels=22 clique_frac=0.00
t=6993ms iter=29 REBUILD reject new_tc=36.2129 (was 34.2935)
t=7058ms iter=29 incumb=34.2935 ratchet=35.1465 best=34.2935 since_improve=29
t=7073ms iter=30 WAIST cost=33.0000 best_alt=22.0000 gap=11.0000 tried=5 sep_labels=22 clique_frac=0.00
t=7213ms iter=30 REBUILD reject new_tc=36.5068 (was 34.2935)
t=7278ms iter=30 incumb=34.2935 ratchet=34.9430 best=34.2935 since_improve=30
t=7291ms iter=31 WAIST cost=33.0000 best_alt=22.0000 gap=11.0000 tried=5 sep_labels=22 clique_frac=0.00
t=7432ms iter=31 REBUILD reject new_tc=36.7833 (was 34.2935)
t=7497ms iter=31 incumb=34.2935 ratchet=34.5095 best=34.2935 since_improve=31
t=7514ms iter=32 WAIST cost=33.0000 best_alt=22.0000 gap=11.0000 tried=5 sep_labels=22 clique_frac=0.00
t=7653ms iter=32 REBUILD reject new_tc=36.3352 (was 34.2935)
t=7718ms iter=32 incumb=34.2935 ratchet=34.9937 best=34.2935 since_improve=32
t=7735ms iter=33 WAIST cost=33.0000 best_alt=22.0000 gap=11.0000 tried=5 sep_labels=22 clique_frac=0.00
t=7874ms iter=33 REBUILD reject new_tc=36.6463 (was 34.2935)
t=7939ms iter=33 incumb=34.2935 ratchet=35.1684 best=34.2935 since_improve=33
t=7954ms iter=34 WAIST cost=33.0000 best_alt=22.0000 gap=11.0000 tried=5 sep_labels=22 clique_frac=0.00
t=8101ms iter=34 REBUILD reject new_tc=36.2865 (was 34.2935)
t=8165ms iter=34 incumb=34.2935 ratchet=34.9609 best=34.2935 since_improve=34
t=8180ms iter=35 WAIST cost=33.0000 best_alt=22.0000 gap=11.0000 tried=5 sep_labels=22 clique_frac=0.00
t=8318ms iter=35 REBUILD reject new_tc=36.6675 (was 34.2935)
t=8382ms iter=35 incumb=34.2935 ratchet=34.5155 best=34.2935 since_improve=35
t=8398ms iter=36 WAIST cost=33.0000 best_alt=22.0000 gap=11.0000 tried=5 sep_labels=22 clique_frac=0.00
t=8536ms iter=36 REBUILD reject new_tc=36.4248 (was 34.2935)
t=8604ms iter=36 incumb=34.2935 ratchet=38.9657 best=34.2935 since_improve=36
t=8619ms iter=37 WAIST cost=33.0000 best_alt=22.0000 gap=11.0000 tried=5 sep_labels=22 clique_frac=0.00
t=8758ms iter=37 REBUILD reject new_tc=36.5782 (was 34.2935)
t=8823ms iter=37 incumb=34.2935 ratchet=34.7663 best=34.2935 since_improve=37
t=8838ms iter=38 WAIST cost=33.0000 best_alt=22.0000 gap=11.0000 tried=5 sep_labels=22 clique_frac=0.00
t=8978ms iter=38 REBUILD reject new_tc=36.5404 (was 34.2935)
t=9044ms iter=38 incumb=34.2935 ratchet=34.9820 best=34.2935 since_improve=38
t=9058ms iter=39 WAIST cost=33.0000 best_alt=22.0000 gap=11.0000 tried=5 sep_labels=22 clique_frac=0.00
t=9197ms iter=39 REBUILD reject new_tc=36.2485 (was 34.2935)
t=9262ms iter=39 incumb=34.2935 ratchet=36.0019 best=34.2935 since_improve=39
t=9276ms iter=40 WAIST cost=33.0000 best_alt=22.0000 gap=11.0000 tried=5 sep_labels=22 clique_frac=0.00
t=9415ms iter=40 REBUILD reject new_tc=36.6788 (was 34.2935)
t=9484ms iter=40 incumb=34.2935 ratchet=43.8069 best=34.2935 since_improve=40
t=9499ms iter=41 WAIST cost=33.0000 best_alt=22.0000 gap=11.0000 tried=5 sep_labels=22 clique_frac=0.00
t=9638ms iter=41 REBUILD reject new_tc=36.4341 (was 34.2935)
t=9703ms iter=41 incumb=34.2935 ratchet=35.5010 best=34.2935 since_improve=41
t=9719ms iter=42 WAIST cost=33.0000 best_alt=22.0000 gap=11.0000 tried=5 sep_labels=22 clique_frac=0.00
t=9858ms iter=42 REBUILD reject new_tc=36.3218 (was 34.2935)
t=9923ms iter=42 incumb=34.2935 ratchet=34.6674 best=34.2935 since_improve=42
t=9938ms iter=43 WAIST cost=33.0000 best_alt=22.0000 gap=11.0000 tried=5 sep_labels=22 clique_frac=0.00
t=10076ms iter=43 REBUILD reject new_tc=36.2547 (was 34.2935)
t=10141ms iter=43 incumb=34.2935 ratchet=34.7760 best=34.2935 since_improve=43
t=10157ms iter=44 WAIST cost=33.0000 best_alt=22.0000 gap=11.0000 tried=5 sep_labels=22 clique_frac=0.00
t=10297ms iter=44 REBUILD reject new_tc=36.5388 (was 34.2935)
t=10361ms iter=44 incumb=34.2935 ratchet=34.5793 best=34.2935 since_improve=44
t=10376ms iter=45 WAIST cost=33.0000 best_alt=22.0000 gap=11.0000 tried=5 sep_labels=22 clique_frac=0.00
t=10515ms iter=45 REBUILD reject new_tc=35.9958 (was 34.2935)
t=10581ms iter=45 incumb=34.2935 ratchet=35.1678 best=34.2935 since_improve=45
t=10596ms iter=46 WAIST cost=33.0000 best_alt=22.0000 gap=11.0000 tried=5 sep_labels=22 clique_frac=0.00
t=10735ms iter=46 REBUILD reject new_tc=36.2155 (was 34.2935)
t=10800ms iter=46 incumb=34.2935 ratchet=34.8534 best=34.2935 since_improve=46
t=10816ms iter=47 WAIST cost=33.0000 best_alt=22.0000 gap=11.0000 tried=5 sep_labels=22 clique_frac=0.00
t=10957ms iter=47 REBUILD reject new_tc=36.5475 (was 34.2935)
t=11021ms iter=47 incumb=34.2935 ratchet=34.5523 best=34.2935 since_improve=47
t=11035ms iter=48 WAIST cost=33.0000 best_alt=22.0000 gap=11.0000 tried=5 sep_labels=22 clique_frac=0.00
t=11175ms iter=48 REBUILD reject new_tc=36.5170 (was 34.2935)
t=11240ms iter=48 incumb=34.2935 ratchet=34.8704 best=34.2935 since_improve=48
t=11252ms iter=49 WAIST cost=33.0000 best_alt=22.0000 gap=11.0000 tried=5 sep_labels=22 clique_frac=0.00
t=11391ms iter=49 REBUILD reject new_tc=36.5416 (was 34.2935)
t=11456ms iter=49 incumb=34.2935 ratchet=34.4510 best=34.2935 since_improve=49
t=11469ms iter=50 WAIST cost=33.0000 best_alt=22.0000 gap=11.0000 tried=5 sep_labels=22 clique_frac=0.00
t=11607ms iter=50 REBUILD reject new_tc=36.2572 (was 34.2935)
t=11672ms iter=50 incumb=34.2935 ratchet=34.4946 best=34.2935 since_improve=50
t=11688ms iter=51 WAIST cost=33.0000 best_alt=22.0000 gap=11.0000 tried=5 sep_labels=22 clique_frac=0.00
t=11826ms iter=51 REBUILD reject new_tc=36.3317 (was 34.2935)
t=11892ms iter=51 incumb=34.2935 ratchet=35.8742 best=34.2935 since_improve=51
t=11905ms iter=52 WAIST cost=33.0000 best_alt=22.0000 gap=11.0000 tried=5 sep_labels=22 clique_frac=0.00
t=12044ms iter=52 REBUILD reject new_tc=36.5013 (was 34.2935)
t=12108ms iter=52 incumb=34.2935 ratchet=34.8736 best=34.2935 since_improve=52
t=12121ms iter=53 WAIST cost=33.0000 best_alt=22.0000 gap=11.0000 tried=5 sep_labels=22 clique_frac=0.00
t=12262ms iter=53 REBUILD reject new_tc=36.4696 (was 34.2935)
t=12326ms iter=53 incumb=34.2935 ratchet=34.7378 best=34.2935 since_improve=53
t=12340ms iter=54 WAIST cost=33.0000 best_alt=22.0000 gap=11.0000 tried=5 sep_labels=22 clique_frac=0.00
t=12481ms iter=54 REBUILD reject new_tc=36.5701 (was 34.2935)
t=12547ms iter=54 incumb=34.2935 ratchet=35.1243 best=34.2935 since_improve=54
t=12562ms iter=55 WAIST cost=33.0000 best_alt=22.0000 gap=11.0000 tried=5 sep_labels=22 clique_frac=0.00
t=12701ms iter=55 REBUILD reject new_tc=36.1938 (was 34.2935)
t=12766ms iter=55 incumb=34.2935 ratchet=34.5009 best=34.2935 since_improve=55
t=12781ms iter=56 WAIST cost=33.0000 best_alt=22.0000 gap=11.0000 tried=5 sep_labels=22 clique_frac=0.00
t=12921ms iter=56 REBUILD reject new_tc=36.3517 (was 34.2935)
t=12985ms iter=56 incumb=34.2935 ratchet=35.0183 best=34.2935 since_improve=56
t=13000ms iter=57 WAIST cost=33.0000 best_alt=22.0000 gap=11.0000 tried=5 sep_labels=22 clique_frac=0.00
t=13142ms iter=57 REBUILD reject new_tc=36.4176 (was 34.2935)
t=13206ms iter=57 incumb=34.2935 ratchet=34.6529 best=34.2935 since_improve=57
t=13220ms iter=58 WAIST cost=33.0000 best_alt=22.0000 gap=11.0000 tried=5 sep_labels=22 clique_frac=0.00
t=13360ms iter=58 REBUILD reject new_tc=36.5042 (was 34.2935)
t=13425ms iter=58 incumb=34.2935 ratchet=34.7557 best=34.2935 since_improve=58
t=13440ms iter=59 WAIST cost=33.0000 best_alt=22.0000 gap=11.0000 tried=5 sep_labels=22 clique_frac=0.00
t=13580ms iter=59 REBUILD reject new_tc=36.3431 (was 34.2935)
t=13646ms iter=59 incumb=34.2935 ratchet=37.7807 best=34.2935 since_improve=59
t=13659ms iter=60 WAIST cost=33.0000 best_alt=22.0000 gap=11.0000 tried=5 sep_labels=22 clique_frac=0.00
t=13799ms iter=60 REBUILD reject new_tc=36.1901 (was 34.2935)
t=13862ms iter=60 incumb=34.2935 ratchet=34.6905 best=34.2935 since_improve=60
t=13878ms iter=61 WAIST cost=33.0000 best_alt=22.0000 gap=11.0000 tried=5 sep_labels=22 clique_frac=0.00
t=14018ms iter=61 REBUILD reject new_tc=36.5857 (was 34.2935)
t=14082ms iter=61 incumb=34.2935 ratchet=34.7678 best=34.2935 since_improve=61
t=14099ms iter=62 WAIST cost=33.0000 best_alt=22.0000 gap=11.0000 tried=5 sep_labels=22 clique_frac=0.00
t=14239ms iter=62 REBUILD reject new_tc=36.3634 (was 34.2935)
t=14303ms iter=62 incumb=34.2935 ratchet=34.7602 best=34.2935 since_improve=62
t=14318ms iter=63 WAIST cost=33.0000 best_alt=22.0000 gap=11.0000 tried=5 sep_labels=22 clique_frac=0.00
t=14458ms iter=63 REBUILD reject new_tc=36.1000 (was 34.2935)
t=14522ms iter=63 incumb=34.2935 ratchet=34.7477 best=34.2935 since_improve=63
t=14538ms iter=64 WAIST cost=33.0000 best_alt=22.0000 gap=11.0000 tried=5 sep_labels=22 clique_frac=0.00
t=14678ms iter=64 REBUILD reject new_tc=36.4887 (was 34.2935)
t=14743ms iter=64 incumb=34.2935 ratchet=34.8034 best=34.2935 since_improve=64
t=14757ms iter=65 WAIST cost=33.0000 best_alt=22.0000 gap=11.0000 tried=5 sep_labels=22 clique_frac=0.00
t=14897ms iter=65 REBUILD reject new_tc=36.3814 (was 34.2935)
t=14962ms iter=65 incumb=34.2935 ratchet=35.4706 best=34.2935 since_improve=65
t=14977ms iter=66 WAIST cost=33.0000 best_alt=22.0000 gap=11.0000 tried=5 sep_labels=22 clique_frac=0.00
t=15115ms iter=66 REBUILD reject new_tc=36.5486 (was 34.2935)
t=15179ms iter=66 incumb=34.2935 ratchet=34.8972 best=34.2935 since_improve=66
t=15195ms iter=67 WAIST cost=33.0000 best_alt=22.0000 gap=11.0000 tried=5 sep_labels=22 clique_frac=0.00
t=15334ms iter=67 REBUILD reject new_tc=36.3940 (was 34.2935)
t=15398ms iter=67 incumb=34.2935 ratchet=34.8882 best=34.2935 since_improve=67
t=15414ms iter=68 WAIST cost=33.0000 best_alt=22.0000 gap=11.0000 tried=5 sep_labels=22 clique_frac=0.00
t=15553ms iter=68 REBUILD reject new_tc=36.4345 (was 34.2935)
t=15618ms iter=68 incumb=34.2935 ratchet=34.8892 best=34.2935 since_improve=68
t=15631ms iter=69 WAIST cost=33.0000 best_alt=22.0000 gap=11.0000 tried=5 sep_labels=22 clique_frac=0.00
t=15771ms iter=69 REBUILD reject new_tc=36.4863 (was 34.2935)
t=15835ms iter=69 incumb=34.2935 ratchet=34.5995 best=34.2935 since_improve=69
t=15850ms iter=70 WAIST cost=33.0000 best_alt=22.0000 gap=11.0000 tried=5 sep_labels=22 clique_frac=0.00
t=15989ms iter=70 REBUILD reject new_tc=36.4299 (was 34.2935)
t=16053ms iter=70 incumb=34.2935 ratchet=34.3917 best=34.2935 since_improve=70
t=16068ms iter=71 WAIST cost=33.0000 best_alt=22.0000 gap=11.0000 tried=5 sep_labels=22 clique_frac=0.00
t=16209ms iter=71 REBUILD reject new_tc=36.5254 (was 34.2935)
t=16274ms iter=71 incumb=34.2935 ratchet=35.8942 best=34.2935 since_improve=71
t=16291ms iter=72 WAIST cost=33.0000 best_alt=22.0000 gap=11.0000 tried=5 sep_labels=22 clique_frac=0.00
t=16430ms iter=72 REBUILD reject new_tc=36.3151 (was 34.2935)
t=16494ms iter=72 incumb=34.2935 ratchet=35.2141 best=34.2935 since_improve=72
t=16509ms iter=73 WAIST cost=33.0000 best_alt=22.0000 gap=11.0000 tried=5 sep_labels=22 clique_frac=0.00
t=16648ms iter=73 REBUILD reject new_tc=36.4165 (was 34.2935)
t=16713ms iter=73 incumb=34.2935 ratchet=34.8342 best=34.2935 since_improve=73
t=16728ms iter=74 WAIST cost=33.0000 best_alt=22.0000 gap=11.0000 tried=5 sep_labels=22 clique_frac=0.00
t=16867ms iter=74 REBUILD reject new_tc=36.3238 (was 34.2935)
t=16932ms iter=74 incumb=34.2935 ratchet=34.5222 best=34.2935 since_improve=74
t=16948ms iter=75 WAIST cost=33.0000 best_alt=22.0000 gap=11.0000 tried=5 sep_labels=22 clique_frac=0.00
t=17087ms iter=75 REBUILD reject new_tc=36.5222 (was 34.2935)
t=17152ms iter=75 incumb=34.2935 ratchet=34.6552 best=34.2935 since_improve=75
t=17166ms iter=76 WAIST cost=33.0000 best_alt=22.0000 gap=11.0000 tried=5 sep_labels=22 clique_frac=0.00
t=17304ms iter=76 REBUILD reject new_tc=36.6923 (was 34.2935)
t=17369ms iter=76 incumb=34.2935 ratchet=34.7339 best=34.2935 since_improve=76
t=17385ms iter=77 WAIST cost=33.0000 best_alt=22.0000 gap=11.0000 tried=5 sep_labels=22 clique_frac=0.00
t=17524ms iter=77 REBUILD reject new_tc=36.4010 (was 34.2935)
t=17588ms iter=77 incumb=34.2935 ratchet=34.7589 best=34.2935 since_improve=77
t=17605ms iter=78 WAIST cost=33.0000 best_alt=22.0000 gap=11.0000 tried=5 sep_labels=22 clique_frac=0.00
t=17744ms iter=78 REBUILD reject new_tc=36.4886 (was 34.2935)
t=17809ms iter=78 incumb=34.2935 ratchet=34.9027 best=34.2935 since_improve=78
t=17825ms iter=79 WAIST cost=33.0000 best_alt=22.0000 gap=11.0000 tried=5 sep_labels=22 clique_frac=0.00
t=17963ms iter=79 REBUILD reject new_tc=36.2461 (was 34.2935)
t=18028ms iter=79 incumb=34.2935 ratchet=34.7641 best=34.2935 since_improve=79
t=18042ms iter=80 WAIST cost=33.0000 best_alt=22.0000 gap=11.0000 tried=5 sep_labels=22 clique_frac=0.00
t=18181ms iter=80 REBUILD reject new_tc=36.3490 (was 34.2935)
t=18246ms iter=80 incumb=34.2935 ratchet=34.7588 best=34.2935 since_improve=80
t=18263ms iter=81 WAIST cost=33.0000 best_alt=22.0000 gap=11.0000 tried=5 sep_labels=22 clique_frac=0.00
t=18402ms iter=81 REBUILD reject new_tc=36.3888 (was 34.2935)
t=18469ms iter=81 incumb=34.2935 ratchet=36.4026 best=34.2935 since_improve=81
t=18483ms iter=82 WAIST cost=33.0000 best_alt=22.0000 gap=11.0000 tried=5 sep_labels=22 clique_frac=0.00
t=18624ms iter=82 REBUILD reject new_tc=35.2150 (was 34.2935)
t=18688ms iter=82 incumb=34.2935 ratchet=34.5647 best=34.2935 since_improve=82
t=18702ms iter=83 WAIST cost=33.0000 best_alt=22.0000 gap=11.0000 tried=5 sep_labels=22 clique_frac=0.00
t=18841ms iter=83 REBUILD reject new_tc=36.4893 (was 34.2935)
t=18907ms iter=83 incumb=34.2935 ratchet=34.8989 best=34.2935 since_improve=83
t=18922ms iter=84 WAIST cost=33.0000 best_alt=22.0000 gap=11.0000 tried=5 sep_labels=22 clique_frac=0.00
t=19062ms iter=84 REBUILD reject new_tc=36.3149 (was 34.2935)
t=19126ms iter=84 incumb=34.2935 ratchet=35.0603 best=34.2935 since_improve=84
t=19141ms iter=85 WAIST cost=33.0000 best_alt=22.0000 gap=11.0000 tried=5 sep_labels=22 clique_frac=0.00
t=19281ms iter=85 REBUILD reject new_tc=36.5153 (was 34.2935)
t=19349ms iter=85 incumb=34.2935 ratchet=45.1665 best=34.2935 since_improve=85
t=19365ms iter=86 WAIST cost=33.0000 best_alt=22.0000 gap=11.0000 tried=5 sep_labels=22 clique_frac=0.00
t=19504ms iter=86 REBUILD reject new_tc=36.4240 (was 34.2935)
t=19569ms iter=86 incumb=34.2935 ratchet=34.9547 best=34.2935 since_improve=86
t=19585ms iter=87 WAIST cost=33.0000 best_alt=22.0000 gap=11.0000 tried=5 sep_labels=22 clique_frac=0.00
t=19724ms iter=87 REBUILD reject new_tc=36.4539 (was 34.2935)
t=19789ms iter=87 incumb=34.2935 ratchet=34.8786 best=34.2935 since_improve=87
t=19803ms iter=88 WAIST cost=33.0000 best_alt=22.0000 gap=11.0000 tried=5 sep_labels=22 clique_frac=0.00
t=19943ms iter=88 REBUILD reject new_tc=35.8068 (was 34.2935)
t=20009ms iter=88 incumb=34.2935 ratchet=36.0754 best=34.2935 since_improve=88
t=20025ms iter=89 WAIST cost=33.0000 best_alt=22.0000 gap=11.0000 tried=5 sep_labels=22 clique_frac=0.00
t=20166ms iter=89 REBUILD reject new_tc=36.5761 (was 34.2935)
t=20231ms iter=89 incumb=34.2935 ratchet=34.8039 best=34.2935 since_improve=89
t=20247ms iter=90 WAIST cost=33.0000 best_alt=22.0000 gap=11.0000 tried=5 sep_labels=22 clique_frac=0.00
t=20385ms iter=90 REBUILD reject new_tc=36.2444 (was 34.2935)
t=20450ms iter=90 incumb=34.2935 ratchet=34.9101 best=34.2935 since_improve=90
t=20464ms iter=91 WAIST cost=33.0000 best_alt=22.0000 gap=11.0000 tried=5 sep_labels=22 clique_frac=0.00
t=20605ms iter=91 REBUILD reject new_tc=36.3605 (was 34.2935)
t=20671ms iter=91 incumb=34.2935 ratchet=35.5342 best=34.2935 since_improve=91
t=20687ms iter=92 WAIST cost=33.0000 best_alt=22.0000 gap=11.0000 tried=5 sep_labels=22 clique_frac=0.00
t=20828ms iter=92 REBUILD reject new_tc=36.5662 (was 34.2935)
t=20893ms iter=92 incumb=34.2935 ratchet=35.6796 best=34.2935 since_improve=92
t=20907ms iter=93 WAIST cost=33.0000 best_alt=22.0000 gap=11.0000 tried=5 sep_labels=22 clique_frac=0.00
t=21046ms iter=93 REBUILD reject new_tc=36.5250 (was 34.2935)
t=21111ms iter=93 incumb=34.2935 ratchet=34.8736 best=34.2935 since_improve=93
t=21126ms iter=94 WAIST cost=33.0000 best_alt=22.0000 gap=11.0000 tried=5 sep_labels=22 clique_frac=0.00
t=21264ms iter=94 REBUILD reject new_tc=36.3861 (was 34.2935)
t=21329ms iter=94 incumb=34.2935 ratchet=34.5889 best=34.2935 since_improve=94
t=21344ms iter=95 WAIST cost=33.0000 best_alt=22.0000 gap=11.0000 tried=5 sep_labels=22 clique_frac=0.00
t=21484ms iter=95 REBUILD reject new_tc=36.2590 (was 34.2935)
t=21549ms iter=95 incumb=34.2935 ratchet=35.4359 best=34.2935 since_improve=95
t=21563ms iter=96 WAIST cost=33.0000 best_alt=22.0000 gap=11.0000 tried=5 sep_labels=22 clique_frac=0.00
t=21703ms iter=96 REBUILD reject new_tc=36.5499 (was 34.2935)
t=21768ms iter=96 incumb=34.2935 ratchet=34.4787 best=34.2935 since_improve=96
t=21785ms iter=97 WAIST cost=33.0000 best_alt=22.0000 gap=11.0000 tried=5 sep_labels=22 clique_frac=0.00
t=21924ms iter=97 REBUILD reject new_tc=36.4263 (was 34.2935)
t=21988ms iter=97 incumb=34.2935 ratchet=34.8541 best=34.2935 since_improve=97
t=22002ms iter=98 WAIST cost=33.0000 best_alt=22.0000 gap=11.0000 tried=5 sep_labels=22 clique_frac=0.00
t=22142ms iter=98 REBUILD reject new_tc=36.1866 (was 34.2935)
t=22208ms iter=98 incumb=34.2935 ratchet=38.0770 best=34.2935 since_improve=98
t=22222ms iter=99 WAIST cost=33.0000 best_alt=22.0000 gap=11.0000 tried=5 sep_labels=22 clique_frac=0.00
t=22361ms iter=99 REBUILD reject new_tc=36.3823 (was 34.2935)
t=22428ms iter=99 incumb=34.2935 ratchet=34.9334 best=34.2935 since_improve=99
t=22442ms iter=100 WAIST cost=33.0000 best_alt=22.0000 gap=11.0000 tried=5 sep_labels=22 clique_frac=0.00
t=22581ms iter=100 REBUILD reject new_tc=36.4365 (was 34.2935)
t=22646ms iter=100 incumb=34.2935 ratchet=34.7904 best=34.2935 since_improve=100
t=22660ms iter=101 WAIST cost=33.0000 best_alt=22.0000 gap=11.0000 tried=5 sep_labels=22 clique_frac=0.00
t=22800ms iter=101 REBUILD reject new_tc=36.3018 (was 34.2935)
t=22870ms iter=101 incumb=34.2935 ratchet=44.0167 best=34.2935 since_improve=101
t=22887ms iter=102 WAIST cost=33.0000 best_alt=22.0000 gap=11.0000 tried=5 sep_labels=22 clique_frac=0.00
t=23026ms iter=102 REBUILD reject new_tc=36.4562 (was 34.2935)
t=23092ms iter=102 incumb=34.2935 ratchet=34.8402 best=34.2935 since_improve=102
t=23108ms iter=103 WAIST cost=33.0000 best_alt=22.0000 gap=11.0000 tried=5 sep_labels=22 clique_frac=0.00
t=23249ms iter=103 REBUILD reject new_tc=36.4391 (was 34.2935)
t=23313ms iter=103 incumb=34.2935 ratchet=34.6375 best=34.2935 since_improve=103
t=23328ms iter=104 WAIST cost=33.0000 best_alt=22.0000 gap=11.0000 tried=5 sep_labels=22 clique_frac=0.00
t=23468ms iter=104 REBUILD reject new_tc=36.4397 (was 34.2935)
t=23533ms iter=104 incumb=34.2935 ratchet=34.8177 best=34.2935 since_improve=104
t=23548ms iter=105 WAIST cost=33.0000 best_alt=22.0000 gap=11.0000 tried=5 sep_labels=22 clique_frac=0.00
t=23688ms iter=105 REBUILD reject new_tc=36.4327 (was 34.2935)
t=23753ms iter=105 incumb=34.2935 ratchet=34.8458 best=34.2935 since_improve=105
t=23768ms iter=106 WAIST cost=33.0000 best_alt=22.0000 gap=11.0000 tried=5 sep_labels=22 clique_frac=0.00
t=23909ms iter=106 REBUILD reject new_tc=36.3340 (was 34.2935)
t=23974ms iter=106 incumb=34.2935 ratchet=35.3613 best=34.2935 since_improve=106
t=23988ms iter=107 WAIST cost=33.0000 best_alt=22.0000 gap=11.0000 tried=5 sep_labels=22 clique_frac=0.00
t=24127ms iter=107 REBUILD reject new_tc=36.3884 (was 34.2935)
t=24192ms iter=107 incumb=34.2935 ratchet=34.6322 best=34.2935 since_improve=107
t=24206ms iter=108 WAIST cost=33.0000 best_alt=22.0000 gap=11.0000 tried=5 sep_labels=22 clique_frac=0.00
t=24347ms iter=108 REBUILD reject new_tc=36.5066 (was 34.2935)
t=24416ms iter=108 incumb=34.2935 ratchet=45.1630 best=34.2935 since_improve=108
t=24430ms iter=109 WAIST cost=33.0000 best_alt=22.0000 gap=11.0000 tried=5 sep_labels=22 clique_frac=0.00
t=24569ms iter=109 REBUILD reject new_tc=36.4904 (was 34.2935)
t=24635ms iter=109 incumb=34.2935 ratchet=34.8529 best=34.2935 since_improve=109
t=24649ms iter=110 WAIST cost=33.0000 best_alt=22.0000 gap=11.0000 tried=5 sep_labels=22 clique_frac=0.00
t=24787ms iter=110 REBUILD reject new_tc=36.3517 (was 34.2935)
t=24852ms iter=110 incumb=34.2935 ratchet=35.3222 best=34.2935 since_improve=110
t=24866ms iter=111 WAIST cost=33.0000 best_alt=22.0000 gap=11.0000 tried=5 sep_labels=22 clique_frac=0.00
t=25008ms iter=111 REBUILD reject new_tc=36.4416 (was 34.2935)
t=25072ms iter=111 incumb=34.2935 ratchet=34.6165 best=34.2935 since_improve=111
t=25086ms iter=112 WAIST cost=33.0000 best_alt=22.0000 gap=11.0000 tried=5 sep_labels=22 clique_frac=0.00
t=25226ms iter=112 REBUILD reject new_tc=36.4791 (was 34.2935)
t=25294ms iter=112 incumb=34.2935 ratchet=42.7216 best=34.2935 since_improve=112
t=25309ms iter=113 WAIST cost=33.0000 best_alt=22.0000 gap=11.0000 tried=5 sep_labels=22 clique_frac=0.00
t=25447ms iter=113 REBUILD reject new_tc=35.8344 (was 34.2935)
t=25511ms iter=113 incumb=34.2935 ratchet=34.7231 best=34.2935 since_improve=113
t=25526ms iter=114 WAIST cost=33.0000 best_alt=22.0000 gap=11.0000 tried=5 sep_labels=22 clique_frac=0.00
t=25666ms iter=114 REBUILD reject new_tc=36.5254 (was 34.2935)
t=25731ms iter=114 incumb=34.2935 ratchet=34.7678 best=34.2935 since_improve=114
t=25745ms iter=115 WAIST cost=33.0000 best_alt=22.0000 gap=11.0000 tried=5 sep_labels=22 clique_frac=0.00
t=25885ms iter=115 REBUILD reject new_tc=36.5114 (was 34.2935)
t=25949ms iter=115 incumb=34.2935 ratchet=34.5458 best=34.2935 since_improve=115
t=25963ms iter=116 WAIST cost=33.0000 best_alt=22.0000 gap=11.0000 tried=5 sep_labels=22 clique_frac=0.00
t=26103ms iter=116 REBUILD reject new_tc=36.4312 (was 34.2935)
t=26166ms iter=116 incumb=34.2935 ratchet=34.7532 best=34.2935 since_improve=116
t=26180ms iter=117 WAIST cost=33.0000 best_alt=22.0000 gap=11.0000 tried=5 sep_labels=22 clique_frac=0.00
t=26321ms iter=117 REBUILD reject new_tc=36.3640 (was 34.2935)
t=26385ms iter=117 incumb=34.2935 ratchet=35.0394 best=34.2935 since_improve=117
t=26399ms iter=118 WAIST cost=33.0000 best_alt=22.0000 gap=11.0000 tried=5 sep_labels=22 clique_frac=0.00
t=26538ms iter=118 REBUILD reject new_tc=36.4599 (was 34.2935)
t=26601ms iter=118 incumb=34.2935 ratchet=34.7693 best=34.2935 since_improve=118
t=26616ms iter=119 WAIST cost=33.0000 best_alt=22.0000 gap=11.0000 tried=5 sep_labels=22 clique_frac=0.00
t=26756ms iter=119 REBUILD reject new_tc=36.4279 (was 34.2935)
t=26825ms iter=119 incumb=34.2935 ratchet=45.2478 best=34.2935 since_improve=119
t=26839ms iter=120 WAIST cost=33.0000 best_alt=22.0000 gap=11.0000 tried=5 sep_labels=22 clique_frac=0.00
t=26976ms iter=120 REBUILD reject new_tc=36.3692 (was 34.2935)
t=27040ms iter=120 incumb=34.2935 ratchet=34.7529 best=34.2935 since_improve=120
t=27056ms iter=121 WAIST cost=33.0000 best_alt=22.0000 gap=11.0000 tried=5 sep_labels=22 clique_frac=0.00
t=27196ms iter=121 REBUILD reject new_tc=36.3655 (was 34.2935)
t=27260ms iter=121 incumb=34.2935 ratchet=34.9277 best=34.2935 since_improve=121
t=27276ms iter=122 WAIST cost=33.0000 best_alt=22.0000 gap=11.0000 tried=5 sep_labels=22 clique_frac=0.00
t=27415ms iter=122 REBUILD reject new_tc=36.3344 (was 34.2935)
t=27479ms iter=122 incumb=34.2935 ratchet=34.8566 best=34.2935 since_improve=122
t=27493ms iter=123 WAIST cost=33.0000 best_alt=22.0000 gap=11.0000 tried=5 sep_labels=22 clique_frac=0.00
t=27631ms iter=123 REBUILD reject new_tc=36.4828 (was 34.2935)
t=27695ms iter=123 incumb=34.2935 ratchet=34.8574 best=34.2935 since_improve=123
t=27709ms iter=124 WAIST cost=33.0000 best_alt=22.0000 gap=11.0000 tried=5 sep_labels=22 clique_frac=0.00
t=27848ms iter=124 REBUILD reject new_tc=36.4231 (was 34.2935)
t=27915ms iter=124 incumb=34.2935 ratchet=40.0043 best=34.2935 since_improve=124
t=27931ms iter=125 WAIST cost=33.0000 best_alt=22.0000 gap=11.0000 tried=5 sep_labels=22 clique_frac=0.00
t=28070ms iter=125 REBUILD reject new_tc=36.3749 (was 34.2935)
t=28134ms iter=125 incumb=34.2935 ratchet=35.0298 best=34.2935 since_improve=125
t=28151ms iter=126 WAIST cost=33.0000 best_alt=22.0000 gap=11.0000 tried=5 sep_labels=22 clique_frac=0.00
t=28291ms iter=126 REBUILD reject new_tc=36.5574 (was 34.2935)
t=28357ms iter=126 incumb=34.2935 ratchet=39.4305 best=34.2935 since_improve=126
t=28372ms iter=127 WAIST cost=33.0000 best_alt=22.0000 gap=11.0000 tried=5 sep_labels=22 clique_frac=0.00
t=28510ms iter=127 REBUILD reject new_tc=36.5218 (was 34.2935)
t=28575ms iter=127 incumb=34.2935 ratchet=35.0836 best=34.2935 since_improve=127
t=28591ms iter=128 WAIST cost=33.0000 best_alt=22.0000 gap=11.0000 tried=5 sep_labels=22 clique_frac=0.00
t=28730ms iter=128 REBUILD reject new_tc=36.3678 (was 34.2935)
t=28796ms iter=128 incumb=34.2935 ratchet=38.0894 best=34.2935 since_improve=128
t=28811ms iter=129 WAIST cost=33.0000 best_alt=22.0000 gap=11.0000 tried=5 sep_labels=22 clique_frac=0.00
t=28949ms iter=129 REBUILD reject new_tc=36.4010 (was 34.2935)
t=29018ms iter=129 incumb=34.2935 ratchet=43.9875 best=34.2935 since_improve=129
t=29033ms iter=130 WAIST cost=33.0000 best_alt=22.0000 gap=11.0000 tried=5 sep_labels=22 clique_frac=0.00
t=29173ms iter=130 REBUILD reject new_tc=36.4444 (was 34.2935)
t=29240ms iter=130 incumb=34.2935 ratchet=37.4218 best=34.2935 since_improve=130
t=29255ms iter=131 WAIST cost=33.0000 best_alt=22.0000 gap=11.0000 tried=5 sep_labels=22 clique_frac=0.00
t=29394ms iter=131 REBUILD reject new_tc=36.4905 (was 34.2935)
t=29457ms iter=131 incumb=34.2935 ratchet=34.7953 best=34.2935 since_improve=131
t=29472ms iter=132 WAIST cost=33.0000 best_alt=22.0000 gap=11.0000 tried=5 sep_labels=22 clique_frac=0.00
t=29610ms iter=132 REBUILD reject new_tc=36.2923 (was 34.2935)
t=29675ms iter=132 incumb=34.2935 ratchet=34.7179 best=34.2935 since_improve=132
t=29690ms iter=133 WAIST cost=33.0000 best_alt=22.0000 gap=11.0000 tried=5 sep_labels=22 clique_frac=0.00
t=29829ms iter=133 REBUILD reject new_tc=36.4225 (was 34.2935)
t=29893ms iter=133 incumb=34.2935 ratchet=34.8695 best=34.2935 since_improve=133
t=29906ms iter=134 WAIST cost=33.0000 best_alt=22.0000 gap=11.0000 tried=5 sep_labels=22 clique_frac=0.00
t=30046ms iter=134 REBUILD reject new_tc=36.1407 (was 34.2935)
t=30111ms iter=134 incumb=34.2935 ratchet=34.7880 best=34.2935 since_improve=134
t=30127ms iter=135 WAIST cost=33.0000 best_alt=22.0000 gap=11.0000 tried=5 sep_labels=22 clique_frac=0.00
t=30267ms iter=135 REBUILD reject new_tc=36.5611 (was 34.2935)
t=30331ms iter=135 incumb=34.2935 ratchet=34.8792 best=34.2935 since_improve=135
t=30347ms iter=136 WAIST cost=33.0000 best_alt=22.0000 gap=11.0000 tried=5 sep_labels=22 clique_frac=0.00
t=30485ms iter=136 REBUILD reject new_tc=36.4874 (was 34.2935)
t=30550ms iter=136 incumb=34.2935 ratchet=34.8369 best=34.2935 since_improve=136
t=30565ms iter=137 WAIST cost=33.0000 best_alt=22.0000 gap=11.0000 tried=5 sep_labels=22 clique_frac=0.00
t=30703ms iter=137 REBUILD reject new_tc=36.4298 (was 34.2935)
t=30768ms iter=137 incumb=34.2935 ratchet=34.9840 best=34.2935 since_improve=137
t=30783ms iter=138 WAIST cost=33.0000 best_alt=22.0000 gap=11.0000 tried=5 sep_labels=22 clique_frac=0.00
t=30923ms iter=138 REBUILD reject new_tc=36.4201 (was 34.2935)
t=30987ms iter=138 incumb=34.2935 ratchet=34.5469 best=34.2935 since_improve=138
t=31002ms iter=139 WAIST cost=33.0000 best_alt=22.0000 gap=11.0000 tried=5 sep_labels=22 clique_frac=0.00
t=31141ms iter=139 REBUILD reject new_tc=36.2741 (was 34.2935)
t=31205ms iter=139 incumb=34.2935 ratchet=34.8617 best=34.2935 since_improve=139
t=31221ms iter=140 WAIST cost=33.0000 best_alt=22.0000 gap=11.0000 tried=5 sep_labels=22 clique_frac=0.00
t=31360ms iter=140 REBUILD reject new_tc=36.4915 (was 34.2935)
t=31427ms iter=140 incumb=34.2935 ratchet=38.0074 best=34.2935 since_improve=140
t=31442ms iter=141 WAIST cost=33.0000 best_alt=22.0000 gap=11.0000 tried=5 sep_labels=22 clique_frac=0.00
t=31583ms iter=141 REBUILD reject new_tc=36.2547 (was 34.2935)
t=31649ms iter=141 incumb=34.2935 ratchet=38.0035 best=34.2935 since_improve=141
t=31666ms iter=142 WAIST cost=33.0000 best_alt=22.0000 gap=11.0000 tried=5 sep_labels=22 clique_frac=0.00
t=31804ms iter=142 REBUILD reject new_tc=36.4815 (was 34.2935)
t=31869ms iter=142 incumb=34.2935 ratchet=34.8380 best=34.2935 since_improve=142
t=31885ms iter=143 WAIST cost=33.0000 best_alt=22.0000 gap=11.0000 tried=5 sep_labels=22 clique_frac=0.00
t=32025ms iter=143 REBUILD reject new_tc=36.5158 (was 34.2935)
t=32089ms iter=143 incumb=34.2935 ratchet=34.8541 best=34.2935 since_improve=143
t=32104ms iter=144 WAIST cost=33.0000 best_alt=22.0000 gap=11.0000 tried=5 sep_labels=22 clique_frac=0.00
t=32242ms iter=144 REBUILD reject new_tc=36.3035 (was 34.2935)
t=32307ms iter=144 incumb=34.2935 ratchet=34.5646 best=34.2935 since_improve=144
t=32321ms iter=145 WAIST cost=33.0000 best_alt=22.0000 gap=11.0000 tried=5 sep_labels=22 clique_frac=0.00
t=32461ms iter=145 REBUILD reject new_tc=36.6442 (was 34.2935)
t=32525ms iter=145 incumb=34.2935 ratchet=34.7452 best=34.2935 since_improve=145
t=32538ms iter=146 WAIST cost=33.0000 best_alt=22.0000 gap=11.0000 tried=5 sep_labels=22 clique_frac=0.00
t=32678ms iter=146 REBUILD reject new_tc=36.3311 (was 34.2935)
t=32743ms iter=146 incumb=34.2935 ratchet=35.1530 best=34.2935 since_improve=146
t=32756ms iter=147 WAIST cost=33.0000 best_alt=22.0000 gap=11.0000 tried=5 sep_labels=22 clique_frac=0.00
t=32894ms iter=147 REBUILD reject new_tc=36.4717 (was 34.2935)
t=32958ms iter=147 incumb=34.2935 ratchet=34.9378 best=34.2935 since_improve=147
t=32973ms iter=148 WAIST cost=33.0000 best_alt=22.0000 gap=11.0000 tried=5 sep_labels=22 clique_frac=0.00
t=33111ms iter=148 REBUILD reject new_tc=36.6374 (was 34.2935)
t=33177ms iter=148 incumb=34.2935 ratchet=34.9482 best=34.2935 since_improve=148
t=33192ms iter=149 WAIST cost=33.0000 best_alt=22.0000 gap=11.0000 tried=5 sep_labels=22 clique_frac=0.00
t=33333ms iter=149 REBUILD reject new_tc=35.8822 (was 34.2935)
t=33397ms iter=149 incumb=34.2935 ratchet=34.7107 best=34.2935 since_improve=149
t=33410ms iter=150 WAIST cost=33.0000 best_alt=22.0000 gap=11.0000 tried=5 sep_labels=22 clique_frac=0.00
t=33550ms iter=150 REBUILD reject new_tc=36.4272 (was 34.2935)
t=33615ms iter=150 incumb=34.2935 ratchet=34.7224 best=34.2935 since_improve=150
t=33630ms iter=151 WAIST cost=33.0000 best_alt=22.0000 gap=11.0000 tried=5 sep_labels=22 clique_frac=0.00
t=33768ms iter=151 REBUILD reject new_tc=36.3360 (was 34.2935)
t=33832ms iter=151 incumb=34.2935 ratchet=34.9394 best=34.2935 since_improve=151
t=33848ms iter=152 WAIST cost=33.0000 best_alt=22.0000 gap=11.0000 tried=5 sep_labels=22 clique_frac=0.00
t=33987ms iter=152 REBUILD reject new_tc=36.4867 (was 34.2935)
t=34051ms iter=152 incumb=34.2935 ratchet=34.9123 best=34.2935 since_improve=152
t=34067ms iter=153 WAIST cost=33.0000 best_alt=22.0000 gap=11.0000 tried=5 sep_labels=22 clique_frac=0.00
t=34207ms iter=153 REBUILD reject new_tc=36.4813 (was 34.2935)
t=34272ms iter=153 incumb=34.2935 ratchet=34.7519 best=34.2935 since_improve=153
t=34286ms iter=154 WAIST cost=33.0000 best_alt=22.0000 gap=11.0000 tried=5 sep_labels=22 clique_frac=0.00
t=34425ms iter=154 REBUILD reject new_tc=36.4997 (was 34.2935)
t=34489ms iter=154 incumb=34.2935 ratchet=34.7796 best=34.2935 since_improve=154
t=34504ms iter=155 WAIST cost=33.0000 best_alt=22.0000 gap=11.0000 tried=5 sep_labels=22 clique_frac=0.00
t=34642ms iter=155 REBUILD reject new_tc=36.3533 (was 34.2935)
t=34709ms iter=155 incumb=34.2935 ratchet=34.9654 best=34.2935 since_improve=155
t=34726ms iter=156 WAIST cost=33.0000 best_alt=22.0000 gap=11.0000 tried=5 sep_labels=22 clique_frac=0.00
t=34865ms iter=156 REBUILD reject new_tc=36.3861 (was 34.2935)
t=34934ms iter=156 incumb=34.2935 ratchet=41.8044 best=34.2935 since_improve=156
t=34950ms iter=157 WAIST cost=33.0000 best_alt=22.0000 gap=11.0000 tried=5 sep_labels=22 clique_frac=0.00
t=35091ms iter=157 REBUILD reject new_tc=36.4171 (was 34.2935)
t=35155ms iter=157 incumb=34.2935 ratchet=34.7785 best=34.2935 since_improve=157
t=35171ms iter=158 WAIST cost=33.0000 best_alt=22.0000 gap=11.0000 tried=5 sep_labels=22 clique_frac=0.00
t=35311ms iter=158 REBUILD reject new_tc=35.8512 (was 34.2935)
t=35374ms iter=158 incumb=34.2935 ratchet=34.6588 best=34.2935 since_improve=158
t=35389ms iter=159 WAIST cost=33.0000 best_alt=22.0000 gap=11.0000 tried=5 sep_labels=22 clique_frac=0.00
t=35529ms iter=159 REBUILD reject new_tc=36.2984 (was 34.2935)
t=35593ms iter=159 incumb=34.2935 ratchet=34.5365 best=34.2935 since_improve=159
t=35606ms iter=160 WAIST cost=33.0000 best_alt=22.0000 gap=11.0000 tried=5 sep_labels=22 clique_frac=0.00
t=35745ms iter=160 REBUILD reject new_tc=36.5259 (was 34.2935)
t=35811ms iter=160 incumb=34.2935 ratchet=35.2053 best=34.2935 since_improve=160
t=35825ms iter=161 WAIST cost=33.0000 best_alt=22.0000 gap=11.0000 tried=5 sep_labels=22 clique_frac=0.00
t=35965ms iter=161 REBUILD reject new_tc=36.4626 (was 34.2935)
t=36030ms iter=161 incumb=34.2935 ratchet=34.8531 best=34.2935 since_improve=161
t=36045ms iter=162 WAIST cost=33.0000 best_alt=22.0000 gap=11.0000 tried=5 sep_labels=22 clique_frac=0.00
t=36185ms iter=162 REBUILD reject new_tc=36.3092 (was 34.2935)
t=36250ms iter=162 incumb=34.2935 ratchet=34.6707 best=34.2935 since_improve=162
t=36264ms iter=163 WAIST cost=33.0000 best_alt=22.0000 gap=11.0000 tried=5 sep_labels=22 clique_frac=0.00
t=36405ms iter=163 REBUILD reject new_tc=36.7633 (was 34.2935)
t=36472ms iter=163 incumb=34.2935 ratchet=36.1453 best=34.2935 since_improve=163
t=36486ms iter=164 WAIST cost=33.0000 best_alt=22.0000 gap=11.0000 tried=5 sep_labels=22 clique_frac=0.00
t=36624ms iter=164 REBUILD reject new_tc=36.5191 (was 34.2935)
t=36693ms iter=164 incumb=34.2935 ratchet=42.1982 best=34.2935 since_improve=164
t=36707ms iter=165 WAIST cost=33.0000 best_alt=22.0000 gap=11.0000 tried=5 sep_labels=22 clique_frac=0.00
t=36846ms iter=165 REBUILD reject new_tc=36.4962 (was 34.2935)
t=36910ms iter=165 incumb=34.2935 ratchet=34.7843 best=34.2935 since_improve=165
t=36924ms iter=166 WAIST cost=33.0000 best_alt=22.0000 gap=11.0000 tried=5 sep_labels=22 clique_frac=0.00
t=37063ms iter=166 REBUILD reject new_tc=36.4911 (was 34.2935)
t=37128ms iter=166 incumb=34.2935 ratchet=34.4588 best=34.2935 since_improve=166
t=37142ms iter=167 WAIST cost=33.0000 best_alt=22.0000 gap=11.0000 tried=5 sep_labels=22 clique_frac=0.00
t=37283ms iter=167 REBUILD reject new_tc=36.5073 (was 34.2935)
t=37348ms iter=167 incumb=34.2935 ratchet=34.9601 best=34.2935 since_improve=167
t=37364ms iter=168 WAIST cost=33.0000 best_alt=22.0000 gap=11.0000 tried=5 sep_labels=22 clique_frac=0.00
t=37502ms iter=168 REBUILD reject new_tc=36.4956 (was 34.2935)
t=37567ms iter=168 incumb=34.2935 ratchet=34.8289 best=34.2935 since_improve=168
t=37584ms iter=169 WAIST cost=33.0000 best_alt=22.0000 gap=11.0000 tried=5 sep_labels=22 clique_frac=0.00
t=37722ms iter=169 REBUILD reject new_tc=36.4556 (was 34.2935)
t=37788ms iter=169 incumb=34.2935 ratchet=34.7310 best=34.2935 since_improve=169
t=37802ms iter=170 WAIST cost=33.0000 best_alt=22.0000 gap=11.0000 tried=5 sep_labels=22 clique_frac=0.00
t=37940ms iter=170 REBUILD reject new_tc=36.5209 (was 34.2935)
t=38005ms iter=170 incumb=34.2935 ratchet=35.0698 best=34.2935 since_improve=170
t=38021ms iter=171 WAIST cost=33.0000 best_alt=22.0000 gap=11.0000 tried=5 sep_labels=22 clique_frac=0.00
t=38159ms iter=171 REBUILD reject new_tc=36.3864 (was 34.2935)
t=38225ms iter=171 incumb=34.2935 ratchet=35.0913 best=34.2935 since_improve=171
t=38239ms iter=172 WAIST cost=33.0000 best_alt=22.0000 gap=11.0000 tried=5 sep_labels=22 clique_frac=0.00
t=38377ms iter=172 REBUILD reject new_tc=36.3717 (was 34.2935)
t=38443ms iter=172 incumb=34.2935 ratchet=35.3602 best=34.2935 since_improve=172
t=38458ms iter=173 WAIST cost=33.0000 best_alt=22.0000 gap=11.0000 tried=5 sep_labels=22 clique_frac=0.00
t=38598ms iter=173 REBUILD reject new_tc=36.4595 (was 34.2935)
t=38663ms iter=173 incumb=34.2935 ratchet=34.9416 best=34.2935 since_improve=173
t=38678ms iter=174 WAIST cost=33.0000 best_alt=22.0000 gap=11.0000 tried=5 sep_labels=22 clique_frac=0.00
t=38815ms iter=174 REBUILD reject new_tc=36.6121 (was 34.2935)
t=38885ms iter=174 incumb=34.2935 ratchet=42.8360 best=34.2935 since_improve=174
t=38901ms iter=175 WAIST cost=33.0000 best_alt=22.0000 gap=11.0000 tried=5 sep_labels=22 clique_frac=0.00
t=39040ms iter=175 REBUILD reject new_tc=36.2968 (was 34.2935)
t=39106ms iter=175 incumb=34.2935 ratchet=34.6999 best=34.2935 since_improve=175
t=39121ms iter=176 WAIST cost=33.0000 best_alt=22.0000 gap=11.0000 tried=5 sep_labels=22 clique_frac=0.00
t=39260ms iter=176 REBUILD reject new_tc=36.2070 (was 34.2935)
t=39324ms iter=176 incumb=34.2935 ratchet=34.6231 best=34.2935 since_improve=176
t=39340ms iter=177 WAIST cost=33.0000 best_alt=22.0000 gap=11.0000 tried=5 sep_labels=22 clique_frac=0.00
t=39479ms iter=177 REBUILD reject new_tc=36.5417 (was 34.2935)
t=39545ms iter=177 incumb=34.2935 ratchet=34.8193 best=34.2935 since_improve=177
t=39566ms iter=178 WAIST cost=33.0000 best_alt=22.0000 gap=11.0000 tried=5 sep_labels=22 clique_frac=0.00
t=39703ms iter=178 REBUILD reject new_tc=36.5110 (was 34.2935)
t=39769ms iter=178 incumb=34.2935 ratchet=34.9569 best=34.2935 since_improve=178
t=39784ms iter=179 WAIST cost=33.0000 best_alt=22.0000 gap=11.0000 tried=5 sep_labels=22 clique_frac=0.00
t=39922ms iter=179 REBUILD reject new_tc=36.4370 (was 34.2935)
t=39987ms iter=179 incumb=34.2935 ratchet=34.9020 best=34.2935 since_improve=179
t=40002ms iter=180 WAIST cost=33.0000 best_alt=22.0000 gap=11.0000 tried=5 sep_labels=22 clique_frac=0.00
t=40140ms iter=180 REBUILD reject new_tc=36.2426 (was 34.2935)
t=40206ms iter=180 incumb=34.2935 ratchet=34.5514 best=34.2935 since_improve=180
t=40222ms iter=181 WAIST cost=33.0000 best_alt=22.0000 gap=11.0000 tried=5 sep_labels=22 clique_frac=0.00
t=40362ms iter=181 REBUILD reject new_tc=36.6643 (was 34.2935)
t=40427ms iter=181 incumb=34.2935 ratchet=34.8663 best=34.2935 since_improve=181
t=40442ms iter=182 WAIST cost=33.0000 best_alt=22.0000 gap=11.0000 tried=5 sep_labels=22 clique_frac=0.00
t=40581ms iter=182 REBUILD reject new_tc=36.4194 (was 34.2935)
t=40647ms iter=182 incumb=34.2935 ratchet=34.9941 best=34.2935 since_improve=182
t=40664ms iter=183 WAIST cost=33.0000 best_alt=22.0000 gap=11.0000 tried=5 sep_labels=22 clique_frac=0.00
t=40802ms iter=183 REBUILD reject new_tc=36.3908 (was 34.2935)
t=40867ms iter=183 incumb=34.2935 ratchet=34.8614 best=34.2935 since_improve=183
t=40884ms iter=184 WAIST cost=33.0000 best_alt=22.0000 gap=11.0000 tried=5 sep_labels=22 clique_frac=0.00
t=41022ms iter=184 REBUILD reject new_tc=36.2597 (was 34.2935)
t=41087ms iter=184 incumb=34.2935 ratchet=34.8790 best=34.2935 since_improve=184
t=41102ms iter=185 WAIST cost=33.0000 best_alt=22.0000 gap=11.0000 tried=5 sep_labels=22 clique_frac=0.00
t=41241ms iter=185 REBUILD reject new_tc=36.3228 (was 34.2935)
t=41307ms iter=185 incumb=34.2935 ratchet=34.8152 best=34.2935 since_improve=185
t=41321ms iter=186 WAIST cost=33.0000 best_alt=22.0000 gap=11.0000 tried=5 sep_labels=22 clique_frac=0.00
t=41459ms iter=186 REBUILD reject new_tc=36.4276 (was 34.2935)
t=41524ms iter=186 incumb=34.2935 ratchet=35.1104 best=34.2935 since_improve=186
t=41537ms iter=187 WAIST cost=33.0000 best_alt=22.0000 gap=11.0000 tried=5 sep_labels=22 clique_frac=0.00
t=41676ms iter=187 REBUILD reject new_tc=36.3000 (was 34.2935)
t=41741ms iter=187 incumb=34.2935 ratchet=34.9878 best=34.2935 since_improve=187
t=41757ms iter=188 WAIST cost=33.0000 best_alt=22.0000 gap=11.0000 tried=5 sep_labels=22 clique_frac=0.00
t=41895ms iter=188 REBUILD reject new_tc=36.1645 (was 34.2935)
t=41959ms iter=188 incumb=34.2935 ratchet=34.6445 best=34.2935 since_improve=188
t=41975ms iter=189 WAIST cost=33.0000 best_alt=22.0000 gap=11.0000 tried=5 sep_labels=22 clique_frac=0.00
t=42114ms iter=189 REBUILD reject new_tc=36.4365 (was 34.2935)
t=42179ms iter=189 incumb=34.2935 ratchet=35.1301 best=34.2935 since_improve=189
t=42195ms iter=190 WAIST cost=33.0000 best_alt=22.0000 gap=11.0000 tried=5 sep_labels=22 clique_frac=0.00
t=42334ms iter=190 REBUILD reject new_tc=36.2976 (was 34.2935)
t=42399ms iter=190 incumb=34.2935 ratchet=34.7195 best=34.2935 since_improve=190
t=42416ms iter=191 WAIST cost=33.0000 best_alt=22.0000 gap=11.0000 tried=5 sep_labels=22 clique_frac=0.00
t=42556ms iter=191 REBUILD reject new_tc=36.5323 (was 34.2935)
t=42622ms iter=191 incumb=34.2935 ratchet=34.9756 best=34.2935 since_improve=191
t=42636ms iter=192 WAIST cost=33.0000 best_alt=22.0000 gap=11.0000 tried=5 sep_labels=22 clique_frac=0.00
t=42775ms iter=192 REBUILD reject new_tc=36.4977 (was 34.2935)
t=42840ms iter=192 incumb=34.2935 ratchet=34.7284 best=34.2935 since_improve=192
t=42856ms iter=193 WAIST cost=33.0000 best_alt=22.0000 gap=11.0000 tried=5 sep_labels=22 clique_frac=0.00
t=42995ms iter=193 REBUILD reject new_tc=36.2619 (was 34.2935)
t=43060ms iter=193 incumb=34.2935 ratchet=34.5868 best=34.2935 since_improve=193
t=43075ms iter=194 WAIST cost=33.0000 best_alt=22.0000 gap=11.0000 tried=5 sep_labels=22 clique_frac=0.00
t=43213ms iter=194 REBUILD reject new_tc=36.5107 (was 34.2935)
t=43283ms iter=194 incumb=34.2935 ratchet=44.3014 best=34.2935 since_improve=194
t=43298ms iter=195 WAIST cost=33.0000 best_alt=22.0000 gap=11.0000 tried=5 sep_labels=22 clique_frac=0.00
t=43437ms iter=195 REBUILD reject new_tc=36.2065 (was 34.2935)
t=43502ms iter=195 incumb=34.2935 ratchet=34.7437 best=34.2935 since_improve=195
t=43517ms iter=196 WAIST cost=33.0000 best_alt=22.0000 gap=11.0000 tried=5 sep_labels=22 clique_frac=0.00
t=43657ms iter=196 REBUILD reject new_tc=36.5202 (was 34.2935)
t=43722ms iter=196 incumb=34.2935 ratchet=34.7700 best=34.2935 since_improve=196
t=43736ms iter=197 WAIST cost=33.0000 best_alt=22.0000 gap=11.0000 tried=5 sep_labels=22 clique_frac=0.00
t=43873ms iter=197 REBUILD reject new_tc=36.3684 (was 34.2935)
t=43939ms iter=197 incumb=34.2935 ratchet=35.8400 best=34.2935 since_improve=197
t=43953ms iter=198 WAIST cost=33.0000 best_alt=22.0000 gap=11.0000 tried=5 sep_labels=22 clique_frac=0.00
t=44091ms iter=198 REBUILD reject new_tc=36.2677 (was 34.2935)
t=44156ms iter=198 incumb=34.2935 ratchet=35.2122 best=34.2935 since_improve=198
t=44171ms iter=199 WAIST cost=33.0000 best_alt=22.0000 gap=11.0000 tried=5 sep_labels=22 clique_frac=0.00
t=44312ms iter=199 REBUILD reject new_tc=36.3384 (was 34.2935)
t=44377ms iter=199 incumb=34.2935 ratchet=34.8308 best=34.2935 since_improve=199
t=44394ms iter=200 WAIST cost=33.0000 best_alt=22.0000 gap=11.0000 tried=5 sep_labels=22 clique_frac=0.00
t=44532ms iter=200 REBUILD reject new_tc=36.3093 (was 34.2935)
t=44597ms iter=200 incumb=34.2935 ratchet=34.8806 best=34.2935 since_improve=200
t=44611ms iter=201 WAIST cost=33.0000 best_alt=22.0000 gap=11.0000 tried=5 sep_labels=22 clique_frac=0.00
t=44748ms iter=201 REBUILD reject new_tc=36.2990 (was 34.2935)
t=44813ms iter=201 incumb=34.2935 ratchet=34.7483 best=34.2935 since_improve=201
t=44828ms iter=202 WAIST cost=33.0000 best_alt=22.0000 gap=11.0000 tried=5 sep_labels=22 clique_frac=0.00
t=44968ms iter=202 REBUILD reject new_tc=36.3220 (was 34.2935)
t=45033ms iter=202 incumb=34.2935 ratchet=35.5190 best=34.2935 since_improve=202
t=45049ms iter=203 WAIST cost=33.0000 best_alt=22.0000 gap=11.0000 tried=5 sep_labels=22 clique_frac=0.00
t=45192ms iter=203 REBUILD reject new_tc=36.4911 (was 34.2935)
t=45258ms iter=203 incumb=34.2935 ratchet=34.5792 best=34.2935 since_improve=203
t=45273ms iter=204 WAIST cost=33.0000 best_alt=22.0000 gap=11.0000 tried=5 sep_labels=22 clique_frac=0.00
t=45412ms iter=204 REBUILD reject new_tc=35.5069 (was 34.2935)
t=45476ms iter=204 incumb=34.2935 ratchet=34.9143 best=34.2935 since_improve=204
t=45489ms iter=205 WAIST cost=33.0000 best_alt=22.0000 gap=11.0000 tried=5 sep_labels=22 clique_frac=0.00
t=45628ms iter=205 REBUILD reject new_tc=36.3687 (was 34.2935)
t=45693ms iter=205 incumb=34.2935 ratchet=34.9171 best=34.2935 since_improve=205
t=45710ms iter=206 WAIST cost=33.0000 best_alt=22.0000 gap=11.0000 tried=5 sep_labels=22 clique_frac=0.00
t=45847ms iter=206 REBUILD reject new_tc=36.4065 (was 34.2935)
t=45912ms iter=206 incumb=34.2935 ratchet=34.7500 best=34.2935 since_improve=206
t=45925ms iter=207 WAIST cost=33.0000 best_alt=22.0000 gap=11.0000 tried=5 sep_labels=22 clique_frac=0.00
t=46064ms iter=207 REBUILD reject new_tc=36.4759 (was 34.2935)
t=46129ms iter=207 incumb=34.2935 ratchet=34.9624 best=34.2935 since_improve=207
t=46142ms iter=208 WAIST cost=33.0000 best_alt=22.0000 gap=11.0000 tried=5 sep_labels=22 clique_frac=0.00
t=46281ms iter=208 REBUILD reject new_tc=36.4101 (was 34.2935)
t=46358ms iter=208 incumb=34.2935 ratchet=34.9314 best=34.2935 since_improve=208
t=46374ms iter=209 WAIST cost=33.0000 best_alt=22.0000 gap=11.0000 tried=5 sep_labels=22 clique_frac=0.00
t=46518ms iter=209 REBUILD reject new_tc=36.1173 (was 34.2935)
t=46596ms iter=209 incumb=34.2935 ratchet=35.6834 best=34.2935 since_improve=209
t=46611ms iter=210 WAIST cost=33.0000 best_alt=22.0000 gap=11.0000 tried=5 sep_labels=22 clique_frac=0.00
t=46749ms iter=210 REBUILD reject new_tc=36.2843 (was 34.2935)
t=46814ms iter=210 incumb=34.2935 ratchet=34.8523 best=34.2935 since_improve=210
t=46827ms iter=211 WAIST cost=33.0000 best_alt=22.0000 gap=11.0000 tried=5 sep_labels=22 clique_frac=0.00
t=46966ms iter=211 REBUILD reject new_tc=36.4486 (was 34.2935)
t=47030ms iter=211 incumb=34.2935 ratchet=34.3618 best=34.2935 since_improve=211
t=47047ms iter=212 WAIST cost=33.0000 best_alt=22.0000 gap=11.0000 tried=5 sep_labels=22 clique_frac=0.00
t=47186ms iter=212 REBUILD reject new_tc=36.4287 (was 34.2935)
t=47251ms iter=212 incumb=34.2935 ratchet=35.0874 best=34.2935 since_improve=212
t=47267ms iter=213 WAIST cost=33.0000 best_alt=22.0000 gap=11.0000 tried=5 sep_labels=22 clique_frac=0.00
t=47405ms iter=213 REBUILD reject new_tc=36.5388 (was 34.2935)
t=47470ms iter=213 incumb=34.2935 ratchet=35.0042 best=34.2935 since_improve=213
t=47486ms iter=214 WAIST cost=33.0000 best_alt=22.0000 gap=11.0000 tried=5 sep_labels=22 clique_frac=0.00
t=47625ms iter=214 REBUILD reject new_tc=36.3702 (was 34.2935)
t=47691ms iter=214 incumb=34.2935 ratchet=35.0356 best=34.2935 since_improve=214
t=47705ms iter=215 WAIST cost=33.0000 best_alt=22.0000 gap=11.0000 tried=5 sep_labels=22 clique_frac=0.00
t=47844ms iter=215 REBUILD reject new_tc=36.5840 (was 34.2935)
t=47911ms iter=215 incumb=34.2935 ratchet=34.9201 best=34.2935 since_improve=215
t=47927ms iter=216 WAIST cost=33.0000 best_alt=22.0000 gap=11.0000 tried=5 sep_labels=22 clique_frac=0.00
t=48066ms iter=216 REBUILD reject new_tc=36.4421 (was 34.2935)
t=48131ms iter=216 incumb=34.2935 ratchet=34.9949 best=34.2935 since_improve=216
t=48147ms iter=217 WAIST cost=33.0000 best_alt=22.0000 gap=11.0000 tried=5 sep_labels=22 clique_frac=0.00
t=48284ms iter=217 REBUILD reject new_tc=36.3062 (was 34.2935)
t=48349ms iter=217 incumb=34.2935 ratchet=34.4792 best=34.2935 since_improve=217
t=48364ms iter=218 WAIST cost=33.0000 best_alt=22.0000 gap=11.0000 tried=5 sep_labels=22 clique_frac=0.00
t=48503ms iter=218 REBUILD reject new_tc=36.3576 (was 34.2935)
t=48569ms iter=218 incumb=34.2935 ratchet=34.9973 best=34.2935 since_improve=218
t=48583ms iter=219 WAIST cost=33.0000 best_alt=22.0000 gap=11.0000 tried=5 sep_labels=22 clique_frac=0.00
t=48721ms iter=219 REBUILD reject new_tc=36.3282 (was 34.2935)
t=48786ms iter=219 incumb=34.2935 ratchet=34.8496 best=34.2935 since_improve=219
t=48802ms iter=220 WAIST cost=33.0000 best_alt=22.0000 gap=11.0000 tried=5 sep_labels=22 clique_frac=0.00
t=48940ms iter=220 REBUILD reject new_tc=36.6308 (was 34.2935)
t=49009ms iter=220 incumb=34.2935 ratchet=43.1253 best=34.2935 since_improve=220
t=49024ms iter=221 WAIST cost=33.0000 best_alt=22.0000 gap=11.0000 tried=5 sep_labels=22 clique_frac=0.00
t=49163ms iter=221 REBUILD reject new_tc=36.5051 (was 34.2935)
t=49229ms iter=221 incumb=34.2935 ratchet=35.0809 best=34.2935 since_improve=221
t=49245ms iter=222 WAIST cost=33.0000 best_alt=22.0000 gap=11.0000 tried=5 sep_labels=22 clique_frac=0.00
t=49383ms iter=222 REBUILD reject new_tc=36.4358 (was 34.2935)
t=49448ms iter=222 incumb=34.2935 ratchet=35.0937 best=34.2935 since_improve=222
t=49464ms iter=223 WAIST cost=33.0000 best_alt=22.0000 gap=11.0000 tried=5 sep_labels=22 clique_frac=0.00
t=49602ms iter=223 REBUILD reject new_tc=36.3009 (was 34.2935)
t=49667ms iter=223 incumb=34.2935 ratchet=35.1217 best=34.2935 since_improve=223
t=49683ms iter=224 WAIST cost=33.0000 best_alt=22.0000 gap=11.0000 tried=5 sep_labels=22 clique_frac=0.00
t=49823ms iter=224 REBUILD reject new_tc=36.4239 (was 34.2935)
t=49888ms iter=224 incumb=34.2935 ratchet=34.6270 best=34.2935 since_improve=224
t=49903ms iter=225 WAIST cost=33.0000 best_alt=22.0000 gap=11.0000 tried=5 sep_labels=22 clique_frac=0.00
t=50041ms iter=225 REBUILD reject new_tc=36.2487 (was 34.2935)
t=50111ms iter=225 incumb=34.2935 ratchet=43.8927 best=34.2935 since_improve=225
t=50123ms iter=226 WAIST cost=33.0000 best_alt=22.0000 gap=11.0000 tried=5 sep_labels=22 clique_frac=0.00
t=50260ms iter=226 REBUILD reject new_tc=36.4393 (was 34.2935)
t=50325ms iter=226 incumb=34.2935 ratchet=34.7678 best=34.2935 since_improve=226
t=50340ms iter=227 WAIST cost=33.0000 best_alt=22.0000 gap=11.0000 tried=5 sep_labels=22 clique_frac=0.00
t=50478ms iter=227 REBUILD reject new_tc=36.3397 (was 34.2935)
t=50543ms iter=227 incumb=34.2935 ratchet=34.6087 best=34.2935 since_improve=227
t=50560ms iter=228 WAIST cost=33.0000 best_alt=22.0000 gap=11.0000 tried=5 sep_labels=22 clique_frac=0.00
t=50699ms iter=228 REBUILD reject new_tc=36.4615 (was 34.2935)
t=50764ms iter=228 incumb=34.2935 ratchet=34.6963 best=34.2935 since_improve=228
t=50779ms iter=229 WAIST cost=33.0000 best_alt=22.0000 gap=11.0000 tried=5 sep_labels=22 clique_frac=0.00
t=50919ms iter=229 REBUILD reject new_tc=36.4335 (was 34.2935)
t=50984ms iter=229 incumb=34.2935 ratchet=34.7801 best=34.2935 since_improve=229
t=50999ms iter=230 WAIST cost=33.0000 best_alt=22.0000 gap=11.0000 tried=5 sep_labels=22 clique_frac=0.00
t=51137ms iter=230 REBUILD reject new_tc=36.4360 (was 34.2935)
t=51203ms iter=230 incumb=34.2935 ratchet=35.2678 best=34.2935 since_improve=230
t=51218ms iter=231 WAIST cost=33.0000 best_alt=22.0000 gap=11.0000 tried=5 sep_labels=22 clique_frac=0.00
t=51357ms iter=231 REBUILD reject new_tc=36.5000 (was 34.2935)
t=51421ms iter=231 incumb=34.2935 ratchet=34.7747 best=34.2935 since_improve=231
t=51437ms iter=232 WAIST cost=33.0000 best_alt=22.0000 gap=11.0000 tried=5 sep_labels=22 clique_frac=0.00
t=51577ms iter=232 REBUILD reject new_tc=36.7598 (was 34.2935)
t=51647ms iter=232 incumb=34.2935 ratchet=43.3803 best=34.2935 since_improve=232
t=51662ms iter=233 WAIST cost=33.0000 best_alt=22.0000 gap=11.0000 tried=5 sep_labels=22 clique_frac=0.00
t=51803ms iter=233 REBUILD reject new_tc=36.5393 (was 34.2935)
t=51868ms iter=233 incumb=34.2935 ratchet=34.7672 best=34.2935 since_improve=233
t=51882ms iter=234 WAIST cost=33.0000 best_alt=22.0000 gap=11.0000 tried=5 sep_labels=22 clique_frac=0.00
t=52020ms iter=234 REBUILD reject new_tc=36.5481 (was 34.2935)
t=52085ms iter=234 incumb=34.2935 ratchet=34.5988 best=34.2935 since_improve=234
t=52099ms iter=235 WAIST cost=33.0000 best_alt=22.0000 gap=11.0000 tried=5 sep_labels=22 clique_frac=0.00
t=52238ms iter=235 REBUILD reject new_tc=36.6049 (was 34.2935)
t=52304ms iter=235 incumb=34.2935 ratchet=34.7967 best=34.2935 since_improve=235
t=52318ms iter=236 WAIST cost=33.0000 best_alt=22.0000 gap=11.0000 tried=5 sep_labels=22 clique_frac=0.00
t=52456ms iter=236 REBUILD reject new_tc=36.5054 (was 34.2935)
t=52520ms iter=236 incumb=34.2935 ratchet=34.7908 best=34.2935 since_improve=236
t=52533ms iter=237 WAIST cost=33.0000 best_alt=22.0000 gap=11.0000 tried=5 sep_labels=22 clique_frac=0.00
t=52674ms iter=237 REBUILD reject new_tc=36.3332 (was 34.2935)
t=52738ms iter=237 incumb=34.2935 ratchet=34.7436 best=34.2935 since_improve=237
t=52752ms iter=238 WAIST cost=33.0000 best_alt=22.0000 gap=11.0000 tried=5 sep_labels=22 clique_frac=0.00
t=52890ms iter=238 REBUILD reject new_tc=36.2963 (was 34.2935)
t=52957ms iter=238 incumb=34.2935 ratchet=39.1873 best=34.2935 since_improve=238
t=52970ms iter=239 WAIST cost=33.0000 best_alt=22.0000 gap=11.0000 tried=5 sep_labels=22 clique_frac=0.00
t=53108ms iter=239 REBUILD reject new_tc=36.3968 (was 34.2935)
t=53173ms iter=239 incumb=34.2935 ratchet=34.6369 best=34.2935 since_improve=239
t=53187ms iter=240 WAIST cost=33.0000 best_alt=22.0000 gap=11.0000 tried=5 sep_labels=22 clique_frac=0.00
t=53327ms iter=240 REBUILD reject new_tc=36.2695 (was 34.2935)
t=53390ms iter=240 incumb=34.2935 ratchet=34.4730 best=34.2935 since_improve=240
t=53406ms iter=241 WAIST cost=33.0000 best_alt=22.0000 gap=11.0000 tried=5 sep_labels=22 clique_frac=0.00
t=53547ms iter=241 REBUILD reject new_tc=36.6261 (was 34.2935)
t=53611ms iter=241 incumb=34.2935 ratchet=34.6558 best=34.2935 since_improve=241
t=53627ms iter=242 WAIST cost=33.0000 best_alt=22.0000 gap=11.0000 tried=5 sep_labels=22 clique_frac=0.00
t=53766ms iter=242 REBUILD reject new_tc=36.3300 (was 34.2935)
t=53835ms iter=242 incumb=34.2935 ratchet=43.0883 best=34.2935 since_improve=242
t=53850ms iter=243 WAIST cost=33.0000 best_alt=22.0000 gap=11.0000 tried=5 sep_labels=22 clique_frac=0.00
t=53989ms iter=243 REBUILD reject new_tc=36.5118 (was 34.2935)
t=54053ms iter=243 incumb=34.2935 ratchet=34.6590 best=34.2935 since_improve=243
t=54069ms iter=244 WAIST cost=33.0000 best_alt=22.0000 gap=11.0000 tried=5 sep_labels=22 clique_frac=0.00
t=54210ms iter=244 REBUILD reject new_tc=35.4803 (was 34.2935)
t=54276ms iter=244 incumb=34.2935 ratchet=35.5703 best=34.2935 since_improve=244
t=54291ms iter=245 WAIST cost=33.0000 best_alt=22.0000 gap=11.0000 tried=5 sep_labels=22 clique_frac=0.00
t=54430ms iter=245 REBUILD reject new_tc=36.5819 (was 34.2935)
t=54495ms iter=245 incumb=34.2935 ratchet=36.1153 best=34.2935 since_improve=245
t=54511ms iter=246 WAIST cost=33.0000 best_alt=22.0000 gap=11.0000 tried=5 sep_labels=22 clique_frac=0.00
t=54651ms iter=246 REBUILD reject new_tc=36.1638 (was 34.2935)
t=54720ms iter=246 incumb=34.2935 ratchet=43.3778 best=34.2935 since_improve=246
t=54737ms iter=247 WAIST cost=33.0000 best_alt=22.0000 gap=11.0000 tried=5 sep_labels=22 clique_frac=0.00
t=54876ms iter=247 REBUILD reject new_tc=36.3342 (was 34.2935)
t=54941ms iter=247 incumb=34.2935 ratchet=34.8306 best=34.2935 since_improve=247
t=54957ms iter=248 WAIST cost=33.0000 best_alt=22.0000 gap=11.0000 tried=5 sep_labels=22 clique_frac=0.00
t=55096ms iter=248 REBUILD reject new_tc=36.6213 (was 34.2935)
t=55161ms iter=248 incumb=34.2935 ratchet=34.7917 best=34.2935 since_improve=248
t=55177ms iter=249 WAIST cost=33.0000 best_alt=22.0000 gap=11.0000 tried=5 sep_labels=22 clique_frac=0.00
t=55316ms iter=249 REBUILD reject new_tc=35.9106 (was 34.2935)
t=55380ms iter=249 incumb=34.2935 ratchet=35.4984 best=34.2935 since_improve=249
t=55395ms iter=250 WAIST cost=33.0000 best_alt=22.0000 gap=11.0000 tried=5 sep_labels=22 clique_frac=0.00
t=55534ms iter=250 REBUILD reject new_tc=36.4565 (was 34.2935)
t=55599ms iter=250 incumb=34.2935 ratchet=34.8287 best=34.2935 since_improve=250
t=55610ms iter=251 WAIST cost=33.0000 best_alt=22.0000 gap=11.0000 tried=5 sep_labels=22 clique_frac=0.00
t=55750ms iter=251 REBUILD reject new_tc=36.1876 (was 34.2935)
t=55815ms iter=251 incumb=34.2935 ratchet=34.8755 best=34.2935 since_improve=251
t=55830ms iter=252 WAIST cost=33.0000 best_alt=22.0000 gap=11.0000 tried=5 sep_labels=22 clique_frac=0.00
t=55969ms iter=252 REBUILD reject new_tc=36.2406 (was 34.2935)
t=56033ms iter=252 incumb=34.2935 ratchet=34.7440 best=34.2935 since_improve=252
t=56049ms iter=253 WAIST cost=33.0000 best_alt=22.0000 gap=11.0000 tried=5 sep_labels=22 clique_frac=0.00
t=56188ms iter=253 REBUILD reject new_tc=36.4897 (was 34.2935)
t=56252ms iter=253 incumb=34.2935 ratchet=34.8569 best=34.2935 since_improve=253
t=56268ms iter=254 WAIST cost=33.0000 best_alt=22.0000 gap=11.0000 tried=5 sep_labels=22 clique_frac=0.00
t=56407ms iter=254 REBUILD reject new_tc=36.4616 (was 34.2935)
t=56472ms iter=254 incumb=34.2935 ratchet=34.8316 best=34.2935 since_improve=254
t=56487ms iter=255 WAIST cost=33.0000 best_alt=22.0000 gap=11.0000 tried=5 sep_labels=22 clique_frac=0.00
t=56626ms iter=255 REBUILD reject new_tc=36.3660 (was 34.2935)
t=56691ms iter=255 incumb=34.2935 ratchet=34.6675 best=34.2935 since_improve=255
t=56706ms iter=256 WAIST cost=33.0000 best_alt=22.0000 gap=11.0000 tried=5 sep_labels=22 clique_frac=0.00
t=56846ms iter=256 REBUILD reject new_tc=36.3902 (was 34.2935)
t=56914ms iter=256 incumb=34.2935 ratchet=43.7117 best=34.2935 since_improve=256
t=56927ms iter=257 WAIST cost=33.0000 best_alt=22.0000 gap=11.0000 tried=5 sep_labels=22 clique_frac=0.00
t=57066ms iter=257 REBUILD reject new_tc=36.4334 (was 34.2935)
t=57131ms iter=257 incumb=34.2935 ratchet=34.6713 best=34.2935 since_improve=257
t=57147ms iter=258 WAIST cost=33.0000 best_alt=22.0000 gap=11.0000 tried=5 sep_labels=22 clique_frac=0.00
t=57286ms iter=258 REBUILD reject new_tc=35.8220 (was 34.2935)
t=57350ms iter=258 incumb=34.2935 ratchet=34.9323 best=34.2935 since_improve=258
t=57367ms iter=259 WAIST cost=33.0000 best_alt=22.0000 gap=11.0000 tried=5 sep_labels=22 clique_frac=0.00
t=57507ms iter=259 REBUILD reject new_tc=36.3334 (was 34.2935)
t=57577ms iter=259 incumb=34.2935 ratchet=44.0272 best=34.2935 since_improve=259
t=57592ms iter=260 WAIST cost=33.0000 best_alt=22.0000 gap=11.0000 tried=5 sep_labels=22 clique_frac=0.00
t=57731ms iter=260 REBUILD reject new_tc=36.4892 (was 34.2935)
t=57795ms iter=260 incumb=34.2935 ratchet=34.6089 best=34.2935 since_improve=260
t=57810ms iter=261 WAIST cost=33.0000 best_alt=22.0000 gap=11.0000 tried=5 sep_labels=22 clique_frac=0.00
t=57949ms iter=261 REBUILD reject new_tc=36.3240 (was 34.2935)
t=58014ms iter=261 incumb=34.2935 ratchet=34.9074 best=34.2935 since_improve=261
t=58028ms iter=262 WAIST cost=33.0000 best_alt=22.0000 gap=11.0000 tried=5 sep_labels=22 clique_frac=0.00
t=58169ms iter=262 REBUILD reject new_tc=36.3563 (was 34.2935)
t=58234ms iter=262 incumb=34.2935 ratchet=34.7452 best=34.2935 since_improve=262
t=58248ms iter=263 WAIST cost=33.0000 best_alt=22.0000 gap=11.0000 tried=5 sep_labels=22 clique_frac=0.00
t=58387ms iter=263 REBUILD reject new_tc=36.3995 (was 34.2935)
t=58451ms iter=263 incumb=34.2935 ratchet=34.7822 best=34.2935 since_improve=263
t=58464ms iter=264 WAIST cost=33.0000 best_alt=22.0000 gap=11.0000 tried=5 sep_labels=22 clique_frac=0.00
t=58604ms iter=264 REBUILD reject new_tc=36.6237 (was 34.2935)
t=58668ms iter=264 incumb=34.2935 ratchet=34.7872 best=34.2935 since_improve=264
t=58684ms iter=265 WAIST cost=33.0000 best_alt=22.0000 gap=11.0000 tried=5 sep_labels=22 clique_frac=0.00
t=58824ms iter=265 REBUILD reject new_tc=36.2336 (was 34.2935)
t=58889ms iter=265 incumb=34.2935 ratchet=34.8425 best=34.2935 since_improve=265
t=58904ms iter=266 WAIST cost=33.0000 best_alt=22.0000 gap=11.0000 tried=5 sep_labels=22 clique_frac=0.00
t=59044ms iter=266 REBUILD reject new_tc=36.4775 (was 34.2935)
t=59112ms iter=266 incumb=34.2935 ratchet=41.4191 best=34.2935 since_improve=266
t=59128ms iter=267 WAIST cost=33.0000 best_alt=22.0000 gap=11.0000 tried=5 sep_labels=22 clique_frac=0.00
t=59269ms iter=267 REBUILD reject new_tc=35.6253 (was 34.2935)
t=59337ms iter=267 incumb=34.2935 ratchet=44.0087 best=34.2935 since_improve=267
t=59354ms iter=268 WAIST cost=33.0000 best_alt=22.0000 gap=11.0000 tried=5 sep_labels=22 clique_frac=0.00
t=59495ms iter=268 REBUILD reject new_tc=36.3418 (was 34.2935)
t=59559ms iter=268 incumb=34.2935 ratchet=34.6285 best=34.2935 since_improve=268
t=59574ms iter=269 WAIST cost=33.0000 best_alt=22.0000 gap=11.0000 tried=5 sep_labels=22 clique_frac=0.00
t=59715ms iter=269 REBUILD reject new_tc=36.4443 (was 34.2935)
t=59778ms iter=269 incumb=34.2935 ratchet=34.9328 best=34.2935 since_improve=269
t=59794ms iter=270 WAIST cost=33.0000 best_alt=22.0000 gap=11.0000 tried=5 sep_labels=22 clique_frac=0.00
t=59932ms iter=270 REBUILD reject new_tc=36.4227 (was 34.2935)
t=59996ms iter=270 incumb=34.2935 ratchet=34.7103 best=34.2935 since_improve=270
t=60013ms iter=271 WAIST cost=33.0000 best_alt=22.0000 gap=11.0000 tried=5 sep_labels=22 clique_frac=0.00
t=60152ms iter=271 REBUILD reject new_tc=36.4456 (was 34.2935)
t=60216ms iter=271 incumb=34.2935 ratchet=34.6280 best=34.2935 since_improve=271
t=60232ms iter=272 WAIST cost=33.0000 best_alt=22.0000 gap=11.0000 tried=5 sep_labels=22 clique_frac=0.00
t=60372ms iter=272 REBUILD reject new_tc=36.4057 (was 34.2935)
t=60437ms iter=272 incumb=34.2935 ratchet=34.8102 best=34.2935 since_improve=272
t=60452ms iter=273 WAIST cost=33.0000 best_alt=22.0000 gap=11.0000 tried=5 sep_labels=22 clique_frac=0.00
t=60592ms iter=273 REBUILD reject new_tc=36.3077 (was 34.2935)
t=60657ms iter=273 incumb=34.2935 ratchet=35.8617 best=34.2935 since_improve=273
t=60673ms iter=274 WAIST cost=33.0000 best_alt=22.0000 gap=11.0000 tried=5 sep_labels=22 clique_frac=0.00
t=60812ms iter=274 REBUILD reject new_tc=36.4954 (was 34.2935)
t=60876ms iter=274 incumb=34.2935 ratchet=34.7243 best=34.2935 since_improve=274
t=60892ms iter=275 WAIST cost=33.0000 best_alt=22.0000 gap=11.0000 tried=5 sep_labels=22 clique_frac=0.00
t=61031ms iter=275 REBUILD reject new_tc=36.5009 (was 34.2935)
t=61096ms iter=275 incumb=34.2935 ratchet=34.6803 best=34.2935 since_improve=275
t=61110ms iter=276 WAIST cost=33.0000 best_alt=22.0000 gap=11.0000 tried=5 sep_labels=22 clique_frac=0.00
t=61252ms iter=276 REBUILD reject new_tc=36.5647 (was 34.2935)
t=61316ms iter=276 incumb=34.2935 ratchet=34.7101 best=34.2935 since_improve=276
t=61332ms iter=277 WAIST cost=33.0000 best_alt=22.0000 gap=11.0000 tried=5 sep_labels=22 clique_frac=0.00
t=61471ms iter=277 REBUILD reject new_tc=36.5050 (was 34.2935)
t=61535ms iter=277 incumb=34.2935 ratchet=34.9286 best=34.2935 since_improve=277
t=61551ms iter=278 WAIST cost=33.0000 best_alt=22.0000 gap=11.0000 tried=5 sep_labels=22 clique_frac=0.00
t=61691ms iter=278 REBUILD reject new_tc=35.7229 (was 34.2935)
t=61756ms iter=278 incumb=34.2935 ratchet=35.1829 best=34.2935 since_improve=278
t=61772ms iter=279 WAIST cost=33.0000 best_alt=22.0000 gap=11.0000 tried=5 sep_labels=22 clique_frac=0.00
t=61911ms iter=279 REBUILD reject new_tc=36.3638 (was 34.2935)
t=62000ms iter=279 incumb=34.2935 ratchet=34.7633 best=34.2935 since_improve=279
t=62026ms iter=280 WAIST cost=33.0000 best_alt=22.0000 gap=11.0000 tried=5 sep_labels=22 clique_frac=0.00
t=62166ms iter=280 REBUILD reject new_tc=36.4293 (was 34.2935)
t=62235ms iter=280 incumb=34.2935 ratchet=45.1120 best=34.2935 since_improve=280
t=62250ms iter=281 WAIST cost=33.0000 best_alt=22.0000 gap=11.0000 tried=5 sep_labels=22 clique_frac=0.00
t=62389ms iter=281 REBUILD reject new_tc=36.5643 (was 34.2935)
t=62453ms iter=281 incumb=34.2935 ratchet=34.9960 best=34.2935 since_improve=281
t=62468ms iter=282 WAIST cost=33.0000 best_alt=22.0000 gap=11.0000 tried=5 sep_labels=22 clique_frac=0.00
t=62635ms iter=282 REBUILD reject new_tc=36.2104 (was 34.2935)
t=62718ms iter=282 incumb=34.2935 ratchet=35.0897 best=34.2935 since_improve=282
t=62735ms iter=283 WAIST cost=33.0000 best_alt=22.0000 gap=11.0000 tried=5 sep_labels=22 clique_frac=0.00
t=62873ms iter=283 REBUILD reject new_tc=36.5183 (was 34.2935)
t=62938ms iter=283 incumb=34.2935 ratchet=34.7941 best=34.2935 since_improve=283
t=62953ms iter=284 WAIST cost=33.0000 best_alt=22.0000 gap=11.0000 tried=5 sep_labels=22 clique_frac=0.00
t=63092ms iter=284 REBUILD reject new_tc=36.4473 (was 34.2935)
t=63157ms iter=284 incumb=34.2935 ratchet=34.6111 best=34.2935 since_improve=284
t=63171ms iter=285 WAIST cost=33.0000 best_alt=22.0000 gap=11.0000 tried=5 sep_labels=22 clique_frac=0.00
t=63310ms iter=285 REBUILD reject new_tc=36.4715 (was 34.2935)
t=63375ms iter=285 incumb=34.2935 ratchet=35.7631 best=34.2935 since_improve=285
t=63391ms iter=286 WAIST cost=33.0000 best_alt=22.0000 gap=11.0000 tried=5 sep_labels=22 clique_frac=0.00
t=63532ms iter=286 REBUILD reject new_tc=36.4396 (was 34.2935)
t=63597ms iter=286 incumb=34.2935 ratchet=34.7583 best=34.2935 since_improve=286
t=63613ms iter=287 WAIST cost=33.0000 best_alt=22.0000 gap=11.0000 tried=5 sep_labels=22 clique_frac=0.00
t=63753ms iter=287 REBUILD reject new_tc=36.4485 (was 34.2935)
t=63821ms iter=287 incumb=34.2935 ratchet=40.9744 best=34.2935 since_improve=287
t=63836ms iter=288 WAIST cost=33.0000 best_alt=22.0000 gap=11.0000 tried=5 sep_labels=22 clique_frac=0.00
t=63975ms iter=288 REBUILD reject new_tc=36.6644 (was 34.2935)
t=64039ms iter=288 incumb=34.2935 ratchet=34.7968 best=34.2935 since_improve=288
t=64056ms iter=289 WAIST cost=33.0000 best_alt=22.0000 gap=11.0000 tried=5 sep_labels=22 clique_frac=0.00
t=64194ms iter=289 REBUILD reject new_tc=36.3200 (was 34.2935)
t=64259ms iter=289 incumb=34.2935 ratchet=35.6055 best=34.2935 since_improve=289
t=64273ms iter=290 WAIST cost=33.0000 best_alt=22.0000 gap=11.0000 tried=5 sep_labels=22 clique_frac=0.00
t=64412ms iter=290 REBUILD reject new_tc=35.5640 (was 34.2935)
t=64479ms iter=290 incumb=34.2935 ratchet=36.4497 best=34.2935 since_improve=290
t=64494ms iter=291 WAIST cost=33.0000 best_alt=22.0000 gap=11.0000 tried=5 sep_labels=22 clique_frac=0.00
t=64633ms iter=291 REBUILD reject new_tc=36.4408 (was 34.2935)
t=64696ms iter=291 incumb=34.2935 ratchet=34.4034 best=34.2935 since_improve=291
t=64710ms iter=292 WAIST cost=33.0000 best_alt=22.0000 gap=11.0000 tried=5 sep_labels=22 clique_frac=0.00
t=64850ms iter=292 REBUILD reject new_tc=36.3291 (was 34.2935)
t=64915ms iter=292 incumb=34.2935 ratchet=34.8997 best=34.2935 since_improve=292
t=64934ms iter=293 WAIST cost=33.0000 best_alt=22.0000 gap=11.0000 tried=5 sep_labels=22 clique_frac=0.00
t=65075ms iter=293 REBUILD reject new_tc=36.4299 (was 34.2935)
t=65142ms iter=293 incumb=34.2935 ratchet=39.7170 best=34.2935 since_improve=293
t=65155ms iter=294 WAIST cost=33.0000 best_alt=22.0000 gap=11.0000 tried=5 sep_labels=22 clique_frac=0.00
t=65296ms iter=294 REBUILD reject new_tc=36.3847 (was 34.2935)
t=65362ms iter=294 incumb=34.2935 ratchet=36.6950 best=34.2935 since_improve=294
t=65376ms iter=295 WAIST cost=33.0000 best_alt=22.0000 gap=11.0000 tried=5 sep_labels=22 clique_frac=0.00
t=65516ms iter=295 REBUILD reject new_tc=36.6275 (was 34.2935)
t=65581ms iter=295 incumb=34.2935 ratchet=35.0824 best=34.2935 since_improve=295
t=65596ms iter=296 WAIST cost=33.0000 best_alt=22.0000 gap=11.0000 tried=5 sep_labels=22 clique_frac=0.00
t=65736ms iter=296 REBUILD reject new_tc=36.4533 (was 34.2935)
t=65800ms iter=296 incumb=34.2935 ratchet=34.7739 best=34.2935 since_improve=296
t=65816ms iter=297 WAIST cost=33.0000 best_alt=22.0000 gap=11.0000 tried=5 sep_labels=22 clique_frac=0.00
t=65954ms iter=297 REBUILD reject new_tc=36.4211 (was 34.2935)
t=66019ms iter=297 incumb=34.2935 ratchet=35.0080 best=34.2935 since_improve=297
t=66035ms iter=298 WAIST cost=33.0000 best_alt=22.0000 gap=11.0000 tried=5 sep_labels=22 clique_frac=0.00
t=66173ms iter=298 REBUILD reject new_tc=36.1776 (was 34.2935)
t=66236ms iter=298 incumb=34.2935 ratchet=34.8458 best=34.2935 since_improve=298
t=66250ms iter=299 WAIST cost=33.0000 best_alt=22.0000 gap=11.0000 tried=5 sep_labels=22 clique_frac=0.00
t=66388ms iter=299 REBUILD reject new_tc=36.2348 (was 34.2935)
t=66453ms iter=299 incumb=34.2935 ratchet=35.0344 best=34.2935 since_improve=299
t=66467ms iter=300 WAIST cost=33.0000 best_alt=22.0000 gap=11.0000 tried=5 sep_labels=22 clique_frac=0.00
t=66606ms iter=300 REBUILD reject new_tc=36.2987 (was 34.2935)
t=66671ms iter=300 incumb=34.2935 ratchet=35.5642 best=34.2935 since_improve=300
t=66686ms iter=301 WAIST cost=33.0000 best_alt=22.0000 gap=11.0000 tried=5 sep_labels=22 clique_frac=0.00
t=66825ms iter=301 REBUILD reject new_tc=36.4053 (was 34.2935)
t=66889ms iter=301 incumb=34.2935 ratchet=34.9828 best=34.2935 since_improve=301
t=66906ms iter=302 WAIST cost=33.0000 best_alt=22.0000 gap=11.0000 tried=5 sep_labels=22 clique_frac=0.00
t=67047ms iter=302 REBUILD reject new_tc=36.4422 (was 34.2935)
t=67111ms iter=302 incumb=34.2935 ratchet=34.8615 best=34.2935 since_improve=302
t=67126ms iter=303 WAIST cost=33.0000 best_alt=22.0000 gap=11.0000 tried=5 sep_labels=22 clique_frac=0.00
t=67267ms iter=303 REBUILD reject new_tc=36.5535 (was 34.2935)
t=67331ms iter=303 incumb=34.2935 ratchet=35.1108 best=34.2935 since_improve=303
t=67347ms iter=304 WAIST cost=33.0000 best_alt=22.0000 gap=11.0000 tried=5 sep_labels=22 clique_frac=0.00
t=67486ms iter=304 REBUILD reject new_tc=36.2554 (was 34.2935)
t=67550ms iter=304 incumb=34.2935 ratchet=34.9191 best=34.2935 since_improve=304
t=67566ms iter=305 WAIST cost=33.0000 best_alt=22.0000 gap=11.0000 tried=5 sep_labels=22 clique_frac=0.00
t=67705ms iter=305 REBUILD reject new_tc=36.2862 (was 34.2935)
t=67771ms iter=305 incumb=34.2935 ratchet=34.7595 best=34.2935 since_improve=305
t=67786ms iter=306 WAIST cost=33.0000 best_alt=22.0000 gap=11.0000 tried=5 sep_labels=22 clique_frac=0.00
t=67926ms iter=306 REBUILD reject new_tc=36.4447 (was 34.2935)
t=67992ms iter=306 incumb=34.2935 ratchet=36.5420 best=34.2935 since_improve=306
t=68007ms iter=307 WAIST cost=33.0000 best_alt=22.0000 gap=11.0000 tried=5 sep_labels=22 clique_frac=0.00
t=68148ms iter=307 REBUILD reject new_tc=35.8248 (was 34.2935)
t=68213ms iter=307 incumb=34.2935 ratchet=36.0582 best=34.2935 since_improve=307
t=68229ms iter=308 WAIST cost=33.0000 best_alt=22.0000 gap=11.0000 tried=5 sep_labels=22 clique_frac=0.00
t=68367ms iter=308 REBUILD reject new_tc=36.5045 (was 34.2935)
t=68431ms iter=308 incumb=34.2935 ratchet=34.6470 best=34.2935 since_improve=308
t=68445ms iter=309 WAIST cost=33.0000 best_alt=22.0000 gap=11.0000 tried=5 sep_labels=22 clique_frac=0.00
t=68585ms iter=309 REBUILD reject new_tc=36.3289 (was 34.2935)
t=68649ms iter=309 incumb=34.2935 ratchet=34.7614 best=34.2935 since_improve=309
t=68664ms iter=310 WAIST cost=33.0000 best_alt=22.0000 gap=11.0000 tried=5 sep_labels=22 clique_frac=0.00
t=68805ms iter=310 REBUILD reject new_tc=36.5383 (was 34.2935)
t=68870ms iter=310 incumb=34.2935 ratchet=36.4619 best=34.2935 since_improve=310
t=68885ms iter=311 WAIST cost=33.0000 best_alt=22.0000 gap=11.0000 tried=5 sep_labels=22 clique_frac=0.00
t=69010ms iter=311 REBUILD reject new_tc=36.3224 (was 34.2935)
t=69074ms iter=311 incumb=34.2935 ratchet=34.8580 best=34.2935 since_improve=311
t=69091ms iter=312 WAIST cost=33.0000 best_alt=22.0000 gap=11.0000 tried=5 sep_labels=22 clique_frac=0.00
t=69232ms iter=312 REBUILD reject new_tc=36.5279 (was 34.2935)
t=69299ms iter=312 incumb=34.2935 ratchet=34.6642 best=34.2935 since_improve=312
t=69313ms iter=313 WAIST cost=33.0000 best_alt=22.0000 gap=11.0000 tried=5 sep_labels=22 clique_frac=0.00
t=69458ms iter=313 REBUILD reject new_tc=36.4171 (was 34.2935)
t=69525ms iter=313 incumb=34.2935 ratchet=34.8717 best=34.2935 since_improve=313
t=69545ms iter=314 WAIST cost=33.0000 best_alt=22.0000 gap=11.0000 tried=5 sep_labels=22 clique_frac=0.00
t=69684ms iter=314 REBUILD reject new_tc=36.2334 (was 34.2935)
t=69749ms iter=314 incumb=34.2935 ratchet=35.4665 best=34.2935 since_improve=314
t=69763ms iter=315 WAIST cost=33.0000 best_alt=22.0000 gap=11.0000 tried=5 sep_labels=22 clique_frac=0.00
t=69903ms iter=315 REBUILD reject new_tc=36.2915 (was 34.2935)
t=69968ms iter=315 incumb=34.2935 ratchet=35.0315 best=34.2935 since_improve=315
t=69984ms iter=316 WAIST cost=33.0000 best_alt=22.0000 gap=11.0000 tried=5 sep_labels=22 clique_frac=0.00
t=70122ms iter=316 REBUILD reject new_tc=36.3655 (was 34.2935)
t=70187ms iter=316 incumb=34.2935 ratchet=35.2999 best=34.2935 since_improve=316
t=70202ms iter=317 WAIST cost=33.0000 best_alt=22.0000 gap=11.0000 tried=5 sep_labels=22 clique_frac=0.00
t=70342ms iter=317 REBUILD reject new_tc=36.4002 (was 34.2935)
t=70406ms iter=317 incumb=34.2935 ratchet=34.5720 best=34.2935 since_improve=317
t=70423ms iter=318 WAIST cost=33.0000 best_alt=22.0000 gap=11.0000 tried=5 sep_labels=22 clique_frac=0.00
t=70562ms iter=318 REBUILD reject new_tc=36.4154 (was 34.2935)
t=70625ms iter=318 incumb=34.2935 ratchet=34.8231 best=34.2935 since_improve=318
t=70640ms iter=319 WAIST cost=33.0000 best_alt=22.0000 gap=11.0000 tried=5 sep_labels=22 clique_frac=0.00
t=70780ms iter=319 REBUILD reject new_tc=36.6318 (was 34.2935)
t=70844ms iter=319 incumb=34.2935 ratchet=35.2334 best=34.2935 since_improve=319
t=70861ms iter=320 WAIST cost=33.0000 best_alt=22.0000 gap=11.0000 tried=5 sep_labels=22 clique_frac=0.00
t=70999ms iter=320 REBUILD reject new_tc=36.2915 (was 34.2935)
t=71064ms iter=320 incumb=34.2935 ratchet=35.0739 best=34.2935 since_improve=320
t=71079ms iter=321 WAIST cost=33.0000 best_alt=22.0000 gap=11.0000 tried=5 sep_labels=22 clique_frac=0.00
t=71217ms iter=321 REBUILD reject new_tc=36.4020 (was 34.2935)
t=71281ms iter=321 incumb=34.2935 ratchet=34.6153 best=34.2935 since_improve=321
t=71296ms iter=322 WAIST cost=33.0000 best_alt=22.0000 gap=11.0000 tried=5 sep_labels=22 clique_frac=0.00
t=71434ms iter=322 REBUILD reject new_tc=36.4319 (was 34.2935)
t=71500ms iter=322 incumb=34.2935 ratchet=37.8236 best=34.2935 since_improve=322
t=71514ms iter=323 WAIST cost=33.0000 best_alt=22.0000 gap=11.0000 tried=5 sep_labels=22 clique_frac=0.00
t=71656ms iter=323 REBUILD reject new_tc=36.6783 (was 34.2935)
t=71720ms iter=323 incumb=34.2935 ratchet=34.6823 best=34.2935 since_improve=323
t=71736ms iter=324 WAIST cost=33.0000 best_alt=22.0000 gap=11.0000 tried=5 sep_labels=22 clique_frac=0.00
t=71877ms iter=324 REBUILD reject new_tc=36.5721 (was 34.2935)
t=71942ms iter=324 incumb=34.2935 ratchet=34.9304 best=34.2935 since_improve=324
t=71957ms iter=325 WAIST cost=33.0000 best_alt=22.0000 gap=11.0000 tried=5 sep_labels=22 clique_frac=0.00
t=72098ms iter=325 REBUILD reject new_tc=36.5245 (was 34.2935)
t=72161ms iter=325 incumb=34.2935 ratchet=34.8311 best=34.2935 since_improve=325
t=72177ms iter=326 WAIST cost=33.0000 best_alt=22.0000 gap=11.0000 tried=5 sep_labels=22 clique_frac=0.00
t=72317ms iter=326 REBUILD reject new_tc=36.3109 (was 34.2935)
t=72380ms iter=326 incumb=34.2935 ratchet=34.7821 best=34.2935 since_improve=326
t=72395ms iter=327 WAIST cost=33.0000 best_alt=22.0000 gap=11.0000 tried=5 sep_labels=22 clique_frac=0.00
t=72534ms iter=327 REBUILD reject new_tc=36.3013 (was 34.2935)
t=72598ms iter=327 incumb=34.2935 ratchet=34.7693 best=34.2935 since_improve=327
t=72614ms iter=328 WAIST cost=33.0000 best_alt=22.0000 gap=11.0000 tried=5 sep_labels=22 clique_frac=0.00
t=72754ms iter=328 REBUILD reject new_tc=36.3756 (was 34.2935)
t=72817ms iter=328 incumb=34.2935 ratchet=34.9801 best=34.2935 since_improve=328
t=72832ms iter=329 WAIST cost=33.0000 best_alt=22.0000 gap=11.0000 tried=5 sep_labels=22 clique_frac=0.00
t=72970ms iter=329 REBUILD reject new_tc=36.2894 (was 34.2935)
t=73039ms iter=329 incumb=34.2935 ratchet=44.1460 best=34.2935 since_improve=329
t=73054ms iter=330 WAIST cost=33.0000 best_alt=22.0000 gap=11.0000 tried=5 sep_labels=22 clique_frac=0.00
t=73192ms iter=330 REBUILD reject new_tc=35.8573 (was 34.2935)
t=73257ms iter=330 incumb=34.2935 ratchet=34.6349 best=34.2935 since_improve=330
t=73274ms iter=331 WAIST cost=33.0000 best_alt=22.0000 gap=11.0000 tried=5 sep_labels=22 clique_frac=0.00
t=73413ms iter=331 REBUILD reject new_tc=36.4444 (was 34.2935)
t=73478ms iter=331 incumb=34.2935 ratchet=35.2027 best=34.2935 since_improve=331
t=73493ms iter=332 WAIST cost=33.0000 best_alt=22.0000 gap=11.0000 tried=5 sep_labels=22 clique_frac=0.00
t=73632ms iter=332 REBUILD reject new_tc=36.2077 (was 34.2935)
t=73697ms iter=332 incumb=34.2935 ratchet=34.9696 best=34.2935 since_improve=332
t=73711ms iter=333 WAIST cost=33.0000 best_alt=22.0000 gap=11.0000 tried=5 sep_labels=22 clique_frac=0.00
t=73849ms iter=333 REBUILD reject new_tc=36.4069 (was 34.2935)
t=73913ms iter=333 incumb=34.2935 ratchet=34.7262 best=34.2935 since_improve=333
t=73928ms iter=334 WAIST cost=33.0000 best_alt=22.0000 gap=11.0000 tried=5 sep_labels=22 clique_frac=0.00
t=74068ms iter=334 REBUILD reject new_tc=36.5597 (was 34.2935)
t=74132ms iter=334 incumb=34.2935 ratchet=34.6047 best=34.2935 since_improve=334
t=74145ms iter=335 WAIST cost=33.0000 best_alt=22.0000 gap=11.0000 tried=5 sep_labels=22 clique_frac=0.00
t=74283ms iter=335 REBUILD reject new_tc=36.4017 (was 34.2935)
t=74347ms iter=335 incumb=34.2935 ratchet=34.6341 best=34.2935 since_improve=335
t=74364ms iter=336 WAIST cost=33.0000 best_alt=22.0000 gap=11.0000 tried=5 sep_labels=22 clique_frac=0.00
t=74502ms iter=336 REBUILD reject new_tc=36.5307 (was 34.2935)
t=74567ms iter=336 incumb=34.2935 ratchet=35.0777 best=34.2935 since_improve=336
t=74582ms iter=337 WAIST cost=33.0000 best_alt=22.0000 gap=11.0000 tried=5 sep_labels=22 clique_frac=0.00
t=74720ms iter=337 REBUILD reject new_tc=36.4084 (was 34.2935)
t=74785ms iter=337 incumb=34.2935 ratchet=34.9535 best=34.2935 since_improve=337
t=74802ms iter=338 WAIST cost=33.0000 best_alt=22.0000 gap=11.0000 tried=5 sep_labels=22 clique_frac=0.00
t=74940ms iter=338 REBUILD reject new_tc=36.3699 (was 34.2935)
t=75006ms iter=338 incumb=34.2935 ratchet=35.6051 best=34.2935 since_improve=338
t=75019ms iter=339 WAIST cost=33.0000 best_alt=22.0000 gap=11.0000 tried=5 sep_labels=22 clique_frac=0.00
t=75155ms iter=339 REBUILD reject new_tc=36.2392 (was 34.2935)
t=75220ms iter=339 incumb=34.2935 ratchet=34.7439 best=34.2935 since_improve=339
t=75235ms iter=340 WAIST cost=33.0000 best_alt=22.0000 gap=11.0000 tried=5 sep_labels=22 clique_frac=0.00
t=75374ms iter=340 REBUILD reject new_tc=36.4427 (was 34.2935)
t=75439ms iter=340 incumb=34.2935 ratchet=34.8357 best=34.2935 since_improve=340
t=75455ms iter=341 WAIST cost=33.0000 best_alt=22.0000 gap=11.0000 tried=5 sep_labels=22 clique_frac=0.00
t=75592ms iter=341 REBUILD reject new_tc=36.2886 (was 34.2935)
t=75656ms iter=341 incumb=34.2935 ratchet=34.6854 best=34.2935 since_improve=341
t=75671ms iter=342 WAIST cost=33.0000 best_alt=22.0000 gap=11.0000 tried=5 sep_labels=22 clique_frac=0.00
t=75809ms iter=342 REBUILD reject new_tc=36.4540 (was 34.2935)
t=75875ms iter=342 incumb=34.2935 ratchet=37.9868 best=34.2935 since_improve=342
t=75889ms iter=343 WAIST cost=33.0000 best_alt=22.0000 gap=11.0000 tried=5 sep_labels=22 clique_frac=0.00
t=76028ms iter=343 REBUILD reject new_tc=36.4460 (was 34.2935)
t=76093ms iter=343 incumb=34.2935 ratchet=35.0639 best=34.2935 since_improve=343
t=76107ms iter=344 WAIST cost=33.0000 best_alt=22.0000 gap=11.0000 tried=5 sep_labels=22 clique_frac=0.00
t=76246ms iter=344 REBUILD reject new_tc=36.2702 (was 34.2935)
t=76311ms iter=344 incumb=34.2935 ratchet=34.8434 best=34.2935 since_improve=344
t=76326ms iter=345 WAIST cost=33.0000 best_alt=22.0000 gap=11.0000 tried=5 sep_labels=22 clique_frac=0.00
t=76464ms iter=345 REBUILD reject new_tc=36.4953 (was 34.2935)
t=76529ms iter=345 incumb=34.2935 ratchet=34.7396 best=34.2935 since_improve=345
t=76545ms iter=346 WAIST cost=33.0000 best_alt=22.0000 gap=11.0000 tried=5 sep_labels=22 clique_frac=0.00
t=76683ms iter=346 REBUILD reject new_tc=36.4107 (was 34.2935)
t=76748ms iter=346 incumb=34.2935 ratchet=34.9451 best=34.2935 since_improve=346
t=76764ms iter=347 WAIST cost=33.0000 best_alt=22.0000 gap=11.0000 tried=5 sep_labels=22 clique_frac=0.00
t=76901ms iter=347 REBUILD reject new_tc=35.6126 (was 34.2935)
t=76966ms iter=347 incumb=34.2935 ratchet=35.1783 best=34.2935 since_improve=347
t=76981ms iter=348 WAIST cost=33.0000 best_alt=22.0000 gap=11.0000 tried=5 sep_labels=22 clique_frac=0.00
t=77128ms iter=348 REBUILD reject new_tc=36.5393 (was 34.2935)
t=77193ms iter=348 incumb=34.2935 ratchet=34.9117 best=34.2935 since_improve=348
t=77208ms iter=349 WAIST cost=33.0000 best_alt=22.0000 gap=11.0000 tried=5 sep_labels=22 clique_frac=0.00
t=77347ms iter=349 REBUILD reject new_tc=36.4208 (was 34.2935)
t=77411ms iter=349 incumb=34.2935 ratchet=34.7813 best=34.2935 since_improve=349
t=77427ms iter=350 WAIST cost=33.0000 best_alt=22.0000 gap=11.0000 tried=5 sep_labels=22 clique_frac=0.00
t=77567ms iter=350 REBUILD reject new_tc=36.4694 (was 34.2935)
t=77632ms iter=350 incumb=34.2935 ratchet=34.7101 best=34.2935 since_improve=350
t=77648ms iter=351 WAIST cost=33.0000 best_alt=22.0000 gap=11.0000 tried=5 sep_labels=22 clique_frac=0.00
t=77787ms iter=351 REBUILD reject new_tc=36.4860 (was 34.2935)
t=77852ms iter=351 incumb=34.2935 ratchet=34.7561 best=34.2935 since_improve=351
t=77865ms iter=352 WAIST cost=33.0000 best_alt=22.0000 gap=11.0000 tried=5 sep_labels=22 clique_frac=0.00
t=78003ms iter=352 REBUILD reject new_tc=35.0866 (was 34.2935)
t=78068ms iter=352 incumb=34.2935 ratchet=35.0762 best=34.2935 since_improve=352
t=78083ms iter=353 WAIST cost=33.0000 best_alt=22.0000 gap=11.0000 tried=5 sep_labels=22 clique_frac=0.00
t=78223ms iter=353 REBUILD reject new_tc=36.5640 (was 34.2935)
t=78288ms iter=353 incumb=34.2935 ratchet=34.7719 best=34.2935 since_improve=353
t=78304ms iter=354 WAIST cost=33.0000 best_alt=22.0000 gap=11.0000 tried=5 sep_labels=22 clique_frac=0.00
t=78442ms iter=354 REBUILD reject new_tc=36.5552 (was 34.2935)
t=78508ms iter=354 incumb=34.2935 ratchet=34.4820 best=34.2935 since_improve=354
t=78524ms iter=355 WAIST cost=33.0000 best_alt=22.0000 gap=11.0000 tried=5 sep_labels=22 clique_frac=0.00
t=78663ms iter=355 REBUILD reject new_tc=36.6423 (was 34.2935)
t=78728ms iter=355 incumb=34.2935 ratchet=34.9614 best=34.2935 since_improve=355
t=78742ms iter=356 WAIST cost=33.0000 best_alt=22.0000 gap=11.0000 tried=5 sep_labels=22 clique_frac=0.00
t=78879ms iter=356 REBUILD reject new_tc=36.4760 (was 34.2935)
t=78944ms iter=356 incumb=34.2935 ratchet=34.7888 best=34.2935 since_improve=356
t=78960ms iter=357 WAIST cost=33.0000 best_alt=22.0000 gap=11.0000 tried=5 sep_labels=22 clique_frac=0.00
t=79098ms iter=357 REBUILD reject new_tc=36.5219 (was 34.2935)
t=79163ms iter=357 incumb=34.2935 ratchet=34.7747 best=34.2935 since_improve=357
t=79177ms iter=358 WAIST cost=33.0000 best_alt=22.0000 gap=11.0000 tried=5 sep_labels=22 clique_frac=0.00
t=79315ms iter=358 REBUILD reject new_tc=36.4364 (was 34.2935)
t=79380ms iter=358 incumb=34.2935 ratchet=34.7149 best=34.2935 since_improve=358
t=79396ms iter=359 WAIST cost=33.0000 best_alt=22.0000 gap=11.0000 tried=5 sep_labels=22 clique_frac=0.00
t=79535ms iter=359 REBUILD reject new_tc=36.5603 (was 34.2935)
t=79600ms iter=359 incumb=34.2935 ratchet=35.0138 best=34.2935 since_improve=359
t=79614ms iter=360 WAIST cost=33.0000 best_alt=22.0000 gap=11.0000 tried=5 sep_labels=22 clique_frac=0.00
t=79752ms iter=360 REBUILD reject new_tc=36.3072 (was 34.2935)
t=79817ms iter=360 incumb=34.2935 ratchet=34.6521 best=34.2935 since_improve=360
t=79831ms iter=361 WAIST cost=33.0000 best_alt=22.0000 gap=11.0000 tried=5 sep_labels=22 clique_frac=0.00
t=79971ms iter=361 REBUILD reject new_tc=36.6189 (was 34.2935)
t=80036ms iter=361 incumb=34.2935 ratchet=35.5263 best=34.2935 since_improve=361
t=80050ms iter=362 WAIST cost=33.0000 best_alt=22.0000 gap=11.0000 tried=5 sep_labels=22 clique_frac=0.00
t=80188ms iter=362 REBUILD reject new_tc=36.2553 (was 34.2935)
t=80253ms iter=362 incumb=34.2935 ratchet=34.8289 best=34.2935 since_improve=362
t=80268ms iter=363 WAIST cost=33.0000 best_alt=22.0000 gap=11.0000 tried=5 sep_labels=22 clique_frac=0.00
t=80408ms iter=363 REBUILD reject new_tc=36.4512 (was 34.2935)
t=80473ms iter=363 incumb=34.2935 ratchet=35.0029 best=34.2935 since_improve=363
t=80489ms iter=364 WAIST cost=33.0000 best_alt=22.0000 gap=11.0000 tried=5 sep_labels=22 clique_frac=0.00
t=80629ms iter=364 REBUILD reject new_tc=36.2542 (was 34.2935)
t=80693ms iter=364 incumb=34.2935 ratchet=35.0565 best=34.2935 since_improve=364
t=80710ms iter=365 WAIST cost=33.0000 best_alt=22.0000 gap=11.0000 tried=5 sep_labels=22 clique_frac=0.00
t=80849ms iter=365 REBUILD reject new_tc=36.2473 (was 34.2935)
t=80915ms iter=365 incumb=34.2935 ratchet=34.6674 best=34.2935 since_improve=365
t=80929ms iter=366 WAIST cost=33.0000 best_alt=22.0000 gap=11.0000 tried=5 sep_labels=22 clique_frac=0.00
t=81067ms iter=366 REBUILD reject new_tc=36.4804 (was 34.2935)
t=81132ms iter=366 incumb=34.2935 ratchet=34.7897 best=34.2935 since_improve=366
t=81148ms iter=367 WAIST cost=33.0000 best_alt=22.0000 gap=11.0000 tried=5 sep_labels=22 clique_frac=0.00
t=81286ms iter=367 REBUILD reject new_tc=36.4353 (was 34.2935)
t=81350ms iter=367 incumb=34.2935 ratchet=34.9703 best=34.2935 since_improve=367
t=81364ms iter=368 WAIST cost=33.0000 best_alt=22.0000 gap=11.0000 tried=5 sep_labels=22 clique_frac=0.00
t=81501ms iter=368 REBUILD reject new_tc=36.5626 (was 34.2935)
t=81567ms iter=368 incumb=34.2935 ratchet=34.6572 best=34.2935 since_improve=368
t=81582ms iter=369 WAIST cost=33.0000 best_alt=22.0000 gap=11.0000 tried=5 sep_labels=22 clique_frac=0.00
t=81721ms iter=369 REBUILD reject new_tc=36.3984 (was 34.2935)
t=81788ms iter=369 incumb=34.2935 ratchet=36.4731 best=34.2935 since_improve=369
t=81803ms iter=370 WAIST cost=33.0000 best_alt=22.0000 gap=11.0000 tried=5 sep_labels=22 clique_frac=0.00
t=81942ms iter=370 REBUILD reject new_tc=36.3877 (was 34.2935)
t=82008ms iter=370 incumb=34.2935 ratchet=35.5553 best=34.2935 since_improve=370
t=82022ms iter=371 WAIST cost=33.0000 best_alt=22.0000 gap=11.0000 tried=5 sep_labels=22 clique_frac=0.00
t=82162ms iter=371 REBUILD reject new_tc=36.5703 (was 34.2935)
t=82226ms iter=371 incumb=34.2935 ratchet=34.5810 best=34.2935 since_improve=371
t=82240ms iter=372 WAIST cost=33.0000 best_alt=22.0000 gap=11.0000 tried=5 sep_labels=22 clique_frac=0.00
t=82379ms iter=372 REBUILD reject new_tc=36.4816 (was 34.2935)
t=82444ms iter=372 incumb=34.2935 ratchet=34.9251 best=34.2935 since_improve=372
t=82459ms iter=373 WAIST cost=33.0000 best_alt=22.0000 gap=11.0000 tried=5 sep_labels=22 clique_frac=0.00
t=82599ms iter=373 REBUILD reject new_tc=35.3907 (was 34.2935)
t=82664ms iter=373 incumb=34.2935 ratchet=34.7178 best=34.2935 since_improve=373
t=82680ms iter=374 WAIST cost=33.0000 best_alt=22.0000 gap=11.0000 tried=5 sep_labels=22 clique_frac=0.00
t=82820ms iter=374 REBUILD reject new_tc=36.7376 (was 34.2935)
t=82884ms iter=374 incumb=34.2935 ratchet=34.6917 best=34.2935 since_improve=374
t=82901ms iter=375 WAIST cost=33.0000 best_alt=22.0000 gap=11.0000 tried=5 sep_labels=22 clique_frac=0.00
t=83040ms iter=375 REBUILD reject new_tc=36.4498 (was 34.2935)
t=83105ms iter=375 incumb=34.2935 ratchet=34.9006 best=34.2935 since_improve=375
t=83120ms iter=376 WAIST cost=33.0000 best_alt=22.0000 gap=11.0000 tried=5 sep_labels=22 clique_frac=0.00
t=83258ms iter=376 REBUILD reject new_tc=36.4352 (was 34.2935)
t=83323ms iter=376 incumb=34.2935 ratchet=34.5071 best=34.2935 since_improve=376
t=83337ms iter=377 WAIST cost=33.0000 best_alt=22.0000 gap=11.0000 tried=5 sep_labels=22 clique_frac=0.00
t=83475ms iter=377 REBUILD reject new_tc=36.5296 (was 34.2935)
t=83540ms iter=377 incumb=34.2935 ratchet=34.6997 best=34.2935 since_improve=377
t=83554ms iter=378 WAIST cost=33.0000 best_alt=22.0000 gap=11.0000 tried=5 sep_labels=22 clique_frac=0.00
t=83691ms iter=378 REBUILD reject new_tc=36.3826 (was 34.2935)
t=83758ms iter=378 incumb=34.2935 ratchet=36.2124 best=34.2935 since_improve=378
t=83773ms iter=379 WAIST cost=33.0000 best_alt=22.0000 gap=11.0000 tried=5 sep_labels=22 clique_frac=0.00
t=83910ms iter=379 REBUILD reject new_tc=35.9128 (was 34.2935)
t=83974ms iter=379 incumb=34.2935 ratchet=34.8873 best=34.2935 since_improve=379
t=83989ms iter=380 WAIST cost=33.0000 best_alt=22.0000 gap=11.0000 tried=5 sep_labels=22 clique_frac=0.00
t=84126ms iter=380 REBUILD reject new_tc=35.8295 (was 34.2935)
t=84190ms iter=380 incumb=34.2935 ratchet=34.6660 best=34.2935 since_improve=380
t=84205ms iter=381 WAIST cost=33.0000 best_alt=22.0000 gap=11.0000 tried=5 sep_labels=22 clique_frac=0.00
t=84345ms iter=381 REBUILD reject new_tc=36.5398 (was 34.2935)
t=84410ms iter=381 incumb=34.2935 ratchet=34.5416 best=34.2935 since_improve=381
t=84423ms iter=382 WAIST cost=33.0000 best_alt=22.0000 gap=11.0000 tried=5 sep_labels=22 clique_frac=0.00
t=84561ms iter=382 REBUILD reject new_tc=35.8879 (was 34.2935)
t=84628ms iter=382 incumb=34.2935 ratchet=37.9812 best=34.2935 since_improve=382
t=84644ms iter=383 WAIST cost=33.0000 best_alt=22.0000 gap=11.0000 tried=5 sep_labels=22 clique_frac=0.00
t=84783ms iter=383 REBUILD reject new_tc=36.6719 (was 34.2935)
t=84847ms iter=383 incumb=34.2935 ratchet=35.2028 best=34.2935 since_improve=383
t=84862ms iter=384 WAIST cost=33.0000 best_alt=22.0000 gap=11.0000 tried=5 sep_labels=22 clique_frac=0.00
t=85002ms iter=384 REBUILD reject new_tc=36.5810 (was 34.2935)
t=85067ms iter=384 incumb=34.2935 ratchet=34.6886 best=34.2935 since_improve=384
t=85083ms iter=385 WAIST cost=33.0000 best_alt=22.0000 gap=11.0000 tried=5 sep_labels=22 clique_frac=0.00
t=85222ms iter=385 REBUILD reject new_tc=36.3706 (was 34.2935)
t=85291ms iter=385 incumb=34.2935 ratchet=45.0120 best=34.2935 since_improve=385
t=85307ms iter=386 WAIST cost=33.0000 best_alt=22.0000 gap=11.0000 tried=5 sep_labels=22 clique_frac=0.00
t=85445ms iter=386 REBUILD reject new_tc=36.4253 (was 34.2935)
t=85510ms iter=386 incumb=34.2935 ratchet=34.5417 best=34.2935 since_improve=386
t=85523ms iter=387 WAIST cost=33.0000 best_alt=22.0000 gap=11.0000 tried=5 sep_labels=22 clique_frac=0.00
t=85661ms iter=387 REBUILD reject new_tc=36.4499 (was 34.2935)
t=85727ms iter=387 incumb=34.2935 ratchet=34.9319 best=34.2935 since_improve=387
t=85742ms iter=388 WAIST cost=33.0000 best_alt=22.0000 gap=11.0000 tried=5 sep_labels=22 clique_frac=0.00
t=85881ms iter=388 REBUILD reject new_tc=36.6515 (was 34.2935)
t=85946ms iter=388 incumb=34.2935 ratchet=34.8402 best=34.2935 since_improve=388
t=85962ms iter=389 WAIST cost=33.0000 best_alt=22.0000 gap=11.0000 tried=5 sep_labels=22 clique_frac=0.00
t=86101ms iter=389 REBUILD reject new_tc=36.3104 (was 34.2935)
t=86166ms iter=389 incumb=34.2935 ratchet=34.7097 best=34.2935 since_improve=389
t=86179ms iter=390 WAIST cost=33.0000 best_alt=22.0000 gap=11.0000 tried=5 sep_labels=22 clique_frac=0.00
t=86318ms iter=390 REBUILD reject new_tc=36.5074 (was 34.2935)
t=86387ms iter=390 incumb=34.2935 ratchet=43.9971 best=34.2935 since_improve=390
t=86402ms iter=391 WAIST cost=33.0000 best_alt=22.0000 gap=11.0000 tried=5 sep_labels=22 clique_frac=0.00
t=86542ms iter=391 REBUILD reject new_tc=36.4407 (was 34.2935)
t=86606ms iter=391 incumb=34.2935 ratchet=34.4669 best=34.2935 since_improve=391
t=86619ms iter=392 WAIST cost=33.0000 best_alt=22.0000 gap=11.0000 tried=5 sep_labels=22 clique_frac=0.00
t=86758ms iter=392 REBUILD reject new_tc=36.3276 (was 34.2935)
t=86823ms iter=392 incumb=34.2935 ratchet=34.8409 best=34.2935 since_improve=392
t=86837ms iter=393 WAIST cost=33.0000 best_alt=22.0000 gap=11.0000 tried=5 sep_labels=22 clique_frac=0.00
t=86975ms iter=393 REBUILD reject new_tc=36.4928 (was 34.2935)
t=87040ms iter=393 incumb=34.2935 ratchet=34.8143 best=34.2935 since_improve=393
t=87056ms iter=394 WAIST cost=33.0000 best_alt=22.0000 gap=11.0000 tried=5 sep_labels=22 clique_frac=0.00
t=87195ms iter=394 REBUILD reject new_tc=36.4331 (was 34.2935)
t=87259ms iter=394 incumb=34.2935 ratchet=34.7012 best=34.2935 since_improve=394
t=87274ms iter=395 WAIST cost=33.0000 best_alt=22.0000 gap=11.0000 tried=5 sep_labels=22 clique_frac=0.00
t=87413ms iter=395 REBUILD reject new_tc=36.4041 (was 34.2935)
t_final=87420ms tc_reduced=34.2935 tc_full=34.2935 leaves=572
surgery summary: calls=395 cheaper_cuts=395 rebuild_accepts=1 waist_min_hits=0
