probe: instance=sycamore_53_20_0 n_orig=3369 n=381 fusible=0.8869 nlabels=754 t=16ms
seed_greedy tc=87.3231 t=554ms
t=655ms iter=1 WAIST cost=57.0000 best_alt=42.0000 gap=15.0000 tried=5 sep_labels=42 clique_frac=0.02
t=1037ms iter=1 REBUILD ACCEPT new_tc=61.6078 (was 62.1507)
t=12913ms iter=1 incumb=61.6078 ratchet=60.8291 best=60.8291 since_improve=0
t=12925ms iter=2 WAIST cost=57.0000 best_alt=49.0000 gap=8.0000 tried=5 sep_labels=49 clique_frac=0.01
t=13082ms iter=2 REBUILD reject new_tc=60.8993 (was 60.8291)
t=15893ms iter=2 incumb=60.8291 ratchet=60.3470 best=60.3448 since_improve=0
t=15903ms iter=3 WAIST cost=55.0000 best_alt=46.0000 gap=9.0000 tried=5 sep_labels=46 clique_frac=0.01
t=16064ms iter=3 REBUILD reject new_tc=61.3230 (was 60.3470)
t=18630ms iter=3 incumb=60.3470 ratchet=60.0190 best=60.0190 since_improve=0
t=18637ms iter=4 WAIST cost=56.0000 best_alt=51.0000 gap=5.0000 tried=5 sep_labels=51 clique_frac=0.01
t=18793ms iter=4 REBUILD reject new_tc=61.6431 (was 60.0190)
t=18957ms iter=4 incumb=60.0190 ratchet=60.3127 best=60.0190 since_improve=1
t=18965ms iter=5 WAIST cost=56.0000 best_alt=50.0000 gap=6.0000 tried=5 sep_labels=50 clique_frac=0.01
t=19109ms iter=5 REBUILD reject new_tc=74.0002 (was 60.0190)
t=19260ms iter=5 incumb=60.0190 ratchet=60.1424 best=60.0190 since_improve=2
t=19268ms iter=6 WAIST cost=56.0000 best_alt=52.0000 gap=4.0000 tried=5 sep_labels=52 clique_frac=0.01
t=19440ms iter=6 REBUILD reject new_tc=61.1697 (was 60.0190)
t=19801ms iter=6 incumb=60.0190 ratchet=60.1580 best=60.0175 since_improve=3
t=19809ms iter=7 WAIST cost=56.0000 best_alt=52.0000 gap=4.0000 tried=5 sep_labels=52 clique_frac=0.01
t=19980ms iter=7 REBUILD reject new_tc=63.0529 (was 60.0190)
t=20145ms iter=7 incumb=60.0190 ratchet=60.1402 best=60.0175 since_improve=4
t=20153ms iter=8 WAIST cost=56.0000 best_alt=51.0000 gap=5.0000 tried=5 sep_labels=51 clique_frac=0.01
t=20313ms iter=8 REBUILD reject new_tc=61.5151 (was 60.0190)
t=20466ms iter=8 incumb=60.0190 ratchet=60.0479 best=60.0175 since_improve=5
t=20475ms iter=9 WAIST cost=56.0000 best_alt=52.0000 gap=4.0000 tried=5 sep_labels=52 clique_frac=0.01
t=20633ms iter=9 REBUILD reject new_tc=73.0012 (was 60.0190)
t=20789ms iter=9 incumb=60.0190 ratchet=60.0528 best=60.0175 since_improve=6
t=20797ms iter=10 WAIST cost=56.0000 best_alt=52.0000 gap=4.0000 tried=5 sep_labels=52 clique_frac=0.01
t=20961ms iter=10 REBUILD reject new_tc=73.0003 (was 60.0190)
t=21117ms iter=10 incumb=60.0190 ratchet=60.0965 best=60.0175 since_improve=7
t=21125ms iter=11 WAIST cost=56.0000 best_alt=52.0000 gap=4.0000 tried=5 sep_labels=52 clique_frac=0.01
t=21291ms iter=11 REBUILD reject new_tc=67.3238 (was 60.0190)
t=21455ms iter=11 incumb=60.0190 ratchet=60.0817 best=60.0175 since_improve=8
t=21465ms iter=12 WAIST cost=56.0000 best_alt=50.0000 gap=6.0000 tried=5 sep_labels=50 clique_frac=0.01
t=21604ms iter=12 REBUILD reject new_tc=79.0015 (was 60.0190)
t=22309ms iter=12 incumb=60.0190 ratchet=59.9663 best=59.9663 since_improve=0
t=22317ms iter=13 WAIST cost=56.0000 best_alt=50.0000 gap=6.0000 tried=5 sep_labels=50 clique_frac=0.01
t=22466ms iter=13 REBUILD reject new_tc=61.3953 (was 59.9663)
t=22628ms iter=13 incumb=59.9663 ratchet=60.1012 best=59.9663 since_improve=1
t=22638ms iter=14 WAIST cost=56.0000 best_alt=52.0000 gap=4.0000 tried=5 sep_labels=52 clique_frac=0.01
t=22818ms iter=14 REBUILD reject new_tc=61.3356 (was 59.9663)
t=23814ms iter=14 incumb=59.9663 ratchet=59.9108 best=59.9108 since_improve=0
t=23825ms iter=15 WAIST cost=56.0000 best_alt=52.0000 gap=4.0000 tried=5 sep_labels=52 clique_frac=0.01
t=23995ms iter=15 REBUILD reject new_tc=61.3330 (was 59.9108)
t=24154ms iter=15 incumb=59.9108 ratchet=59.9824 best=59.9108 since_improve=1
t=24162ms iter=16 WAIST cost=56.0000 best_alt=52.0000 gap=4.0000 tried=5 sep_labels=52 clique_frac=0.01
t=24326ms iter=16 REBUILD reject new_tc=61.4136 (was 59.9108)
t=24485ms iter=16 incumb=59.9108 ratchet=59.9296 best=59.9108 since_improve=2
t=24492ms iter=17 WAIST cost=56.0000 best_alt=49.0000 gap=7.0000 tried=5 sep_labels=49 clique_frac=0.01
t=24632ms iter=17 REBUILD reject new_tc=79.0000 (was 59.9108)
t=24795ms iter=17 incumb=59.9108 ratchet=60.0735 best=59.9108 since_improve=3
t=24802ms iter=18 WAIST cost=56.0000 best_alt=49.0000 gap=7.0000 tried=5 sep_labels=49 clique_frac=0.01
t=24957ms iter=18 REBUILD reject new_tc=61.6626 (was 59.9108)
t=25120ms iter=18 incumb=59.9108 ratchet=59.9142 best=59.9108 since_improve=4
t=25130ms iter=19 WAIST cost=56.0000 best_alt=51.0000 gap=5.0000 tried=5 sep_labels=51 clique_frac=0.01
t=25286ms iter=19 REBUILD reject new_tc=61.5625 (was 59.9108)
t=25452ms iter=19 incumb=59.9108 ratchet=60.0159 best=59.9108 since_improve=5
t=25460ms iter=20 WAIST cost=56.0000 best_alt=51.0000 gap=5.0000 tried=5 sep_labels=51 clique_frac=0.01
t=25614ms iter=20 REBUILD reject new_tc=69.6583 (was 59.9108)
t=25773ms iter=20 incumb=59.9108 ratchet=60.0046 best=59.9108 since_improve=6
t=25782ms iter=21 WAIST cost=56.0000 best_alt=51.0000 gap=5.0000 tried=5 sep_labels=51 clique_frac=0.01
t=25956ms iter=21 REBUILD reject new_tc=60.6990 (was 59.9108)
t=26115ms iter=21 incumb=59.9108 ratchet=60.0495 best=59.9108 since_improve=7
t=26123ms iter=22 WAIST cost=56.0000 best_alt=51.0000 gap=5.0000 tried=5 sep_labels=51 clique_frac=0.02
t=26277ms iter=22 REBUILD reject new_tc=60.6627 (was 59.9108)
t=26445ms iter=22 incumb=59.9108 ratchet=60.0861 best=59.9108 since_improve=8
t=26453ms iter=23 WAIST cost=56.0000 best_alt=52.0000 gap=4.0000 tried=5 sep_labels=52 clique_frac=0.01
t=26619ms iter=23 REBUILD reject new_tc=65.9742 (was 59.9108)
t=26782ms iter=23 incumb=59.9108 ratchet=59.9781 best=59.9108 since_improve=9
t=26788ms iter=24 WAIST cost=56.0000 best_alt=51.0000 gap=5.0000 tried=5 sep_labels=51 clique_frac=0.01
t=26943ms iter=24 REBUILD reject new_tc=61.4859 (was 59.9108)
t=27109ms iter=24 incumb=59.9108 ratchet=60.1006 best=59.9108 since_improve=10
t=27117ms iter=25 WAIST cost=56.0000 best_alt=50.0000 gap=6.0000 tried=5 sep_labels=50 clique_frac=0.01
t=27267ms iter=25 REBUILD reject new_tc=61.3183 (was 59.9108)
t=27421ms iter=25 incumb=59.9108 ratchet=59.9607 best=59.9108 since_improve=11
t=27429ms iter=26 WAIST cost=56.0000 best_alt=50.0000 gap=6.0000 tried=5 sep_labels=50 clique_frac=0.01
t=27578ms iter=26 REBUILD reject new_tc=61.5032 (was 59.9108)
t=27736ms iter=26 incumb=59.9108 ratchet=60.0096 best=59.9108 since_improve=12
t=27745ms iter=27 WAIST cost=56.0000 best_alt=51.0000 gap=5.0000 tried=5 sep_labels=51 clique_frac=0.01
t=27909ms iter=27 REBUILD reject new_tc=61.2199 (was 59.9108)
t=28069ms iter=27 incumb=59.9108 ratchet=60.0300 best=59.9108 since_improve=13
t=28078ms iter=28 WAIST cost=56.0000 best_alt=51.0000 gap=5.0000 tried=5 sep_labels=51 clique_frac=0.01
t=28235ms iter=28 REBUILD reject new_tc=61.8119 (was 59.9108)
t=28395ms iter=28 incumb=59.9108 ratchet=60.0669 best=59.9108 since_improve=14
t=28402ms iter=29 WAIST cost=56.0000 best_alt=51.0000 gap=5.0000 tried=5 sep_labels=51 clique_frac=0.01
t=28554ms iter=29 REBUILD reject new_tc=61.7176 (was 59.9108)
t=28713ms iter=29 incumb=59.9108 ratchet=60.0615 best=59.9108 since_improve=15
t=28720ms iter=30 WAIST cost=56.0000 best_alt=52.0000 gap=4.0000 tried=5 sep_labels=52 clique_frac=0.01
t=28877ms iter=30 REBUILD reject new_tc=66.8156 (was 59.9108)
t=29428ms iter=30 incumb=59.9108 ratchet=59.8876 best=59.8876 since_improve=0
t=29439ms iter=31 WAIST cost=56.0000 best_alt=51.0000 gap=5.0000 tried=5 sep_labels=51 clique_frac=0.02
t=29579ms iter=31 REBUILD reject new_tc=81.0000 (was 59.8876)
t=29742ms iter=31 incumb=59.8876 ratchet=59.9946 best=59.8876 since_improve=1
t=29750ms iter=32 WAIST cost=56.0000 best_alt=52.0000 gap=4.0000 tried=5 sep_labels=52 clique_frac=0.01
t=29935ms iter=32 REBUILD reject new_tc=61.5406 (was 59.8876)
t=30257ms iter=32 incumb=59.8876 ratchet=59.8961 best=59.8760 since_improve=2
t=30265ms iter=33 WAIST cost=56.0000 best_alt=51.0000 gap=5.0000 tried=5 sep_labels=51 clique_frac=0.01
t=30480ms iter=33 REBUILD reject new_tc=61.5948 (was 59.8876)
t=30638ms iter=33 incumb=59.8876 ratchet=59.9679 best=59.8760 since_improve=3
t=30647ms iter=34 WAIST cost=56.0000 best_alt=51.0000 gap=5.0000 tried=5 sep_labels=51 clique_frac=0.01
t=30799ms iter=34 REBUILD reject new_tc=61.3495 (was 59.8876)
t=30961ms iter=34 incumb=59.8876 ratchet=59.9629 best=59.8760 since_improve=4
t=30968ms iter=35 WAIST cost=56.0000 best_alt=52.0000 gap=4.0000 tried=5 sep_labels=52 clique_frac=0.01
t=31143ms iter=35 REBUILD reject new_tc=60.5542 (was 59.8876)
t=31298ms iter=35 incumb=59.8876 ratchet=60.1239 best=59.8760 since_improve=5
t=31307ms iter=36 WAIST cost=56.0000 best_alt=52.0000 gap=4.0000 tried=5 sep_labels=52 clique_frac=0.01
t=31482ms iter=36 REBUILD reject new_tc=61.2223 (was 59.8876)
t=31638ms iter=36 incumb=59.8876 ratchet=59.9778 best=59.8760 since_improve=6
t=31644ms iter=37 WAIST cost=56.0000 best_alt=52.0000 gap=4.0000 tried=5 sep_labels=52 clique_frac=0.01
t=31813ms iter=37 REBUILD reject new_tc=63.5388 (was 59.8876)
t=31974ms iter=37 incumb=59.8876 ratchet=60.1240 best=59.8760 since_improve=7
t=31982ms iter=38 WAIST cost=56.0000 best_alt=51.0000 gap=5.0000 tried=5 sep_labels=51 clique_frac=0.01
t=32128ms iter=38 REBUILD reject new_tc=67.7550 (was 59.8876)
t=32290ms iter=38 incumb=59.8876 ratchet=59.9325 best=59.8760 since_improve=8
t=32299ms iter=39 WAIST cost=56.0000 best_alt=51.0000 gap=5.0000 tried=5 sep_labels=51 clique_frac=0.01
t=32454ms iter=39 REBUILD reject new_tc=61.3805 (was 59.8876)
t=32612ms iter=39 incumb=59.8876 ratchet=60.0220 best=59.8760 since_improve=9
t=32618ms iter=40 WAIST cost=56.0000 best_alt=51.0000 gap=5.0000 tried=5 sep_labels=51 clique_frac=0.01
t=32773ms iter=40 REBUILD reject new_tc=61.8874 (was 59.8876)
t=32930ms iter=40 incumb=59.8876 ratchet=59.9545 best=59.8760 since_improve=10
t=32938ms iter=41 WAIST cost=56.0000 best_alt=52.0000 gap=4.0000 tried=5 sep_labels=52 clique_frac=0.01
t=33091ms iter=41 REBUILD reject new_tc=82.0000 (was 59.8876)
t=33245ms iter=41 incumb=59.8876 ratchet=60.0683 best=59.8760 since_improve=11
t=33252ms iter=42 WAIST cost=56.0000 best_alt=50.0000 gap=6.0000 tried=5 sep_labels=50 clique_frac=0.01
t=33392ms iter=42 REBUILD reject new_tc=74.0100 (was 59.8876)
t=33552ms iter=42 incumb=59.8876 ratchet=59.9665 best=59.8760 since_improve=12
t=33562ms iter=43 WAIST cost=56.0000 best_alt=51.0000 gap=5.0000 tried=5 sep_labels=51 clique_frac=0.02
t=33711ms iter=43 REBUILD reject new_tc=61.3939 (was 59.8876)
t=33868ms iter=43 incumb=59.8876 ratchet=59.9216 best=59.8760 since_improve=13
t=33878ms iter=44 WAIST cost=56.0000 best_alt=51.0000 gap=5.0000 tried=5 sep_labels=51 clique_frac=0.01
t=34032ms iter=44 REBUILD reject new_tc=63.2627 (was 59.8876)
t=34188ms iter=44 incumb=59.8876 ratchet=59.9248 best=59.8760 since_improve=14
t=34195ms iter=45 WAIST cost=56.0000 best_alt=52.0000 gap=4.0000 tried=5 sep_labels=52 clique_frac=0.01
t=34368ms iter=45 REBUILD reject new_tc=60.4767 (was 59.8876)
t=34523ms iter=45 incumb=59.8876 ratchet=60.0379 best=59.8760 since_improve=15
t=34531ms iter=46 WAIST cost=56.0000 best_alt=50.0000 gap=6.0000 tried=5 sep_labels=50 clique_frac=0.01
t=34686ms iter=46 REBUILD reject new_tc=61.2629 (was 59.8876)
t=34844ms iter=46 incumb=59.8876 ratchet=59.9183 best=59.8760 since_improve=16
t=34853ms iter=47 WAIST cost=56.0000 best_alt=52.0000 gap=4.0000 tried=5 sep_labels=52 clique_frac=0.01
t=35016ms iter=47 REBUILD reject new_tc=60.9676 (was 59.8876)
t=35175ms iter=47 incumb=59.8876 ratchet=59.9849 best=59.8760 since_improve=17
t=35183ms iter=48 WAIST cost=56.0000 best_alt=52.0000 gap=4.0000 tried=5 sep_labels=52 clique_frac=0.01
t=35351ms iter=48 REBUILD reject new_tc=65.9357 (was 59.8876)
t=35507ms iter=48 incumb=59.8876 ratchet=59.9634 best=59.8760 since_improve=18
t=35516ms iter=49 WAIST cost=56.0000 best_alt=49.0000 gap=7.0000 tried=5 sep_labels=49 clique_frac=0.01
t=35669ms iter=49 REBUILD reject new_tc=61.4509 (was 59.8876)
t=35827ms iter=49 incumb=59.8876 ratchet=59.9838 best=59.8760 since_improve=19
t=35834ms iter=50 WAIST cost=56.0000 best_alt=51.0000 gap=5.0000 tried=5 sep_labels=51 clique_frac=0.01
t=35973ms iter=50 REBUILD reject new_tc=74.0002 (was 59.8876)
t=36129ms iter=50 incumb=59.8876 ratchet=59.9955 best=59.8760 since_improve=20
t=36138ms iter=51 WAIST cost=56.0000 best_alt=50.0000 gap=6.0000 tried=5 sep_labels=50 clique_frac=0.01
t=36294ms iter=51 REBUILD reject new_tc=61.0044 (was 59.8876)
t=36448ms iter=51 incumb=59.8876 ratchet=59.9286 best=59.8760 since_improve=21
t=36455ms iter=52 WAIST cost=56.0000 best_alt=51.0000 gap=5.0000 tried=5 sep_labels=51 clique_frac=0.01
t=36602ms iter=52 REBUILD reject new_tc=69.3666 (was 59.8876)
t=36756ms iter=52 incumb=59.8876 ratchet=59.9884 best=59.8760 since_improve=22
t=36765ms iter=53 WAIST cost=56.0000 best_alt=50.0000 gap=6.0000 tried=5 sep_labels=50 clique_frac=0.01
t=36921ms iter=53 REBUILD reject new_tc=61.4795 (was 59.8876)
t=37080ms iter=53 incumb=59.8876 ratchet=60.0071 best=59.8760 since_improve=23
t=37088ms iter=54 WAIST cost=56.0000 best_alt=52.0000 gap=4.0000 tried=5 sep_labels=52 clique_frac=0.01
t=37253ms iter=54 REBUILD reject new_tc=61.0922 (was 59.8876)
t=37411ms iter=54 incumb=59.8876 ratchet=59.9261 best=59.8760 since_improve=24
t=37419ms iter=55 WAIST cost=56.0000 best_alt=52.0000 gap=4.0000 tried=5 sep_labels=52 clique_frac=0.01
t=37587ms iter=55 REBUILD reject new_tc=61.2842 (was 59.8876)
t=38129ms iter=55 incumb=59.8876 ratchet=59.8646 best=59.8646 since_improve=0
t=38139ms iter=56 WAIST cost=56.0000 best_alt=51.0000 gap=5.0000 tried=5 sep_labels=51 clique_frac=0.01
t=38313ms iter=56 REBUILD reject new_tc=61.6813 (was 59.8646)
t=38473ms iter=56 incumb=59.8646 ratchet=60.0762 best=59.8646 since_improve=1
t=38480ms iter=57 WAIST cost=56.0000 best_alt=51.0000 gap=5.0000 tried=5 sep_labels=51 clique_frac=0.01
t=38654ms iter=57 REBUILD reject new_tc=61.0802 (was 59.8646)
t=38817ms iter=57 incumb=59.8646 ratchet=59.9683 best=59.8646 since_improve=2
t=38825ms iter=58 WAIST cost=56.0000 best_alt=51.0000 gap=5.0000 tried=5 sep_labels=51 clique_frac=0.01
t=38998ms iter=58 REBUILD reject new_tc=60.9988 (was 59.8646)
t=39153ms iter=58 incumb=59.8646 ratchet=59.9742 best=59.8646 since_improve=3
t=39162ms iter=59 WAIST cost=56.0000 best_alt=51.0000 gap=5.0000 tried=5 sep_labels=51 clique_frac=0.01
t=39336ms iter=59 REBUILD reject new_tc=60.9643 (was 59.8646)
t=39497ms iter=59 incumb=59.8646 ratchet=59.9441 best=59.8646 since_improve=4
t=39504ms iter=60 WAIST cost=56.0000 best_alt=51.0000 gap=5.0000 tried=5 sep_labels=51 clique_frac=0.01
t=39679ms iter=60 REBUILD reject new_tc=60.8005 (was 59.8646)
t=39840ms iter=60 incumb=59.8646 ratchet=60.0599 best=59.8646 since_improve=5
t=39849ms iter=61 WAIST cost=56.0000 best_alt=51.0000 gap=5.0000 tried=5 sep_labels=51 clique_frac=0.01
t=40021ms iter=61 REBUILD reject new_tc=61.1679 (was 59.8646)
t=40183ms iter=61 incumb=59.8646 ratchet=59.9279 best=59.8646 since_improve=6
t=40191ms iter=62 WAIST cost=56.0000 best_alt=51.0000 gap=5.0000 tried=5 sep_labels=51 clique_frac=0.01
t=40368ms iter=62 REBUILD reject new_tc=60.6395 (was 59.8646)
t=40528ms iter=62 incumb=59.8646 ratchet=60.5775 best=59.8646 since_improve=7
t=40537ms iter=63 WAIST cost=56.0000 best_alt=51.0000 gap=5.0000 tried=5 sep_labels=51 clique_frac=0.01
t=40708ms iter=63 REBUILD reject new_tc=63.9402 (was 59.8646)
t=40868ms iter=63 incumb=59.8646 ratchet=59.9710 best=59.8646 since_improve=8
t=40877ms iter=64 WAIST cost=56.0000 best_alt=51.0000 gap=5.0000 tried=5 sep_labels=51 clique_frac=0.01
t=41043ms iter=64 REBUILD reject new_tc=60.6098 (was 59.8646)
t=41205ms iter=64 incumb=59.8646 ratchet=59.9402 best=59.8646 since_improve=9
t=41212ms iter=65 WAIST cost=56.0000 best_alt=51.0000 gap=5.0000 tried=5 sep_labels=51 clique_frac=0.01
t=41375ms iter=65 REBUILD reject new_tc=69.0047 (was 59.8646)
t=41538ms iter=65 incumb=59.8646 ratchet=59.9963 best=59.8646 since_improve=10
t=41547ms iter=66 WAIST cost=56.0000 best_alt=50.0000 gap=6.0000 tried=5 sep_labels=50 clique_frac=0.01
t=41702ms iter=66 REBUILD reject new_tc=61.0762 (was 59.8646)
t=41863ms iter=66 incumb=59.8646 ratchet=59.9963 best=59.8646 since_improve=11
t=41871ms iter=67 WAIST cost=56.0000 best_alt=51.0000 gap=5.0000 tried=5 sep_labels=51 clique_frac=0.01
t=42046ms iter=67 REBUILD reject new_tc=61.0419 (was 59.8646)
t=42209ms iter=67 incumb=59.8646 ratchet=60.0098 best=59.8646 since_improve=12
t=42216ms iter=68 WAIST cost=56.0000 best_alt=51.0000 gap=5.0000 tried=5 sep_labels=51 clique_frac=0.01
t=42380ms iter=68 REBUILD reject new_tc=65.1872 (was 59.8646)
t=42540ms iter=68 incumb=59.8646 ratchet=59.9395 best=59.8646 since_improve=13
t=42551ms iter=69 WAIST cost=56.0000 best_alt=51.0000 gap=5.0000 tried=5 sep_labels=51 clique_frac=0.01
t=42723ms iter=69 REBUILD reject new_tc=60.6815 (was 59.8646)
t=42887ms iter=69 incumb=59.8646 ratchet=59.9124 best=59.8646 since_improve=14
t=42895ms iter=70 WAIST cost=56.0000 best_alt=51.0000 gap=5.0000 tried=5 sep_labels=51 clique_frac=0.01
t=43065ms iter=70 REBUILD reject new_tc=64.0859 (was 59.8646)
t=43221ms iter=70 incumb=59.8646 ratchet=59.9241 best=59.8646 since_improve=15
t=43228ms iter=71 WAIST cost=56.0000 best_alt=51.0000 gap=5.0000 tried=5 sep_labels=51 clique_frac=0.01
t=43401ms iter=71 REBUILD reject new_tc=63.8706 (was 59.8646)
t=43563ms iter=71 incumb=59.8646 ratchet=59.9057 best=59.8646 since_improve=16
t=43569ms iter=72 WAIST cost=56.0000 best_alt=49.0000 gap=7.0000 tried=5 sep_labels=49 clique_frac=0.01
t=43729ms iter=72 REBUILD reject new_tc=71.0041 (was 59.8646)
t=43890ms iter=72 incumb=59.8646 ratchet=59.8942 best=59.8646 since_improve=17
t=43898ms iter=73 WAIST cost=56.0000 best_alt=51.0000 gap=5.0000 tried=5 sep_labels=51 clique_frac=0.01
t=44065ms iter=73 REBUILD reject new_tc=65.4434 (was 59.8646)
t=44221ms iter=73 incumb=59.8646 ratchet=59.9978 best=59.8646 since_improve=18
t=44230ms iter=74 WAIST cost=56.0000 best_alt=51.0000 gap=5.0000 tried=5 sep_labels=51 clique_frac=0.01
t=44403ms iter=74 REBUILD reject new_tc=60.7733 (was 59.8646)
t=44566ms iter=74 incumb=59.8646 ratchet=59.9363 best=59.8646 since_improve=19
t=44575ms iter=75 WAIST cost=56.0000 best_alt=51.0000 gap=5.0000 tried=5 sep_labels=51 clique_frac=0.01
t=44741ms iter=75 REBUILD reject new_tc=60.7165 (was 59.8646)
t=44909ms iter=75 incumb=59.8646 ratchet=60.3668 best=59.8646 since_improve=20
t=44917ms iter=76 WAIST cost=56.0000 best_alt=51.0000 gap=5.0000 tried=5 sep_labels=51 clique_frac=0.01
t=45090ms iter=76 REBUILD reject new_tc=61.1538 (was 59.8646)
t=45256ms iter=76 incumb=59.8646 ratchet=59.8893 best=59.8646 since_improve=21
t=45265ms iter=77 WAIST cost=56.0000 best_alt=51.0000 gap=5.0000 tried=5 sep_labels=51 clique_frac=0.01
t=45423ms iter=77 REBUILD reject new_tc=75.0002 (was 59.8646)
t=45582ms iter=77 incumb=59.8646 ratchet=59.9706 best=59.8646 since_improve=22
t=45589ms iter=78 WAIST cost=56.0000 best_alt=51.0000 gap=5.0000 tried=5 sep_labels=51 clique_frac=0.01
t=45762ms iter=78 REBUILD reject new_tc=64.1513 (was 59.8646)
t=45921ms iter=78 incumb=59.8646 ratchet=59.9984 best=59.8646 since_improve=23
t=45931ms iter=79 WAIST cost=56.0000 best_alt=51.0000 gap=5.0000 tried=5 sep_labels=51 clique_frac=0.01
t=46108ms iter=79 REBUILD reject new_tc=60.9841 (was 59.8646)
t=46265ms iter=79 incumb=59.8646 ratchet=60.0589 best=59.8646 since_improve=24
t=46276ms iter=80 WAIST cost=56.0000 best_alt=51.0000 gap=5.0000 tried=5 sep_labels=51 clique_frac=0.01
t=46453ms iter=80 REBUILD reject new_tc=60.4676 (was 59.8646)
t=46615ms iter=80 incumb=59.8646 ratchet=60.0032 best=59.8646 since_improve=25
t=46623ms iter=81 WAIST cost=56.0000 best_alt=51.0000 gap=5.0000 tried=5 sep_labels=51 clique_frac=0.01
t=46798ms iter=81 REBUILD reject new_tc=60.6685 (was 59.8646)
t=46960ms iter=81 incumb=59.8646 ratchet=59.9438 best=59.8646 since_improve=26
t=46966ms iter=82 WAIST cost=56.0000 best_alt=51.0000 gap=5.0000 tried=5 sep_labels=51 clique_frac=0.01
t=47134ms iter=82 REBUILD reject new_tc=65.1807 (was 59.8646)
t=47288ms iter=82 incumb=59.8646 ratchet=59.9385 best=59.8646 since_improve=27
t=47296ms iter=83 WAIST cost=56.0000 best_alt=51.0000 gap=5.0000 tried=5 sep_labels=51 clique_frac=0.01
t=47472ms iter=83 REBUILD reject new_tc=64.1004 (was 59.8646)
t=47627ms iter=83 incumb=59.8646 ratchet=60.3888 best=59.8646 since_improve=28
t=47636ms iter=84 WAIST cost=56.0000 best_alt=51.0000 gap=5.0000 tried=5 sep_labels=51 clique_frac=0.01
t=47815ms iter=84 REBUILD reject new_tc=60.6705 (was 59.8646)
t=47975ms iter=84 incumb=59.8646 ratchet=59.9454 best=59.8646 since_improve=29
t=47985ms iter=85 WAIST cost=56.0000 best_alt=51.0000 gap=5.0000 tried=5 sep_labels=51 clique_frac=0.01
t=48159ms iter=85 REBUILD reject new_tc=60.6867 (was 59.8646)
t=48322ms iter=85 incumb=59.8646 ratchet=59.9440 best=59.8646 since_improve=30
t=48332ms iter=86 WAIST cost=56.0000 best_alt=51.0000 gap=5.0000 tried=5 sep_labels=51 clique_frac=0.01
t=48506ms iter=86 REBUILD reject new_tc=65.3034 (was 59.8646)
t=48665ms iter=86 incumb=59.8646 ratchet=60.0026 best=59.8646 since_improve=31
t=48673ms iter=87 WAIST cost=56.0000 best_alt=51.0000 gap=5.0000 tried=5 sep_labels=51 clique_frac=0.01
t=48850ms iter=87 REBUILD reject new_tc=60.9403 (was 59.8646)
t=49010ms iter=87 incumb=59.8646 ratchet=60.0613 best=59.8646 since_improve=32
t=49018ms iter=88 WAIST cost=56.0000 best_alt=51.0000 gap=5.0000 tried=5 sep_labels=51 clique_frac=0.01
t=49189ms iter=88 REBUILD reject new_tc=60.5288 (was 59.8646)
t=49349ms iter=88 incumb=59.8646 ratchet=60.0798 best=59.8646 since_improve=33
t=49358ms iter=89 WAIST cost=56.0000 best_alt=51.0000 gap=5.0000 tried=5 sep_labels=51 clique_frac=0.01
t=49527ms iter=89 REBUILD reject new_tc=65.1819 (was 59.8646)
t=49691ms iter=89 incumb=59.8646 ratchet=60.0420 best=59.8646 since_improve=34
t=49699ms iter=90 WAIST cost=56.0000 best_alt=51.0000 gap=5.0000 tried=5 sep_labels=51 clique_frac=0.01
t=49873ms iter=90 REBUILD reject new_tc=60.4099 (was 59.8646)
t=50031ms iter=90 incumb=59.8646 ratchet=60.0158 best=59.8646 since_improve=35
t=50040ms iter=91 WAIST cost=56.0000 best_alt=51.0000 gap=5.0000 tried=5 sep_labels=51 clique_frac=0.01
t=50212ms iter=91 REBUILD reject new_tc=61.4244 (was 59.8646)
t=50371ms iter=91 incumb=59.8646 ratchet=59.9678 best=59.8646 since_improve=36
t=50380ms iter=92 WAIST cost=56.0000 best_alt=51.0000 gap=5.0000 tried=5 sep_labels=51 clique_frac=0.01
t=50551ms iter=92 REBUILD reject new_tc=60.5312 (was 59.8646)
t=50711ms iter=92 incumb=59.8646 ratchet=60.0292 best=59.8646 since_improve=37
t=50719ms iter=93 WAIST cost=56.0000 best_alt=51.0000 gap=5.0000 tried=5 sep_labels=51 clique_frac=0.01
t=50878ms iter=93 REBUILD reject new_tc=76.0000 (was 59.8646)
t=51040ms iter=93 incumb=59.8646 ratchet=59.9021 best=59.8646 since_improve=38
t=51051ms iter=94 WAIST cost=56.0000 best_alt=51.0000 gap=5.0000 tried=5 sep_labels=51 clique_frac=0.01
t=51222ms iter=94 REBUILD reject new_tc=60.6430 (was 59.8646)
t=51383ms iter=94 incumb=59.8646 ratchet=60.4137 best=59.8646 since_improve=39
t=51391ms iter=95 WAIST cost=56.0000 best_alt=51.0000 gap=5.0000 tried=5 sep_labels=51 clique_frac=0.01
t=51565ms iter=95 REBUILD reject new_tc=63.7097 (was 59.8646)
t=51732ms iter=95 incumb=59.8646 ratchet=59.9016 best=59.8646 since_improve=40
t=51744ms iter=96 WAIST cost=56.0000 best_alt=51.0000 gap=5.0000 tried=5 sep_labels=51 clique_frac=0.01
t=51919ms iter=96 REBUILD reject new_tc=60.3818 (was 59.8646)
t=52080ms iter=96 incumb=59.8646 ratchet=60.0612 best=59.8646 since_improve=41
t=52089ms iter=97 WAIST cost=56.0000 best_alt=51.0000 gap=5.0000 tried=5 sep_labels=51 clique_frac=0.01
t=52262ms iter=97 REBUILD reject new_tc=65.2057 (was 59.8646)
t=52427ms iter=97 incumb=59.8646 ratchet=60.0149 best=59.8646 since_improve=42
t=52436ms iter=98 WAIST cost=56.0000 best_alt=51.0000 gap=5.0000 tried=5 sep_labels=51 clique_frac=0.01
t=52611ms iter=98 REBUILD reject new_tc=60.7215 (was 59.8646)
t=52768ms iter=98 incumb=59.8646 ratchet=59.8947 best=59.8646 since_improve=43
t=52776ms iter=99 WAIST cost=56.0000 best_alt=51.0000 gap=5.0000 tried=5 sep_labels=51 clique_frac=0.01
t=52953ms iter=99 REBUILD reject new_tc=61.0463 (was 59.8646)
t=53110ms iter=99 incumb=59.8646 ratchet=59.9014 best=59.8646 since_improve=44
t=53119ms iter=100 WAIST cost=56.0000 best_alt=51.0000 gap=5.0000 tried=5 sep_labels=51 clique_frac=0.01
t=53291ms iter=100 REBUILD reject new_tc=61.8066 (was 59.8646)
t=53450ms iter=100 incumb=59.8646 ratchet=59.8988 best=59.8646 since_improve=45
t=53458ms iter=101 WAIST cost=56.0000 best_alt=51.0000 gap=5.0000 tried=5 sep_labels=51 clique_frac=0.01
t=53635ms iter=101 REBUILD reject new_tc=63.7522 (was 59.8646)
t=53796ms iter=101 incumb=59.8646 ratchet=59.8896 best=59.8646 since_improve=46
t=53805ms iter=102 WAIST cost=56.0000 best_alt=50.0000 gap=6.0000 tried=5 sep_labels=50 clique_frac=0.01
t=53959ms iter=102 REBUILD reject new_tc=61.8552 (was 59.8646)
t=54123ms iter=102 incumb=59.8646 ratchet=59.9655 best=59.8646 since_improve=47
t=54132ms iter=103 WAIST cost=56.0000 best_alt=51.0000 gap=5.0000 tried=5 sep_labels=51 clique_frac=0.01
t=54305ms iter=103 REBUILD reject new_tc=61.5491 (was 59.8646)
t=54472ms iter=103 incumb=59.8646 ratchet=60.0232 best=59.8646 since_improve=48
t=54482ms iter=104 WAIST cost=56.0000 best_alt=51.0000 gap=5.0000 tried=5 sep_labels=51 clique_frac=0.01
t=54653ms iter=104 REBUILD reject new_tc=60.6841 (was 59.8646)
t=54816ms iter=104 incumb=59.8646 ratchet=60.0137 best=59.8646 since_improve=49
t=54824ms iter=105 WAIST cost=56.0000 best_alt=51.0000 gap=5.0000 tried=5 sep_labels=51 clique_frac=0.01
t=54994ms iter=105 REBUILD reject new_tc=70.1666 (was 59.8646)
t=55151ms iter=105 incumb=59.8646 ratchet=59.9825 best=59.8646 since_improve=50
t=55160ms iter=106 WAIST cost=56.0000 best_alt=51.0000 gap=5.0000 tried=5 sep_labels=51 clique_frac=0.01
t=55334ms iter=106 REBUILD reject new_tc=60.8165 (was 59.8646)
t=55494ms iter=106 incumb=59.8646 ratchet=59.8755 best=59.8646 since_improve=51
t=55501ms iter=107 WAIST cost=56.0000 best_alt=51.0000 gap=5.0000 tried=5 sep_labels=51 clique_frac=0.01
t=55676ms iter=107 REBUILD reject new_tc=60.7231 (was 59.8646)
t=55836ms iter=107 incumb=59.8646 ratchet=59.9021 best=59.8646 since_improve=52
t=55844ms iter=108 WAIST cost=56.0000 best_alt=51.0000 gap=5.0000 tried=5 sep_labels=51 clique_frac=0.01
t=56012ms iter=108 REBUILD reject new_tc=65.2767 (was 59.8646)
t=56176ms iter=108 incumb=59.8646 ratchet=59.9480 best=59.8646 since_improve=53
t=56184ms iter=109 WAIST cost=56.0000 best_alt=51.0000 gap=5.0000 tried=5 sep_labels=51 clique_frac=0.01
t=56362ms iter=109 REBUILD reject new_tc=60.7273 (was 59.8646)
t=56527ms iter=109 incumb=59.8646 ratchet=60.0423 best=59.8646 since_improve=54
t=56536ms iter=110 WAIST cost=56.0000 best_alt=51.0000 gap=5.0000 tried=5 sep_labels=51 clique_frac=0.01
t=56712ms iter=110 REBUILD reject new_tc=60.1837 (was 59.8646)
t=56873ms iter=110 incumb=59.8646 ratchet=59.9604 best=59.8646 since_improve=55
t=56883ms iter=111 WAIST cost=56.0000 best_alt=51.0000 gap=5.0000 tried=5 sep_labels=51 clique_frac=0.01
t=57047ms iter=111 REBUILD reject new_tc=60.8018 (was 59.8646)
t=57207ms iter=111 incumb=59.8646 ratchet=59.9489 best=59.8646 since_improve=56
t=57219ms iter=112 WAIST cost=56.0000 best_alt=51.0000 gap=5.0000 tried=5 sep_labels=51 clique_frac=0.01
t=57390ms iter=112 REBUILD reject new_tc=64.0147 (was 59.8646)
t=57554ms iter=112 incumb=59.8646 ratchet=59.9524 best=59.8646 since_improve=57
t=57561ms iter=113 WAIST cost=56.0000 best_alt=51.0000 gap=5.0000 tried=5 sep_labels=51 clique_frac=0.01
t=57732ms iter=113 REBUILD reject new_tc=64.0135 (was 59.8646)
t=57891ms iter=113 incumb=59.8646 ratchet=59.9072 best=59.8646 since_improve=58
t=57899ms iter=114 WAIST cost=56.0000 best_alt=51.0000 gap=5.0000 tried=5 sep_labels=51 clique_frac=0.01
t=58073ms iter=114 REBUILD reject new_tc=64.3250 (was 59.8646)
t=58202ms iter=114 incumb=59.8646 ratchet=60.1112 best=59.8646 since_improve=59
t_final=58411ms tc_reduced=59.8646 tc_full=61.1391 leaves=3369
surgery summary: calls=114 cheaper_cuts=114 rebuild_accepts=1 waist_min_hits=0
