probe: instance=uai_relational_3 n_orig=3000 n=1000 fusible=0.6667 nlabels=1000 t=25ms
seed_greedy tc=16.7930 t=508ms
t=606ms iter=1 WAIST cost=8.0000 best_alt=7.0000 gap=1.0000 tried=5 sep_labels=7 clique_frac=0.90
t=955ms iter=1 REBUILD ACCEPT new_tc=16.6402 (was 16.6494)
t=1065ms iter=1 incumb=16.6402 ratchet=16.6485 best=16.6402 since_improve=1
t=1067ms iter=2 WAIST cost=8.0000 best_alt=7.0000 gap=1.0000 tried=5 sep_labels=7 clique_frac=0.90
t=1362ms iter=2 REBUILD reject new_tc=16.6411 (was 16.6402)
t=1474ms iter=2 incumb=16.6402 ratchet=16.6481 best=16.6402 since_improve=2
t=1476ms iter=3 WAIST cost=8.0000 best_alt=7.0000 gap=1.0000 tried=5 sep_labels=7 clique_frac=0.90
t=1780ms iter=3 REBUILD reject new_tc=16.6488 (was 16.6402)
t=1896ms iter=3 incumb=16.6402 ratchet=16.6405 best=16.6402 since_improve=3
t=1897ms iter=4 WAIST cost=8.0000 best_alt=7.0000 gap=1.0000 tried=5 sep_labels=7 clique_frac=0.90
t=2191ms iter=4 REBUILD reject new_tc=16.6479 (was 16.6402)
t=2305ms iter=4 incumb=16.6402 ratchet=16.6452 best=16.6402 since_improve=4
t=2307ms iter=5 WAIST cost=8.0000 best_alt=7.0000 gap=1.0000 tried=5 sep_labels=7 clique_frac=0.90
t=2640ms iter=5 REBUILD reject new_tc=16.6485 (was 16.6402)
t=2811ms iter=5 incumb=16.6402 ratchet=16.6390 best=16.6390 since_improve=0
t=2813ms iter=6 WAIST cost=8.0000 best_alt=6.0000 gap=2.0000 tried=5 sep_labels=6 clique_frac=1.00
t=3161ms iter=6 REBUILD reject new_tc=16.6445 (was 16.6390)
t=3268ms iter=6 incumb=16.6390 ratchet=16.6418 best=16.6390 since_improve=1
t=3270ms iter=7 WAIST cost=8.0000 best_alt=6.0000 gap=2.0000 tried=5 sep_labels=6 clique_frac=1.00
t=3557ms iter=7 REBUILD reject new_tc=16.6461 (was 16.6390)
t=3675ms iter=7 incumb=16.6390 ratchet=16.6407 best=16.6390 since_improve=2
t=3677ms iter=8 WAIST cost=8.0000 best_alt=5.0000 gap=3.0000 tried=5 sep_labels=5 clique_frac=0.90
t=3990ms iter=8 REBUILD reject new_tc=16.6470 (was 16.6390)
t=4101ms iter=8 incumb=16.6390 ratchet=16.6443 best=16.6390 since_improve=3
t=4103ms iter=9 WAIST cost=8.0000 best_alt=5.0000 gap=3.0000 tried=5 sep_labels=5 clique_frac=1.00
t=4405ms iter=9 REBUILD reject new_tc=16.6415 (was 16.6390)
t=4577ms iter=9 incumb=16.6390 ratchet=16.6413 best=16.6370 since_improve=4
t=4579ms iter=10 WAIST cost=8.0000 best_alt=6.0000 gap=2.0000 tried=5 sep_labels=6 clique_frac=1.00
t=4864ms iter=10 REBUILD reject new_tc=16.6411 (was 16.6390)
t=4974ms iter=10 incumb=16.6390 ratchet=16.6443 best=16.6370 since_improve=5
t=4976ms iter=11 WAIST cost=8.0000 best_alt=6.0000 gap=2.0000 tried=5 sep_labels=6 clique_frac=1.00
t=5293ms iter=11 REBUILD reject new_tc=16.6458 (was 16.6390)
t=5409ms iter=11 incumb=16.6390 ratchet=16.6420 best=16.6370 since_improve=6
t=5411ms iter=12 WAIST cost=8.0000 best_alt=6.0000 gap=2.0000 tried=5 sep_labels=6 clique_frac=1.00
t=5700ms iter=12 REBUILD reject new_tc=16.6418 (was 16.6390)
t=5821ms iter=12 incumb=16.6390 ratchet=16.6449 best=16.6370 since_improve=7
t=5823ms iter=13 WAIST cost=8.0000 best_alt=5.0000 gap=3.0000 tried=5 sep_labels=5 clique_frac=1.00
t=6148ms iter=13 REBUILD reject new_tc=16.6467 (was 16.6390)
t=6259ms iter=13 incumb=16.6390 ratchet=16.6474 best=16.6370 since_improve=8
t=6261ms iter=14 WAIST cost=8.0000 best_alt=5.0000 gap=3.0000 tried=5 sep_labels=5 clique_frac=0.90
t=6589ms iter=14 REBUILD reject new_tc=16.6429 (was 16.6390)
t=6706ms iter=14 incumb=16.6390 ratchet=16.6480 best=16.6370 since_improve=9
t=6708ms iter=15 WAIST cost=8.0000 best_alt=5.0000 gap=3.0000 tried=5 sep_labels=5 clique_frac=1.00
t=7009ms iter=15 REBUILD reject new_tc=16.6454 (was 16.6390)
t=7124ms iter=15 incumb=16.6390 ratchet=16.6406 best=16.6370 since_improve=10
t=7126ms iter=16 WAIST cost=8.0000 best_alt=5.0000 gap=3.0000 tried=5 sep_labels=5 clique_frac=0.90
t=7452ms iter=16 REBUILD reject new_tc=16.6406 (was 16.6390)
t=7573ms iter=16 incumb=16.6390 ratchet=16.6402 best=16.6370 since_improve=11
t=7574ms iter=17 WAIST cost=8.0000 best_alt=6.0000 gap=2.0000 tried=5 sep_labels=6 clique_frac=1.00
t=7924ms iter=17 REBUILD reject new_tc=16.6416 (was 16.6390)
t=8041ms iter=17 incumb=16.6390 ratchet=16.6389 best=16.6370 since_improve=0
t=8043ms iter=18 WAIST cost=8.0000 best_alt=7.0000 gap=1.0000 tried=5 sep_labels=7 clique_frac=0.95
t=8339ms iter=18 REBUILD reject new_tc=16.6404 (was 16.6389)
t=8455ms iter=18 incumb=16.6389 ratchet=16.6440 best=16.6370 since_improve=1
t=8457ms iter=19 WAIST cost=8.0000 best_alt=7.0000 gap=1.0000 tried=5 sep_labels=7 clique_frac=0.95
t=8759ms iter=19 REBUILD reject new_tc=16.6456 (was 16.6389)
t=8872ms iter=19 incumb=16.6389 ratchet=16.6481 best=16.6370 since_improve=2
t=8874ms iter=20 WAIST cost=8.0000 best_alt=7.0000 gap=1.0000 tried=5 sep_labels=7 clique_frac=0.95
t=9166ms iter=20 REBUILD reject new_tc=16.6418 (was 16.6389)
t=9279ms iter=20 incumb=16.6389 ratchet=16.6488 best=16.6370 since_improve=3
t=9281ms iter=21 WAIST cost=8.0000 best_alt=7.0000 gap=1.0000 tried=5 sep_labels=7 clique_frac=0.95
t=9651ms iter=21 REBUILD reject new_tc=16.6474 (was 16.6389)
t=9764ms iter=21 incumb=16.6389 ratchet=16.6511 best=16.6370 since_improve=4
t=9766ms iter=22 WAIST cost=8.0000 best_alt=7.0000 gap=1.0000 tried=5 sep_labels=7 clique_frac=0.95
t=10098ms iter=22 REBUILD reject new_tc=16.6450 (was 16.6389)
t=10209ms iter=22 incumb=16.6389 ratchet=16.6499 best=16.6370 since_improve=5
t=10211ms iter=23 WAIST cost=8.0000 best_alt=7.0000 gap=1.0000 tried=5 sep_labels=7 clique_frac=0.95
t=10572ms iter=23 REBUILD reject new_tc=16.6477 (was 16.6389)
t=10686ms iter=23 incumb=16.6389 ratchet=16.6400 best=16.6370 since_improve=6
t=10688ms iter=24 WAIST cost=8.0000 best_alt=7.0000 gap=1.0000 tried=5 sep_labels=7 clique_frac=0.95
t=10978ms iter=24 REBUILD reject new_tc=16.6441 (was 16.6389)
t=11093ms iter=24 incumb=16.6389 ratchet=16.6396 best=16.6370 since_improve=7
t=11095ms iter=25 WAIST cost=8.0000 best_alt=7.0000 gap=1.0000 tried=5 sep_labels=7 clique_frac=0.95
t=11439ms iter=25 REBUILD reject new_tc=16.6535 (was 16.6389)
t=11554ms iter=25 incumb=16.6389 ratchet=16.6396 best=16.6370 since_improve=8
t=11556ms iter=26 WAIST cost=8.0000 best_alt=7.0000 gap=1.0000 tried=5 sep_labels=7 clique_frac=0.95
t=11838ms iter=26 REBUILD reject new_tc=16.6436 (was 16.6389)
t=11951ms iter=26 incumb=16.6389 ratchet=16.6433 best=16.6370 since_improve=9
t=11953ms iter=27 WAIST cost=8.0000 best_alt=7.0000 gap=1.0000 tried=5 sep_labels=7 clique_frac=0.95
t=12259ms iter=27 REBUILD reject new_tc=16.6463 (was 16.6389)
t=12371ms iter=27 incumb=16.6389 ratchet=16.6420 best=16.6370 since_improve=10
t=12373ms iter=28 WAIST cost=8.0000 best_alt=7.0000 gap=1.0000 tried=5 sep_labels=7 clique_frac=0.95
t=12705ms iter=28 REBUILD reject new_tc=16.6478 (was 16.6389)
t=12817ms iter=28 incumb=16.6389 ratchet=16.6511 best=16.6370 since_improve=11
t=12819ms iter=29 WAIST cost=8.0000 best_alt=7.0000 gap=1.0000 tried=5 sep_labels=7 clique_frac=0.95
t=13123ms iter=29 REBUILD reject new_tc=16.6479 (was 16.6389)
t=13234ms iter=29 incumb=16.6389 ratchet=16.6411 best=16.6370 since_improve=12
t=13236ms iter=30 WAIST cost=8.0000 best_alt=7.0000 gap=1.0000 tried=5 sep_labels=7 clique_frac=0.95
t=13566ms iter=30 REBUILD reject new_tc=16.6499 (was 16.6389)
t=13681ms iter=30 incumb=16.6389 ratchet=16.6495 best=16.6370 since_improve=13
t=13683ms iter=31 WAIST cost=8.0000 best_alt=7.0000 gap=1.0000 tried=5 sep_labels=7 clique_frac=0.95
t=14057ms iter=31 REBUILD reject new_tc=16.6475 (was 16.6389)
t=14168ms iter=31 incumb=16.6389 ratchet=16.6396 best=16.6370 since_improve=14
t=14170ms iter=32 WAIST cost=8.0000 best_alt=7.0000 gap=1.0000 tried=5 sep_labels=7 clique_frac=0.95
t=14479ms iter=32 REBUILD reject new_tc=16.6474 (was 16.6389)
t=14588ms iter=32 incumb=16.6389 ratchet=16.6421 best=16.6370 since_improve=15
t=14590ms iter=33 WAIST cost=8.0000 best_alt=7.0000 gap=1.0000 tried=5 sep_labels=7 clique_frac=0.95
t=14871ms iter=33 REBUILD reject new_tc=16.6492 (was 16.6389)
t=14978ms iter=33 incumb=16.6389 ratchet=16.6412 best=16.6370 since_improve=16
t=14980ms iter=34 WAIST cost=8.0000 best_alt=7.0000 gap=1.0000 tried=5 sep_labels=7 clique_frac=0.95
t=15267ms iter=34 REBUILD reject new_tc=16.6481 (was 16.6389)
t=15378ms iter=34 incumb=16.6389 ratchet=16.6459 best=16.6370 since_improve=17
t=15380ms iter=35 WAIST cost=8.0000 best_alt=7.0000 gap=1.0000 tried=5 sep_labels=7 clique_frac=0.95
t=15680ms iter=35 REBUILD reject new_tc=16.6424 (was 16.6389)
t=15792ms iter=35 incumb=16.6389 ratchet=16.6454 best=16.6370 since_improve=18
t=15794ms iter=36 WAIST cost=8.0000 best_alt=7.0000 gap=1.0000 tried=5 sep_labels=7 clique_frac=0.95
t=16106ms iter=36 REBUILD reject new_tc=16.6391 (was 16.6389)
t=16219ms iter=36 incumb=16.6389 ratchet=16.6474 best=16.6370 since_improve=19
t=16222ms iter=37 WAIST cost=8.0000 best_alt=7.0000 gap=1.0000 tried=5 sep_labels=7 clique_frac=0.95
t=16534ms iter=37 REBUILD reject new_tc=16.6467 (was 16.6389)
t=16647ms iter=37 incumb=16.6389 ratchet=16.6404 best=16.6370 since_improve=20
t=16649ms iter=38 WAIST cost=8.0000 best_alt=7.0000 gap=1.0000 tried=5 sep_labels=7 clique_frac=0.95
t=16948ms iter=38 REBUILD reject new_tc=16.6490 (was 16.6389)
t=17060ms iter=38 incumb=16.6389 ratchet=16.6416 best=16.6370 since_improve=21
t=17062ms iter=39 WAIST cost=8.0000 best_alt=7.0000 gap=1.0000 tried=5 sep_labels=7 clique_frac=0.95
t=17356ms iter=39 REBUILD reject new_tc=16.6423 (was 16.6389)
t=17472ms iter=39 incumb=16.6389 ratchet=16.6372 best=16.6370 since_improve=0
t=17474ms iter=40 WAIST cost=8.0000 best_alt=7.0000 gap=1.0000 tried=5 sep_labels=7 clique_frac=0.95
t=17789ms iter=40 REBUILD reject new_tc=16.6459 (was 16.6372)
t=17901ms iter=40 incumb=16.6372 ratchet=16.6456 best=16.6370 since_improve=1
t=17903ms iter=41 WAIST cost=8.0000 best_alt=7.0000 gap=1.0000 tried=5 sep_labels=7 clique_frac=0.95
t=18219ms iter=41 REBUILD reject new_tc=16.6435 (was 16.6372)
t=18332ms iter=41 incumb=16.6372 ratchet=16.6427 best=16.6370 since_improve=2
t=18334ms iter=42 WAIST cost=8.0000 best_alt=7.0000 gap=1.0000 tried=5 sep_labels=7 clique_frac=0.95
t=18662ms iter=42 REBUILD reject new_tc=16.6431 (was 16.6372)
t=18777ms iter=42 incumb=16.6372 ratchet=16.6562 best=16.6370 since_improve=3
t=18779ms iter=43 WAIST cost=8.0000 best_alt=6.0000 gap=2.0000 tried=5 sep_labels=6 clique_frac=0.93
t=19081ms iter=43 REBUILD reject new_tc=16.6417 (was 16.6372)
t=19195ms iter=43 incumb=16.6372 ratchet=16.6407 best=16.6370 since_improve=4
t=19197ms iter=44 WAIST cost=8.0000 best_alt=7.0000 gap=1.0000 tried=5 sep_labels=7 clique_frac=0.95
t=19483ms iter=44 REBUILD reject new_tc=16.6418 (was 16.6372)
t=19596ms iter=44 incumb=16.6372 ratchet=16.6441 best=16.6370 since_improve=5
t=19598ms iter=45 WAIST cost=8.0000 best_alt=6.0000 gap=2.0000 tried=5 sep_labels=6 clique_frac=0.93
t=19883ms iter=45 REBUILD reject new_tc=16.6436 (was 16.6372)
t=19998ms iter=45 incumb=16.6372 ratchet=16.6458 best=16.6370 since_improve=6
t=20000ms iter=46 WAIST cost=8.0000 best_alt=7.0000 gap=1.0000 tried=5 sep_labels=7 clique_frac=0.95
t=20307ms iter=46 REBUILD reject new_tc=16.6396 (was 16.6372)
t=20418ms iter=46 incumb=16.6372 ratchet=16.6512 best=16.6370 since_improve=7
t=20420ms iter=47 WAIST cost=8.0000 best_alt=7.0000 gap=1.0000 tried=5 sep_labels=7 clique_frac=0.95
t=20722ms iter=47 REBUILD reject new_tc=16.6468 (was 16.6372)
t=20833ms iter=47 incumb=16.6372 ratchet=16.6404 best=16.6370 since_improve=8
t=20835ms iter=48 WAIST cost=8.0000 best_alt=7.0000 gap=1.0000 tried=5 sep_labels=7 clique_frac=0.95
t=21114ms iter=48 REBUILD reject new_tc=16.6440 (was 16.6372)
t=21222ms iter=48 incumb=16.6372 ratchet=16.6459 best=16.6370 since_improve=9
t=21224ms iter=49 WAIST cost=8.0000 best_alt=7.0000 gap=1.0000 tried=5 sep_labels=7 clique_frac=0.95
t=21537ms iter=49 REBUILD reject new_tc=16.6494 (was 16.6372)
t=21653ms iter=49 incumb=16.6372 ratchet=16.6440 best=16.6370 since_improve=10
t=21655ms iter=50 WAIST cost=8.0000 best_alt=7.0000 gap=1.0000 tried=5 sep_labels=7 clique_frac=0.95
t=21968ms iter=50 REBUILD reject new_tc=16.6427 (was 16.6372)
t=22085ms iter=50 incumb=16.6372 ratchet=16.6381 best=16.6370 since_improve=11
t=22087ms iter=51 WAIST cost=8.0000 best_alt=7.0000 gap=1.0000 tried=5 sep_labels=7 clique_frac=0.95
t=22406ms iter=51 REBUILD reject new_tc=16.6492 (was 16.6372)
t=22518ms iter=51 incumb=16.6372 ratchet=16.6436 best=16.6370 since_improve=12
t=22520ms iter=52 WAIST cost=8.0000 best_alt=7.0000 gap=1.0000 tried=5 sep_labels=7 clique_frac=0.95
t=22825ms iter=52 REBUILD reject new_tc=16.6477 (was 16.6372)
t=22939ms iter=52 incumb=16.6372 ratchet=16.6497 best=16.6370 since_improve=13
t=22941ms iter=53 WAIST cost=8.0000 best_alt=7.0000 gap=1.0000 tried=5 sep_labels=7 clique_frac=0.95
t=23229ms iter=53 REBUILD reject new_tc=16.6456 (was 16.6372)
t=23348ms iter=53 incumb=16.6372 ratchet=16.6476 best=16.6370 since_improve=14
t=23349ms iter=54 WAIST cost=8.0000 best_alt=7.0000 gap=1.0000 tried=5 sep_labels=7 clique_frac=0.95
t=23637ms iter=54 REBUILD reject new_tc=16.6470 (was 16.6372)
t=23748ms iter=54 incumb=16.6372 ratchet=16.6463 best=16.6370 since_improve=15
t=23750ms iter=55 WAIST cost=8.0000 best_alt=7.0000 gap=1.0000 tried=5 sep_labels=7 clique_frac=0.95
t=24069ms iter=55 REBUILD reject new_tc=16.6384 (was 16.6372)
t=24186ms iter=55 incumb=16.6372 ratchet=16.6444 best=16.6370 since_improve=16
t=24188ms iter=56 WAIST cost=8.0000 best_alt=7.0000 gap=1.0000 tried=5 sep_labels=7 clique_frac=0.95
t=24510ms iter=56 REBUILD reject new_tc=16.6465 (was 16.6372)
t=24622ms iter=56 incumb=16.6372 ratchet=16.6492 best=16.6370 since_improve=17
t=24624ms iter=57 WAIST cost=8.0000 best_alt=7.0000 gap=1.0000 tried=5 sep_labels=7 clique_frac=0.95
t=24977ms iter=57 REBUILD reject new_tc=16.6533 (was 16.6372)
t=25090ms iter=57 incumb=16.6372 ratchet=16.6441 best=16.6370 since_improve=18
t=25092ms iter=58 WAIST cost=8.0000 best_alt=7.0000 gap=1.0000 tried=5 sep_labels=7 clique_frac=0.95
t=25382ms iter=58 REBUILD reject new_tc=16.6454 (was 16.6372)
t=25497ms iter=58 incumb=16.6372 ratchet=16.6386 best=16.6370 since_improve=19
t=25499ms iter=59 WAIST cost=8.0000 best_alt=7.0000 gap=1.0000 tried=5 sep_labels=7 clique_frac=0.95
t=25793ms iter=59 REBUILD reject new_tc=16.6508 (was 16.6372)
t=25902ms iter=59 incumb=16.6372 ratchet=16.6486 best=16.6370 since_improve=20
t=25904ms iter=60 WAIST cost=8.0000 best_alt=7.0000 gap=1.0000 tried=5 sep_labels=7 clique_frac=0.95
t=26204ms iter=60 REBUILD reject new_tc=16.6458 (was 16.6372)
t=26320ms iter=60 incumb=16.6372 ratchet=16.6451 best=16.6370 since_improve=21
t=26322ms iter=61 WAIST cost=8.0000 best_alt=7.0000 gap=1.0000 tried=5 sep_labels=7 clique_frac=0.95
t=26618ms iter=61 REBUILD reject new_tc=16.6445 (was 16.6372)
t=26734ms iter=61 incumb=16.6372 ratchet=16.6386 best=16.6370 since_improve=22
t=26736ms iter=62 WAIST cost=8.0000 best_alt=7.0000 gap=1.0000 tried=5 sep_labels=7 clique_frac=0.95
t=27067ms iter=62 REBUILD reject new_tc=16.6441 (was 16.6372)
t=27181ms iter=62 incumb=16.6372 ratchet=16.6467 best=16.6370 since_improve=23
t=27183ms iter=63 WAIST cost=8.0000 best_alt=6.0000 gap=2.0000 tried=5 sep_labels=6 clique_frac=0.93
t=27490ms iter=63 REBUILD reject new_tc=16.6483 (was 16.6372)
t=27677ms iter=63 incumb=16.6372 ratchet=16.6366 best=16.6366 since_improve=0
t=27679ms iter=64 WAIST cost=8.0000 best_alt=7.0000 gap=1.0000 tried=5 sep_labels=7 clique_frac=0.90
t=27956ms iter=64 REBUILD reject new_tc=16.6486 (was 16.6366)
t=28071ms iter=64 incumb=16.6366 ratchet=16.6437 best=16.6366 since_improve=1
t=28073ms iter=65 WAIST cost=8.0000 best_alt=7.0000 gap=1.0000 tried=5 sep_labels=7 clique_frac=0.90
t=28358ms iter=65 REBUILD reject new_tc=16.6461 (was 16.6366)
t=28475ms iter=65 incumb=16.6366 ratchet=16.6409 best=16.6366 since_improve=2
t=28477ms iter=66 WAIST cost=8.0000 best_alt=7.0000 gap=1.0000 tried=5 sep_labels=7 clique_frac=0.90
t=28822ms iter=66 REBUILD reject new_tc=16.6415 (was 16.6366)
t=28938ms iter=66 incumb=16.6366 ratchet=16.6398 best=16.6366 since_improve=3
t=28940ms iter=67 WAIST cost=8.0000 best_alt=7.0000 gap=1.0000 tried=5 sep_labels=7 clique_frac=0.90
t=29249ms iter=67 REBUILD reject new_tc=16.6425 (was 16.6366)
t=29361ms iter=67 incumb=16.6366 ratchet=16.6380 best=16.6366 since_improve=4
t=29363ms iter=68 WAIST cost=8.0000 best_alt=7.0000 gap=1.0000 tried=5 sep_labels=7 clique_frac=0.90
t=29696ms iter=68 REBUILD reject new_tc=16.6463 (was 16.6366)
t=29811ms iter=68 incumb=16.6366 ratchet=16.6493 best=16.6366 since_improve=5
t=29813ms iter=69 WAIST cost=8.0000 best_alt=6.0000 gap=2.0000 tried=5 sep_labels=6 clique_frac=0.93
t=30100ms iter=69 REBUILD reject new_tc=16.6429 (was 16.6366)
t=30215ms iter=69 incumb=16.6366 ratchet=16.6447 best=16.6366 since_improve=6
t=30217ms iter=70 WAIST cost=8.0000 best_alt=7.0000 gap=1.0000 tried=5 sep_labels=7 clique_frac=0.90
t=30530ms iter=70 REBUILD reject new_tc=16.6438 (was 16.6366)
t=30646ms iter=70 incumb=16.6366 ratchet=16.6537 best=16.6366 since_improve=7
t=30648ms iter=71 WAIST cost=8.0000 best_alt=7.0000 gap=1.0000 tried=5 sep_labels=7 clique_frac=0.90
t=30937ms iter=71 REBUILD reject new_tc=16.6474 (was 16.6366)
t=31053ms iter=71 incumb=16.6366 ratchet=16.6440 best=16.6366 since_improve=8
t=31055ms iter=72 WAIST cost=8.0000 best_alt=6.0000 gap=2.0000 tried=5 sep_labels=6 clique_frac=0.93
t=31370ms iter=72 REBUILD reject new_tc=16.6431 (was 16.6366)
t=31485ms iter=72 incumb=16.6366 ratchet=16.6415 best=16.6366 since_improve=9
t=31487ms iter=73 WAIST cost=8.0000 best_alt=7.0000 gap=1.0000 tried=5 sep_labels=7 clique_frac=0.90
t=31825ms iter=73 REBUILD reject new_tc=16.6438 (was 16.6366)
t=31940ms iter=73 incumb=16.6366 ratchet=16.6490 best=16.6366 since_improve=10
t=31942ms iter=74 WAIST cost=8.0000 best_alt=7.0000 gap=1.0000 tried=5 sep_labels=7 clique_frac=0.90
t=32236ms iter=74 REBUILD reject new_tc=16.6479 (was 16.6366)
t=32353ms iter=74 incumb=16.6366 ratchet=16.6416 best=16.6366 since_improve=11
t=32355ms iter=75 WAIST cost=8.0000 best_alt=7.0000 gap=1.0000 tried=5 sep_labels=7 clique_frac=0.90
t=32652ms iter=75 REBUILD reject new_tc=16.6463 (was 16.6366)
t=32767ms iter=75 incumb=16.6366 ratchet=16.6456 best=16.6366 since_improve=12
t=32769ms iter=76 WAIST cost=8.0000 best_alt=7.0000 gap=1.0000 tried=5 sep_labels=7 clique_frac=0.90
t=33094ms iter=76 REBUILD reject new_tc=16.6515 (was 16.6366)
t=33213ms iter=76 incumb=16.6366 ratchet=16.6503 best=16.6366 since_improve=13
t=33215ms iter=77 WAIST cost=8.0000 best_alt=7.0000 gap=1.0000 tried=5 sep_labels=7 clique_frac=0.90
t=33505ms iter=77 REBUILD reject new_tc=16.6438 (was 16.6366)
t=33617ms iter=77 incumb=16.6366 ratchet=16.6466 best=16.6366 since_improve=14
t=33619ms iter=78 WAIST cost=8.0000 best_alt=7.0000 gap=1.0000 tried=5 sep_labels=7 clique_frac=0.90
t=33930ms iter=78 REBUILD reject new_tc=16.6449 (was 16.6366)
t=34041ms iter=78 incumb=16.6366 ratchet=16.6382 best=16.6366 since_improve=15
t=34043ms iter=79 WAIST cost=8.0000 best_alt=7.0000 gap=1.0000 tried=5 sep_labels=7 clique_frac=0.90
t=34332ms iter=79 REBUILD reject new_tc=16.6483 (was 16.6366)
t=34451ms iter=79 incumb=16.6366 ratchet=16.6501 best=16.6366 since_improve=16
t=34453ms iter=80 WAIST cost=8.0000 best_alt=7.0000 gap=1.0000 tried=5 sep_labels=7 clique_frac=0.90
t=34750ms iter=80 REBUILD reject new_tc=16.6451 (was 16.6366)
t=34867ms iter=80 incumb=16.6366 ratchet=16.6371 best=16.6366 since_improve=17
t=34869ms iter=81 WAIST cost=8.0000 best_alt=7.0000 gap=1.0000 tried=5 sep_labels=7 clique_frac=0.90
t=35181ms iter=81 REBUILD reject new_tc=16.6467 (was 16.6366)
t=35295ms iter=81 incumb=16.6366 ratchet=16.6447 best=16.6366 since_improve=18
t=35297ms iter=82 WAIST cost=8.0000 best_alt=6.0000 gap=2.0000 tried=5 sep_labels=6 clique_frac=0.93
t=35614ms iter=82 REBUILD reject new_tc=16.6415 (was 16.6366)
t=35732ms iter=82 incumb=16.6366 ratchet=16.6443 best=16.6366 since_improve=19
t=35734ms iter=83 WAIST cost=8.0000 best_alt=7.0000 gap=1.0000 tried=5 sep_labels=7 clique_frac=0.90
t=36043ms iter=83 REBUILD reject new_tc=16.6494 (was 16.6366)
t=36157ms iter=83 incumb=16.6366 ratchet=16.6456 best=16.6366 since_improve=20
t=36159ms iter=84 WAIST cost=8.0000 best_alt=6.0000 gap=2.0000 tried=5 sep_labels=6 clique_frac=0.93
t=36467ms iter=84 REBUILD reject new_tc=16.6420 (was 16.6366)
t=36579ms iter=84 incumb=16.6366 ratchet=16.6457 best=16.6366 since_improve=21
t=36581ms iter=85 WAIST cost=8.0000 best_alt=7.0000 gap=1.0000 tried=5 sep_labels=7 clique_frac=0.90
t=36870ms iter=85 REBUILD reject new_tc=16.6470 (was 16.6366)
t=36983ms iter=85 incumb=16.6366 ratchet=16.6495 best=16.6366 since_improve=22
t=36985ms iter=86 WAIST cost=8.0000 best_alt=7.0000 gap=1.0000 tried=5 sep_labels=7 clique_frac=0.90
t=37298ms iter=86 REBUILD reject new_tc=16.6476 (was 16.6366)
t=37416ms iter=86 incumb=16.6366 ratchet=16.6500 best=16.6366 since_improve=23
t=37418ms iter=87 WAIST cost=8.0000 best_alt=6.0000 gap=2.0000 tried=5 sep_labels=6 clique_frac=0.93
t=37732ms iter=87 REBUILD reject new_tc=16.6499 (was 16.6366)
t=37843ms iter=87 incumb=16.6366 ratchet=16.6422 best=16.6366 since_improve=24
t=37845ms iter=88 WAIST cost=8.0000 best_alt=7.0000 gap=1.0000 tried=5 sep_labels=7 clique_frac=0.90
t=38138ms iter=88 REBUILD reject new_tc=16.6452 (was 16.6366)
t=38253ms iter=88 incumb=16.6366 ratchet=16.6443 best=16.6366 since_improve=25
t=38255ms iter=89 WAIST cost=8.0000 best_alt=7.0000 gap=1.0000 tried=5 sep_labels=7 clique_frac=0.90
t=38558ms iter=89 REBUILD reject new_tc=16.6463 (was 16.6366)
t=38670ms iter=89 incumb=16.6366 ratchet=16.6438 best=16.6366 since_improve=26
t=38672ms iter=90 WAIST cost=8.0000 best_alt=7.0000 gap=1.0000 tried=5 sep_labels=7 clique_frac=0.90
t=39009ms iter=90 REBUILD reject new_tc=16.6476 (was 16.6366)
t=39123ms iter=90 incumb=16.6366 ratchet=16.6386 best=16.6366 since_improve=27
t=39125ms iter=91 WAIST cost=8.0000 best_alt=7.0000 gap=1.0000 tried=5 sep_labels=7 clique_frac=0.90
t=39490ms iter=91 REBUILD reject new_tc=16.6461 (was 16.6366)
t=39606ms iter=91 incumb=16.6366 ratchet=16.6416 best=16.6366 since_improve=28
t=39608ms iter=92 WAIST cost=8.0000 best_alt=7.0000 gap=1.0000 tried=5 sep_labels=7 clique_frac=0.90
t=39911ms iter=92 REBUILD reject new_tc=16.6396 (was 16.6366)
t=40022ms iter=92 incumb=16.6366 ratchet=16.6409 best=16.6366 since_improve=29
t=40024ms iter=93 WAIST cost=8.0000 best_alt=7.0000 gap=1.0000 tried=5 sep_labels=7 clique_frac=0.90
t=40314ms iter=93 REBUILD reject new_tc=16.6497 (was 16.6366)
t=40424ms iter=93 incumb=16.6366 ratchet=16.6474 best=16.6366 since_improve=30
t=40426ms iter=94 WAIST cost=8.0000 best_alt=7.0000 gap=1.0000 tried=5 sep_labels=7 clique_frac=0.90
t=40728ms iter=94 REBUILD reject new_tc=16.6420 (was 16.6366)
t=40843ms iter=94 incumb=16.6366 ratchet=16.6391 best=16.6366 since_improve=31
t=40845ms iter=95 WAIST cost=8.0000 best_alt=7.0000 gap=1.0000 tried=5 sep_labels=7 clique_frac=0.90
t=41150ms iter=95 REBUILD reject new_tc=16.6422 (was 16.6366)
t=41267ms iter=95 incumb=16.6366 ratchet=16.6445 best=16.6366 since_improve=32
t=41269ms iter=96 WAIST cost=8.0000 best_alt=7.0000 gap=1.0000 tried=5 sep_labels=7 clique_frac=0.90
t=41559ms iter=96 REBUILD reject new_tc=16.6463 (was 16.6366)
t=41672ms iter=96 incumb=16.6366 ratchet=16.6499 best=16.6366 since_improve=33
t=41674ms iter=97 WAIST cost=8.0000 best_alt=6.0000 gap=2.0000 tried=5 sep_labels=6 clique_frac=0.93
t=41983ms iter=97 REBUILD reject new_tc=16.6436 (was 16.6366)
t=42098ms iter=97 incumb=16.6366 ratchet=16.6440 best=16.6366 since_improve=34
t=42100ms iter=98 WAIST cost=8.0000 best_alt=7.0000 gap=1.0000 tried=5 sep_labels=7 clique_frac=0.90
t=42397ms iter=98 REBUILD reject new_tc=16.6411 (was 16.6366)
t=42513ms iter=98 incumb=16.6366 ratchet=16.6499 best=16.6366 since_improve=35
t=42515ms iter=99 WAIST cost=8.0000 best_alt=7.0000 gap=1.0000 tried=5 sep_labels=7 clique_frac=0.90
t=42812ms iter=99 REBUILD reject new_tc=16.6384 (was 16.6366)
t=42928ms iter=99 incumb=16.6366 ratchet=16.6432 best=16.6366 since_improve=36
t=42930ms iter=100 WAIST cost=8.0000 best_alt=7.0000 gap=1.0000 tried=5 sep_labels=7 clique_frac=0.90
t=43228ms iter=100 REBUILD reject new_tc=16.6499 (was 16.6366)
t=43345ms iter=100 incumb=16.6366 ratchet=16.6398 best=16.6366 since_improve=37
t=43347ms iter=101 WAIST cost=8.0000 best_alt=7.0000 gap=1.0000 tried=5 sep_labels=7 clique_frac=0.90
t=43643ms iter=101 REBUILD reject new_tc=16.6494 (was 16.6366)
t=43760ms iter=101 incumb=16.6366 ratchet=16.6514 best=16.6366 since_improve=38
t=43762ms iter=102 WAIST cost=8.0000 best_alt=6.0000 gap=2.0000 tried=5 sep_labels=6 clique_frac=0.93
t=44095ms iter=102 REBUILD reject new_tc=16.6426 (was 16.6366)
t=44210ms iter=102 incumb=16.6366 ratchet=16.6414 best=16.6366 since_improve=39
t=44212ms iter=103 WAIST cost=8.0000 best_alt=7.0000 gap=1.0000 tried=5 sep_labels=7 clique_frac=0.90
t=44492ms iter=103 REBUILD reject new_tc=16.6404 (was 16.6366)
t=44606ms iter=103 incumb=16.6366 ratchet=16.6470 best=16.6366 since_improve=40
t=44608ms iter=104 WAIST cost=8.0000 best_alt=7.0000 gap=1.0000 tried=5 sep_labels=7 clique_frac=0.90
t=44894ms iter=104 REBUILD reject new_tc=16.6429 (was 16.6366)
t=45013ms iter=104 incumb=16.6366 ratchet=16.6402 best=16.6366 since_improve=41
t=45015ms iter=105 WAIST cost=8.0000 best_alt=7.0000 gap=1.0000 tried=5 sep_labels=7 clique_frac=0.90
t=45338ms iter=105 REBUILD reject new_tc=16.6411 (was 16.6366)
t=45456ms iter=105 incumb=16.6366 ratchet=16.6447 best=16.6366 since_improve=42
t=45458ms iter=106 WAIST cost=8.0000 best_alt=7.0000 gap=1.0000 tried=5 sep_labels=7 clique_frac=0.90
t=45758ms iter=106 REBUILD reject new_tc=16.6425 (was 16.6366)
t=45873ms iter=106 incumb=16.6366 ratchet=16.6455 best=16.6366 since_improve=43
t=45875ms iter=107 WAIST cost=8.0000 best_alt=6.0000 gap=2.0000 tried=5 sep_labels=6 clique_frac=0.93
t=46200ms iter=107 REBUILD reject new_tc=16.6431 (was 16.6366)
t=46315ms iter=107 incumb=16.6366 ratchet=16.6535 best=16.6366 since_improve=44
t=46317ms iter=108 WAIST cost=8.0000 best_alt=7.0000 gap=1.0000 tried=5 sep_labels=7 clique_frac=0.90
t=46661ms iter=108 REBUILD reject new_tc=16.6444 (was 16.6366)
t=46774ms iter=108 incumb=16.6366 ratchet=16.6429 best=16.6366 since_improve=45
t=46776ms iter=109 WAIST cost=8.0000 best_alt=7.0000 gap=1.0000 tried=5 sep_labels=7 clique_frac=0.90
t=47066ms iter=109 REBUILD reject new_tc=16.6478 (was 16.6366)
t=47176ms iter=109 incumb=16.6366 ratchet=16.6413 best=16.6366 since_improve=46
t=47178ms iter=110 WAIST cost=8.0000 best_alt=7.0000 gap=1.0000 tried=5 sep_labels=7 clique_frac=0.90
t=47509ms iter=110 REBUILD reject new_tc=16.6386 (was 16.6366)
t=47624ms iter=110 incumb=16.6366 ratchet=16.6504 best=16.6366 since_improve=47
t=47626ms iter=111 WAIST cost=8.0000 best_alt=7.0000 gap=1.0000 tried=5 sep_labels=7 clique_frac=0.90
t=47926ms iter=111 REBUILD reject new_tc=16.6447 (was 16.6366)
t=48036ms iter=111 incumb=16.6366 ratchet=16.6519 best=16.6366 since_improve=48
t=48038ms iter=112 WAIST cost=8.0000 best_alt=7.0000 gap=1.0000 tried=5 sep_labels=7 clique_frac=0.90
t=48332ms iter=112 REBUILD reject new_tc=16.6427 (was 16.6366)
t=48450ms iter=112 incumb=16.6366 ratchet=16.6415 best=16.6366 since_improve=49
t=48452ms iter=113 WAIST cost=8.0000 best_alt=7.0000 gap=1.0000 tried=5 sep_labels=7 clique_frac=0.90
t=48765ms iter=113 REBUILD reject new_tc=16.6402 (was 16.6366)
t=48882ms iter=113 incumb=16.6366 ratchet=16.6517 best=16.6366 since_improve=50
t=48884ms iter=114 WAIST cost=8.0000 best_alt=7.0000 gap=1.0000 tried=5 sep_labels=7 clique_frac=0.90
t=49175ms iter=114 REBUILD reject new_tc=16.6368 (was 16.6366)
t=49291ms iter=114 incumb=16.6366 ratchet=16.6366 best=16.6366 since_improve=51
t=49293ms iter=115 WAIST cost=8.0000 best_alt=6.0000 gap=2.0000 tried=5 sep_labels=6 clique_frac=0.93
t=49592ms iter=115 REBUILD reject new_tc=16.6422 (was 16.6366)
t=49710ms iter=115 incumb=16.6366 ratchet=16.6442 best=16.6366 since_improve=52
t=49712ms iter=116 WAIST cost=8.0000 best_alt=6.0000 gap=2.0000 tried=5 sep_labels=6 clique_frac=0.93
t=50030ms iter=116 REBUILD reject new_tc=16.6418 (was 16.6366)
t=50150ms iter=116 incumb=16.6366 ratchet=16.6385 best=16.6366 since_improve=53
t=50152ms iter=117 WAIST cost=8.0000 best_alt=7.0000 gap=1.0000 tried=5 sep_labels=7 clique_frac=0.90
t=50446ms iter=117 REBUILD reject new_tc=16.6490 (was 16.6366)
t=50560ms iter=117 incumb=16.6366 ratchet=16.6366 best=16.6366 since_improve=54
t=50562ms iter=118 WAIST cost=8.0000 best_alt=7.0000 gap=1.0000 tried=5 sep_labels=7 clique_frac=0.90
t=50892ms iter=118 REBUILD reject new_tc=16.6474 (was 16.6366)
t=51004ms iter=118 incumb=16.6366 ratchet=16.6467 best=16.6366 since_improve=55
t=51006ms iter=119 WAIST cost=8.0000 best_alt=7.0000 gap=1.0000 tried=5 sep_labels=7 clique_frac=0.90
t=51341ms iter=119 REBUILD reject new_tc=16.6470 (was 16.6366)
t=51452ms iter=119 incumb=16.6366 ratchet=16.6514 best=16.6366 since_improve=56
t=51454ms iter=120 WAIST cost=8.0000 best_alt=7.0000 gap=1.0000 tried=5 sep_labels=7 clique_frac=0.90
t=51762ms iter=120 REBUILD reject new_tc=16.6490 (was 16.6366)
t=51873ms iter=120 incumb=16.6366 ratchet=16.6439 best=16.6366 since_improve=57
t=51875ms iter=121 WAIST cost=8.0000 best_alt=7.0000 gap=1.0000 tried=5 sep_labels=7 clique_frac=0.90
t=52200ms iter=121 REBUILD reject new_tc=16.6472 (was 16.6366)
t=52314ms iter=121 incumb=16.6366 ratchet=16.6407 best=16.6366 since_improve=58
t=52316ms iter=122 WAIST cost=8.0000 best_alt=7.0000 gap=1.0000 tried=5 sep_labels=7 clique_frac=0.90
t=52599ms iter=122 REBUILD reject new_tc=16.6429 (was 16.6366)
t=52718ms iter=122 incumb=16.6366 ratchet=16.6474 best=16.6366 since_improve=59
t=52720ms iter=123 WAIST cost=8.0000 best_alt=7.0000 gap=1.0000 tried=5 sep_labels=7 clique_frac=0.90
t=53035ms iter=123 REBUILD reject new_tc=16.6382 (was 16.6366)
t=53149ms iter=123 incumb=16.6366 ratchet=16.6474 best=16.6366 since_improve=60
t=53151ms iter=124 WAIST cost=8.0000 best_alt=7.0000 gap=1.0000 tried=5 sep_labels=7 clique_frac=0.90
t=53492ms iter=124 REBUILD reject new_tc=16.6501 (was 16.6366)
t=53612ms iter=124 incumb=16.6366 ratchet=16.6456 best=16.6366 since_improve=61
t=53614ms iter=125 WAIST cost=8.0000 best_alt=7.0000 gap=1.0000 tried=5 sep_labels=7 clique_frac=0.90
t=53949ms iter=125 REBUILD reject new_tc=16.6429 (was 16.6366)
t=54062ms iter=125 incumb=16.6366 ratchet=16.6492 best=16.6366 since_improve=62
t=54063ms iter=126 WAIST cost=8.0000 best_alt=7.0000 gap=1.0000 tried=5 sep_labels=7 clique_frac=0.90
t=54358ms iter=126 REBUILD reject new_tc=16.6479 (was 16.6366)
t=54469ms iter=126 incumb=16.6366 ratchet=16.6474 best=16.6366 since_improve=63
t=54471ms iter=127 WAIST cost=8.0000 best_alt=7.0000 gap=1.0000 tried=5 sep_labels=7 clique_frac=0.90
t=54754ms iter=127 REBUILD reject new_tc=16.6485 (was 16.6366)
t=54939ms iter=127 incumb=16.6366 ratchet=16.6348 best=16.6348 since_improve=0
t=54940ms iter=128 WAIST cost=8.0000 best_alt=7.0000 gap=1.0000 tried=5 sep_labels=7 clique_frac=0.95
t=55297ms iter=128 REBUILD reject new_tc=16.6416 (was 16.6348)
t=55407ms iter=128 incumb=16.6348 ratchet=16.6373 best=16.6348 since_improve=1
t=55409ms iter=129 WAIST cost=8.0000 best_alt=6.0000 gap=2.0000 tried=5 sep_labels=6 clique_frac=0.93
t=55797ms iter=129 REBUILD ACCEPT new_tc=16.6347 (was 16.6348)
t=55911ms iter=129 incumb=16.6347 ratchet=16.6386 best=16.6347 since_improve=1
t=55913ms iter=130 WAIST cost=8.0000 best_alt=5.0000 gap=3.0000 tried=5 sep_labels=5 clique_frac=0.90
t=56248ms iter=130 REBUILD reject new_tc=16.6427 (was 16.6347)
t=56361ms iter=130 incumb=16.6347 ratchet=16.6455 best=16.6347 since_improve=2
t=56362ms iter=131 WAIST cost=8.0000 best_alt=6.0000 gap=2.0000 tried=5 sep_labels=6 clique_frac=1.00
t=56652ms iter=131 REBUILD reject new_tc=16.6497 (was 16.6347)
t=56769ms iter=131 incumb=16.6347 ratchet=16.6517 best=16.6347 since_improve=3
t=56771ms iter=132 WAIST cost=8.0000 best_alt=5.0000 gap=3.0000 tried=5 sep_labels=5 clique_frac=1.00
t=57097ms iter=132 REBUILD reject new_tc=16.6375 (was 16.6347)
t=57206ms iter=132 incumb=16.6347 ratchet=16.6531 best=16.6347 since_improve=4
t=57208ms iter=133 WAIST cost=8.0000 best_alt=5.0000 gap=3.0000 tried=5 sep_labels=5 clique_frac=1.00
t=57518ms iter=133 REBUILD reject new_tc=16.6426 (was 16.6347)
t=57633ms iter=133 incumb=16.6347 ratchet=16.6423 best=16.6347 since_improve=5
t=57635ms iter=134 WAIST cost=8.0000 best_alt=5.0000 gap=3.0000 tried=5 sep_labels=5 clique_frac=1.00
t=57952ms iter=134 REBUILD reject new_tc=16.6450 (was 16.6347)
t=58062ms iter=134 incumb=16.6347 ratchet=16.6407 best=16.6347 since_improve=6
t=58063ms iter=135 WAIST cost=8.0000 best_alt=5.0000 gap=3.0000 tried=5 sep_labels=5 clique_frac=1.00
t=58375ms iter=135 REBUILD reject new_tc=16.6479 (was 16.6347)
t=58487ms iter=135 incumb=16.6347 ratchet=16.6492 best=16.6347 since_improve=7
t=58488ms iter=136 WAIST cost=8.0000 best_alt=6.0000 gap=2.0000 tried=5 sep_labels=6 clique_frac=1.00
t=58791ms iter=136 REBUILD reject new_tc=16.6420 (was 16.6347)
t=58909ms iter=136 incumb=16.6347 ratchet=16.6504 best=16.6347 since_improve=8
t=58911ms iter=137 WAIST cost=8.0000 best_alt=6.0000 gap=2.0000 tried=5 sep_labels=6 clique_frac=1.00
t=59234ms iter=137 REBUILD reject new_tc=16.6472 (was 16.6347)
t=59349ms iter=137 incumb=16.6347 ratchet=16.6452 best=16.6347 since_improve=9
t=59350ms iter=138 WAIST cost=8.0000 best_alt=5.0000 gap=3.0000 tried=5 sep_labels=5 clique_frac=1.00
t=59686ms iter=138 REBUILD reject new_tc=16.6425 (was 16.6347)
t=59799ms iter=138 incumb=16.6347 ratchet=16.6391 best=16.6347 since_improve=10
t=59801ms iter=139 WAIST cost=8.0000 best_alt=6.0000 gap=2.0000 tried=5 sep_labels=6 clique_frac=1.00
t=60113ms iter=139 REBUILD reject new_tc=16.6472 (was 16.6347)
t=60281ms iter=139 incumb=16.6347 ratchet=16.6341 best=16.6341 since_improve=0
t=60283ms iter=140 WAIST cost=8.0000 best_alt=7.0000 gap=1.0000 tried=5 sep_labels=7 clique_frac=0.95
t=60584ms iter=140 REBUILD reject new_tc=16.6420 (was 16.6341)
t=60699ms iter=140 incumb=16.6341 ratchet=16.6490 best=16.6341 since_improve=1
t=60701ms iter=141 WAIST cost=8.0000 best_alt=7.0000 gap=1.0000 tried=5 sep_labels=7 clique_frac=0.95
t=61026ms iter=141 REBUILD reject new_tc=16.6472 (was 16.6341)
t=61140ms iter=141 incumb=16.6341 ratchet=16.6479 best=16.6341 since_improve=2
t=61142ms iter=142 WAIST cost=8.0000 best_alt=7.0000 gap=1.0000 tried=5 sep_labels=7 clique_frac=0.95
t=61454ms iter=142 REBUILD reject new_tc=16.6456 (was 16.6341)
t=61564ms iter=142 incumb=16.6341 ratchet=16.6524 best=16.6341 since_improve=3
t=61566ms iter=143 WAIST cost=8.0000 best_alt=7.0000 gap=1.0000 tried=5 sep_labels=7 clique_frac=0.95
t=61878ms iter=143 REBUILD reject new_tc=16.6445 (was 16.6341)
t=61988ms iter=143 incumb=16.6341 ratchet=16.6407 best=16.6341 since_improve=4
t=61990ms iter=144 WAIST cost=8.0000 best_alt=7.0000 gap=1.0000 tried=5 sep_labels=7 clique_frac=0.95
t=62281ms iter=144 REBUILD reject new_tc=16.6472 (was 16.6341)
t=62393ms iter=144 incumb=16.6341 ratchet=16.6472 best=16.6341 since_improve=5
t=62395ms iter=145 WAIST cost=8.0000 best_alt=7.0000 gap=1.0000 tried=5 sep_labels=7 clique_frac=0.95
t=62681ms iter=145 REBUILD reject new_tc=16.6454 (was 16.6341)
t=62790ms iter=145 incumb=16.6341 ratchet=16.6501 best=16.6341 since_improve=6
t=62792ms iter=146 WAIST cost=8.0000 best_alt=7.0000 gap=1.0000 tried=5 sep_labels=7 clique_frac=0.95
t=63085ms iter=146 REBUILD reject new_tc=16.6447 (was 16.6341)
t=63197ms iter=146 incumb=16.6341 ratchet=16.6442 best=16.6341 since_improve=7
t=63199ms iter=147 WAIST cost=8.0000 best_alt=7.0000 gap=1.0000 tried=5 sep_labels=7 clique_frac=0.95
t=63518ms iter=147 REBUILD reject new_tc=16.6422 (was 16.6341)
t=63630ms iter=147 incumb=16.6341 ratchet=16.6472 best=16.6341 since_improve=8
t=63632ms iter=148 WAIST cost=8.0000 best_alt=7.0000 gap=1.0000 tried=5 sep_labels=7 clique_frac=0.95
t=63921ms iter=148 REBUILD reject new_tc=16.6427 (was 16.6341)
t=64036ms iter=148 incumb=16.6341 ratchet=16.6443 best=16.6341 since_improve=9
t=64038ms iter=149 WAIST cost=8.0000 best_alt=7.0000 gap=1.0000 tried=5 sep_labels=7 clique_frac=0.95
t=64337ms iter=149 REBUILD reject new_tc=16.6447 (was 16.6341)
t=64451ms iter=149 incumb=16.6341 ratchet=16.6418 best=16.6341 since_improve=10
t=64453ms iter=150 WAIST cost=8.0000 best_alt=7.0000 gap=1.0000 tried=5 sep_labels=7 clique_frac=0.95
t=64764ms iter=150 REBUILD reject new_tc=16.6438 (was 16.6341)
t=64877ms iter=150 incumb=16.6341 ratchet=16.6447 best=16.6341 since_improve=11
t=64879ms iter=151 WAIST cost=8.0000 best_alt=7.0000 gap=1.0000 tried=5 sep_labels=7 clique_frac=0.95
t=65160ms iter=151 REBUILD reject new_tc=16.6490 (was 16.6341)
t=65271ms iter=151 incumb=16.6341 ratchet=16.6481 best=16.6341 since_improve=12
t=65273ms iter=152 WAIST cost=8.0000 best_alt=7.0000 gap=1.0000 tried=5 sep_labels=7 clique_frac=0.95
t=65571ms iter=152 REBUILD reject new_tc=16.6449 (was 16.6341)
t=65681ms iter=152 incumb=16.6341 ratchet=16.6411 best=16.6341 since_improve=13
t=65683ms iter=153 WAIST cost=8.0000 best_alt=7.0000 gap=1.0000 tried=5 sep_labels=7 clique_frac=0.95
t=65989ms iter=153 REBUILD reject new_tc=16.6402 (was 16.6341)
t=66101ms iter=153 incumb=16.6341 ratchet=16.6470 best=16.6341 since_improve=14
t=66103ms iter=154 WAIST cost=8.0000 best_alt=7.0000 gap=1.0000 tried=5 sep_labels=7 clique_frac=0.95
t=66391ms iter=154 REBUILD reject new_tc=16.6454 (was 16.6341)
t=66506ms iter=154 incumb=16.6341 ratchet=16.6432 best=16.6341 since_improve=15
t=66508ms iter=155 WAIST cost=8.0000 best_alt=7.0000 gap=1.0000 tried=5 sep_labels=7 clique_frac=0.95
t=66805ms iter=155 REBUILD reject new_tc=16.6432 (was 16.6341)
t=66915ms iter=155 incumb=16.6341 ratchet=16.6380 best=16.6341 since_improve=16
t=66917ms iter=156 WAIST cost=8.0000 best_alt=7.0000 gap=1.0000 tried=5 sep_labels=7 clique_frac=0.95
t=67259ms iter=156 REBUILD reject new_tc=16.6468 (was 16.6341)
t=67376ms iter=156 incumb=16.6341 ratchet=16.6431 best=16.6341 since_improve=17
t=67378ms iter=157 WAIST cost=8.0000 best_alt=7.0000 gap=1.0000 tried=5 sep_labels=7 clique_frac=0.95
t=67687ms iter=157 REBUILD reject new_tc=16.6418 (was 16.6341)
t=67811ms iter=157 incumb=16.6341 ratchet=16.6422 best=16.6341 since_improve=18
t=67817ms iter=158 WAIST cost=8.0000 best_alt=7.0000 gap=1.0000 tried=5 sep_labels=7 clique_frac=0.95
t=68151ms iter=158 REBUILD reject new_tc=16.6418 (was 16.6341)
t=68266ms iter=158 incumb=16.6341 ratchet=16.6477 best=16.6341 since_improve=19
t=68268ms iter=159 WAIST cost=8.0000 best_alt=7.0000 gap=1.0000 tried=5 sep_labels=7 clique_frac=0.95
t=68551ms iter=159 REBUILD reject new_tc=16.6425 (was 16.6341)
t=68661ms iter=159 incumb=16.6341 ratchet=16.6479 best=16.6341 since_improve=20
t=68663ms iter=160 WAIST cost=8.0000 best_alt=7.0000 gap=1.0000 tried=5 sep_labels=7 clique_frac=0.95
t=68977ms iter=160 REBUILD reject new_tc=16.6485 (was 16.6341)
t=69085ms iter=160 incumb=16.6341 ratchet=16.6353 best=16.6341 since_improve=21
t=69087ms iter=161 WAIST cost=8.0000 best_alt=7.0000 gap=1.0000 tried=5 sep_labels=7 clique_frac=0.95
t=69400ms iter=161 REBUILD reject new_tc=16.6438 (was 16.6341)
t=69511ms iter=161 incumb=16.6341 ratchet=16.6463 best=16.6341 since_improve=22
t=69513ms iter=162 WAIST cost=8.0000 best_alt=7.0000 gap=1.0000 tried=5 sep_labels=7 clique_frac=0.95
t=69819ms iter=162 REBUILD reject new_tc=16.6447 (was 16.6341)
t=69932ms iter=162 incumb=16.6341 ratchet=16.6483 best=16.6341 since_improve=23
t=69934ms iter=163 WAIST cost=8.0000 best_alt=7.0000 gap=1.0000 tried=5 sep_labels=7 clique_frac=0.95
t=70251ms iter=163 REBUILD reject new_tc=16.6394 (was 16.6341)
t=70368ms iter=163 incumb=16.6341 ratchet=16.6447 best=16.6341 since_improve=24
t=70370ms iter=164 WAIST cost=8.0000 best_alt=7.0000 gap=1.0000 tried=5 sep_labels=7 clique_frac=0.95
t=70709ms iter=164 REBUILD reject new_tc=16.6461 (was 16.6341)
t=70823ms iter=164 incumb=16.6341 ratchet=16.6418 best=16.6341 since_improve=25
t=70825ms iter=165 WAIST cost=8.0000 best_alt=7.0000 gap=1.0000 tried=5 sep_labels=7 clique_frac=0.95
t=71120ms iter=165 REBUILD reject new_tc=16.6443 (was 16.6341)
t=71229ms iter=165 incumb=16.6341 ratchet=16.6483 best=16.6341 since_improve=26
t=71231ms iter=166 WAIST cost=8.0000 best_alt=7.0000 gap=1.0000 tried=5 sep_labels=7 clique_frac=0.95
t=71537ms iter=166 REBUILD reject new_tc=16.6442 (was 16.6341)
t=71647ms iter=166 incumb=16.6341 ratchet=16.6441 best=16.6341 since_improve=27
t=71649ms iter=167 WAIST cost=8.0000 best_alt=7.0000 gap=1.0000 tried=5 sep_labels=7 clique_frac=0.95
t=71970ms iter=167 REBUILD reject new_tc=16.6513 (was 16.6341)
t=72090ms iter=167 incumb=16.6341 ratchet=16.6469 best=16.6341 since_improve=28
t=72092ms iter=168 WAIST cost=8.0000 best_alt=7.0000 gap=1.0000 tried=5 sep_labels=7 clique_frac=0.95
t=72388ms iter=168 REBUILD reject new_tc=16.6420 (was 16.6341)
t=72502ms iter=168 incumb=16.6341 ratchet=16.6348 best=16.6341 since_improve=29
t=72504ms iter=169 WAIST cost=8.0000 best_alt=7.0000 gap=1.0000 tried=5 sep_labels=7 clique_frac=0.95
t=72803ms iter=169 REBUILD reject new_tc=16.6463 (was 16.6341)
t=72920ms iter=169 incumb=16.6341 ratchet=16.6413 best=16.6341 since_improve=30
t=72922ms iter=170 WAIST cost=8.0000 best_alt=7.0000 gap=1.0000 tried=5 sep_labels=7 clique_frac=0.95
t=73217ms iter=170 REBUILD reject new_tc=16.6414 (was 16.6341)
t=73330ms iter=170 incumb=16.6341 ratchet=16.6463 best=16.6341 since_improve=31
t=73332ms iter=171 WAIST cost=8.0000 best_alt=7.0000 gap=1.0000 tried=5 sep_labels=7 clique_frac=0.95
t=73733ms iter=171 REBUILD reject new_tc=16.6431 (was 16.6341)
t=73901ms iter=171 incumb=16.6341 ratchet=16.6443 best=16.6341 since_improve=32
t=73905ms iter=172 WAIST cost=8.0000 best_alt=7.0000 gap=1.0000 tried=5 sep_labels=7 clique_frac=0.95
t=74493ms iter=172 REBUILD reject new_tc=16.6490 (was 16.6341)
t=74718ms iter=172 incumb=16.6341 ratchet=16.6398 best=16.6341 since_improve=33
t=74722ms iter=173 WAIST cost=8.0000 best_alt=7.0000 gap=1.0000 tried=5 sep_labels=7 clique_frac=0.95
t=75088ms iter=173 REBUILD reject new_tc=16.6368 (was 16.6341)
t=75200ms iter=173 incumb=16.6341 ratchet=16.6377 best=16.6341 since_improve=34
t=75202ms iter=174 WAIST cost=8.0000 best_alt=7.0000 gap=1.0000 tried=5 sep_labels=7 clique_frac=0.95
t=75494ms iter=174 REBUILD reject new_tc=16.6485 (was 16.6341)
t=75602ms iter=174 incumb=16.6341 ratchet=16.6450 best=16.6341 since_improve=35
t=75604ms iter=175 WAIST cost=8.0000 best_alt=7.0000 gap=1.0000 tried=5 sep_labels=7 clique_frac=0.95
t=75917ms iter=175 REBUILD reject new_tc=16.6435 (was 16.6341)
t=76032ms iter=175 incumb=16.6341 ratchet=16.6456 best=16.6341 since_improve=36
t=76034ms iter=176 WAIST cost=8.0000 best_alt=7.0000 gap=1.0000 tried=5 sep_labels=7 clique_frac=0.95
t=76318ms iter=176 REBUILD reject new_tc=16.6445 (was 16.6341)
t=76433ms iter=176 incumb=16.6341 ratchet=16.6413 best=16.6341 since_improve=37
t=76435ms iter=177 WAIST cost=8.0000 best_alt=7.0000 gap=1.0000 tried=5 sep_labels=7 clique_frac=0.95
t=76741ms iter=177 REBUILD reject new_tc=16.6456 (was 16.6341)
t=76856ms iter=177 incumb=16.6341 ratchet=16.6418 best=16.6341 since_improve=38
t=76858ms iter=178 WAIST cost=8.0000 best_alt=7.0000 gap=1.0000 tried=5 sep_labels=7 clique_frac=0.95
t=77194ms iter=178 REBUILD reject new_tc=16.6402 (was 16.6341)
t=77305ms iter=178 incumb=16.6341 ratchet=16.6480 best=16.6341 since_improve=39
t=77307ms iter=179 WAIST cost=8.0000 best_alt=7.0000 gap=1.0000 tried=5 sep_labels=7 clique_frac=0.95
t=77636ms iter=179 REBUILD reject new_tc=16.6454 (was 16.6341)
t=77746ms iter=179 incumb=16.6341 ratchet=16.6432 best=16.6341 since_improve=40
t=77748ms iter=180 WAIST cost=8.0000 best_alt=7.0000 gap=1.0000 tried=5 sep_labels=7 clique_frac=0.95
t=78060ms iter=180 REBUILD reject new_tc=16.6443 (was 16.6341)
t=78171ms iter=180 incumb=16.6341 ratchet=16.6443 best=16.6341 since_improve=41
t=78173ms iter=181 WAIST cost=8.0000 best_alt=7.0000 gap=1.0000 tried=5 sep_labels=7 clique_frac=0.95
t=78461ms iter=181 REBUILD reject new_tc=16.6472 (was 16.6341)
t=78577ms iter=181 incumb=16.6341 ratchet=16.6424 best=16.6341 since_improve=42
t=78579ms iter=182 WAIST cost=8.0000 best_alt=7.0000 gap=1.0000 tried=5 sep_labels=7 clique_frac=0.95
t=78920ms iter=182 REBUILD reject new_tc=16.6477 (was 16.6341)
t=79039ms iter=182 incumb=16.6341 ratchet=16.6368 best=16.6341 since_improve=43
t=79041ms iter=183 WAIST cost=8.0000 best_alt=7.0000 gap=1.0000 tried=5 sep_labels=7 clique_frac=0.95
t=79361ms iter=183 REBUILD reject new_tc=16.6512 (was 16.6341)
t=79472ms iter=183 incumb=16.6341 ratchet=16.6451 best=16.6341 since_improve=44
t=79474ms iter=184 WAIST cost=8.0000 best_alt=7.0000 gap=1.0000 tried=5 sep_labels=7 clique_frac=0.95
t=79790ms iter=184 REBUILD reject new_tc=16.6481 (was 16.6341)
t=79903ms iter=184 incumb=16.6341 ratchet=16.6447 best=16.6341 since_improve=45
t=79905ms iter=185 WAIST cost=8.0000 best_alt=7.0000 gap=1.0000 tried=5 sep_labels=7 clique_frac=0.95
t=80197ms iter=185 REBUILD reject new_tc=16.6411 (was 16.6341)
t=80313ms iter=185 incumb=16.6341 ratchet=16.6441 best=16.6341 since_improve=46
t=80315ms iter=186 WAIST cost=8.0000 best_alt=7.0000 gap=1.0000 tried=5 sep_labels=7 clique_frac=0.95
t=80683ms iter=186 REBUILD reject new_tc=16.6463 (was 16.6341)
t=80795ms iter=186 incumb=16.6341 ratchet=16.6427 best=16.6341 since_improve=47
t=80797ms iter=187 WAIST cost=8.0000 best_alt=7.0000 gap=1.0000 tried=5 sep_labels=7 clique_frac=0.95
t=81091ms iter=187 REBUILD reject new_tc=16.6463 (was 16.6341)
t=81204ms iter=187 incumb=16.6341 ratchet=16.6485 best=16.6341 since_improve=48
t=81206ms iter=188 WAIST cost=8.0000 best_alt=7.0000 gap=1.0000 tried=5 sep_labels=7 clique_frac=0.95
t=81513ms iter=188 REBUILD reject new_tc=16.6451 (was 16.6341)
t=81623ms iter=188 incumb=16.6341 ratchet=16.6488 best=16.6341 since_improve=49
t=81625ms iter=189 WAIST cost=8.0000 best_alt=7.0000 gap=1.0000 tried=5 sep_labels=7 clique_frac=0.95
t=81928ms iter=189 REBUILD reject new_tc=16.6425 (was 16.6341)
t=82038ms iter=189 incumb=16.6341 ratchet=16.6517 best=16.6341 since_improve=50
t=82040ms iter=190 WAIST cost=8.0000 best_alt=7.0000 gap=1.0000 tried=5 sep_labels=7 clique_frac=0.95
t=82343ms iter=190 REBUILD reject new_tc=16.6468 (was 16.6341)
t=82460ms iter=190 incumb=16.6341 ratchet=16.6452 best=16.6341 since_improve=51
t=82462ms iter=191 WAIST cost=8.0000 best_alt=7.0000 gap=1.0000 tried=5 sep_labels=7 clique_frac=0.95
t=82775ms iter=191 REBUILD reject new_tc=16.6470 (was 16.6341)
t=82887ms iter=191 incumb=16.6341 ratchet=16.6483 best=16.6341 since_improve=52
t=82888ms iter=192 WAIST cost=8.0000 best_alt=7.0000 gap=1.0000 tried=5 sep_labels=7 clique_frac=0.95
t=83199ms iter=192 REBUILD reject new_tc=16.6465 (was 16.6341)
t=83311ms iter=192 incumb=16.6341 ratchet=16.6382 best=16.6341 since_improve=53
t=83313ms iter=193 WAIST cost=8.0000 best_alt=7.0000 gap=1.0000 tried=5 sep_labels=7 clique_frac=0.95
t=83614ms iter=193 REBUILD reject new_tc=16.6431 (was 16.6341)
t=83738ms iter=193 incumb=16.6341 ratchet=16.6395 best=16.6341 since_improve=54
t=83740ms iter=194 WAIST cost=8.0000 best_alt=7.0000 gap=1.0000 tried=5 sep_labels=7 clique_frac=0.95
t=84086ms iter=194 REBUILD reject new_tc=16.6422 (was 16.6341)
t=84197ms iter=194 incumb=16.6341 ratchet=16.6406 best=16.6341 since_improve=55
t=84199ms iter=195 WAIST cost=8.0000 best_alt=7.0000 gap=1.0000 tried=5 sep_labels=7 clique_frac=0.95
t=84500ms iter=195 REBUILD reject new_tc=16.6459 (was 16.6341)
t=84611ms iter=195 incumb=16.6341 ratchet=16.6400 best=16.6341 since_improve=56
t=84613ms iter=196 WAIST cost=8.0000 best_alt=7.0000 gap=1.0000 tried=5 sep_labels=7 clique_frac=0.95
t=84927ms iter=196 REBUILD reject new_tc=16.6497 (was 16.6341)
t=85062ms iter=196 incumb=16.6341 ratchet=16.6472 best=16.6341 since_improve=57
t=85064ms iter=197 WAIST cost=8.0000 best_alt=7.0000 gap=1.0000 tried=5 sep_labels=7 clique_frac=0.95
t=85379ms iter=197 REBUILD reject new_tc=16.6432 (was 16.6341)
t=85492ms iter=197 incumb=16.6341 ratchet=16.6506 best=16.6341 since_improve=58
t=85494ms iter=198 WAIST cost=8.0000 best_alt=7.0000 gap=1.0000 tried=5 sep_labels=7 clique_frac=0.95
t=85787ms iter=198 REBUILD reject new_tc=16.6432 (was 16.6341)
t=85900ms iter=198 incumb=16.6341 ratchet=16.6550 best=16.6341 since_improve=59
t=85902ms iter=199 WAIST cost=8.0000 best_alt=7.0000 gap=1.0000 tried=5 sep_labels=7 clique_frac=0.95
t=86191ms iter=199 REBUILD reject new_tc=16.6474 (was 16.6341)
t=86304ms iter=199 incumb=16.6341 ratchet=16.6461 best=16.6341 since_improve=60
t=86306ms iter=200 WAIST cost=8.0000 best_alt=7.0000 gap=1.0000 tried=5 sep_labels=7 clique_frac=0.95
t=86640ms iter=200 REBUILD reject new_tc=16.6414 (was 16.6341)
t=86747ms iter=200 incumb=16.6341 ratchet=16.6389 best=16.6341 since_improve=61
t=86749ms iter=201 WAIST cost=8.0000 best_alt=7.0000 gap=1.0000 tried=5 sep_labels=7 clique_frac=0.95
t=87054ms iter=201 REBUILD reject new_tc=16.6510 (was 16.6341)
t=87161ms iter=201 incumb=16.6341 ratchet=16.6432 best=16.6341 since_improve=62
t=87163ms iter=202 WAIST cost=8.0000 best_alt=7.0000 gap=1.0000 tried=5 sep_labels=7 clique_frac=0.95
t=87476ms iter=202 REBUILD reject new_tc=16.6504 (was 16.6341)
t_final=87529ms tc_reduced=16.6341 tc_full=17.2519 leaves=3000
surgery summary: calls=202 cheaper_cuts=202 rebuild_accepts=2 waist_min_hits=0
