probe: instance=surfacecode_d21 n_orig=2203 n=761 fusible=0.6546 nlabels=798 t=13ms
seed_greedy tc=59.9092 t=546ms
t=894ms iter=1 WAIST cost=49.0000 best_alt=35.0000 gap=14.0000 tried=5 sep_labels=35 clique_frac=0.00
t=1318ms iter=1 REBUILD ACCEPT new_tc=49.2644 (was 50.4169)
t=3459ms iter=1 incumb=49.2644 ratchet=48.8859 best=48.8829 since_improve=0
t=3477ms iter=2 WAIST cost=46.0000 best_alt=35.0000 gap=11.0000 tried=5 sep_labels=35 clique_frac=0.02
t=3784ms iter=2 REBUILD reject new_tc=51.2063 (was 48.8859)
t=6974ms iter=2 incumb=48.8859 ratchet=48.6283 best=48.6283 since_improve=0
t=6999ms iter=3 WAIST cost=44.0000 best_alt=35.0000 gap=9.0000 tried=5 sep_labels=35 clique_frac=0.04
t=7307ms iter=3 REBUILD reject new_tc=53.1227 (was 48.6283)
t=7576ms iter=3 incumb=48.6283 ratchet=48.6674 best=48.6283 since_improve=1
t=7608ms iter=4 WAIST cost=44.0000 best_alt=35.0000 gap=9.0000 tried=5 sep_labels=35 clique_frac=0.01
t=7918ms iter=4 REBUILD reject new_tc=49.4139 (was 48.6283)
t=8189ms iter=4 incumb=48.6283 ratchet=48.7698 best=48.6283 since_improve=2
t=8216ms iter=5 WAIST cost=44.0000 best_alt=37.0000 gap=7.0000 tried=5 sep_labels=37 clique_frac=0.04
t=8524ms iter=5 REBUILD reject new_tc=54.0199 (was 48.6283)
t=9798ms iter=5 incumb=48.6283 ratchet=48.6172 best=48.6155 since_improve=0
t=9806ms iter=6 WAIST cost=45.0000 best_alt=2.0000 gap=43.0000 tried=5 sep_labels=2 clique_frac=1.00
t=10228ms iter=6 REBUILD reject new_tc=48.6818 (was 48.6172)
t=11811ms iter=6 incumb=48.6172 ratchet=48.4939 best=48.4850 since_improve=0
t=11844ms iter=7 WAIST cost=44.0000 best_alt=35.0000 gap=9.0000 tried=5 sep_labels=35 clique_frac=0.01
t=12162ms iter=7 REBUILD reject new_tc=49.0060 (was 48.4939)
t=13383ms iter=7 incumb=48.4939 ratchet=48.4041 best=48.4010 since_improve=0
t=13412ms iter=8 WAIST cost=43.0000 best_alt=39.0000 gap=4.0000 tried=5 sep_labels=39 clique_frac=0.04
t=13709ms iter=8 REBUILD reject new_tc=54.0471 (was 48.4041)
t=13967ms iter=8 incumb=48.4041 ratchet=48.4467 best=48.4010 since_improve=1
t=13993ms iter=9 WAIST cost=43.0000 best_alt=35.0000 gap=8.0000 tried=5 sep_labels=35 clique_frac=0.02
t=14304ms iter=9 REBUILD reject new_tc=48.9980 (was 48.4041)
t=15200ms iter=9 incumb=48.4041 ratchet=48.4010 best=48.3678 since_improve=0
t=15235ms iter=10 WAIST cost=45.0000 best_alt=37.0000 gap=8.0000 tried=5 sep_labels=37 clique_frac=0.00
t=15548ms iter=10 REBUILD reject new_tc=48.8954 (was 48.4010)
t=15810ms iter=10 incumb=48.4010 ratchet=48.3901 best=48.3678 since_improve=0
t=15831ms iter=11 WAIST cost=44.0000 best_alt=40.0000 gap=4.0000 tried=5 sep_labels=40 clique_frac=0.01
t=16146ms iter=11 REBUILD reject new_tc=48.7296 (was 48.3901)
t=17295ms iter=11 incumb=48.3901 ratchet=48.2831 best=48.2694 since_improve=0
t=17331ms iter=12 WAIST cost=44.0000 best_alt=39.0000 gap=5.0000 tried=5 sep_labels=39 clique_frac=0.02
t=17684ms iter=12 REBUILD reject new_tc=49.1803 (was 48.2831)
t=18088ms iter=12 incumb=48.2831 ratchet=48.2895 best=48.2656 since_improve=1
t=18129ms iter=13 WAIST cost=44.0000 best_alt=39.0000 gap=5.0000 tried=5 sep_labels=39 clique_frac=0.02
t=18454ms iter=13 REBUILD reject new_tc=52.1487 (was 48.2831)
t=18715ms iter=13 incumb=48.2831 ratchet=48.3021 best=48.2656 since_improve=2
t=18747ms iter=14 WAIST cost=44.0000 best_alt=40.0000 gap=4.0000 tried=5 sep_labels=40 clique_frac=0.03
t=19091ms iter=14 REBUILD reject new_tc=48.9586 (was 48.2831)
t=19342ms iter=14 incumb=48.2831 ratchet=48.3101 best=48.2656 since_improve=3
t=19372ms iter=15 WAIST cost=44.0000 best_alt=37.0000 gap=7.0000 tried=5 sep_labels=37 clique_frac=0.02
t=19674ms iter=15 REBUILD reject new_tc=48.9812 (was 48.2831)
t=19932ms iter=15 incumb=48.2831 ratchet=48.2679 best=48.2656 since_improve=0
t=19962ms iter=16 WAIST cost=44.0000 best_alt=39.0000 gap=5.0000 tried=5 sep_labels=39 clique_frac=0.03
t=20261ms iter=16 REBUILD reject new_tc=49.1763 (was 48.2679)
t=21419ms iter=16 incumb=48.2679 ratchet=48.2135 best=48.2066 since_improve=0
t=21446ms iter=17 WAIST cost=45.0000 best_alt=39.0000 gap=6.0000 tried=5 sep_labels=39 clique_frac=0.03
t=21760ms iter=17 REBUILD reject new_tc=50.4461 (was 48.2135)
t=22445ms iter=17 incumb=48.2135 ratchet=48.1172 best=48.1172 since_improve=0
t=22470ms iter=18 WAIST cost=44.0000 best_alt=40.0000 gap=4.0000 tried=5 sep_labels=40 clique_frac=0.01
t=22782ms iter=18 REBUILD reject new_tc=48.9983 (was 48.1172)
t=23051ms iter=18 incumb=48.1172 ratchet=48.1847 best=48.1172 since_improve=1
t=23085ms iter=19 WAIST cost=44.0000 best_alt=37.0000 gap=7.0000 tried=5 sep_labels=37 clique_frac=0.03
t=23378ms iter=19 REBUILD reject new_tc=53.0651 (was 48.1172)
t=24522ms iter=19 incumb=48.1172 ratchet=48.0569 best=48.0475 since_improve=0
t=24557ms iter=20 WAIST cost=43.0000 best_alt=36.0000 gap=7.0000 tried=5 sep_labels=36 clique_frac=0.03
t=24858ms iter=20 REBUILD reject new_tc=50.8215 (was 48.0569)
t=25259ms iter=20 incumb=48.0569 ratchet=47.9924 best=47.9857 since_improve=0
t=25292ms iter=21 WAIST cost=43.0000 best_alt=40.0000 gap=3.0000 tried=5 sep_labels=40 clique_frac=0.02
t=25639ms iter=21 REBUILD reject new_tc=48.8348 (was 47.9924)
t=26300ms iter=21 incumb=47.9924 ratchet=47.9223 best=47.8765 since_improve=0
t=26328ms iter=22 WAIST cost=44.0000 best_alt=40.0000 gap=4.0000 tried=5 sep_labels=40 clique_frac=0.01
t=26651ms iter=22 REBUILD reject new_tc=57.0141 (was 47.9223)
t=27179ms iter=22 incumb=47.9223 ratchet=47.8345 best=47.8345 since_improve=0
t=27208ms iter=23 WAIST cost=44.0000 best_alt=39.0000 gap=5.0000 tried=5 sep_labels=39 clique_frac=0.01
t=27529ms iter=23 REBUILD reject new_tc=57.0053 (was 47.8345)
t=27916ms iter=23 incumb=47.8345 ratchet=47.8420 best=47.8275 since_improve=1
t=27950ms iter=24 WAIST cost=44.0000 best_alt=39.0000 gap=5.0000 tried=5 sep_labels=39 clique_frac=0.01
t=28289ms iter=24 REBUILD reject new_tc=50.6330 (was 47.8345)
t=28539ms iter=24 incumb=47.8345 ratchet=47.8950 best=47.8275 since_improve=2
t=28571ms iter=25 WAIST cost=44.0000 best_alt=39.0000 gap=5.0000 tried=5 sep_labels=39 clique_frac=0.01
t=28906ms iter=25 REBUILD reject new_tc=54.0306 (was 47.8345)
t=29303ms iter=25 incumb=47.8345 ratchet=47.8205 best=47.8157 since_improve=0
t=29336ms iter=26 WAIST cost=44.0000 best_alt=35.0000 gap=9.0000 tried=5 sep_labels=35 clique_frac=0.00
t=29700ms iter=26 REBUILD reject new_tc=52.1347 (was 47.8205)
t=30110ms iter=26 incumb=47.8205 ratchet=47.8918 best=47.7977 since_improve=1
t=30141ms iter=27 WAIST cost=44.0000 best_alt=39.0000 gap=5.0000 tried=5 sep_labels=39 clique_frac=0.00
t=30476ms iter=27 REBUILD reject new_tc=56.0126 (was 47.8205)
t=31033ms iter=27 incumb=47.8205 ratchet=47.8254 best=47.7822 since_improve=2
t=31071ms iter=28 WAIST cost=44.0000 best_alt=39.0000 gap=5.0000 tried=5 sep_labels=39 clique_frac=0.00
t=31418ms iter=28 REBUILD reject new_tc=49.2049 (was 47.8205)
t=32101ms iter=28 incumb=47.8205 ratchet=47.6932 best=47.6932 since_improve=0
t=32131ms iter=29 WAIST cost=44.0000 best_alt=40.0000 gap=4.0000 tried=5 sep_labels=40 clique_frac=0.02
t=32454ms iter=29 REBUILD reject new_tc=56.0938 (was 47.6932)
t=32992ms iter=29 incumb=47.6932 ratchet=47.6782 best=47.6732 since_improve=0
t=33022ms iter=30 WAIST cost=43.0000 best_alt=39.0000 gap=4.0000 tried=5 sep_labels=39 clique_frac=0.01
t=33363ms iter=30 REBUILD reject new_tc=55.0149 (was 47.6782)
t=33766ms iter=30 incumb=47.6782 ratchet=47.6953 best=47.6611 since_improve=1
t=33806ms iter=31 WAIST cost=43.0000 best_alt=39.0000 gap=4.0000 tried=5 sep_labels=39 clique_frac=0.01
t=34145ms iter=31 REBUILD reject new_tc=49.4318 (was 47.6782)
t=34390ms iter=31 incumb=47.6782 ratchet=47.7204 best=47.6611 since_improve=2
t=34423ms iter=32 WAIST cost=43.0000 best_alt=39.0000 gap=4.0000 tried=5 sep_labels=39 clique_frac=0.01
t=34763ms iter=32 REBUILD reject new_tc=54.0356 (was 47.6782)
t=35597ms iter=32 incumb=47.6782 ratchet=47.6108 best=47.5812 since_improve=0
t=35625ms iter=33 WAIST cost=44.0000 best_alt=40.0000 gap=4.0000 tried=5 sep_labels=40 clique_frac=0.01
t=35969ms iter=33 REBUILD reject new_tc=54.0633 (was 47.6108)
t=36220ms iter=33 incumb=47.6108 ratchet=47.6079 best=47.5812 since_improve=0
t=36252ms iter=34 WAIST cost=44.0000 best_alt=39.0000 gap=5.0000 tried=5 sep_labels=39 clique_frac=0.02
t=36589ms iter=34 REBUILD reject new_tc=57.0032 (was 47.6079)
t=37292ms iter=34 incumb=47.6079 ratchet=47.5495 best=47.5495 since_improve=0
t=37324ms iter=35 WAIST cost=44.0000 best_alt=39.0000 gap=5.0000 tried=5 sep_labels=39 clique_frac=0.01
t=37670ms iter=35 REBUILD reject new_tc=49.7992 (was 47.5495)
t=38063ms iter=35 incumb=47.5495 ratchet=47.5258 best=47.5258 since_improve=0
t=38098ms iter=36 WAIST cost=43.0000 best_alt=39.0000 gap=4.0000 tried=5 sep_labels=39 clique_frac=0.01
t=38445ms iter=36 REBUILD reject new_tc=50.7800 (was 47.5258)
t=38702ms iter=36 incumb=47.5258 ratchet=47.6201 best=47.5258 since_improve=1
t=38730ms iter=37 WAIST cost=43.0000 best_alt=39.0000 gap=4.0000 tried=5 sep_labels=39 clique_frac=0.01
t=39080ms iter=37 REBUILD reject new_tc=48.9336 (was 47.5258)
t=39335ms iter=37 incumb=47.5258 ratchet=47.6121 best=47.5258 since_improve=2
t=39378ms iter=38 WAIST cost=43.0000 best_alt=39.0000 gap=4.0000 tried=5 sep_labels=39 clique_frac=0.01
t=39722ms iter=38 REBUILD reject new_tc=55.0359 (was 47.5258)
t=39982ms iter=38 incumb=47.5258 ratchet=47.5813 best=47.5258 since_improve=3
t=40018ms iter=39 WAIST cost=43.0000 best_alt=39.0000 gap=4.0000 tried=5 sep_labels=39 clique_frac=0.01
t=40360ms iter=39 REBUILD reject new_tc=52.4476 (was 47.5258)
t=40613ms iter=39 incumb=47.5258 ratchet=47.6330 best=47.5258 since_improve=4
t=40643ms iter=40 WAIST cost=43.0000 best_alt=39.0000 gap=4.0000 tried=5 sep_labels=39 clique_frac=0.01
t=40980ms iter=40 REBUILD reject new_tc=51.4503 (was 47.5258)
t=41234ms iter=40 incumb=47.5258 ratchet=47.5585 best=47.5258 since_improve=5
t=41273ms iter=41 WAIST cost=43.0000 best_alt=37.0000 gap=6.0000 tried=5 sep_labels=37 clique_frac=0.00
t=41566ms iter=41 REBUILD reject new_tc=53.0766 (was 47.5258)
t=41823ms iter=41 incumb=47.5258 ratchet=47.6761 best=47.5258 since_improve=6
t=41858ms iter=42 WAIST cost=43.0000 best_alt=39.0000 gap=4.0000 tried=5 sep_labels=39 clique_frac=0.01
t=42210ms iter=42 REBUILD reject new_tc=50.4976 (was 47.5258)
t=42944ms iter=42 incumb=47.5258 ratchet=47.5057 best=47.5057 since_improve=0
t=42975ms iter=43 WAIST cost=43.0000 best_alt=39.0000 gap=4.0000 tried=5 sep_labels=39 clique_frac=0.01
t=43308ms iter=43 REBUILD reject new_tc=53.0905 (was 47.5057)
t=43564ms iter=43 incumb=47.5057 ratchet=47.6315 best=47.5057 since_improve=1
t=43590ms iter=44 WAIST cost=43.0000 best_alt=39.0000 gap=4.0000 tried=5 sep_labels=39 clique_frac=0.01
t=43936ms iter=44 REBUILD reject new_tc=51.3799 (was 47.5057)
t_final=44094ms tc_reduced=47.5057 tc_full=47.6579 leaves=2203
surgery summary: calls=44 cheaper_cuts=44 rebuild_accepts=1 waist_min_hits=0
