simplify: n_orig=3369 n_reduced=381 shrink=0.8869 t_simp=15ms
t_seed=609ms tc_seed=88.0189 seed_trials=13
t_dp=6034ms tc_greedy=79.5756
t_mcts=20194ms mcts: backup=min rollouts=320 rate=16/s depth=3 nodes=321 improves=0 tc_mcts=79.5756
ATTRIBUTION tc_greedy=79.5756 tc_mcts_prepolish=79.5756 mcts_beats_greedy=false
t=20402ms polish_tc=79.0812
t=20824ms polish_tc=78.4430
t=20982ms polish_tc=78.3649
t=21114ms polish_tc=78.0089
t=21836ms polish_tc=77.5474
t=21993ms polish_tc=76.8796
t=22154ms polish_tc=76.8222
t=22840ms polish_tc=75.7120
t=23009ms polish_tc=75.6150
t=23832ms polish_tc=75.2663
t=23985ms polish_tc=75.1056
t=24134ms polish_tc=74.6898
t=24829ms polish_tc=74.2305
t=24987ms polish_tc=73.8008
t=25143ms polish_tc=73.6750
t=25836ms polish_tc=73.3264
t=26011ms polish_tc=73.2260
t=26827ms polish_tc=73.1256
t=26995ms polish_tc=72.7114
t=27823ms polish_tc=72.4372
t=27991ms polish_tc=70.7690
t=28818ms polish_tc=70.7103
t=28981ms polish_tc=69.9264
t=29131ms polish_tc=69.8221
t=29827ms polish_tc=69.3746
t=29989ms polish_tc=68.4512
t=30833ms polish_tc=68.3525
t=31013ms polish_tc=68.2009
t=31184ms polish_tc=68.0504
t=31836ms polish_tc=67.9186
t=32003ms polish_tc=67.6791
t=32830ms polish_tc=67.6385
t=33016ms polish_tc=67.5494
t=33834ms polish_tc=67.3356
t=34010ms polish_tc=67.1770
t=34825ms polish_tc=66.9931
t=34987ms polish_tc=66.8483
t=35823ms polish_tc=66.5534
t=35986ms polish_tc=66.3212
t=36824ms polish_tc=66.2147
t=36990ms polish_tc=66.1015
t=37821ms polish_tc=65.8428
t=37992ms polish_tc=65.7475
t=38171ms polish_tc=65.6363
t=38843ms polish_tc=65.5720
t=39019ms polish_tc=65.4658
t=39837ms polish_tc=65.1259
t=40014ms polish_tc=65.1145
t=40826ms polish_tc=65.0272
t=40996ms polish_tc=64.9008
t=41828ms polish_tc=64.8983
t=41996ms polish_tc=64.8969
t=42839ms polish_tc=64.5821
t=43024ms polish_tc=64.4428
t=43829ms polish_tc=64.3228
t=44010ms polish_tc=64.2782
t=44823ms polish_tc=64.1994
t=45005ms polish_tc=64.1724
t=45824ms polish_tc=64.1479
t=45995ms polish_tc=64.1020
t=46825ms polish_tc=64.0992
t=47003ms polish_tc=64.0841
t=47847ms polish_tc=64.0697
t=48037ms polish_tc=64.0589
t=48842ms polish_tc=64.0125
t=49033ms polish_tc=63.9036
t=49832ms polish_tc=63.7834
t=50023ms polish_tc=63.7219
t=50825ms polish_tc=63.6655
t=50999ms polish_tc=63.6177
t=51827ms polish_tc=63.5582
t=51999ms polish_tc=63.5136
t=52819ms polish_tc=63.4827
t=52983ms polish_tc=63.4346
t=53824ms polish_tc=63.3084
t=54015ms polish_tc=63.2660
t=54827ms polish_tc=63.2495
t=55013ms polish_tc=63.1605
t=55832ms polish_tc=63.0978
t=56024ms polish_tc=63.0330
t=56832ms polish_tc=62.9975
t=57026ms polish_tc=62.9268
t=57827ms polish_tc=62.9082
t=58029ms polish_tc=62.9005
t=58841ms polish_tc=62.8458
t=59019ms polish_tc=62.8008
t=59829ms polish_tc=62.7582
t=60018ms polish_tc=62.7280
t=60828ms polish_tc=62.6962
t=61000ms polish_tc=62.6383
t=61830ms polish_tc=62.6214
t=62002ms polish_tc=62.5524
t=62829ms polish_tc=62.5427
t=63013ms polish_tc=62.5230
t=63823ms polish_tc=62.4948
t=63997ms polish_tc=62.4819
t=64832ms polish_tc=62.4612
t=65025ms polish_tc=62.4538
t=65827ms polish_tc=62.3918
t=66006ms polish_tc=62.3289
t=66835ms polish_tc=62.3124
t=67020ms polish_tc=62.2100
t=67840ms polish_tc=62.1477
t=68028ms polish_tc=62.1218
t=68837ms polish_tc=62.0468
t=69027ms polish_tc=62.0246
t=69821ms polish_tc=62.0105
t=69984ms polish_tc=61.9866
t=70821ms polish_tc=61.9586
t=70995ms polish_tc=61.9329
t=71830ms polish_tc=61.8755
t=72014ms polish_tc=61.8639
t=72838ms polish_tc=61.8568
t=73013ms polish_tc=61.8400
t=73828ms polish_tc=61.8357
t=73988ms polish_tc=61.8347
t=74825ms polish_tc=61.7865
t=74998ms polish_tc=61.7596
t=75824ms polish_tc=61.7493
t=76013ms polish_tc=61.7471
t=76835ms polish_tc=61.7311
t=77014ms polish_tc=61.7231
t=77825ms polish_tc=61.7212
t=77996ms polish_tc=61.7184
t=78833ms polish_tc=61.6872
t=79005ms polish_tc=61.6824
t=79837ms polish_tc=61.6611
t=80016ms polish_tc=61.6520
t=80194ms polish_tc=61.6319
t=80824ms polish_tc=61.5713
t=80993ms polish_tc=61.5524
t=81170ms polish_tc=61.5368
t=81351ms polish_tc=61.5341
t=81829ms polish_tc=61.5280
t=82006ms polish_tc=61.5258
t=82207ms polish_tc=61.5256
t=82383ms polish_tc=61.5168
t=82824ms polish_tc=61.4592
t=83005ms polish_tc=61.4589
t=83183ms polish_tc=61.4507
t=83362ms polish_tc=61.3526
t=83821ms polish_tc=61.3415
t=84001ms polish_tc=61.3180
t=84186ms polish_tc=61.3047
t=84368ms polish_tc=61.3046
t=84540ms polish_tc=61.3046
t=84828ms polish_tc=61.2955
t=85002ms polish_tc=61.2727
t=85183ms polish_tc=61.2674
t=85358ms polish_tc=61.2633
t=85816ms polish_tc=61.2443
t=85987ms polish_tc=61.2009
t=86159ms polish_tc=61.2009
t=86334ms polish_tc=61.1997
t=86508ms polish_tc=61.1903
t=86833ms polish_tc=61.1889
t=86999ms polish_tc=61.1873
t=87169ms polish_tc=61.1836
t=87344ms polish_tc=61.1724
t=87826ms polish_tc=61.1662
t=87998ms polish_tc=61.1650
t=88166ms polish_tc=61.1649
anneal_sweeps=960 cycles=1 fresh=0
t_final=88179ms tc_greedy=79.5756 tc_mcts=79.5756 tc_final=61.1649 tc_full=61.1649 leaves=3369
