simplify: n_orig=3369 n_reduced=381 shrink=0.8869 t_simp=15ms
t_seed=609ms tc_seed=84.1997 seed_trials=15
t_dp=5523ms tc_greedy=74.3980
t_mcts=20846ms mcts: backup=min rollouts=384 rate=18/s depth=3 nodes=385 improves=0 tc_mcts=74.3980
ATTRIBUTION tc_greedy=74.3980 tc_mcts_prepolish=74.3980 mcts_beats_greedy=false
t=21147ms polish_tc=61.9563
t=21340ms polish_tc=61.9134
t=21969ms polish_tc=61.8784
t=22158ms polish_tc=61.8390
t=22973ms polish_tc=61.8335
t=23964ms polish_tc=61.8232
t=24161ms polish_tc=61.8069
t=24966ms polish_tc=61.7968
t=25167ms polish_tc=61.7858
t=25980ms polish_tc=61.7644
t=26172ms polish_tc=61.7275
t=26982ms polish_tc=61.7126
t=27172ms polish_tc=61.7122
t=27970ms polish_tc=61.7097
t=28148ms polish_tc=61.6961
t=28962ms polish_tc=61.6838
t=29153ms polish_tc=61.6577
t=29336ms polish_tc=61.6390
t=29967ms polish_tc=61.6185
t=30166ms polish_tc=61.6169
t=30981ms polish_tc=61.6044
t=31160ms polish_tc=61.5934
t=31981ms polish_tc=61.5755
t=32170ms polish_tc=61.5743
t=32974ms polish_tc=61.5304
t=33157ms polish_tc=61.4868
t=33351ms polish_tc=61.4604
t=33971ms polish_tc=61.4600
t=34182ms polish_tc=61.4585
t=34971ms polish_tc=61.4414
t=35152ms polish_tc=61.4401
t=35320ms polish_tc=61.4314
t=35980ms polish_tc=61.4241
t=36166ms polish_tc=61.4162
t=36979ms polish_tc=61.4054
t=37175ms polish_tc=61.3997
t=37974ms polish_tc=61.3978
t=38164ms polish_tc=61.3894
t=38980ms polish_tc=61.3830
t=39168ms polish_tc=61.3661
t=39972ms polish_tc=61.3490
t=40154ms polish_tc=61.3487
t=40966ms polish_tc=61.3308
t=41151ms polish_tc=61.3197
t=41326ms polish_tc=61.3196
t=41516ms polish_tc=61.3038
t=41966ms polish_tc=61.2934
t=42150ms polish_tc=61.2924
t=42331ms polish_tc=61.2910
t=42520ms polish_tc=61.2863
t=42700ms polish_tc=61.2727
t=42976ms polish_tc=61.2609
t=43162ms polish_tc=61.2516
t=43341ms polish_tc=61.2428
t=43519ms polish_tc=61.2376
t=43968ms polish_tc=61.2352
t=44140ms polish_tc=61.2351
t=44313ms polish_tc=61.2350
t=44499ms polish_tc=61.2202
t=44962ms polish_tc=61.2154
t=45144ms polish_tc=61.2056
t=45329ms polish_tc=61.2032
t=45501ms polish_tc=61.1934
t=45680ms polish_tc=61.1934
t=45970ms polish_tc=61.1897
t=46149ms polish_tc=61.1885
t=46331ms polish_tc=61.1846
t=46503ms polish_tc=61.1773
t=46975ms polish_tc=61.1748
t=47157ms polish_tc=61.1708
t=47344ms polish_tc=61.1636
t=47534ms polish_tc=61.1497
t=47977ms polish_tc=61.1494
t=48158ms polish_tc=61.1332
t=48332ms polish_tc=61.1294
t=48513ms polish_tc=61.1293
t=48971ms polish_tc=61.1292
t=49158ms polish_tc=61.1215
t=49378ms polish_tc=61.1172
t=49549ms polish_tc=61.1172
t=49966ms polish_tc=61.1172
t=50147ms polish_tc=61.1067
t=50340ms polish_tc=61.1043
t=50553ms polish_tc=61.0952
t=50747ms polish_tc=61.0952
t=50971ms polish_tc=61.0936
t=51153ms polish_tc=61.0883
t=51366ms polish_tc=61.0882
t=51552ms polish_tc=61.0856
t=51970ms polish_tc=61.0856
t=52147ms polish_tc=61.0856
t=52357ms polish_tc=61.0803
t=52550ms polish_tc=61.0749
t=52968ms polish_tc=61.0534
t=53156ms polish_tc=61.0315
t=53346ms polish_tc=61.0259
t=53536ms polish_tc=60.9637
t=53810ms polish_tc=60.9168
t=53996ms polish_tc=60.7790
t=54194ms polish_tc=60.7187
t=54390ms polish_tc=60.7118
t=54583ms polish_tc=60.7049
t=54973ms polish_tc=60.6910
t=55165ms polish_tc=60.6805
t=55355ms polish_tc=60.6805
t=55539ms polish_tc=60.6734
t=55968ms polish_tc=60.6734
t=56160ms polish_tc=60.6594
t=56348ms polish_tc=60.6593
t=56551ms polish_tc=60.6487
t=56972ms polish_tc=60.6486
t=57157ms polish_tc=60.6486
t=57357ms polish_tc=60.6449
t=57561ms polish_tc=60.6377
t=57969ms polish_tc=60.6231
t=58165ms polish_tc=60.6194
t=58340ms polish_tc=60.6158
t=58514ms polish_tc=60.6121
t=58762ms polish_tc=60.5973
t=58979ms polish_tc=60.5973
t=59167ms polish_tc=60.5747
t=59370ms polish_tc=60.5675
t=59556ms polish_tc=60.5675
t=59977ms polish_tc=60.5673
t=60178ms polish_tc=60.5671
t=60385ms polish_tc=60.5643
t=60972ms polish_tc=60.5642
t=61166ms polish_tc=60.5634
t=61973ms polish_tc=60.5632
t=62159ms polish_tc=60.5631
t=62970ms polish_tc=60.5630
t=63158ms polish_tc=60.5629
t=63988ms polish_tc=60.5321
t=64183ms polish_tc=60.5321
t=64983ms polish_tc=60.5259
t=65200ms polish_tc=60.4970
t=65973ms polish_tc=60.4844
t=66962ms polish_tc=60.4706
t=67172ms polish_tc=60.4550
t=67979ms polish_tc=60.4419
t=68970ms polish_tc=60.4349
t=69189ms polish_tc=60.4287
t=69980ms polish_tc=60.4196
t=70198ms polish_tc=60.3965
t=70980ms polish_tc=60.3965
t=71187ms polish_tc=60.3923
t=71982ms polish_tc=60.3875
t=72964ms polish_tc=60.3712
t=73168ms polish_tc=60.3487
t=73974ms polish_tc=60.3453
t=74172ms polish_tc=60.3443
t=74976ms polish_tc=60.3352
t=75174ms polish_tc=60.3311
t=75974ms polish_tc=60.3295
t=76176ms polish_tc=60.3262
t=76994ms polish_tc=60.3208
t=77965ms polish_tc=60.3117
t=78167ms polish_tc=60.2933
t=78972ms polish_tc=60.2668
t=79171ms polish_tc=60.2647
t=79980ms polish_tc=60.2623
t=80186ms polish_tc=60.2551
t=80983ms polish_tc=60.2506
t=81173ms polish_tc=60.2503
t=81982ms polish_tc=60.2497
t=82190ms polish_tc=60.2449
t=83014ms polish_tc=60.2336
t=83234ms polish_tc=60.2251
t=83983ms polish_tc=60.2203
t=84204ms polish_tc=60.2156
t=84982ms polish_tc=60.2110
t=85207ms polish_tc=60.2107
t=85987ms polish_tc=60.2107
t=86205ms polish_tc=60.2105
t=86981ms polish_tc=60.2083
t=87235ms polish_tc=60.2060
t=87981ms polish_tc=60.2057
anneal_sweeps=3040 cycles=2 fresh=0
t_final=87997ms tc_greedy=74.3980 tc_mcts=74.3980 tc_final=60.2057 tc_full=60.2057 leaves=3369
