probe: instance=sycamore_53_20_0 n_orig=3369 n=381 fusible=0.8869 nlabels=754 t=17ms
seed_greedy tc=85.5878 t=416ms
t=519ms iter=1 WAIST cost=58.0000 best_alt=45.0000 gap=13.0000 tried=5 sep_labels=45 clique_frac=0.01
t=894ms iter=1 REBUILD ACCEPT new_tc=61.7615 (was 62.2469)
t=4406ms iter=1 incumb=61.7615 ratchet=61.3073 best=61.3051 since_improve=0
t=4415ms iter=2 WAIST cost=57.0000 best_alt=53.0000 gap=4.0000 tried=5 sep_labels=53 clique_frac=0.02
t=4593ms iter=2 REBUILD reject new_tc=61.5521 (was 61.3073)
t=4765ms iter=2 incumb=61.3073 ratchet=61.3186 best=61.3051 since_improve=1
t=4775ms iter=3 WAIST cost=57.0000 best_alt=52.0000 gap=5.0000 tried=5 sep_labels=52 clique_frac=0.01
t=4948ms iter=3 REBUILD reject new_tc=64.0484 (was 61.3073)
t=5120ms iter=3 incumb=61.3073 ratchet=61.3770 best=61.3051 since_improve=2
t=5128ms iter=4 WAIST cost=57.0000 best_alt=53.0000 gap=4.0000 tried=5 sep_labels=53 clique_frac=0.02
t=5306ms iter=4 REBUILD reject new_tc=61.3615 (was 61.3073)
t=6379ms iter=4 incumb=61.3073 ratchet=61.2744 best=61.2462 since_improve=0
t=6390ms iter=5 WAIST cost=57.0000 best_alt=51.0000 gap=6.0000 tried=5 sep_labels=51 clique_frac=0.02
t=6733ms iter=5 REBUILD ACCEPT new_tc=60.7728 (was 61.2744)
t=8488ms iter=5 incumb=60.7728 ratchet=60.6014 best=60.6014 since_improve=0
t=8501ms iter=6 WAIST cost=57.0000 best_alt=49.0000 gap=8.0000 tried=5 sep_labels=49 clique_frac=0.01
t=8660ms iter=6 REBUILD reject new_tc=61.4577 (was 60.6014)
t=8824ms iter=6 incumb=60.6014 ratchet=60.7060 best=60.6014 since_improve=1
t=8834ms iter=7 WAIST cost=57.0000 best_alt=49.0000 gap=8.0000 tried=5 sep_labels=49 clique_frac=0.01
t=8973ms iter=7 REBUILD reject new_tc=77.0000 (was 60.6014)
t=9141ms iter=7 incumb=60.6014 ratchet=60.7263 best=60.6014 since_improve=2
t=9151ms iter=8 WAIST cost=57.0000 best_alt=49.0000 gap=8.0000 tried=5 sep_labels=49 clique_frac=0.01
t=9305ms iter=8 REBUILD reject new_tc=60.9434 (was 60.6014)
t=9467ms iter=8 incumb=60.6014 ratchet=60.7896 best=60.6014 since_improve=3
t=9477ms iter=9 WAIST cost=57.0000 best_alt=49.0000 gap=8.0000 tried=5 sep_labels=49 clique_frac=0.01
t=9615ms iter=9 REBUILD reject new_tc=80.0000 (was 60.6014)
t=9702ms iter=9 incumb=60.6014 ratchet=60.9996 best=60.6014 since_improve=4
t_final=9871ms tc_reduced=60.6014 tc_full=61.7596 leaves=3369
surgery summary: calls=9 cheaper_cuts=9 rebuild_accepts=2 waist_min_hits=0
