simplify: n_orig=1000 n_reduced=1000 shrink=0.0000 t_simp=3ms
t_seed=637ms tc_seed=273.0028 seed_trials=4
t_dp=637ms tc_greedy=273.0028
t=883ms mcts_tc=268.0444
t=4979ms mcts_tc=260.0004
t=6487ms mcts_tc=257.5850
t=24488ms mcts_tc=256.0224
t_mcts=139766ms mcts: backup=min rollouts=704 rate=5/s depth=4 nodes=705 improves=4 tc_mcts=256.0224
ATTRIBUTION tc_greedy=273.0028 tc_mcts_prepolish=256.0224 mcts_beats_greedy=true
t=140498ms polish_tc=255.0000
t=140793ms polish_tc=254.0000
t=141533ms polish_tc=253.0000
t=142537ms polish_tc=252.0000
t=143531ms polish_tc=251.0000
t=144525ms polish_tc=250.0000
t=145525ms polish_tc=249.0000
t=146520ms polish_tc=248.0000
t=147509ms polish_tc=246.0000
t=147791ms polish_tc=245.0000
t=148520ms polish_tc=244.0000
t=149520ms polish_tc=243.0000
t=150524ms polish_tc=242.0000
t=151526ms polish_tc=241.0000
t=151822ms polish_tc=240.0000
t=153481ms polish_tc=239.0000
t=153759ms polish_tc=238.0000
t=154528ms polish_tc=237.0000
t=155509ms polish_tc=235.0000
t=155830ms polish_tc=232.0000
t=156525ms polish_tc=231.0000
t=157520ms polish_tc=230.0000
t=158510ms polish_tc=230.0000
t=158802ms polish_tc=230.0000
t=159521ms polish_tc=230.0000
t=160531ms polish_tc=230.0000
t=161519ms polish_tc=230.0000
t=162518ms polish_tc=230.0000
t=163515ms polish_tc=230.0000
t=164509ms polish_tc=230.0000
t=164791ms polish_tc=230.0000
t=165536ms polish_tc=229.0000
t=166513ms polish_tc=229.0000
t=167519ms polish_tc=228.0000
t=168516ms polish_tc=225.0000
t=169509ms polish_tc=225.0000
t=170506ms polish_tc=224.0000
t=171509ms polish_tc=224.0000
t=171782ms polish_tc=224.0000
t=172534ms polish_tc=224.0000
t=173527ms polish_tc=224.0000
t=174517ms polish_tc=224.0000
t=175526ms polish_tc=223.0000
t=176519ms polish_tc=221.0000
t=177508ms polish_tc=221.0000
t=178510ms polish_tc=220.0000
t=179522ms polish_tc=219.0000
t=180518ms polish_tc=219.0000
t=181507ms polish_tc=219.0000
t=182504ms polish_tc=219.0000
t=182790ms polish_tc=219.0000
t=183545ms polish_tc=218.0000
t=184520ms polish_tc=217.0000
t=184816ms polish_tc=217.0000
t=185522ms polish_tc=217.0000
t=186532ms polish_tc=217.0000
t=187512ms polish_tc=217.0000
t=188521ms polish_tc=217.0000
t=189514ms polish_tc=217.0000
t=190506ms polish_tc=217.0000
t=191507ms polish_tc=217.0000
t=192519ms polish_tc=215.0000
t=193518ms polish_tc=212.0000
t=194511ms polish_tc=210.0000
t=195517ms polish_tc=210.0000
t=195825ms polish_tc=210.0000
t=196542ms polish_tc=210.0000
t=197534ms polish_tc=210.0000
t=198531ms polish_tc=208.0001
t=199510ms polish_tc=208.0001
t=200524ms polish_tc=208.0001
t=201515ms polish_tc=206.0003
t=202509ms polish_tc=206.0003
t=203522ms polish_tc=206.0002
t=203826ms polish_tc=206.0002
t=204531ms polish_tc=206.0002
t=205520ms polish_tc=206.0002
t=206509ms polish_tc=206.0002
t=207514ms polish_tc=206.0002
t=208516ms polish_tc=205.0004
t=209505ms polish_tc=205.0004
t=209811ms polish_tc=205.0003
t=210520ms polish_tc=205.0003
t=211519ms polish_tc=204.0005
t=212506ms polish_tc=203.0011
t=213523ms polish_tc=203.0011
t=214525ms polish_tc=203.0008
t=215517ms polish_tc=203.0008
t=216517ms polish_tc=203.0008
t=216797ms polish_tc=203.0007
t=217519ms polish_tc=202.0013
t=218531ms polish_tc=200.0039
t=219512ms polish_tc=200.0035
t=219815ms polish_tc=199.0054
t=220520ms polish_tc=199.0054
t=221516ms polish_tc=198.0100
t=222533ms polish_tc=198.0004
t=223529ms polish_tc=198.0004
t=224529ms polish_tc=193.0132
t=225509ms polish_tc=193.0123
t=226502ms polish_tc=192.0163
t=227504ms polish_tc=192.0159
t=228514ms polish_tc=191.0284
t=229506ms polish_tc=188.2116
t=229788ms polish_tc=188.2092
t=230539ms polish_tc=188.1671
t=231531ms polish_tc=188.1470
t=232509ms polish_tc=187.2635
t=233522ms polish_tc=187.2543
t=234508ms polish_tc=187.2471
t=235508ms polish_tc=187.2459
t=236508ms polish_tc=186.4466
t=236788ms polish_tc=186.4194
t=237520ms polish_tc=186.3653
t=238519ms polish_tc=186.3487
t=239510ms polish_tc=185.6320
t=240508ms polish_tc=185.6028
t=241514ms polish_tc=185.5581
t=242516ms polish_tc=184.5393
t=243512ms polish_tc=184.2165
t=244521ms polish_tc=183.9103
t=245524ms polish_tc=183.8900
t=246519ms polish_tc=183.7124
t=247515ms polish_tc=183.6365
t=248512ms polish_tc=183.4611
t=249524ms polish_tc=183.4226
t=250526ms polish_tc=183.3212
t=251531ms polish_tc=183.2590
t=252533ms polish_tc=183.2000
t=253537ms polish_tc=183.1363
t=254604ms polish_tc=183.0998
t=255532ms polish_tc=183.0463
t=256539ms polish_tc=182.9125
t=257541ms polish_tc=182.9059
t=258541ms polish_tc=182.8569
t=259537ms polish_tc=182.8357
t=260535ms polish_tc=182.7706
t=261541ms polish_tc=182.6708
t=262531ms polish_tc=182.5244
t=263510ms polish_tc=182.2550
t=264515ms polish_tc=182.1409
t=265508ms polish_tc=182.1183
t=265807ms polish_tc=181.9233
t=266541ms polish_tc=181.9169
t=267533ms polish_tc=181.9029
t=268512ms polish_tc=181.8566
t=269526ms polish_tc=181.8176
t=270518ms polish_tc=181.7043
t=271517ms polish_tc=181.6364
t=272522ms polish_tc=181.5453
t=273516ms polish_tc=181.3287
t=274518ms polish_tc=181.2756
t=275508ms polish_tc=181.2046
t=276513ms polish_tc=181.1374
t=277516ms polish_tc=181.0986
t=278505ms polish_tc=181.0738
t=278792ms polish_tc=180.7998
t=279521ms polish_tc=180.7703
t=280535ms polish_tc=180.5099
t=281531ms polish_tc=180.4119
t=282529ms polish_tc=180.3077
t=283516ms polish_tc=180.2423
t=284518ms polish_tc=180.0847
t=285506ms polish_tc=180.0374
t=285771ms polish_tc=179.9204
t=286531ms polish_tc=179.8803
t=287535ms polish_tc=179.8590
t=288510ms polish_tc=179.8332
t=289506ms polish_tc=179.8160
t=290505ms polish_tc=179.7796
t=290774ms polish_tc=179.6887
t=291533ms polish_tc=179.3448
t=292516ms polish_tc=179.2851
t=292777ms polish_tc=179.2530
t=293537ms polish_tc=179.2464
t=294523ms polish_tc=179.2255
t=294808ms polish_tc=179.1348
t=295538ms polish_tc=179.1113
t=296515ms polish_tc=179.0952
t=296784ms polish_tc=179.0683
t=297519ms polish_tc=178.8023
t=298529ms polish_tc=178.7302
t=299508ms polish_tc=178.6224
t=300517ms polish_tc=178.5116
t=300796ms polish_tc=178.3310
t=301524ms polish_tc=178.2926
t=302525ms polish_tc=178.2915
t=303510ms polish_tc=178.0275
t=304502ms polish_tc=177.7974
t=304764ms polish_tc=177.7881
t=305523ms polish_tc=177.7497
t=306524ms polish_tc=177.7069
t=307510ms polish_tc=177.6693
t=308513ms polish_tc=177.5731
t=309512ms polish_tc=177.5711
t=309795ms polish_tc=177.5575
t=310519ms polish_tc=177.4929
t=311529ms polish_tc=177.4764
t=312517ms polish_tc=177.1495
t=313503ms polish_tc=177.1352
t=314510ms polish_tc=177.1201
t=314787ms polish_tc=177.0497
t=315532ms polish_tc=177.0001
t=316513ms polish_tc=176.8904
t=317507ms polish_tc=176.1504
t=317770ms polish_tc=175.9620
t=318531ms polish_tc=175.9536
t=319516ms polish_tc=175.9345
t=320506ms polish_tc=175.8965
t=320759ms polish_tc=175.8789
t=321513ms polish_tc=175.1985
t=322504ms polish_tc=175.0596
t=323506ms polish_tc=175.0083
t=323761ms polish_tc=174.8232
t=324513ms polish_tc=174.7967
t=325502ms polish_tc=174.6323
t=325760ms polish_tc=174.5498
t=326515ms polish_tc=174.5412
t=327512ms polish_tc=174.2139
t=327775ms polish_tc=173.8849
t=328533ms polish_tc=173.7981
t=329517ms polish_tc=173.6916
t=330519ms polish_tc=173.3898
t=330773ms polish_tc=173.3742
t=331535ms polish_tc=173.2996
t=332516ms polish_tc=173.1445
t=332773ms polish_tc=173.0896
t=333520ms polish_tc=173.0081
t=334518ms polish_tc=172.8408
t=335508ms polish_tc=172.8341
t=335758ms polish_tc=172.7625
t=336527ms polish_tc=172.7296
t=337509ms polish_tc=172.6272
t=337758ms polish_tc=172.1601
t=338513ms polish_tc=172.0379
t=339501ms polish_tc=171.8392
t=339752ms polish_tc=171.7842
t=340512ms polish_tc=171.6434
t=341504ms polish_tc=171.6206
t=341759ms polish_tc=171.5634
t=342518ms polish_tc=171.5258
t=343507ms polish_tc=171.4193
t=344499ms polish_tc=171.3782
t=344769ms polish_tc=171.3634
t=345526ms polish_tc=171.1633
t=346516ms polish_tc=171.1477
t=346758ms polish_tc=171.0611
t=347527ms polish_tc=171.0374
t=348505ms polish_tc=171.0307
t=348743ms polish_tc=170.9401
t=349511ms polish_tc=170.3381
t=349754ms polish_tc=170.1173
t=349995ms polish_tc=170.0356
t=350512ms polish_tc=169.9926
t=350754ms polish_tc=169.8032
t=350999ms polish_tc=169.8002
t=351507ms polish_tc=169.5331
t=351739ms polish_tc=169.4147
t=352501ms polish_tc=169.4032
t=352750ms polish_tc=169.2525
t=353000ms polish_tc=169.1594
t=353501ms polish_tc=169.1284
t=353749ms polish_tc=169.0702
t=353997ms polish_tc=169.0406
t=354502ms polish_tc=168.8691
t=354740ms polish_tc=168.8242
t=354982ms polish_tc=168.8132
t=355504ms polish_tc=168.6823
t=355742ms polish_tc=168.6428
t=355982ms polish_tc=168.5906
t=356522ms polish_tc=168.4620
t=356758ms polish_tc=168.3592
t=356991ms polish_tc=168.3323
t=357522ms polish_tc=168.2948
t=357762ms polish_tc=168.2912
t=357991ms polish_tc=168.1465
t=358524ms polish_tc=168.0460
t=358788ms polish_tc=167.9579
t=359505ms polish_tc=167.8440
t=359758ms polish_tc=167.8343
t=360001ms polish_tc=167.8327
t=360507ms polish_tc=167.7712
t=360746ms polish_tc=167.7457
t=360985ms polish_tc=167.5959
t=361504ms polish_tc=167.4632
t=361737ms polish_tc=167.4417
t=361980ms polish_tc=167.3965
t=362508ms polish_tc=167.3941
t=362753ms polish_tc=167.3549
t=363001ms polish_tc=167.3472
t=363508ms polish_tc=167.3247
t=363768ms polish_tc=167.2830
t=364022ms polish_tc=167.1113
t=364517ms polish_tc=167.0333
t=364750ms polish_tc=166.9721
t=365511ms polish_tc=166.8811
t=365764ms polish_tc=166.8436
t=366011ms polish_tc=166.7240
t=366513ms polish_tc=166.6886
t=366760ms polish_tc=166.5919
t=367005ms polish_tc=166.5160
t=367513ms polish_tc=166.3763
t=367763ms polish_tc=166.2691
t=368000ms polish_tc=166.2211
t=368516ms polish_tc=166.2100
t=368745ms polish_tc=166.1747
t=368991ms polish_tc=166.1667
t=369512ms polish_tc=166.0114
t=369741ms polish_tc=165.8775
t=369969ms polish_tc=165.7930
t=370508ms polish_tc=165.7673
t=370747ms polish_tc=165.7483
t=371000ms polish_tc=165.6332
t=371508ms polish_tc=165.4837
t=371765ms polish_tc=165.4229
t=372029ms polish_tc=165.3702
t=372511ms polish_tc=165.2840
t=372753ms polish_tc=165.2654
t=372986ms polish_tc=165.2503
t=373509ms polish_tc=165.1981
t=373740ms polish_tc=165.1039
t=373960ms polish_tc=165.0849
t=374503ms polish_tc=165.0689
t=374739ms polish_tc=165.0650
t=374959ms polish_tc=165.0495
t=375184ms polish_tc=165.0218
t=375521ms polish_tc=165.0212
t=375743ms polish_tc=164.9934
t=375965ms polish_tc=164.9756
t=376516ms polish_tc=164.9645
t=376737ms polish_tc=164.7983
t=376968ms polish_tc=164.7969
t=377520ms polish_tc=164.6794
t=377744ms polish_tc=164.5855
t=377963ms polish_tc=164.5468
t=378506ms polish_tc=164.4483
t=378737ms polish_tc=164.3786
t=378965ms polish_tc=164.3497
t=379502ms polish_tc=164.3201
t=379735ms polish_tc=164.3201
t=379983ms polish_tc=164.3032
t=380504ms polish_tc=164.2955
t=380750ms polish_tc=164.1585
t=381013ms polish_tc=164.0962
t=381507ms polish_tc=163.9721
t=381752ms polish_tc=163.9462
t=381978ms polish_tc=163.9414
t=382504ms polish_tc=163.9277
t=382758ms polish_tc=163.9195
t=383001ms polish_tc=163.9094
t=383502ms polish_tc=163.8567
t=383716ms polish_tc=163.8042
t=383942ms polish_tc=163.7700
t=384157ms polish_tc=163.7699
t=384518ms polish_tc=163.7697
t=384765ms polish_tc=163.7237
t=385001ms polish_tc=163.7226
t=385519ms polish_tc=163.7216
t=385762ms polish_tc=163.7169
t=386001ms polish_tc=163.7139
t=386519ms polish_tc=163.7123
t=386758ms polish_tc=163.6894
t=387008ms polish_tc=163.6600
t=387518ms polish_tc=163.6483
t=387740ms polish_tc=163.6419
t=387965ms polish_tc=163.6362
t=388511ms polish_tc=163.6361
t=388732ms polish_tc=163.6360
t=388966ms polish_tc=163.6344
t=389510ms polish_tc=163.6165
t=389728ms polish_tc=163.6138
t=389981ms polish_tc=163.6134
t=390505ms polish_tc=163.5985
t=390732ms polish_tc=163.5864
t=390959ms polish_tc=163.4603
t=391499ms polish_tc=163.4446
t=391734ms polish_tc=163.4321
t=391969ms polish_tc=163.4024
t=392501ms polish_tc=163.3665
t=392739ms polish_tc=163.3487
t=392985ms polish_tc=163.2542
t=393503ms polish_tc=163.1959
t=393751ms polish_tc=163.0709
t=393999ms polish_tc=163.0704
t=394503ms polish_tc=163.0478
t=394741ms polish_tc=163.0173
t=394984ms polish_tc=163.0171
t=395503ms polish_tc=163.0150
t=395746ms polish_tc=162.9503
t=395985ms polish_tc=162.9261
t=396502ms polish_tc=162.8099
t=396741ms polish_tc=162.7655
t=396984ms polish_tc=162.7190
t=397501ms polish_tc=162.5846
t=397740ms polish_tc=162.4381
t=397986ms polish_tc=162.3852
t=398500ms polish_tc=162.3810
t=398746ms polish_tc=162.3796
t=398981ms polish_tc=162.3521
t=399502ms polish_tc=162.1118
t=399742ms polish_tc=162.0946
t=399981ms polish_tc=162.0942
t=400502ms polish_tc=162.0327
t=400746ms polish_tc=162.0104
t=400988ms polish_tc=162.0104
t=401501ms polish_tc=161.9696
t=401749ms polish_tc=161.9322
t=401994ms polish_tc=161.9066
t=402504ms polish_tc=161.8412
t=402762ms polish_tc=161.8411
t=403010ms polish_tc=161.8163
t=403500ms polish_tc=161.8163
t=403726ms polish_tc=161.8147
t=403964ms polish_tc=161.8058
t=404502ms polish_tc=161.7862
t=404746ms polish_tc=161.7848
t=404995ms polish_tc=161.6284
t=405503ms polish_tc=161.6169
t=405748ms polish_tc=161.3564
t=405983ms polish_tc=161.1246
t=406501ms polish_tc=161.1199
t=406730ms polish_tc=160.8455
t=406969ms polish_tc=160.8294
t=407500ms polish_tc=160.7676
t=407738ms polish_tc=160.6287
t=407974ms polish_tc=160.6080
t=408200ms polish_tc=160.5888
t=408518ms polish_tc=160.5661
t=408740ms polish_tc=160.4959
t=408967ms polish_tc=160.4936
t=409515ms polish_tc=160.2732
t=409732ms polish_tc=160.1557
t=409954ms polish_tc=160.0501
t=410508ms polish_tc=159.6798
t=410736ms polish_tc=159.5618
t=410984ms polish_tc=159.5584
t=411505ms polish_tc=159.5424
t=411732ms polish_tc=159.5413
t=411954ms polish_tc=159.5328
t=412502ms polish_tc=159.4491
t=412734ms polish_tc=159.4468
t=412969ms polish_tc=159.3724
t=413500ms polish_tc=159.3713
t=413738ms polish_tc=159.3175
t=413974ms polish_tc=159.0471
t=414196ms polish_tc=158.9571
t=414515ms polish_tc=158.6184
t=414752ms polish_tc=158.5113
t=414949ms polish_tc=158.4609
t=415505ms polish_tc=158.2861
t=415720ms polish_tc=158.2779
t=415931ms polish_tc=158.2692
t=416499ms polish_tc=158.2680
t=416708ms polish_tc=158.1905
t=416919ms polish_tc=158.1332
t=417121ms polish_tc=158.0095
t=417518ms polish_tc=157.9354
t=417732ms polish_tc=157.8957
t=417932ms polish_tc=157.8555
t=418515ms polish_tc=157.7287
t=418727ms polish_tc=157.6741
t=419503ms polish_tc=157.5563
t=419727ms polish_tc=157.5488
t=419946ms polish_tc=157.5345
t=420168ms polish_tc=157.5337
t=420511ms polish_tc=157.4877
t=420711ms polish_tc=157.3595
t=420912ms polish_tc=157.3141
t=421107ms polish_tc=157.2768
t=421523ms polish_tc=157.2294
t=421736ms polish_tc=157.2195
t=421944ms polish_tc=157.2043
t=422516ms polish_tc=157.1421
t=422734ms polish_tc=157.0545
t=423506ms polish_tc=156.9582
t=423725ms polish_tc=156.9301
t=423947ms polish_tc=156.8772
t=424501ms polish_tc=156.7872
t=424733ms polish_tc=156.7774
t=424958ms polish_tc=156.7323
t=425177ms polish_tc=156.6626
t=425518ms polish_tc=156.6100
t=425732ms polish_tc=156.5757
t=425944ms polish_tc=156.5757
t=426510ms polish_tc=156.5400
t=426729ms polish_tc=156.5342
t=426950ms polish_tc=156.4651
t=427504ms polish_tc=156.4581
t=427714ms polish_tc=156.3378
t=427935ms polish_tc=156.3028
t=428140ms polish_tc=156.1651
t=428515ms polish_tc=155.9818
t=428738ms polish_tc=155.9660
t=428952ms polish_tc=155.9511
t=429508ms polish_tc=155.9489
t=429728ms polish_tc=155.9444
t=429951ms polish_tc=155.8318
t=430504ms polish_tc=155.7925
t=430724ms polish_tc=155.6757
t=430936ms polish_tc=155.5936
t=431148ms polish_tc=155.5284
t=431514ms polish_tc=155.5197
t=431729ms polish_tc=155.4538
t=431951ms polish_tc=155.2168
t=432506ms polish_tc=155.1973
t=432725ms polish_tc=155.1369
t=432941ms polish_tc=155.1277
t=433499ms polish_tc=155.0984
t=433710ms polish_tc=155.0821
t=433917ms polish_tc=155.0161
t=434131ms polish_tc=155.0126
t=434513ms polish_tc=154.9817
t=434728ms polish_tc=154.9815
t=434950ms polish_tc=154.9606
t=435505ms polish_tc=154.9373
t=435744ms polish_tc=154.9219
t=435977ms polish_tc=154.8858
t=436502ms polish_tc=154.8445
t=436722ms polish_tc=154.7771
t=436957ms polish_tc=154.7420
t=437170ms polish_tc=154.6693
t=437515ms polish_tc=154.6542
t=437732ms polish_tc=154.6489
t=437949ms polish_tc=154.6363
t=438508ms polish_tc=154.6289
t=438732ms polish_tc=154.6253
t=438934ms polish_tc=154.6024
t=439502ms polish_tc=154.5321
t=439711ms polish_tc=154.4996
t=439923ms polish_tc=154.4384
t=440138ms polish_tc=154.3527
t=440510ms polish_tc=154.2612
t=440725ms polish_tc=154.2185
t=440939ms polish_tc=154.1826
t=441511ms polish_tc=154.1626
t=441720ms polish_tc=154.0733
t=441927ms polish_tc=154.0530
t=442131ms polish_tc=154.0075
t=442514ms polish_tc=153.9666
t=442730ms polish_tc=153.9236
t=442947ms polish_tc=153.8937
t=443501ms polish_tc=153.7337
t=443720ms polish_tc=153.6201
t=443932ms polish_tc=153.5787
t=444498ms polish_tc=153.5477
t=444713ms polish_tc=153.5130
t=444928ms polish_tc=153.4365
t=445137ms polish_tc=153.3230
t=445510ms polish_tc=153.2863
t=445733ms polish_tc=153.2712
t=445945ms polish_tc=153.2041
t=446500ms polish_tc=153.1661
t=446711ms polish_tc=153.1519
t=446920ms polish_tc=153.1320
t=447133ms polish_tc=153.1125
t=447508ms polish_tc=153.0569
t=447726ms polish_tc=153.0489
t=447926ms polish_tc=153.0269
t=448518ms polish_tc=153.0269
t=448734ms polish_tc=153.0087
t=448935ms polish_tc=152.9857
t=449512ms polish_tc=152.9779
t=449725ms polish_tc=152.9394
t=449988ms polish_tc=152.8414
t=450503ms polish_tc=152.7603
t=450709ms polish_tc=152.7420
t=450925ms polish_tc=152.7312
t=451130ms polish_tc=152.6607
t=451514ms polish_tc=152.6044
t=451723ms polish_tc=152.5681
t=451930ms polish_tc=152.5577
t=452504ms polish_tc=152.5228
t=452712ms polish_tc=152.5025
t=452923ms polish_tc=152.4539
t=453123ms polish_tc=152.4411
t=453512ms polish_tc=152.3971
t=453707ms polish_tc=152.3520
t=453910ms polish_tc=152.3436
t=454501ms polish_tc=152.3206
t=454702ms polish_tc=152.2748
t=454908ms polish_tc=152.2344
t=455114ms polish_tc=152.2288
t=455518ms polish_tc=152.0468
t=455731ms polish_tc=151.9803
t=455948ms polish_tc=151.9630
t=456501ms polish_tc=151.9190
t=456709ms polish_tc=151.8120
t=456913ms polish_tc=151.8118
t=457107ms polish_tc=151.7578
t=457507ms polish_tc=151.7569
t=457720ms polish_tc=151.7368
t=457938ms polish_tc=151.6657
t=458501ms polish_tc=151.6549
t=458722ms polish_tc=151.6185
t=458939ms polish_tc=151.5674
t=459151ms polish_tc=151.5569
t=459513ms polish_tc=151.4952
t=459709ms polish_tc=151.4789
t=459909ms polish_tc=151.4544
t=460500ms polish_tc=151.3003
t=460713ms polish_tc=151.2986
t=460910ms polish_tc=151.2894
t=461114ms polish_tc=151.2615
t=461507ms polish_tc=151.2062
t=461703ms polish_tc=151.1949
t=461901ms polish_tc=151.1924
t=462097ms polish_tc=151.1625
t=462514ms polish_tc=151.1297
t=462722ms polish_tc=151.0666
t=462933ms polish_tc=151.0618
t=463501ms polish_tc=151.0392
t=463720ms polish_tc=151.0334
t=463928ms polish_tc=151.0334
t=464131ms polish_tc=151.0126
t=464512ms polish_tc=150.9765
t=464710ms polish_tc=150.9457
t=464918ms polish_tc=150.8857
t=465501ms polish_tc=150.8833
t=465707ms polish_tc=150.8617
t=465907ms polish_tc=150.7774
t=466110ms polish_tc=150.6997
t=466511ms polish_tc=150.6787
t=466717ms polish_tc=150.6645
t=466919ms polish_tc=150.6493
t=467496ms polish_tc=150.6016
t=467701ms polish_tc=150.5288
t=467902ms polish_tc=150.5210
t=468110ms polish_tc=150.5055
t=468506ms polish_tc=150.5037
t=468700ms polish_tc=150.4623
t=468906ms polish_tc=150.4292
t=469116ms polish_tc=150.3228
t=469513ms polish_tc=150.2934
t=469718ms polish_tc=150.2785
t=469934ms polish_tc=150.2639
t=470502ms polish_tc=150.2249
t=470707ms polish_tc=150.2152
t=470913ms polish_tc=150.1982
t=471119ms polish_tc=150.1932
t=471510ms polish_tc=150.1836
t=471717ms polish_tc=150.1351
t=471920ms polish_tc=150.1098
t=472114ms polish_tc=150.0908
t=472514ms polish_tc=150.0671
t=472710ms polish_tc=150.0536
t=472917ms polish_tc=150.0502
t=473503ms polish_tc=149.9983
t=473713ms polish_tc=149.9942
t=473922ms polish_tc=149.9864
t=474128ms polish_tc=149.9634
t=474512ms polish_tc=149.9531
t=474720ms polish_tc=149.9487
t=474926ms polish_tc=149.9230
t=475499ms polish_tc=149.8556
t=475706ms polish_tc=149.8553
t=475901ms polish_tc=149.8521
t=476094ms polish_tc=149.8254
t=476504ms polish_tc=149.8158
t=476695ms polish_tc=149.8158
t=476895ms polish_tc=149.7603
t=477099ms polish_tc=149.6649
t=477507ms polish_tc=149.6578
t=477716ms polish_tc=149.6240
t=477930ms polish_tc=149.6157
t=478497ms polish_tc=149.5680
t=478708ms polish_tc=149.5344
t=478926ms polish_tc=149.5285
t=479138ms polish_tc=149.5110
t=479506ms polish_tc=149.4463
t=479709ms polish_tc=149.4421
t=479920ms polish_tc=149.4379
t=480128ms polish_tc=149.4335
t=480512ms polish_tc=149.4164
t=480705ms polish_tc=149.4101
t=480903ms polish_tc=149.4079
t=481495ms polish_tc=149.3859
t=481694ms polish_tc=149.3857
t=481889ms polish_tc=149.3857
t=482092ms polish_tc=149.3769
t=482506ms polish_tc=149.3583
t=482703ms polish_tc=149.3367
t=482908ms polish_tc=149.2931
t=483105ms polish_tc=149.2929
t=483517ms polish_tc=149.2817
t=483683ms polish_tc=149.2664
t=484505ms polish_tc=149.2026
t=484711ms polish_tc=149.1879
t=484923ms polish_tc=149.1477
t=485123ms polish_tc=149.1465
t=485511ms polish_tc=149.1000
t=485720ms polish_tc=149.0789
t=485916ms polish_tc=149.0518
t=486501ms polish_tc=149.0501
t=486703ms polish_tc=149.0494
t=486899ms polish_tc=148.9911
t=487501ms polish_tc=148.9781
t=487696ms polish_tc=148.9605
t=487903ms polish_tc=148.9148
t=488105ms polish_tc=148.9133
t=488508ms polish_tc=148.9086
t=488711ms polish_tc=148.9071
t=488906ms polish_tc=148.9063
t=489097ms polish_tc=148.8267
t=489513ms polish_tc=148.7888
t=489705ms polish_tc=148.7870
t=489907ms polish_tc=148.7468
t=490499ms polish_tc=148.7416
t=490692ms polish_tc=148.7142
t=490888ms polish_tc=148.7073
t=491097ms polish_tc=148.6917
t=491499ms polish_tc=148.6899
t=491690ms polish_tc=148.6546
t=491876ms polish_tc=148.6501
t=492075ms polish_tc=148.6073
t=492508ms polish_tc=148.5998
t=492715ms polish_tc=148.5545
t=492915ms polish_tc=148.5430
t=493107ms polish_tc=148.5352
t=493514ms polish_tc=148.5274
t=493712ms polish_tc=148.5269
t=493913ms polish_tc=148.5230
t=494500ms polish_tc=148.5230
t=494700ms polish_tc=148.5190
t=494904ms polish_tc=148.5012
t=495093ms polish_tc=148.4730
t=495504ms polish_tc=148.4378
t=495707ms polish_tc=148.4357
t=495912ms polish_tc=148.4168
t=496108ms polish_tc=148.3696
t=496510ms polish_tc=148.3297
t=496725ms polish_tc=148.3116
t=496931ms polish_tc=148.3111
t=497121ms polish_tc=148.2888
t=497515ms polish_tc=148.2865
t=497721ms polish_tc=148.2602
t=497923ms polish_tc=148.2317
t=498502ms polish_tc=148.2290
t=498704ms polish_tc=148.2265
t=498897ms polish_tc=148.2193
t=499092ms polish_tc=148.1725
t=499509ms polish_tc=148.1370
t=499704ms polish_tc=148.0978
t=499901ms polish_tc=148.0977
t=500501ms polish_tc=148.0951
t=500701ms polish_tc=148.0950
t=500908ms polish_tc=148.0910
t=501119ms polish_tc=148.0909
t=501517ms polish_tc=148.0896
t=501698ms polish_tc=148.0895
t=501897ms polish_tc=148.0722
t=502091ms polish_tc=148.0667
t=502515ms polish_tc=148.0470
t=502721ms polish_tc=148.0456
t=502920ms polish_tc=148.0456
t=503503ms polish_tc=148.0442
t=503704ms polish_tc=148.0166
t=503906ms polish_tc=148.0152
t=504103ms polish_tc=148.0145
t=504509ms polish_tc=147.9684
t=504713ms polish_tc=147.9335
t=504925ms polish_tc=147.9119
t=505497ms polish_tc=147.9029
t=505692ms polish_tc=147.8885
t=505892ms polish_tc=147.8546
t=506086ms polish_tc=147.8167
t=506500ms polish_tc=147.7941
t=506701ms polish_tc=147.7794
t=506900ms polish_tc=147.7794
t=507093ms polish_tc=147.7769
t=507499ms polish_tc=147.7736
t=507689ms polish_tc=147.7695
t=507885ms polish_tc=147.7629
t=508065ms polish_tc=147.7353
t=508501ms polish_tc=147.7353
t=508698ms polish_tc=147.7353
t=508899ms polish_tc=147.7259
t=509094ms polish_tc=147.7157
t=509512ms polish_tc=147.7123
t=509703ms polish_tc=147.7097
t=509909ms polish_tc=147.7045
t=510499ms polish_tc=147.6932
t=510699ms polish_tc=147.6774
t=510884ms polish_tc=147.6642
t=511080ms polish_tc=147.6641
t=511501ms polish_tc=147.6623
t=511702ms polish_tc=147.6570
t=511906ms polish_tc=147.6498
t=512106ms polish_tc=147.6498
t=512513ms polish_tc=147.6444
t=512704ms polish_tc=147.6390
t=512901ms polish_tc=147.6294
t=513095ms polish_tc=147.6221
t=513508ms polish_tc=147.6184
t=513705ms polish_tc=147.6055
t=513892ms polish_tc=147.6037
t=514080ms polish_tc=147.5826
t=514548ms polish_tc=147.5675
t=514752ms polish_tc=147.5675
t=514955ms polish_tc=147.5637
t=515235ms polish_tc=147.5128
t=515512ms polish_tc=147.5063
t=515689ms polish_tc=147.4984
t=515885ms polish_tc=147.4681
t=516072ms polish_tc=147.3886
t=516514ms polish_tc=147.2438
t=516703ms polish_tc=147.1235
t=516894ms polish_tc=147.1222
t=517498ms polish_tc=147.0120
t=517688ms polish_tc=146.9780
t=517885ms polish_tc=146.9752
t=518079ms polish_tc=146.9709
t=518501ms polish_tc=146.9535
t=518690ms polish_tc=146.9521
t=518860ms polish_tc=146.9462
t=519045ms polish_tc=146.9404
t=519500ms polish_tc=146.9359
t=519705ms polish_tc=146.9315
t=519898ms polish_tc=146.9219
t=520085ms polish_tc=146.9099
t=520506ms polish_tc=146.9047
t=520703ms polish_tc=146.9032
t=520901ms polish_tc=146.8850
t=521102ms polish_tc=146.8744
t=521510ms polish_tc=146.8675
t=521702ms polish_tc=146.8660
t=521892ms polish_tc=146.8621
t=522091ms polish_tc=146.8537
t=522515ms polish_tc=146.8521
t=522715ms polish_tc=146.8500
t=522906ms polish_tc=146.8483
t=523497ms polish_tc=146.8474
t=523699ms polish_tc=146.8464
t=523884ms polish_tc=146.8449
t=524080ms polish_tc=146.8441
t=524501ms polish_tc=146.8441
t=524693ms polish_tc=146.8433
t=524900ms polish_tc=146.8409
t=525107ms polish_tc=146.8409
t=525504ms polish_tc=146.8409
t=525700ms polish_tc=146.8409
t=525905ms polish_tc=146.8402
t=526104ms polish_tc=146.8402
t=526503ms polish_tc=146.8402
t=526694ms polish_tc=146.8370
t=526887ms polish_tc=146.8370
t=527074ms polish_tc=146.8369
t=527500ms polish_tc=146.8369
t=527686ms polish_tc=146.8369
t=527877ms polish_tc=146.8368
t=528085ms polish_tc=146.8356
t=528510ms polish_tc=146.8356
t=528700ms polish_tc=146.8352
t=528899ms polish_tc=146.8313
t=529090ms polish_tc=146.8309
t=529513ms polish_tc=146.8293
t=529700ms polish_tc=146.8269
t=529886ms polish_tc=146.8173
t=530081ms polish_tc=146.8166
t=530512ms polish_tc=146.8165
t=530697ms polish_tc=146.8165
t=530907ms polish_tc=146.8101
t=531110ms polish_tc=146.8101
t=531507ms polish_tc=146.8099
t=531701ms polish_tc=146.8098
t=531901ms polish_tc=146.8098
t=532494ms polish_tc=146.8098
t=532696ms polish_tc=146.8097
t=532904ms polish_tc=146.8097
t=533120ms polish_tc=146.8097
t=533497ms polish_tc=146.8097
t=533690ms polish_tc=146.7039
t=533876ms polish_tc=146.5265
t=534080ms polish_tc=146.4294
t=534501ms polish_tc=146.4294
t=534695ms polish_tc=146.4125
t=534882ms polish_tc=146.3955
t=535068ms polish_tc=146.3783
t=535506ms polish_tc=146.3608
t=535710ms polish_tc=146.3608
t=535903ms polish_tc=146.3476
t=536101ms polish_tc=146.3476
t=536514ms polish_tc=146.3431
t=536703ms polish_tc=146.3387
t=536908ms polish_tc=146.3026
t=537499ms polish_tc=146.2842
t=537694ms polish_tc=146.2372
t=537890ms polish_tc=146.2349
t=538089ms polish_tc=146.1961
t=538502ms polish_tc=146.1836
t=538694ms polish_tc=146.1305
t=538889ms polish_tc=146.1254
t=539090ms polish_tc=146.0464
t=539506ms polish_tc=146.0021
t=539714ms polish_tc=145.9964
t=539923ms polish_tc=145.9520
t=540121ms polish_tc=145.8925
t=540510ms polish_tc=145.8925
t=540703ms polish_tc=145.7743
t=540894ms polish_tc=145.7735
t=541094ms polish_tc=145.7733
t=541515ms polish_tc=145.7699
t=541711ms polish_tc=145.6953
t=541918ms polish_tc=145.6848
t=542501ms polish_tc=145.6457
t=542704ms polish_tc=145.6421
t=542901ms polish_tc=145.6403
t=543091ms polish_tc=145.6367
t=543502ms polish_tc=145.6321
t=543696ms polish_tc=145.6278
t=543908ms polish_tc=145.6204
t=544101ms polish_tc=145.5643
t=544508ms polish_tc=145.5623
t=544709ms polish_tc=145.5585
t=544912ms polish_tc=145.5373
t=545104ms polish_tc=145.5217
t=545514ms polish_tc=145.5217
t=545713ms polish_tc=145.5188
t=545925ms polish_tc=145.5138
t=546498ms polish_tc=145.5039
t=546692ms polish_tc=145.5019
t=546883ms polish_tc=145.4989
t=547068ms polish_tc=145.4962
t=547500ms polish_tc=145.4923
t=547698ms polish_tc=145.4863
t=547888ms polish_tc=145.4852
t=548074ms polish_tc=145.4843
t=548502ms polish_tc=145.4823
t=548700ms polish_tc=145.4736
t=548906ms polish_tc=145.4706
t=549097ms polish_tc=145.4701
t=549505ms polish_tc=145.4696
t=549691ms polish_tc=145.4681
t=549867ms polish_tc=145.4673
t=550065ms polish_tc=145.4668
t=550507ms polish_tc=145.4657
t=550669ms polish_tc=145.4652
t=550854ms polish_tc=145.4642
t=551035ms polish_tc=145.4632
t=551501ms polish_tc=145.4601
t=551687ms polish_tc=145.4591
t=551881ms polish_tc=145.4550
t=552070ms polish_tc=145.4522
t=552508ms polish_tc=145.4506
t=552694ms polish_tc=145.4475
t=553299ms polish_tc=145.3752
t=553549ms polish_tc=145.3078
t=553781ms polish_tc=145.3014
t=553983ms polish_tc=145.1957
t=554514ms polish_tc=145.1033
t=554719ms polish_tc=145.0706
t=554937ms polish_tc=145.0256
t=555505ms polish_tc=144.9254
t=555715ms polish_tc=144.9211
t=555929ms polish_tc=144.8746
t=556161ms polish_tc=144.8297
t=556517ms polish_tc=144.7881
t=556731ms polish_tc=144.6933
t=556955ms polish_tc=144.6705
t=557507ms polish_tc=144.6212
t=557708ms polish_tc=144.6177
t=557900ms polish_tc=144.5969
t=558502ms polish_tc=144.5034
t=558701ms polish_tc=144.4883
t=558884ms polish_tc=144.4396
t=559500ms polish_tc=144.4162
t=559689ms polish_tc=144.3874
t=559877ms polish_tc=144.3851
t=560076ms polish_tc=144.3836
t=560500ms polish_tc=144.3522
t=560701ms polish_tc=144.3177
t=560897ms polish_tc=144.2735
t=561087ms polish_tc=144.2655
t=561506ms polish_tc=144.2633
t=561693ms polish_tc=144.1863
t=561878ms polish_tc=144.1684
t=562068ms polish_tc=144.1651
t=562505ms polish_tc=144.1231
t=562713ms polish_tc=144.1142
t=562906ms polish_tc=144.0255
t=563089ms polish_tc=144.0008
t=563507ms polish_tc=143.9893
t=563695ms polish_tc=143.9882
t=563876ms polish_tc=143.9836
t=564115ms polish_tc=143.9824
t=564513ms polish_tc=143.9619
t=564705ms polish_tc=143.9425
t=564884ms polish_tc=143.9396
t=565071ms polish_tc=143.9389
t=565511ms polish_tc=143.9263
t=565708ms polish_tc=143.9046
t=565911ms polish_tc=143.8976
t=566496ms polish_tc=143.7792
t=566689ms polish_tc=143.7614
t=566886ms polish_tc=143.7512
t=567082ms polish_tc=143.6557
t=567498ms polish_tc=143.6469
t=567692ms polish_tc=143.6219
t=567892ms polish_tc=143.5677
t=568089ms polish_tc=143.5653
t=568500ms polish_tc=143.5651
t=568689ms polish_tc=143.5414
t=568873ms polish_tc=143.5113
t=569071ms polish_tc=143.5111
t=569500ms polish_tc=143.4897
t=569703ms polish_tc=143.4762
t=569983ms polish_tc=143.4635
t=570194ms polish_tc=143.4605
t=570503ms polish_tc=143.4079
t=570684ms polish_tc=143.4017
t=570857ms polish_tc=143.3721
t=571045ms polish_tc=143.3513
t=571499ms polish_tc=143.3188
t=571674ms polish_tc=143.2871
t=571849ms polish_tc=143.2801
t=572034ms polish_tc=143.2704
t=572498ms polish_tc=143.2563
t=572675ms polish_tc=143.2198
t=572872ms polish_tc=143.2004
t=573051ms polish_tc=143.1771
t=573266ms polish_tc=143.1495
t=573509ms polish_tc=143.1290
t=573697ms polish_tc=143.0902
t=573880ms polish_tc=143.0862
t=574058ms polish_tc=143.0802
t=574508ms polish_tc=143.0479
t=574684ms polish_tc=143.0054
t=574866ms polish_tc=142.9988
t=575046ms polish_tc=142.9234
t=575502ms polish_tc=142.9115
t=575677ms polish_tc=142.8745
t=575866ms polish_tc=142.8464
t=576035ms polish_tc=142.8394
t=576497ms polish_tc=142.7910
t=576659ms polish_tc=142.7845
t=576844ms polish_tc=142.7744
t=577024ms polish_tc=142.7258
t=577206ms polish_tc=142.6943
t=577513ms polish_tc=142.6692
t=577709ms polish_tc=142.6525
t=577890ms polish_tc=142.6247
t=578497ms polish_tc=142.5948
t=578672ms polish_tc=142.5911
t=578858ms polish_tc=142.5501
t=579034ms polish_tc=142.5167
t=579200ms polish_tc=142.5166
t=579509ms polish_tc=142.4968
t=579678ms polish_tc=142.4968
t=579861ms polish_tc=142.4960
t=580047ms polish_tc=142.4703
t=580507ms polish_tc=142.4700
t=580684ms polish_tc=142.4376
t=580857ms polish_tc=142.4373
t=581031ms polish_tc=142.4370
t=581500ms polish_tc=142.4208
t=581682ms polish_tc=142.4198
t=581850ms polish_tc=142.4028
t=582029ms polish_tc=142.4028
t=582499ms polish_tc=142.3928
t=582683ms polish_tc=142.3832
t=582866ms polish_tc=142.3407
t=583049ms polish_tc=142.3397
t=583497ms polish_tc=142.3334
t=583677ms polish_tc=142.3208
t=583860ms polish_tc=142.3191
t=584039ms polish_tc=142.3101
t=584291ms polish_tc=142.2900
t=584508ms polish_tc=142.2778
t=584686ms polish_tc=142.2437
t=584867ms polish_tc=142.2421
t=585044ms polish_tc=142.2409
t=585505ms polish_tc=142.2024
t=585680ms polish_tc=142.2011
t=585859ms polish_tc=142.1614
t=586043ms polish_tc=142.1540
t=586503ms polish_tc=142.1536
t=586686ms polish_tc=142.1132
t=586871ms polish_tc=142.0250
t=587041ms polish_tc=141.9835
t=587498ms polish_tc=141.9807
t=587668ms polish_tc=141.9792
t=587855ms polish_tc=141.8908
t=588035ms polish_tc=141.8693
t=588203ms polish_tc=141.8677
t=588510ms polish_tc=141.8583
t=588684ms polish_tc=141.8221
t=588864ms polish_tc=141.8197
t=589035ms polish_tc=141.8149
t=589499ms polish_tc=141.8021
t=589676ms polish_tc=141.8006
t=589864ms polish_tc=141.7838
t=590045ms polish_tc=141.7814
t=590497ms polish_tc=141.7706
t=590675ms polish_tc=141.7176
t=590856ms polish_tc=141.7160
t=591037ms polish_tc=141.7116
t=591503ms polish_tc=141.7116
t=591674ms polish_tc=141.7047
t=591847ms polish_tc=141.7039
t=592024ms polish_tc=141.6864
t=592501ms polish_tc=141.6768
t=592679ms polish_tc=141.6767
t=592856ms polish_tc=141.6492
t=593049ms polish_tc=141.6368
t=593499ms polish_tc=141.6357
t=593687ms polish_tc=141.5934
t=593879ms polish_tc=141.5479
t=594076ms polish_tc=141.5326
t=594501ms polish_tc=141.5315
t=594690ms polish_tc=141.5148
t=594882ms polish_tc=141.5128
t=595068ms polish_tc=141.4889
t=595496ms polish_tc=141.4868
t=595669ms polish_tc=141.4848
t=595844ms polish_tc=141.4706
t=596037ms polish_tc=141.4667
t=596494ms polish_tc=141.4453
t=596687ms polish_tc=141.4451
t=596887ms polish_tc=141.4104
t=597076ms polish_tc=141.3932
t=597504ms polish_tc=141.3596
t=597699ms polish_tc=141.3420
t=597883ms polish_tc=141.3402
t=598088ms polish_tc=141.2924
t=598506ms polish_tc=141.2795
t=598696ms polish_tc=141.2760
t=598887ms polish_tc=141.2608
t=599064ms polish_tc=141.2502
t=599505ms polish_tc=141.2502
t=599694ms polish_tc=141.2478
t=599894ms polish_tc=141.2360
t=600090ms polish_tc=141.2348
t=600507ms polish_tc=141.2191
t=600693ms polish_tc=141.2033
t=600877ms polish_tc=141.1997
t=601064ms polish_tc=141.1985
t=601508ms polish_tc=141.1922
t=601698ms polish_tc=141.1846
t=601885ms polish_tc=141.1833
t=602077ms polish_tc=141.1712
t=602509ms polish_tc=141.1658
t=602705ms polish_tc=141.1632
t=602900ms polish_tc=141.1588
t=603073ms polish_tc=141.1584
t=603508ms polish_tc=141.1565
t=603699ms polish_tc=141.1540
t=603886ms polish_tc=141.1323
t=604074ms polish_tc=141.1323
t=604510ms polish_tc=141.1297
t=604695ms polish_tc=141.1194
t=604887ms polish_tc=141.0973
t=605079ms polish_tc=141.0699
t=605504ms polish_tc=140.9835
t=605709ms polish_tc=140.9387
t=605909ms polish_tc=140.9380
t=606500ms polish_tc=140.9262
t=606704ms polish_tc=140.9240
t=606901ms polish_tc=140.9000
t=607095ms polish_tc=140.9000
t=607505ms polish_tc=140.8477
t=607699ms polish_tc=140.8179
t=607895ms polish_tc=140.8051
t=608091ms polish_tc=140.8043
t=608508ms polish_tc=140.8028
t=608698ms polish_tc=140.8024
t=608901ms polish_tc=140.7789
t=609099ms polish_tc=140.7772
t=609508ms polish_tc=140.7507
t=609702ms polish_tc=140.7463
t=609899ms polish_tc=140.7123
t=610077ms polish_tc=140.6844
t=610508ms polish_tc=140.6720
t=610698ms polish_tc=140.6572
t=610881ms polish_tc=140.6568
t=611072ms polish_tc=140.6438
t=611507ms polish_tc=140.6292
t=611699ms polish_tc=140.6290
t=611888ms polish_tc=140.6263
t=612088ms polish_tc=140.6231
t=612502ms polish_tc=140.6212
t=612684ms polish_tc=140.6139
t=612879ms polish_tc=140.5860
t=613062ms polish_tc=140.5822
t=613501ms polish_tc=140.5363
t=613690ms polish_tc=140.5246
t=613869ms polish_tc=140.5246
t=614047ms polish_tc=140.5207
t=614507ms polish_tc=140.5188
t=614688ms polish_tc=140.5129
t=614875ms polish_tc=140.4950
t=615081ms polish_tc=140.4799
t=615501ms polish_tc=140.4718
t=615695ms polish_tc=140.3355
t=615891ms polish_tc=140.3198
t=616495ms polish_tc=140.2994
t=616695ms polish_tc=140.2810
t=616894ms polish_tc=140.2362
t=617077ms polish_tc=140.2169
t=617500ms polish_tc=140.2145
t=617686ms polish_tc=140.1851
t=617881ms polish_tc=140.1826
t=618080ms polish_tc=140.1751
t=618501ms polish_tc=140.1701
t=618699ms polish_tc=140.1576
t=618891ms polish_tc=140.1550
t=619083ms polish_tc=140.1550
t=619507ms polish_tc=140.1140
t=619690ms polish_tc=140.1088
t=619873ms polish_tc=140.1087
t=620056ms polish_tc=140.1034
t=620507ms polish_tc=140.0956
t=620710ms polish_tc=140.0716
t=620923ms polish_tc=140.0609
t=621511ms polish_tc=140.0500
t=621714ms polish_tc=140.0500
t=621921ms polish_tc=140.0446
t=622497ms polish_tc=140.0419
t=622683ms polish_tc=139.9102
t=622864ms polish_tc=139.9087
t=623058ms polish_tc=139.8905
t=623256ms polish_tc=139.8846
t=623513ms polish_tc=139.8722
t=623709ms polish_tc=139.8442
t=623903ms polish_tc=139.8348
t=624500ms polish_tc=139.8316
t=624688ms polish_tc=139.8283
t=624891ms polish_tc=139.8220
t=625510ms polish_tc=139.8092
t=625720ms polish_tc=139.8058
t=625929ms polish_tc=139.8027
t=626125ms polish_tc=139.7770
t=626503ms polish_tc=139.7597
t=626691ms polish_tc=139.7596
t=626892ms polish_tc=139.7325
t=627499ms polish_tc=139.7323
t=627708ms polish_tc=139.7323
t=628015ms polish_tc=139.7323
t=628261ms polish_tc=139.7299
t=628503ms polish_tc=139.7295
t=628712ms polish_tc=139.7295
t=628936ms polish_tc=139.7293
t=629146ms polish_tc=139.7291
t=629513ms polish_tc=139.7291
t=629715ms polish_tc=139.7291
t=629961ms polish_tc=139.7290
t=630495ms polish_tc=139.7289
t=630694ms polish_tc=139.7289
t=630949ms polish_tc=139.7289
t=631157ms polish_tc=139.7289
t=631505ms polish_tc=139.7289
t=632251ms polish_tc=139.6605
t=632469ms polish_tc=139.6586
t=632688ms polish_tc=139.6315
t=632900ms polish_tc=139.5801
t=633088ms polish_tc=139.4780
t=633497ms polish_tc=139.4446
t=633726ms polish_tc=139.3998
t=633922ms polish_tc=139.3869
t=634139ms polish_tc=139.3357
t=634508ms polish_tc=139.3264
t=634741ms polish_tc=139.3045
t=634957ms polish_tc=139.2780
t=635499ms polish_tc=139.2672
t=635700ms polish_tc=139.1993
t=635890ms polish_tc=139.1938
t=636092ms polish_tc=139.1901
t=636507ms polish_tc=139.1731
t=636737ms polish_tc=139.1483
t=636946ms polish_tc=139.0652
t=637228ms polish_tc=139.0590
t=637700ms polish_tc=139.0463
t=637905ms polish_tc=139.0138
t=638117ms polish_tc=139.0095
t=638510ms polish_tc=138.9281
t=638713ms polish_tc=138.8702
t=638900ms polish_tc=138.8481
t=639102ms polish_tc=138.8116
t=639518ms polish_tc=138.8018
t=639738ms polish_tc=138.7946
t=639936ms polish_tc=138.7624
t=640505ms polish_tc=138.7449
t=640702ms polish_tc=138.7345
t=640912ms polish_tc=138.7267
t=641119ms polish_tc=138.7033
t=641514ms polish_tc=138.6673
t=641717ms polish_tc=138.6512
t=641928ms polish_tc=138.5431
t=642501ms polish_tc=138.5272
t=642681ms polish_tc=138.4908
t=642870ms polish_tc=138.4450
t=643070ms polish_tc=138.4424
t=643502ms polish_tc=138.4076
t=643705ms polish_tc=138.3840
t=643909ms polish_tc=138.3456
t=644103ms polish_tc=138.3275
t=644504ms polish_tc=138.2988
t=644687ms polish_tc=138.2954
t=644880ms polish_tc=138.2811
t=645066ms polish_tc=138.2613
t=645506ms polish_tc=138.2134
t=645694ms polish_tc=138.1764
t=645890ms polish_tc=138.1570
t=646095ms polish_tc=138.1212
t=646510ms polish_tc=138.1204
t=646713ms polish_tc=138.1178
t=646909ms polish_tc=138.1021
t=647100ms polish_tc=138.0928
t=647513ms polish_tc=138.0124
t=647696ms polish_tc=137.9817
t=647881ms polish_tc=137.9548
t=648067ms polish_tc=137.9523
t=648512ms polish_tc=137.9109
t=648719ms polish_tc=137.8904
t=648921ms polish_tc=137.8764
t=649499ms polish_tc=137.8697
t=649696ms polish_tc=137.8674
t=649891ms polish_tc=137.8620
t=650084ms polish_tc=137.8500
t=650502ms polish_tc=137.7915
t=650693ms polish_tc=137.7638
t=650876ms polish_tc=137.7573
t=651065ms polish_tc=137.7151
t=651505ms polish_tc=137.7099
t=651700ms polish_tc=137.6685
t=651902ms polish_tc=137.6422
t=652506ms polish_tc=137.5961
t=652686ms polish_tc=137.5793
t=652871ms polish_tc=137.5606
t=653056ms polish_tc=137.5527
t=653505ms polish_tc=137.5379
t=653693ms polish_tc=137.4990
t=653883ms polish_tc=137.4595
t=654071ms polish_tc=137.4283
t=654509ms polish_tc=137.3802
t=654702ms polish_tc=137.3662
t=654878ms polish_tc=137.3420
t=655055ms polish_tc=137.3308
t=655506ms polish_tc=137.3275
t=655700ms polish_tc=137.3194
t=655888ms polish_tc=137.3167
t=656084ms polish_tc=137.3120
t=656510ms polish_tc=137.2611
t=656715ms polish_tc=137.2600
t=656902ms polish_tc=137.1975
t=657090ms polish_tc=137.1888
t=657513ms polish_tc=137.1689
t=657709ms polish_tc=137.1589
t=657899ms polish_tc=137.1563
t=658499ms polish_tc=137.1344
t=658697ms polish_tc=137.1189
t=658877ms polish_tc=137.0927
t=659073ms polish_tc=137.0821
t=659499ms polish_tc=137.0663
t=659694ms polish_tc=137.0114
t=659893ms polish_tc=136.9640
t=660094ms polish_tc=136.9300
t=660505ms polish_tc=136.9009
t=660693ms polish_tc=136.8765
t=660891ms polish_tc=136.8758
t=661083ms polish_tc=136.8574
t=661507ms polish_tc=136.8398
t=661696ms polish_tc=136.8337
t=661885ms polish_tc=136.8201
t=662076ms polish_tc=136.8038
t=662510ms polish_tc=136.7868
t=662695ms polish_tc=136.7704
t=662881ms polish_tc=136.7336
t=663076ms polish_tc=136.7199
t=663509ms polish_tc=136.6520
t=663699ms polish_tc=136.6403
t=663878ms polish_tc=136.6331
t=664070ms polish_tc=136.6290
t=664511ms polish_tc=136.6161
t=664699ms polish_tc=136.6161
t=664896ms polish_tc=136.5658
t=665083ms polish_tc=136.5440
t=665502ms polish_tc=136.5400
t=665683ms polish_tc=136.4773
t=665863ms polish_tc=136.4770
t=666050ms polish_tc=136.4766
t=666504ms polish_tc=136.4739
t=666692ms polish_tc=136.4699
t=666884ms polish_tc=136.4365
t=667070ms polish_tc=136.3802
t=667513ms polish_tc=136.3452
t=667707ms polish_tc=136.3253
t=667907ms polish_tc=136.3228
t=668499ms polish_tc=136.3095
t=668687ms polish_tc=136.3052
t=668879ms polish_tc=136.2840
t=669078ms polish_tc=136.2647
t=669499ms polish_tc=136.2321
t=669687ms polish_tc=136.2040
t=669873ms polish_tc=136.1939
t=670066ms polish_tc=136.1775
t=670499ms polish_tc=136.1637
t=670694ms polish_tc=136.1463
t=670877ms polish_tc=136.1333
t=671070ms polish_tc=136.1254
t=671502ms polish_tc=136.1134
t=671699ms polish_tc=136.1032
t=671887ms polish_tc=136.1031
t=672076ms polish_tc=136.1018
t=672500ms polish_tc=136.0926
t=672682ms polish_tc=136.0713
t=672867ms polish_tc=136.0700
t=673052ms polish_tc=136.0689
t=673495ms polish_tc=136.0677
t=673714ms polish_tc=136.0630
t=673894ms polish_tc=136.0626
t=674077ms polish_tc=136.0489
t=674251ms polish_tc=136.0489
t=674503ms polish_tc=136.0468
t=674697ms polish_tc=136.0324
t=674904ms polish_tc=136.0199
t=675097ms polish_tc=136.0114
t=675510ms polish_tc=136.0003
t=675699ms polish_tc=135.9776
t=675878ms polish_tc=135.9776
t=676077ms polish_tc=135.9690
t=676507ms polish_tc=135.9663
t=676690ms polish_tc=135.9658
t=676883ms polish_tc=135.9627
t=677068ms polish_tc=135.9511
t=677504ms polish_tc=135.9451
t=677687ms polish_tc=135.9274
t=677872ms polish_tc=135.9125
t=678053ms polish_tc=135.9095
t=678503ms polish_tc=135.9065
t=678700ms polish_tc=135.8762
t=678883ms polish_tc=135.8532
t=679061ms polish_tc=135.8312
t=679499ms polish_tc=135.7768
t=679676ms polish_tc=135.7768
t=679847ms polish_tc=135.7765
t=680024ms polish_tc=135.7698
t=680188ms polish_tc=135.7618
t=680509ms polish_tc=135.7509
t=680685ms polish_tc=135.7406
t=680853ms polish_tc=135.7238
t=681026ms polish_tc=135.7237
t=681503ms polish_tc=135.7100
t=681679ms polish_tc=135.6962
t=681856ms polish_tc=135.6395
t=682024ms polish_tc=135.6392
t=682495ms polish_tc=135.6173
t=682665ms polish_tc=135.6099
t=682839ms polish_tc=135.6099
t=683017ms polish_tc=135.6097
t=683180ms polish_tc=135.5838
t=683506ms polish_tc=135.5779
t=683685ms polish_tc=135.5758
t=683869ms polish_tc=135.5739
t=684047ms polish_tc=135.5663
t=684496ms polish_tc=135.5652
t=684669ms polish_tc=135.5572
t=684849ms polish_tc=135.5569
t=685029ms polish_tc=135.5529
t=685500ms polish_tc=135.5527
t=685790ms polish_tc=135.5504
t=685974ms polish_tc=135.5503
t=686156ms polish_tc=135.5503
t=686497ms polish_tc=135.5500
t=686702ms polish_tc=135.5499
t=686893ms polish_tc=135.5423
t=687089ms polish_tc=135.5422
t=687498ms polish_tc=135.5422
t=687675ms polish_tc=135.5422
t=687867ms polish_tc=135.5422
t=688056ms polish_tc=135.5422
t=688593ms polish_tc=135.5422
t=689307ms polish_tc=135.4927
t=689539ms polish_tc=135.4748
t=689815ms polish_tc=135.4323
t=690116ms polish_tc=135.3609
t=690500ms polish_tc=135.3559
t=690730ms polish_tc=135.3357
t=690946ms polish_tc=135.3281
t=691518ms polish_tc=135.3276
t=691725ms polish_tc=135.3104
t=691929ms polish_tc=135.2544
t=692503ms polish_tc=135.2544
t=692735ms polish_tc=135.2535
t=692957ms polish_tc=135.2458
t=693513ms polish_tc=135.2385
t=693755ms polish_tc=135.1857
t=693970ms polish_tc=135.1556
t=694193ms polish_tc=135.1486
t=694516ms polish_tc=135.1318
t=694754ms polish_tc=135.1247
t=694962ms polish_tc=135.1117
t=695509ms polish_tc=135.0954
t=695714ms polish_tc=135.0741
t=695941ms polish_tc=135.0706
t=696518ms polish_tc=135.0477
t=696734ms polish_tc=135.0257
t=696950ms polish_tc=135.0233
t=697507ms polish_tc=135.0148
t=697718ms polish_tc=134.9784
t=697919ms polish_tc=134.9726
t=698501ms polish_tc=134.9710
t=698761ms polish_tc=134.9648
t=698976ms polish_tc=134.9528
t=699203ms polish_tc=134.9501
t=699513ms polish_tc=134.9362
t=699717ms polish_tc=134.9298
t=699919ms polish_tc=134.9211
t=700113ms polish_tc=134.9144
t=700517ms polish_tc=134.9082
t=700723ms polish_tc=134.9023
t=700926ms polish_tc=134.9023
t=701505ms polish_tc=134.8940
t=701753ms polish_tc=134.8851
t=701968ms polish_tc=134.8813
t=702167ms polish_tc=134.8809
t=702514ms polish_tc=134.8809
t=702733ms polish_tc=134.8594
t=702936ms polish_tc=134.8532
t=703499ms polish_tc=134.8513
t=703704ms polish_tc=134.8474
t=703921ms polish_tc=134.8460
t=704130ms polish_tc=134.8415
t=704512ms polish_tc=134.8310
t=704696ms polish_tc=134.8278
t=704900ms polish_tc=134.8207
t=705085ms polish_tc=134.8207
t=705515ms polish_tc=134.8118
t=705707ms polish_tc=134.8114
t=705903ms polish_tc=134.8114
t=706501ms polish_tc=134.8113
t=706723ms polish_tc=134.8049
t=706939ms polish_tc=134.8016
t=707144ms polish_tc=134.7854
t=707509ms polish_tc=134.7854
t=707707ms polish_tc=134.7837
t=707909ms polish_tc=134.7764
t=708498ms polish_tc=134.7764
t=708697ms polish_tc=134.7623
t=708916ms polish_tc=134.7623
t=709110ms polish_tc=134.7623
t=709500ms polish_tc=134.7623
t=709743ms polish_tc=134.7619
t=709952ms polish_tc=134.7552
t=710140ms polish_tc=134.7552
t=710504ms polish_tc=134.7552
t=710903ms polish_tc=134.7418
t=711100ms polish_tc=134.7418
t=711298ms polish_tc=134.7350
t=711502ms polish_tc=134.7283
t=711712ms polish_tc=134.7283
t=712731ms polish_tc=134.7221
t=712985ms polish_tc=134.7154
t=713162ms polish_tc=134.6863
t=713398ms polish_tc=134.6688
t=713597ms polish_tc=134.6595
t=713787ms polish_tc=134.6315
t=713987ms polish_tc=134.6270
t=714164ms polish_tc=134.6270
t=714508ms polish_tc=134.6075
t=714687ms polish_tc=134.5889
t=714877ms polish_tc=134.5082
t=715095ms polish_tc=134.5000
t=715509ms polish_tc=134.4975
t=715693ms polish_tc=134.4970
t=715882ms polish_tc=134.4741
t=716097ms polish_tc=134.4728
t=716509ms polish_tc=134.4479
t=716701ms polish_tc=134.4478
t=716933ms polish_tc=134.4472
t=717498ms polish_tc=134.4348
t=717703ms polish_tc=134.4348
t=717911ms polish_tc=134.4277
t=718127ms polish_tc=134.4178
t=718506ms polish_tc=134.4177
t=718712ms polish_tc=134.4052
t=718910ms polish_tc=134.4041
t=719101ms polish_tc=134.4041
t=719512ms polish_tc=134.4020
t=719706ms polish_tc=134.3934
t=719936ms polish_tc=134.3928
t=720498ms polish_tc=134.3928
t=720710ms polish_tc=134.3845
t=720913ms polish_tc=134.3844
t=721112ms polish_tc=134.3842
t=721514ms polish_tc=134.3761
t=721718ms polish_tc=134.3756
t=721908ms polish_tc=134.3756
t=722503ms polish_tc=134.3756
t=722770ms polish_tc=134.3721
t=723006ms polish_tc=134.3721
t=723205ms polish_tc=134.3720
t=723508ms polish_tc=134.3720
t=723716ms polish_tc=134.3667
t=723903ms polish_tc=134.3667
t=724083ms polish_tc=134.3665
t=724508ms polish_tc=134.3665
t=724739ms polish_tc=134.3661
t=724924ms polish_tc=134.3660
t=725121ms polish_tc=134.3660
t=725518ms polish_tc=134.3660
t=725731ms polish_tc=134.3655
t=725920ms polish_tc=134.3655
t=726497ms polish_tc=134.3655
t=726699ms polish_tc=134.3655
t=726899ms polish_tc=134.3655
t=727270ms polish_tc=134.3649
t=727501ms polish_tc=134.3641
t=727697ms polish_tc=134.3641
t=727905ms polish_tc=134.3636
t=728140ms polish_tc=134.3636
t=728510ms polish_tc=134.3636
t=729377ms polish_tc=134.3509
t=729563ms polish_tc=134.3431
t=729780ms polish_tc=134.3323
t=730001ms polish_tc=134.3062
t=730211ms polish_tc=134.2938
t=730513ms polish_tc=134.2800
t=730717ms polish_tc=134.2754
t=730923ms polish_tc=134.2600
t=731503ms polish_tc=134.2290
t=731716ms polish_tc=134.2290
t=731939ms polish_tc=134.2049
t=732143ms polish_tc=134.1888
t=732514ms polish_tc=134.1866
t=732719ms polish_tc=134.1683
t=732910ms polish_tc=134.1632
t=733501ms polish_tc=134.1553
t=733699ms polish_tc=134.1451
t=733905ms polish_tc=134.1247
t=734133ms polish_tc=134.1233
t=734508ms polish_tc=134.1166
t=734939ms polish_tc=134.1146
t=735161ms polish_tc=134.1131
t=735498ms polish_tc=134.1046
t=735703ms polish_tc=134.1046
t=735893ms polish_tc=134.1046
t=736118ms polish_tc=134.0788
t=736504ms polish_tc=134.0762
t=736701ms polish_tc=134.0762
t=736922ms polish_tc=134.0762
t=737134ms polish_tc=134.0641
t=737508ms polish_tc=134.0615
t=737710ms polish_tc=134.0608
t=737916ms polish_tc=134.0607
t=738501ms polish_tc=134.0600
t=738708ms polish_tc=134.0594
t=738935ms polish_tc=134.0591
t=739140ms polish_tc=134.0587
t=739510ms polish_tc=134.0587
t=739713ms polish_tc=134.0587
t=739918ms polish_tc=134.0587
t=740110ms polish_tc=134.0587
t=740519ms polish_tc=134.0587
t=740748ms polish_tc=134.0565
t=740957ms polish_tc=134.0537
t=741507ms polish_tc=134.0535
t=741702ms polish_tc=134.0533
t=741907ms polish_tc=134.0532
t=742119ms polish_tc=134.0531
t=742515ms polish_tc=134.0529
t=742748ms polish_tc=134.0522
t=742996ms polish_tc=134.0522
t=743507ms polish_tc=134.0522
t=744619ms polish_tc=134.0513
t=744870ms polish_tc=134.0483
t=745062ms polish_tc=134.0389
t=745289ms polish_tc=134.0194
t=745513ms polish_tc=134.0180
t=745721ms polish_tc=134.0082
t=745916ms polish_tc=133.9926
t=746500ms polish_tc=133.9710
t=746784ms polish_tc=133.9700
t=746989ms polish_tc=133.9699
t=747216ms polish_tc=133.9597
t=747517ms polish_tc=133.9597
t=747724ms polish_tc=133.9488
t=748080ms polish_tc=133.9440
t=748500ms polish_tc=133.9440
t=748708ms polish_tc=133.9436
t=748954ms polish_tc=133.9426
t=749169ms polish_tc=133.9426
t=749503ms polish_tc=133.9313
t=749707ms polish_tc=133.9311
t=749961ms polish_tc=133.9308
t=750168ms polish_tc=133.9307
t=750511ms polish_tc=133.9307
t=750699ms polish_tc=133.9305
t=750900ms polish_tc=133.9300
t=751502ms polish_tc=133.9300
t=751709ms polish_tc=133.9089
t=751919ms polish_tc=133.8352
t=752133ms polish_tc=133.8221
t=752510ms polish_tc=133.8189
t=752719ms polish_tc=133.8187
t=752922ms polish_tc=133.8059
t=753496ms polish_tc=133.7534
t=753700ms polish_tc=133.7416
t=753910ms polish_tc=133.7398
t=754109ms polish_tc=133.7263
t=754503ms polish_tc=133.7130
t=754707ms polish_tc=133.6992
t=754913ms polish_tc=133.6988
t=755127ms polish_tc=133.6987
t=755512ms polish_tc=133.6987
t=755712ms polish_tc=133.6847
t=755905ms polish_tc=133.6847
t=756500ms polish_tc=133.6794
t=756695ms polish_tc=133.6724
t=756893ms polish_tc=133.6724
t=757112ms polish_tc=133.6706
t=757511ms polish_tc=133.6706
t=757752ms polish_tc=133.6702
t=758107ms polish_tc=133.6701
t=760804ms polish_tc=133.6564
t=760985ms polish_tc=133.6528
t=761195ms polish_tc=133.6418
t=761384ms polish_tc=133.6418
t=761625ms polish_tc=133.6215
t=761829ms polish_tc=133.6209
t=762028ms polish_tc=133.6200
t=762280ms polish_tc=133.6088
t=762512ms polish_tc=133.6069
t=762759ms polish_tc=133.6004
t=762960ms polish_tc=133.5988
t=763500ms polish_tc=133.5986
t=763872ms polish_tc=133.5985
t=764073ms polish_tc=133.5913
t=764322ms polish_tc=133.5911
t=764517ms polish_tc=133.5911
t=764723ms polish_tc=133.5911
t=765051ms polish_tc=133.5911
t=765349ms polish_tc=133.5911
t=765545ms polish_tc=133.5911
t=766762ms polish_tc=133.5874
t=766984ms polish_tc=133.5839
t=767214ms polish_tc=133.5837
t=767431ms polish_tc=133.5818
t=767683ms polish_tc=133.5657
t=767897ms polish_tc=133.5656
t=768129ms polish_tc=133.5648
t=768509ms polish_tc=133.5636
t=768732ms polish_tc=133.5636
t=769206ms polish_tc=133.5626
t=769632ms polish_tc=133.5626
t=769882ms polish_tc=133.5626
t=770128ms polish_tc=133.5624
t=770507ms polish_tc=133.5624
t=770759ms polish_tc=133.5624
t=770996ms polish_tc=133.5624
t=772026ms polish_tc=133.5608
t=772482ms polish_tc=133.5540
t=772706ms polish_tc=133.5539
t=772931ms polish_tc=133.5537
t=773155ms polish_tc=133.5537
t=773498ms polish_tc=133.5537
t=773718ms polish_tc=133.5532
t=773926ms polish_tc=133.5532
t=774237ms polish_tc=133.5501
t=774514ms polish_tc=133.5501
t=774724ms polish_tc=133.5491
t=774960ms polish_tc=133.5445
t=775506ms polish_tc=133.5369
t=775726ms polish_tc=133.5359
t=775957ms polish_tc=133.5359
t=776500ms polish_tc=133.5349
t=776737ms polish_tc=133.5339
t=776960ms polish_tc=133.5339
t=777189ms polish_tc=133.5339
t=777518ms polish_tc=133.5339
t=777778ms polish_tc=133.5339
t=778056ms polish_tc=133.5336
t=778512ms polish_tc=133.5336
t=778848ms polish_tc=133.5263
t=783396ms polish_tc=133.5255
t=783679ms polish_tc=133.5239
t=784126ms polish_tc=133.5199
t=784361ms polish_tc=133.5164
t=784573ms polish_tc=133.5159
t=784796ms polish_tc=133.5159
t=785056ms polish_tc=133.5125
t=785497ms polish_tc=133.5112
t=785713ms polish_tc=133.5110
t=785931ms polish_tc=133.5110
t=786147ms polish_tc=133.5095
t=786510ms polish_tc=133.5095
t=786730ms polish_tc=133.5092
t=786965ms polish_tc=133.5090
t=787503ms polish_tc=133.5085
t=787726ms polish_tc=133.5085
t=787967ms polish_tc=133.5085
t=788214ms polish_tc=133.5080
t=788655ms polish_tc=133.5024
t=788866ms polish_tc=133.5024
t=789088ms polish_tc=133.5021
t=789504ms polish_tc=133.5021
t=789720ms polish_tc=133.5021
t=789942ms polish_tc=133.5021
t=790155ms polish_tc=133.5021
t=790516ms polish_tc=133.5001
t=790738ms polish_tc=133.5001
t=790957ms polish_tc=133.5001
t=792041ms polish_tc=133.4993
t=792291ms polish_tc=133.4962
t=792543ms polish_tc=133.4919
t=792766ms polish_tc=133.4919
t=793002ms polish_tc=133.4892
t=793504ms polish_tc=133.4882
t=793715ms polish_tc=133.4881
t=793927ms polish_tc=133.4881
t=794215ms polish_tc=133.4831
t=794512ms polish_tc=133.4745
t=794725ms polish_tc=133.4740
t=794940ms polish_tc=133.4735
t=795504ms polish_tc=133.4730
t=795710ms polish_tc=133.4720
t=795945ms polish_tc=133.4694
t=796167ms polish_tc=133.4530
t=796515ms polish_tc=133.4521
t=796736ms polish_tc=133.4521
t=796956ms polish_tc=133.4521
t=797508ms polish_tc=133.4521
t=797727ms polish_tc=133.4521
t=797937ms polish_tc=133.4516
t=798497ms polish_tc=133.4515
t=798738ms polish_tc=133.4515
t=799188ms polish_tc=133.4515
t=800440ms polish_tc=133.4483
t=800649ms polish_tc=133.4462
t=800871ms polish_tc=133.4296
t=801082ms polish_tc=133.4296
t=801499ms polish_tc=133.4243
t=801738ms polish_tc=133.4222
t=801970ms polish_tc=133.4222
t=802204ms polish_tc=133.4220
t=802515ms polish_tc=133.4179
t=802749ms polish_tc=133.4103
t=802990ms polish_tc=133.4061
t=803513ms polish_tc=133.4045
t=803746ms polish_tc=133.4034
t=803965ms polish_tc=133.4034
t=804507ms polish_tc=133.4023
t=804729ms polish_tc=133.4023
t=804975ms polish_tc=133.4023
t=805501ms polish_tc=133.4023
t=805746ms polish_tc=133.4023
t=805966ms polish_tc=133.4023
t=806185ms polish_tc=133.3937
t=806515ms polish_tc=133.3895
t=806989ms polish_tc=133.3853
t=807215ms polish_tc=133.3852
t=807509ms polish_tc=133.3852
t=807768ms polish_tc=133.3852
t=807992ms polish_tc=133.3852
t=808502ms polish_tc=133.3851
t=808726ms polish_tc=133.3851
t=808979ms polish_tc=133.3851
t=809915ms polish_tc=133.3794
t=810176ms polish_tc=133.3745
t=810411ms polish_tc=133.3481
t=810672ms polish_tc=133.3457
t=810972ms polish_tc=133.3439
t=811235ms polish_tc=133.2972
t=811513ms polish_tc=133.2959
t=811766ms polish_tc=133.2936
t=812013ms polish_tc=133.2878
t=812512ms polish_tc=133.2754
t=812785ms polish_tc=133.2713
t=813034ms polish_tc=133.2593
t=813512ms polish_tc=133.2499
t=813760ms polish_tc=133.2244
t=813988ms polish_tc=133.2229
t=814508ms polish_tc=133.2169
t=814720ms polish_tc=133.2168
t=814930ms polish_tc=133.2135
t=815499ms polish_tc=133.2035
t=815714ms polish_tc=133.2034
t=816031ms polish_tc=133.1991
t=816350ms polish_tc=133.1933
t=816640ms polish_tc=133.1909
t=816864ms polish_tc=133.1907
t=817072ms polish_tc=133.1906
t=817512ms polish_tc=133.1906
t=817741ms polish_tc=133.1906
t=817960ms polish_tc=133.1906
t=818498ms polish_tc=133.1861
t=818718ms polish_tc=133.1861
t=818948ms polish_tc=133.1836
t=819175ms polish_tc=133.1836
t=819512ms polish_tc=133.1833
t=819736ms polish_tc=133.1808
t=820037ms polish_tc=133.1802
t=820505ms polish_tc=133.1702
t=820748ms polish_tc=133.1702
t=820976ms polish_tc=133.1702
t=821503ms polish_tc=133.1702
t=821737ms polish_tc=133.1695
t=821959ms polish_tc=133.1695
t=822237ms polish_tc=133.1695
t=823788ms polish_tc=133.1558
t=824042ms polish_tc=133.1545
t=824293ms polish_tc=133.1536
t=824547ms polish_tc=133.1489
t=824805ms polish_tc=133.1489
t=825084ms polish_tc=133.1438
t=825519ms polish_tc=133.1428
t=825766ms polish_tc=133.1425
t=826016ms polish_tc=133.1421
t=826572ms polish_tc=133.1371
t=826832ms polish_tc=133.1364
t=827519ms polish_tc=133.1351
t=827783ms polish_tc=133.1317
t=828021ms polish_tc=133.1217
t=828519ms polish_tc=133.1008
t=828783ms polish_tc=133.1008
t=829067ms polish_tc=133.0964
t=829522ms polish_tc=133.0964
t=829756ms polish_tc=133.0964
t=829992ms polish_tc=133.0964
t=830525ms polish_tc=133.0954
t=830777ms polish_tc=133.0901
t=831072ms polish_tc=133.0898
t=831538ms polish_tc=133.0845
t=831809ms polish_tc=133.0845
t=832056ms polish_tc=133.0845
t=832540ms polish_tc=133.0845
t=832802ms polish_tc=133.0792
t=833059ms polish_tc=133.0792
t=833538ms polish_tc=133.0792
t=833801ms polish_tc=133.0792
t=843534ms polish_tc=133.0779
t=843841ms polish_tc=133.0768
t=844117ms polish_tc=133.0768
t=844534ms polish_tc=133.0765
t=844809ms polish_tc=133.0752
t=845351ms polish_tc=133.0685
t=845622ms polish_tc=133.0685
t=845961ms polish_tc=133.0685
t=846537ms polish_tc=133.0685
t=846832ms polish_tc=133.0685
t=848608ms polish_tc=133.0680
t=848980ms polish_tc=133.0679
t=849280ms polish_tc=133.0679
t=851023ms polish_tc=133.0672
t=851326ms polish_tc=133.0671
t=851624ms polish_tc=133.0671
t=851913ms polish_tc=133.0623
t=852522ms polish_tc=133.0623
t=852803ms polish_tc=133.0616
t=853083ms polish_tc=133.0616
t=853537ms polish_tc=133.0440
t=853818ms polish_tc=133.0413
t=854523ms polish_tc=133.0306
t=854799ms polish_tc=133.0302
t=855111ms polish_tc=133.0219
t=855536ms polish_tc=133.0193
t=855817ms polish_tc=133.0108
t=856151ms polish_tc=132.9940
t=856548ms polish_tc=132.9911
t=856858ms polish_tc=132.9873
t=857536ms polish_tc=132.9869
t=857833ms polish_tc=132.9651
t=858107ms polish_tc=132.9443
t=858546ms polish_tc=132.9442
t=858847ms polish_tc=132.8936
t=859533ms polish_tc=132.8936
t=859841ms polish_tc=132.8434
t=860111ms polish_tc=132.8180
t=860544ms polish_tc=132.7843
t=860827ms polish_tc=132.7841
t=861530ms polish_tc=132.7443
t=861799ms polish_tc=132.7443
t=862086ms polish_tc=132.7308
t=862540ms polish_tc=132.7222
t=862823ms polish_tc=132.6806
t=863521ms polish_tc=132.6665
t=863808ms polish_tc=132.6522
t=864080ms polish_tc=132.6269
t=864547ms polish_tc=132.6269
t=864833ms polish_tc=132.5994
t=865104ms polish_tc=132.5993
t=865537ms polish_tc=132.5993
t=865810ms polish_tc=132.5959
t=866537ms polish_tc=132.5809
t=866817ms polish_tc=132.5503
t=867101ms polish_tc=132.5349
t=867535ms polish_tc=132.5229
t=867802ms polish_tc=132.5190
t=868536ms polish_tc=132.5032
t=868827ms polish_tc=132.4874
t=869113ms polish_tc=132.4872
t=869547ms polish_tc=132.4872
t=869870ms polish_tc=132.4852
t=870539ms polish_tc=132.4852
anneal_sweeps=52344 cycles=28 fresh=0
t_final=873008ms tc_greedy=273.0028 tc_mcts=256.0224 tc_final=132.4852 tc_full=132.4852 leaves=1000
