probe: instance=surfacecode_d21 n_orig=2203 n=761 fusible=0.6546 nlabels=798 t=13ms
seed_greedy tc=60.0318 t=544ms
t=889ms iter=1 WAIST cost=53.0000 best_alt=39.0000 gap=14.0000 tried=5 sep_labels=39 clique_frac=0.01
t=1370ms iter=1 REBUILD ACCEPT new_tc=48.6027 (was 53.0609)
t=1639ms iter=1 incumb=48.6027 ratchet=48.6517 best=48.6027 since_improve=1
t=1668ms iter=2 WAIST cost=46.0000 best_alt=39.0000 gap=7.0000 tried=5 sep_labels=39 clique_frac=0.01
t=2025ms iter=2 REBUILD reject new_tc=48.8710 (was 48.6027)
t=2276ms iter=2 incumb=48.6027 ratchet=48.9582 best=48.6027 since_improve=2
t=2310ms iter=3 WAIST cost=46.0000 best_alt=35.0000 gap=11.0000 tried=5 sep_labels=35 clique_frac=0.00
t=2604ms iter=3 REBUILD reject new_tc=53.0884 (was 48.6027)
t=3931ms iter=3 incumb=48.6027 ratchet=48.4767 best=48.4559 since_improve=0
t=3940ms iter=4 WAIST cost=45.0000 best_alt=2.0000 gap=43.0000 tried=5 sep_labels=2 clique_frac=1.00
t=4356ms iter=4 REBUILD reject new_tc=52.5981 (was 48.4767)
t=6711ms iter=4 incumb=48.4767 ratchet=48.1838 best=48.1838 since_improve=0
t=6746ms iter=5 WAIST cost=44.0000 best_alt=40.0000 gap=4.0000 tried=5 sep_labels=40 clique_frac=0.01
t=7113ms iter=5 REBUILD reject new_tc=51.1742 (was 48.1838)
t=8425ms iter=5 incumb=48.1838 ratchet=48.0805 best=48.0733 since_improve=0
t=8468ms iter=6 WAIST cost=46.0000 best_alt=40.0000 gap=6.0000 tried=5 sep_labels=40 clique_frac=0.01
t=8813ms iter=6 REBUILD reject new_tc=52.1339 (was 48.0805)
t=12037ms iter=6 incumb=48.0805 ratchet=47.7568 best=47.7205 since_improve=0
t=12074ms iter=7 WAIST cost=45.0000 best_alt=40.0000 gap=5.0000 tried=5 sep_labels=40 clique_frac=0.01
t=12430ms iter=7 REBUILD reject new_tc=48.3639 (was 47.7568)
t=13641ms iter=7 incumb=47.7568 ratchet=47.6356 best=47.6356 since_improve=0
t=13678ms iter=8 WAIST cost=43.0000 best_alt=39.0000 gap=4.0000 tried=5 sep_labels=39 clique_frac=0.01
t=13989ms iter=8 REBUILD reject new_tc=49.1732 (was 47.6356)
t=15001ms iter=8 incumb=47.6356 ratchet=47.5736 best=47.5736 since_improve=0
t=15034ms iter=9 WAIST cost=43.0000 best_alt=35.0000 gap=8.0000 tried=5 sep_labels=35 clique_frac=0.01
t=15348ms iter=9 REBUILD reject new_tc=48.5516 (was 47.5736)
t=16366ms iter=9 incumb=47.5736 ratchet=47.5114 best=47.4954 since_improve=0
t=16406ms iter=10 WAIST cost=43.0000 best_alt=39.0000 gap=4.0000 tried=5 sep_labels=39 clique_frac=0.01
t=16766ms iter=10 REBUILD reject new_tc=48.9532 (was 47.5114)
t=17612ms iter=10 incumb=47.5114 ratchet=47.4532 best=47.4532 since_improve=0
t=17640ms iter=11 WAIST cost=43.0000 best_alt=40.0000 gap=3.0000 tried=5 sep_labels=40 clique_frac=0.01
t=17982ms iter=11 REBUILD reject new_tc=49.1176 (was 47.4532)
t=18382ms iter=11 incumb=47.4532 ratchet=47.4814 best=47.4413 since_improve=1
t=18410ms iter=12 WAIST cost=43.0000 best_alt=40.0000 gap=3.0000 tried=5 sep_labels=40 clique_frac=0.01
t=18760ms iter=12 REBUILD reject new_tc=48.6546 (was 47.4532)
t=19010ms iter=12 incumb=47.4532 ratchet=47.7876 best=47.4413 since_improve=2
t=19039ms iter=13 WAIST cost=43.0000 best_alt=37.0000 gap=6.0000 tried=5 sep_labels=37 clique_frac=0.01
t=19345ms iter=13 REBUILD reject new_tc=49.0252 (was 47.4532)
t=19599ms iter=13 incumb=47.4532 ratchet=47.6772 best=47.4413 since_improve=3
t=19632ms iter=14 WAIST cost=43.0000 best_alt=40.0000 gap=3.0000 tried=5 sep_labels=40 clique_frac=0.01
t=19974ms iter=14 REBUILD reject new_tc=49.9498 (was 47.4532)
t=20549ms iter=14 incumb=47.4532 ratchet=47.4240 best=47.4174 since_improve=0
t=20575ms iter=15 WAIST cost=43.0000 best_alt=39.0000 gap=4.0000 tried=5 sep_labels=39 clique_frac=0.01
t=20919ms iter=15 REBUILD reject new_tc=54.6003 (was 47.4240)
t=21173ms iter=15 incumb=47.4240 ratchet=47.6026 best=47.4174 since_improve=1
t=21202ms iter=16 WAIST cost=43.0000 best_alt=39.0000 gap=4.0000 tried=5 sep_labels=39 clique_frac=0.01
t=21553ms iter=16 REBUILD reject new_tc=49.1408 (was 47.4240)
t=21959ms iter=16 incumb=47.4240 ratchet=47.4321 best=47.4046 since_improve=2
t=21996ms iter=17 WAIST cost=43.0000 best_alt=39.0000 gap=4.0000 tried=5 sep_labels=39 clique_frac=0.01
t=22340ms iter=17 REBUILD reject new_tc=51.3267 (was 47.4240)
t=22730ms iter=17 incumb=47.4240 ratchet=47.3880 best=47.3880 since_improve=0
t=22760ms iter=18 WAIST cost=43.0000 best_alt=39.0000 gap=4.0000 tried=5 sep_labels=39 clique_frac=0.01
t=23103ms iter=18 REBUILD reject new_tc=53.0336 (was 47.3880)
t=23358ms iter=18 incumb=47.3880 ratchet=47.9413 best=47.3880 since_improve=1
t=23391ms iter=19 WAIST cost=43.0000 best_alt=39.0000 gap=4.0000 tried=5 sep_labels=39 clique_frac=0.01
t=23742ms iter=19 REBUILD reject new_tc=49.3435 (was 47.3880)
t=23997ms iter=19 incumb=47.3880 ratchet=47.4375 best=47.3880 since_improve=2
t=24032ms iter=20 WAIST cost=43.0000 best_alt=39.0000 gap=4.0000 tried=5 sep_labels=39 clique_frac=0.01
t=24374ms iter=20 REBUILD reject new_tc=51.2894 (was 47.3880)
t=24627ms iter=20 incumb=47.3880 ratchet=47.5647 best=47.3880 since_improve=3
t=24653ms iter=21 WAIST cost=43.0000 best_alt=39.0000 gap=4.0000 tried=5 sep_labels=39 clique_frac=0.01
t=24998ms iter=21 REBUILD reject new_tc=50.4727 (was 47.3880)
t=25249ms iter=21 incumb=47.3880 ratchet=47.4577 best=47.3880 since_improve=4
t=25282ms iter=22 WAIST cost=43.0000 best_alt=39.0000 gap=4.0000 tried=5 sep_labels=39 clique_frac=0.01
t=25628ms iter=22 REBUILD reject new_tc=51.2744 (was 47.3880)
t=25880ms iter=22 incumb=47.3880 ratchet=47.4218 best=47.3880 since_improve=5
t=25908ms iter=23 WAIST cost=43.0000 best_alt=39.0000 gap=4.0000 tried=5 sep_labels=39 clique_frac=0.01
t=26257ms iter=23 REBUILD reject new_tc=49.0478 (was 47.3880)
t=26513ms iter=23 incumb=47.3880 ratchet=47.4053 best=47.3880 since_improve=6
t=26548ms iter=24 WAIST cost=43.0000 best_alt=39.0000 gap=4.0000 tried=5 sep_labels=39 clique_frac=0.01
t=26891ms iter=24 REBUILD reject new_tc=53.0585 (was 47.3880)
t=27136ms iter=24 incumb=47.3880 ratchet=47.6491 best=47.3880 since_improve=7
t=27169ms iter=25 WAIST cost=43.0000 best_alt=39.0000 gap=4.0000 tried=5 sep_labels=39 clique_frac=0.01
t=27517ms iter=25 REBUILD reject new_tc=48.9191 (was 47.3880)
t=27769ms iter=25 incumb=47.3880 ratchet=47.5001 best=47.3880 since_improve=8
t=27804ms iter=26 WAIST cost=43.0000 best_alt=39.0000 gap=4.0000 tried=5 sep_labels=39 clique_frac=0.01
t=28136ms iter=26 REBUILD reject new_tc=51.2314 (was 47.3880)
t=28386ms iter=26 incumb=47.3880 ratchet=47.7814 best=47.3880 since_improve=9
t=28425ms iter=27 WAIST cost=43.0000 best_alt=39.0000 gap=4.0000 tried=5 sep_labels=39 clique_frac=0.01
t=28748ms iter=27 REBUILD reject new_tc=48.7086 (was 47.3880)
t=28999ms iter=27 incumb=47.3880 ratchet=47.4735 best=47.3880 since_improve=10
t=29030ms iter=28 WAIST cost=43.0000 best_alt=39.0000 gap=4.0000 tried=5 sep_labels=39 clique_frac=0.01
t=29365ms iter=28 REBUILD reject new_tc=48.9854 (was 47.3880)
t=29613ms iter=28 incumb=47.3880 ratchet=47.5340 best=47.3880 since_improve=11
t=29649ms iter=29 WAIST cost=43.0000 best_alt=39.0000 gap=4.0000 tried=5 sep_labels=39 clique_frac=0.01
t=29982ms iter=29 REBUILD reject new_tc=48.9816 (was 47.3880)
t=30233ms iter=29 incumb=47.3880 ratchet=47.4471 best=47.3880 since_improve=12
t=30262ms iter=30 WAIST cost=43.0000 best_alt=39.0000 gap=4.0000 tried=5 sep_labels=39 clique_frac=0.01
t=30597ms iter=30 REBUILD reject new_tc=54.0242 (was 47.3880)
t=30840ms iter=30 incumb=47.3880 ratchet=47.4614 best=47.3880 since_improve=13
t=30870ms iter=31 WAIST cost=43.0000 best_alt=39.0000 gap=4.0000 tried=5 sep_labels=39 clique_frac=0.01
t=31205ms iter=31 REBUILD reject new_tc=48.7381 (was 47.3880)
t=31450ms iter=31 incumb=47.3880 ratchet=47.4513 best=47.3880 since_improve=14
t=31478ms iter=32 WAIST cost=43.0000 best_alt=39.0000 gap=4.0000 tried=5 sep_labels=39 clique_frac=0.01
t=31827ms iter=32 REBUILD reject new_tc=48.9324 (was 47.3880)
t=32066ms iter=32 incumb=47.3880 ratchet=47.5884 best=47.3880 since_improve=15
t=32104ms iter=33 WAIST cost=43.0000 best_alt=37.0000 gap=6.0000 tried=5 sep_labels=37 clique_frac=0.01
t=32387ms iter=33 REBUILD reject new_tc=50.5903 (was 47.3880)
t=32623ms iter=33 incumb=47.3880 ratchet=47.5993 best=47.3880 since_improve=16
t=32653ms iter=34 WAIST cost=43.0000 best_alt=37.0000 gap=6.0000 tried=5 sep_labels=37 clique_frac=0.03
t=32955ms iter=34 REBUILD reject new_tc=48.7253 (was 47.3880)
t=33189ms iter=34 incumb=47.3880 ratchet=47.4445 best=47.3880 since_improve=17
t=33231ms iter=35 WAIST cost=43.0000 best_alt=39.0000 gap=4.0000 tried=5 sep_labels=39 clique_frac=0.01
t=33553ms iter=35 REBUILD reject new_tc=52.1920 (was 47.3880)
t=33791ms iter=35 incumb=47.3880 ratchet=47.5075 best=47.3880 since_improve=18
t=33822ms iter=36 WAIST cost=43.0000 best_alt=39.0000 gap=4.0000 tried=5 sep_labels=39 clique_frac=0.01
t=34088ms iter=36 REBUILD reject new_tc=58.0015 (was 47.3880)
t=34333ms iter=36 incumb=47.3880 ratchet=47.4212 best=47.3880 since_improve=19
t=34363ms iter=37 WAIST cost=43.0000 best_alt=39.0000 gap=4.0000 tried=5 sep_labels=39 clique_frac=0.01
t=34718ms iter=37 REBUILD reject new_tc=48.7678 (was 47.3880)
t=34955ms iter=37 incumb=47.3880 ratchet=47.4332 best=47.3880 since_improve=20
t=34987ms iter=38 WAIST cost=43.0000 best_alt=39.0000 gap=4.0000 tried=5 sep_labels=39 clique_frac=0.01
t=35315ms iter=38 REBUILD reject new_tc=51.6881 (was 47.3880)
t=35562ms iter=38 incumb=47.3880 ratchet=47.4809 best=47.3880 since_improve=21
t=35594ms iter=39 WAIST cost=43.0000 best_alt=39.0000 gap=4.0000 tried=5 sep_labels=39 clique_frac=0.01
t=35939ms iter=39 REBUILD reject new_tc=49.0025 (was 47.3880)
t=36199ms iter=39 incumb=47.3880 ratchet=47.4284 best=47.3880 since_improve=22
t=36229ms iter=40 WAIST cost=43.0000 best_alt=39.0000 gap=4.0000 tried=5 sep_labels=39 clique_frac=0.01
t=36565ms iter=40 REBUILD reject new_tc=49.8960 (was 47.3880)
t=36813ms iter=40 incumb=47.3880 ratchet=47.4961 best=47.3880 since_improve=23
t=36845ms iter=41 WAIST cost=43.0000 best_alt=39.0000 gap=4.0000 tried=5 sep_labels=39 clique_frac=0.01
t=37191ms iter=41 REBUILD reject new_tc=49.9078 (was 47.3880)
t=37429ms iter=41 incumb=47.3880 ratchet=47.4149 best=47.3880 since_improve=24
t=37459ms iter=42 WAIST cost=43.0000 best_alt=39.0000 gap=4.0000 tried=5 sep_labels=39 clique_frac=0.01
t=37800ms iter=42 REBUILD reject new_tc=49.1337 (was 47.3880)
t=38047ms iter=42 incumb=47.3880 ratchet=47.4380 best=47.3880 since_improve=25
t=38085ms iter=43 WAIST cost=43.0000 best_alt=39.0000 gap=4.0000 tried=5 sep_labels=39 clique_frac=0.01
t=38423ms iter=43 REBUILD reject new_tc=58.0016 (was 47.3880)
t=38702ms iter=43 incumb=47.3880 ratchet=47.6101 best=47.3880 since_improve=26
t=38750ms iter=44 WAIST cost=43.0000 best_alt=39.0000 gap=4.0000 tried=5 sep_labels=39 clique_frac=0.01
t=39103ms iter=44 REBUILD reject new_tc=49.0794 (was 47.3880)
t=39387ms iter=44 incumb=47.3880 ratchet=47.4394 best=47.3880 since_improve=27
t=39417ms iter=45 WAIST cost=43.0000 best_alt=39.0000 gap=4.0000 tried=5 sep_labels=39 clique_frac=0.01
t=39755ms iter=45 REBUILD reject new_tc=51.3324 (was 47.3880)
t=40002ms iter=45 incumb=47.3880 ratchet=47.4668 best=47.3880 since_improve=28
t=40030ms iter=46 WAIST cost=43.0000 best_alt=39.0000 gap=4.0000 tried=5 sep_labels=39 clique_frac=0.01
t=40374ms iter=46 REBUILD reject new_tc=49.3165 (was 47.3880)
t=40621ms iter=46 incumb=47.3880 ratchet=47.5484 best=47.3880 since_improve=29
t=40661ms iter=47 WAIST cost=43.0000 best_alt=37.0000 gap=6.0000 tried=5 sep_labels=37 clique_frac=0.01
t=40956ms iter=47 REBUILD reject new_tc=49.3203 (was 47.3880)
t=41190ms iter=47 incumb=47.3880 ratchet=47.4758 best=47.3880 since_improve=30
t=41227ms iter=48 WAIST cost=43.0000 best_alt=37.0000 gap=6.0000 tried=5 sep_labels=37 clique_frac=0.01
t=41509ms iter=48 REBUILD reject new_tc=54.0266 (was 47.3880)
t=41749ms iter=48 incumb=47.3880 ratchet=47.4563 best=47.3880 since_improve=31
t=41786ms iter=49 WAIST cost=43.0000 best_alt=39.0000 gap=4.0000 tried=5 sep_labels=39 clique_frac=0.01
t=42132ms iter=49 REBUILD reject new_tc=48.8386 (was 47.3880)
t=42382ms iter=49 incumb=47.3880 ratchet=47.4974 best=47.3880 since_improve=32
t=42419ms iter=50 WAIST cost=43.0000 best_alt=39.0000 gap=4.0000 tried=5 sep_labels=39 clique_frac=0.01
t=42759ms iter=50 REBUILD reject new_tc=48.6769 (was 47.3880)
t=43006ms iter=50 incumb=47.3880 ratchet=47.4132 best=47.3880 since_improve=33
t=43036ms iter=51 WAIST cost=43.0000 best_alt=39.0000 gap=4.0000 tried=5 sep_labels=39 clique_frac=0.01
t=43360ms iter=51 REBUILD reject new_tc=49.0833 (was 47.3880)
t=43602ms iter=51 incumb=47.3880 ratchet=47.4826 best=47.3880 since_improve=34
t=43635ms iter=52 WAIST cost=43.0000 best_alt=39.0000 gap=4.0000 tried=5 sep_labels=39 clique_frac=0.01
t=43965ms iter=52 REBUILD reject new_tc=48.5043 (was 47.3880)
t=44211ms iter=52 incumb=47.3880 ratchet=47.4445 best=47.3880 since_improve=35
t=44246ms iter=53 WAIST cost=43.0000 best_alt=39.0000 gap=4.0000 tried=5 sep_labels=39 clique_frac=0.01
t=44579ms iter=53 REBUILD reject new_tc=49.3121 (was 47.3880)
t=44828ms iter=53 incumb=47.3880 ratchet=47.4038 best=47.3880 since_improve=36
t=44856ms iter=54 WAIST cost=43.0000 best_alt=39.0000 gap=4.0000 tried=5 sep_labels=39 clique_frac=0.01
t=45197ms iter=54 REBUILD reject new_tc=49.4540 (was 47.3880)
t=45446ms iter=54 incumb=47.3880 ratchet=47.4508 best=47.3880 since_improve=37
t=45481ms iter=55 WAIST cost=43.0000 best_alt=39.0000 gap=4.0000 tried=5 sep_labels=39 clique_frac=0.01
t=45824ms iter=55 REBUILD reject new_tc=48.5181 (was 47.3880)
t=46104ms iter=55 incumb=47.3880 ratchet=47.7520 best=47.3880 since_improve=38
t=46137ms iter=56 WAIST cost=43.0000 best_alt=39.0000 gap=4.0000 tried=5 sep_labels=39 clique_frac=0.01
t=46480ms iter=56 REBUILD reject new_tc=48.6220 (was 47.3880)
t=46723ms iter=56 incumb=47.3880 ratchet=47.4161 best=47.3880 since_improve=39
t=46758ms iter=57 WAIST cost=43.0000 best_alt=39.0000 gap=4.0000 tried=5 sep_labels=39 clique_frac=0.01
t=47104ms iter=57 REBUILD reject new_tc=51.7736 (was 47.3880)
t=47350ms iter=57 incumb=47.3880 ratchet=47.4723 best=47.3880 since_improve=40
t=47391ms iter=58 WAIST cost=43.0000 best_alt=37.0000 gap=6.0000 tried=5 sep_labels=37 clique_frac=0.02
t=47685ms iter=58 REBUILD reject new_tc=50.0359 (was 47.3880)
t=47938ms iter=58 incumb=47.3880 ratchet=47.5093 best=47.3880 since_improve=41
t=47970ms iter=59 WAIST cost=43.0000 best_alt=39.0000 gap=4.0000 tried=5 sep_labels=39 clique_frac=0.01
t=48305ms iter=59 REBUILD reject new_tc=51.4223 (was 47.3880)
t=48555ms iter=59 incumb=47.3880 ratchet=47.4226 best=47.3880 since_improve=42
t=48587ms iter=60 WAIST cost=43.0000 best_alt=37.0000 gap=6.0000 tried=5 sep_labels=37 clique_frac=0.01
t=48876ms iter=60 REBUILD reject new_tc=51.2974 (was 47.3880)
t=49127ms iter=60 incumb=47.3880 ratchet=47.4790 best=47.3880 since_improve=43
t=49159ms iter=61 WAIST cost=43.0000 best_alt=39.0000 gap=4.0000 tried=5 sep_labels=39 clique_frac=0.01
t=49503ms iter=61 REBUILD reject new_tc=49.1324 (was 47.3880)
t=49760ms iter=61 incumb=47.3880 ratchet=47.7376 best=47.3880 since_improve=44
t=49788ms iter=62 WAIST cost=43.0000 best_alt=39.0000 gap=4.0000 tried=5 sep_labels=39 clique_frac=0.01
t=50131ms iter=62 REBUILD reject new_tc=49.0506 (was 47.3880)
t=50375ms iter=62 incumb=47.3880 ratchet=47.4256 best=47.3880 since_improve=45
t=50420ms iter=63 WAIST cost=43.0000 best_alt=39.0000 gap=4.0000 tried=5 sep_labels=39 clique_frac=0.01
t=50764ms iter=63 REBUILD reject new_tc=50.4228 (was 47.3880)
t=51005ms iter=63 incumb=47.3880 ratchet=47.3930 best=47.3880 since_improve=46
t=51033ms iter=64 WAIST cost=43.0000 best_alt=39.0000 gap=4.0000 tried=5 sep_labels=39 clique_frac=0.01
t=51384ms iter=64 REBUILD reject new_tc=48.9149 (was 47.3880)
t=51633ms iter=64 incumb=47.3880 ratchet=47.4298 best=47.3880 since_improve=47
t=51673ms iter=65 WAIST cost=43.0000 best_alt=39.0000 gap=4.0000 tried=5 sep_labels=39 clique_frac=0.01
t=52012ms iter=65 REBUILD reject new_tc=49.1072 (was 47.3880)
t=52236ms iter=65 incumb=47.3880 ratchet=47.8187 best=47.3880 since_improve=48
t=52268ms iter=66 WAIST cost=43.0000 best_alt=39.0000 gap=4.0000 tried=5 sep_labels=39 clique_frac=0.01
t=52607ms iter=66 REBUILD reject new_tc=48.4492 (was 47.3880)
t=52854ms iter=66 incumb=47.3880 ratchet=47.5914 best=47.3880 since_improve=49
t=52882ms iter=67 WAIST cost=43.0000 best_alt=39.0000 gap=4.0000 tried=5 sep_labels=39 clique_frac=0.01
t=53209ms iter=67 REBUILD reject new_tc=53.0427 (was 47.3880)
t=53448ms iter=67 incumb=47.3880 ratchet=47.6827 best=47.3880 since_improve=50
t=53480ms iter=68 WAIST cost=43.0000 best_alt=39.0000 gap=4.0000 tried=5 sep_labels=39 clique_frac=0.01
t=53822ms iter=68 REBUILD reject new_tc=48.8160 (was 47.3880)
t=54069ms iter=68 incumb=47.3880 ratchet=47.4847 best=47.3880 since_improve=51
t=54101ms iter=69 WAIST cost=43.0000 best_alt=39.0000 gap=4.0000 tried=5 sep_labels=39 clique_frac=0.01
t=54447ms iter=69 REBUILD reject new_tc=49.0409 (was 47.3880)
t=54691ms iter=69 incumb=47.3880 ratchet=47.4000 best=47.3880 since_improve=52
t=54721ms iter=70 WAIST cost=43.0000 best_alt=39.0000 gap=4.0000 tried=5 sep_labels=39 clique_frac=0.01
t=55056ms iter=70 REBUILD reject new_tc=50.4135 (was 47.3880)
t=55306ms iter=70 incumb=47.3880 ratchet=47.7381 best=47.3880 since_improve=53
t=55338ms iter=71 WAIST cost=43.0000 best_alt=39.0000 gap=4.0000 tried=5 sep_labels=39 clique_frac=0.01
t=55680ms iter=71 REBUILD reject new_tc=48.7221 (was 47.3880)
t=55923ms iter=71 incumb=47.3880 ratchet=47.4610 best=47.3880 since_improve=54
t=55954ms iter=72 WAIST cost=43.0000 best_alt=39.0000 gap=4.0000 tried=5 sep_labels=39 clique_frac=0.01
t=56286ms iter=72 REBUILD reject new_tc=51.2660 (was 47.3880)
t=56516ms iter=72 incumb=47.3880 ratchet=47.4888 best=47.3880 since_improve=55
t=56550ms iter=73 WAIST cost=43.0000 best_alt=39.0000 gap=4.0000 tried=5 sep_labels=39 clique_frac=0.01
t=56877ms iter=73 REBUILD reject new_tc=55.0156 (was 47.3880)
t=57127ms iter=73 incumb=47.3880 ratchet=47.4139 best=47.3880 since_improve=56
t=57162ms iter=74 WAIST cost=43.0000 best_alt=39.0000 gap=4.0000 tried=5 sep_labels=39 clique_frac=0.01
t=57492ms iter=74 REBUILD reject new_tc=50.3146 (was 47.3880)
t=57735ms iter=74 incumb=47.3880 ratchet=47.7156 best=47.3880 since_improve=57
t=57759ms iter=75 WAIST cost=43.0000 best_alt=39.0000 gap=4.0000 tried=5 sep_labels=39 clique_frac=0.01
t=58096ms iter=75 REBUILD reject new_tc=48.4932 (was 47.3880)
t=58327ms iter=75 incumb=47.3880 ratchet=47.4557 best=47.3880 since_improve=58
t=58360ms iter=76 WAIST cost=43.0000 best_alt=39.0000 gap=4.0000 tried=5 sep_labels=39 clique_frac=0.01
t=58706ms iter=76 REBUILD reject new_tc=48.5988 (was 47.3880)
t=59093ms iter=76 incumb=47.3880 ratchet=47.3814 best=47.3774 since_improve=0
t=59131ms iter=77 WAIST cost=43.0000 best_alt=39.0000 gap=4.0000 tried=5 sep_labels=39 clique_frac=0.01
t=59450ms iter=77 REBUILD reject new_tc=48.6987 (was 47.3814)
t=59671ms iter=77 incumb=47.3814 ratchet=47.5506 best=47.3774 since_improve=1
t=59686ms iter=78 WAIST cost=43.0000 best_alt=39.0000 gap=4.0000 tried=5 sep_labels=39 clique_frac=0.01
t=59916ms iter=78 REBUILD reject new_tc=49.1536 (was 47.3814)
t=60122ms iter=78 incumb=47.3814 ratchet=47.4775 best=47.3774 since_improve=2
t=60149ms iter=79 WAIST cost=43.0000 best_alt=39.0000 gap=4.0000 tried=5 sep_labels=39 clique_frac=0.01
t=60474ms iter=79 REBUILD reject new_tc=48.7426 (was 47.3814)
t=60717ms iter=79 incumb=47.3814 ratchet=47.4613 best=47.3774 since_improve=3
t=60743ms iter=80 WAIST cost=43.0000 best_alt=39.0000 gap=4.0000 tried=5 sep_labels=39 clique_frac=0.01
t=60993ms iter=80 REBUILD reject new_tc=48.6324 (was 47.3814)
t=61221ms iter=80 incumb=47.3814 ratchet=47.4388 best=47.3774 since_improve=4
t=61250ms iter=81 WAIST cost=43.0000 best_alt=39.0000 gap=4.0000 tried=5 sep_labels=39 clique_frac=0.01
t=61574ms iter=81 REBUILD reject new_tc=49.0502 (was 47.3814)
t=61823ms iter=81 incumb=47.3814 ratchet=47.4396 best=47.3774 since_improve=5
t=61857ms iter=82 WAIST cost=43.0000 best_alt=39.0000 gap=4.0000 tried=5 sep_labels=39 clique_frac=0.01
t=62202ms iter=82 REBUILD reject new_tc=48.6557 (was 47.3814)
t=62456ms iter=82 incumb=47.3814 ratchet=47.4724 best=47.3774 since_improve=6
t=62487ms iter=83 WAIST cost=43.0000 best_alt=39.0000 gap=4.0000 tried=5 sep_labels=39 clique_frac=0.01
t=62830ms iter=83 REBUILD reject new_tc=49.0629 (was 47.3814)
t=63078ms iter=83 incumb=47.3814 ratchet=47.5290 best=47.3774 since_improve=7
t=63110ms iter=84 WAIST cost=43.0000 best_alt=39.0000 gap=4.0000 tried=5 sep_labels=39 clique_frac=0.01
t=63459ms iter=84 REBUILD reject new_tc=48.9622 (was 47.3814)
t=63703ms iter=84 incumb=47.3814 ratchet=47.4352 best=47.3774 since_improve=8
t=63737ms iter=85 WAIST cost=43.0000 best_alt=39.0000 gap=4.0000 tried=5 sep_labels=39 clique_frac=0.01
t=64078ms iter=85 REBUILD reject new_tc=49.8018 (was 47.3814)
t=64325ms iter=85 incumb=47.3814 ratchet=47.5883 best=47.3774 since_improve=9
t=64363ms iter=86 WAIST cost=43.0000 best_alt=39.0000 gap=4.0000 tried=5 sep_labels=39 clique_frac=0.01
t=64697ms iter=86 REBUILD reject new_tc=48.8612 (was 47.3814)
t=64942ms iter=86 incumb=47.3814 ratchet=47.3899 best=47.3774 since_improve=10
t=64983ms iter=87 WAIST cost=43.0000 best_alt=39.0000 gap=4.0000 tried=5 sep_labels=39 clique_frac=0.01
t=65309ms iter=87 REBUILD reject new_tc=55.0125 (was 47.3814)
t=65557ms iter=87 incumb=47.3814 ratchet=47.4576 best=47.3774 since_improve=11
t=65596ms iter=88 WAIST cost=43.0000 best_alt=39.0000 gap=4.0000 tried=5 sep_labels=39 clique_frac=0.01
t=65941ms iter=88 REBUILD reject new_tc=48.6375 (was 47.3814)
t=66192ms iter=88 incumb=47.3814 ratchet=47.6449 best=47.3774 since_improve=12
t=66220ms iter=89 WAIST cost=43.0000 best_alt=39.0000 gap=4.0000 tried=5 sep_labels=39 clique_frac=0.01
t=66542ms iter=89 REBUILD reject new_tc=48.9929 (was 47.3814)
t=66780ms iter=89 incumb=47.3814 ratchet=47.5069 best=47.3774 since_improve=13
t=66809ms iter=90 WAIST cost=43.0000 best_alt=37.0000 gap=6.0000 tried=5 sep_labels=37 clique_frac=0.01
t=67087ms iter=90 REBUILD reject new_tc=55.0111 (was 47.3814)
t=67332ms iter=90 incumb=47.3814 ratchet=47.5263 best=47.3774 since_improve=14
t=67366ms iter=91 WAIST cost=43.0000 best_alt=39.0000 gap=4.0000 tried=5 sep_labels=39 clique_frac=0.01
t=67697ms iter=91 REBUILD reject new_tc=48.5018 (was 47.3814)
t=67949ms iter=91 incumb=47.3814 ratchet=47.4344 best=47.3774 since_improve=15
t=67977ms iter=92 WAIST cost=43.0000 best_alt=39.0000 gap=4.0000 tried=5 sep_labels=39 clique_frac=0.01
t=68308ms iter=92 REBUILD reject new_tc=51.6037 (was 47.3814)
t=68557ms iter=92 incumb=47.3814 ratchet=47.4550 best=47.3774 since_improve=16
t=68591ms iter=93 WAIST cost=43.0000 best_alt=39.0000 gap=4.0000 tried=5 sep_labels=39 clique_frac=0.01
t=68919ms iter=93 REBUILD reject new_tc=50.3227 (was 47.3814)
t=69164ms iter=93 incumb=47.3814 ratchet=47.4314 best=47.3774 since_improve=17
t=69195ms iter=94 WAIST cost=43.0000 best_alt=39.0000 gap=4.0000 tried=5 sep_labels=39 clique_frac=0.01
t=69524ms iter=94 REBUILD reject new_tc=48.4427 (was 47.3814)
t=69768ms iter=94 incumb=47.3814 ratchet=47.5696 best=47.3774 since_improve=18
t=69796ms iter=95 WAIST cost=43.0000 best_alt=39.0000 gap=4.0000 tried=5 sep_labels=39 clique_frac=0.01
t=70129ms iter=95 REBUILD reject new_tc=49.4129 (was 47.3814)
t=70381ms iter=95 incumb=47.3814 ratchet=47.3986 best=47.3774 since_improve=19
t=70409ms iter=96 WAIST cost=43.0000 best_alt=39.0000 gap=4.0000 tried=5 sep_labels=39 clique_frac=0.01
t=70751ms iter=96 REBUILD reject new_tc=48.8567 (was 47.3814)
t=70992ms iter=96 incumb=47.3814 ratchet=47.4286 best=47.3774 since_improve=20
t=71018ms iter=97 WAIST cost=43.0000 best_alt=39.0000 gap=4.0000 tried=5 sep_labels=39 clique_frac=0.01
t=71340ms iter=97 REBUILD reject new_tc=48.8301 (was 47.3814)
t=71573ms iter=97 incumb=47.3814 ratchet=47.3877 best=47.3774 since_improve=21
t=71604ms iter=98 WAIST cost=43.0000 best_alt=39.0000 gap=4.0000 tried=5 sep_labels=39 clique_frac=0.01
t=71947ms iter=98 REBUILD reject new_tc=48.5125 (was 47.3814)
t=72201ms iter=98 incumb=47.3814 ratchet=47.6322 best=47.3774 since_improve=22
t=72231ms iter=99 WAIST cost=43.0000 best_alt=39.0000 gap=4.0000 tried=5 sep_labels=39 clique_frac=0.01
t=72553ms iter=99 REBUILD reject new_tc=48.9006 (was 47.3814)
t=72792ms iter=99 incumb=47.3814 ratchet=47.8267 best=47.3774 since_improve=23
t=72830ms iter=100 WAIST cost=43.0000 best_alt=37.0000 gap=6.0000 tried=5 sep_labels=37 clique_frac=0.01
t=73115ms iter=100 REBUILD reject new_tc=50.5196 (was 47.3814)
t=73370ms iter=100 incumb=47.3814 ratchet=47.8506 best=47.3774 since_improve=24
t=73407ms iter=101 WAIST cost=43.0000 best_alt=39.0000 gap=4.0000 tried=5 sep_labels=39 clique_frac=0.01
t=73744ms iter=101 REBUILD reject new_tc=50.4540 (was 47.3814)
t=73994ms iter=101 incumb=47.3814 ratchet=47.4355 best=47.3774 since_improve=25
t=74026ms iter=102 WAIST cost=43.0000 best_alt=37.0000 gap=6.0000 tried=5 sep_labels=37 clique_frac=0.01
t=74315ms iter=102 REBUILD reject new_tc=51.2360 (was 47.3814)
t=74561ms iter=102 incumb=47.3814 ratchet=47.6375 best=47.3774 since_improve=26
t=74587ms iter=103 WAIST cost=43.0000 best_alt=39.0000 gap=4.0000 tried=5 sep_labels=39 clique_frac=0.01
t=74930ms iter=103 REBUILD reject new_tc=49.0267 (was 47.3814)
t=75185ms iter=103 incumb=47.3814 ratchet=47.5153 best=47.3774 since_improve=27
t=75214ms iter=104 WAIST cost=43.0000 best_alt=39.0000 gap=4.0000 tried=5 sep_labels=39 clique_frac=0.01
t=75550ms iter=104 REBUILD reject new_tc=48.9253 (was 47.3814)
t=75801ms iter=104 incumb=47.3814 ratchet=47.5441 best=47.3774 since_improve=28
t=75829ms iter=105 WAIST cost=43.0000 best_alt=39.0000 gap=4.0000 tried=5 sep_labels=39 clique_frac=0.01
t=76170ms iter=105 REBUILD reject new_tc=48.8962 (was 47.3814)
t=76421ms iter=105 incumb=47.3814 ratchet=47.4572 best=47.3774 since_improve=29
t=76451ms iter=106 WAIST cost=43.0000 best_alt=39.0000 gap=4.0000 tried=5 sep_labels=39 clique_frac=0.01
t=76785ms iter=106 REBUILD reject new_tc=51.2397 (was 47.3814)
t=77031ms iter=106 incumb=47.3814 ratchet=47.4741 best=47.3774 since_improve=30
t=77062ms iter=107 WAIST cost=43.0000 best_alt=39.0000 gap=4.0000 tried=5 sep_labels=39 clique_frac=0.01
t=77381ms iter=107 REBUILD reject new_tc=48.5627 (was 47.3814)
t=77619ms iter=107 incumb=47.3814 ratchet=47.4439 best=47.3774 since_improve=31
t=77658ms iter=108 WAIST cost=43.0000 best_alt=39.0000 gap=4.0000 tried=5 sep_labels=39 clique_frac=0.01
t=77971ms iter=108 REBUILD reject new_tc=52.6570 (was 47.3814)
t=78211ms iter=108 incumb=47.3814 ratchet=47.8458 best=47.3774 since_improve=32
t=78237ms iter=109 WAIST cost=43.0000 best_alt=39.0000 gap=4.0000 tried=5 sep_labels=39 clique_frac=0.01
t=78554ms iter=109 REBUILD reject new_tc=50.8365 (was 47.3814)
t=78797ms iter=109 incumb=47.3814 ratchet=47.5128 best=47.3774 since_improve=33
t=78827ms iter=110 WAIST cost=43.0000 best_alt=39.0000 gap=4.0000 tried=5 sep_labels=39 clique_frac=0.01
t=79171ms iter=110 REBUILD reject new_tc=49.2230 (was 47.3814)
t=79419ms iter=110 incumb=47.3814 ratchet=47.4083 best=47.3774 since_improve=34
t=79455ms iter=111 WAIST cost=43.0000 best_alt=39.0000 gap=4.0000 tried=5 sep_labels=39 clique_frac=0.01
t=79790ms iter=111 REBUILD reject new_tc=49.2692 (was 47.3814)
t=80038ms iter=111 incumb=47.3814 ratchet=47.7380 best=47.3774 since_improve=35
t=80071ms iter=112 WAIST cost=43.0000 best_alt=37.0000 gap=6.0000 tried=5 sep_labels=37 clique_frac=0.01
t=80361ms iter=112 REBUILD reject new_tc=49.2700 (was 47.3814)
t=80596ms iter=112 incumb=47.3814 ratchet=47.4695 best=47.3774 since_improve=36
t=80623ms iter=113 WAIST cost=43.0000 best_alt=39.0000 gap=4.0000 tried=5 sep_labels=39 clique_frac=0.01
t=80945ms iter=113 REBUILD reject new_tc=49.1901 (was 47.3814)
t=81181ms iter=113 incumb=47.3814 ratchet=47.4928 best=47.3774 since_improve=37
t=81213ms iter=114 WAIST cost=43.0000 best_alt=39.0000 gap=4.0000 tried=5 sep_labels=39 clique_frac=0.01
t=81534ms iter=114 REBUILD reject new_tc=52.1206 (was 47.3814)
t=81772ms iter=114 incumb=47.3814 ratchet=47.4732 best=47.3774 since_improve=38
t=81786ms iter=115 WAIST cost=43.0000 best_alt=39.0000 gap=4.0000 tried=5 sep_labels=39 clique_frac=0.01
t=82017ms iter=115 REBUILD reject new_tc=48.3915 (was 47.3814)
t=82255ms iter=115 incumb=47.3814 ratchet=47.7342 best=47.3774 since_improve=39
t=82287ms iter=116 WAIST cost=43.0000 best_alt=39.0000 gap=4.0000 tried=5 sep_labels=39 clique_frac=0.01
t=82601ms iter=116 REBUILD reject new_tc=53.0641 (was 47.3814)
t=82804ms iter=116 incumb=47.3814 ratchet=47.4981 best=47.3774 since_improve=40
t=82819ms iter=117 WAIST cost=43.0000 best_alt=39.0000 gap=4.0000 tried=5 sep_labels=39 clique_frac=0.01
t=83058ms iter=117 REBUILD reject new_tc=48.7588 (was 47.3814)
t=83301ms iter=117 incumb=47.3814 ratchet=47.8685 best=47.3774 since_improve=41
t=83335ms iter=118 WAIST cost=43.0000 best_alt=39.0000 gap=4.0000 tried=5 sep_labels=39 clique_frac=0.01
t=83666ms iter=118 REBUILD reject new_tc=51.0270 (was 47.3814)
t=83918ms iter=118 incumb=47.3814 ratchet=47.4651 best=47.3774 since_improve=42
t=83946ms iter=119 WAIST cost=43.0000 best_alt=39.0000 gap=4.0000 tried=5 sep_labels=39 clique_frac=0.01
t=84278ms iter=119 REBUILD reject new_tc=49.5268 (was 47.3814)
t=84527ms iter=119 incumb=47.3814 ratchet=47.5449 best=47.3774 since_improve=43
t=84567ms iter=120 WAIST cost=43.0000 best_alt=39.0000 gap=4.0000 tried=5 sep_labels=39 clique_frac=0.01
t=84918ms iter=120 REBUILD reject new_tc=48.7625 (was 47.3814)
t=85170ms iter=120 incumb=47.3814 ratchet=47.4417 best=47.3774 since_improve=44
t=85202ms iter=121 WAIST cost=43.0000 best_alt=39.0000 gap=4.0000 tried=5 sep_labels=39 clique_frac=0.01
t=85535ms iter=121 REBUILD reject new_tc=49.9087 (was 47.3814)
t=85769ms iter=121 incumb=47.3814 ratchet=47.8357 best=47.3774 since_improve=45
t=85808ms iter=122 WAIST cost=43.0000 best_alt=39.0000 gap=4.0000 tried=5 sep_labels=39 clique_frac=0.01
t=86126ms iter=122 REBUILD reject new_tc=51.5370 (was 47.3814)
t=86371ms iter=122 incumb=47.3814 ratchet=47.4124 best=47.3774 since_improve=46
t=86410ms iter=123 WAIST cost=43.0000 best_alt=39.0000 gap=4.0000 tried=5 sep_labels=39 clique_frac=0.01
t=86751ms iter=123 REBUILD reject new_tc=48.6141 (was 47.3814)
t=87001ms iter=123 incumb=47.3814 ratchet=47.8190 best=47.3774 since_improve=47
t=87028ms iter=124 WAIST cost=43.0000 best_alt=39.0000 gap=4.0000 tried=5 sep_labels=39 clique_frac=0.01
t=87417ms iter=124 REBUILD reject new_tc=49.5567 (was 47.3814)
t_final=87571ms tc_reduced=47.3774 tc_full=47.6349 leaves=2203
surgery summary: calls=124 cheaper_cuts=124 rebuild_accepts=1 waist_min_hits=0
