probe: instance=surfacecode_d21 n_orig=2203 n=761 fusible=0.6546 nlabels=798 t=13ms
seed_greedy tc=61.4641 t=573ms
t=907ms iter=1 WAIST cost=50.0000 best_alt=33.0000 gap=17.0000 tried=5 sep_labels=33 clique_frac=0.01
t=1336ms iter=1 REBUILD ACCEPT new_tc=49.8557 (was 51.3093)
t=2272ms iter=1 incumb=49.8557 ratchet=49.4295 best=49.4212 since_improve=0
t=2306ms iter=2 WAIST cost=48.0000 best_alt=40.0000 gap=8.0000 tried=5 sep_labels=40 clique_frac=0.01
t=2743ms iter=2 REBUILD ACCEPT new_tc=48.8445 (was 49.4295)
t=3150ms iter=2 incumb=48.8445 ratchet=48.9140 best=48.8290 since_improve=1
t=3183ms iter=3 WAIST cost=47.0000 best_alt=37.0000 gap=10.0000 tried=5 sep_labels=37 clique_frac=0.03
t=3491ms iter=3 REBUILD reject new_tc=49.3998 (was 48.8445)
t=3742ms iter=3 incumb=48.8445 ratchet=48.9271 best=48.8290 since_improve=2
t=3775ms iter=4 WAIST cost=47.0000 best_alt=35.0000 gap=12.0000 tried=5 sep_labels=35 clique_frac=0.02
t=4074ms iter=4 REBUILD reject new_tc=57.0477 (was 48.8445)
t=4325ms iter=4 incumb=48.8445 ratchet=48.8510 best=48.8290 since_improve=3
t=4358ms iter=5 WAIST cost=47.0000 best_alt=40.0000 gap=7.0000 tried=5 sep_labels=40 clique_frac=0.01
t=4659ms iter=5 REBUILD reject new_tc=49.2127 (was 48.8445)
t=4902ms iter=5 incumb=48.8445 ratchet=48.9348 best=48.8290 since_improve=4
t=4938ms iter=6 WAIST cost=47.0000 best_alt=40.0000 gap=7.0000 tried=5 sep_labels=40 clique_frac=0.01
t=5240ms iter=6 REBUILD reject new_tc=49.1855 (was 48.8445)
t=5914ms iter=6 incumb=48.8445 ratchet=48.7068 best=48.7068 since_improve=0
t=5939ms iter=7 WAIST cost=45.0000 best_alt=39.0000 gap=6.0000 tried=5 sep_labels=39 clique_frac=0.04
t=6251ms iter=7 REBUILD reject new_tc=49.9937 (was 48.7068)
t=6511ms iter=7 incumb=48.7068 ratchet=48.7572 best=48.7068 since_improve=1
t=6537ms iter=8 WAIST cost=45.0000 best_alt=35.0000 gap=10.0000 tried=5 sep_labels=35 clique_frac=0.02
t=6840ms iter=8 REBUILD reject new_tc=49.9099 (was 48.7068)
t=7086ms iter=8 incumb=48.7068 ratchet=48.7084 best=48.7068 since_improve=2
t=7113ms iter=9 WAIST cost=45.0000 best_alt=35.0000 gap=10.0000 tried=5 sep_labels=35 clique_frac=0.00
t=7412ms iter=9 REBUILD reject new_tc=49.1229 (was 48.7068)
t=7664ms iter=9 incumb=48.7068 ratchet=48.7516 best=48.7068 since_improve=3
t=7684ms iter=10 WAIST cost=45.0000 best_alt=40.0000 gap=5.0000 tried=5 sep_labels=40 clique_frac=0.01
t=7989ms iter=10 REBUILD reject new_tc=49.4468 (was 48.7068)
t=8239ms iter=10 incumb=48.7068 ratchet=48.7852 best=48.7068 since_improve=4
t=8265ms iter=11 WAIST cost=45.0000 best_alt=39.0000 gap=6.0000 tried=5 sep_labels=39 clique_frac=0.04
t=8575ms iter=11 REBUILD reject new_tc=55.0115 (was 48.7068)
t=8818ms iter=11 incumb=48.7068 ratchet=50.4533 best=48.7068 since_improve=5
t=8847ms iter=12 WAIST cost=45.0000 best_alt=33.0000 gap=12.0000 tried=5 sep_labels=33 clique_frac=0.02
t=9154ms iter=12 REBUILD reject new_tc=48.9448 (was 48.7068)
t=9408ms iter=12 incumb=48.7068 ratchet=48.8996 best=48.7068 since_improve=6
t=9435ms iter=13 WAIST cost=45.0000 best_alt=39.0000 gap=6.0000 tried=5 sep_labels=39 clique_frac=0.02
t=9744ms iter=13 REBUILD reject new_tc=54.0364 (was 48.7068)
t=9996ms iter=13 incumb=48.7068 ratchet=48.7624 best=48.7068 since_improve=7
t=10031ms iter=14 WAIST cost=45.0000 best_alt=35.0000 gap=10.0000 tried=5 sep_labels=35 clique_frac=0.00
t=10342ms iter=14 REBUILD reject new_tc=49.0182 (was 48.7068)
t=10592ms iter=14 incumb=48.7068 ratchet=51.1996 best=48.7068 since_improve=8
t=10621ms iter=15 WAIST cost=45.0000 best_alt=40.0000 gap=5.0000 tried=5 sep_labels=40 clique_frac=0.01
t=11095ms iter=15 REBUILD ACCEPT new_tc=48.6414 (was 48.7068)
t=11349ms iter=15 incumb=48.6414 ratchet=48.8870 best=48.6414 since_improve=1
t=11374ms iter=16 WAIST cost=45.0000 best_alt=39.0000 gap=6.0000 tried=5 sep_labels=39 clique_frac=0.02
t=11682ms iter=16 REBUILD reject new_tc=51.7544 (was 48.6414)
t=11940ms iter=16 incumb=48.6414 ratchet=48.7208 best=48.6414 since_improve=2
t=11968ms iter=17 WAIST cost=45.0000 best_alt=35.0000 gap=10.0000 tried=5 sep_labels=35 clique_frac=0.02
t=12279ms iter=17 REBUILD reject new_tc=48.6775 (was 48.6414)
t=12528ms iter=17 incumb=48.6414 ratchet=48.7298 best=48.6414 since_improve=3
t=12558ms iter=18 WAIST cost=45.0000 best_alt=40.0000 gap=5.0000 tried=5 sep_labels=40 clique_frac=0.01
t=12866ms iter=18 REBUILD reject new_tc=49.1542 (was 48.6414)
t=13190ms iter=18 incumb=48.6414 ratchet=48.6815 best=48.6414 since_improve=4
t=13217ms iter=19 WAIST cost=45.0000 best_alt=35.0000 gap=10.0000 tried=5 sep_labels=35 clique_frac=0.02
t=13521ms iter=19 REBUILD reject new_tc=51.2246 (was 48.6414)
t=13778ms iter=19 incumb=48.6414 ratchet=48.6789 best=48.6414 since_improve=5
t=13807ms iter=20 WAIST cost=45.0000 best_alt=33.0000 gap=12.0000 tried=5 sep_labels=33 clique_frac=0.01
t=14110ms iter=20 REBUILD reject new_tc=51.1595 (was 48.6414)
t=14366ms iter=20 incumb=48.6414 ratchet=48.6855 best=48.6414 since_improve=6
t=14397ms iter=21 WAIST cost=45.0000 best_alt=40.0000 gap=5.0000 tried=5 sep_labels=40 clique_frac=0.01
t=14703ms iter=21 REBUILD reject new_tc=49.1849 (was 48.6414)
t=14960ms iter=21 incumb=48.6414 ratchet=48.8946 best=48.6414 since_improve=7
t=14980ms iter=22 WAIST cost=45.0000 best_alt=40.0000 gap=5.0000 tried=5 sep_labels=40 clique_frac=0.01
t=15274ms iter=22 REBUILD reject new_tc=61.0003 (was 48.6414)
t=15530ms iter=22 incumb=48.6414 ratchet=48.7493 best=48.6414 since_improve=8
t=15553ms iter=23 WAIST cost=45.0000 best_alt=33.0000 gap=12.0000 tried=5 sep_labels=33 clique_frac=0.02
t=15854ms iter=23 REBUILD reject new_tc=52.0926 (was 48.6414)
t=16105ms iter=23 incumb=48.6414 ratchet=48.7068 best=48.6414 since_improve=9
t=16129ms iter=24 WAIST cost=45.0000 best_alt=39.0000 gap=6.0000 tried=5 sep_labels=39 clique_frac=0.04
t=16437ms iter=24 REBUILD reject new_tc=54.0274 (was 48.6414)
t=16692ms iter=24 incumb=48.6414 ratchet=48.6794 best=48.6414 since_improve=10
t=16718ms iter=25 WAIST cost=45.0000 best_alt=39.0000 gap=6.0000 tried=5 sep_labels=39 clique_frac=0.03
t=17025ms iter=25 REBUILD reject new_tc=49.6214 (was 48.6414)
t=17276ms iter=25 incumb=48.6414 ratchet=48.7163 best=48.6414 since_improve=11
t=17300ms iter=26 WAIST cost=45.0000 best_alt=39.0000 gap=6.0000 tried=5 sep_labels=39 clique_frac=0.04
t=17606ms iter=26 REBUILD reject new_tc=53.0559 (was 48.6414)
t=17848ms iter=26 incumb=48.6414 ratchet=48.6918 best=48.6414 since_improve=12
t=17875ms iter=27 WAIST cost=45.0000 best_alt=39.0000 gap=6.0000 tried=5 sep_labels=39 clique_frac=0.02
t=18179ms iter=27 REBUILD reject new_tc=49.2402 (was 48.6414)
t=18434ms iter=27 incumb=48.6414 ratchet=48.7195 best=48.6414 since_improve=13
t=18464ms iter=28 WAIST cost=45.0000 best_alt=33.0000 gap=12.0000 tried=5 sep_labels=33 clique_frac=0.02
t=18768ms iter=28 REBUILD reject new_tc=53.0493 (was 48.6414)
t=19018ms iter=28 incumb=48.6414 ratchet=48.7054 best=48.6414 since_improve=14
t=19048ms iter=29 WAIST cost=45.0000 best_alt=37.0000 gap=8.0000 tried=5 sep_labels=37 clique_frac=0.04
t=19355ms iter=29 REBUILD reject new_tc=49.3780 (was 48.6414)
t=19603ms iter=29 incumb=48.6414 ratchet=48.6510 best=48.6414 since_improve=15
t=19624ms iter=30 WAIST cost=45.0000 best_alt=39.0000 gap=6.0000 tried=5 sep_labels=39 clique_frac=0.04
t=19932ms iter=30 REBUILD reject new_tc=53.0668 (was 48.6414)
t=20177ms iter=30 incumb=48.6414 ratchet=48.7707 best=48.6414 since_improve=16
t=20201ms iter=31 WAIST cost=45.0000 best_alt=33.0000 gap=12.0000 tried=5 sep_labels=33 clique_frac=0.01
t=20515ms iter=31 REBUILD reject new_tc=49.0498 (was 48.6414)
t=20764ms iter=31 incumb=48.6414 ratchet=48.6969 best=48.6414 since_improve=17
t=20785ms iter=32 WAIST cost=45.0000 best_alt=39.0000 gap=6.0000 tried=5 sep_labels=39 clique_frac=0.04
t=21094ms iter=32 REBUILD reject new_tc=49.1952 (was 48.6414)
t=21941ms iter=32 incumb=48.6414 ratchet=48.6367 best=48.6366 since_improve=0
t=21972ms iter=33 WAIST cost=45.0000 best_alt=39.0000 gap=6.0000 tried=5 sep_labels=39 clique_frac=0.01
t=22273ms iter=33 REBUILD reject new_tc=55.0131 (was 48.6367)
t=22523ms iter=33 incumb=48.6367 ratchet=49.2955 best=48.6366 since_improve=1
t=22550ms iter=34 WAIST cost=45.0000 best_alt=35.0000 gap=10.0000 tried=5 sep_labels=35 clique_frac=0.02
t=22856ms iter=34 REBUILD reject new_tc=49.7659 (was 48.6367)
t=23099ms iter=34 incumb=48.6367 ratchet=49.7559 best=48.6366 since_improve=2
t=23128ms iter=35 WAIST cost=45.0000 best_alt=39.0000 gap=6.0000 tried=5 sep_labels=39 clique_frac=0.04
t=23446ms iter=35 REBUILD reject new_tc=52.1308 (was 48.6367)
t=23691ms iter=35 incumb=48.6367 ratchet=48.7321 best=48.6366 since_improve=3
t=23720ms iter=36 WAIST cost=45.0000 best_alt=37.0000 gap=8.0000 tried=5 sep_labels=37 clique_frac=0.03
t=24021ms iter=36 REBUILD reject new_tc=54.0434 (was 48.6367)
t=24277ms iter=36 incumb=48.6367 ratchet=48.7264 best=48.6366 since_improve=4
t=24301ms iter=37 WAIST cost=45.0000 best_alt=40.0000 gap=5.0000 tried=5 sep_labels=40 clique_frac=0.01
t=24604ms iter=37 REBUILD reject new_tc=48.9469 (was 48.6367)
t=24852ms iter=37 incumb=48.6367 ratchet=48.6916 best=48.6366 since_improve=5
t=24885ms iter=38 WAIST cost=45.0000 best_alt=33.0000 gap=12.0000 tried=5 sep_labels=33 clique_frac=0.02
t=25193ms iter=38 REBUILD reject new_tc=52.1089 (was 48.6367)
t=25445ms iter=38 incumb=48.6367 ratchet=48.6818 best=48.6366 since_improve=6
t=25476ms iter=39 WAIST cost=45.0000 best_alt=39.0000 gap=6.0000 tried=5 sep_labels=39 clique_frac=0.04
t=25779ms iter=39 REBUILD reject new_tc=50.5124 (was 48.6367)
t=26035ms iter=39 incumb=48.6367 ratchet=48.6790 best=48.6366 since_improve=7
t=26065ms iter=40 WAIST cost=45.0000 best_alt=40.0000 gap=5.0000 tried=5 sep_labels=40 clique_frac=0.01
t=26362ms iter=40 REBUILD reject new_tc=49.7173 (was 48.6367)
t=26609ms iter=40 incumb=48.6367 ratchet=48.6646 best=48.6366 since_improve=8
t=26631ms iter=41 WAIST cost=45.0000 best_alt=40.0000 gap=5.0000 tried=5 sep_labels=40 clique_frac=0.01
t=26934ms iter=41 REBUILD reject new_tc=51.9043 (was 48.6367)
t=27183ms iter=41 incumb=48.6367 ratchet=48.6792 best=48.6366 since_improve=9
t=27222ms iter=42 WAIST cost=45.0000 best_alt=33.0000 gap=12.0000 tried=5 sep_labels=33 clique_frac=0.02
t=27538ms iter=42 REBUILD reject new_tc=48.9451 (was 48.6367)
t=27801ms iter=42 incumb=48.6367 ratchet=48.7233 best=48.6366 since_improve=10
t=27825ms iter=43 WAIST cost=45.0000 best_alt=40.0000 gap=5.0000 tried=5 sep_labels=40 clique_frac=0.01
t=28133ms iter=43 REBUILD reject new_tc=49.1325 (was 48.6367)
t=28388ms iter=43 incumb=48.6367 ratchet=48.6577 best=48.6366 since_improve=11
t=28417ms iter=44 WAIST cost=45.0000 best_alt=35.0000 gap=10.0000 tried=5 sep_labels=35 clique_frac=0.00
t=28705ms iter=44 REBUILD reject new_tc=53.0964 (was 48.6367)
t=28946ms iter=44 incumb=48.6367 ratchet=48.6503 best=48.6366 since_improve=12
t=28976ms iter=45 WAIST cost=45.0000 best_alt=37.0000 gap=8.0000 tried=5 sep_labels=37 clique_frac=0.02
t=29286ms iter=45 REBUILD reject new_tc=49.3943 (was 48.6367)
t=29725ms iter=45 incumb=48.6367 ratchet=48.6620 best=48.6340 since_improve=13
t=29750ms iter=46 WAIST cost=45.0000 best_alt=40.0000 gap=5.0000 tried=5 sep_labels=40 clique_frac=0.01
t=30057ms iter=46 REBUILD reject new_tc=49.1636 (was 48.6367)
t=30309ms iter=46 incumb=48.6367 ratchet=48.6929 best=48.6340 since_improve=14
t=30339ms iter=47 WAIST cost=45.0000 best_alt=37.0000 gap=8.0000 tried=5 sep_labels=37 clique_frac=0.03
t=30645ms iter=47 REBUILD reject new_tc=48.9874 (was 48.6367)
t=30898ms iter=47 incumb=48.6367 ratchet=48.6678 best=48.6340 since_improve=15
t=30925ms iter=48 WAIST cost=45.0000 best_alt=37.0000 gap=8.0000 tried=5 sep_labels=37 clique_frac=0.04
t=31235ms iter=48 REBUILD reject new_tc=49.1626 (was 48.6367)
t=31494ms iter=48 incumb=48.6367 ratchet=48.6956 best=48.6340 since_improve=16
t=31524ms iter=49 WAIST cost=45.0000 best_alt=33.0000 gap=12.0000 tried=5 sep_labels=33 clique_frac=0.02
t=31830ms iter=49 REBUILD reject new_tc=51.3562 (was 48.6367)
t=32073ms iter=49 incumb=48.6367 ratchet=50.4191 best=48.6340 since_improve=17
t=32097ms iter=50 WAIST cost=45.0000 best_alt=40.0000 gap=5.0000 tried=5 sep_labels=40 clique_frac=0.01
t=32405ms iter=50 REBUILD reject new_tc=49.6261 (was 48.6367)
t=32657ms iter=50 incumb=48.6367 ratchet=48.6432 best=48.6340 since_improve=18
t=32684ms iter=51 WAIST cost=45.0000 best_alt=40.0000 gap=5.0000 tried=5 sep_labels=40 clique_frac=0.01
t=32981ms iter=51 REBUILD reject new_tc=49.0429 (was 48.6367)
t=33226ms iter=51 incumb=48.6367 ratchet=48.8118 best=48.6340 since_improve=19
t=33261ms iter=52 WAIST cost=45.0000 best_alt=37.0000 gap=8.0000 tried=5 sep_labels=37 clique_frac=0.02
t=33568ms iter=52 REBUILD reject new_tc=49.6735 (was 48.6367)
t=33823ms iter=52 incumb=48.6367 ratchet=48.7088 best=48.6340 since_improve=20
t=33849ms iter=53 WAIST cost=45.0000 best_alt=33.0000 gap=12.0000 tried=5 sep_labels=33 clique_frac=0.02
t=34152ms iter=53 REBUILD reject new_tc=53.0561 (was 48.6367)
t=34399ms iter=53 incumb=48.6367 ratchet=48.7731 best=48.6340 since_improve=21
t=34424ms iter=54 WAIST cost=45.0000 best_alt=33.0000 gap=12.0000 tried=5 sep_labels=33 clique_frac=0.02
t=34726ms iter=54 REBUILD reject new_tc=49.7455 (was 48.6367)
t=34977ms iter=54 incumb=48.6367 ratchet=48.6662 best=48.6340 since_improve=22
t=34998ms iter=55 WAIST cost=45.0000 best_alt=35.0000 gap=10.0000 tried=5 sep_labels=35 clique_frac=0.03
t=35298ms iter=55 REBUILD reject new_tc=49.8310 (was 48.6367)
t=35556ms iter=55 incumb=48.6367 ratchet=48.7865 best=48.6340 since_improve=23
t=35580ms iter=56 WAIST cost=45.0000 best_alt=39.0000 gap=6.0000 tried=5 sep_labels=39 clique_frac=0.03
t=35890ms iter=56 REBUILD reject new_tc=49.2535 (was 48.6367)
t=36132ms iter=56 incumb=48.6367 ratchet=48.7217 best=48.6340 since_improve=24
t=36163ms iter=57 WAIST cost=45.0000 best_alt=40.0000 gap=5.0000 tried=5 sep_labels=40 clique_frac=0.01
t=36474ms iter=57 REBUILD reject new_tc=49.0374 (was 48.6367)
t=36720ms iter=57 incumb=48.6367 ratchet=48.9820 best=48.6340 since_improve=25
t=36751ms iter=58 WAIST cost=45.0000 best_alt=40.0000 gap=5.0000 tried=5 sep_labels=40 clique_frac=0.01
t=37061ms iter=58 REBUILD reject new_tc=49.1056 (was 48.6367)
t=37315ms iter=58 incumb=48.6367 ratchet=48.6887 best=48.6340 since_improve=26
t=37340ms iter=59 WAIST cost=45.0000 best_alt=40.0000 gap=5.0000 tried=5 sep_labels=40 clique_frac=0.01
t=37636ms iter=59 REBUILD reject new_tc=50.8944 (was 48.6367)
t=37894ms iter=59 incumb=48.6367 ratchet=48.7236 best=48.6340 since_improve=27
t=37913ms iter=60 WAIST cost=45.0000 best_alt=37.0000 gap=8.0000 tried=5 sep_labels=37 clique_frac=0.05
t=38227ms iter=60 REBUILD reject new_tc=49.2068 (was 48.6367)
t=38484ms iter=60 incumb=48.6367 ratchet=48.6947 best=48.6340 since_improve=28
t=38509ms iter=61 WAIST cost=45.0000 best_alt=39.0000 gap=6.0000 tried=5 sep_labels=39 clique_frac=0.02
t=38809ms iter=61 REBUILD reject new_tc=56.0117 (was 48.6367)
t=39069ms iter=61 incumb=48.6367 ratchet=48.6846 best=48.6340 since_improve=29
t=39102ms iter=62 WAIST cost=45.0000 best_alt=33.0000 gap=12.0000 tried=5 sep_labels=33 clique_frac=0.02
t=39410ms iter=62 REBUILD reject new_tc=50.4700 (was 48.6367)
t=39660ms iter=62 incumb=48.6367 ratchet=48.6658 best=48.6340 since_improve=30
t=39689ms iter=63 WAIST cost=45.0000 best_alt=37.0000 gap=8.0000 tried=5 sep_labels=37 clique_frac=0.03
t=39993ms iter=63 REBUILD reject new_tc=52.0922 (was 48.6367)
t=40239ms iter=63 incumb=48.6367 ratchet=48.6501 best=48.6340 since_improve=31
t=40264ms iter=64 WAIST cost=45.0000 best_alt=40.0000 gap=5.0000 tried=5 sep_labels=40 clique_frac=0.01
t=40568ms iter=64 REBUILD reject new_tc=51.1769 (was 48.6367)
t=40817ms iter=64 incumb=48.6367 ratchet=48.6780 best=48.6340 since_improve=32
t=40837ms iter=65 WAIST cost=45.0000 best_alt=39.0000 gap=6.0000 tried=5 sep_labels=39 clique_frac=0.05
t=41146ms iter=65 REBUILD reject new_tc=48.7931 (was 48.6367)
t=41396ms iter=65 incumb=48.6367 ratchet=48.7059 best=48.6340 since_improve=33
t=41419ms iter=66 WAIST cost=45.0000 best_alt=39.0000 gap=6.0000 tried=5 sep_labels=39 clique_frac=0.03
t=41727ms iter=66 REBUILD reject new_tc=49.0993 (was 48.6367)
t=41981ms iter=66 incumb=48.6367 ratchet=48.7202 best=48.6340 since_improve=34
t=42014ms iter=67 WAIST cost=45.0000 best_alt=40.0000 gap=5.0000 tried=5 sep_labels=40 clique_frac=0.01
t=42317ms iter=67 REBUILD reject new_tc=48.9492 (was 48.6367)
t=42576ms iter=67 incumb=48.6367 ratchet=48.6669 best=48.6340 since_improve=35
t=42602ms iter=68 WAIST cost=45.0000 best_alt=39.0000 gap=6.0000 tried=5 sep_labels=39 clique_frac=0.02
t=42924ms iter=68 REBUILD reject new_tc=49.3543 (was 48.6367)
t=43217ms iter=68 incumb=48.6367 ratchet=48.6464 best=48.6340 since_improve=36
t=43242ms iter=69 WAIST cost=45.0000 best_alt=39.0000 gap=6.0000 tried=5 sep_labels=39 clique_frac=0.03
t=43542ms iter=69 REBUILD reject new_tc=53.0892 (was 48.6367)
t=43811ms iter=69 incumb=48.6367 ratchet=48.7201 best=48.6340 since_improve=37
t=43857ms iter=70 WAIST cost=45.0000 best_alt=33.0000 gap=12.0000 tried=5 sep_labels=33 clique_frac=0.02
t=44160ms iter=70 REBUILD reject new_tc=49.0354 (was 48.6367)
t=44409ms iter=70 incumb=48.6367 ratchet=48.7202 best=48.6340 since_improve=38
t=44433ms iter=71 WAIST cost=45.0000 best_alt=39.0000 gap=6.0000 tried=5 sep_labels=39 clique_frac=0.04
t=44740ms iter=71 REBUILD reject new_tc=53.0571 (was 48.6367)
t=44999ms iter=71 incumb=48.6367 ratchet=48.6537 best=48.6340 since_improve=39
t=45028ms iter=72 WAIST cost=45.0000 best_alt=37.0000 gap=8.0000 tried=5 sep_labels=37 clique_frac=0.03
t=45340ms iter=72 REBUILD reject new_tc=49.1866 (was 48.6367)
t=45599ms iter=72 incumb=48.6367 ratchet=48.6505 best=48.6340 since_improve=40
t=45624ms iter=73 WAIST cost=45.0000 best_alt=35.0000 gap=10.0000 tried=5 sep_labels=35 clique_frac=0.03
t=45931ms iter=73 REBUILD reject new_tc=48.9937 (was 48.6367)
t=46189ms iter=73 incumb=48.6367 ratchet=48.7001 best=48.6340 since_improve=41
t=46217ms iter=74 WAIST cost=45.0000 best_alt=40.0000 gap=5.0000 tried=5 sep_labels=40 clique_frac=0.01
t=46518ms iter=74 REBUILD reject new_tc=51.3883 (was 48.6367)
t=46770ms iter=74 incumb=48.6367 ratchet=48.7488 best=48.6340 since_improve=42
t=46796ms iter=75 WAIST cost=45.0000 best_alt=37.0000 gap=8.0000 tried=5 sep_labels=37 clique_frac=0.02
t=47103ms iter=75 REBUILD reject new_tc=55.0077 (was 48.6367)
t=47357ms iter=75 incumb=48.6367 ratchet=48.6780 best=48.6340 since_improve=43
t=47395ms iter=76 WAIST cost=45.0000 best_alt=35.0000 gap=10.0000 tried=5 sep_labels=35 clique_frac=0.02
t=47702ms iter=76 REBUILD reject new_tc=56.0096 (was 48.6367)
t=47953ms iter=76 incumb=48.6367 ratchet=50.4237 best=48.6340 since_improve=44
t=47976ms iter=77 WAIST cost=45.0000 best_alt=39.0000 gap=6.0000 tried=5 sep_labels=39 clique_frac=0.03
t=48290ms iter=77 REBUILD reject new_tc=52.1264 (was 48.6367)
t=48537ms iter=77 incumb=48.6367 ratchet=48.8094 best=48.6340 since_improve=45
t=48572ms iter=78 WAIST cost=45.0000 best_alt=35.0000 gap=10.0000 tried=5 sep_labels=35 clique_frac=0.00
t=48873ms iter=78 REBUILD reject new_tc=49.4454 (was 48.6367)
t=49126ms iter=78 incumb=48.6367 ratchet=48.7984 best=48.6340 since_improve=46
t=49154ms iter=79 WAIST cost=45.0000 best_alt=39.0000 gap=6.0000 tried=5 sep_labels=39 clique_frac=0.02
t=49462ms iter=79 REBUILD reject new_tc=52.0984 (was 48.6367)
t=49719ms iter=79 incumb=48.6367 ratchet=48.7351 best=48.6340 since_improve=47
t=49741ms iter=80 WAIST cost=45.0000 best_alt=40.0000 gap=5.0000 tried=5 sep_labels=40 clique_frac=0.01
t=50040ms iter=80 REBUILD reject new_tc=53.0450 (was 48.6367)
t=50299ms iter=80 incumb=48.6367 ratchet=48.6959 best=48.6340 since_improve=48
t=50328ms iter=81 WAIST cost=45.0000 best_alt=37.0000 gap=8.0000 tried=5 sep_labels=37 clique_frac=0.02
t=50635ms iter=81 REBUILD reject new_tc=49.3718 (was 48.6367)
t=50889ms iter=81 incumb=48.6367 ratchet=48.7461 best=48.6340 since_improve=49
t=50913ms iter=82 WAIST cost=45.0000 best_alt=35.0000 gap=10.0000 tried=5 sep_labels=35 clique_frac=0.02
t=51217ms iter=82 REBUILD reject new_tc=55.0086 (was 48.6367)
t=51472ms iter=82 incumb=48.6367 ratchet=48.6796 best=48.6340 since_improve=50
t=51501ms iter=83 WAIST cost=45.0000 best_alt=37.0000 gap=8.0000 tried=5 sep_labels=37 clique_frac=0.03
t=51805ms iter=83 REBUILD reject new_tc=54.0246 (was 48.6367)
t=52064ms iter=83 incumb=48.6367 ratchet=48.7056 best=48.6340 since_improve=51
t=52093ms iter=84 WAIST cost=45.0000 best_alt=37.0000 gap=8.0000 tried=5 sep_labels=37 clique_frac=0.02
t=52396ms iter=84 REBUILD reject new_tc=49.8409 (was 48.6367)
t=52650ms iter=84 incumb=48.6367 ratchet=48.7002 best=48.6340 since_improve=52
t=52681ms iter=85 WAIST cost=45.0000 best_alt=35.0000 gap=10.0000 tried=5 sep_labels=35 clique_frac=0.02
t=52987ms iter=85 REBUILD reject new_tc=50.3286 (was 48.6367)
t=53240ms iter=85 incumb=48.6367 ratchet=48.6563 best=48.6340 since_improve=53
t=53267ms iter=86 WAIST cost=45.0000 best_alt=37.0000 gap=8.0000 tried=5 sep_labels=37 clique_frac=0.03
t=53563ms iter=86 REBUILD reject new_tc=53.2305 (was 48.6367)
t=53817ms iter=86 incumb=48.6367 ratchet=48.7329 best=48.6340 since_improve=54
t=53848ms iter=87 WAIST cost=45.0000 best_alt=37.0000 gap=8.0000 tried=5 sep_labels=37 clique_frac=0.03
t=54160ms iter=87 REBUILD reject new_tc=49.0450 (was 48.6367)
t=54416ms iter=87 incumb=48.6367 ratchet=48.6918 best=48.6340 since_improve=55
t=54443ms iter=88 WAIST cost=45.0000 best_alt=33.0000 gap=12.0000 tried=5 sep_labels=33 clique_frac=0.02
t=54749ms iter=88 REBUILD reject new_tc=57.0069 (was 48.6367)
t=55000ms iter=88 incumb=48.6367 ratchet=48.6822 best=48.6340 since_improve=56
t=55029ms iter=89 WAIST cost=45.0000 best_alt=33.0000 gap=12.0000 tried=5 sep_labels=33 clique_frac=0.02
t=55339ms iter=89 REBUILD reject new_tc=50.4924 (was 48.6367)
t=55585ms iter=89 incumb=48.6367 ratchet=48.6501 best=48.6340 since_improve=57
t=55612ms iter=90 WAIST cost=45.0000 best_alt=39.0000 gap=6.0000 tried=5 sep_labels=39 clique_frac=0.05
t=55927ms iter=90 REBUILD reject new_tc=49.4032 (was 48.6367)
t=56178ms iter=90 incumb=48.6367 ratchet=48.7708 best=48.6340 since_improve=58
t=56205ms iter=91 WAIST cost=45.0000 best_alt=39.0000 gap=6.0000 tried=5 sep_labels=39 clique_frac=0.04
t=56514ms iter=91 REBUILD reject new_tc=55.0119 (was 48.6367)
t=56765ms iter=91 incumb=48.6367 ratchet=49.7312 best=48.6340 since_improve=59
t=56796ms iter=92 WAIST cost=45.0000 best_alt=40.0000 gap=5.0000 tried=5 sep_labels=40 clique_frac=0.01
t=57099ms iter=92 REBUILD reject new_tc=49.1853 (was 48.6367)
t=57345ms iter=92 incumb=48.6367 ratchet=48.6658 best=48.6340 since_improve=60
t=57367ms iter=93 WAIST cost=45.0000 best_alt=40.0000 gap=5.0000 tried=5 sep_labels=40 clique_frac=0.01
t=57665ms iter=93 REBUILD reject new_tc=48.9841 (was 48.6367)
t=57918ms iter=93 incumb=48.6367 ratchet=48.7028 best=48.6340 since_improve=61
t=57941ms iter=94 WAIST cost=45.0000 best_alt=39.0000 gap=6.0000 tried=5 sep_labels=39 clique_frac=0.04
t=58246ms iter=94 REBUILD reject new_tc=54.1507 (was 48.6367)
t=58498ms iter=94 incumb=48.6367 ratchet=48.7497 best=48.6340 since_improve=62
t=58523ms iter=95 WAIST cost=45.0000 best_alt=33.0000 gap=12.0000 tried=5 sep_labels=33 clique_frac=0.02
t=58828ms iter=95 REBUILD reject new_tc=51.1928 (was 48.6367)
t=59074ms iter=95 incumb=48.6367 ratchet=48.6789 best=48.6340 since_improve=63
t=59101ms iter=96 WAIST cost=45.0000 best_alt=39.0000 gap=6.0000 tried=5 sep_labels=39 clique_frac=0.02
t=59413ms iter=96 REBUILD reject new_tc=48.9868 (was 48.6367)
t=59665ms iter=96 incumb=48.6367 ratchet=48.6648 best=48.6340 since_improve=64
t=59688ms iter=97 WAIST cost=45.0000 best_alt=35.0000 gap=10.0000 tried=5 sep_labels=35 clique_frac=0.03
t=59999ms iter=97 REBUILD reject new_tc=49.3984 (was 48.6367)
t=60242ms iter=97 incumb=48.6367 ratchet=49.8012 best=48.6340 since_improve=65
t=60275ms iter=98 WAIST cost=45.0000 best_alt=39.0000 gap=6.0000 tried=5 sep_labels=39 clique_frac=0.04
t=60580ms iter=98 REBUILD reject new_tc=51.2568 (was 48.6367)
t=60837ms iter=98 incumb=48.6367 ratchet=48.6947 best=48.6340 since_improve=66
t=60860ms iter=99 WAIST cost=45.0000 best_alt=37.0000 gap=8.0000 tried=5 sep_labels=37 clique_frac=0.02
t=61180ms iter=99 REBUILD reject new_tc=49.0502 (was 48.6367)
t=61422ms iter=99 incumb=48.6367 ratchet=48.7366 best=48.6340 since_improve=67
t=61455ms iter=100 WAIST cost=45.0000 best_alt=39.0000 gap=6.0000 tried=5 sep_labels=39 clique_frac=0.04
t=61759ms iter=100 REBUILD reject new_tc=53.0510 (was 48.6367)
t=62004ms iter=100 incumb=48.6367 ratchet=48.6966 best=48.6340 since_improve=68
t=62035ms iter=101 WAIST cost=45.0000 best_alt=33.0000 gap=12.0000 tried=5 sep_labels=33 clique_frac=0.02
t=62333ms iter=101 REBUILD reject new_tc=52.1491 (was 48.6367)
t=62583ms iter=101 incumb=48.6367 ratchet=48.6927 best=48.6340 since_improve=69
t=62611ms iter=102 WAIST cost=45.0000 best_alt=35.0000 gap=10.0000 tried=5 sep_labels=35 clique_frac=0.00
t=62921ms iter=102 REBUILD reject new_tc=52.8472 (was 48.6367)
t=63173ms iter=102 incumb=48.6367 ratchet=48.7831 best=48.6340 since_improve=70
t=63196ms iter=103 WAIST cost=45.0000 best_alt=39.0000 gap=6.0000 tried=5 sep_labels=39 clique_frac=0.04
t=63513ms iter=103 REBUILD reject new_tc=48.9634 (was 48.6367)
t=63765ms iter=103 incumb=48.6367 ratchet=48.6644 best=48.6340 since_improve=71
t=63788ms iter=104 WAIST cost=45.0000 best_alt=40.0000 gap=5.0000 tried=5 sep_labels=40 clique_frac=0.01
t=64098ms iter=104 REBUILD reject new_tc=49.0915 (was 48.6367)
t=64343ms iter=104 incumb=48.6367 ratchet=48.9445 best=48.6340 since_improve=72
t=64379ms iter=105 WAIST cost=45.0000 best_alt=35.0000 gap=10.0000 tried=5 sep_labels=35 clique_frac=0.03
t=64685ms iter=105 REBUILD reject new_tc=52.1067 (was 48.6367)
t=64939ms iter=105 incumb=48.6367 ratchet=48.8122 best=48.6340 since_improve=73
t=64963ms iter=106 WAIST cost=45.0000 best_alt=40.0000 gap=5.0000 tried=5 sep_labels=40 clique_frac=0.01
t=65264ms iter=106 REBUILD reject new_tc=51.2081 (was 48.6367)
t=65522ms iter=106 incumb=48.6367 ratchet=48.6999 best=48.6340 since_improve=74
t=65548ms iter=107 WAIST cost=45.0000 best_alt=39.0000 gap=6.0000 tried=5 sep_labels=39 clique_frac=0.04
t=65862ms iter=107 REBUILD reject new_tc=50.4907 (was 48.6367)
t=66110ms iter=107 incumb=48.6367 ratchet=50.3950 best=48.6340 since_improve=75
t=66133ms iter=108 WAIST cost=45.0000 best_alt=37.0000 gap=8.0000 tried=5 sep_labels=37 clique_frac=0.04
t=66439ms iter=108 REBUILD reject new_tc=51.5912 (was 48.6367)
t=66711ms iter=108 incumb=48.6367 ratchet=48.6363 best=48.6340 since_improve=0
t=66734ms iter=109 WAIST cost=45.0000 best_alt=35.0000 gap=10.0000 tried=5 sep_labels=35 clique_frac=0.04
t=67223ms iter=109 REBUILD ACCEPT new_tc=48.5687 (was 48.6363)
t=67468ms iter=109 incumb=48.5687 ratchet=48.7070 best=48.5687 since_improve=1
t=67495ms iter=110 WAIST cost=45.0000 best_alt=37.0000 gap=8.0000 tried=5 sep_labels=37 clique_frac=0.02
t=67803ms iter=110 REBUILD reject new_tc=49.9528 (was 48.5687)
t=68057ms iter=110 incumb=48.5687 ratchet=48.9136 best=48.5687 since_improve=2
t=68089ms iter=111 WAIST cost=45.0000 best_alt=40.0000 gap=5.0000 tried=5 sep_labels=40 clique_frac=0.01
t=68543ms iter=111 REBUILD ACCEPT new_tc=48.4619 (was 48.5687)
t=69078ms iter=111 incumb=48.4619 ratchet=48.4577 best=48.4577 since_improve=0
t=69123ms iter=112 WAIST cost=45.0000 best_alt=37.0000 gap=8.0000 tried=5 sep_labels=37 clique_frac=0.02
t=69436ms iter=112 REBUILD reject new_tc=52.1949 (was 48.4577)
t=70152ms iter=112 incumb=48.4577 ratchet=48.4154 best=48.4154 since_improve=0
t=70198ms iter=113 WAIST cost=45.0000 best_alt=29.0000 gap=16.0000 tried=5 sep_labels=29 clique_frac=0.01
t=70516ms iter=113 REBUILD reject new_tc=55.0141 (was 48.4154)
t=72075ms iter=113 incumb=48.4154 ratchet=48.3713 best=48.3713 since_improve=0
t=72122ms iter=114 WAIST cost=44.0000 best_alt=35.0000 gap=9.0000 tried=5 sep_labels=35 clique_frac=0.03
t=72429ms iter=114 REBUILD reject new_tc=53.0405 (was 48.3713)
t=72686ms iter=114 incumb=48.3713 ratchet=48.4384 best=48.3713 since_improve=1
t=72724ms iter=115 WAIST cost=44.0000 best_alt=31.0000 gap=13.0000 tried=5 sep_labels=31 clique_frac=0.03
t=73048ms iter=115 REBUILD reject new_tc=49.1355 (was 48.3713)
t=73296ms iter=115 incumb=48.3713 ratchet=48.5025 best=48.3713 since_improve=2
t=73326ms iter=116 WAIST cost=44.0000 best_alt=33.0000 gap=11.0000 tried=5 sep_labels=33 clique_frac=0.02
t=73635ms iter=116 REBUILD reject new_tc=50.9117 (was 48.3713)
t=74202ms iter=116 incumb=48.3713 ratchet=48.3208 best=48.3095 since_improve=0
t=74229ms iter=117 WAIST cost=44.0000 best_alt=40.0000 gap=4.0000 tried=5 sep_labels=40 clique_frac=0.02
t=74547ms iter=117 REBUILD reject new_tc=50.8951 (was 48.3208)
t=74802ms iter=117 incumb=48.3208 ratchet=48.3256 best=48.3095 since_improve=1
t=74834ms iter=118 WAIST cost=44.0000 best_alt=40.0000 gap=4.0000 tried=5 sep_labels=40 clique_frac=0.02
t=75156ms iter=118 REBUILD reject new_tc=48.9396 (was 48.3208)
t=76829ms iter=118 incumb=48.3208 ratchet=48.2482 best=48.2427 since_improve=0
t=76859ms iter=119 WAIST cost=44.0000 best_alt=40.0000 gap=4.0000 tried=5 sep_labels=40 clique_frac=0.02
t=77173ms iter=119 REBUILD reject new_tc=48.6691 (was 48.2482)
t=77428ms iter=119 incumb=48.2482 ratchet=48.2994 best=48.2427 since_improve=1
t=77453ms iter=120 WAIST cost=44.0000 best_alt=40.0000 gap=4.0000 tried=5 sep_labels=40 clique_frac=0.02
t=77762ms iter=120 REBUILD reject new_tc=48.7447 (was 48.2482)
t=78018ms iter=120 incumb=48.2482 ratchet=48.2536 best=48.2427 since_improve=2
t=78050ms iter=121 WAIST cost=44.0000 best_alt=37.0000 gap=7.0000 tried=5 sep_labels=37 clique_frac=0.03
t=78357ms iter=121 REBUILD reject new_tc=49.2500 (was 48.2482)
t=79271ms iter=121 incumb=48.2482 ratchet=48.2350 best=48.2249 since_improve=0
t=79294ms iter=122 WAIST cost=43.0000 best_alt=40.0000 gap=3.0000 tried=5 sep_labels=40 clique_frac=0.03
t=79609ms iter=122 REBUILD reject new_tc=48.7948 (was 48.2350)
t=80992ms iter=122 incumb=48.2350 ratchet=48.2045 best=48.1791 since_improve=0
t=81015ms iter=123 WAIST cost=43.0000 best_alt=37.0000 gap=6.0000 tried=5 sep_labels=37 clique_frac=0.02
t=81328ms iter=123 REBUILD reject new_tc=49.3824 (was 48.2045)
t=81916ms iter=123 incumb=48.2045 ratchet=48.1653 best=48.1653 since_improve=0
t=81944ms iter=124 WAIST cost=43.0000 best_alt=37.0000 gap=6.0000 tried=5 sep_labels=37 clique_frac=0.03
t=82249ms iter=124 REBUILD reject new_tc=51.4621 (was 48.1653)
t=82500ms iter=124 incumb=48.1653 ratchet=48.2469 best=48.1653 since_improve=1
t=82533ms iter=125 WAIST cost=43.0000 best_alt=37.0000 gap=6.0000 tried=5 sep_labels=37 clique_frac=0.03
t=82841ms iter=125 REBUILD reject new_tc=56.0049 (was 48.1653)
t=84266ms iter=125 incumb=48.1653 ratchet=48.1253 best=48.1214 since_improve=0
t=84289ms iter=126 WAIST cost=43.0000 best_alt=40.0000 gap=3.0000 tried=5 sep_labels=40 clique_frac=0.02
t=84609ms iter=126 REBUILD reject new_tc=48.6470 (was 48.1253)
t=84866ms iter=126 incumb=48.1253 ratchet=48.1623 best=48.1214 since_improve=1
t=84902ms iter=127 WAIST cost=43.0000 best_alt=35.0000 gap=8.0000 tried=5 sep_labels=35 clique_frac=0.02
t=85209ms iter=127 REBUILD reject new_tc=51.2138 (was 48.1253)
t=86092ms iter=127 incumb=48.1253 ratchet=48.0985 best=48.0962 since_improve=0
t=86125ms iter=128 WAIST cost=45.0000 best_alt=40.0000 gap=5.0000 tried=5 sep_labels=40 clique_frac=0.02
t=86467ms iter=128 REBUILD reject new_tc=48.8124 (was 48.0985)
t=86726ms iter=128 incumb=48.0985 ratchet=48.1816 best=48.0962 since_improve=1
t=86760ms iter=129 WAIST cost=45.0000 best_alt=37.0000 gap=8.0000 tried=5 sep_labels=37 clique_frac=0.00
t=87081ms iter=129 REBUILD reject new_tc=49.0672 (was 48.0985)
t=87304ms iter=129 incumb=48.0985 ratchet=48.4180 best=48.0962 since_improve=2
t_final=87453ms tc_reduced=48.0962 tc_full=48.4356 leaves=2203
surgery summary: calls=129 cheaper_cuts=129 rebuild_accepts=5 waist_min_hits=0
