simplify: n_orig=2304 n_reduced=580 shrink=0.7483 t_simp=7ms
t_seed=605ms tc_seed=52.2765 seed_trials=6
t_dp=605ms tc_greedy=52.2765
t=3433ms mcts_tc=50.7885
t_mcts=18333ms mcts: backup=min rollouts=256 rate=14/s depth=3 nodes=257 improves=1 tc_mcts=50.7885
ATTRIBUTION tc_greedy=52.2765 tc_mcts_prepolish=50.7885 mcts_beats_greedy=true
t=18478ms polish_tc=50.5884
t=18565ms polish_tc=50.5333
t=18651ms polish_tc=50.0342
t=18739ms polish_tc=49.8982
t=19438ms polish_tc=49.3473
t=19527ms polish_tc=49.3063
t=19614ms polish_tc=49.2234
t=19694ms polish_tc=48.9949
t=19774ms polish_tc=48.8911
t=20444ms polish_tc=48.2855
t=20530ms polish_tc=47.7382
t=20617ms polish_tc=47.5993
t=20710ms polish_tc=47.3194
t=21426ms polish_tc=47.2292
t=21504ms polish_tc=47.0481
t=21585ms polish_tc=47.0384
t=21663ms polish_tc=46.6396
t=21743ms polish_tc=46.5533
t=22427ms polish_tc=46.2824
t=22507ms polish_tc=45.7284
t=22594ms polish_tc=45.5497
t=22674ms polish_tc=45.4682
t=22755ms polish_tc=45.4584
t=23442ms polish_tc=45.1949
t=23519ms polish_tc=45.1213
t=23600ms polish_tc=45.1043
t=23689ms polish_tc=44.9520
t=23777ms polish_tc=44.8944
t=24443ms polish_tc=44.6901
t=24526ms polish_tc=44.1838
t=24612ms polish_tc=43.8957
t=24692ms polish_tc=43.6370
t=24769ms polish_tc=43.5081
t=25441ms polish_tc=43.4609
t=25530ms polish_tc=43.4584
t=25621ms polish_tc=43.3525
t=25710ms polish_tc=43.2910
t=26433ms polish_tc=43.2289
t=26530ms polish_tc=43.1606
t=26629ms polish_tc=43.0697
t=26744ms polish_tc=42.9658
t=27439ms polish_tc=42.8492
t=27526ms polish_tc=42.7460
t=27615ms polish_tc=42.6686
t=27700ms polish_tc=42.5600
t=27785ms polish_tc=42.4841
t=28446ms polish_tc=41.5751
t=28537ms polish_tc=41.4302
t=28633ms polish_tc=41.0151
t=28716ms polish_tc=41.0035
t=29436ms polish_tc=40.9734
t=29526ms polish_tc=40.9651
t=29604ms polish_tc=40.7000
t=29685ms polish_tc=40.3635
t=29762ms polish_tc=40.3616
t=30441ms polish_tc=40.3038
t=30525ms polish_tc=40.2984
t=30609ms polish_tc=40.1042
t=30696ms polish_tc=40.0719
t=30777ms polish_tc=40.0678
t=31444ms polish_tc=39.9912
t=31524ms polish_tc=39.9890
t=31604ms polish_tc=39.9638
t=31679ms polish_tc=39.6337
t=31757ms polish_tc=39.1966
t=32438ms polish_tc=39.0650
t=32518ms polish_tc=39.0595
t=32597ms polish_tc=39.0219
t=32678ms polish_tc=39.0195
t=32754ms polish_tc=38.9563
t=33442ms polish_tc=38.9512
t=33519ms polish_tc=38.9490
t=33600ms polish_tc=38.9407
t=33673ms polish_tc=38.8840
t=33749ms polish_tc=38.7871
t=34434ms polish_tc=38.6995
t=34511ms polish_tc=38.6330
t=34585ms polish_tc=38.6121
t=34655ms polish_tc=38.4425
t=34733ms polish_tc=38.4306
t=35435ms polish_tc=38.1371
t=35512ms polish_tc=38.1371
t=35598ms polish_tc=38.1246
t=35681ms polish_tc=38.1172
t=35757ms polish_tc=38.1022
t=36431ms polish_tc=38.0849
t=36511ms polish_tc=38.0819
t=36588ms polish_tc=38.0813
t=36662ms polish_tc=38.0810
t=36741ms polish_tc=38.0769
t=36826ms polish_tc=38.0730
t=37440ms polish_tc=38.0684
t=37514ms polish_tc=38.0683
t=37642ms polish_tc=38.0193
t=37721ms polish_tc=38.0168
t=37793ms polish_tc=38.0121
t=38437ms polish_tc=38.0121
t=38512ms polish_tc=38.0097
t=38589ms polish_tc=38.0096
t=38658ms polish_tc=38.0080
t=38733ms polish_tc=38.0079
t=39427ms polish_tc=38.0034
t=39509ms polish_tc=38.0033
t=39587ms polish_tc=38.0032
t=39686ms polish_tc=37.8697
t=39765ms polish_tc=37.8685
t=40427ms polish_tc=37.8682
t=40500ms polish_tc=37.8639
t=40583ms polish_tc=37.8074
t=40657ms polish_tc=37.8071
t=40736ms polish_tc=37.8010
t=40803ms polish_tc=37.8008
t=41437ms polish_tc=37.8007
t=41508ms polish_tc=37.8007
t=41589ms polish_tc=37.7997
t=41742ms polish_tc=37.7973
t=41821ms polish_tc=37.7973
t=42433ms polish_tc=37.7968
t=42516ms polish_tc=37.7968
t=42605ms polish_tc=37.7967
t=42697ms polish_tc=37.7967
t=42771ms polish_tc=37.7966
t=43445ms polish_tc=37.7964
t=43523ms polish_tc=37.7964
t=43610ms polish_tc=37.7964
t=43744ms polish_tc=37.7964
t=43819ms polish_tc=37.7964
t=44441ms polish_tc=37.7964
t=44517ms polish_tc=37.7964
t=44599ms polish_tc=37.7963
t=44682ms polish_tc=37.7962
t=44755ms polish_tc=37.7962
t=45444ms polish_tc=37.7959
t=45523ms polish_tc=37.7959
t=45601ms polish_tc=37.7959
t=45681ms polish_tc=37.7959
t=45760ms polish_tc=37.7959
t=46437ms polish_tc=37.7959
t=46517ms polish_tc=37.7959
t=46599ms polish_tc=37.7959
t=47442ms polish_tc=37.6868
t=47519ms polish_tc=37.6850
t=47612ms polish_tc=37.4440
t=47691ms polish_tc=37.4317
t=47766ms polish_tc=37.4179
t=48433ms polish_tc=37.1634
t=48504ms polish_tc=37.0557
t=48580ms polish_tc=37.0271
t=48659ms polish_tc=36.9462
t=48741ms polish_tc=36.8824
t=49428ms polish_tc=36.8603
t=49498ms polish_tc=36.7776
t=49566ms polish_tc=36.7507
t=49655ms polish_tc=36.7364
t=49730ms polish_tc=36.5637
t=49806ms polish_tc=36.1838
t=50443ms polish_tc=35.9954
t=50515ms polish_tc=35.9353
t=50590ms polish_tc=35.6823
t=50664ms polish_tc=35.6505
t=50742ms polish_tc=35.6172
t=51431ms polish_tc=35.5731
t=51509ms polish_tc=35.3952
t=51587ms polish_tc=35.3812
t=51661ms polish_tc=35.0663
t=51734ms polish_tc=34.9787
t=52432ms polish_tc=34.9470
t=52507ms polish_tc=34.9331
t=52581ms polish_tc=34.8787
t=52680ms polish_tc=34.8519
t=52754ms polish_tc=34.8267
t=53433ms polish_tc=34.7508
t=53507ms polish_tc=34.7310
t=53629ms polish_tc=34.7290
t=53727ms polish_tc=34.7104
t=53811ms polish_tc=34.7088
t=54444ms polish_tc=34.7008
t=54518ms polish_tc=34.6972
t=55619ms polish_tc=34.6926
t=55721ms polish_tc=34.6810
t=55827ms polish_tc=34.6810
t=55922ms polish_tc=34.6794
t=56015ms polish_tc=34.6792
t=56440ms polish_tc=34.6787
t=56543ms polish_tc=34.6786
t=56635ms polish_tc=34.6778
t=56726ms polish_tc=34.6775
t=57294ms polish_tc=34.6129
t=57385ms polish_tc=34.4732
t=57475ms polish_tc=34.4294
t=57561ms polish_tc=34.3495
t=57652ms polish_tc=34.2645
t=57738ms polish_tc=34.2007
t=57824ms polish_tc=34.0962
t=57909ms polish_tc=34.0799
t=57996ms polish_tc=34.0765
t=58081ms polish_tc=34.0488
t=58164ms polish_tc=34.0125
t=58427ms polish_tc=33.9428
t=58611ms polish_tc=33.8848
t=58695ms polish_tc=33.8748
t=58783ms polish_tc=33.8737
t=58864ms polish_tc=33.8735
t=58983ms polish_tc=33.8731
t=59498ms polish_tc=33.8219
t=59574ms polish_tc=33.7865
t=59657ms polish_tc=33.7534
t=59734ms polish_tc=33.7532
t=59808ms polish_tc=33.7418
t=59896ms polish_tc=33.7390
t=60442ms polish_tc=33.6961
t=60522ms polish_tc=33.6953
t=61074ms polish_tc=33.6465
t=61174ms polish_tc=33.5415
t=61436ms polish_tc=33.4910
t=61531ms polish_tc=33.4377
t=61622ms polish_tc=33.2308
t=61713ms polish_tc=33.2044
t=61807ms polish_tc=33.2019
t=61904ms polish_tc=33.0613
t=61992ms polish_tc=33.0181
t=62083ms polish_tc=32.9084
t=62175ms polish_tc=32.8778
t=62441ms polish_tc=32.8001
t=62539ms polish_tc=32.7329
t=62634ms polish_tc=32.6094
t=62721ms polish_tc=32.5353
t=62808ms polish_tc=32.4407
t=62895ms polish_tc=32.4392
t=62975ms polish_tc=32.3677
t=63064ms polish_tc=32.2724
t=63431ms polish_tc=32.2050
t=63518ms polish_tc=31.9917
t=63612ms polish_tc=31.9845
t=63703ms polish_tc=31.7631
t=63794ms polish_tc=31.6427
t=63886ms polish_tc=31.6211
t=63986ms polish_tc=31.4276
t=64084ms polish_tc=31.3883
t=64174ms polish_tc=31.3296
t=64439ms polish_tc=31.2934
t=64531ms polish_tc=31.2822
t=64620ms polish_tc=31.2190
t=64716ms polish_tc=31.1864
t=64805ms polish_tc=31.1553
t=64900ms polish_tc=31.1379
t=64993ms polish_tc=31.1271
t=65089ms polish_tc=31.1028
t=65434ms polish_tc=31.0626
t=65526ms polish_tc=31.0441
t=65615ms polish_tc=30.9882
t=65716ms polish_tc=30.9700
t=65807ms polish_tc=30.9450
t=65895ms polish_tc=30.9315
t=65989ms polish_tc=30.9211
t=66083ms polish_tc=30.8432
t=66179ms polish_tc=30.7676
t=66439ms polish_tc=30.7593
t=66553ms polish_tc=30.7440
t=66667ms polish_tc=30.7268
t=66783ms polish_tc=30.7158
t=66880ms polish_tc=30.6607
t=67004ms polish_tc=30.6324
t=67097ms polish_tc=30.6215
t=67435ms polish_tc=30.6129
t=67552ms polish_tc=30.6110
t=67645ms polish_tc=30.6047
t=67738ms polish_tc=30.5937
t=67832ms polish_tc=30.5836
t=67910ms polish_tc=30.5686
t=68058ms polish_tc=30.5535
t=68158ms polish_tc=30.5530
t=68436ms polish_tc=30.5522
t=68538ms polish_tc=30.5505
t=68646ms polish_tc=30.5263
t=68742ms polish_tc=30.5209
t=68840ms polish_tc=30.5180
t=68963ms polish_tc=30.5166
t=69059ms polish_tc=30.5162
t=69438ms polish_tc=30.5161
t=69575ms polish_tc=30.5149
t=69666ms polish_tc=30.5149
t=70197ms polish_tc=30.5098
t=70433ms polish_tc=30.5017
t=70519ms polish_tc=30.4965
t=70610ms polish_tc=30.4943
t=70704ms polish_tc=30.4893
t=70795ms polish_tc=30.4852
t=70889ms polish_tc=30.4823
t=71444ms polish_tc=30.4804
t=71534ms polish_tc=30.4793
t=71632ms polish_tc=30.4777
t=71726ms polish_tc=30.4765
t=71877ms polish_tc=30.4735
t=72104ms polish_tc=30.4727
t=72440ms polish_tc=30.4723
t=72530ms polish_tc=30.4723
t=72624ms polish_tc=30.4723
t=72727ms polish_tc=30.4722
t=72834ms polish_tc=30.4721
t=72926ms polish_tc=30.4721
t=82270ms polish_tc=30.4680
t=82368ms polish_tc=30.4669
t=82560ms polish_tc=30.4634
t=82660ms polish_tc=30.4590
t=82756ms polish_tc=30.4582
t=82865ms polish_tc=30.4557
t=82974ms polish_tc=30.4542
t=83071ms polish_tc=30.4541
t=83186ms polish_tc=30.4514
t=83292ms polish_tc=30.4505
t=83436ms polish_tc=30.4476
t=83534ms polish_tc=30.4472
t=83643ms polish_tc=30.4462
t=83738ms polish_tc=30.4446
t=83834ms polish_tc=30.4440
t=83928ms polish_tc=30.4440
t=84026ms polish_tc=30.4428
t=84119ms polish_tc=30.4428
anneal_sweeps=58024 cycles=31 fresh=0
t_final=87305ms tc_greedy=52.2765 tc_mcts=50.7885 tc_final=30.4428 tc_full=30.4428 leaves=2304
