simplify: n_orig=828 n_reduced=184 shrink=0.7778 t_simp=3ms
t_seed=604ms tc_seed=26.7877 seed_trials=58
t_dp=888ms tc_greedy=26.1105
t_mcts=14750ms mcts: backup=min rollouts=1984 rate=135/s depth=4 nodes=1985 improves=0 tc_mcts=26.1105
ATTRIBUTION tc_greedy=26.1105 tc_mcts_prepolish=26.1105 mcts_beats_greedy=false
t=14785ms polish_tc=26.0253
t=14801ms polish_tc=25.9794
t=14819ms polish_tc=25.7224
t=14837ms polish_tc=25.6993
t=14854ms polish_tc=25.6903
t=14871ms polish_tc=25.6363
t=14888ms polish_tc=25.5189
t=14907ms polish_tc=25.5120
t=14927ms polish_tc=25.4938
t=14946ms polish_tc=25.3621
t=14963ms polish_tc=25.1966
t=14981ms polish_tc=25.1617
t=14999ms polish_tc=25.0968
t=15016ms polish_tc=25.0747
t=15034ms polish_tc=24.8920
t=15053ms polish_tc=24.8556
t=15070ms polish_tc=24.8035
t=15091ms polish_tc=24.7256
t=15111ms polish_tc=24.6375
t=15130ms polish_tc=24.5390
t=15149ms polish_tc=24.5377
t=15170ms polish_tc=24.3340
t=15189ms polish_tc=24.1777
t=15208ms polish_tc=24.1745
t=15225ms polish_tc=24.1744
t=15243ms polish_tc=24.0869
t=15258ms polish_tc=24.0868
t=15274ms polish_tc=23.9150
t=15289ms polish_tc=23.7808
t=15303ms polish_tc=23.7551
t=15318ms polish_tc=23.7352
t=15333ms polish_tc=23.7290
t=15348ms polish_tc=23.6205
t=15363ms polish_tc=23.5101
t=15380ms polish_tc=23.4999
t=15394ms polish_tc=23.4979
t=15410ms polish_tc=23.4896
t=15423ms polish_tc=23.4885
t=15439ms polish_tc=23.4796
t=15459ms polish_tc=23.4358
t=15476ms polish_tc=23.4357
t=15493ms polish_tc=23.4357
t=15508ms polish_tc=23.4353
t=15525ms polish_tc=23.4312
t=15540ms polish_tc=23.4309
t=15556ms polish_tc=23.4307
t=15572ms polish_tc=23.4303
t=15589ms polish_tc=23.4302
t=15607ms polish_tc=23.4299
t=15625ms polish_tc=23.4296
t=15664ms polish_tc=23.4296
t=15851ms polish_tc=23.4296
t=15879ms polish_tc=23.4295
t=15896ms polish_tc=23.4294
t=15921ms polish_tc=23.4293
t=15940ms polish_tc=23.4292
t=15955ms polish_tc=23.4292
t=15972ms polish_tc=23.4291
t=15992ms polish_tc=23.4290
t=16014ms polish_tc=23.4290
t=16036ms polish_tc=23.4290
t=16055ms polish_tc=23.4290
t=16503ms polish_tc=23.4151
t=16514ms polish_tc=23.4126
t=16526ms polish_tc=23.4120
t=16563ms polish_tc=23.3847
t=16610ms polish_tc=23.3732
t=16635ms polish_tc=23.3730
t=16652ms polish_tc=23.3696
t=16667ms polish_tc=23.3682
t=16683ms polish_tc=23.3554
t=16705ms polish_tc=23.3546
t=16741ms polish_tc=23.3455
t=16778ms polish_tc=23.3322
t=16799ms polish_tc=23.3319
t=16814ms polish_tc=23.3239
t=16829ms polish_tc=23.3195
t=16844ms polish_tc=23.3194
t=17578ms polish_tc=23.3153
t=17589ms polish_tc=23.3152
t=17601ms polish_tc=23.3148
t=17613ms polish_tc=23.3146
t=17625ms polish_tc=23.3110
t=17642ms polish_tc=23.3083
t=17653ms polish_tc=23.3083
t=17666ms polish_tc=23.3050
t=21168ms polish_tc=23.3049
t=21184ms polish_tc=23.3048
t=21199ms polish_tc=23.3027
t=21214ms polish_tc=23.3026
t=34054ms polish_tc=23.3009
anneal_sweeps=942376 cycles=97 fresh=78
t_final=87302ms tc_greedy=26.1105 tc_mcts=26.1105 tc_final=23.3009 tc_full=23.3016 leaves=828
