probe: instance=surfacecode_d21 n_orig=2203 n=761 fusible=0.6546 nlabels=798 t=13ms
seed_greedy tc=61.0904 t=433ms
t=766ms iter=1 WAIST cost=51.0000 best_alt=40.0000 gap=11.0000 tried=5 sep_labels=40 clique_frac=0.01
t=1249ms iter=1 REBUILD ACCEPT new_tc=49.1728 (was 51.2230)
t=1516ms iter=1 incumb=49.1728 ratchet=49.2480 best=49.1728 since_improve=1
t=1541ms iter=2 WAIST cost=45.0000 best_alt=31.0000 gap=14.0000 tried=5 sep_labels=31 clique_frac=0.03
t=1852ms iter=2 REBUILD reject new_tc=52.2131 (was 49.1728)
t=2899ms iter=2 incumb=49.1728 ratchet=49.1550 best=49.1499 since_improve=0
t=2923ms iter=3 WAIST cost=45.0000 best_alt=37.0000 gap=8.0000 tried=5 sep_labels=37 clique_frac=0.05
t=3239ms iter=3 REBUILD reject new_tc=50.3771 (was 49.1550)
t=3502ms iter=3 incumb=49.1550 ratchet=49.1997 best=49.1499 since_improve=1
t=3524ms iter=4 WAIST cost=45.0000 best_alt=35.0000 gap=10.0000 tried=5 sep_labels=35 clique_frac=0.01
t=3830ms iter=4 REBUILD reject new_tc=52.1166 (was 49.1550)
t=4094ms iter=4 incumb=49.1550 ratchet=49.1600 best=49.1499 since_improve=2
t=4116ms iter=5 WAIST cost=45.0000 best_alt=37.0000 gap=8.0000 tried=5 sep_labels=37 clique_frac=0.05
t=4426ms iter=5 REBUILD reject new_tc=53.0422 (was 49.1550)
t=4683ms iter=5 incumb=49.1550 ratchet=49.2289 best=49.1499 since_improve=3
t=4713ms iter=6 WAIST cost=45.0000 best_alt=31.0000 gap=14.0000 tried=5 sep_labels=31 clique_frac=0.02
t=5024ms iter=6 REBUILD reject new_tc=49.2014 (was 49.1550)
t=5283ms iter=6 incumb=49.1550 ratchet=49.2119 best=49.1499 since_improve=4
t=5311ms iter=7 WAIST cost=45.0000 best_alt=37.0000 gap=8.0000 tried=5 sep_labels=37 clique_frac=0.05
t=5819ms iter=7 REBUILD ACCEPT new_tc=48.7857 (was 49.1550)
t=9961ms iter=7 incumb=48.7857 ratchet=48.5359 best=48.5359 since_improve=0
t_final=10130ms tc_reduced=48.5359 tc_full=48.8924 leaves=2203
surgery summary: calls=7 cheaper_cuts=7 rebuild_accepts=2 waist_min_hits=0
