simplify: n_orig=2304 n_reduced=580 shrink=0.7483 t_simp=10ms
t_seed=605ms tc_seed=51.7670 seed_trials=11
t_dp=605ms tc_greedy=51.7670
t=8221ms mcts_tc=51.4343
t=13612ms mcts_tc=50.0457
t_mcts=15208ms mcts: backup=min rollouts=192 rate=13/s depth=3 nodes=193 improves=2 tc_mcts=50.0457
ATTRIBUTION tc_greedy=51.7670 tc_mcts_prepolish=50.0457 mcts_beats_greedy=true
t=15359ms polish_tc=49.8413
t=15433ms polish_tc=49.3228
t=15496ms polish_tc=49.2968
t=15560ms polish_tc=49.2299
t=15624ms polish_tc=48.8081
t=15692ms polish_tc=48.1824
t=15756ms polish_tc=47.3728
t=15821ms polish_tc=47.3048
t=15884ms polish_tc=47.2349
t=15947ms polish_tc=46.9252
t=16013ms polish_tc=46.9153
t=16079ms polish_tc=46.7080
t=16144ms polish_tc=46.0580
t=16205ms polish_tc=45.8504
t=16271ms polish_tc=45.6245
t=16338ms polish_tc=45.5058
t=16412ms polish_tc=45.1954
t=16874ms polish_tc=44.9837
t=16939ms polish_tc=44.6997
t=17002ms polish_tc=44.3942
t=17065ms polish_tc=44.1579
t=17127ms polish_tc=44.0381
t=17189ms polish_tc=44.0088
t=17874ms polish_tc=43.6295
t=17942ms polish_tc=43.5962
t=18011ms polish_tc=43.3928
t=18074ms polish_tc=43.0580
t=18139ms polish_tc=42.9113
t=18208ms polish_tc=42.7421
t=18870ms polish_tc=42.3406
t=18937ms polish_tc=42.2333
t=19001ms polish_tc=42.2012
t=19067ms polish_tc=42.1242
t=19135ms polish_tc=42.0316
t=19201ms polish_tc=41.9962
t=19270ms polish_tc=41.9822
t=19339ms polish_tc=41.9327
t=19869ms polish_tc=41.8198
t=19940ms polish_tc=41.8181
t=20011ms polish_tc=41.7009
t=20081ms polish_tc=41.6951
t=20149ms polish_tc=41.6265
t=20217ms polish_tc=41.2922
t=20286ms polish_tc=41.2845
t=20353ms polish_tc=41.2822
t=20422ms polish_tc=41.2327
t=20487ms polish_tc=41.2233
t=20552ms polish_tc=41.2126
t=20873ms polish_tc=41.2067
t=20941ms polish_tc=41.1947
t=21015ms polish_tc=41.1947
t=21090ms polish_tc=41.0012
t=21160ms polish_tc=40.9883
t=21229ms polish_tc=40.9865
t=21295ms polish_tc=40.9831
t=21364ms polish_tc=40.9702
t=21431ms polish_tc=39.7304
t=21497ms polish_tc=39.5760
t=21563ms polish_tc=39.3541
t=21872ms polish_tc=39.3510
t=21942ms polish_tc=39.3306
t=22008ms polish_tc=39.3171
t=22089ms polish_tc=38.7831
t=22164ms polish_tc=38.7664
t=22237ms polish_tc=38.7595
t=22315ms polish_tc=38.7584
t=22389ms polish_tc=38.7310
t=22459ms polish_tc=38.5620
t=22533ms polish_tc=38.5454
t=22607ms polish_tc=38.5239
t=22873ms polish_tc=38.2351
t=22947ms polish_tc=38.2059
t=23021ms polish_tc=38.1450
t=23097ms polish_tc=37.9516
t=23168ms polish_tc=37.7727
t=23235ms polish_tc=37.7529
t=23311ms polish_tc=37.6912
t=23383ms polish_tc=37.6683
t=23453ms polish_tc=37.5782
t=23528ms polish_tc=37.5372
t=23871ms polish_tc=37.5191
t=23943ms polish_tc=37.4821
t=24016ms polish_tc=37.4627
t=24122ms polish_tc=37.4499
t=24199ms polish_tc=37.4485
t=24276ms polish_tc=37.4474
t=24361ms polish_tc=37.4396
t=24438ms polish_tc=37.4327
t=24519ms polish_tc=37.4326
t=24590ms polish_tc=37.4176
t=24871ms polish_tc=37.4122
t=24952ms polish_tc=37.3975
t=25032ms polish_tc=37.3965
t=25110ms polish_tc=37.3941
t=25187ms polish_tc=37.3884
t=25269ms polish_tc=37.3850
t=25343ms polish_tc=37.3837
t=25419ms polish_tc=37.3832
t=25504ms polish_tc=37.3812
t=25872ms polish_tc=37.3808
t=25955ms polish_tc=37.3798
t=26035ms polish_tc=37.3785
t=26119ms polish_tc=37.3776
t=26207ms polish_tc=37.3718
t=26287ms polish_tc=37.3703
t=26371ms polish_tc=37.3692
t=26452ms polish_tc=36.8025
t=26530ms polish_tc=36.8021
t=26604ms polish_tc=36.8021
t=26875ms polish_tc=36.8005
t=26950ms polish_tc=36.8002
t=27025ms polish_tc=36.8002
t=27106ms polish_tc=36.7997
t=27184ms polish_tc=36.7994
t=27265ms polish_tc=36.7985
t=27343ms polish_tc=36.7976
t=27425ms polish_tc=36.7971
t=27508ms polish_tc=36.7956
t=27582ms polish_tc=36.7955
t=27878ms polish_tc=36.7946
t=27963ms polish_tc=36.7941
t=28059ms polish_tc=36.7939
t=28152ms polish_tc=36.7936
t=28237ms polish_tc=36.7930
t=28322ms polish_tc=36.7928
t=28415ms polish_tc=36.7926
t=28500ms polish_tc=36.7926
t=28597ms polish_tc=36.7926
t=28877ms polish_tc=36.7924
t=28966ms polish_tc=36.7923
t=29053ms polish_tc=36.7920
t=29290ms polish_tc=36.7917
t=29466ms polish_tc=36.7917
t=29562ms polish_tc=36.7916
t=29795ms polish_tc=36.4624
t=29894ms polish_tc=36.4219
t=29984ms polish_tc=36.3732
t=30071ms polish_tc=36.3143
t=30167ms polish_tc=36.2805
t=30254ms polish_tc=36.2397
t=30361ms polish_tc=35.8272
t=30454ms polish_tc=35.4825
t=30541ms polish_tc=35.4213
t=30626ms polish_tc=35.3376
t=30878ms polish_tc=34.9382
t=30995ms polish_tc=34.8925
t=31091ms polish_tc=34.8502
t=31211ms polish_tc=34.8367
t=31307ms polish_tc=34.8319
t=31398ms polish_tc=34.8124
t=31489ms polish_tc=34.8021
t=31587ms polish_tc=34.7778
t=31883ms polish_tc=34.7624
t=32000ms polish_tc=34.7330
t=32100ms polish_tc=34.7313
t=32221ms polish_tc=34.3469
t=32345ms polish_tc=34.3243
t=32471ms polish_tc=34.3130
t=32588ms polish_tc=34.3016
t=32882ms polish_tc=34.0090
t=33003ms polish_tc=33.9883
t=33123ms polish_tc=33.9828
t=33242ms polish_tc=33.9568
t=33362ms polish_tc=33.8821
t=33486ms polish_tc=33.8374
t=33596ms polish_tc=33.6372
t=33882ms polish_tc=33.4747
t=33997ms polish_tc=33.3724
t=34114ms polish_tc=33.2945
t=34237ms polish_tc=33.2358
t=34353ms polish_tc=33.2224
t=34473ms polish_tc=33.1740
t=34589ms polish_tc=33.1723
t=34881ms polish_tc=33.1372
t=35007ms polish_tc=32.9622
t=35124ms polish_tc=32.9412
t=35250ms polish_tc=32.8293
t=35381ms polish_tc=32.8152
t=35507ms polish_tc=32.8135
t=35875ms polish_tc=32.8005
t=36008ms polish_tc=32.7974
t=36137ms polish_tc=32.7968
t=36261ms polish_tc=32.7589
t=36384ms polish_tc=32.7095
t=36518ms polish_tc=32.6275
t=36646ms polish_tc=32.5975
t=36879ms polish_tc=32.5043
t=37010ms polish_tc=32.5022
t=37136ms polish_tc=32.4941
t=37264ms polish_tc=32.3974
t=37394ms polish_tc=32.0916
t=37519ms polish_tc=32.0854
t=37876ms polish_tc=32.0810
t=38006ms polish_tc=32.0607
t=38133ms polish_tc=32.0574
t=38244ms polish_tc=32.0565
t=38879ms polish_tc=32.0412
t=39006ms polish_tc=31.7789
t=39127ms polish_tc=31.7740
t=39880ms polish_tc=31.7632
t=40002ms polish_tc=31.7533
t=40127ms polish_tc=31.7428
t=40882ms polish_tc=31.7407
t=41015ms polish_tc=31.7383
t=41148ms polish_tc=31.7281
t=41878ms polish_tc=31.7120
t=42001ms polish_tc=31.5040
t=42137ms polish_tc=31.4778
t=42872ms polish_tc=31.4725
t=43000ms polish_tc=31.4652
t=43132ms polish_tc=31.4546
t=43874ms polish_tc=31.2355
t=44004ms polish_tc=31.2168
t=44141ms polish_tc=31.1571
t=44880ms polish_tc=31.1348
t=45009ms polish_tc=31.1318
t=45140ms polish_tc=31.1259
t=45879ms polish_tc=31.1063
t=46007ms polish_tc=31.0997
t=46140ms polish_tc=31.0868
t=46878ms polish_tc=31.0837
t=47020ms polish_tc=31.0755
t=47150ms polish_tc=31.0677
t=47882ms polish_tc=31.0535
t=48012ms polish_tc=31.0345
t=48144ms polish_tc=31.0334
t=48886ms polish_tc=31.0266
t=49009ms polish_tc=31.0253
t=49137ms polish_tc=31.0186
t=49880ms polish_tc=31.0071
t=50021ms polish_tc=30.9926
t=50166ms polish_tc=30.9807
t=50888ms polish_tc=30.9797
t=51034ms polish_tc=30.7974
t=51167ms polish_tc=30.7920
t=51880ms polish_tc=30.7881
t=52013ms polish_tc=30.7825
t=52144ms polish_tc=30.7824
t=52889ms polish_tc=30.7810
t=53018ms polish_tc=30.7802
t=53149ms polish_tc=30.7728
t=53888ms polish_tc=30.7727
t=54030ms polish_tc=30.7724
t=54155ms polish_tc=30.7716
t=54879ms polish_tc=30.7709
t=55002ms polish_tc=30.7706
t=55119ms polish_tc=30.7699
t=55880ms polish_tc=30.7699
t=56011ms polish_tc=30.7689
t=56143ms polish_tc=30.7667
t=56881ms polish_tc=30.7658
t=57048ms polish_tc=30.7645
t=57180ms polish_tc=30.7641
t=57879ms polish_tc=30.7641
t=58013ms polish_tc=30.7639
t=58144ms polish_tc=30.7635
t=58882ms polish_tc=30.7622
t=59012ms polish_tc=30.7622
t=59165ms polish_tc=30.7618
t=59882ms polish_tc=30.7610
t=60028ms polish_tc=30.7607
t=60152ms polish_tc=30.7598
t=60874ms polish_tc=30.7597
t=61004ms polish_tc=30.7581
t=61143ms polish_tc=30.7581
t=61880ms polish_tc=30.7217
t=62017ms polish_tc=30.6763
t=62152ms polish_tc=30.6293
t=62876ms polish_tc=30.6290
t=63004ms polish_tc=30.6191
t=63154ms polish_tc=30.6165
t=63874ms polish_tc=30.5760
t=64009ms polish_tc=30.5752
t=64134ms polish_tc=30.5448
t=64881ms polish_tc=30.5379
t=65009ms polish_tc=30.5246
t=65162ms polish_tc=30.5104
t=65878ms polish_tc=30.5068
t=66048ms polish_tc=30.5049
t=66199ms polish_tc=30.5024
t=66342ms polish_tc=30.4978
t=66873ms polish_tc=30.4975
t=67023ms polish_tc=30.4947
t=67156ms polish_tc=30.4932
t=67886ms polish_tc=30.4898
t=68036ms polish_tc=30.4883
t=68162ms polish_tc=30.4879
t=68886ms polish_tc=30.4867
t=69020ms polish_tc=30.4866
t=69230ms polish_tc=30.4865
t=69895ms polish_tc=30.4856
t=70022ms polish_tc=30.4855
t=70163ms polish_tc=30.4855
t=70883ms polish_tc=30.4789
t=71024ms polish_tc=30.4750
t=71174ms polish_tc=30.4647
t=71884ms polish_tc=30.4505
t=72037ms polish_tc=30.4483
t=72182ms polish_tc=30.4448
t=72886ms polish_tc=30.4445
t=73028ms polish_tc=30.4366
t=73239ms polish_tc=30.4350
t=73881ms polish_tc=30.4297
t=74024ms polish_tc=30.4293
t=74158ms polish_tc=30.4293
t=74297ms polish_tc=30.4289
t=74613ms polish_tc=30.4241
t=74885ms polish_tc=30.4240
t=75021ms polish_tc=30.4240
t=78328ms polish_tc=30.4235
t=78453ms polish_tc=30.4226
t=78987ms polish_tc=30.4215
t=79108ms polish_tc=30.4207
t=79275ms polish_tc=30.4204
t=79871ms polish_tc=30.4204
t=79988ms polish_tc=30.4204
t=80104ms polish_tc=30.4203
t=80287ms polish_tc=30.4184
anneal_sweeps=46584 cycles=25 fresh=0
t_final=87307ms tc_greedy=51.7670 tc_mcts=50.0457 tc_final=30.4184 tc_full=30.4184 leaves=2304
