simplify: n_orig=3369 n_reduced=381 shrink=0.8869 t_simp=32ms
t_seed=624ms tc_seed=83.1997 seed_trials=15
t_dp=5684ms tc_greedy=72.6586
t_mcts=21510ms mcts: backup=min rollouts=384 rate=18/s depth=3 nodes=385 improves=0 tc_mcts=72.6586
ATTRIBUTION tc_greedy=72.6586 tc_mcts_prepolish=72.6586 mcts_beats_greedy=false
t=21731ms polish_tc=71.8702
t=21929ms polish_tc=71.6066
t=22597ms polish_tc=71.0764
t=23570ms polish_tc=70.9245
t=23800ms polish_tc=70.6435
t=24596ms polish_tc=70.5557
t=24826ms polish_tc=69.7630
t=25591ms polish_tc=68.9946
t=26570ms polish_tc=68.8763
t=26790ms polish_tc=68.7818
t=27579ms polish_tc=68.4387
t=28570ms polish_tc=68.3451
t=28815ms polish_tc=68.3162
t=29592ms polish_tc=68.2880
t=29841ms polish_tc=68.0649
t=30592ms polish_tc=67.7953
t=31589ms polish_tc=67.5800
t=31805ms polish_tc=67.5775
t=32584ms polish_tc=67.5225
t=33588ms polish_tc=66.8898
t=34576ms polish_tc=66.7372
t=34805ms polish_tc=66.4824
t=35586ms polish_tc=66.4474
t=36568ms polish_tc=66.1252
t=36817ms polish_tc=65.9590
t=37582ms polish_tc=65.9110
t=38569ms polish_tc=65.8003
t=38802ms polish_tc=65.6706
t=39597ms polish_tc=65.6608
t=40577ms polish_tc=65.6468
t=40815ms polish_tc=65.3220
t=41597ms polish_tc=65.3058
t=42579ms polish_tc=65.2234
t=42841ms polish_tc=65.1372
t=43573ms polish_tc=64.6110
t=43835ms polish_tc=64.2172
t=44078ms polish_tc=64.2142
t=44579ms polish_tc=64.1186
t=44835ms polish_tc=64.0882
t=45084ms polish_tc=63.8655
t=45582ms polish_tc=63.8433
t=45837ms polish_tc=63.7821
t=46094ms polish_tc=63.7677
t=46586ms polish_tc=63.7395
t=46846ms polish_tc=63.6986
t=47097ms polish_tc=63.4731
t=47586ms polish_tc=63.3858
t=47826ms polish_tc=63.3078
t=48070ms polish_tc=63.2796
t=48591ms polish_tc=63.1046
t=48820ms polish_tc=63.0930
t=49567ms polish_tc=62.9931
t=49815ms polish_tc=62.9077
t=50061ms polish_tc=62.9072
t=50573ms polish_tc=62.8635
t=50820ms polish_tc=62.7464
t=51069ms polish_tc=62.7447
t=51574ms polish_tc=62.7049
t=51837ms polish_tc=62.6982
t=52093ms polish_tc=62.6889
t=52577ms polish_tc=62.6214
t=52833ms polish_tc=62.4899
t=53089ms polish_tc=62.4881
t=53581ms polish_tc=62.4209
t=53843ms polish_tc=62.4188
t=54111ms polish_tc=62.3133
t=54588ms polish_tc=62.2662
t=54864ms polish_tc=62.2385
t=55150ms polish_tc=62.2347
t=55585ms polish_tc=62.2015
t=55858ms polish_tc=62.1701
t=56582ms polish_tc=62.1213
t=56865ms polish_tc=62.0362
t=57156ms polish_tc=61.9945
t=57597ms polish_tc=61.9914
t=57927ms polish_tc=61.9901
t=58583ms polish_tc=61.9522
t=58873ms polish_tc=61.9366
t=59168ms polish_tc=61.9361
t=59598ms polish_tc=61.8995
t=59903ms polish_tc=61.8863
t=60585ms polish_tc=61.8301
t=60885ms polish_tc=61.8227
t=61573ms polish_tc=61.8107
t=61874ms polish_tc=61.8042
t=62164ms polish_tc=61.7947
t=62584ms polish_tc=61.7930
t=62883ms polish_tc=61.7759
t=63171ms polish_tc=61.7531
t=63595ms polish_tc=61.7413
t=63868ms polish_tc=61.7346
t=64601ms polish_tc=61.7265
t=65593ms polish_tc=61.7254
t=66585ms polish_tc=61.7237
t=67585ms polish_tc=61.7127
t=67898ms polish_tc=61.7028
t=68606ms polish_tc=61.7009
t=69587ms polish_tc=61.7007
t=69863ms polish_tc=61.6974
t=70602ms polish_tc=61.6875
t=71592ms polish_tc=61.6622
t=72572ms polish_tc=61.6537
t=72838ms polish_tc=61.6501
t=73593ms polish_tc=61.6492
t=74568ms polish_tc=61.6366
t=74877ms polish_tc=61.6251
t=75595ms polish_tc=61.6243
t=76581ms polish_tc=61.6241
t=76852ms polish_tc=61.6227
t=77638ms polish_tc=61.6213
t=78580ms polish_tc=61.6130
t=78866ms polish_tc=61.6111
t=79598ms polish_tc=61.6009
t=80571ms polish_tc=61.5996
t=80837ms polish_tc=61.5978
t=81598ms polish_tc=61.5976
t=82580ms polish_tc=61.5962
t=82844ms polish_tc=61.5888
t=83596ms polish_tc=61.5815
t=83859ms polish_tc=61.5815
t=84586ms polish_tc=61.5781
t=85581ms polish_tc=61.5762
t=85866ms polish_tc=61.5761
t=86600ms polish_tc=61.5732
t=87579ms polish_tc=61.5724
anneal_sweeps=1056 cycles=1 fresh=0
t_final=87591ms tc_greedy=72.6586 tc_mcts=72.6586 tc_final=61.5724 tc_full=61.5724 leaves=3369
