simplify: n_orig=3369 n_reduced=381 shrink=0.8869 t_simp=15ms
t_seed=603ms tc_seed=82.6013 seed_trials=16
t_dp=6450ms tc_greedy=73.5065
t_mcts=21916ms mcts: backup=min rollouts=320 rate=15/s depth=3 nodes=321 improves=0 tc_mcts=73.5065
ATTRIBUTION tc_greedy=73.5065 tc_mcts_prepolish=73.5065 mcts_beats_greedy=false
t=22140ms polish_tc=73.0481
t=22312ms polish_tc=72.8709
t=22484ms polish_tc=72.3206
t=22655ms polish_tc=72.0049
t=22832ms polish_tc=71.1353
t=23010ms polish_tc=70.9621
t=23184ms polish_tc=70.8547
t=23366ms polish_tc=70.1418
t=23541ms polish_tc=69.7411
t=23724ms polish_tc=69.5163
t=23908ms polish_tc=69.2973
t=24318ms polish_tc=69.2230
t=24491ms polish_tc=69.1425
t=24660ms polish_tc=69.1219
t=24824ms polish_tc=69.0181
t=24990ms polish_tc=68.8360
t=25318ms polish_tc=68.8206
t=25496ms polish_tc=68.6207
t=25674ms polish_tc=68.5412
t=25846ms polish_tc=68.4604
t=26310ms polish_tc=68.3769
t=26495ms polish_tc=68.3275
t=26684ms polish_tc=68.2884
t=26872ms polish_tc=68.2513
t=27061ms polish_tc=68.1392
t=27319ms polish_tc=67.6975
t=27502ms polish_tc=67.2944
t=27691ms polish_tc=67.1608
t=27882ms polish_tc=66.9145
t=28315ms polish_tc=66.9054
t=28501ms polish_tc=66.8465
t=28686ms polish_tc=66.7487
t=28873ms polish_tc=66.3157
t=29047ms polish_tc=66.2990
t=29321ms polish_tc=66.2913
t=29500ms polish_tc=66.1202
t=29680ms polish_tc=65.5711
t=29854ms polish_tc=65.3155
t=30317ms polish_tc=65.0717
t=30492ms polish_tc=65.0473
t=30680ms polish_tc=64.9874
t=30858ms polish_tc=64.9326
t=31034ms polish_tc=64.8120
t=31321ms polish_tc=64.7570
t=31512ms polish_tc=64.7049
t=31696ms polish_tc=64.5667
t=31883ms polish_tc=64.5369
t=32316ms polish_tc=64.3134
t=32505ms polish_tc=64.1192
t=32702ms polish_tc=64.0180
t=32889ms polish_tc=64.0117
t=33310ms polish_tc=63.8429
t=33511ms polish_tc=63.8304
t=33704ms polish_tc=63.8184
t=33900ms polish_tc=63.7853
t=34099ms polish_tc=63.7712
t=34327ms polish_tc=63.7110
t=34525ms polish_tc=63.5318
t=34729ms polish_tc=63.2759
t=35313ms polish_tc=63.1461
t=35521ms polish_tc=63.0387
t=35733ms polish_tc=62.9181
t=35942ms polish_tc=62.8770
t=36313ms polish_tc=62.7640
t=36528ms polish_tc=62.7519
t=36733ms polish_tc=62.6617
t=36921ms polish_tc=62.6576
t=37312ms polish_tc=62.6167
t=37518ms polish_tc=62.5635
t=37729ms polish_tc=62.5622
t=37933ms polish_tc=62.5132
t=38317ms polish_tc=62.4637
t=38523ms polish_tc=62.4422
t=38740ms polish_tc=62.4376
t=38946ms polish_tc=62.3879
t=39315ms polish_tc=62.3715
t=39539ms polish_tc=62.3622
t=39750ms polish_tc=62.2963
t=39961ms polish_tc=62.2930
t=40320ms polish_tc=62.2829
t=40534ms polish_tc=62.2776
t=40755ms polish_tc=62.2487
t=40991ms polish_tc=62.2254
t=41326ms polish_tc=62.2207
t=41547ms polish_tc=62.2089
t=41755ms polish_tc=62.1968
t=42313ms polish_tc=62.1921
t=42517ms polish_tc=62.1791
t=42725ms polish_tc=62.1325
t=42933ms polish_tc=62.1012
t=43313ms polish_tc=62.0565
t=43526ms polish_tc=62.0341
t=43747ms polish_tc=62.0006
t=43972ms polish_tc=61.9999
t=44321ms polish_tc=61.9996
t=44546ms polish_tc=61.9892
t=44773ms polish_tc=61.9613
t=44990ms polish_tc=61.9522
t=45329ms polish_tc=61.9478
t=45543ms polish_tc=61.9384
t=45758ms polish_tc=61.9297
t=46316ms polish_tc=61.9180
t=46522ms polish_tc=61.9084
t=46720ms polish_tc=61.8962
t=47321ms polish_tc=61.8917
t=47520ms polish_tc=61.8616
t=47727ms polish_tc=61.8584
t=48316ms polish_tc=61.8477
t=48515ms polish_tc=61.8441
t=48723ms polish_tc=61.8416
t=48931ms polish_tc=61.8303
t=49317ms polish_tc=61.8286
t=49527ms polish_tc=61.8131
t=49735ms polish_tc=61.7998
t=49937ms polish_tc=61.7986
t=50323ms polish_tc=61.7945
t=50530ms polish_tc=61.7913
t=50735ms polish_tc=61.7867
t=50937ms polish_tc=61.7612
t=51326ms polish_tc=61.7569
t=51531ms polish_tc=61.7557
t=51744ms polish_tc=61.7454
t=51967ms polish_tc=61.7386
t=52327ms polish_tc=61.7362
t=52531ms polish_tc=61.7246
t=52739ms polish_tc=61.7218
t=53324ms polish_tc=61.7205
t=53532ms polish_tc=61.7157
t=53733ms polish_tc=61.7157
t=53938ms polish_tc=61.7006
t=54326ms polish_tc=61.6941
t=54519ms polish_tc=61.6823
t=54712ms polish_tc=61.6769
t=54897ms polish_tc=61.6614
t=55316ms polish_tc=61.6600
t=55518ms polish_tc=61.6338
t=55705ms polish_tc=61.6295
t=55903ms polish_tc=61.6276
t=56324ms polish_tc=61.6202
t=56526ms polish_tc=61.6168
t=56737ms polish_tc=61.6094
t=56936ms polish_tc=61.5976
t=57325ms polish_tc=61.5938
t=57532ms polish_tc=61.5733
t=57730ms polish_tc=61.5669
t=58310ms polish_tc=61.5657
t=58505ms polish_tc=61.5548
t=58705ms polish_tc=61.5546
t=58915ms polish_tc=61.5437
t=59315ms polish_tc=61.5315
t=59508ms polish_tc=61.5267
t=59703ms polish_tc=61.5265
t=59916ms polish_tc=61.5259
t=60313ms polish_tc=61.5245
t=60516ms polish_tc=61.5245
t=60701ms polish_tc=61.5238
t=60907ms polish_tc=61.5236
t=61316ms polish_tc=61.5211
t=61506ms polish_tc=61.5211
t=61713ms polish_tc=61.5088
t=61907ms polish_tc=61.5088
t=62314ms polish_tc=61.5035
t=62512ms polish_tc=61.5004
t=62714ms polish_tc=61.4939
t=62897ms polish_tc=61.4939
t=63314ms polish_tc=61.4924
t=63509ms polish_tc=61.4803
t=63688ms polish_tc=61.4798
t=63880ms polish_tc=61.4788
t=64310ms polish_tc=61.4618
t=64501ms polish_tc=61.4595
t=64698ms polish_tc=61.4491
t=64890ms polish_tc=61.4481
t=65078ms polish_tc=61.4481
t=65324ms polish_tc=61.4471
t=65514ms polish_tc=61.4471
t=65694ms polish_tc=61.4440
t=65879ms polish_tc=61.4294
t=66319ms polish_tc=61.4286
t=66498ms polish_tc=61.4286
t=66674ms polish_tc=61.4284
t=66863ms polish_tc=61.4284
t=67316ms polish_tc=61.4284
t=67509ms polish_tc=61.4273
t=67699ms polish_tc=61.4242
t=67896ms polish_tc=61.4231
t=68314ms polish_tc=61.4221
t=68506ms polish_tc=61.4178
t=68691ms polish_tc=61.4178
t=69329ms polish_tc=61.4137
t=69508ms polish_tc=61.4094
t=70321ms polish_tc=61.4062
t=70507ms polish_tc=61.4051
t=71313ms polish_tc=61.4051
t=71509ms polish_tc=61.4051
t=71693ms polish_tc=61.4051
t=72317ms polish_tc=61.4009
t=72489ms polish_tc=61.4009
t=72654ms polish_tc=61.4009
t=73319ms polish_tc=61.3923
t=73492ms polish_tc=61.3923
t=74315ms polish_tc=61.3923
t=74488ms polish_tc=61.3880
t=75314ms polish_tc=61.3837
t=75493ms polish_tc=61.3837
t=76322ms polish_tc=61.3794
t=76744ms polish_tc=61.3772
t=77323ms polish_tc=61.3652
t=77501ms polish_tc=61.3640
t=77677ms polish_tc=61.3378
t=78324ms polish_tc=61.3259
t=78491ms polish_tc=61.3143
t=79310ms polish_tc=61.3126
t=79478ms polish_tc=61.3103
t=80307ms polish_tc=61.2960
t=80483ms polish_tc=61.2937
t=81319ms polish_tc=61.2759
t=81488ms polish_tc=61.2573
t=82316ms polish_tc=61.2383
t=82576ms polish_tc=61.2331
t=83315ms polish_tc=61.2253
t=83491ms polish_tc=61.2147
t=84307ms polish_tc=61.2098
t=84481ms polish_tc=61.2096
t=84643ms polish_tc=61.2095
t=85327ms polish_tc=61.2095
t=85513ms polish_tc=61.2089
t=86308ms polish_tc=61.2089
t=86481ms polish_tc=61.2040
t=86660ms polish_tc=61.2016
t=87329ms polish_tc=61.2010
t=87499ms polish_tc=61.2003
anneal_sweeps=4968 cycles=3 fresh=0
t_final=87511ms tc_greedy=73.5065 tc_mcts=73.5065 tc_final=61.2003 tc_full=61.2003 leaves=3369
