probe: instance=surfacecode_d21 n_orig=2203 n=761 fusible=0.6546 nlabels=798 t=13ms
seed_greedy tc=61.5927 t=521ms
t=860ms iter=1 WAIST cost=49.0000 best_alt=37.0000 gap=12.0000 tried=5 sep_labels=37 clique_frac=0.00
t=1318ms iter=1 REBUILD ACCEPT new_tc=48.6524 (was 49.8697)
t=1575ms iter=1 incumb=48.6524 ratchet=48.7571 best=48.6524 since_improve=1
t=1608ms iter=2 WAIST cost=45.0000 best_alt=35.0000 gap=10.0000 tried=5 sep_labels=35 clique_frac=0.01
t=1921ms iter=2 REBUILD reject new_tc=53.0522 (was 48.6524)
t=4013ms iter=2 incumb=48.6524 ratchet=48.3868 best=48.3669 since_improve=0
t=4048ms iter=3 WAIST cost=44.0000 best_alt=37.0000 gap=7.0000 tried=5 sep_labels=37 clique_frac=0.02
t=4362ms iter=3 REBUILD reject new_tc=48.9998 (was 48.3868)
t=5288ms iter=3 incumb=48.3868 ratchet=48.3569 best=48.3371 since_improve=0
t=5321ms iter=4 WAIST cost=43.0000 best_alt=39.0000 gap=4.0000 tried=5 sep_labels=39 clique_frac=0.03
t=5628ms iter=4 REBUILD reject new_tc=49.1880 (was 48.3569)
t=7480ms iter=4 incumb=48.3569 ratchet=48.2220 best=48.2220 since_improve=0
t=7511ms iter=5 WAIST cost=44.0000 best_alt=39.0000 gap=5.0000 tried=5 sep_labels=39 clique_frac=0.00
t=7849ms iter=5 REBUILD reject new_tc=55.0213 (was 48.2220)
t=8105ms iter=5 incumb=48.2220 ratchet=48.2350 best=48.2220 since_improve=1
t=8143ms iter=6 WAIST cost=44.0000 best_alt=37.0000 gap=7.0000 tried=5 sep_labels=37 clique_frac=0.01
t=8433ms iter=6 REBUILD reject new_tc=54.0832 (was 48.2220)
t=8690ms iter=6 incumb=48.2220 ratchet=48.2473 best=48.2220 since_improve=2
t=8725ms iter=7 WAIST cost=44.0000 best_alt=35.0000 gap=9.0000 tried=5 sep_labels=35 clique_frac=0.02
t=9025ms iter=7 REBUILD reject new_tc=49.6075 (was 48.2220)
t=9280ms iter=7 incumb=48.2220 ratchet=48.3003 best=48.2220 since_improve=3
t=9311ms iter=8 WAIST cost=44.0000 best_alt=40.0000 gap=4.0000 tried=5 sep_labels=40 clique_frac=0.01
t=9656ms iter=8 REBUILD reject new_tc=49.6385 (was 48.2220)
t=9917ms iter=8 incumb=48.2220 ratchet=48.2447 best=48.2220 since_improve=4
t=9950ms iter=9 WAIST cost=44.0000 best_alt=40.0000 gap=4.0000 tried=5 sep_labels=40 clique_frac=0.01
t=10307ms iter=9 REBUILD reject new_tc=48.7390 (was 48.2220)
t=11527ms iter=9 incumb=48.2220 ratchet=48.1966 best=48.1966 since_improve=0
t=11554ms iter=10 WAIST cost=45.0000 best_alt=40.0000 gap=5.0000 tried=5 sep_labels=40 clique_frac=0.01
t=11912ms iter=10 REBUILD reject new_tc=48.9496 (was 48.1966)
t=12615ms iter=10 incumb=48.1966 ratchet=48.2191 best=48.1703 since_improve=1
t=12649ms iter=11 WAIST cost=45.0000 best_alt=40.0000 gap=5.0000 tried=5 sep_labels=40 clique_frac=0.01
t=12992ms iter=11 REBUILD reject new_tc=48.4948 (was 48.1966)
t=14226ms iter=11 incumb=48.1966 ratchet=48.1219 best=48.1219 since_improve=0
t=14261ms iter=12 WAIST cost=44.0000 best_alt=40.0000 gap=4.0000 tried=5 sep_labels=40 clique_frac=0.01
t=14609ms iter=12 REBUILD reject new_tc=48.7973 (was 48.1219)
t=15176ms iter=12 incumb=48.1219 ratchet=48.1220 best=48.1044 since_improve=1
t=15214ms iter=13 WAIST cost=44.0000 best_alt=40.0000 gap=4.0000 tried=5 sep_labels=40 clique_frac=0.01
t=15564ms iter=13 REBUILD reject new_tc=52.1180 (was 48.1219)
t=15821ms iter=13 incumb=48.1219 ratchet=48.1672 best=48.1044 since_improve=2
t=15853ms iter=14 WAIST cost=44.0000 best_alt=40.0000 gap=4.0000 tried=5 sep_labels=40 clique_frac=0.01
t=16206ms iter=14 REBUILD reject new_tc=48.5627 (was 48.1219)
t=16781ms iter=14 incumb=48.1219 ratchet=48.1170 best=48.0827 since_improve=0
t=16818ms iter=15 WAIST cost=44.0000 best_alt=39.0000 gap=5.0000 tried=5 sep_labels=39 clique_frac=0.03
t=17124ms iter=15 REBUILD reject new_tc=55.1010 (was 48.1170)
t=17697ms iter=15 incumb=48.1170 ratchet=48.0763 best=48.0763 since_improve=0
t=17730ms iter=16 WAIST cost=45.0000 best_alt=40.0000 gap=5.0000 tried=5 sep_labels=40 clique_frac=0.01
t=18079ms iter=16 REBUILD reject new_tc=48.7869 (was 48.0763)
t=18990ms iter=16 incumb=48.0763 ratchet=48.0688 best=48.0640 since_improve=0
t=19014ms iter=17 WAIST cost=43.0000 best_alt=37.0000 gap=6.0000 tried=5 sep_labels=37 clique_frac=0.05
t=19326ms iter=17 REBUILD reject new_tc=49.8459 (was 48.0688)
t=20068ms iter=17 incumb=48.0688 ratchet=48.0717 best=48.0398 since_improve=1
t=20101ms iter=18 WAIST cost=43.0000 best_alt=37.0000 gap=6.0000 tried=5 sep_labels=37 clique_frac=0.05
t=20407ms iter=18 REBUILD reject new_tc=55.0136 (was 48.0688)
t=21258ms iter=18 incumb=48.0688 ratchet=47.9839 best=47.9839 since_improve=0
t=21289ms iter=19 WAIST cost=44.0000 best_alt=40.0000 gap=4.0000 tried=5 sep_labels=40 clique_frac=0.01
t=21647ms iter=19 REBUILD reject new_tc=48.7749 (was 47.9839)
t=22365ms iter=19 incumb=47.9839 ratchet=47.9953 best=47.9718 since_improve=1
t=22403ms iter=20 WAIST cost=44.0000 best_alt=40.0000 gap=4.0000 tried=5 sep_labels=40 clique_frac=0.01
t=22747ms iter=20 REBUILD reject new_tc=49.2436 (was 47.9839)
t=23792ms iter=20 incumb=47.9839 ratchet=47.9911 best=47.9324 since_improve=2
t=23828ms iter=21 WAIST cost=44.0000 best_alt=40.0000 gap=4.0000 tried=5 sep_labels=40 clique_frac=0.01
t=24176ms iter=21 REBUILD reject new_tc=55.0108 (was 47.9839)
t=24473ms iter=21 incumb=47.9839 ratchet=47.9478 best=47.9324 since_improve=0
t=24502ms iter=22 WAIST cost=44.0000 best_alt=40.0000 gap=4.0000 tried=5 sep_labels=40 clique_frac=0.01
t=24849ms iter=22 REBUILD reject new_tc=48.5383 (was 47.9478)
t=25597ms iter=22 incumb=47.9478 ratchet=47.9362 best=47.9044 since_improve=0
t=25629ms iter=23 WAIST cost=44.0000 best_alt=40.0000 gap=4.0000 tried=5 sep_labels=40 clique_frac=0.03
t=25977ms iter=23 REBUILD reject new_tc=48.7279 (was 47.9362)
t=26969ms iter=23 incumb=47.9362 ratchet=47.8851 best=47.8851 since_improve=0
t=27012ms iter=24 WAIST cost=44.0000 best_alt=35.0000 gap=9.0000 tried=5 sep_labels=35 clique_frac=0.00
t=27311ms iter=24 REBUILD reject new_tc=57.0216 (was 47.8851)
t=27568ms iter=24 incumb=47.8851 ratchet=47.9741 best=47.8851 since_improve=1
t=27604ms iter=25 WAIST cost=44.0000 best_alt=35.0000 gap=9.0000 tried=5 sep_labels=35 clique_frac=0.00
t=27898ms iter=25 REBUILD reject new_tc=50.4425 (was 47.8851)
t=28154ms iter=25 incumb=47.8851 ratchet=47.9295 best=47.8851 since_improve=2
t=28191ms iter=26 WAIST cost=44.0000 best_alt=35.0000 gap=9.0000 tried=5 sep_labels=35 clique_frac=0.00
t=28497ms iter=26 REBUILD reject new_tc=55.0648 (was 47.8851)
t=28748ms iter=26 incumb=47.8851 ratchet=47.8900 best=47.8851 since_improve=3
t=28797ms iter=27 WAIST cost=44.0000 best_alt=35.0000 gap=9.0000 tried=5 sep_labels=35 clique_frac=0.00
t=29097ms iter=27 REBUILD reject new_tc=53.0503 (was 47.8851)
t=29509ms iter=27 incumb=47.8851 ratchet=47.8814 best=47.8814 since_improve=0
t=29550ms iter=28 WAIST cost=44.0000 best_alt=39.0000 gap=5.0000 tried=5 sep_labels=39 clique_frac=0.02
t=29867ms iter=28 REBUILD reject new_tc=51.9553 (was 47.8814)
t=30748ms iter=28 incumb=47.8814 ratchet=47.8317 best=47.8317 since_improve=0
t=30776ms iter=29 WAIST cost=43.0000 best_alt=40.0000 gap=3.0000 tried=5 sep_labels=40 clique_frac=0.02
t=31113ms iter=29 REBUILD reject new_tc=53.0456 (was 47.8317)
t=31668ms iter=29 incumb=47.8317 ratchet=47.8191 best=47.8175 since_improve=0
t=31714ms iter=30 WAIST cost=45.0000 best_alt=39.0000 gap=6.0000 tried=5 sep_labels=39 clique_frac=0.02
t=32056ms iter=30 REBUILD reject new_tc=51.2453 (was 47.8191)
t=33206ms iter=30 incumb=47.8191 ratchet=47.7643 best=47.7578 since_improve=0
t=33237ms iter=31 WAIST cost=44.0000 best_alt=40.0000 gap=4.0000 tried=5 sep_labels=40 clique_frac=0.01
t=33593ms iter=31 REBUILD reject new_tc=48.9545 (was 47.7643)
t=33842ms iter=31 incumb=47.7643 ratchet=47.7621 best=47.7578 since_improve=0
t=33876ms iter=32 WAIST cost=43.0000 best_alt=37.0000 gap=6.0000 tried=5 sep_labels=37 clique_frac=0.03
t=34179ms iter=32 REBUILD reject new_tc=49.3230 (was 47.7621)
t=34931ms iter=32 incumb=47.7621 ratchet=47.7323 best=47.7268 since_improve=0
t=34960ms iter=33 WAIST cost=43.0000 best_alt=40.0000 gap=3.0000 tried=5 sep_labels=40 clique_frac=0.01
t=35311ms iter=33 REBUILD reject new_tc=49.9072 (was 47.7323)
t=35567ms iter=33 incumb=47.7323 ratchet=47.7782 best=47.7268 since_improve=1
t=35593ms iter=34 WAIST cost=43.0000 best_alt=40.0000 gap=3.0000 tried=5 sep_labels=40 clique_frac=0.01
t=35935ms iter=34 REBUILD reject new_tc=48.9753 (was 47.7323)
t=36191ms iter=34 incumb=47.7323 ratchet=47.7571 best=47.7268 since_improve=2
t=36227ms iter=35 WAIST cost=43.0000 best_alt=40.0000 gap=3.0000 tried=5 sep_labels=40 clique_frac=0.01
t=36577ms iter=35 REBUILD reject new_tc=49.2786 (was 47.7323)
t=36828ms iter=35 incumb=47.7323 ratchet=47.7814 best=47.7268 since_improve=3
t=36864ms iter=36 WAIST cost=43.0000 best_alt=39.0000 gap=4.0000 tried=5 sep_labels=39 clique_frac=0.02
t=37162ms iter=36 REBUILD reject new_tc=53.1524 (was 47.7323)
t=37421ms iter=36 incumb=47.7323 ratchet=47.8681 best=47.7268 since_improve=4
t=37453ms iter=37 WAIST cost=43.0000 best_alt=40.0000 gap=3.0000 tried=5 sep_labels=40 clique_frac=0.01
t=37799ms iter=37 REBUILD reject new_tc=49.8246 (was 47.7323)
t=38051ms iter=37 incumb=47.7323 ratchet=47.7495 best=47.7268 since_improve=5
t=38079ms iter=38 WAIST cost=43.0000 best_alt=35.0000 gap=8.0000 tried=5 sep_labels=35 clique_frac=0.00
t=38385ms iter=38 REBUILD reject new_tc=49.4705 (was 47.7323)
t=38642ms iter=38 incumb=47.7323 ratchet=47.8195 best=47.7268 since_improve=6
t=38675ms iter=39 WAIST cost=43.0000 best_alt=40.0000 gap=3.0000 tried=5 sep_labels=40 clique_frac=0.01
t=39030ms iter=39 REBUILD reject new_tc=48.9745 (was 47.7323)
t=39599ms iter=39 incumb=47.7323 ratchet=47.7081 best=47.7081 since_improve=0
t=39640ms iter=40 WAIST cost=44.0000 best_alt=40.0000 gap=4.0000 tried=5 sep_labels=40 clique_frac=0.01
t=39985ms iter=40 REBUILD reject new_tc=48.7768 (was 47.7081)
t=40242ms iter=40 incumb=47.7081 ratchet=47.7740 best=47.7081 since_improve=1
t=40277ms iter=41 WAIST cost=44.0000 best_alt=40.0000 gap=4.0000 tried=5 sep_labels=40 clique_frac=0.01
t=40617ms iter=41 REBUILD reject new_tc=48.6746 (was 47.7081)
t=40871ms iter=41 incumb=47.7081 ratchet=47.7638 best=47.7081 since_improve=2
t=40912ms iter=42 WAIST cost=44.0000 best_alt=40.0000 gap=4.0000 tried=5 sep_labels=40 clique_frac=0.01
t=41262ms iter=42 REBUILD reject new_tc=50.8024 (was 47.7081)
t=41521ms iter=42 incumb=47.7081 ratchet=47.8302 best=47.7081 since_improve=3
t=41566ms iter=43 WAIST cost=44.0000 best_alt=37.0000 gap=7.0000 tried=5 sep_labels=37 clique_frac=0.02
t=41868ms iter=43 REBUILD reject new_tc=49.3431 (was 47.7081)
t=42118ms iter=43 incumb=47.7081 ratchet=47.8105 best=47.7081 since_improve=4
t=42153ms iter=44 WAIST cost=44.0000 best_alt=39.0000 gap=5.0000 tried=5 sep_labels=39 clique_frac=0.04
t=42457ms iter=44 REBUILD reject new_tc=54.0411 (was 47.7081)
t=42712ms iter=44 incumb=47.7081 ratchet=47.7108 best=47.7081 since_improve=5
t=42743ms iter=45 WAIST cost=44.0000 best_alt=40.0000 gap=4.0000 tried=5 sep_labels=40 clique_frac=0.01
t=43088ms iter=45 REBUILD reject new_tc=48.8636 (was 47.7081)
t=43769ms iter=45 incumb=47.7081 ratchet=47.6694 best=47.6694 since_improve=0
t_final=43913ms tc_reduced=47.6694 tc_full=47.8539 leaves=2203
surgery summary: calls=45 cheaper_cuts=45 rebuild_accepts=1 waist_min_hits=0
