probe: instance=surfacecode_d21 n_orig=2203 n=761 fusible=0.6546 nlabels=798 t=13ms
seed_greedy tc=61.2564 t=514ms
t=824ms iter=1 WAIST cost=49.0000 best_alt=33.0000 gap=16.0000 tried=5 sep_labels=33 clique_frac=0.02
t=1119ms iter=1 REBUILD reject new_tc=57.0063 (was 50.0610)
t=2139ms iter=1 incumb=50.0610 ratchet=49.1190 best=49.0875 since_improve=0
t=2161ms iter=2 WAIST cost=46.0000 best_alt=35.0000 gap=11.0000 tried=5 sep_labels=35 clique_frac=0.04
t=2473ms iter=2 REBUILD reject new_tc=51.2628 (was 49.1190)
t=3006ms iter=2 incumb=49.1190 ratchet=49.0769 best=49.0742 since_improve=0
t=3030ms iter=3 WAIST cost=45.0000 best_alt=33.0000 gap=12.0000 tried=5 sep_labels=33 clique_frac=0.01
t=3331ms iter=3 REBUILD reject new_tc=52.0899 (was 49.0769)
t=3730ms iter=3 incumb=49.0769 ratchet=49.0553 best=49.0553 since_improve=0
t=3750ms iter=4 WAIST cost=45.0000 best_alt=37.0000 gap=8.0000 tried=5 sep_labels=37 clique_frac=0.05
t=4057ms iter=4 REBUILD reject new_tc=59.0006 (was 49.0553)
t=4298ms iter=4 incumb=49.0553 ratchet=49.0661 best=49.0553 since_improve=1
t=4328ms iter=5 WAIST cost=45.0000 best_alt=33.0000 gap=12.0000 tried=5 sep_labels=33 clique_frac=0.02
t=4637ms iter=5 REBUILD reject new_tc=54.0256 (was 49.0553)
t=5028ms iter=5 incumb=49.0553 ratchet=49.0661 best=49.0362 since_improve=2
t=5049ms iter=6 WAIST cost=45.0000 best_alt=35.0000 gap=10.0000 tried=5 sep_labels=35 clique_frac=0.02
t=5359ms iter=6 REBUILD reject new_tc=51.3790 (was 49.0553)
t=5611ms iter=6 incumb=49.0553 ratchet=49.0875 best=49.0362 since_improve=3
t=5638ms iter=7 WAIST cost=45.0000 best_alt=33.0000 gap=12.0000 tried=5 sep_labels=33 clique_frac=0.01
t=5937ms iter=7 REBUILD reject new_tc=50.4690 (was 49.0553)
t=6185ms iter=7 incumb=49.0553 ratchet=49.1190 best=49.0362 since_improve=4
t=6210ms iter=8 WAIST cost=45.0000 best_alt=35.0000 gap=10.0000 tried=5 sep_labels=35 clique_frac=0.01
t=6503ms iter=8 REBUILD reject new_tc=53.0483 (was 49.0553)
t=6754ms iter=8 incumb=49.0553 ratchet=49.0607 best=49.0362 since_improve=5
t=6774ms iter=9 WAIST cost=45.0000 best_alt=37.0000 gap=8.0000 tried=5 sep_labels=37 clique_frac=0.05
t=7082ms iter=9 REBUILD reject new_tc=53.0513 (was 49.0553)
t=7332ms iter=9 incumb=49.0553 ratchet=49.0875 best=49.0362 since_improve=6
t=7361ms iter=10 WAIST cost=45.0000 best_alt=35.0000 gap=10.0000 tried=5 sep_labels=35 clique_frac=0.05
t=7805ms iter=10 REBUILD ACCEPT new_tc=48.7600 (was 49.0553)
t=8880ms iter=10 incumb=48.7600 ratchet=48.7386 best=48.7217 since_improve=0
t=8908ms iter=11 WAIST cost=45.0000 best_alt=37.0000 gap=8.0000 tried=5 sep_labels=37 clique_frac=0.03
t=9219ms iter=11 REBUILD reject new_tc=48.7436 (was 48.7386)
t=9423ms iter=11 incumb=48.7386 ratchet=48.8382 best=48.7217 since_improve=1
t=9452ms iter=12 WAIST cost=45.0000 best_alt=33.0000 gap=12.0000 tried=5 sep_labels=33 clique_frac=0.02
t=9739ms iter=12 REBUILD reject new_tc=49.2106 (was 48.7386)
t=9977ms iter=12 incumb=48.7386 ratchet=48.8656 best=48.7217 since_improve=2
t=10013ms iter=13 WAIST cost=45.0000 best_alt=37.0000 gap=8.0000 tried=5 sep_labels=37 clique_frac=0.03
t=10258ms iter=13 REBUILD reject new_tc=49.3180 (was 48.7386)
t=10476ms iter=13 incumb=48.7386 ratchet=49.0287 best=48.7217 since_improve=3
t=10501ms iter=14 WAIST cost=45.0000 best_alt=37.0000 gap=8.0000 tried=5 sep_labels=37 clique_frac=0.03
t=10789ms iter=14 REBUILD reject new_tc=54.0608 (was 48.7386)
t=11034ms iter=14 incumb=48.7386 ratchet=48.8031 best=48.7217 since_improve=4
t=11067ms iter=15 WAIST cost=45.0000 best_alt=37.0000 gap=8.0000 tried=5 sep_labels=37 clique_frac=0.03
t=11313ms iter=15 REBUILD reject new_tc=48.8543 (was 48.7386)
t=11558ms iter=15 incumb=48.7386 ratchet=48.8429 best=48.7217 since_improve=5
t=11588ms iter=16 WAIST cost=45.0000 best_alt=37.0000 gap=8.0000 tried=5 sep_labels=37 clique_frac=0.03
t=11893ms iter=16 REBUILD reject new_tc=49.0870 (was 48.7386)
t=12142ms iter=16 incumb=48.7386 ratchet=48.8495 best=48.7217 since_improve=6
t=12165ms iter=17 WAIST cost=45.0000 best_alt=37.0000 gap=8.0000 tried=5 sep_labels=37 clique_frac=0.03
t=12484ms iter=17 REBUILD reject new_tc=48.8709 (was 48.7386)
t=12739ms iter=17 incumb=48.7386 ratchet=48.8026 best=48.7217 since_improve=7
t=12769ms iter=18 WAIST cost=45.0000 best_alt=37.0000 gap=8.0000 tried=5 sep_labels=37 clique_frac=0.03
t=13067ms iter=18 REBUILD reject new_tc=56.0676 (was 48.7386)
t=13322ms iter=18 incumb=48.7386 ratchet=48.8266 best=48.7217 since_improve=8
t=13354ms iter=19 WAIST cost=45.0000 best_alt=37.0000 gap=8.0000 tried=5 sep_labels=37 clique_frac=0.03
t=13660ms iter=19 REBUILD reject new_tc=54.0600 (was 48.7386)
t=13912ms iter=19 incumb=48.7386 ratchet=48.8692 best=48.7217 since_improve=9
t=13945ms iter=20 WAIST cost=45.0000 best_alt=37.0000 gap=8.0000 tried=5 sep_labels=37 clique_frac=0.03
t=14254ms iter=20 REBUILD reject new_tc=48.8658 (was 48.7386)
t=14505ms iter=20 incumb=48.7386 ratchet=48.7872 best=48.7217 since_improve=10
t=14539ms iter=21 WAIST cost=45.0000 best_alt=37.0000 gap=8.0000 tried=5 sep_labels=37 clique_frac=0.03
t=14842ms iter=21 REBUILD reject new_tc=50.8634 (was 48.7386)
t=15101ms iter=21 incumb=48.7386 ratchet=48.8052 best=48.7217 since_improve=11
t=15125ms iter=22 WAIST cost=45.0000 best_alt=37.0000 gap=8.0000 tried=5 sep_labels=37 clique_frac=0.03
t=15417ms iter=22 REBUILD reject new_tc=49.8354 (was 48.7386)
t=15654ms iter=22 incumb=48.7386 ratchet=48.8556 best=48.7217 since_improve=12
t=15684ms iter=23 WAIST cost=45.0000 best_alt=37.0000 gap=8.0000 tried=5 sep_labels=37 clique_frac=0.03
t=15978ms iter=23 REBUILD reject new_tc=49.3279 (was 48.7386)
t=16224ms iter=23 incumb=48.7386 ratchet=48.8221 best=48.7217 since_improve=13
t=16245ms iter=24 WAIST cost=45.0000 best_alt=37.0000 gap=8.0000 tried=5 sep_labels=37 clique_frac=0.03
t=16545ms iter=24 REBUILD reject new_tc=52.5884 (was 48.7386)
t=16796ms iter=24 incumb=48.7386 ratchet=48.7616 best=48.7217 since_improve=14
t=16823ms iter=25 WAIST cost=45.0000 best_alt=37.0000 gap=8.0000 tried=5 sep_labels=37 clique_frac=0.03
t=17278ms iter=25 REBUILD ACCEPT new_tc=48.3381 (was 48.7386)
t=19448ms iter=25 incumb=48.3381 ratchet=48.3122 best=48.3108 since_improve=0
t=19476ms iter=26 WAIST cost=45.0000 best_alt=40.0000 gap=5.0000 tried=5 sep_labels=40 clique_frac=0.01
t=19813ms iter=26 REBUILD reject new_tc=57.0214 (was 48.3122)
t=20067ms iter=26 incumb=48.3122 ratchet=48.3493 best=48.3108 since_improve=1
t=20090ms iter=27 WAIST cost=45.0000 best_alt=39.0000 gap=6.0000 tried=5 sep_labels=39 clique_frac=0.04
t=20389ms iter=27 REBUILD reject new_tc=49.5696 (was 48.3122)
t=21157ms iter=27 incumb=48.3122 ratchet=48.3039 best=48.3027 since_improve=0
t=21197ms iter=28 WAIST cost=45.0000 best_alt=37.0000 gap=8.0000 tried=5 sep_labels=37 clique_frac=0.03
t=21460ms iter=28 REBUILD reject new_tc=56.0061 (was 48.3039)
t=21704ms iter=28 incumb=48.3039 ratchet=48.4756 best=48.3027 since_improve=1
t=21747ms iter=29 WAIST cost=45.0000 best_alt=37.0000 gap=8.0000 tried=5 sep_labels=37 clique_frac=0.03
t=22046ms iter=29 REBUILD reject new_tc=55.0079 (was 48.3039)
t=22296ms iter=29 incumb=48.3039 ratchet=48.3836 best=48.3027 since_improve=2
t=22332ms iter=30 WAIST cost=45.0000 best_alt=37.0000 gap=8.0000 tried=5 sep_labels=37 clique_frac=0.03
t=22625ms iter=30 REBUILD reject new_tc=49.0187 (was 48.3039)
t=22875ms iter=30 incumb=48.3039 ratchet=48.3864 best=48.3027 since_improve=3
t=22911ms iter=31 WAIST cost=45.0000 best_alt=37.0000 gap=8.0000 tried=5 sep_labels=37 clique_frac=0.03
t=23208ms iter=31 REBUILD reject new_tc=50.3880 (was 48.3039)
t=23464ms iter=31 incumb=48.3039 ratchet=48.3815 best=48.3027 since_improve=4
t=23494ms iter=32 WAIST cost=45.0000 best_alt=37.0000 gap=8.0000 tried=5 sep_labels=37 clique_frac=0.03
t=23780ms iter=32 REBUILD reject new_tc=49.7976 (was 48.3039)
t=24031ms iter=32 incumb=48.3039 ratchet=48.4583 best=48.3027 since_improve=5
t=24065ms iter=33 WAIST cost=45.0000 best_alt=37.0000 gap=8.0000 tried=5 sep_labels=37 clique_frac=0.03
t=24359ms iter=33 REBUILD reject new_tc=53.1346 (was 48.3039)
t=24627ms iter=33 incumb=48.3039 ratchet=48.3209 best=48.3027 since_improve=6
t=24664ms iter=34 WAIST cost=45.0000 best_alt=37.0000 gap=8.0000 tried=5 sep_labels=37 clique_frac=0.03
t=24958ms iter=34 REBUILD reject new_tc=49.2245 (was 48.3039)
t=25206ms iter=34 incumb=48.3039 ratchet=48.3879 best=48.3027 since_improve=7
t=25240ms iter=35 WAIST cost=45.0000 best_alt=35.0000 gap=10.0000 tried=5 sep_labels=35 clique_frac=0.03
t=25542ms iter=35 REBUILD reject new_tc=51.2230 (was 48.3039)
t=25796ms iter=35 incumb=48.3039 ratchet=48.3430 best=48.3027 since_improve=8
t=25828ms iter=36 WAIST cost=45.0000 best_alt=37.0000 gap=8.0000 tried=5 sep_labels=37 clique_frac=0.03
t=26113ms iter=36 REBUILD reject new_tc=53.0515 (was 48.3039)
t=26362ms iter=36 incumb=48.3039 ratchet=48.3859 best=48.3027 since_improve=9
t=26395ms iter=37 WAIST cost=45.0000 best_alt=37.0000 gap=8.0000 tried=5 sep_labels=37 clique_frac=0.03
t=26695ms iter=37 REBUILD reject new_tc=50.4729 (was 48.3039)
t=26948ms iter=37 incumb=48.3039 ratchet=48.3192 best=48.3027 since_improve=10
t=26985ms iter=38 WAIST cost=45.0000 best_alt=37.0000 gap=8.0000 tried=5 sep_labels=37 clique_frac=0.03
t=27277ms iter=38 REBUILD reject new_tc=51.2299 (was 48.3039)
t=27517ms iter=38 incumb=48.3039 ratchet=48.3652 best=48.3027 since_improve=11
t=27548ms iter=39 WAIST cost=45.0000 best_alt=37.0000 gap=8.0000 tried=5 sep_labels=37 clique_frac=0.03
t=27853ms iter=39 REBUILD reject new_tc=49.0646 (was 48.3039)
t=28089ms iter=39 incumb=48.3039 ratchet=48.4879 best=48.3027 since_improve=12
t=28121ms iter=40 WAIST cost=45.0000 best_alt=37.0000 gap=8.0000 tried=5 sep_labels=37 clique_frac=0.03
t=28339ms iter=40 REBUILD reject new_tc=54.0207 (was 48.3039)
t=28586ms iter=40 incumb=48.3039 ratchet=48.3472 best=48.3027 since_improve=13
t=28622ms iter=41 WAIST cost=45.0000 best_alt=37.0000 gap=8.0000 tried=5 sep_labels=37 clique_frac=0.03
t=28912ms iter=41 REBUILD reject new_tc=50.4302 (was 48.3039)
t=29158ms iter=41 incumb=48.3039 ratchet=48.4173 best=48.3027 since_improve=14
t=29191ms iter=42 WAIST cost=45.0000 best_alt=35.0000 gap=10.0000 tried=5 sep_labels=35 clique_frac=0.01
t=29493ms iter=42 REBUILD reject new_tc=49.1114 (was 48.3039)
t=29740ms iter=42 incumb=48.3039 ratchet=48.3467 best=48.3027 since_improve=15
t=29771ms iter=43 WAIST cost=45.0000 best_alt=37.0000 gap=8.0000 tried=5 sep_labels=37 clique_frac=0.03
t=30077ms iter=43 REBUILD reject new_tc=50.4563 (was 48.3039)
t=30333ms iter=43 incumb=48.3039 ratchet=48.3652 best=48.3027 since_improve=16
t=30371ms iter=44 WAIST cost=45.0000 best_alt=37.0000 gap=8.0000 tried=5 sep_labels=37 clique_frac=0.03
t=30683ms iter=44 REBUILD reject new_tc=49.2361 (was 48.3039)
t=30935ms iter=44 incumb=48.3039 ratchet=48.3393 best=48.3027 since_improve=17
t=30968ms iter=45 WAIST cost=45.0000 best_alt=37.0000 gap=8.0000 tried=5 sep_labels=37 clique_frac=0.03
t=31257ms iter=45 REBUILD reject new_tc=49.3273 (was 48.3039)
t=31510ms iter=45 incumb=48.3039 ratchet=48.3801 best=48.3027 since_improve=18
t=31545ms iter=46 WAIST cost=45.0000 best_alt=37.0000 gap=8.0000 tried=5 sep_labels=37 clique_frac=0.03
t=31845ms iter=46 REBUILD reject new_tc=52.7427 (was 48.3039)
t=32086ms iter=46 incumb=48.3039 ratchet=48.3439 best=48.3027 since_improve=19
t=32118ms iter=47 WAIST cost=45.0000 best_alt=37.0000 gap=8.0000 tried=5 sep_labels=37 clique_frac=0.03
t=32420ms iter=47 REBUILD reject new_tc=48.9988 (was 48.3039)
t=32677ms iter=47 incumb=48.3039 ratchet=48.4278 best=48.3027 since_improve=20
t=32703ms iter=48 WAIST cost=45.0000 best_alt=37.0000 gap=8.0000 tried=5 sep_labels=37 clique_frac=0.03
t=33004ms iter=48 REBUILD reject new_tc=49.2207 (was 48.3039)
t=33251ms iter=48 incumb=48.3039 ratchet=48.3489 best=48.3027 since_improve=21
t=33281ms iter=49 WAIST cost=45.0000 best_alt=37.0000 gap=8.0000 tried=5 sep_labels=37 clique_frac=0.03
t=33585ms iter=49 REBUILD reject new_tc=49.4064 (was 48.3039)
t=33832ms iter=49 incumb=48.3039 ratchet=48.3977 best=48.3027 since_improve=22
t=33868ms iter=50 WAIST cost=45.0000 best_alt=37.0000 gap=8.0000 tried=5 sep_labels=37 clique_frac=0.03
t=34162ms iter=50 REBUILD reject new_tc=51.2120 (was 48.3039)
t=34422ms iter=50 incumb=48.3039 ratchet=48.4627 best=48.3027 since_improve=23
t=34461ms iter=51 WAIST cost=45.0000 best_alt=37.0000 gap=8.0000 tried=5 sep_labels=37 clique_frac=0.03
t=34762ms iter=51 REBUILD reject new_tc=50.4144 (was 48.3039)
t=35016ms iter=51 incumb=48.3039 ratchet=48.3811 best=48.3027 since_improve=24
t=35046ms iter=52 WAIST cost=45.0000 best_alt=37.0000 gap=8.0000 tried=5 sep_labels=37 clique_frac=0.03
t=35354ms iter=52 REBUILD reject new_tc=49.8338 (was 48.3039)
t=35604ms iter=52 incumb=48.3039 ratchet=48.4470 best=48.3027 since_improve=25
t=35640ms iter=53 WAIST cost=45.0000 best_alt=37.0000 gap=8.0000 tried=5 sep_labels=37 clique_frac=0.03
t=35956ms iter=53 REBUILD reject new_tc=48.9854 (was 48.3039)
t=36207ms iter=53 incumb=48.3039 ratchet=48.3237 best=48.3027 since_improve=26
t=36244ms iter=54 WAIST cost=45.0000 best_alt=37.0000 gap=8.0000 tried=5 sep_labels=37 clique_frac=0.03
t=36550ms iter=54 REBUILD reject new_tc=49.8197 (was 48.3039)
t=36795ms iter=54 incumb=48.3039 ratchet=48.3605 best=48.3027 since_improve=27
t=36828ms iter=55 WAIST cost=45.0000 best_alt=37.0000 gap=8.0000 tried=5 sep_labels=37 clique_frac=0.03
t=37131ms iter=55 REBUILD reject new_tc=49.8303 (was 48.3039)
t=37383ms iter=55 incumb=48.3039 ratchet=48.4314 best=48.3027 since_improve=28
t=37420ms iter=56 WAIST cost=45.0000 best_alt=37.0000 gap=8.0000 tried=5 sep_labels=37 clique_frac=0.03
t=37726ms iter=56 REBUILD reject new_tc=48.9815 (was 48.3039)
t=37979ms iter=56 incumb=48.3039 ratchet=48.4317 best=48.3027 since_improve=29
t=38012ms iter=57 WAIST cost=45.0000 best_alt=37.0000 gap=8.0000 tried=5 sep_labels=37 clique_frac=0.03
t=38323ms iter=57 REBUILD reject new_tc=49.1497 (was 48.3039)
t=38779ms iter=57 incumb=48.3039 ratchet=48.2955 best=48.2955 since_improve=0
t=38806ms iter=58 WAIST cost=45.0000 best_alt=40.0000 gap=5.0000 tried=5 sep_labels=40 clique_frac=0.01
t=39108ms iter=58 REBUILD reject new_tc=53.5074 (was 48.2955)
t=39359ms iter=58 incumb=48.2955 ratchet=48.3279 best=48.2955 since_improve=1
t=39396ms iter=59 WAIST cost=45.0000 best_alt=40.0000 gap=5.0000 tried=5 sep_labels=40 clique_frac=0.01
t=39707ms iter=59 REBUILD reject new_tc=49.0375 (was 48.2955)
t=39963ms iter=59 incumb=48.2955 ratchet=48.4825 best=48.2955 since_improve=2
t=39989ms iter=60 WAIST cost=45.0000 best_alt=40.0000 gap=5.0000 tried=5 sep_labels=40 clique_frac=0.01
t=40463ms iter=60 REBUILD ACCEPT new_tc=48.2279 (was 48.2955)
t=40726ms iter=60 incumb=48.2279 ratchet=48.2864 best=48.2279 since_improve=1
t=40760ms iter=61 WAIST cost=45.0000 best_alt=37.0000 gap=8.0000 tried=5 sep_labels=37 clique_frac=0.02
t=41068ms iter=61 REBUILD reject new_tc=49.7481 (was 48.2279)
t=41309ms iter=61 incumb=48.2279 ratchet=48.2919 best=48.2279 since_improve=2
t=41332ms iter=62 WAIST cost=45.0000 best_alt=40.0000 gap=5.0000 tried=5 sep_labels=40 clique_frac=0.01
t=41633ms iter=62 REBUILD reject new_tc=48.8723 (was 48.2279)
t=41892ms iter=62 incumb=48.2279 ratchet=48.2374 best=48.2279 since_improve=3
t=41915ms iter=63 WAIST cost=45.0000 best_alt=39.0000 gap=6.0000 tried=5 sep_labels=39 clique_frac=0.02
t=42213ms iter=63 REBUILD reject new_tc=56.0054 (was 48.2279)
t=42462ms iter=63 incumb=48.2279 ratchet=48.2966 best=48.2279 since_improve=4
t=42492ms iter=64 WAIST cost=45.0000 best_alt=39.0000 gap=6.0000 tried=5 sep_labels=39 clique_frac=0.04
t=42789ms iter=64 REBUILD reject new_tc=49.3472 (was 48.2279)
t=43048ms iter=64 incumb=48.2279 ratchet=48.3310 best=48.2279 since_improve=5
t=43077ms iter=65 WAIST cost=45.0000 best_alt=40.0000 gap=5.0000 tried=5 sep_labels=40 clique_frac=0.01
t=43386ms iter=65 REBUILD reject new_tc=48.4749 (was 48.2279)
t=44400ms iter=65 incumb=48.2279 ratchet=48.2104 best=48.2048 since_improve=0
t=44423ms iter=66 WAIST cost=44.0000 best_alt=39.0000 gap=5.0000 tried=5 sep_labels=39 clique_frac=0.04
t=44722ms iter=66 REBUILD reject new_tc=55.0160 (was 48.2104)
t=45718ms iter=66 incumb=48.2104 ratchet=48.1792 best=48.1744 since_improve=0
t=45742ms iter=67 WAIST cost=44.0000 best_alt=40.0000 gap=4.0000 tried=5 sep_labels=40 clique_frac=0.02
t=46044ms iter=67 REBUILD reject new_tc=52.3233 (was 48.1792)
t=46887ms iter=67 incumb=48.1792 ratchet=48.2180 best=48.1253 since_improve=1
t=46911ms iter=68 WAIST cost=44.0000 best_alt=40.0000 gap=4.0000 tried=5 sep_labels=40 clique_frac=0.02
t=47217ms iter=68 REBUILD reject new_tc=50.7868 (was 48.1792)
t=47463ms iter=68 incumb=48.1792 ratchet=48.1592 best=48.1253 since_improve=0
t=47493ms iter=69 WAIST cost=45.0000 best_alt=37.0000 gap=8.0000 tried=5 sep_labels=37 clique_frac=0.01
t=47792ms iter=69 REBUILD reject new_tc=52.0929 (was 48.1592)
t=48758ms iter=69 incumb=48.1592 ratchet=48.0774 best=48.0774 since_improve=0
t=48780ms iter=70 WAIST cost=44.0000 best_alt=40.0000 gap=4.0000 tried=5 sep_labels=40 clique_frac=0.02
t=49127ms iter=70 REBUILD reject new_tc=49.0229 (was 48.0774)
t=49396ms iter=70 incumb=48.0774 ratchet=48.1037 best=48.0774 since_improve=1
t=49426ms iter=71 WAIST cost=44.0000 best_alt=37.0000 gap=7.0000 tried=5 sep_labels=37 clique_frac=0.02
t=49729ms iter=71 REBUILD reject new_tc=50.4299 (was 48.0774)
t=49980ms iter=71 incumb=48.0774 ratchet=48.1110 best=48.0774 since_improve=2
t=50006ms iter=72 WAIST cost=44.0000 best_alt=39.0000 gap=5.0000 tried=5 sep_labels=39 clique_frac=0.03
t=50312ms iter=72 REBUILD reject new_tc=49.1734 (was 48.0774)
t=50558ms iter=72 incumb=48.0774 ratchet=48.1369 best=48.0774 since_improve=3
t=50587ms iter=73 WAIST cost=44.0000 best_alt=40.0000 gap=4.0000 tried=5 sep_labels=40 clique_frac=0.02
t=50900ms iter=73 REBUILD reject new_tc=48.7341 (was 48.0774)
t=51895ms iter=73 incumb=48.0774 ratchet=48.0568 best=48.0568 since_improve=0
t=51921ms iter=74 WAIST cost=44.0000 best_alt=40.0000 gap=4.0000 tried=5 sep_labels=40 clique_frac=0.02
t=52217ms iter=74 REBUILD reject new_tc=49.2556 (was 48.0568)
t=52470ms iter=74 incumb=48.0568 ratchet=48.0882 best=48.0568 since_improve=1
t=52497ms iter=75 WAIST cost=44.0000 best_alt=37.0000 gap=7.0000 tried=5 sep_labels=37 clique_frac=0.02
t=52800ms iter=75 REBUILD reject new_tc=49.9387 (was 48.0568)
t=53048ms iter=75 incumb=48.0568 ratchet=48.1583 best=48.0568 since_improve=2
t=53074ms iter=76 WAIST cost=44.0000 best_alt=35.0000 gap=9.0000 tried=5 sep_labels=35 clique_frac=0.01
t=53372ms iter=76 REBUILD reject new_tc=53.1821 (was 48.0568)
t=53618ms iter=76 incumb=48.0568 ratchet=48.0728 best=48.0568 since_improve=3
t=53648ms iter=77 WAIST cost=44.0000 best_alt=39.0000 gap=5.0000 tried=5 sep_labels=39 clique_frac=0.02
t=53945ms iter=77 REBUILD reject new_tc=48.8542 (was 48.0568)
t=54345ms iter=77 incumb=48.0568 ratchet=48.0590 best=48.0567 since_improve=4
t=54377ms iter=78 WAIST cost=44.0000 best_alt=37.0000 gap=7.0000 tried=5 sep_labels=37 clique_frac=0.02
t=54680ms iter=78 REBUILD reject new_tc=49.0778 (was 48.0568)
t=54933ms iter=78 incumb=48.0568 ratchet=48.1591 best=48.0567 since_improve=5
t=54962ms iter=79 WAIST cost=44.0000 best_alt=40.0000 gap=4.0000 tried=5 sep_labels=40 clique_frac=0.02
t=55271ms iter=79 REBUILD reject new_tc=48.6616 (was 48.0568)
t=55521ms iter=79 incumb=48.0568 ratchet=48.2282 best=48.0567 since_improve=6
t=55555ms iter=80 WAIST cost=44.0000 best_alt=37.0000 gap=7.0000 tried=5 sep_labels=37 clique_frac=0.03
t=55865ms iter=80 REBUILD reject new_tc=48.8579 (was 48.0568)
t=56116ms iter=80 incumb=48.0568 ratchet=48.0800 best=48.0567 since_improve=7
t=56139ms iter=81 WAIST cost=44.0000 best_alt=40.0000 gap=4.0000 tried=5 sep_labels=40 clique_frac=0.02
t=56438ms iter=81 REBUILD reject new_tc=50.2496 (was 48.0568)
t=56681ms iter=81 incumb=48.0568 ratchet=48.0826 best=48.0567 since_improve=8
t=56713ms iter=82 WAIST cost=44.0000 best_alt=40.0000 gap=4.0000 tried=5 sep_labels=40 clique_frac=0.02
t=57023ms iter=82 REBUILD reject new_tc=49.0229 (was 48.0568)
t=57273ms iter=82 incumb=48.0568 ratchet=48.1297 best=48.0567 since_improve=9
t=57304ms iter=83 WAIST cost=44.0000 best_alt=39.0000 gap=5.0000 tried=5 sep_labels=39 clique_frac=0.04
t=57608ms iter=83 REBUILD reject new_tc=52.1296 (was 48.0568)
t=57840ms iter=83 incumb=48.0568 ratchet=48.9597 best=48.0567 since_improve=10
t=57862ms iter=84 WAIST cost=44.0000 best_alt=39.0000 gap=5.0000 tried=5 sep_labels=39 clique_frac=0.01
t=58153ms iter=84 REBUILD reject new_tc=54.0212 (was 48.0568)
t=58391ms iter=84 incumb=48.0568 ratchet=48.2627 best=48.0567 since_improve=11
t=58423ms iter=85 WAIST cost=44.0000 best_alt=39.0000 gap=5.0000 tried=5 sep_labels=39 clique_frac=0.01
t=58733ms iter=85 REBUILD reject new_tc=49.6899 (was 48.0568)
t=58975ms iter=85 incumb=48.0568 ratchet=48.1221 best=48.0567 since_improve=12
t=59012ms iter=86 WAIST cost=44.0000 best_alt=35.0000 gap=9.0000 tried=5 sep_labels=35 clique_frac=0.00
t=59316ms iter=86 REBUILD reject new_tc=49.0554 (was 48.0568)
t=59572ms iter=86 incumb=48.0568 ratchet=48.1221 best=48.0567 since_improve=13
t=59607ms iter=87 WAIST cost=44.0000 best_alt=40.0000 gap=4.0000 tried=5 sep_labels=40 clique_frac=0.02
t=59905ms iter=87 REBUILD reject new_tc=56.0076 (was 48.0568)
t=60158ms iter=87 incumb=48.0568 ratchet=48.1400 best=48.0567 since_improve=14
t=60180ms iter=88 WAIST cost=44.0000 best_alt=37.0000 gap=7.0000 tried=5 sep_labels=37 clique_frac=0.03
t=60484ms iter=88 REBUILD reject new_tc=55.0109 (was 48.0568)
t=60726ms iter=88 incumb=48.0568 ratchet=48.0947 best=48.0567 since_improve=15
t=60739ms iter=89 WAIST cost=44.0000 best_alt=40.0000 gap=4.0000 tried=5 sep_labels=40 clique_frac=0.02
t=61035ms iter=89 REBUILD reject new_tc=48.3275 (was 48.0568)
t=61564ms iter=89 incumb=48.0568 ratchet=48.0626 best=48.0421 since_improve=16
t=61588ms iter=90 WAIST cost=44.0000 best_alt=39.0000 gap=5.0000 tried=5 sep_labels=39 clique_frac=0.02
t=61898ms iter=90 REBUILD reject new_tc=52.3650 (was 48.0568)
t=62154ms iter=90 incumb=48.0568 ratchet=48.1418 best=48.0421 since_improve=17
t=62181ms iter=91 WAIST cost=44.0000 best_alt=40.0000 gap=4.0000 tried=5 sep_labels=40 clique_frac=0.02
t=62492ms iter=91 REBUILD reject new_tc=51.2139 (was 48.0568)
t=62739ms iter=91 incumb=48.0568 ratchet=48.0649 best=48.0421 since_improve=18
t=62769ms iter=92 WAIST cost=44.0000 best_alt=39.0000 gap=5.0000 tried=5 sep_labels=39 clique_frac=0.02
t=63063ms iter=92 REBUILD reject new_tc=50.4187 (was 48.0568)
t=63304ms iter=92 incumb=48.0568 ratchet=48.1426 best=48.0421 since_improve=19
t=63335ms iter=93 WAIST cost=44.0000 best_alt=40.0000 gap=4.0000 tried=5 sep_labels=40 clique_frac=0.02
t=63638ms iter=93 REBUILD reject new_tc=53.1831 (was 48.0568)
t=63885ms iter=93 incumb=48.0568 ratchet=48.1282 best=48.0421 since_improve=20
t=63917ms iter=94 WAIST cost=44.0000 best_alt=35.0000 gap=9.0000 tried=5 sep_labels=35 clique_frac=0.02
t=64219ms iter=94 REBUILD reject new_tc=50.4056 (was 48.0568)
t=64463ms iter=94 incumb=48.0568 ratchet=48.1194 best=48.0421 since_improve=21
t=64499ms iter=95 WAIST cost=44.0000 best_alt=37.0000 gap=7.0000 tried=5 sep_labels=37 clique_frac=0.03
t=64805ms iter=95 REBUILD reject new_tc=49.0469 (was 48.0568)
t=65047ms iter=95 incumb=48.0568 ratchet=48.0621 best=48.0421 since_improve=22
t=65067ms iter=96 WAIST cost=44.0000 best_alt=40.0000 gap=4.0000 tried=5 sep_labels=40 clique_frac=0.02
t=65374ms iter=96 REBUILD reject new_tc=48.7880 (was 48.0568)
t=65620ms iter=96 incumb=48.0568 ratchet=48.0898 best=48.0421 since_improve=23
t=65645ms iter=97 WAIST cost=44.0000 best_alt=37.0000 gap=7.0000 tried=5 sep_labels=37 clique_frac=0.02
t=65938ms iter=97 REBUILD reject new_tc=49.2232 (was 48.0568)
t=66173ms iter=97 incumb=48.0568 ratchet=48.2104 best=48.0421 since_improve=24
t=66194ms iter=98 WAIST cost=44.0000 best_alt=40.0000 gap=4.0000 tried=5 sep_labels=40 clique_frac=0.02
t=66497ms iter=98 REBUILD reject new_tc=48.9081 (was 48.0568)
t=66738ms iter=98 incumb=48.0568 ratchet=48.1709 best=48.0421 since_improve=25
t=66778ms iter=99 WAIST cost=44.0000 best_alt=40.0000 gap=4.0000 tried=5 sep_labels=40 clique_frac=0.02
t=67071ms iter=99 REBUILD reject new_tc=48.9239 (was 48.0568)
t=67435ms iter=99 incumb=48.0568 ratchet=48.0387 best=48.0385 since_improve=0
t=67468ms iter=100 WAIST cost=45.0000 best_alt=39.0000 gap=6.0000 tried=5 sep_labels=39 clique_frac=0.02
t=67782ms iter=100 REBUILD reject new_tc=49.0194 (was 48.0387)
t=68026ms iter=100 incumb=48.0387 ratchet=48.0932 best=48.0385 since_improve=1
t=68062ms iter=101 WAIST cost=45.0000 best_alt=35.0000 gap=10.0000 tried=5 sep_labels=35 clique_frac=0.02
t=68366ms iter=101 REBUILD reject new_tc=48.5182 (was 48.0387)
t=68907ms iter=101 incumb=48.0387 ratchet=48.0302 best=48.0302 since_improve=0
t=68940ms iter=102 WAIST cost=44.0000 best_alt=37.0000 gap=7.0000 tried=5 sep_labels=37 clique_frac=0.02
t=69238ms iter=102 REBUILD reject new_tc=48.4983 (was 48.0302)
t=70204ms iter=102 incumb=48.0302 ratchet=47.9643 best=47.9528 since_improve=0
t=70242ms iter=103 WAIST cost=44.0000 best_alt=39.0000 gap=5.0000 tried=5 sep_labels=39 clique_frac=0.02
t=70540ms iter=103 REBUILD reject new_tc=48.9016 (was 47.9643)
t=71396ms iter=103 incumb=47.9643 ratchet=47.9393 best=47.9244 since_improve=0
t=71432ms iter=104 WAIST cost=43.0000 best_alt=37.0000 gap=6.0000 tried=5 sep_labels=37 clique_frac=0.03
t=71744ms iter=104 REBUILD reject new_tc=49.8333 (was 47.9393)
t=72589ms iter=104 incumb=47.9393 ratchet=47.9186 best=47.9059 since_improve=0
t=72625ms iter=105 WAIST cost=43.0000 best_alt=40.0000 gap=3.0000 tried=5 sep_labels=40 clique_frac=0.02
t=72974ms iter=105 REBUILD reject new_tc=49.0113 (was 47.9186)
t=73221ms iter=105 incumb=47.9186 ratchet=47.9256 best=47.9059 since_improve=1
t=73249ms iter=106 WAIST cost=43.0000 best_alt=40.0000 gap=3.0000 tried=5 sep_labels=40 clique_frac=0.02
t=73591ms iter=106 REBUILD reject new_tc=48.9336 (was 47.9186)
t=74424ms iter=106 incumb=47.9186 ratchet=47.8645 best=47.8644 since_improve=0
t=74448ms iter=107 WAIST cost=44.0000 best_alt=40.0000 gap=4.0000 tried=5 sep_labels=40 clique_frac=0.02
t=74789ms iter=107 REBUILD reject new_tc=48.9510 (was 47.8645)
t=75333ms iter=107 incumb=47.8645 ratchet=47.8873 best=47.8510 since_improve=1
t=75365ms iter=108 WAIST cost=44.0000 best_alt=40.0000 gap=4.0000 tried=5 sep_labels=40 clique_frac=0.02
t=75703ms iter=108 REBUILD reject new_tc=49.9009 (was 47.8645)
t=75948ms iter=108 incumb=47.8645 ratchet=47.8955 best=47.8510 since_improve=2
t=75982ms iter=109 WAIST cost=44.0000 best_alt=35.0000 gap=9.0000 tried=5 sep_labels=35 clique_frac=0.00
t=76276ms iter=109 REBUILD reject new_tc=49.8409 (was 47.8645)
t=76670ms iter=109 incumb=47.8645 ratchet=47.8542 best=47.8506 since_improve=0
t=76695ms iter=110 WAIST cost=44.0000 best_alt=37.0000 gap=7.0000 tried=5 sep_labels=37 clique_frac=0.00
t=77008ms iter=110 REBUILD reject new_tc=48.5115 (was 47.8542)
t=77258ms iter=110 incumb=47.8542 ratchet=47.8901 best=47.8506 since_improve=1
t=77296ms iter=111 WAIST cost=44.0000 best_alt=37.0000 gap=7.0000 tried=5 sep_labels=37 clique_frac=0.00
t=77595ms iter=111 REBUILD reject new_tc=50.4723 (was 47.8542)
t=77840ms iter=111 incumb=47.8542 ratchet=47.8880 best=47.8506 since_improve=2
t=77873ms iter=112 WAIST cost=44.0000 best_alt=37.0000 gap=7.0000 tried=5 sep_labels=37 clique_frac=0.00
t=78172ms iter=112 REBUILD reject new_tc=49.0742 (was 47.8542)
t=78425ms iter=112 incumb=47.8542 ratchet=48.0466 best=47.8506 since_improve=3
t=78458ms iter=113 WAIST cost=44.0000 best_alt=37.0000 gap=7.0000 tried=5 sep_labels=37 clique_frac=0.00
t=78762ms iter=113 REBUILD reject new_tc=54.0257 (was 47.8542)
t=79047ms iter=113 incumb=47.8542 ratchet=47.8760 best=47.8506 since_improve=4
t=79078ms iter=114 WAIST cost=44.0000 best_alt=37.0000 gap=7.0000 tried=5 sep_labels=37 clique_frac=0.00
t=79388ms iter=114 REBUILD reject new_tc=48.9105 (was 47.8542)
t=79697ms iter=114 incumb=47.8542 ratchet=47.9798 best=47.8506 since_improve=5
t=79726ms iter=115 WAIST cost=44.0000 best_alt=37.0000 gap=7.0000 tried=5 sep_labels=37 clique_frac=0.00
t=80025ms iter=115 REBUILD reject new_tc=51.2208 (was 47.8542)
t=80271ms iter=115 incumb=47.8542 ratchet=47.9121 best=47.8506 since_improve=6
t=80300ms iter=116 WAIST cost=44.0000 best_alt=37.0000 gap=7.0000 tried=5 sep_labels=37 clique_frac=0.00
t=80591ms iter=116 REBUILD reject new_tc=51.2412 (was 47.8542)
t=81541ms iter=116 incumb=47.8542 ratchet=47.7979 best=47.7979 since_improve=0
t=81572ms iter=117 WAIST cost=44.0000 best_alt=39.0000 gap=5.0000 tried=5 sep_labels=39 clique_frac=0.03
t=81864ms iter=117 REBUILD reject new_tc=51.1737 (was 47.7979)
t=82244ms iter=117 incumb=47.7979 ratchet=47.7728 best=47.7727 since_improve=0
t=82281ms iter=118 WAIST cost=44.0000 best_alt=39.0000 gap=5.0000 tried=5 sep_labels=39 clique_frac=0.03
t=82581ms iter=118 REBUILD reject new_tc=49.8452 (was 47.7728)
t=82823ms iter=118 incumb=47.7728 ratchet=47.7824 best=47.7727 since_improve=1
t=82859ms iter=119 WAIST cost=44.0000 best_alt=40.0000 gap=4.0000 tried=5 sep_labels=40 clique_frac=0.02
t=83189ms iter=119 REBUILD reject new_tc=48.5188 (was 47.7728)
t=83703ms iter=119 incumb=47.7728 ratchet=47.7082 best=47.7043 since_improve=0
t=83734ms iter=120 WAIST cost=44.0000 best_alt=39.0000 gap=5.0000 tried=5 sep_labels=39 clique_frac=0.03
t=83993ms iter=120 REBUILD reject new_tc=55.0121 (was 47.7082)
t=84519ms iter=120 incumb=47.7082 ratchet=47.6950 best=47.6759 since_improve=0
t=84546ms iter=121 WAIST cost=43.0000 best_alt=40.0000 gap=3.0000 tried=5 sep_labels=40 clique_frac=0.01
t=84857ms iter=121 REBUILD reject new_tc=48.6616 (was 47.6950)
t=85022ms iter=121 incumb=47.6950 ratchet=47.8617 best=47.6759 since_improve=1
t=85038ms iter=122 WAIST cost=43.0000 best_alt=40.0000 gap=3.0000 tried=5 sep_labels=40 clique_frac=0.01
t=85268ms iter=122 REBUILD reject new_tc=49.0333 (was 47.6950)
t=85759ms iter=122 incumb=47.6950 ratchet=47.6694 best=47.6438 since_improve=0
t=85795ms iter=123 WAIST cost=44.0000 best_alt=40.0000 gap=4.0000 tried=5 sep_labels=40 clique_frac=0.01
t=86036ms iter=123 REBUILD reject new_tc=48.3847 (was 47.6694)
t=86203ms iter=123 incumb=47.6694 ratchet=47.8704 best=47.6438 since_improve=1
t=86216ms iter=124 WAIST cost=44.0000 best_alt=40.0000 gap=4.0000 tried=5 sep_labels=40 clique_frac=0.01
t=86506ms iter=124 REBUILD reject new_tc=48.7660 (was 47.6694)
t=86898ms iter=124 incumb=47.6694 ratchet=47.6563 best=47.6418 since_improve=0
t=86926ms iter=125 WAIST cost=44.0000 best_alt=39.0000 gap=5.0000 tried=5 sep_labels=39 clique_frac=0.04
t=87226ms iter=125 REBUILD reject new_tc=48.4979 (was 47.6563)
t=87303ms iter=125 incumb=47.6563 ratchet=53.0392 best=47.6418 since_improve=1
t_final=87441ms tc_reduced=47.6418 tc_full=47.8774 leaves=2203
surgery summary: calls=125 cheaper_cuts=125 rebuild_accepts=3 waist_min_hits=0
