probe: instance=ksg n_orig=5197 n=3899 fusible=0.2498 nlabels=1269 t=25ms
seed_greedy tc=67.0396 t=623ms
t=6223ms iter=1 WAIST cost=38.0000 cur_cut=29.0000 best_alt=29.0000 gap=9.0000 gap_cut=0.0000 tried=5 sep_labels=29 clique_frac=0.05
t=7250ms iter=1 REBUILD ACCEPT new_tc=38.9228 (was 40.7828)
t=7647ms iter=1 incumb=38.9228 ratchet=39.3678 best=38.9228 since_improve=1
t=7875ms iter=2 WAIST cost=37.0000 cur_cut=29.0000 best_alt=29.0000 gap=8.0000 gap_cut=0.0000 tried=5 sep_labels=29 clique_frac=0.05
t=8767ms iter=2 REBUILD reject new_tc=40.2634 (was 38.9228)
t=12158ms iter=2 incumb=38.9228 ratchet=37.8994 best=37.8994 since_improve=0
t=12427ms iter=3 WAIST cost=37.0000 cur_cut=28.0000 best_alt=28.0000 gap=9.0000 gap_cut=0.0000 tried=5 sep_labels=28 clique_frac=0.04
t=13324ms iter=3 REBUILD reject new_tc=38.0024 (was 37.8994)
t=13713ms iter=3 incumb=37.8994 ratchet=39.2183 best=37.8994 since_improve=1
t=13936ms iter=4 WAIST cost=37.0000 cur_cut=28.0000 best_alt=28.0000 gap=9.0000 gap_cut=0.0000 tried=5 sep_labels=28 clique_frac=0.04
t=14830ms iter=4 REBUILD reject new_tc=39.5910 (was 37.8994)
t=15247ms iter=4 incumb=37.8994 ratchet=37.9860 best=37.8994 since_improve=2
t=15491ms iter=5 WAIST cost=37.0000 cur_cut=28.0000 best_alt=28.0000 gap=9.0000 gap_cut=0.0000 tried=5 sep_labels=28 clique_frac=0.04
t=16769ms iter=5 REBUILD ACCEPT new_tc=37.8696 (was 37.8994)
t=19141ms iter=5 incumb=37.8696 ratchet=37.7178 best=37.7178 since_improve=0
t=19306ms iter=6 WAIST cost=36.0000 cur_cut=30.0000 best_alt=30.0000 gap=6.0000 gap_cut=0.0000 tried=5 sep_labels=30 clique_frac=0.04
t=20200ms iter=6 REBUILD reject new_tc=42.1699 (was 37.7178)
t=20598ms iter=6 incumb=37.7178 ratchet=37.7476 best=37.7178 since_improve=1
t=20855ms iter=7 WAIST cost=36.0000 cur_cut=30.0000 best_alt=30.0000 gap=6.0000 gap_cut=0.0000 tried=5 sep_labels=30 clique_frac=0.04
t=21751ms iter=7 REBUILD reject new_tc=41.8730 (was 37.7178)
t=22771ms iter=7 incumb=37.7178 ratchet=37.7069 best=37.6851 since_improve=0
t=23004ms iter=8 WAIST cost=36.0000 cur_cut=30.0000 best_alt=30.0000 gap=6.0000 gap_cut=0.0000 tried=5 sep_labels=30 clique_frac=0.04
t=23886ms iter=8 REBUILD reject new_tc=41.2079 (was 37.7069)
t=24301ms iter=8 incumb=37.7069 ratchet=37.7638 best=37.6851 since_improve=1
t=24553ms iter=9 WAIST cost=36.0000 cur_cut=30.0000 best_alt=30.0000 gap=6.0000 gap_cut=0.0000 tried=5 sep_labels=30 clique_frac=0.04
t=25439ms iter=9 REBUILD reject new_tc=40.4868 (was 37.7069)
t=25840ms iter=9 incumb=37.7069 ratchet=38.3083 best=37.6851 since_improve=2
t=26038ms iter=10 WAIST cost=36.0000 cur_cut=30.0000 best_alt=28.0000 gap=8.0000 gap_cut=2.0000 tried=5 sep_labels=28 clique_frac=0.05
t=26908ms iter=10 REBUILD reject new_tc=39.7751 (was 37.7069)
t=27323ms iter=10 incumb=37.7069 ratchet=37.7215 best=37.6851 since_improve=3
t=27523ms iter=11 WAIST cost=36.0000 cur_cut=30.0000 best_alt=30.0000 gap=6.0000 gap_cut=0.0000 tried=5 sep_labels=30 clique_frac=0.04
t=28452ms iter=11 REBUILD reject new_tc=38.6401 (was 37.7069)
t=28855ms iter=11 incumb=37.7069 ratchet=37.9010 best=37.6851 since_improve=4
t=29077ms iter=12 WAIST cost=36.0000 cur_cut=30.0000 best_alt=30.0000 gap=6.0000 gap_cut=0.0000 tried=5 sep_labels=30 clique_frac=0.04
t=30016ms iter=12 REBUILD reject new_tc=46.0104 (was 37.7069)
t=30419ms iter=12 incumb=37.7069 ratchet=37.8891 best=37.6851 since_improve=5
t=30616ms iter=13 WAIST cost=36.0000 cur_cut=30.0000 best_alt=30.0000 gap=6.0000 gap_cut=0.0000 tried=5 sep_labels=30 clique_frac=0.04
t=31497ms iter=13 REBUILD reject new_tc=42.1008 (was 37.7069)
t=31906ms iter=13 incumb=37.7069 ratchet=38.2023 best=37.6851 since_improve=6
t=32158ms iter=14 WAIST cost=36.0000 cur_cut=30.0000 best_alt=30.0000 gap=6.0000 gap_cut=0.0000 tried=5 sep_labels=30 clique_frac=0.04
t=33051ms iter=14 REBUILD reject new_tc=38.6326 (was 37.7069)
t=33453ms iter=14 incumb=37.7069 ratchet=40.1151 best=37.6851 since_improve=7
t=33671ms iter=15 WAIST cost=36.0000 cur_cut=30.0000 best_alt=30.0000 gap=6.0000 gap_cut=0.0000 tried=5 sep_labels=30 clique_frac=0.04
t=34606ms iter=15 REBUILD reject new_tc=43.3578 (was 37.7069)
t=34999ms iter=15 incumb=37.7069 ratchet=37.8367 best=37.6851 since_improve=8
t=35267ms iter=16 WAIST cost=36.0000 cur_cut=30.0000 best_alt=30.0000 gap=6.0000 gap_cut=0.0000 tried=5 sep_labels=30 clique_frac=0.04
t=36161ms iter=16 REBUILD reject new_tc=38.6712 (was 37.7069)
t=36565ms iter=16 incumb=37.7069 ratchet=37.7541 best=37.6851 since_improve=9
t=36807ms iter=17 WAIST cost=36.0000 cur_cut=30.0000 best_alt=30.0000 gap=6.0000 gap_cut=0.0000 tried=5 sep_labels=30 clique_frac=0.04
t=37709ms iter=17 REBUILD reject new_tc=39.1508 (was 37.7069)
t=38110ms iter=17 incumb=37.7069 ratchet=37.8953 best=37.6851 since_improve=10
t=38308ms iter=18 WAIST cost=36.0000 cur_cut=30.0000 best_alt=30.0000 gap=6.0000 gap_cut=0.0000 tried=5 sep_labels=30 clique_frac=0.04
t=39194ms iter=18 REBUILD reject new_tc=39.1861 (was 37.7069)
t=39596ms iter=18 incumb=37.7069 ratchet=38.1070 best=37.6851 since_improve=11
t=39828ms iter=19 WAIST cost=36.0000 cur_cut=30.0000 best_alt=30.0000 gap=6.0000 gap_cut=0.0000 tried=5 sep_labels=30 clique_frac=0.04
t=40711ms iter=19 REBUILD reject new_tc=39.6070 (was 37.7069)
t=41114ms iter=19 incumb=37.7069 ratchet=38.1627 best=37.6851 since_improve=12
t=41354ms iter=20 WAIST cost=36.0000 cur_cut=30.0000 best_alt=30.0000 gap=6.0000 gap_cut=0.0000 tried=5 sep_labels=30 clique_frac=0.04
t=42250ms iter=20 REBUILD reject new_tc=41.5983 (was 37.7069)
t=42684ms iter=20 incumb=37.7069 ratchet=38.9105 best=37.6851 since_improve=13
t=42863ms iter=21 WAIST cost=36.0000 cur_cut=30.0000 best_alt=30.0000 gap=6.0000 gap_cut=0.0000 tried=5 sep_labels=30 clique_frac=0.04
t=43753ms iter=21 REBUILD reject new_tc=39.2384 (was 37.7069)
t=44147ms iter=21 incumb=37.7069 ratchet=38.5218 best=37.6851 since_improve=14
t=44348ms iter=22 WAIST cost=36.0000 cur_cut=30.0000 best_alt=30.0000 gap=6.0000 gap_cut=0.0000 tried=5 sep_labels=30 clique_frac=0.04
t=45237ms iter=22 REBUILD reject new_tc=40.0031 (was 37.7069)
t=45649ms iter=22 incumb=37.7069 ratchet=37.8213 best=37.6851 since_improve=15
t=45868ms iter=23 WAIST cost=36.0000 cur_cut=30.0000 best_alt=30.0000 gap=6.0000 gap_cut=0.0000 tried=5 sep_labels=30 clique_frac=0.04
t=46773ms iter=23 REBUILD reject new_tc=40.1155 (was 37.7069)
t=47193ms iter=23 incumb=37.7069 ratchet=37.7574 best=37.6851 since_improve=16
t=47392ms iter=24 WAIST cost=36.0000 cur_cut=30.0000 best_alt=30.0000 gap=6.0000 gap_cut=0.0000 tried=5 sep_labels=30 clique_frac=0.04
t=48286ms iter=24 REBUILD reject new_tc=40.2250 (was 37.7069)
t=48689ms iter=24 incumb=37.7069 ratchet=37.7662 best=37.6851 since_improve=17
t=48889ms iter=25 WAIST cost=36.0000 cur_cut=30.0000 best_alt=30.0000 gap=6.0000 gap_cut=0.0000 tried=5 sep_labels=30 clique_frac=0.04
t=49777ms iter=25 REBUILD reject new_tc=38.2286 (was 37.7069)
t=50184ms iter=25 incumb=37.7069 ratchet=37.6920 best=37.6851 since_improve=0
t=50380ms iter=26 WAIST cost=36.0000 cur_cut=30.0000 best_alt=30.0000 gap=6.0000 gap_cut=0.0000 tried=5 sep_labels=30 clique_frac=0.04
t=51282ms iter=26 REBUILD reject new_tc=39.3362 (was 37.6920)
t=51870ms iter=26 incumb=37.6920 ratchet=37.6746 best=37.6517 since_improve=0
t=52090ms iter=27 WAIST cost=36.0000 cur_cut=30.0000 best_alt=30.0000 gap=6.0000 gap_cut=0.0000 tried=5 sep_labels=30 clique_frac=0.04
t=53178ms iter=27 REBUILD reject new_tc=38.8418 (was 37.6746)
t=53573ms iter=27 incumb=37.6746 ratchet=37.7325 best=37.6517 since_improve=1
t=53791ms iter=28 WAIST cost=36.0000 cur_cut=30.0000 best_alt=30.0000 gap=6.0000 gap_cut=0.0000 tried=5 sep_labels=30 clique_frac=0.04
t=54688ms iter=28 REBUILD reject new_tc=38.3530 (was 37.6746)
t=55992ms iter=28 incumb=37.6746 ratchet=37.5858 best=37.5858 since_improve=0
t=56194ms iter=29 WAIST cost=36.0000 cur_cut=30.0000 best_alt=30.0000 gap=6.0000 gap_cut=0.0000 tried=5 sep_labels=30 clique_frac=0.04
t=57079ms iter=29 REBUILD reject new_tc=37.8254 (was 37.5858)
t=57481ms iter=29 incumb=37.5858 ratchet=37.8362 best=37.5858 since_improve=1
t=57677ms iter=30 WAIST cost=36.0000 cur_cut=30.0000 best_alt=30.0000 gap=6.0000 gap_cut=0.0000 tried=5 sep_labels=30 clique_frac=0.04
t=58566ms iter=30 REBUILD reject new_tc=44.0582 (was 37.5858)
t=59483ms iter=30 incumb=37.5858 ratchet=37.5024 best=37.5024 since_improve=0
t=59677ms iter=31 WAIST cost=36.0000 cur_cut=30.0000 best_alt=30.0000 gap=6.0000 gap_cut=0.0000 tried=5 sep_labels=30 clique_frac=0.04
t=60564ms iter=31 REBUILD reject new_tc=38.8020 (was 37.5024)
t=60971ms iter=31 incumb=37.5024 ratchet=37.7873 best=37.5024 since_improve=1
t=61183ms iter=32 WAIST cost=36.0000 cur_cut=30.0000 best_alt=30.0000 gap=6.0000 gap_cut=0.0000 tried=5 sep_labels=30 clique_frac=0.04
t=62081ms iter=32 REBUILD reject new_tc=39.6108 (was 37.5024)
t=62498ms iter=32 incumb=37.5024 ratchet=37.7323 best=37.5024 since_improve=2
t=62660ms iter=33 WAIST cost=36.0000 cur_cut=30.0000 best_alt=30.0000 gap=6.0000 gap_cut=0.0000 tried=5 sep_labels=30 clique_frac=0.04
t=63551ms iter=33 REBUILD reject new_tc=41.3334 (was 37.5024)
t=63953ms iter=33 incumb=37.5024 ratchet=39.3369 best=37.5024 since_improve=3
t=64227ms iter=34 WAIST cost=36.0000 cur_cut=30.0000 best_alt=30.0000 gap=6.0000 gap_cut=0.0000 tried=5 sep_labels=30 clique_frac=0.04
t=65146ms iter=34 REBUILD reject new_tc=39.0257 (was 37.5024)
t=66225ms iter=34 incumb=37.5024 ratchet=36.9473 best=36.9361 since_improve=0
t=66418ms iter=35 WAIST cost=35.0000 cur_cut=26.0000 best_alt=26.0000 gap=9.0000 gap_cut=0.0000 tried=5 sep_labels=26 clique_frac=0.05
t=67343ms iter=35 REBUILD reject new_tc=39.6450 (was 36.9473)
t=68983ms iter=35 incumb=36.9473 ratchet=36.8724 best=36.8724 since_improve=0
t=69264ms iter=36 WAIST cost=35.0000 cur_cut=26.0000 best_alt=26.0000 gap=9.0000 gap_cut=0.0000 tried=5 sep_labels=26 clique_frac=0.05
t=70191ms iter=36 REBUILD reject new_tc=42.3019 (was 36.8724)
t=70603ms iter=36 incumb=36.8724 ratchet=36.9686 best=36.8724 since_improve=1
t=70835ms iter=37 WAIST cost=35.0000 cur_cut=26.0000 best_alt=26.0000 gap=9.0000 gap_cut=0.0000 tried=5 sep_labels=26 clique_frac=0.05
t=71754ms iter=37 REBUILD reject new_tc=38.5637 (was 36.8724)
t=72169ms iter=37 incumb=36.8724 ratchet=37.0302 best=36.8724 since_improve=2
t=72368ms iter=38 WAIST cost=35.0000 cur_cut=26.0000 best_alt=26.0000 gap=9.0000 gap_cut=0.0000 tried=5 sep_labels=26 clique_frac=0.05
t=73306ms iter=38 REBUILD reject new_tc=39.1309 (was 36.8724)
t=73705ms iter=38 incumb=36.8724 ratchet=36.8986 best=36.8724 since_improve=3
t=73959ms iter=39 WAIST cost=35.0000 cur_cut=26.0000 best_alt=26.0000 gap=9.0000 gap_cut=0.0000 tried=5 sep_labels=26 clique_frac=0.05
t=74864ms iter=39 REBUILD reject new_tc=37.5587 (was 36.8724)
t=75287ms iter=39 incumb=36.8724 ratchet=37.2204 best=36.8724 since_improve=4
t=75519ms iter=40 WAIST cost=35.0000 cur_cut=26.0000 best_alt=26.0000 gap=9.0000 gap_cut=0.0000 tried=5 sep_labels=26 clique_frac=0.05
t=76448ms iter=40 REBUILD reject new_tc=38.8202 (was 36.8724)
t=76858ms iter=40 incumb=36.8724 ratchet=36.9734 best=36.8724 since_improve=5
t=77031ms iter=41 WAIST cost=35.0000 cur_cut=26.0000 best_alt=26.0000 gap=9.0000 gap_cut=0.0000 tried=5 sep_labels=26 clique_frac=0.05
t=77945ms iter=41 REBUILD reject new_tc=39.0533 (was 36.8724)
t=78350ms iter=41 incumb=36.8724 ratchet=36.9160 best=36.8724 since_improve=6
t=78566ms iter=42 WAIST cost=35.0000 cur_cut=26.0000 best_alt=26.0000 gap=9.0000 gap_cut=0.0000 tried=5 sep_labels=26 clique_frac=0.05
t=79490ms iter=42 REBUILD reject new_tc=42.0340 (was 36.8724)
t=79915ms iter=42 incumb=36.8724 ratchet=36.8967 best=36.8724 since_improve=7
t=80178ms iter=43 WAIST cost=35.0000 cur_cut=26.0000 best_alt=26.0000 gap=9.0000 gap_cut=0.0000 tried=5 sep_labels=26 clique_frac=0.05
t=81099ms iter=43 REBUILD reject new_tc=39.8011 (was 36.8724)
t=81504ms iter=43 incumb=36.8724 ratchet=37.1047 best=36.8724 since_improve=8
t=81778ms iter=44 WAIST cost=35.0000 cur_cut=26.0000 best_alt=26.0000 gap=9.0000 gap_cut=0.0000 tried=5 sep_labels=26 clique_frac=0.05
t=82699ms iter=44 REBUILD reject new_tc=40.5438 (was 36.8724)
t=83120ms iter=44 incumb=36.8724 ratchet=37.0337 best=36.8724 since_improve=9
t=83371ms iter=45 WAIST cost=35.0000 cur_cut=26.0000 best_alt=26.0000 gap=9.0000 gap_cut=0.0000 tried=5 sep_labels=26 clique_frac=0.05
t=84297ms iter=45 REBUILD reject new_tc=37.9851 (was 36.8724)
t=84713ms iter=45 incumb=36.8724 ratchet=37.1740 best=36.8724 since_improve=10
t=84950ms iter=46 WAIST cost=35.0000 cur_cut=26.0000 best_alt=26.0000 gap=9.0000 gap_cut=0.0000 tried=5 sep_labels=26 clique_frac=0.05
t=85873ms iter=46 REBUILD reject new_tc=37.7589 (was 36.8724)
t=86285ms iter=46 incumb=36.8724 ratchet=37.5841 best=36.8724 since_improve=11
t=86500ms iter=47 WAIST cost=35.0000 cur_cut=26.0000 best_alt=26.0000 gap=9.0000 gap_cut=0.0000 tried=5 sep_labels=26 clique_frac=0.05
t=87421ms iter=47 REBUILD reject new_tc=38.1223 (was 36.8724)
t_final=87614ms tc_reduced=36.8724 tc_full=36.8770 leaves=5197
surgery summary: calls=47 cheaper_cuts=47 rebuild_accepts=2 waist_min_hits=0
