probe: instance=surfacecode_d21 n_orig=2203 n=761 fusible=0.6546 nlabels=798 t=13ms
seed_greedy tc=57.0286 t=517ms
t=1011ms iter=1 WAIST cost=49.0000 best_alt=7.0000 gap=42.0000 tried=5 sep_labels=7 clique_frac=0.24
t=1582ms iter=1 REBUILD ACCEPT new_tc=49.8492 (was 49.9135)
t=3753ms iter=1 incumb=49.8492 ratchet=49.1615 best=49.1513 since_improve=0
t=3775ms iter=2 WAIST cost=46.0000 best_alt=39.0000 gap=7.0000 tried=5 sep_labels=39 clique_frac=0.03
t=4094ms iter=2 REBUILD reject new_tc=49.2220 (was 49.1615)
t=5920ms iter=2 incumb=49.1615 ratchet=49.0333 best=49.0333 since_improve=0
t=5940ms iter=3 WAIST cost=45.0000 best_alt=40.0000 gap=5.0000 tried=5 sep_labels=40 clique_frac=0.02
t=6254ms iter=3 REBUILD reject new_tc=49.1322 (was 49.0333)
t=8002ms iter=3 incumb=49.0333 ratchet=48.9697 best=48.9668 since_improve=0
t=8022ms iter=4 WAIST cost=44.0000 best_alt=37.0000 gap=7.0000 tried=5 sep_labels=37 clique_frac=0.05
t=8512ms iter=4 REBUILD ACCEPT new_tc=48.4789 (was 48.9697)
t=10806ms iter=4 incumb=48.4789 ratchet=48.4178 best=48.4178 since_improve=0
t=10841ms iter=5 WAIST cost=44.0000 best_alt=37.0000 gap=7.0000 tried=5 sep_labels=37 clique_frac=0.02
t=11147ms iter=5 REBUILD reject new_tc=48.7871 (was 48.4178)
t=12606ms iter=5 incumb=48.4178 ratchet=48.3841 best=48.3820 since_improve=0
t=12637ms iter=6 WAIST cost=44.0000 best_alt=37.0000 gap=7.0000 tried=5 sep_labels=37 clique_frac=0.02
t=13091ms iter=6 REBUILD ACCEPT new_tc=48.3836 (was 48.3841)
t=13857ms iter=6 incumb=48.3836 ratchet=48.3185 best=48.3185 since_improve=0
t=13867ms iter=7 WAIST cost=45.0000 best_alt=2.0000 gap=43.0000 tried=5 sep_labels=2 clique_frac=1.00
t=14290ms iter=7 REBUILD reject new_tc=49.6654 (was 48.3185)
t=16593ms iter=7 incumb=48.3185 ratchet=48.2042 best=48.2042 since_improve=0
t=16614ms iter=8 WAIST cost=44.0000 best_alt=37.0000 gap=7.0000 tried=5 sep_labels=37 clique_frac=0.02
t=16920ms iter=8 REBUILD reject new_tc=49.0217 (was 48.2042)
t=17528ms iter=8 incumb=48.2042 ratchet=48.1960 best=48.1800 since_improve=0
t=17558ms iter=9 WAIST cost=44.0000 best_alt=33.0000 gap=11.0000 tried=5 sep_labels=33 clique_frac=0.00
t=17860ms iter=9 REBUILD reject new_tc=55.0091 (was 48.1960)
t=19653ms iter=9 incumb=48.1960 ratchet=48.1129 best=48.0853 since_improve=0
t=19682ms iter=10 WAIST cost=44.0000 best_alt=39.0000 gap=5.0000 tried=5 sep_labels=39 clique_frac=0.03
t=20000ms iter=10 REBUILD reject new_tc=49.8411 (was 48.1129)
t=20760ms iter=10 incumb=48.1129 ratchet=48.0284 best=48.0206 since_improve=0
t=20800ms iter=11 WAIST cost=43.0000 best_alt=37.0000 gap=6.0000 tried=5 sep_labels=37 clique_frac=0.01
t=21098ms iter=11 REBUILD reject new_tc=48.9724 (was 48.0284)
t=22927ms iter=11 incumb=48.0284 ratchet=47.9299 best=47.9297 since_improve=0
t=22956ms iter=12 WAIST cost=43.0000 best_alt=39.0000 gap=4.0000 tried=5 sep_labels=39 clique_frac=0.02
t=23288ms iter=12 REBUILD reject new_tc=49.5336 (was 47.9299)
t=24638ms iter=12 incumb=47.9299 ratchet=47.8644 best=47.8644 since_improve=0
t=24683ms iter=13 WAIST cost=44.0000 best_alt=39.0000 gap=5.0000 tried=5 sep_labels=39 clique_frac=0.03
t=24990ms iter=13 REBUILD reject new_tc=49.1578 (was 47.8644)
t=26765ms iter=13 incumb=47.8644 ratchet=47.6373 best=47.6373 since_improve=0
t=26791ms iter=14 WAIST cost=43.0000 best_alt=35.0000 gap=8.0000 tried=5 sep_labels=35 clique_frac=0.01
t=27092ms iter=14 REBUILD reject new_tc=49.7527 (was 47.6373)
t=27937ms iter=14 incumb=47.6373 ratchet=47.5974 best=47.5974 since_improve=0
t=27973ms iter=15 WAIST cost=43.0000 best_alt=39.0000 gap=4.0000 tried=5 sep_labels=39 clique_frac=0.01
t=28319ms iter=15 REBUILD reject new_tc=49.8899 (was 47.5974)
t=29298ms iter=15 incumb=47.5974 ratchet=47.5432 best=47.5432 since_improve=0
t=29332ms iter=16 WAIST cost=44.0000 best_alt=40.0000 gap=4.0000 tried=5 sep_labels=40 clique_frac=0.02
t=29669ms iter=16 REBUILD reject new_tc=50.1098 (was 47.5432)
t=30342ms iter=16 incumb=47.5432 ratchet=47.4602 best=47.4602 since_improve=0
t=30371ms iter=17 WAIST cost=44.0000 best_alt=39.0000 gap=5.0000 tried=5 sep_labels=39 clique_frac=0.04
t=30670ms iter=17 REBUILD reject new_tc=49.7746 (was 47.4602)
t=31213ms iter=17 incumb=47.4602 ratchet=47.4581 best=47.4398 since_improve=0
t=31251ms iter=18 WAIST cost=43.0000 best_alt=37.0000 gap=6.0000 tried=5 sep_labels=37 clique_frac=0.01
t=31560ms iter=18 REBUILD reject new_tc=48.6852 (was 47.4581)
t=31818ms iter=18 incumb=47.4581 ratchet=47.4486 best=47.4398 since_improve=0
t=31859ms iter=19 WAIST cost=43.0000 best_alt=40.0000 gap=3.0000 tried=5 sep_labels=40 clique_frac=0.02
t=32205ms iter=19 REBUILD reject new_tc=49.0395 (was 47.4486)
t=32456ms iter=19 incumb=47.4486 ratchet=47.6030 best=47.4398 since_improve=1
t=32490ms iter=20 WAIST cost=43.0000 best_alt=39.0000 gap=4.0000 tried=5 sep_labels=39 clique_frac=0.00
t=32833ms iter=20 REBUILD reject new_tc=49.3805 (was 47.4486)
t=33081ms iter=20 incumb=47.4486 ratchet=47.4400 best=47.4398 since_improve=0
t=33113ms iter=21 WAIST cost=43.0000 best_alt=39.0000 gap=4.0000 tried=5 sep_labels=39 clique_frac=0.01
t=33452ms iter=21 REBUILD reject new_tc=50.4018 (was 47.4400)
t=33702ms iter=21 incumb=47.4400 ratchet=47.4607 best=47.4398 since_improve=1
t=33727ms iter=22 WAIST cost=43.0000 best_alt=39.0000 gap=4.0000 tried=5 sep_labels=39 clique_frac=0.01
t=34067ms iter=22 REBUILD reject new_tc=51.2964 (was 47.4400)
t=34318ms iter=22 incumb=47.4400 ratchet=47.4606 best=47.4398 since_improve=2
t=34347ms iter=23 WAIST cost=43.0000 best_alt=35.0000 gap=8.0000 tried=5 sep_labels=35 clique_frac=0.00
t=34653ms iter=23 REBUILD reject new_tc=50.7815 (was 47.4400)
t=35378ms iter=23 incumb=47.4400 ratchet=47.3937 best=47.3840 since_improve=0
t=35414ms iter=24 WAIST cost=43.0000 best_alt=37.0000 gap=6.0000 tried=5 sep_labels=37 clique_frac=0.01
t=35716ms iter=24 REBUILD reject new_tc=54.6030 (was 47.3937)
t=35962ms iter=24 incumb=47.3937 ratchet=47.4188 best=47.3840 since_improve=1
t=35986ms iter=25 WAIST cost=43.0000 best_alt=39.0000 gap=4.0000 tried=5 sep_labels=39 clique_frac=0.02
t=36336ms iter=25 REBUILD reject new_tc=48.9200 (was 47.3937)
t=36588ms iter=25 incumb=47.3937 ratchet=47.4222 best=47.3840 since_improve=2
t=36612ms iter=26 WAIST cost=43.0000 best_alt=39.0000 gap=4.0000 tried=5 sep_labels=39 clique_frac=0.02
t=36961ms iter=26 REBUILD reject new_tc=48.9889 (was 47.3937)
t=37215ms iter=26 incumb=47.3937 ratchet=47.4484 best=47.3840 since_improve=3
t=37244ms iter=27 WAIST cost=43.0000 best_alt=39.0000 gap=4.0000 tried=5 sep_labels=39 clique_frac=0.02
t=37589ms iter=27 REBUILD reject new_tc=48.4513 (was 47.3937)
t=37850ms iter=27 incumb=47.3937 ratchet=47.4092 best=47.3840 since_improve=4
t=37878ms iter=28 WAIST cost=43.0000 best_alt=39.0000 gap=4.0000 tried=5 sep_labels=39 clique_frac=0.02
t=38227ms iter=28 REBUILD reject new_tc=48.7191 (was 47.3937)
t=38480ms iter=28 incumb=47.3937 ratchet=47.4534 best=47.3840 since_improve=5
t=38513ms iter=29 WAIST cost=43.0000 best_alt=39.0000 gap=4.0000 tried=5 sep_labels=39 clique_frac=0.02
t=38851ms iter=29 REBUILD reject new_tc=58.0011 (was 47.3937)
t=39113ms iter=29 incumb=47.3937 ratchet=47.4986 best=47.3840 since_improve=6
t=39146ms iter=30 WAIST cost=43.0000 best_alt=39.0000 gap=4.0000 tried=5 sep_labels=39 clique_frac=0.02
t=39493ms iter=30 REBUILD reject new_tc=48.9574 (was 47.3937)
t=39746ms iter=30 incumb=47.3937 ratchet=47.4534 best=47.3840 since_improve=7
t=39786ms iter=31 WAIST cost=43.0000 best_alt=37.0000 gap=6.0000 tried=5 sep_labels=37 clique_frac=0.01
t=40108ms iter=31 REBUILD reject new_tc=51.2522 (was 47.3937)
t=40369ms iter=31 incumb=47.3937 ratchet=47.7801 best=47.3840 since_improve=8
t=40392ms iter=32 WAIST cost=43.0000 best_alt=39.0000 gap=4.0000 tried=5 sep_labels=39 clique_frac=0.02
t=40794ms iter=32 REBUILD reject new_tc=48.7282 (was 47.3937)
t=41051ms iter=32 incumb=47.3937 ratchet=47.5836 best=47.3840 since_improve=9
t=41084ms iter=33 WAIST cost=43.0000 best_alt=39.0000 gap=4.0000 tried=5 sep_labels=39 clique_frac=0.02
t=41436ms iter=33 REBUILD reject new_tc=49.3499 (was 47.3937)
t=41688ms iter=33 incumb=47.3937 ratchet=47.5111 best=47.3840 since_improve=10
t=41723ms iter=34 WAIST cost=43.0000 best_alt=39.0000 gap=4.0000 tried=5 sep_labels=39 clique_frac=0.02
t=42053ms iter=34 REBUILD reject new_tc=51.2111 (was 47.3937)
t=42304ms iter=34 incumb=47.3937 ratchet=47.6443 best=47.3840 since_improve=11
t=42342ms iter=35 WAIST cost=43.0000 best_alt=39.0000 gap=4.0000 tried=5 sep_labels=39 clique_frac=0.02
t=42691ms iter=35 REBUILD reject new_tc=49.7574 (was 47.3937)
t=42943ms iter=35 incumb=47.3937 ratchet=47.5108 best=47.3840 since_improve=12
t=42985ms iter=36 WAIST cost=43.0000 best_alt=39.0000 gap=4.0000 tried=5 sep_labels=39 clique_frac=0.02
t=43341ms iter=36 REBUILD reject new_tc=48.6767 (was 47.3937)
t=43602ms iter=36 incumb=47.3937 ratchet=47.7527 best=47.3840 since_improve=13
t=43639ms iter=37 WAIST cost=43.0000 best_alt=39.0000 gap=4.0000 tried=5 sep_labels=39 clique_frac=0.02
t=43998ms iter=37 REBUILD reject new_tc=48.8245 (was 47.3937)
t=44261ms iter=37 incumb=47.3937 ratchet=47.4900 best=47.3840 since_improve=14
t=44294ms iter=38 WAIST cost=43.0000 best_alt=39.0000 gap=4.0000 tried=5 sep_labels=39 clique_frac=0.02
t=44636ms iter=38 REBUILD reject new_tc=49.7646 (was 47.3937)
t=44900ms iter=38 incumb=47.3937 ratchet=47.6162 best=47.3840 since_improve=15
t=44929ms iter=39 WAIST cost=43.0000 best_alt=39.0000 gap=4.0000 tried=5 sep_labels=39 clique_frac=0.02
t=45269ms iter=39 REBUILD reject new_tc=54.0271 (was 47.3937)
t=45530ms iter=39 incumb=47.3937 ratchet=47.3974 best=47.3840 since_improve=16
t=45561ms iter=40 WAIST cost=43.0000 best_alt=39.0000 gap=4.0000 tried=5 sep_labels=39 clique_frac=0.02
t=45915ms iter=40 REBUILD reject new_tc=49.2657 (was 47.3937)
t=46171ms iter=40 incumb=47.3937 ratchet=47.6591 best=47.3840 since_improve=17
t=46194ms iter=41 WAIST cost=43.0000 best_alt=39.0000 gap=4.0000 tried=5 sep_labels=39 clique_frac=0.02
t=46539ms iter=41 REBUILD reject new_tc=48.8397 (was 47.3937)
t=46796ms iter=41 incumb=47.3937 ratchet=47.4380 best=47.3840 since_improve=18
t=46825ms iter=42 WAIST cost=43.0000 best_alt=39.0000 gap=4.0000 tried=5 sep_labels=39 clique_frac=0.02
t=47181ms iter=42 REBUILD reject new_tc=49.2863 (was 47.3937)
t=47436ms iter=42 incumb=47.3937 ratchet=47.6465 best=47.3840 since_improve=19
t=47458ms iter=43 WAIST cost=43.0000 best_alt=39.0000 gap=4.0000 tried=5 sep_labels=39 clique_frac=0.02
t=47808ms iter=43 REBUILD reject new_tc=49.1282 (was 47.3937)
t=48065ms iter=43 incumb=47.3937 ratchet=47.8186 best=47.3840 since_improve=20
t=48102ms iter=44 WAIST cost=43.0000 best_alt=39.0000 gap=4.0000 tried=5 sep_labels=39 clique_frac=0.02
t=48447ms iter=44 REBUILD reject new_tc=48.8072 (was 47.3937)
t=48705ms iter=44 incumb=47.3937 ratchet=47.6589 best=47.3840 since_improve=21
t=48738ms iter=45 WAIST cost=43.0000 best_alt=39.0000 gap=4.0000 tried=5 sep_labels=39 clique_frac=0.02
t=49090ms iter=45 REBUILD reject new_tc=48.5563 (was 47.3937)
t=49342ms iter=45 incumb=47.3937 ratchet=47.6093 best=47.3840 since_improve=22
t=49377ms iter=46 WAIST cost=43.0000 best_alt=39.0000 gap=4.0000 tried=5 sep_labels=39 clique_frac=0.02
t=49709ms iter=46 REBUILD reject new_tc=61.0004 (was 47.3937)
t=49962ms iter=46 incumb=47.3937 ratchet=47.5238 best=47.3840 since_improve=23
t=49998ms iter=47 WAIST cost=43.0000 best_alt=39.0000 gap=4.0000 tried=5 sep_labels=39 clique_frac=0.02
t=50340ms iter=47 REBUILD reject new_tc=55.0479 (was 47.3937)
t=50601ms iter=47 incumb=47.3937 ratchet=47.6668 best=47.3840 since_improve=24
t=50627ms iter=48 WAIST cost=43.0000 best_alt=39.0000 gap=4.0000 tried=5 sep_labels=39 clique_frac=0.02
t=50977ms iter=48 REBUILD reject new_tc=48.8771 (was 47.3937)
t=51236ms iter=48 incumb=47.3937 ratchet=47.4509 best=47.3840 since_improve=25
t=51275ms iter=49 WAIST cost=43.0000 best_alt=39.0000 gap=4.0000 tried=5 sep_labels=39 clique_frac=0.02
t=51615ms iter=49 REBUILD reject new_tc=53.0509 (was 47.3937)
t=51872ms iter=49 incumb=47.3937 ratchet=47.5157 best=47.3840 since_improve=26
t=51903ms iter=50 WAIST cost=43.0000 best_alt=39.0000 gap=4.0000 tried=5 sep_labels=39 clique_frac=0.02
t=52254ms iter=50 REBUILD reject new_tc=49.1216 (was 47.3937)
t=52511ms iter=50 incumb=47.3937 ratchet=47.4758 best=47.3840 since_improve=27
t=52548ms iter=51 WAIST cost=43.0000 best_alt=39.0000 gap=4.0000 tried=5 sep_labels=39 clique_frac=0.02
t=52893ms iter=51 REBUILD reject new_tc=50.0012 (was 47.3937)
t=53159ms iter=51 incumb=47.3937 ratchet=47.4504 best=47.3840 since_improve=28
t=53190ms iter=52 WAIST cost=43.0000 best_alt=39.0000 gap=4.0000 tried=5 sep_labels=39 clique_frac=0.02
t=53547ms iter=52 REBUILD reject new_tc=48.6099 (was 47.3937)
t=53798ms iter=52 incumb=47.3937 ratchet=47.4454 best=47.3840 since_improve=29
t=53834ms iter=53 WAIST cost=43.0000 best_alt=39.0000 gap=4.0000 tried=5 sep_labels=39 clique_frac=0.02
t=54204ms iter=53 REBUILD reject new_tc=48.7631 (was 47.3937)
t=54460ms iter=53 incumb=47.3937 ratchet=47.5428 best=47.3840 since_improve=30
t=54496ms iter=54 WAIST cost=43.0000 best_alt=39.0000 gap=4.0000 tried=5 sep_labels=39 clique_frac=0.02
t=54848ms iter=54 REBUILD reject new_tc=48.5515 (was 47.3937)
t=55098ms iter=54 incumb=47.3937 ratchet=47.5206 best=47.3840 since_improve=31
t=55140ms iter=55 WAIST cost=43.0000 best_alt=39.0000 gap=4.0000 tried=5 sep_labels=39 clique_frac=0.02
t=55497ms iter=55 REBUILD reject new_tc=48.9983 (was 47.3937)
t=55759ms iter=55 incumb=47.3937 ratchet=47.4288 best=47.3840 since_improve=32
t=55793ms iter=56 WAIST cost=43.0000 best_alt=39.0000 gap=4.0000 tried=5 sep_labels=39 clique_frac=0.02
t=56136ms iter=56 REBUILD reject new_tc=53.0488 (was 47.3937)
t=56391ms iter=56 incumb=47.3937 ratchet=47.6503 best=47.3840 since_improve=33
t=56421ms iter=57 WAIST cost=43.0000 best_alt=39.0000 gap=4.0000 tried=5 sep_labels=39 clique_frac=0.02
t=56762ms iter=57 REBUILD reject new_tc=49.3759 (was 47.3937)
t=57346ms iter=57 incumb=47.3937 ratchet=47.3996 best=47.3836 since_improve=34
t=57378ms iter=58 WAIST cost=43.0000 best_alt=39.0000 gap=4.0000 tried=5 sep_labels=39 clique_frac=0.02
t=57727ms iter=58 REBUILD reject new_tc=48.5135 (was 47.3937)
t=57985ms iter=58 incumb=47.3937 ratchet=47.5195 best=47.3836 since_improve=35
t=58012ms iter=59 WAIST cost=43.0000 best_alt=39.0000 gap=4.0000 tried=5 sep_labels=39 clique_frac=0.02
t=58361ms iter=59 REBUILD reject new_tc=48.8168 (was 47.3937)
t_final=58529ms tc_reduced=47.3836 tc_full=47.5276 leaves=2203
surgery summary: calls=59 cheaper_cuts=59 rebuild_accepts=3 waist_min_hits=0
