simplify: n_orig=544 n_reduced=372 shrink=0.3162 t_simp=5ms
t_seed=614ms tc_seed=37.2556 seed_trials=12
t_dp=2572ms tc_greedy=35.5339
t=5802ms mcts_tc=34.2886
t=8136ms mcts_tc=33.7638
t_mcts=19008ms mcts: backup=min rollouts=192 rate=10/s depth=3 nodes=193 improves=2 tc_mcts=33.7638
ATTRIBUTION tc_greedy=35.5339 tc_mcts_prepolish=33.7638 mcts_beats_greedy=true
t=19168ms polish_tc=33.7496
t=19176ms polish_tc=33.3031
t=19184ms polish_tc=33.2994
t=19193ms polish_tc=33.2889
t=19201ms polish_tc=33.1742
t=19209ms polish_tc=33.1337
t=19218ms polish_tc=33.1336
t=19226ms polish_tc=33.1336
t=19234ms polish_tc=33.1333
t=19243ms polish_tc=33.1326
t=19251ms polish_tc=33.1326
t=19260ms polish_tc=33.1325
t=19269ms polish_tc=33.1260
t=19277ms polish_tc=33.1239
t=19286ms polish_tc=32.9361
t=19294ms polish_tc=32.8322
t=19303ms polish_tc=32.8321
t=19311ms polish_tc=32.6988
t=19320ms polish_tc=32.6984
t=19328ms polish_tc=32.6983
t=19338ms polish_tc=32.6754
t=19347ms polish_tc=32.6751
t=19356ms polish_tc=32.6747
t=19364ms polish_tc=32.6438
t=19372ms polish_tc=32.6438
t=19381ms polish_tc=32.5466
t=19389ms polish_tc=32.5462
t=19397ms polish_tc=32.5462
t=19406ms polish_tc=32.4918
t=19415ms polish_tc=32.4916
t=19426ms polish_tc=32.2916
t=19434ms polish_tc=32.2786
t=19443ms polish_tc=32.2550
t=19451ms polish_tc=32.2357
t=19459ms polish_tc=32.1154
t=19467ms polish_tc=31.9706
t=19475ms polish_tc=31.2584
t=19483ms polish_tc=31.2250
t=19491ms polish_tc=30.9673
t=19500ms polish_tc=30.9666
t=19508ms polish_tc=30.9197
t=19516ms polish_tc=30.9176
t=19525ms polish_tc=30.9126
t=19533ms polish_tc=30.9126
t=19540ms polish_tc=30.9124
t=19548ms polish_tc=30.8011
t=19556ms polish_tc=30.7350
t=19564ms polish_tc=30.7157
t=19572ms polish_tc=30.7091
t=19580ms polish_tc=30.7036
t=19589ms polish_tc=30.6643
t=19597ms polish_tc=30.6614
t=19605ms polish_tc=30.6600
t=19614ms polish_tc=30.6599
t=19622ms polish_tc=30.6097
t=19630ms polish_tc=30.6085
t=19638ms polish_tc=30.6011
t=19647ms polish_tc=30.5996
t=19656ms polish_tc=30.5950
t=19663ms polish_tc=30.5641
t=19672ms polish_tc=30.5627
t=19680ms polish_tc=30.5618
t=19689ms polish_tc=30.5574
t=19698ms polish_tc=30.2787
t=19706ms polish_tc=30.2611
t=19714ms polish_tc=30.2514
t=19722ms polish_tc=30.2420
t=19731ms polish_tc=29.7482
t=19739ms polish_tc=29.7467
t=19746ms polish_tc=29.7466
t=19755ms polish_tc=29.7172
t=19763ms polish_tc=29.7154
t=19771ms polish_tc=29.7149
t=19780ms polish_tc=29.6662
t=19788ms polish_tc=29.6658
t=19796ms polish_tc=29.6586
t=19804ms polish_tc=29.6545
t=19813ms polish_tc=29.6483
t=19821ms polish_tc=29.6481
t=19832ms polish_tc=29.6393
t=19843ms polish_tc=29.6245
t=19851ms polish_tc=29.4564
t=19859ms polish_tc=29.4562
t=19867ms polish_tc=29.3894
t=19875ms polish_tc=29.3481
t=19884ms polish_tc=29.2830
t=19892ms polish_tc=29.2511
t=19901ms polish_tc=29.1669
t=19909ms polish_tc=29.1666
t=19917ms polish_tc=29.0832
t=19926ms polish_tc=29.0637
t=19935ms polish_tc=28.8202
t=19944ms polish_tc=28.7861
t=19953ms polish_tc=28.7745
t=19961ms polish_tc=28.7223
t=19969ms polish_tc=28.7215
t=19979ms polish_tc=28.7186
t=19987ms polish_tc=28.6951
t=19996ms polish_tc=28.6822
t=20006ms polish_tc=28.6753
t=20015ms polish_tc=28.6739
t=20023ms polish_tc=28.6738
t=20031ms polish_tc=28.6693
t=20039ms polish_tc=28.6693
t=20048ms polish_tc=28.6652
t=20056ms polish_tc=28.6643
t=20065ms polish_tc=28.6160
t=20073ms polish_tc=28.6088
t=20082ms polish_tc=28.5695
t=20091ms polish_tc=28.5655
t=20099ms polish_tc=28.5645
t=20108ms polish_tc=28.5639
t=20116ms polish_tc=28.5616
t=20124ms polish_tc=28.5461
t=20132ms polish_tc=28.5457
t=20142ms polish_tc=28.5362
t=20151ms polish_tc=28.5067
t=20160ms polish_tc=28.5066
t=20168ms polish_tc=28.5066
t=20177ms polish_tc=28.4437
t=20185ms polish_tc=28.4436
t=20194ms polish_tc=28.4421
t=20205ms polish_tc=28.4409
t=20213ms polish_tc=28.4409
t=20222ms polish_tc=28.4348
t=20230ms polish_tc=28.4348
t=20239ms polish_tc=28.4183
t=20251ms polish_tc=28.3891
t=20260ms polish_tc=28.3891
t=20268ms polish_tc=28.3884
t=20276ms polish_tc=28.3882
t=20285ms polish_tc=28.3817
t=20295ms polish_tc=28.3812
t=20304ms polish_tc=28.3812
t=20312ms polish_tc=28.3723
t=20327ms polish_tc=28.3630
t=20336ms polish_tc=28.3298
t=20345ms polish_tc=28.3296
t=20354ms polish_tc=28.3294
t=20365ms polish_tc=28.3168
t=20374ms polish_tc=28.3168
t=20386ms polish_tc=28.3022
t=20413ms polish_tc=28.2863
t=20421ms polish_tc=28.2863
t=20429ms polish_tc=28.2860
t=20447ms polish_tc=28.2835
t=20460ms polish_tc=28.2831
t=20483ms polish_tc=28.1801
t=20491ms polish_tc=28.0611
t=20499ms polish_tc=28.0610
t=20507ms polish_tc=28.0610
t=20684ms polish_tc=27.9845
t=20693ms polish_tc=27.9825
t=20702ms polish_tc=27.9824
t=20712ms polish_tc=27.9736
t=20721ms polish_tc=27.8036
t=20731ms polish_tc=27.7828
t=20739ms polish_tc=27.7729
t=20748ms polish_tc=27.7717
t=21039ms polish_tc=27.7615
t=21049ms polish_tc=27.7551
t=21057ms polish_tc=27.6728
t=21066ms polish_tc=27.6724
t=21075ms polish_tc=27.6724
t=21083ms polish_tc=27.6719
t=21094ms polish_tc=27.6650
t=21103ms polish_tc=27.6601
t=21112ms polish_tc=27.6326
t=21121ms polish_tc=27.6308
t=21129ms polish_tc=27.6170
t=21137ms polish_tc=27.6130
t=21146ms polish_tc=27.5998
t=21178ms polish_tc=27.5990
t=21187ms polish_tc=27.5987
t=21196ms polish_tc=27.5954
t=21207ms polish_tc=27.5947
t=21217ms polish_tc=27.5797
t=21233ms polish_tc=27.5631
t=21243ms polish_tc=27.5628
t=21253ms polish_tc=27.5628
t=21263ms polish_tc=27.5628
t=21273ms polish_tc=27.5625
t=21283ms polish_tc=27.5624
t=21292ms polish_tc=27.5623
t=21308ms polish_tc=27.5442
t=21318ms polish_tc=27.5440
t=21327ms polish_tc=27.5436
t=21337ms polish_tc=27.5396
t=21346ms polish_tc=27.5395
t=21361ms polish_tc=27.5037
t=21371ms polish_tc=27.5037
t=21380ms polish_tc=27.5037
t=21396ms polish_tc=27.2440
t=21406ms polish_tc=27.1670
t=21416ms polish_tc=27.1598
t=21426ms polish_tc=27.1593
t=21435ms polish_tc=27.1571
t=21445ms polish_tc=27.1518
t=21454ms polish_tc=27.1504
t=21465ms polish_tc=27.1448
t=21474ms polish_tc=27.1446
t=21483ms polish_tc=27.1441
t=21492ms polish_tc=27.1438
t=22040ms polish_tc=27.1399
t=22050ms polish_tc=27.1399
t=22061ms polish_tc=27.1395
t=22072ms polish_tc=27.1395
t=22084ms polish_tc=27.1394
t=22094ms polish_tc=27.1393
t=22105ms polish_tc=27.1357
t=22115ms polish_tc=27.1357
t=22125ms polish_tc=27.1357
t=22135ms polish_tc=27.1355
t=22146ms polish_tc=27.1354
t=22163ms polish_tc=27.1353
t=22173ms polish_tc=27.1353
t=22183ms polish_tc=27.1352
t=22193ms polish_tc=27.1347
t=22203ms polish_tc=27.1346
t=22213ms polish_tc=27.1334
t=22222ms polish_tc=27.1334
t=22232ms polish_tc=27.1333
t=22250ms polish_tc=27.0936
t=22260ms polish_tc=27.0935
t=22269ms polish_tc=27.0935
t=22280ms polish_tc=27.0935
t=22289ms polish_tc=27.0934
t=27899ms polish_tc=27.0454
t=27908ms polish_tc=27.0452
t=27918ms polish_tc=27.0451
t=27927ms polish_tc=27.0445
t=27936ms polish_tc=27.0441
t=27947ms polish_tc=27.0396
t=27955ms polish_tc=27.0395
t=27963ms polish_tc=27.0004
t=27971ms polish_tc=27.0002
t=27984ms polish_tc=26.9899
t=27992ms polish_tc=26.9787
t=28000ms polish_tc=26.9786
t=28009ms polish_tc=26.9483
t=28016ms polish_tc=26.9431
t=28033ms polish_tc=26.8166
t=28042ms polish_tc=26.8163
t=28050ms polish_tc=26.8156
t=28058ms polish_tc=26.8103
t=28067ms polish_tc=26.8095
t=28075ms polish_tc=26.8012
t=28083ms polish_tc=26.8012
t=28091ms polish_tc=26.7016
t=28099ms polish_tc=26.6991
t=28107ms polish_tc=26.6990
t=28117ms polish_tc=26.6989
t=28126ms polish_tc=26.6987
t=28136ms polish_tc=26.6986
t=28144ms polish_tc=26.6986
t=28154ms polish_tc=26.6972
t=28163ms polish_tc=26.6968
t=28178ms polish_tc=26.6584
t=28414ms polish_tc=26.6564
t=28472ms polish_tc=26.6532
t=28482ms polish_tc=26.6531
t=28490ms polish_tc=26.6531
t=28498ms polish_tc=26.6518
t=28508ms polish_tc=26.6513
t=28517ms polish_tc=26.6513
t=28532ms polish_tc=26.6512
t=28545ms polish_tc=26.6511
t=28557ms polish_tc=26.6508
t=28602ms polish_tc=26.6508
t=28616ms polish_tc=26.6319
t=28623ms polish_tc=26.6319
t=37743ms polish_tc=26.6205
t=37751ms polish_tc=26.5671
t=37760ms polish_tc=26.5182
t=37769ms polish_tc=26.5139
t=37777ms polish_tc=26.5049
t=37786ms polish_tc=26.5032
t=37794ms polish_tc=26.5022
t=37802ms polish_tc=26.5021
t=37811ms polish_tc=26.5020
t=37820ms polish_tc=26.4714
t=37829ms polish_tc=26.4601
t=37837ms polish_tc=26.4600
t=37846ms polish_tc=26.4569
t=37854ms polish_tc=26.4539
t=37863ms polish_tc=26.4402
t=37873ms polish_tc=26.4230
t=37881ms polish_tc=26.3778
t=37890ms polish_tc=26.3403
t=37905ms polish_tc=26.3236
t=37913ms polish_tc=26.3222
t=37921ms polish_tc=26.3222
t=37931ms polish_tc=26.3041
t=37951ms polish_tc=26.3005
t=37960ms polish_tc=26.2958
t=37968ms polish_tc=26.2866
t=37977ms polish_tc=26.2831
t=37986ms polish_tc=26.2797
t=38000ms polish_tc=26.2645
t=38008ms polish_tc=26.2580
t=38015ms polish_tc=26.2574
t=38024ms polish_tc=26.2526
t=38058ms polish_tc=26.2510
t=38066ms polish_tc=26.2490
t=38146ms polish_tc=26.2451
t=38157ms polish_tc=26.2064
t=38165ms polish_tc=26.1531
t=38173ms polish_tc=26.1530
t=38182ms polish_tc=26.1342
t=38190ms polish_tc=26.1254
t=38199ms polish_tc=26.1163
t=38207ms polish_tc=26.1151
t=38215ms polish_tc=26.1147
t=38227ms polish_tc=26.1146
t=38247ms polish_tc=26.1136
t=38255ms polish_tc=26.1126
t=38268ms polish_tc=26.1125
t=38276ms polish_tc=26.1125
t=38286ms polish_tc=26.1109
t=38298ms polish_tc=26.0899
t=38306ms polish_tc=26.0863
t=38315ms polish_tc=26.0854
t=38327ms polish_tc=26.0849
t=38358ms polish_tc=26.0848
t=38597ms polish_tc=26.0780
t=38605ms polish_tc=26.0778
t=38613ms polish_tc=26.0766
t=38623ms polish_tc=26.0765
t=38633ms polish_tc=26.0682
t=38642ms polish_tc=26.0675
t=38652ms polish_tc=26.0664
t=38661ms polish_tc=26.0664
t=38694ms polish_tc=26.0638
t=38704ms polish_tc=26.0633
t=38715ms polish_tc=26.0627
t=38723ms polish_tc=26.0627
t=38741ms polish_tc=26.0596
t=38752ms polish_tc=26.0594
t=38772ms polish_tc=26.0593
t=38780ms polish_tc=26.0593
t=38798ms polish_tc=26.0588
t=38807ms polish_tc=26.0588
t=38823ms polish_tc=26.0588
t=46423ms polish_tc=26.0565
t=46434ms polish_tc=26.0564
t=46444ms polish_tc=26.0564
t=46454ms polish_tc=26.0564
t=46464ms polish_tc=26.0549
t=46473ms polish_tc=26.0532
t=46483ms polish_tc=26.0529
t=46493ms polish_tc=26.0528
t=46503ms polish_tc=26.0518
t=46514ms polish_tc=26.0513
t=46525ms polish_tc=26.0506
t=46534ms polish_tc=26.0506
t=46608ms polish_tc=26.0481
t=46619ms polish_tc=26.0481
t=46679ms polish_tc=26.0458
t=46692ms polish_tc=26.0457
t=46702ms polish_tc=26.0456
t=46711ms polish_tc=26.0456
t=46721ms polish_tc=26.0456
t=46736ms polish_tc=26.0447
t=46746ms polish_tc=26.0446
t=46778ms polish_tc=26.0445
t=46808ms polish_tc=26.0411
t=46818ms polish_tc=26.0408
t=46827ms polish_tc=26.0408
t=46837ms polish_tc=26.0408
t=46902ms polish_tc=26.0404
t=46912ms polish_tc=26.0394
t=46921ms polish_tc=26.0394
t=46931ms polish_tc=26.0393
t=46950ms polish_tc=26.0393
t=46960ms polish_tc=26.0393
t=46970ms polish_tc=26.0392
t=47008ms polish_tc=26.0290
t=47017ms polish_tc=26.0200
t=47026ms polish_tc=26.0199
t=47036ms polish_tc=26.0179
t=47045ms polish_tc=26.0178
t=47053ms polish_tc=26.0178
t=47063ms polish_tc=25.9957
t=47072ms polish_tc=25.9950
t=47091ms polish_tc=25.9948
t=47123ms polish_tc=25.9948
t=47132ms polish_tc=25.9948
t=47146ms polish_tc=25.9809
t=47156ms polish_tc=25.9809
t=47166ms polish_tc=25.9808
t=47175ms polish_tc=25.9808
t=47187ms polish_tc=25.9800
t=47197ms polish_tc=25.9780
t=47207ms polish_tc=25.9777
t=47217ms polish_tc=25.9755
t=47226ms polish_tc=25.9734
t=47236ms polish_tc=25.9734
t=47246ms polish_tc=25.9734
t=47256ms polish_tc=25.9734
t=47275ms polish_tc=25.9725
t=47359ms polish_tc=25.9643
t=47368ms polish_tc=25.9643
t=47377ms polish_tc=25.9643
t=74291ms polish_tc=25.9288
t=74301ms polish_tc=25.9288
t=74312ms polish_tc=25.9287
t=74322ms polish_tc=25.9286
t=74332ms polish_tc=25.9286
t=74342ms polish_tc=25.9282
t=74352ms polish_tc=25.9276
t=74362ms polish_tc=25.9275
t=74372ms polish_tc=25.9275
t=74406ms polish_tc=25.9275
t=74415ms polish_tc=25.9275
t=74425ms polish_tc=25.9275
t=74438ms polish_tc=25.9272
t=74448ms polish_tc=25.9272
t=74589ms polish_tc=25.9272
t=74600ms polish_tc=25.9272
t=74610ms polish_tc=25.9272
t=74622ms polish_tc=25.9271
t=74633ms polish_tc=25.9270
t=74642ms polish_tc=25.9270
t=74662ms polish_tc=25.9270
t=74673ms polish_tc=25.9269
t=74683ms polish_tc=25.9269
t=74702ms polish_tc=25.9268
anneal_sweeps=441648 cycles=106 fresh=24
t_final=87302ms tc_greedy=35.5339 tc_mcts=33.7638 tc_final=25.9268 tc_full=25.9269 leaves=544
