simplify: n_orig=544 n_reduced=372 shrink=0.3162 t_simp=5ms
t_seed=611ms tc_seed=36.4709 seed_trials=12
t_dp=2579ms tc_greedy=36.2825
t=5941ms mcts_tc=35.7878
t=9713ms mcts_tc=35.3699
t=18097ms mcts_tc=33.6090
t_mcts=19545ms mcts: backup=min rollouts=192 rate=10/s depth=3 nodes=193 improves=3 tc_mcts=33.6090
ATTRIBUTION tc_greedy=36.2825 tc_mcts_prepolish=33.6090 mcts_beats_greedy=true
t=19707ms polish_tc=33.3408
t=19716ms polish_tc=33.1939
t=19725ms polish_tc=33.1425
t=19736ms polish_tc=33.1415
t=19745ms polish_tc=33.1415
t=19754ms polish_tc=33.1195
t=19763ms polish_tc=32.9386
t=19772ms polish_tc=32.9380
t=19781ms polish_tc=32.9305
t=19789ms polish_tc=32.8847
t=19798ms polish_tc=32.8137
t=19806ms polish_tc=32.1555
t=19815ms polish_tc=32.1335
t=19824ms polish_tc=32.0938
t=19832ms polish_tc=31.8672
t=19842ms polish_tc=31.8230
t=19851ms polish_tc=31.8024
t=19861ms polish_tc=31.6581
t=19870ms polish_tc=31.6581
t=19879ms polish_tc=31.6581
t=19889ms polish_tc=31.6294
t=19899ms polish_tc=31.3073
t=19907ms polish_tc=31.3069
t=19916ms polish_tc=31.1968
t=19927ms polish_tc=31.1957
t=19935ms polish_tc=31.1460
t=19944ms polish_tc=31.1280
t=19953ms polish_tc=30.8391
t=19962ms polish_tc=30.7260
t=19971ms polish_tc=30.5920
t=19980ms polish_tc=30.5323
t=19989ms polish_tc=30.5191
t=19997ms polish_tc=30.4627
t=20006ms polish_tc=30.3886
t=20015ms polish_tc=30.3886
t=20025ms polish_tc=30.3884
t=20034ms polish_tc=30.2183
t=20042ms polish_tc=30.1568
t=20050ms polish_tc=30.1120
t=20060ms polish_tc=30.1116
t=20068ms polish_tc=30.1115
t=20077ms polish_tc=30.1093
t=20087ms polish_tc=30.0717
t=20096ms polish_tc=30.0712
t=20104ms polish_tc=30.0391
t=20113ms polish_tc=29.9276
t=20122ms polish_tc=29.9182
t=20144ms polish_tc=29.8895
t=20152ms polish_tc=29.8890
t=20162ms polish_tc=29.8848
t=20171ms polish_tc=29.8838
t=20182ms polish_tc=29.8750
t=20191ms polish_tc=29.8733
t=20201ms polish_tc=29.8465
t=20211ms polish_tc=29.8446
t=20222ms polish_tc=29.7981
t=20231ms polish_tc=29.7959
t=20239ms polish_tc=29.7953
t=20248ms polish_tc=29.7953
t=20259ms polish_tc=29.6366
t=20268ms polish_tc=29.6081
t=20276ms polish_tc=29.6070
t=20285ms polish_tc=29.5459
t=20296ms polish_tc=29.5428
t=20306ms polish_tc=29.5307
t=20315ms polish_tc=29.5299
t=20324ms polish_tc=29.4982
t=20334ms polish_tc=29.2786
t=20343ms polish_tc=29.2744
t=20352ms polish_tc=29.2656
t=20361ms polish_tc=29.2650
t=20372ms polish_tc=29.2533
t=20381ms polish_tc=29.2521
t=20390ms polish_tc=29.1828
t=20400ms polish_tc=29.1280
t=20409ms polish_tc=29.1280
t=20418ms polish_tc=29.1280
t=20426ms polish_tc=29.1161
t=20435ms polish_tc=29.0950
t=20443ms polish_tc=29.0717
t=20454ms polish_tc=29.0591
t=20464ms polish_tc=29.0524
t=20474ms polish_tc=29.0518
t=20491ms polish_tc=29.0103
t=20499ms polish_tc=28.9997
t=20512ms polish_tc=28.9825
t=20520ms polish_tc=28.9589
t=20529ms polish_tc=28.8942
t=20538ms polish_tc=28.8701
t=20546ms polish_tc=28.8701
t=20554ms polish_tc=28.8701
t=20562ms polish_tc=28.6508
t=20572ms polish_tc=28.6501
t=20580ms polish_tc=28.6415
t=20601ms polish_tc=28.6303
t=20625ms polish_tc=28.6302
t=20636ms polish_tc=28.6301
t=20649ms polish_tc=28.6273
t=20658ms polish_tc=28.6248
t=20697ms polish_tc=28.5752
t=20890ms polish_tc=28.5356
t=20901ms polish_tc=28.4563
t=20911ms polish_tc=28.4418
t=20924ms polish_tc=28.4341
t=20934ms polish_tc=28.4333
t=20943ms polish_tc=28.4320
t=20953ms polish_tc=28.4301
t=20966ms polish_tc=28.4071
t=20976ms polish_tc=28.4061
t=20985ms polish_tc=28.3996
t=20995ms polish_tc=28.3984
t=21006ms polish_tc=28.3870
t=21016ms polish_tc=28.3827
t=21026ms polish_tc=28.3816
t=21039ms polish_tc=28.3738
t=21048ms polish_tc=28.3428
t=21057ms polish_tc=28.3096
t=21066ms polish_tc=28.2913
t=21076ms polish_tc=28.2762
t=21090ms polish_tc=28.2725
t=21100ms polish_tc=28.2312
t=21110ms polish_tc=28.2311
t=21121ms polish_tc=28.2289
t=21133ms polish_tc=28.2286
t=21143ms polish_tc=28.2286
t=21156ms polish_tc=28.2224
t=21167ms polish_tc=28.1534
t=21178ms polish_tc=28.1509
t=21194ms polish_tc=28.1421
t=21205ms polish_tc=28.1370
t=21215ms polish_tc=28.1370
t=21226ms polish_tc=28.1370
t=21238ms polish_tc=28.1146
t=21249ms polish_tc=28.1146
t=21260ms polish_tc=28.1142
t=21270ms polish_tc=28.1141
t=21279ms polish_tc=28.1140
t=21289ms polish_tc=28.1139
t=21307ms polish_tc=28.0296
t=21317ms polish_tc=28.0089
t=21328ms polish_tc=27.9862
t=21338ms polish_tc=27.9860
t=21347ms polish_tc=27.9856
t=21358ms polish_tc=27.9856
t=21372ms polish_tc=27.9783
t=21385ms polish_tc=27.9763
t=21396ms polish_tc=27.9755
t=21406ms polish_tc=27.9730
t=21415ms polish_tc=27.9557
t=21425ms polish_tc=27.9532
t=21447ms polish_tc=27.9520
t=21463ms polish_tc=27.9515
t=21476ms polish_tc=27.9514
t=21486ms polish_tc=27.9493
t=21495ms polish_tc=27.9491
t=21505ms polish_tc=27.9487
t=21515ms polish_tc=27.9486
t=21525ms polish_tc=27.9482
t=21534ms polish_tc=27.9480
t=21545ms polish_tc=27.9475
t=21556ms polish_tc=27.8979
t=21566ms polish_tc=27.8978
t=21575ms polish_tc=27.8601
t=21585ms polish_tc=27.8551
t=21594ms polish_tc=27.8547
t=21606ms polish_tc=27.8517
t=21617ms polish_tc=27.8510
t=21627ms polish_tc=27.8134
t=21637ms polish_tc=27.8132
t=21648ms polish_tc=27.7735
t=21658ms polish_tc=27.7727
t=21668ms polish_tc=27.5686
t=21677ms polish_tc=27.5682
t=21686ms polish_tc=27.5210
t=21704ms polish_tc=27.5135
t=21715ms polish_tc=27.5132
t=21725ms polish_tc=27.5132
t=21736ms polish_tc=27.5096
t=21747ms polish_tc=27.5094
t=21760ms polish_tc=27.5080
t=21771ms polish_tc=27.4596
t=21781ms polish_tc=27.4596
t=21795ms polish_tc=27.4595
t=21821ms polish_tc=27.4581
t=21831ms polish_tc=27.4557
t=21840ms polish_tc=27.3536
t=21850ms polish_tc=27.3406
t=21859ms polish_tc=27.3405
t=21869ms polish_tc=27.3054
t=21879ms polish_tc=27.3044
t=21893ms polish_tc=27.3011
t=21909ms polish_tc=27.2539
t=21921ms polish_tc=27.2485
t=21934ms polish_tc=27.2439
t=21943ms polish_tc=27.2346
t=22405ms polish_tc=27.1124
t=22417ms polish_tc=27.1112
t=22430ms polish_tc=27.1010
t=22443ms polish_tc=27.0969
t=22456ms polish_tc=27.0572
t=22477ms polish_tc=26.9849
t=22488ms polish_tc=26.9783
t=22505ms polish_tc=26.9767
t=22522ms polish_tc=26.9757
t=22538ms polish_tc=26.9688
t=22549ms polish_tc=26.9499
t=22561ms polish_tc=26.9496
t=22576ms polish_tc=26.9481
t=22590ms polish_tc=26.9479
t=22603ms polish_tc=26.9474
t=22613ms polish_tc=26.9357
t=22630ms polish_tc=26.9354
t=22642ms polish_tc=26.9346
t=22652ms polish_tc=26.9345
t=22662ms polish_tc=26.9345
t=22673ms polish_tc=26.9317
t=22684ms polish_tc=26.9292
t=22698ms polish_tc=26.9292
t=22709ms polish_tc=26.9292
t=22721ms polish_tc=26.9253
t=22733ms polish_tc=26.9250
t=22744ms polish_tc=26.9250
t=22754ms polish_tc=26.9250
t=22777ms polish_tc=26.9194
t=22792ms polish_tc=26.9175
t=22803ms polish_tc=26.9175
t=22813ms polish_tc=26.9161
t=22824ms polish_tc=26.8796
t=22836ms polish_tc=26.6112
t=22847ms polish_tc=26.6112
t=22858ms polish_tc=26.4920
t=22869ms polish_tc=26.4920
t=22881ms polish_tc=26.4920
t=22895ms polish_tc=26.4751
t=22905ms polish_tc=26.4741
t=22916ms polish_tc=26.4740
t=22927ms polish_tc=26.4078
t=22938ms polish_tc=26.4077
t=22958ms polish_tc=26.3904
t=22970ms polish_tc=26.2816
t=22981ms polish_tc=26.2799
t=22991ms polish_tc=26.2794
t=23001ms polish_tc=26.2793
t=23017ms polish_tc=26.2787
t=23028ms polish_tc=26.2784
t=23039ms polish_tc=26.2784
t=23049ms polish_tc=26.2782
t=23060ms polish_tc=26.2782
t=23072ms polish_tc=26.2589
t=23085ms polish_tc=26.2535
t=23101ms polish_tc=26.2460
t=23112ms polish_tc=26.2460
t=23125ms polish_tc=26.2457
t=32820ms polish_tc=26.2385
t=32832ms polish_tc=26.2372
t=32844ms polish_tc=26.2368
t=32857ms polish_tc=26.2358
t=32867ms polish_tc=26.2354
t=32892ms polish_tc=26.2293
t=32904ms polish_tc=26.2289
t=32915ms polish_tc=26.2288
t=32926ms polish_tc=26.2286
t=32936ms polish_tc=26.2272
t=32951ms polish_tc=26.1922
t=32961ms polish_tc=26.1922
t=32972ms polish_tc=26.1808
t=32983ms polish_tc=26.1807
t=32995ms polish_tc=26.1789
t=33006ms polish_tc=26.1788
t=33017ms polish_tc=26.1782
t=33027ms polish_tc=26.1782
t=33039ms polish_tc=26.1780
t=33056ms polish_tc=26.1393
t=33067ms polish_tc=26.1391
t=33078ms polish_tc=26.1385
t=33094ms polish_tc=26.1385
t=33112ms polish_tc=26.1374
t=33125ms polish_tc=26.1374
t=33232ms polish_tc=26.1057
t=33245ms polish_tc=26.1040
t=33263ms polish_tc=26.1034
t=33279ms polish_tc=26.1034
t=33291ms polish_tc=26.1034
t=33306ms polish_tc=26.0961
t=33316ms polish_tc=26.0959
t=33327ms polish_tc=26.0953
t=33337ms polish_tc=26.0950
t=33356ms polish_tc=26.0940
t=33367ms polish_tc=26.0939
t=39395ms polish_tc=26.0849
t=39409ms polish_tc=26.0848
t=39419ms polish_tc=26.0846
t=39429ms polish_tc=26.0846
t=39444ms polish_tc=26.0845
t=39454ms polish_tc=26.0840
t=39464ms polish_tc=26.0840
t=39536ms polish_tc=26.0655
t=39548ms polish_tc=26.0433
t=39560ms polish_tc=26.0330
t=39574ms polish_tc=26.0316
t=39584ms polish_tc=26.0316
t=39594ms polish_tc=26.0315
t=39605ms polish_tc=26.0314
t=39616ms polish_tc=26.0302
t=39717ms polish_tc=26.0294
t=39728ms polish_tc=26.0290
t=39798ms polish_tc=26.0268
t=39807ms polish_tc=26.0266
t=39818ms polish_tc=26.0266
t=39833ms polish_tc=26.0265
t=39854ms polish_tc=26.0263
t=39877ms polish_tc=26.0244
t=39888ms polish_tc=26.0238
t=39898ms polish_tc=26.0237
t=39908ms polish_tc=26.0237
t=39918ms polish_tc=26.0237
t=39956ms polish_tc=26.0235
t=39967ms polish_tc=26.0234
t=39977ms polish_tc=26.0233
t=39988ms polish_tc=26.0229
t=39999ms polish_tc=26.0229
t=40012ms polish_tc=26.0228
t=40023ms polish_tc=26.0227
t=40037ms polish_tc=26.0224
t=40124ms polish_tc=25.9894
t=40135ms polish_tc=25.9893
t=40147ms polish_tc=25.9893
t=40157ms polish_tc=25.9893
t=40170ms polish_tc=25.9867
t=40180ms polish_tc=25.9840
t=40192ms polish_tc=25.9813
t=40202ms polish_tc=25.9813
t=40216ms polish_tc=25.9813
t=51776ms polish_tc=25.9789
t=51784ms polish_tc=25.9788
t=51791ms polish_tc=25.9788
t=51801ms polish_tc=25.9770
t=51810ms polish_tc=25.9767
t=51872ms polish_tc=25.9707
t=51880ms polish_tc=25.9701
t=51888ms polish_tc=25.9696
t=51896ms polish_tc=25.9695
t=75964ms polish_tc=25.9682
t=75972ms polish_tc=25.9626
t=75980ms polish_tc=25.9626
t=75989ms polish_tc=25.9599
t=75999ms polish_tc=25.9598
t=76008ms polish_tc=25.9598
t=76017ms polish_tc=25.9568
t=76026ms polish_tc=25.9567
t=76034ms polish_tc=25.9567
t=76043ms polish_tc=25.9567
t=76053ms polish_tc=25.9567
t=76061ms polish_tc=25.9567
t=76090ms polish_tc=25.9566
t=76136ms polish_tc=25.9479
t=76159ms polish_tc=25.9461
t=76169ms polish_tc=25.9398
t=76178ms polish_tc=25.9398
t=76187ms polish_tc=25.9375
t=76197ms polish_tc=25.9369
t=76206ms polish_tc=25.9361
anneal_sweeps=430928 cycles=107 fresh=23
t_final=87301ms tc_greedy=36.2825 tc_mcts=33.6090 tc_final=25.9361 tc_full=25.9361 leaves=544
