simplify: n_orig=1560 n_reduced=756 shrink=0.5154 t_simp=5ms
t_seed=604ms tc_seed=31.1828 seed_trials=14
t_dp=604ms tc_greedy=31.1828
t=3222ms mcts_tc=30.8865
t_mcts=15704ms mcts: backup=min rollouts=192 rate=12/s depth=3 nodes=193 improves=1 tc_mcts=30.8865
ATTRIBUTION tc_greedy=31.1828 tc_mcts_prepolish=30.8865 mcts_beats_greedy=true
t=15904ms polish_tc=30.7709
t=15981ms polish_tc=30.7120
t=16051ms polish_tc=30.6436
t=16116ms polish_tc=30.5429
t=16175ms polish_tc=30.1522
t=16238ms polish_tc=30.0880
t=16301ms polish_tc=30.0874
t=16365ms polish_tc=30.0432
t=16431ms polish_tc=30.0362
t=16500ms polish_tc=30.0198
t=16570ms polish_tc=29.9933
t=16623ms polish_tc=29.9737
t=16681ms polish_tc=29.9368
t=16733ms polish_tc=29.8918
t=16787ms polish_tc=29.8722
t=16835ms polish_tc=29.8589
t=16886ms polish_tc=29.8557
t=16942ms polish_tc=29.8378
t=17000ms polish_tc=29.5284
t=17223ms polish_tc=29.4000
t=17280ms polish_tc=29.3620
t=17334ms polish_tc=29.3599
t=17390ms polish_tc=29.0248
t=17447ms polish_tc=28.6988
t=17499ms polish_tc=28.5319
t=17550ms polish_tc=28.5121
t=17603ms polish_tc=28.4875
t=17658ms polish_tc=28.4775
t=17711ms polish_tc=28.4621
t=17764ms polish_tc=28.4570
t=17822ms polish_tc=28.4285
t=17899ms polish_tc=28.2763
t=17965ms polish_tc=28.2725
t=18216ms polish_tc=28.2237
t=18280ms polish_tc=28.2153
t=18349ms polish_tc=28.1280
t=18414ms polish_tc=28.1000
t=18478ms polish_tc=28.0608
t=18543ms polish_tc=28.0299
t=18610ms polish_tc=28.0197
t=18662ms polish_tc=27.9861
t=18726ms polish_tc=27.9800
t=18797ms polish_tc=27.9681
t=18891ms polish_tc=27.9556
t=18958ms polish_tc=27.9327
t=19023ms polish_tc=27.9110
t=19225ms polish_tc=27.8929
t=19296ms polish_tc=27.8892
t=19362ms polish_tc=27.8845
t=19431ms polish_tc=27.8752
t=19492ms polish_tc=27.8695
t=19555ms polish_tc=27.8656
t=19619ms polish_tc=27.8576
t=19677ms polish_tc=27.8567
t=19737ms polish_tc=27.8292
t=19796ms polish_tc=27.8266
t=19858ms polish_tc=27.8122
t=19914ms polish_tc=27.8111
t=20224ms polish_tc=27.8072
t=20288ms polish_tc=27.6976
t=20348ms polish_tc=27.6696
t=20415ms polish_tc=27.6041
t=20476ms polish_tc=27.6039
t=20535ms polish_tc=27.5965
t=20591ms polish_tc=27.5160
t=21227ms polish_tc=27.5159
t=21284ms polish_tc=27.4875
t=21344ms polish_tc=27.4833
t=21402ms polish_tc=27.4633
t=21459ms polish_tc=27.4530
t=21517ms polish_tc=27.4502
t=21572ms polish_tc=27.4492
t=22226ms polish_tc=27.4155
t=22282ms polish_tc=27.4100
t=22340ms polish_tc=27.3825
t=22396ms polish_tc=27.3550
t=22449ms polish_tc=27.3395
t=22507ms polish_tc=27.3035
t=22565ms polish_tc=27.2680
t=23226ms polish_tc=27.2486
t=23284ms polish_tc=27.2375
t=23342ms polish_tc=27.2231
t=23403ms polish_tc=27.2093
t=23456ms polish_tc=27.1974
t=23515ms polish_tc=27.1591
t=23571ms polish_tc=27.1578
t=24222ms polish_tc=27.1549
t=24314ms polish_tc=27.1332
t=24375ms polish_tc=27.1091
t=24432ms polish_tc=27.1067
t=24490ms polish_tc=27.1040
t=24549ms polish_tc=27.1009
t=24602ms polish_tc=27.0959
t=25229ms polish_tc=27.0957
t=25292ms polish_tc=27.0952
t=25353ms polish_tc=27.0841
t=25412ms polish_tc=27.0784
t=25473ms polish_tc=27.0769
t=25528ms polish_tc=27.0445
t=25587ms polish_tc=27.0443
t=25643ms polish_tc=27.0443
t=25705ms polish_tc=27.0398
t=25775ms polish_tc=27.0365
t=25829ms polish_tc=27.0364
t=26230ms polish_tc=27.0364
t=26310ms polish_tc=27.0191
t=26367ms polish_tc=27.0171
t=26424ms polish_tc=27.0171
t=26481ms polish_tc=27.0168
t=26548ms polish_tc=27.0162
t=26606ms polish_tc=27.0162
t=27226ms polish_tc=27.0159
t=27278ms polish_tc=27.0158
t=27335ms polish_tc=27.0158
t=27395ms polish_tc=27.0157
t=27452ms polish_tc=27.0157
t=27510ms polish_tc=27.0146
t=27573ms polish_tc=27.0146
t=27629ms polish_tc=27.0142
t=27685ms polish_tc=27.0142
t=27745ms polish_tc=26.9919
t=28224ms polish_tc=26.9918
t=28279ms polish_tc=26.9918
t=28336ms polish_tc=26.9918
t=28396ms polish_tc=26.9748
t=28449ms polish_tc=26.9692
t=28499ms polish_tc=26.9692
t=28558ms polish_tc=26.9690
t=28617ms polish_tc=26.9690
t=28673ms polish_tc=26.9690
t=28725ms polish_tc=26.9690
t=28780ms polish_tc=26.9690
t=28839ms polish_tc=26.9689
t=28897ms polish_tc=26.9688
t=28957ms polish_tc=26.9688
t=29225ms polish_tc=26.9687
t=29284ms polish_tc=26.9687
t=29339ms polish_tc=26.9687
t=29407ms polish_tc=26.9686
t=29469ms polish_tc=26.9685
t=29545ms polish_tc=26.9529
t=29604ms polish_tc=26.9528
t=29662ms polish_tc=26.9528
t=29724ms polish_tc=26.9522
t=29781ms polish_tc=26.9466
t=29842ms polish_tc=26.9466
t=29974ms polish_tc=26.9372
t=30227ms polish_tc=26.9372
t=30291ms polish_tc=26.9372
t=30351ms polish_tc=26.9371
t=30416ms polish_tc=26.9342
t=30474ms polish_tc=26.9335
t=30531ms polish_tc=26.9335
t=30597ms polish_tc=26.9335
t=30658ms polish_tc=26.9331
t=30719ms polish_tc=26.9331
t=30784ms polish_tc=26.9330
t=30844ms polish_tc=26.9329
t=31222ms polish_tc=26.9329
t=31283ms polish_tc=26.9170
t=31345ms polish_tc=26.9111
t=31405ms polish_tc=26.9111
t=31470ms polish_tc=26.9096
t=31529ms polish_tc=26.9096
t=31589ms polish_tc=26.9096
t=31648ms polish_tc=26.9096
t=31708ms polish_tc=26.9096
t=31771ms polish_tc=26.9091
t=31846ms polish_tc=26.9089
t=31907ms polish_tc=26.9089
t=32380ms polish_tc=26.8969
t=32428ms polish_tc=26.8794
t=32477ms polish_tc=26.8794
t=32565ms polish_tc=26.8784
t=32658ms polish_tc=26.8564
t=32707ms polish_tc=26.8564
t=32756ms polish_tc=26.8564
t=32807ms polish_tc=26.8564
t=32908ms polish_tc=26.8561
t=32960ms polish_tc=26.8560
t=33013ms polish_tc=26.8560
t=33067ms polish_tc=26.8552
t=33122ms polish_tc=26.8313
t=33173ms polish_tc=26.8309
t=33223ms polish_tc=26.8309
t=33274ms polish_tc=26.8309
t=33330ms polish_tc=26.8309
t=33384ms polish_tc=26.8309
t=33437ms polish_tc=26.8309
t=34539ms polish_tc=26.8289
t=34590ms polish_tc=26.8257
t=34660ms polish_tc=26.8183
t=34708ms polish_tc=26.8183
t=34757ms polish_tc=26.8183
t=34805ms polish_tc=26.8183
t=34853ms polish_tc=26.7958
t=34898ms polish_tc=26.7958
t=34946ms polish_tc=26.7958
t=34992ms polish_tc=26.7958
t=35056ms polish_tc=26.7800
t=35482ms polish_tc=26.7627
t=35544ms polish_tc=26.7569
t=35603ms polish_tc=26.7554
t=35660ms polish_tc=26.7289
t=35728ms polish_tc=26.7096
t=35785ms polish_tc=26.7086
t=35837ms polish_tc=26.7048
t=35890ms polish_tc=26.7011
t=35952ms polish_tc=26.6959
t=36029ms polish_tc=26.6641
t=36084ms polish_tc=26.6604
t=36140ms polish_tc=26.6587
t=36191ms polish_tc=26.6297
t=36254ms polish_tc=26.6290
t=36325ms polish_tc=26.6283
t=36379ms polish_tc=26.6255
t=36434ms polish_tc=26.6249
t=36486ms polish_tc=26.6237
t=36539ms polish_tc=26.6017
t=36590ms polish_tc=26.6009
t=36642ms polish_tc=26.5995
t=36692ms polish_tc=26.5943
t=36751ms polish_tc=26.5937
t=36807ms polish_tc=26.5931
t=36978ms polish_tc=26.5670
t=37227ms polish_tc=26.5670
t=37308ms polish_tc=26.5665
t=37360ms polish_tc=26.5665
t=37423ms polish_tc=26.5665
t=37479ms polish_tc=26.5665
t=42456ms polish_tc=26.5578
t=42530ms polish_tc=26.5578
t=42599ms polish_tc=26.5578
t=42663ms polish_tc=26.5347
t=42726ms polish_tc=26.5346
t=42788ms polish_tc=26.5346
t=42850ms polish_tc=26.5329
t=42915ms polish_tc=26.5329
t=42980ms polish_tc=26.5325
t=43043ms polish_tc=26.5324
t=61293ms polish_tc=26.5173
t=61343ms polish_tc=26.5130
t=61393ms polish_tc=26.5084
t=61687ms polish_tc=26.5045
t=61728ms polish_tc=26.5045
t=61770ms polish_tc=26.5025
t=61818ms polish_tc=26.4783
t=61863ms polish_tc=26.4763
t=61947ms polish_tc=26.4739
t=62012ms polish_tc=26.4473
t=62059ms polish_tc=26.4465
t=62101ms polish_tc=26.4465
t=62150ms polish_tc=26.4454
t=62193ms polish_tc=26.4454
t=62237ms polish_tc=26.4454
t=62327ms polish_tc=26.4436
t=62370ms polish_tc=26.4436
t=62413ms polish_tc=26.4434
t=62455ms polish_tc=26.4413
t=62500ms polish_tc=26.4413
t=62552ms polish_tc=26.4193
t=62593ms polish_tc=26.4130
t=62621ms polish_tc=26.4121
t=62661ms polish_tc=26.4119
t=62842ms polish_tc=26.3883
t=62885ms polish_tc=26.3873
t=63448ms polish_tc=26.3862
t=63485ms polish_tc=26.3862
t=63523ms polish_tc=26.3862
t=63562ms polish_tc=26.3841
t=63598ms polish_tc=26.3819
t=63644ms polish_tc=26.3819
t=63681ms polish_tc=26.3819
t=63720ms polish_tc=26.3819
t=63771ms polish_tc=26.3819
t=64131ms polish_tc=26.3708
t=64167ms polish_tc=26.3708
t=64205ms polish_tc=26.3708
t=64243ms polish_tc=26.3708
t=64282ms polish_tc=26.3708
t=64399ms polish_tc=26.3685
t=64438ms polish_tc=26.3685
t=64476ms polish_tc=26.3685
t=64514ms polish_tc=26.3685
t=64573ms polish_tc=26.3685
t=64611ms polish_tc=26.3685
t=64647ms polish_tc=26.3685
t=64687ms polish_tc=26.3685
t=64869ms polish_tc=26.3685
t=64906ms polish_tc=26.3685
t=64946ms polish_tc=26.3684
t=64991ms polish_tc=26.3684
t=65061ms polish_tc=26.3597
t=65100ms polish_tc=26.3597
t=65139ms polish_tc=26.3597
t=65178ms polish_tc=26.3596
t=65221ms polish_tc=26.3553
t=65257ms polish_tc=26.3553
t=65295ms polish_tc=26.3553
t=65335ms polish_tc=26.3553
t=69299ms polish_tc=26.3292
t=69350ms polish_tc=26.3291
t=69395ms polish_tc=26.3111
t=69441ms polish_tc=26.3111
t=69487ms polish_tc=26.3020
t=69529ms polish_tc=26.3020
t=69581ms polish_tc=26.3020
t=69627ms polish_tc=26.3020
t=75712ms polish_tc=26.3013
t=75768ms polish_tc=26.3013
t=75819ms polish_tc=26.3012
t=75867ms polish_tc=26.3007
t=75916ms polish_tc=26.3004
t=75961ms polish_tc=26.2828
t=76004ms polish_tc=26.2828
t=76054ms polish_tc=26.2828
t=76102ms polish_tc=26.2828
t=76147ms polish_tc=26.2828
t=76196ms polish_tc=26.2820
t=76242ms polish_tc=26.2820
t=76290ms polish_tc=26.2819
t=76344ms polish_tc=26.2819
t=76396ms polish_tc=26.2817
t=76445ms polish_tc=26.2782
t=76491ms polish_tc=26.2770
t=76537ms polish_tc=26.2770
t=76583ms polish_tc=26.2770
t=76638ms polish_tc=26.2769
t=76682ms polish_tc=26.2769
t=76725ms polish_tc=26.2735
t=76769ms polish_tc=26.2722
t=76814ms polish_tc=26.2722
t=76858ms polish_tc=26.2719
t=76904ms polish_tc=26.2719
t=76951ms polish_tc=26.2533
t=77002ms polish_tc=26.2340
t=77048ms polish_tc=26.2340
t=77222ms polish_tc=26.2316
t=77269ms polish_tc=26.2279
t=77313ms polish_tc=26.2278
t=77360ms polish_tc=26.2278
t=77409ms polish_tc=26.2278
t=77459ms polish_tc=26.2236
t=77504ms polish_tc=26.2236
t=77552ms polish_tc=26.2236
t=79436ms polish_tc=26.2211
t=79476ms polish_tc=26.2210
t=79523ms polish_tc=26.2210
t=79564ms polish_tc=26.2210
t=79607ms polish_tc=26.2016
t=79649ms polish_tc=26.2016
t=79690ms polish_tc=26.2016
t=80219ms polish_tc=26.2016
t=80263ms polish_tc=26.1819
t=80304ms polish_tc=26.1818
anneal_sweeps=159536 cycles=68 fresh=3
t_final=87304ms tc_greedy=31.1828 tc_mcts=30.8865 tc_final=26.1818 tc_full=26.1819 leaves=1560
