t=46ms tc=38.3272 (rung cap=inf / full VE)
t_peel=2ms cap=6 peeled=530/828 residual=298
t_peel=3ms cap=10 peeled=648/828 residual=180
t_peel=4ms cap=16 peeled=698/828 residual=130
t_peel=6ms cap=26 peeled=735/828 residual=93
t_peel=10ms cap=42 peeled=826/828 residual=2
n=828 n_labels=414 floor=28.7789 ve=38.3272 best=28.7789 | probe w0=6.0 best_frac=0.002 useful=true caps_residual=[(6, 298), (10, 180), (16, 130), (26, 93), (42, 2)] | t=119ms
t=613ms tc=23.5144 (residual niters=8 k=490)
t=7085ms tc=23.4551 (residual niters=64 k=490)
t=11974ms tc=23.3461 (residual niters=12 k=490)
residual_rounds=6
t=11974ms rung 1/3 cap=4.8 residual=490 rtc=23.3461
residual_rounds=7
t=23924ms rung 2/3 cap=6.0 residual=298 rtc=24.6722
residual_rounds=7
t=35894ms rung 3/3 cap=7.5 residual=216 rtc=26.7561
t=48025ms tc=23.3286 (residual niters=128 k=490)
residual_rounds=9
full_treesa_rounds=6
t_final=85277ms tc_final=23.3286 source=residual residual_won=true
