probe: instance=surfacecode_d21 n_orig=2203 n=761 fusible=0.6546 nlabels=798 t=13ms
seed_greedy tc=59.1360 t=503ms
t=879ms iter=1 WAIST cost=51.0000 best_alt=39.0000 gap=12.0000 tried=5 sep_labels=39 clique_frac=0.03
t=1193ms iter=1 REBUILD reject new_tc=53.6087 (was 51.2616)
t=7795ms iter=1 incumb=51.2616 ratchet=49.1687 best=49.1683 since_improve=0
t=7825ms iter=2 WAIST cost=47.0000 best_alt=33.0000 gap=14.0000 tried=5 sep_labels=33 clique_frac=0.01
t=8296ms iter=2 REBUILD ACCEPT new_tc=48.7073 (was 49.1687)
t=8555ms iter=2 incumb=48.7073 ratchet=48.7450 best=48.7073 since_improve=1
t=8580ms iter=3 WAIST cost=45.0000 best_alt=33.0000 gap=12.0000 tried=5 sep_labels=33 clique_frac=0.01
t=8890ms iter=3 REBUILD reject new_tc=49.1942 (was 48.7073)
t=9959ms iter=3 incumb=48.7073 ratchet=48.6799 best=48.6799 since_improve=0
t=9990ms iter=4 WAIST cost=44.0000 best_alt=33.0000 gap=11.0000 tried=5 sep_labels=33 clique_frac=0.02
t=10303ms iter=4 REBUILD reject new_tc=49.9240 (was 48.6799)
t=11273ms iter=4 incumb=48.6799 ratchet=48.6517 best=48.6512 since_improve=0
t=11298ms iter=5 WAIST cost=44.0000 best_alt=35.0000 gap=9.0000 tried=5 sep_labels=35 clique_frac=0.03
t=11614ms iter=5 REBUILD reject new_tc=48.7781 (was 48.6517)
t=14760ms iter=5 incumb=48.6517 ratchet=48.6063 best=48.6006 since_improve=0
t=14790ms iter=6 WAIST cost=44.0000 best_alt=37.0000 gap=7.0000 tried=5 sep_labels=37 clique_frac=0.02
t=15121ms iter=6 REBUILD reject new_tc=48.9794 (was 48.6063)
t=15527ms iter=6 incumb=48.6063 ratchet=48.5856 best=48.5719 since_improve=0
t=15562ms iter=7 WAIST cost=45.0000 best_alt=35.0000 gap=10.0000 tried=5 sep_labels=35 clique_frac=0.03
t=15883ms iter=7 REBUILD reject new_tc=49.0222 (was 48.5856)
t=16461ms iter=7 incumb=48.5856 ratchet=48.5683 best=48.5648 since_improve=0
t=16500ms iter=8 WAIST cost=44.0000 best_alt=35.0000 gap=9.0000 tried=5 sep_labels=35 clique_frac=0.02
t=16803ms iter=8 REBUILD reject new_tc=51.3756 (was 48.5683)
t=17060ms iter=8 incumb=48.5683 ratchet=48.6440 best=48.5648 since_improve=1
t=17092ms iter=9 WAIST cost=44.0000 best_alt=35.0000 gap=9.0000 tried=5 sep_labels=35 clique_frac=0.02
t=17410ms iter=9 REBUILD reject new_tc=48.9741 (was 48.5683)
t=18501ms iter=9 incumb=48.5683 ratchet=48.5257 best=48.5117 since_improve=0
t=18531ms iter=10 WAIST cost=45.0000 best_alt=35.0000 gap=10.0000 tried=5 sep_labels=35 clique_frac=0.03
t=18838ms iter=10 REBUILD reject new_tc=52.1075 (was 48.5257)
t=19096ms iter=10 incumb=48.5257 ratchet=48.5814 best=48.5117 since_improve=1
t=19122ms iter=11 WAIST cost=45.0000 best_alt=35.0000 gap=10.0000 tried=5 sep_labels=35 clique_frac=0.03
t=19432ms iter=11 REBUILD reject new_tc=48.9160 (was 48.5257)
t=20944ms iter=11 incumb=48.5257 ratchet=48.4684 best=48.4684 since_improve=0
t=20978ms iter=12 WAIST cost=45.0000 best_alt=35.0000 gap=10.0000 tried=5 sep_labels=35 clique_frac=0.02
t=21285ms iter=12 REBUILD reject new_tc=51.2120 (was 48.4684)
t=21991ms iter=12 incumb=48.4684 ratchet=48.4612 best=48.4449 since_improve=0
t=22024ms iter=13 WAIST cost=44.0000 best_alt=37.0000 gap=7.0000 tried=5 sep_labels=37 clique_frac=0.03
t=22338ms iter=13 REBUILD reject new_tc=49.0780 (was 48.4612)
t=22876ms iter=13 incumb=48.4612 ratchet=48.4424 best=48.4216 since_improve=0
t=22902ms iter=14 WAIST cost=44.0000 best_alt=35.0000 gap=9.0000 tried=5 sep_labels=35 clique_frac=0.02
t=23216ms iter=14 REBUILD reject new_tc=50.5644 (was 48.4424)
t=23478ms iter=14 incumb=48.4424 ratchet=48.4242 best=48.4216 since_improve=0
t=23506ms iter=15 WAIST cost=44.0000 best_alt=37.0000 gap=7.0000 tried=5 sep_labels=37 clique_frac=0.02
t=23815ms iter=15 REBUILD reject new_tc=48.8910 (was 48.4242)
t=24069ms iter=15 incumb=48.4242 ratchet=48.4530 best=48.4216 since_improve=1
t=24094ms iter=16 WAIST cost=44.0000 best_alt=37.0000 gap=7.0000 tried=5 sep_labels=37 clique_frac=0.02
t=24400ms iter=16 REBUILD reject new_tc=48.5458 (was 48.4242)
t=24660ms iter=16 incumb=48.4242 ratchet=48.4232 best=48.4216 since_improve=0
t=24694ms iter=17 WAIST cost=45.0000 best_alt=37.0000 gap=8.0000 tried=5 sep_labels=37 clique_frac=0.04
t=25005ms iter=17 REBUILD reject new_tc=49.2902 (was 48.4232)
t=26175ms iter=17 incumb=48.4232 ratchet=48.3746 best=48.3700 since_improve=0
t=26211ms iter=18 WAIST cost=44.0000 best_alt=35.0000 gap=9.0000 tried=5 sep_labels=35 clique_frac=0.03
t=26521ms iter=18 REBUILD reject new_tc=54.0316 (was 48.3746)
t=26777ms iter=18 incumb=48.3746 ratchet=48.3725 best=48.3700 since_improve=0
t=26803ms iter=19 WAIST cost=45.0000 best_alt=39.0000 gap=6.0000 tried=5 sep_labels=39 clique_frac=0.03
t=27126ms iter=19 REBUILD reject new_tc=49.1342 (was 48.3725)
t=27380ms iter=19 incumb=48.3725 ratchet=48.4521 best=48.3700 since_improve=1
t=27412ms iter=20 WAIST cost=45.0000 best_alt=37.0000 gap=8.0000 tried=5 sep_labels=37 clique_frac=0.04
t=27723ms iter=20 REBUILD reject new_tc=49.0340 (was 48.3725)
t=27975ms iter=20 incumb=48.3725 ratchet=48.4401 best=48.3700 since_improve=2
t=27998ms iter=21 WAIST cost=45.0000 best_alt=33.0000 gap=12.0000 tried=5 sep_labels=33 clique_frac=0.00
t=28306ms iter=21 REBUILD reject new_tc=53.0496 (was 48.3725)
t=29199ms iter=21 incumb=48.3725 ratchet=48.3231 best=48.3207 since_improve=0
t=29226ms iter=22 WAIST cost=43.0000 best_alt=37.0000 gap=6.0000 tried=5 sep_labels=37 clique_frac=0.02
t=29546ms iter=22 REBUILD reject new_tc=52.1828 (was 48.3231)
t=30706ms iter=22 incumb=48.3231 ratchet=48.3377 best=48.2931 since_improve=1
t=30726ms iter=23 WAIST cost=43.0000 best_alt=37.0000 gap=6.0000 tried=5 sep_labels=37 clique_frac=0.02
t=31038ms iter=23 REBUILD reject new_tc=55.0144 (was 48.3231)
t=31301ms iter=23 incumb=48.3231 ratchet=48.3249 best=48.2931 since_improve=2
t=31328ms iter=24 WAIST cost=43.0000 best_alt=39.0000 gap=4.0000 tried=5 sep_labels=39 clique_frac=0.05
t=31637ms iter=24 REBUILD reject new_tc=48.9496 (was 48.3231)
t=32064ms iter=24 incumb=48.3231 ratchet=48.3326 best=48.2891 since_improve=3
t=32093ms iter=25 WAIST cost=43.0000 best_alt=39.0000 gap=4.0000 tried=5 sep_labels=39 clique_frac=0.03
t=32400ms iter=25 REBUILD reject new_tc=49.9891 (was 48.3231)
t=33158ms iter=25 incumb=48.3231 ratchet=48.2655 best=48.2561 since_improve=0
t=33194ms iter=26 WAIST cost=44.0000 best_alt=40.0000 gap=4.0000 tried=5 sep_labels=40 clique_frac=0.02
t=33522ms iter=26 REBUILD reject new_tc=49.2637 (was 48.2655)
t=33927ms iter=26 incumb=48.2655 ratchet=48.1919 best=48.1876 since_improve=0
t=33954ms iter=27 WAIST cost=44.0000 best_alt=37.0000 gap=7.0000 tried=5 sep_labels=37 clique_frac=0.03
t=34261ms iter=27 REBUILD reject new_tc=54.0242 (was 48.1919)
t=35725ms iter=27 incumb=48.1919 ratchet=48.0821 best=48.0821 since_improve=0
t=35760ms iter=28 WAIST cost=44.0000 best_alt=39.0000 gap=5.0000 tried=5 sep_labels=39 clique_frac=0.04
t=36075ms iter=28 REBUILD reject new_tc=49.0812 (was 48.0821)
t=36621ms iter=28 incumb=48.0821 ratchet=48.0580 best=48.0560 since_improve=0
t=36655ms iter=29 WAIST cost=44.0000 best_alt=37.0000 gap=7.0000 tried=5 sep_labels=37 clique_frac=0.02
t=36970ms iter=29 REBUILD reject new_tc=49.4037 (was 48.0580)
t=37224ms iter=29 incumb=48.0580 ratchet=48.1063 best=48.0560 since_improve=1
t=37262ms iter=30 WAIST cost=44.0000 best_alt=35.0000 gap=9.0000 tried=5 sep_labels=35 clique_frac=0.01
t=37562ms iter=30 REBUILD reject new_tc=52.1121 (was 48.0580)
t=38431ms iter=30 incumb=48.0580 ratchet=48.0360 best=48.0357 since_improve=0
t=38456ms iter=31 WAIST cost=44.0000 best_alt=40.0000 gap=4.0000 tried=5 sep_labels=40 clique_frac=0.02
t=38765ms iter=31 REBUILD reject new_tc=50.9199 (was 48.0360)
t=39022ms iter=31 incumb=48.0360 ratchet=48.0703 best=48.0357 since_improve=1
t=39042ms iter=32 WAIST cost=44.0000 best_alt=40.0000 gap=4.0000 tried=5 sep_labels=40 clique_frac=0.02
t=39353ms iter=32 REBUILD reject new_tc=49.6742 (was 48.0360)
t=39620ms iter=32 incumb=48.0360 ratchet=48.0443 best=48.0357 since_improve=2
t=39648ms iter=33 WAIST cost=44.0000 best_alt=40.0000 gap=4.0000 tried=5 sep_labels=40 clique_frac=0.02
t=39970ms iter=33 REBUILD reject new_tc=49.5357 (was 48.0360)
t=41288ms iter=33 incumb=48.0360 ratchet=47.9686 best=47.9631 since_improve=0
t=41313ms iter=34 WAIST cost=44.0000 best_alt=40.0000 gap=4.0000 tried=5 sep_labels=40 clique_frac=0.02
t=41665ms iter=34 REBUILD reject new_tc=48.8173 (was 47.9686)
t=41923ms iter=34 incumb=47.9686 ratchet=47.9926 best=47.9631 since_improve=1
t=41955ms iter=35 WAIST cost=44.0000 best_alt=40.0000 gap=4.0000 tried=5 sep_labels=40 clique_frac=0.02
t=42311ms iter=35 REBUILD reject new_tc=49.9119 (was 47.9686)
t=42571ms iter=35 incumb=47.9686 ratchet=48.0377 best=47.9631 since_improve=2
t=42603ms iter=36 WAIST cost=44.0000 best_alt=40.0000 gap=4.0000 tried=5 sep_labels=40 clique_frac=0.02
t=42952ms iter=36 REBUILD reject new_tc=49.2624 (was 47.9686)
t=43205ms iter=36 incumb=47.9686 ratchet=48.0803 best=47.9631 since_improve=3
t=43231ms iter=37 WAIST cost=44.0000 best_alt=40.0000 gap=4.0000 tried=5 sep_labels=40 clique_frac=0.02
t=43588ms iter=37 REBUILD reject new_tc=48.6494 (was 47.9686)
t=44187ms iter=37 incumb=47.9686 ratchet=47.9577 best=47.9577 since_improve=0
t=44215ms iter=38 WAIST cost=43.0000 best_alt=39.0000 gap=4.0000 tried=5 sep_labels=39 clique_frac=0.02
t=44559ms iter=38 REBUILD reject new_tc=57.0020 (was 47.9577)
t=46018ms iter=38 incumb=47.9577 ratchet=47.8011 best=47.8011 since_improve=0
t=46052ms iter=39 WAIST cost=44.0000 best_alt=40.0000 gap=4.0000 tried=5 sep_labels=40 clique_frac=0.02
t=46404ms iter=39 REBUILD reject new_tc=52.1394 (was 47.8011)
t=46663ms iter=39 incumb=47.8011 ratchet=47.8072 best=47.8011 since_improve=1
t=46696ms iter=40 WAIST cost=44.0000 best_alt=40.0000 gap=4.0000 tried=5 sep_labels=40 clique_frac=0.02
t=47049ms iter=40 REBUILD reject new_tc=48.9849 (was 47.8011)
t=47472ms iter=40 incumb=47.8011 ratchet=47.8180 best=47.7928 since_improve=2
t=47512ms iter=41 WAIST cost=44.0000 best_alt=40.0000 gap=4.0000 tried=5 sep_labels=40 clique_frac=0.02
t=47870ms iter=41 REBUILD reject new_tc=48.3617 (was 47.8011)
t=48743ms iter=41 incumb=47.8011 ratchet=47.7489 best=47.7489 since_improve=0
t=48773ms iter=42 WAIST cost=44.0000 best_alt=40.0000 gap=4.0000 tried=5 sep_labels=40 clique_frac=0.01
t=49121ms iter=42 REBUILD reject new_tc=53.0548 (was 47.7489)
t=49823ms iter=42 incumb=47.7489 ratchet=47.6868 best=47.6868 since_improve=0
t=49859ms iter=43 WAIST cost=43.0000 best_alt=39.0000 gap=4.0000 tried=5 sep_labels=39 clique_frac=0.01
t=50214ms iter=43 REBUILD reject new_tc=48.2007 (was 47.6868)
t=50788ms iter=43 incumb=47.6868 ratchet=47.7900 best=47.6771 since_improve=1
t=50829ms iter=44 WAIST cost=43.0000 best_alt=37.0000 gap=6.0000 tried=5 sep_labels=37 clique_frac=0.01
t=51141ms iter=44 REBUILD reject new_tc=51.2009 (was 47.6868)
t=51542ms iter=44 incumb=47.6868 ratchet=47.6704 best=47.6667 since_improve=0
t=51572ms iter=45 WAIST cost=44.0000 best_alt=39.0000 gap=5.0000 tried=5 sep_labels=39 clique_frac=0.02
t=51914ms iter=45 REBUILD reject new_tc=54.0203 (was 47.6704)
t=52170ms iter=45 incumb=47.6704 ratchet=47.7013 best=47.6667 since_improve=1
t=52198ms iter=46 WAIST cost=44.0000 best_alt=39.0000 gap=5.0000 tried=5 sep_labels=39 clique_frac=0.02
t=52554ms iter=46 REBUILD reject new_tc=48.8893 (was 47.6704)
t=52815ms iter=46 incumb=47.6704 ratchet=47.6906 best=47.6667 since_improve=2
t=52856ms iter=47 WAIST cost=44.0000 best_alt=39.0000 gap=5.0000 tried=5 sep_labels=39 clique_frac=0.02
t=53197ms iter=47 REBUILD reject new_tc=51.2597 (was 47.6704)
t=54471ms iter=47 incumb=47.6704 ratchet=47.5708 best=47.5708 since_improve=0
t=54510ms iter=48 WAIST cost=44.0000 best_alt=39.0000 gap=5.0000 tried=5 sep_labels=39 clique_frac=0.02
t=54855ms iter=48 REBUILD reject new_tc=50.4832 (was 47.5708)
t=55545ms iter=48 incumb=47.5708 ratchet=47.5224 best=47.5224 since_improve=0
t=55576ms iter=49 WAIST cost=43.0000 best_alt=40.0000 gap=3.0000 tried=5 sep_labels=40 clique_frac=0.01
t=55927ms iter=49 REBUILD reject new_tc=48.9489 (was 47.5224)
t=56473ms iter=49 incumb=47.5224 ratchet=47.4776 best=47.4776 since_improve=0
t=56502ms iter=50 WAIST cost=43.0000 best_alt=40.0000 gap=3.0000 tried=5 sep_labels=40 clique_frac=0.01
t=56864ms iter=50 REBUILD reject new_tc=48.9825 (was 47.4776)
t=57122ms iter=50 incumb=47.4776 ratchet=47.7497 best=47.4776 since_improve=1
t=57154ms iter=51 WAIST cost=43.0000 best_alt=37.0000 gap=6.0000 tried=5 sep_labels=37 clique_frac=0.01
t=57462ms iter=51 REBUILD reject new_tc=49.4312 (was 47.4776)
t=57713ms iter=51 incumb=47.4776 ratchet=47.6752 best=47.4776 since_improve=2
t=57743ms iter=52 WAIST cost=43.0000 best_alt=40.0000 gap=3.0000 tried=5 sep_labels=40 clique_frac=0.01
t=58089ms iter=52 REBUILD reject new_tc=52.1000 (was 47.4776)
t=58343ms iter=52 incumb=47.4776 ratchet=47.5409 best=47.4776 since_improve=3
t=58370ms iter=53 WAIST cost=43.0000 best_alt=40.0000 gap=3.0000 tried=5 sep_labels=40 clique_frac=0.01
t=58717ms iter=53 REBUILD reject new_tc=49.2994 (was 47.4776)
t=58973ms iter=53 incumb=47.4776 ratchet=47.4922 best=47.4776 since_improve=4
t=59003ms iter=54 WAIST cost=43.0000 best_alt=40.0000 gap=3.0000 tried=5 sep_labels=40 clique_frac=0.01
t=59357ms iter=54 REBUILD reject new_tc=48.7799 (was 47.4776)
t=59610ms iter=54 incumb=47.4776 ratchet=47.5557 best=47.4776 since_improve=5
t=59641ms iter=55 WAIST cost=43.0000 best_alt=40.0000 gap=3.0000 tried=5 sep_labels=40 clique_frac=0.01
t=59981ms iter=55 REBUILD reject new_tc=52.2183 (was 47.4776)
t=60240ms iter=55 incumb=47.4776 ratchet=47.5641 best=47.4776 since_improve=6
t=60271ms iter=56 WAIST cost=43.0000 best_alt=40.0000 gap=3.0000 tried=5 sep_labels=40 clique_frac=0.01
t=60625ms iter=56 REBUILD reject new_tc=48.4736 (was 47.4776)
t=61164ms iter=56 incumb=47.4776 ratchet=47.5032 best=47.4581 since_improve=7
t=61198ms iter=57 WAIST cost=43.0000 best_alt=39.0000 gap=4.0000 tried=5 sep_labels=39 clique_frac=0.01
t=61544ms iter=57 REBUILD reject new_tc=52.2956 (was 47.4776)
t=61803ms iter=57 incumb=47.4776 ratchet=47.5793 best=47.4581 since_improve=8
t=61830ms iter=58 WAIST cost=43.0000 best_alt=40.0000 gap=3.0000 tried=5 sep_labels=40 clique_frac=0.01
t=62187ms iter=58 REBUILD reject new_tc=48.7013 (was 47.4776)
t=62438ms iter=58 incumb=47.4776 ratchet=47.5009 best=47.4581 since_improve=9
t=62463ms iter=59 WAIST cost=43.0000 best_alt=40.0000 gap=3.0000 tried=5 sep_labels=40 clique_frac=0.01
t=62814ms iter=59 REBUILD reject new_tc=48.9535 (was 47.4776)
t=63220ms iter=59 incumb=47.4776 ratchet=47.4657 best=47.4437 since_improve=0
t=63247ms iter=60 WAIST cost=43.0000 best_alt=39.0000 gap=4.0000 tried=5 sep_labels=39 clique_frac=0.01
t=63594ms iter=60 REBUILD reject new_tc=53.0412 (was 47.4657)
t=63852ms iter=60 incumb=47.4657 ratchet=47.4948 best=47.4437 since_improve=1
t=63890ms iter=61 WAIST cost=43.0000 best_alt=39.0000 gap=4.0000 tried=5 sep_labels=39 clique_frac=0.01
t=64235ms iter=61 REBUILD reject new_tc=52.0937 (was 47.4657)
t=64488ms iter=61 incumb=47.4657 ratchet=47.5151 best=47.4437 since_improve=2
t=64519ms iter=62 WAIST cost=43.0000 best_alt=39.0000 gap=4.0000 tried=5 sep_labels=39 clique_frac=0.01
t=64881ms iter=62 REBUILD reject new_tc=48.6916 (was 47.4657)
t=66042ms iter=62 incumb=47.4657 ratchet=47.3943 best=47.3927 since_improve=0
t=66076ms iter=63 WAIST cost=43.0000 best_alt=40.0000 gap=3.0000 tried=5 sep_labels=40 clique_frac=0.01
t=66432ms iter=63 REBUILD reject new_tc=49.2955 (was 47.3943)
t=66693ms iter=63 incumb=47.3943 ratchet=47.5953 best=47.3927 since_improve=1
t=66723ms iter=64 WAIST cost=43.0000 best_alt=39.0000 gap=4.0000 tried=5 sep_labels=39 clique_frac=0.02
t=67029ms iter=64 REBUILD reject new_tc=53.0611 (was 47.3943)
t=67285ms iter=64 incumb=47.3943 ratchet=47.5399 best=47.3927 since_improve=2
t=67315ms iter=65 WAIST cost=43.0000 best_alt=39.0000 gap=4.0000 tried=5 sep_labels=39 clique_frac=0.04
t=67624ms iter=65 REBUILD reject new_tc=49.4099 (was 47.3943)
t=67881ms iter=65 incumb=47.3943 ratchet=47.4634 best=47.3927 since_improve=3
t=67914ms iter=66 WAIST cost=43.0000 best_alt=40.0000 gap=3.0000 tried=5 sep_labels=40 clique_frac=0.01
t=68277ms iter=66 REBUILD reject new_tc=49.0077 (was 47.3943)
t=68533ms iter=66 incumb=47.3943 ratchet=47.4957 best=47.3927 since_improve=4
t=68572ms iter=67 WAIST cost=43.0000 best_alt=39.0000 gap=4.0000 tried=5 sep_labels=39 clique_frac=0.00
t=68933ms iter=67 REBUILD reject new_tc=49.3248 (was 47.3943)
t=69186ms iter=67 incumb=47.3943 ratchet=47.7472 best=47.3927 since_improve=5
t=69212ms iter=68 WAIST cost=43.0000 best_alt=40.0000 gap=3.0000 tried=5 sep_labels=40 clique_frac=0.01
t=69565ms iter=68 REBUILD reject new_tc=54.0282 (was 47.3943)
t=69818ms iter=68 incumb=47.3943 ratchet=47.4636 best=47.3927 since_improve=6
t=69853ms iter=69 WAIST cost=43.0000 best_alt=40.0000 gap=3.0000 tried=5 sep_labels=40 clique_frac=0.01
t=70207ms iter=69 REBUILD reject new_tc=48.7462 (was 47.3943)
t=70466ms iter=69 incumb=47.3943 ratchet=47.4154 best=47.3927 since_improve=7
t=70494ms iter=70 WAIST cost=43.0000 best_alt=40.0000 gap=3.0000 tried=5 sep_labels=40 clique_frac=0.01
t=70842ms iter=70 REBUILD reject new_tc=51.3717 (was 47.3943)
t=71102ms iter=70 incumb=47.3943 ratchet=47.5040 best=47.3927 since_improve=8
t=71139ms iter=71 WAIST cost=43.0000 best_alt=39.0000 gap=4.0000 tried=5 sep_labels=39 clique_frac=0.02
t=71441ms iter=71 REBUILD reject new_tc=53.0726 (was 47.3943)
t=71702ms iter=71 incumb=47.3943 ratchet=47.4751 best=47.3927 since_improve=9
t=71738ms iter=72 WAIST cost=43.0000 best_alt=40.0000 gap=3.0000 tried=5 sep_labels=40 clique_frac=0.01
t=72098ms iter=72 REBUILD reject new_tc=48.5172 (was 47.3943)
t=72357ms iter=72 incumb=47.3943 ratchet=47.5412 best=47.3927 since_improve=10
t=72385ms iter=73 WAIST cost=43.0000 best_alt=40.0000 gap=3.0000 tried=5 sep_labels=40 clique_frac=0.01
t=72733ms iter=73 REBUILD reject new_tc=52.1922 (was 47.3943)
t=72995ms iter=73 incumb=47.3943 ratchet=47.6450 best=47.3927 since_improve=11
t=73023ms iter=74 WAIST cost=43.0000 best_alt=40.0000 gap=3.0000 tried=5 sep_labels=40 clique_frac=0.01
t=73374ms iter=74 REBUILD reject new_tc=49.9020 (was 47.3943)
t=73635ms iter=74 incumb=47.3943 ratchet=47.4637 best=47.3927 since_improve=12
t=73669ms iter=75 WAIST cost=43.0000 best_alt=40.0000 gap=3.0000 tried=5 sep_labels=40 clique_frac=0.01
t=74014ms iter=75 REBUILD reject new_tc=49.1141 (was 47.3943)
t=74269ms iter=75 incumb=47.3943 ratchet=47.4179 best=47.3927 since_improve=13
t=74301ms iter=76 WAIST cost=43.0000 best_alt=37.0000 gap=6.0000 tried=5 sep_labels=37 clique_frac=0.01
t=74611ms iter=76 REBUILD reject new_tc=51.2385 (was 47.3943)
t=74866ms iter=76 incumb=47.3943 ratchet=47.4152 best=47.3927 since_improve=14
t=74903ms iter=77 WAIST cost=43.0000 best_alt=37.0000 gap=6.0000 tried=5 sep_labels=37 clique_frac=0.03
t=75206ms iter=77 REBUILD reject new_tc=49.4228 (was 47.3943)
t=75456ms iter=77 incumb=47.3943 ratchet=47.7107 best=47.3927 since_improve=15
t=75481ms iter=78 WAIST cost=43.0000 best_alt=40.0000 gap=3.0000 tried=5 sep_labels=40 clique_frac=0.01
t=75835ms iter=78 REBUILD reject new_tc=49.0904 (was 47.3943)
t=76405ms iter=78 incumb=47.3943 ratchet=47.4037 best=47.3866 since_improve=16
t=76442ms iter=79 WAIST cost=43.0000 best_alt=40.0000 gap=3.0000 tried=5 sep_labels=40 clique_frac=0.01
t=76791ms iter=79 REBUILD reject new_tc=51.2645 (was 47.3943)
t=77052ms iter=79 incumb=47.3943 ratchet=47.8802 best=47.3866 since_improve=17
t=77080ms iter=80 WAIST cost=43.0000 best_alt=40.0000 gap=3.0000 tried=5 sep_labels=40 clique_frac=0.01
t=77439ms iter=80 REBUILD reject new_tc=49.4776 (was 47.3943)
t=77698ms iter=80 incumb=47.3943 ratchet=47.4551 best=47.3866 since_improve=18
t=77732ms iter=81 WAIST cost=43.0000 best_alt=39.0000 gap=4.0000 tried=5 sep_labels=39 clique_frac=0.02
t=78031ms iter=81 REBUILD reject new_tc=50.4637 (was 47.3943)
t=78288ms iter=81 incumb=47.3943 ratchet=47.4743 best=47.3866 since_improve=19
t=78322ms iter=82 WAIST cost=43.0000 best_alt=40.0000 gap=3.0000 tried=5 sep_labels=40 clique_frac=0.01
t=78680ms iter=82 REBUILD reject new_tc=48.6990 (was 47.3943)
t=78937ms iter=82 incumb=47.3943 ratchet=47.4927 best=47.3866 since_improve=20
t=78976ms iter=83 WAIST cost=43.0000 best_alt=39.0000 gap=4.0000 tried=5 sep_labels=39 clique_frac=0.01
t=79292ms iter=83 REBUILD reject new_tc=48.7498 (was 47.3943)
t=79544ms iter=83 incumb=47.3943 ratchet=47.8462 best=47.3866 since_improve=21
t=79574ms iter=84 WAIST cost=43.0000 best_alt=40.0000 gap=3.0000 tried=5 sep_labels=40 clique_frac=0.01
t=79922ms iter=84 REBUILD reject new_tc=58.0014 (was 47.3943)
t=80175ms iter=84 incumb=47.3943 ratchet=47.4489 best=47.3866 since_improve=22
t=80201ms iter=85 WAIST cost=43.0000 best_alt=40.0000 gap=3.0000 tried=5 sep_labels=40 clique_frac=0.01
t=80556ms iter=85 REBUILD reject new_tc=48.8362 (was 47.3943)
t=80815ms iter=85 incumb=47.3943 ratchet=47.4412 best=47.3866 since_improve=23
t=80858ms iter=86 WAIST cost=43.0000 best_alt=40.0000 gap=3.0000 tried=5 sep_labels=40 clique_frac=0.01
t=81208ms iter=86 REBUILD reject new_tc=55.0102 (was 47.3943)
t=81466ms iter=86 incumb=47.3943 ratchet=47.5011 best=47.3866 since_improve=24
t=81495ms iter=87 WAIST cost=43.0000 best_alt=40.0000 gap=3.0000 tried=5 sep_labels=40 clique_frac=0.01
t=81848ms iter=87 REBUILD reject new_tc=49.3418 (was 47.3943)
t=82108ms iter=87 incumb=47.3943 ratchet=47.4865 best=47.3866 since_improve=25
t=82139ms iter=88 WAIST cost=43.0000 best_alt=40.0000 gap=3.0000 tried=5 sep_labels=40 clique_frac=0.01
t=82491ms iter=88 REBUILD reject new_tc=49.1072 (was 47.3943)
t=82746ms iter=88 incumb=47.3943 ratchet=47.4094 best=47.3866 since_improve=26
t=82779ms iter=89 WAIST cost=43.0000 best_alt=40.0000 gap=3.0000 tried=5 sep_labels=40 clique_frac=0.01
t=83126ms iter=89 REBUILD reject new_tc=48.7813 (was 47.3943)
t=83380ms iter=89 incumb=47.3943 ratchet=47.4664 best=47.3866 since_improve=27
t=83410ms iter=90 WAIST cost=43.0000 best_alt=40.0000 gap=3.0000 tried=5 sep_labels=40 clique_frac=0.01
t=83762ms iter=90 REBUILD reject new_tc=48.7971 (was 47.3943)
t=84020ms iter=90 incumb=47.3943 ratchet=47.4467 best=47.3866 since_improve=28
t=84046ms iter=91 WAIST cost=43.0000 best_alt=40.0000 gap=3.0000 tried=5 sep_labels=40 clique_frac=0.01
t=84424ms iter=91 REBUILD reject new_tc=49.3870 (was 47.3943)
t=84688ms iter=91 incumb=47.3943 ratchet=47.4301 best=47.3866 since_improve=29
t=84729ms iter=92 WAIST cost=43.0000 best_alt=37.0000 gap=6.0000 tried=5 sep_labels=37 clique_frac=0.01
t=85036ms iter=92 REBUILD reject new_tc=51.2080 (was 47.3943)
t=85296ms iter=92 incumb=47.3943 ratchet=47.5145 best=47.3866 since_improve=30
t=85324ms iter=93 WAIST cost=43.0000 best_alt=40.0000 gap=3.0000 tried=5 sep_labels=40 clique_frac=0.01
t=85676ms iter=93 REBUILD reject new_tc=48.6853 (was 47.3943)
t=85935ms iter=93 incumb=47.3943 ratchet=47.4764 best=47.3866 since_improve=31
t=85960ms iter=94 WAIST cost=43.0000 best_alt=40.0000 gap=3.0000 tried=5 sep_labels=40 clique_frac=0.01
t=86308ms iter=94 REBUILD reject new_tc=54.0238 (was 47.3943)
t=86566ms iter=94 incumb=47.3943 ratchet=47.4878 best=47.3866 since_improve=32
t=86596ms iter=95 WAIST cost=43.0000 best_alt=40.0000 gap=3.0000 tried=5 sep_labels=40 clique_frac=0.01
t=86951ms iter=95 REBUILD reject new_tc=48.6094 (was 47.3943)
t=87205ms iter=95 incumb=47.3943 ratchet=47.4789 best=47.3866 since_improve=33
t=87235ms iter=96 WAIST cost=43.0000 best_alt=40.0000 gap=3.0000 tried=5 sep_labels=40 clique_frac=0.01
t=87585ms iter=96 REBUILD reject new_tc=49.3934 (was 47.3943)
t_final=87737ms tc_reduced=47.3866 tc_full=47.5734 leaves=2203
surgery summary: calls=96 cheaper_cuts=96 rebuild_accepts=1 waist_min_hits=0
