probe: instance=surfacecode_d21 n_orig=2203 n=761 fusible=0.6546 nlabels=798 t=13ms
seed_greedy tc=61.1885 t=424ms
t=739ms iter=1 WAIST cost=50.0000 best_alt=39.0000 gap=11.0000 tried=5 sep_labels=39 clique_frac=0.04
t=1214ms iter=1 REBUILD ACCEPT new_tc=49.9035 (was 50.6843)
t=6394ms iter=1 incumb=49.9035 ratchet=49.1324 best=49.1321 since_improve=0
t=6429ms iter=2 WAIST cost=45.0000 best_alt=33.0000 gap=12.0000 tried=5 sep_labels=33 clique_frac=0.02
t=6737ms iter=2 REBUILD reject new_tc=49.4793 (was 49.1324)
t=6976ms iter=2 incumb=49.1324 ratchet=49.2480 best=49.1321 since_improve=1
t=6996ms iter=3 WAIST cost=45.0000 best_alt=33.0000 gap=12.0000 tried=5 sep_labels=33 clique_frac=0.02
t=7396ms iter=3 REBUILD ACCEPT new_tc=49.0367 (was 49.1324)
t=7645ms iter=3 incumb=49.0367 ratchet=49.1200 best=49.0367 since_improve=1
t=7668ms iter=4 WAIST cost=45.0000 best_alt=37.0000 gap=8.0000 tried=5 sep_labels=37 clique_frac=0.05
t=7970ms iter=4 REBUILD reject new_tc=51.3439 (was 49.0367)
t=8163ms iter=4 incumb=49.0367 ratchet=49.0491 best=49.0367 since_improve=2
t=8172ms iter=5 WAIST cost=45.0000 best_alt=35.0000 gap=10.0000 tried=5 sep_labels=35 clique_frac=0.04
t=8382ms iter=5 REBUILD reject new_tc=49.8552 (was 49.0367)
t=8618ms iter=5 incumb=49.0367 ratchet=53.0817 best=49.0367 since_improve=3
t=8645ms iter=6 WAIST cost=45.0000 best_alt=33.0000 gap=12.0000 tried=5 sep_labels=33 clique_frac=0.04
t=8932ms iter=6 REBUILD reject new_tc=55.2137 (was 49.0367)
t=9681ms iter=6 incumb=49.0367 ratchet=49.0384 best=49.0144 since_improve=4
t=9703ms iter=7 WAIST cost=45.0000 best_alt=31.0000 gap=14.0000 tried=5 sep_labels=31 clique_frac=0.02
t=10003ms iter=7 REBUILD reject new_tc=52.1090 (was 49.0367)
t_final=10159ms tc_reduced=49.0144 tc_full=49.4622 leaves=2203
surgery summary: calls=7 cheaper_cuts=7 rebuild_accepts=2 waist_min_hits=0
