t=178ms tc=52.1337 (rung cap=inf / full VE)
t_peel=6ms cap=6 peeled=1489/2136 residual=647
t_peel=7ms cap=10 peeled=1702/2136 residual=434
t_peel=9ms cap=16 peeled=1830/2136 residual=306
t_peel=12ms cap=26 peeled=1902/2136 residual=234
t_peel=21ms cap=42 peeled=1980/2136 residual=156
n=2136 n_labels=1068 floor=42.9748 ve=52.1337 best=42.9748 | probe w0=6.0 best_frac=0.073 useful=true caps_residual=[(6, 647), (10, 434), (16, 306), (26, 234), (42, 156)] | t=473ms
t=1895ms tc=28.8750 (residual niters=8 k=1119)
t=4518ms tc=27.5487 (residual niters=16 k=1119)
t=9595ms tc=25.5279 (residual niters=32 k=1119)
residual_rounds=4
t=11843ms rung 1/3 cap=4.8 residual=1119 rtc=25.5279
residual_rounds=5
t=23835ms rung 2/3 cap=6.0 residual=647 rtc=26.5876
residual_rounds=5
t=35681ms rung 3/3 cap=7.5 residual=552 rtc=27.7579
t=68369ms tc=25.5212 (residual niters=91 k=1119)
residual_rounds=6
t=84651ms tc=25.4319 (full treesa niters=19)
full_treesa_rounds=3
t_final=84651ms tc_final=25.4319 source=residual residual_won=true
