probe: instance=surfacecode_d21 n_orig=2203 n=761 fusible=0.6546 nlabels=798 t=13ms
seed_greedy tc=59.8081 t=568ms
t=891ms iter=1 WAIST cost=50.0000 best_alt=39.0000 gap=11.0000 tried=5 sep_labels=39 clique_frac=0.03
t=1320ms iter=1 REBUILD ACCEPT new_tc=48.6715 (was 50.4840)
t=4045ms iter=1 incumb=48.6715 ratchet=48.4308 best=48.4097 since_improve=0
t=4082ms iter=2 WAIST cost=45.0000 best_alt=40.0000 gap=5.0000 tried=5 sep_labels=40 clique_frac=0.03
t=4429ms iter=2 REBUILD reject new_tc=49.2364 (was 48.4308)
t=5026ms iter=2 incumb=48.4308 ratchet=48.3516 best=48.3397 since_improve=0
t=5059ms iter=3 WAIST cost=44.0000 best_alt=39.0000 gap=5.0000 tried=5 sep_labels=39 clique_frac=0.02
t=5366ms iter=3 REBUILD reject new_tc=48.3661 (was 48.3516)
t=8375ms iter=3 incumb=48.3516 ratchet=48.1459 best=48.1459 since_improve=0
t=8403ms iter=4 WAIST cost=43.0000 best_alt=40.0000 gap=3.0000 tried=5 sep_labels=40 clique_frac=0.02
t=8727ms iter=4 REBUILD reject new_tc=48.9658 (was 48.1459)
t=11025ms iter=4 incumb=48.1459 ratchet=48.0414 best=48.0414 since_improve=0
t=11056ms iter=5 WAIST cost=43.0000 best_alt=40.0000 gap=3.0000 tried=5 sep_labels=40 clique_frac=0.01
t=11398ms iter=5 REBUILD reject new_tc=49.6355 (was 48.0414)
t=12541ms iter=5 incumb=48.0414 ratchet=47.9930 best=47.9930 since_improve=0
t=12561ms iter=6 WAIST cost=44.0000 best_alt=40.0000 gap=4.0000 tried=5 sep_labels=40 clique_frac=0.01
t=12788ms iter=6 REBUILD reject new_tc=48.3542 (was 47.9930)
t=13087ms iter=6 incumb=47.9930 ratchet=47.9602 best=47.9602 since_improve=0
t=13116ms iter=7 WAIST cost=43.0000 best_alt=39.0000 gap=4.0000 tried=5 sep_labels=39 clique_frac=0.01
t=13445ms iter=7 REBUILD reject new_tc=48.9831 (was 47.9602)
t=14329ms iter=7 incumb=47.9602 ratchet=47.9616 best=47.9305 since_improve=1
t=14365ms iter=8 WAIST cost=43.0000 best_alt=39.0000 gap=4.0000 tried=5 sep_labels=39 clique_frac=0.01
t=14697ms iter=8 REBUILD reject new_tc=48.8354 (was 47.9602)
t=14946ms iter=8 incumb=47.9602 ratchet=48.0955 best=47.9305 since_improve=2
t=14985ms iter=9 WAIST cost=43.0000 best_alt=37.0000 gap=6.0000 tried=5 sep_labels=37 clique_frac=0.02
t=15287ms iter=9 REBUILD reject new_tc=49.0977 (was 47.9602)
t=15538ms iter=9 incumb=47.9602 ratchet=48.0091 best=47.9305 since_improve=3
t=15568ms iter=10 WAIST cost=43.0000 best_alt=39.0000 gap=4.0000 tried=5 sep_labels=39 clique_frac=0.01
t=15891ms iter=10 REBUILD reject new_tc=48.8609 (was 47.9602)
t=16122ms iter=10 incumb=47.9602 ratchet=48.0213 best=47.9305 since_improve=4
t=16164ms iter=11 WAIST cost=43.0000 best_alt=39.0000 gap=4.0000 tried=5 sep_labels=39 clique_frac=0.01
t=16493ms iter=11 REBUILD reject new_tc=51.2277 (was 47.9602)
t=17699ms iter=11 incumb=47.9602 ratchet=47.8430 best=47.8430 since_improve=0
t=17720ms iter=12 WAIST cost=44.0000 best_alt=40.0000 gap=4.0000 tried=5 sep_labels=40 clique_frac=0.01
t=18065ms iter=12 REBUILD reject new_tc=49.6002 (was 47.8430)
t=18310ms iter=12 incumb=47.8430 ratchet=47.8490 best=47.8430 since_improve=1
t=18341ms iter=13 WAIST cost=44.0000 best_alt=40.0000 gap=4.0000 tried=5 sep_labels=40 clique_frac=0.01
t=18688ms iter=13 REBUILD reject new_tc=49.1573 (was 47.8430)
t=18942ms iter=13 incumb=47.8430 ratchet=47.8919 best=47.8430 since_improve=2
t=18970ms iter=14 WAIST cost=44.0000 best_alt=40.0000 gap=4.0000 tried=5 sep_labels=40 clique_frac=0.01
t=19304ms iter=14 REBUILD reject new_tc=49.6714 (was 47.8430)
t=20699ms iter=14 incumb=47.8430 ratchet=47.7962 best=47.7954 since_improve=0
t=20728ms iter=15 WAIST cost=44.0000 best_alt=40.0000 gap=4.0000 tried=5 sep_labels=40 clique_frac=0.02
t=21068ms iter=15 REBUILD reject new_tc=48.9628 (was 47.7962)
t=21789ms iter=15 incumb=47.7962 ratchet=47.8275 best=47.7781 since_improve=1
t=21818ms iter=16 WAIST cost=44.0000 best_alt=39.0000 gap=5.0000 tried=5 sep_labels=39 clique_frac=0.01
t=22123ms iter=16 REBUILD reject new_tc=51.3714 (was 47.7962)
t=22375ms iter=16 incumb=47.7962 ratchet=47.8033 best=47.7781 since_improve=2
t=22400ms iter=17 WAIST cost=44.0000 best_alt=40.0000 gap=4.0000 tried=5 sep_labels=40 clique_frac=0.02
t=22728ms iter=17 REBUILD reject new_tc=53.0610 (was 47.7962)
t=22983ms iter=17 incumb=47.7962 ratchet=47.8108 best=47.7781 since_improve=3
t=23011ms iter=18 WAIST cost=44.0000 best_alt=40.0000 gap=4.0000 tried=5 sep_labels=40 clique_frac=0.02
t=23351ms iter=18 REBUILD reject new_tc=50.5118 (was 47.7962)
t=24239ms iter=18 incumb=47.7962 ratchet=47.7749 best=47.7310 since_improve=0
t=24276ms iter=19 WAIST cost=44.0000 best_alt=37.0000 gap=7.0000 tried=5 sep_labels=37 clique_frac=0.01
t=24585ms iter=19 REBUILD reject new_tc=49.1426 (was 47.7749)
t=24860ms iter=19 incumb=47.7749 ratchet=47.7547 best=47.7310 since_improve=0
t=24900ms iter=20 WAIST cost=43.0000 best_alt=40.0000 gap=3.0000 tried=5 sep_labels=40 clique_frac=0.01
t=25255ms iter=20 REBUILD reject new_tc=48.9995 (was 47.7547)
t=25672ms iter=20 incumb=47.7547 ratchet=47.7364 best=47.7276 since_improve=0
t=25701ms iter=21 WAIST cost=44.0000 best_alt=40.0000 gap=4.0000 tried=5 sep_labels=40 clique_frac=0.01
t=26039ms iter=21 REBUILD reject new_tc=59.0005 (was 47.7364)
t=26292ms iter=21 incumb=47.7364 ratchet=47.7862 best=47.7276 since_improve=1
t=26324ms iter=22 WAIST cost=44.0000 best_alt=40.0000 gap=4.0000 tried=5 sep_labels=40 clique_frac=0.01
t=26667ms iter=22 REBUILD reject new_tc=50.0379 (was 47.7364)
t=26916ms iter=22 incumb=47.7364 ratchet=47.7723 best=47.7276 since_improve=2
t=26951ms iter=23 WAIST cost=44.0000 best_alt=37.0000 gap=7.0000 tried=5 sep_labels=37 clique_frac=0.02
t=27240ms iter=23 REBUILD reject new_tc=50.0176 (was 47.7364)
t=27796ms iter=23 incumb=47.7364 ratchet=47.7234 best=47.7182 since_improve=0
t=27834ms iter=24 WAIST cost=44.0000 best_alt=40.0000 gap=4.0000 tried=5 sep_labels=40 clique_frac=0.01
t=28164ms iter=24 REBUILD reject new_tc=54.0482 (was 47.7234)
t=28408ms iter=24 incumb=47.7234 ratchet=47.8164 best=47.7182 since_improve=1
t=28451ms iter=25 WAIST cost=44.0000 best_alt=39.0000 gap=5.0000 tried=5 sep_labels=39 clique_frac=0.02
t=28752ms iter=25 REBUILD reject new_tc=50.0560 (was 47.7234)
t=29486ms iter=25 incumb=47.7234 ratchet=47.6658 best=47.6624 since_improve=0
t=29516ms iter=26 WAIST cost=44.0000 best_alt=40.0000 gap=4.0000 tried=5 sep_labels=40 clique_frac=0.01
t=29863ms iter=26 REBUILD reject new_tc=49.4797 (was 47.6658)
t=30270ms iter=26 incumb=47.6658 ratchet=47.6461 best=47.6461 since_improve=0
t=30300ms iter=27 WAIST cost=44.0000 best_alt=40.0000 gap=4.0000 tried=5 sep_labels=40 clique_frac=0.01
t=30648ms iter=27 REBUILD reject new_tc=48.6387 (was 47.6461)
t=30901ms iter=27 incumb=47.6461 ratchet=47.7452 best=47.6461 since_improve=1
t=30930ms iter=28 WAIST cost=44.0000 best_alt=39.0000 gap=5.0000 tried=5 sep_labels=39 clique_frac=0.02
t=31221ms iter=28 REBUILD reject new_tc=53.0609 (was 47.6461)
t=31469ms iter=28 incumb=47.6461 ratchet=47.7956 best=47.6461 since_improve=2
t=31500ms iter=29 WAIST cost=44.0000 best_alt=37.0000 gap=7.0000 tried=5 sep_labels=37 clique_frac=0.01
t=31793ms iter=29 REBUILD reject new_tc=52.1345 (was 47.6461)
t=32043ms iter=29 incumb=47.6461 ratchet=47.7424 best=47.6461 since_improve=3
t=32080ms iter=30 WAIST cost=44.0000 best_alt=37.0000 gap=7.0000 tried=5 sep_labels=37 clique_frac=0.03
t=32381ms iter=30 REBUILD reject new_tc=48.6234 (was 47.6461)
t=32630ms iter=30 incumb=47.6461 ratchet=47.7003 best=47.6461 since_improve=4
t=32669ms iter=31 WAIST cost=44.0000 best_alt=40.0000 gap=4.0000 tried=5 sep_labels=40 clique_frac=0.01
t=33011ms iter=31 REBUILD reject new_tc=50.1339 (was 47.6461)
t=33257ms iter=31 incumb=47.6461 ratchet=47.7726 best=47.6461 since_improve=5
t=33294ms iter=32 WAIST cost=44.0000 best_alt=40.0000 gap=4.0000 tried=5 sep_labels=40 clique_frac=0.01
t=33639ms iter=32 REBUILD reject new_tc=49.0485 (was 47.6461)
t=33889ms iter=32 incumb=47.6461 ratchet=47.7847 best=47.6461 since_improve=6
t=33926ms iter=33 WAIST cost=44.0000 best_alt=40.0000 gap=4.0000 tried=5 sep_labels=40 clique_frac=0.01
t=34266ms iter=33 REBUILD reject new_tc=49.6037 (was 47.6461)
t=34516ms iter=33 incumb=47.6461 ratchet=47.7404 best=47.6461 since_improve=7
t=34546ms iter=34 WAIST cost=44.0000 best_alt=40.0000 gap=4.0000 tried=5 sep_labels=40 clique_frac=0.01
t=34877ms iter=34 REBUILD reject new_tc=55.0118 (was 47.6461)
t=35130ms iter=34 incumb=47.6461 ratchet=47.6916 best=47.6461 since_improve=8
t=35162ms iter=35 WAIST cost=44.0000 best_alt=39.0000 gap=5.0000 tried=5 sep_labels=39 clique_frac=0.03
t=35470ms iter=35 REBUILD reject new_tc=49.0049 (was 47.6461)
t=35719ms iter=35 incumb=47.6461 ratchet=47.7711 best=47.6461 since_improve=9
t=35751ms iter=36 WAIST cost=44.0000 best_alt=40.0000 gap=4.0000 tried=5 sep_labels=40 clique_frac=0.01
t=36105ms iter=36 REBUILD reject new_tc=48.8732 (was 47.6461)
t=36354ms iter=36 incumb=47.6461 ratchet=47.8452 best=47.6461 since_improve=10
t=36380ms iter=37 WAIST cost=44.0000 best_alt=40.0000 gap=4.0000 tried=5 sep_labels=40 clique_frac=0.01
t=36719ms iter=37 REBUILD reject new_tc=49.4607 (was 47.6461)
t=36974ms iter=37 incumb=47.6461 ratchet=47.7529 best=47.6461 since_improve=11
t=37008ms iter=38 WAIST cost=44.0000 best_alt=40.0000 gap=4.0000 tried=5 sep_labels=40 clique_frac=0.01
t=37349ms iter=38 REBUILD reject new_tc=48.8666 (was 47.6461)
t=37595ms iter=38 incumb=47.6461 ratchet=47.7584 best=47.6461 since_improve=12
t=37625ms iter=39 WAIST cost=44.0000 best_alt=40.0000 gap=4.0000 tried=5 sep_labels=40 clique_frac=0.01
t=37966ms iter=39 REBUILD reject new_tc=54.0212 (was 47.6461)
t=38218ms iter=39 incumb=47.6461 ratchet=47.7162 best=47.6461 since_improve=13
t=38248ms iter=40 WAIST cost=44.0000 best_alt=40.0000 gap=4.0000 tried=5 sep_labels=40 clique_frac=0.01
t=38596ms iter=40 REBUILD reject new_tc=49.3275 (was 47.6461)
t=38849ms iter=40 incumb=47.6461 ratchet=47.8064 best=47.6461 since_improve=14
t=38882ms iter=41 WAIST cost=44.0000 best_alt=39.0000 gap=5.0000 tried=5 sep_labels=39 clique_frac=0.01
t=39169ms iter=41 REBUILD reject new_tc=51.7578 (was 47.6461)
t=39419ms iter=41 incumb=47.6461 ratchet=47.7294 best=47.6461 since_improve=15
t=39456ms iter=42 WAIST cost=44.0000 best_alt=37.0000 gap=7.0000 tried=5 sep_labels=37 clique_frac=0.01
t=39746ms iter=42 REBUILD reject new_tc=51.9387 (was 47.6461)
t=40173ms iter=42 incumb=47.6461 ratchet=47.6752 best=47.6392 since_improve=16
t=40208ms iter=43 WAIST cost=44.0000 best_alt=39.0000 gap=5.0000 tried=5 sep_labels=39 clique_frac=0.02
t=40504ms iter=43 REBUILD reject new_tc=49.5910 (was 47.6461)
t=41095ms iter=43 incumb=47.6461 ratchet=47.6338 best=47.6338 since_improve=0
t=41123ms iter=44 WAIST cost=44.0000 best_alt=40.0000 gap=4.0000 tried=5 sep_labels=40 clique_frac=0.01
t=41456ms iter=44 REBUILD reject new_tc=49.3073 (was 47.6338)
t=41699ms iter=44 incumb=47.6338 ratchet=47.6717 best=47.6338 since_improve=1
t=41729ms iter=45 WAIST cost=44.0000 best_alt=39.0000 gap=5.0000 tried=5 sep_labels=39 clique_frac=0.03
t=42022ms iter=45 REBUILD reject new_tc=49.2455 (was 47.6338)
t=42275ms iter=45 incumb=47.6338 ratchet=47.7086 best=47.6338 since_improve=2
t=42312ms iter=46 WAIST cost=44.0000 best_alt=40.0000 gap=4.0000 tried=5 sep_labels=40 clique_frac=0.01
t=42660ms iter=46 REBUILD reject new_tc=48.9388 (was 47.6338)
t=42913ms iter=46 incumb=47.6338 ratchet=47.7322 best=47.6338 since_improve=3
t=42939ms iter=47 WAIST cost=44.0000 best_alt=40.0000 gap=4.0000 tried=5 sep_labels=40 clique_frac=0.01
t=43275ms iter=47 REBUILD reject new_tc=48.9685 (was 47.6338)
t=43519ms iter=47 incumb=47.6338 ratchet=47.6539 best=47.6338 since_improve=4
t=43552ms iter=48 WAIST cost=44.0000 best_alt=40.0000 gap=4.0000 tried=5 sep_labels=40 clique_frac=0.01
t=43897ms iter=48 REBUILD reject new_tc=49.0567 (was 47.6338)
t=44152ms iter=48 incumb=47.6338 ratchet=47.6946 best=47.6338 since_improve=5
t=44189ms iter=49 WAIST cost=44.0000 best_alt=40.0000 gap=4.0000 tried=5 sep_labels=40 clique_frac=0.01
t=44533ms iter=49 REBUILD reject new_tc=48.6681 (was 47.6338)
t=45299ms iter=49 incumb=47.6338 ratchet=47.6108 best=47.6108 since_improve=0
t=45334ms iter=50 WAIST cost=43.0000 best_alt=39.0000 gap=4.0000 tried=5 sep_labels=39 clique_frac=0.01
t=45670ms iter=50 REBUILD reject new_tc=49.1467 (was 47.6108)
t=45918ms iter=50 incumb=47.6108 ratchet=47.7886 best=47.6108 since_improve=1
t=45955ms iter=51 WAIST cost=43.0000 best_alt=39.0000 gap=4.0000 tried=5 sep_labels=39 clique_frac=0.01
t=46288ms iter=51 REBUILD reject new_tc=54.0369 (was 47.6108)
t=46541ms iter=51 incumb=47.6108 ratchet=47.7568 best=47.6108 since_improve=2
t=46585ms iter=52 WAIST cost=43.0000 best_alt=39.0000 gap=4.0000 tried=5 sep_labels=39 clique_frac=0.01
t=46927ms iter=52 REBUILD reject new_tc=48.5362 (was 47.6108)
t=47178ms iter=52 incumb=47.6108 ratchet=47.6976 best=47.6108 since_improve=3
t=47212ms iter=53 WAIST cost=43.0000 best_alt=37.0000 gap=6.0000 tried=5 sep_labels=37 clique_frac=0.01
t=47512ms iter=53 REBUILD reject new_tc=49.7116 (was 47.6108)
t=47761ms iter=53 incumb=47.6108 ratchet=47.6694 best=47.6108 since_improve=4
t=47798ms iter=54 WAIST cost=43.0000 best_alt=37.0000 gap=6.0000 tried=5 sep_labels=37 clique_frac=0.01
t=48103ms iter=54 REBUILD reject new_tc=48.8942 (was 47.6108)
t=48353ms iter=54 incumb=47.6108 ratchet=47.6447 best=47.6108 since_improve=5
t=48386ms iter=55 WAIST cost=43.0000 best_alt=39.0000 gap=4.0000 tried=5 sep_labels=39 clique_frac=0.01
t=48732ms iter=55 REBUILD reject new_tc=48.6671 (was 47.6108)
t=50720ms iter=55 incumb=47.6108 ratchet=47.5586 best=47.5424 since_improve=0
t=50748ms iter=56 WAIST cost=43.0000 best_alt=39.0000 gap=4.0000 tried=5 sep_labels=39 clique_frac=0.01
t=51097ms iter=56 REBUILD reject new_tc=48.8311 (was 47.5586)
t=51348ms iter=56 incumb=47.5586 ratchet=47.6936 best=47.5424 since_improve=1
t=51379ms iter=57 WAIST cost=43.0000 best_alt=39.0000 gap=4.0000 tried=5 sep_labels=39 clique_frac=0.01
t=51724ms iter=57 REBUILD reject new_tc=49.3732 (was 47.5586)
t=52474ms iter=57 incumb=47.5586 ratchet=47.5287 best=47.4958 since_improve=0
t=52508ms iter=58 WAIST cost=43.0000 best_alt=39.0000 gap=4.0000 tried=5 sep_labels=39 clique_frac=0.01
t=52740ms iter=58 REBUILD reject new_tc=49.5044 (was 47.5287)
t=52912ms iter=58 incumb=47.5287 ratchet=47.5619 best=47.4958 since_improve=1
t=52930ms iter=59 WAIST cost=43.0000 best_alt=37.0000 gap=6.0000 tried=5 sep_labels=37 clique_frac=0.01
t=53192ms iter=59 REBUILD reject new_tc=48.8931 (was 47.5287)
t=53443ms iter=59 incumb=47.5287 ratchet=47.5458 best=47.4958 since_improve=2
t=53477ms iter=60 WAIST cost=43.0000 best_alt=39.0000 gap=4.0000 tried=5 sep_labels=39 clique_frac=0.01
t=53814ms iter=60 REBUILD reject new_tc=51.2255 (was 47.5287)
t=54061ms iter=60 incumb=47.5287 ratchet=47.5482 best=47.4958 since_improve=3
t=54097ms iter=61 WAIST cost=43.0000 best_alt=37.0000 gap=6.0000 tried=5 sep_labels=37 clique_frac=0.01
t=54390ms iter=61 REBUILD reject new_tc=55.0122 (was 47.5287)
t=54635ms iter=61 incumb=47.5287 ratchet=47.6095 best=47.4958 since_improve=4
t=54668ms iter=62 WAIST cost=43.0000 best_alt=39.0000 gap=4.0000 tried=5 sep_labels=39 clique_frac=0.01
t=55017ms iter=62 REBUILD reject new_tc=48.2789 (was 47.5287)
t=55267ms iter=62 incumb=47.5287 ratchet=47.5546 best=47.4958 since_improve=5
t=55302ms iter=63 WAIST cost=43.0000 best_alt=39.0000 gap=4.0000 tried=5 sep_labels=39 clique_frac=0.01
t=55631ms iter=63 REBUILD reject new_tc=54.1930 (was 47.5287)
t=55879ms iter=63 incumb=47.5287 ratchet=47.6265 best=47.4958 since_improve=6
t=55910ms iter=64 WAIST cost=43.0000 best_alt=39.0000 gap=4.0000 tried=5 sep_labels=39 clique_frac=0.01
t=56248ms iter=64 REBUILD reject new_tc=49.5015 (was 47.5287)
t=56498ms iter=64 incumb=47.5287 ratchet=47.6142 best=47.4958 since_improve=7
t=56531ms iter=65 WAIST cost=43.0000 best_alt=39.0000 gap=4.0000 tried=5 sep_labels=39 clique_frac=0.01
t=56865ms iter=65 REBUILD reject new_tc=57.0027 (was 47.5287)
t=57734ms iter=65 incumb=47.5287 ratchet=47.4729 best=47.4638 since_improve=0
t=57767ms iter=66 WAIST cost=43.0000 best_alt=37.0000 gap=6.0000 tried=5 sep_labels=37 clique_frac=0.01
t=58073ms iter=66 REBUILD reject new_tc=48.9991 (was 47.4729)
t=58322ms iter=66 incumb=47.4729 ratchet=47.4941 best=47.4638 since_improve=1
t=58357ms iter=67 WAIST cost=43.0000 best_alt=40.0000 gap=3.0000 tried=5 sep_labels=40 clique_frac=0.02
t=58688ms iter=67 REBUILD reject new_tc=49.0379 (was 47.4729)
t=59077ms iter=67 incumb=47.4729 ratchet=47.4607 best=47.4438 since_improve=0
t=59104ms iter=68 WAIST cost=43.0000 best_alt=40.0000 gap=3.0000 tried=5 sep_labels=40 clique_frac=0.01
t=59447ms iter=68 REBUILD reject new_tc=49.6679 (was 47.4607)
t=59697ms iter=68 incumb=47.4607 ratchet=47.4876 best=47.4438 since_improve=1
t=59727ms iter=69 WAIST cost=43.0000 best_alt=39.0000 gap=4.0000 tried=5 sep_labels=39 clique_frac=0.02
t=60011ms iter=69 REBUILD reject new_tc=53.0395 (was 47.4607)
t=60255ms iter=69 incumb=47.4607 ratchet=47.6138 best=47.4438 since_improve=2
t=60281ms iter=70 WAIST cost=43.0000 best_alt=40.0000 gap=3.0000 tried=5 sep_labels=40 clique_frac=0.01
t=60620ms iter=70 REBUILD reject new_tc=48.6863 (was 47.4607)
t=60867ms iter=70 incumb=47.4607 ratchet=47.5046 best=47.4438 since_improve=3
t=60901ms iter=71 WAIST cost=43.0000 best_alt=40.0000 gap=3.0000 tried=5 sep_labels=40 clique_frac=0.01
t=61226ms iter=71 REBUILD reject new_tc=48.6764 (was 47.4607)
t=62210ms iter=71 incumb=47.4607 ratchet=47.4618 best=47.4364 since_improve=4
t=62242ms iter=72 WAIST cost=43.0000 best_alt=40.0000 gap=3.0000 tried=5 sep_labels=40 clique_frac=0.01
t=62580ms iter=72 REBUILD reject new_tc=48.9658 (was 47.4607)
t=63187ms iter=72 incumb=47.4607 ratchet=47.4289 best=47.4289 since_improve=0
t=63228ms iter=73 WAIST cost=43.0000 best_alt=39.0000 gap=4.0000 tried=5 sep_labels=39 clique_frac=0.01
t=63567ms iter=73 REBUILD reject new_tc=54.0267 (was 47.4289)
t=63818ms iter=73 incumb=47.4289 ratchet=47.6492 best=47.4289 since_improve=1
t=63854ms iter=74 WAIST cost=43.0000 best_alt=39.0000 gap=4.0000 tried=5 sep_labels=39 clique_frac=0.01
t=64201ms iter=74 REBUILD reject new_tc=48.5035 (was 47.4289)
t=64586ms iter=74 incumb=47.4289 ratchet=47.4173 best=47.4163 since_improve=0
t=64620ms iter=75 WAIST cost=43.0000 best_alt=39.0000 gap=4.0000 tried=5 sep_labels=39 clique_frac=0.02
t=64967ms iter=75 REBUILD reject new_tc=49.1392 (was 47.4173)
t=65220ms iter=75 incumb=47.4173 ratchet=47.4606 best=47.4163 since_improve=1
t=65254ms iter=76 WAIST cost=43.0000 best_alt=39.0000 gap=4.0000 tried=5 sep_labels=39 clique_frac=0.02
t=65608ms iter=76 REBUILD reject new_tc=48.8303 (was 47.4173)
t=65857ms iter=76 incumb=47.4173 ratchet=47.4672 best=47.4163 since_improve=2
t=65891ms iter=77 WAIST cost=43.0000 best_alt=39.0000 gap=4.0000 tried=5 sep_labels=39 clique_frac=0.02
t=66228ms iter=77 REBUILD reject new_tc=48.9587 (was 47.4173)
t=66476ms iter=77 incumb=47.4173 ratchet=47.4716 best=47.4163 since_improve=3
t=66512ms iter=78 WAIST cost=43.0000 best_alt=39.0000 gap=4.0000 tried=5 sep_labels=39 clique_frac=0.02
t=66846ms iter=78 REBUILD reject new_tc=51.6728 (was 47.4173)
t=67407ms iter=78 incumb=47.4173 ratchet=47.4081 best=47.4070 since_improve=0
t=67433ms iter=79 WAIST cost=43.0000 best_alt=39.0000 gap=4.0000 tried=5 sep_labels=39 clique_frac=0.02
t=67777ms iter=79 REBUILD reject new_tc=48.4748 (was 47.4081)
t=68028ms iter=79 incumb=47.4081 ratchet=47.4785 best=47.4070 since_improve=1
t=68056ms iter=80 WAIST cost=43.0000 best_alt=39.0000 gap=4.0000 tried=5 sep_labels=39 clique_frac=0.02
t=68405ms iter=80 REBUILD reject new_tc=48.7427 (was 47.4081)
t=69100ms iter=80 incumb=47.4081 ratchet=47.3749 best=47.3749 since_improve=0
t=69136ms iter=81 WAIST cost=43.0000 best_alt=39.0000 gap=4.0000 tried=5 sep_labels=39 clique_frac=0.01
t=69476ms iter=81 REBUILD reject new_tc=49.2388 (was 47.3749)
t=69726ms iter=81 incumb=47.3749 ratchet=47.4892 best=47.3749 since_improve=1
t=69756ms iter=82 WAIST cost=43.0000 best_alt=39.0000 gap=4.0000 tried=5 sep_labels=39 clique_frac=0.01
t=70108ms iter=82 REBUILD reject new_tc=49.0473 (was 47.3749)
t=70362ms iter=82 incumb=47.3749 ratchet=47.4315 best=47.3749 since_improve=2
t=70395ms iter=83 WAIST cost=43.0000 best_alt=39.0000 gap=4.0000 tried=5 sep_labels=39 clique_frac=0.01
t=70742ms iter=83 REBUILD reject new_tc=48.8924 (was 47.3749)
t=70996ms iter=83 incumb=47.3749 ratchet=47.4477 best=47.3749 since_improve=3
t=71031ms iter=84 WAIST cost=43.0000 best_alt=39.0000 gap=4.0000 tried=5 sep_labels=39 clique_frac=0.01
t=71376ms iter=84 REBUILD reject new_tc=49.0914 (was 47.3749)
t=71624ms iter=84 incumb=47.3749 ratchet=47.4779 best=47.3749 since_improve=4
t=71661ms iter=85 WAIST cost=43.0000 best_alt=39.0000 gap=4.0000 tried=5 sep_labels=39 clique_frac=0.01
t=72010ms iter=85 REBUILD reject new_tc=48.4704 (was 47.3749)
t=72249ms iter=85 incumb=47.3749 ratchet=47.6249 best=47.3749 since_improve=5
t=72283ms iter=86 WAIST cost=43.0000 best_alt=39.0000 gap=4.0000 tried=5 sep_labels=39 clique_frac=0.01
t=72628ms iter=86 REBUILD reject new_tc=48.6638 (was 47.3749)
t=72882ms iter=86 incumb=47.3749 ratchet=47.3991 best=47.3749 since_improve=6
t=72919ms iter=87 WAIST cost=43.0000 best_alt=39.0000 gap=4.0000 tried=5 sep_labels=39 clique_frac=0.01
t=73256ms iter=87 REBUILD reject new_tc=55.0077 (was 47.3749)
t=73502ms iter=87 incumb=47.3749 ratchet=47.4337 best=47.3749 since_improve=7
t=73536ms iter=88 WAIST cost=43.0000 best_alt=39.0000 gap=4.0000 tried=5 sep_labels=39 clique_frac=0.01
t=73869ms iter=88 REBUILD reject new_tc=55.0113 (was 47.3749)
t=74119ms iter=88 incumb=47.3749 ratchet=47.3990 best=47.3749 since_improve=8
t=74161ms iter=89 WAIST cost=43.0000 best_alt=39.0000 gap=4.0000 tried=5 sep_labels=39 clique_frac=0.01
t=74501ms iter=89 REBUILD reject new_tc=48.9705 (was 47.3749)
t=74753ms iter=89 incumb=47.3749 ratchet=47.7953 best=47.3749 since_improve=9
t=74787ms iter=90 WAIST cost=43.0000 best_alt=39.0000 gap=4.0000 tried=5 sep_labels=39 clique_frac=0.01
t=75133ms iter=90 REBUILD reject new_tc=49.5529 (was 47.3749)
t=75379ms iter=90 incumb=47.3749 ratchet=47.3893 best=47.3749 since_improve=10
t=75409ms iter=91 WAIST cost=43.0000 best_alt=39.0000 gap=4.0000 tried=5 sep_labels=39 clique_frac=0.01
t=75760ms iter=91 REBUILD reject new_tc=49.1831 (was 47.3749)
t=76014ms iter=91 incumb=47.3749 ratchet=47.4775 best=47.3749 since_improve=11
t=76051ms iter=92 WAIST cost=43.0000 best_alt=39.0000 gap=4.0000 tried=5 sep_labels=39 clique_frac=0.01
t=76401ms iter=92 REBUILD reject new_tc=48.9575 (was 47.3749)
t=76650ms iter=92 incumb=47.3749 ratchet=47.6053 best=47.3749 since_improve=12
t=76709ms iter=93 WAIST cost=43.0000 best_alt=39.0000 gap=4.0000 tried=5 sep_labels=39 clique_frac=0.01
t=77062ms iter=93 REBUILD reject new_tc=48.4635 (was 47.3749)
t=77338ms iter=93 incumb=47.3749 ratchet=47.9541 best=47.3749 since_improve=13
t=77370ms iter=94 WAIST cost=43.0000 best_alt=39.0000 gap=4.0000 tried=5 sep_labels=39 clique_frac=0.01
t=77704ms iter=94 REBUILD reject new_tc=48.9725 (was 47.3749)
t=77957ms iter=94 incumb=47.3749 ratchet=47.4408 best=47.3749 since_improve=14
t=77984ms iter=95 WAIST cost=43.0000 best_alt=39.0000 gap=4.0000 tried=5 sep_labels=39 clique_frac=0.01
t=78329ms iter=95 REBUILD reject new_tc=49.9292 (was 47.3749)
t=78578ms iter=95 incumb=47.3749 ratchet=47.4879 best=47.3749 since_improve=15
t=78615ms iter=96 WAIST cost=43.0000 best_alt=39.0000 gap=4.0000 tried=5 sep_labels=39 clique_frac=0.01
t=78946ms iter=96 REBUILD reject new_tc=52.0737 (was 47.3749)
t=79196ms iter=96 incumb=47.3749 ratchet=47.4373 best=47.3749 since_improve=16
t=79233ms iter=97 WAIST cost=43.0000 best_alt=39.0000 gap=4.0000 tried=5 sep_labels=39 clique_frac=0.01
t=79548ms iter=97 REBUILD reject new_tc=53.0597 (was 47.3749)
t=79788ms iter=97 incumb=47.3749 ratchet=47.4641 best=47.3749 since_improve=17
t=79827ms iter=98 WAIST cost=43.0000 best_alt=39.0000 gap=4.0000 tried=5 sep_labels=39 clique_frac=0.01
t=80161ms iter=98 REBUILD reject new_tc=48.9907 (was 47.3749)
t=80411ms iter=98 incumb=47.3749 ratchet=47.4637 best=47.3749 since_improve=18
t=80444ms iter=99 WAIST cost=43.0000 best_alt=39.0000 gap=4.0000 tried=5 sep_labels=39 clique_frac=0.01
t=80784ms iter=99 REBUILD reject new_tc=49.1702 (was 47.3749)
t=81024ms iter=99 incumb=47.3749 ratchet=47.5037 best=47.3749 since_improve=19
t=81052ms iter=100 WAIST cost=43.0000 best_alt=39.0000 gap=4.0000 tried=5 sep_labels=39 clique_frac=0.01
t=81392ms iter=100 REBUILD reject new_tc=52.1068 (was 47.3749)
t=81645ms iter=100 incumb=47.3749 ratchet=47.7127 best=47.3749 since_improve=20
t=81681ms iter=101 WAIST cost=43.0000 best_alt=39.0000 gap=4.0000 tried=5 sep_labels=39 clique_frac=0.01
t=82027ms iter=101 REBUILD reject new_tc=49.0894 (was 47.3749)
t=82279ms iter=101 incumb=47.3749 ratchet=47.6634 best=47.3749 since_improve=21
t=82308ms iter=102 WAIST cost=43.0000 best_alt=37.0000 gap=6.0000 tried=5 sep_labels=37 clique_frac=0.01
t=82597ms iter=102 REBUILD reject new_tc=55.0126 (was 47.3749)
t=82844ms iter=102 incumb=47.3749 ratchet=47.3915 best=47.3749 since_improve=22
t=82879ms iter=103 WAIST cost=43.0000 best_alt=39.0000 gap=4.0000 tried=5 sep_labels=39 clique_frac=0.01
t=83225ms iter=103 REBUILD reject new_tc=48.8775 (was 47.3749)
t=83449ms iter=103 incumb=47.3749 ratchet=47.4698 best=47.3749 since_improve=23
t=83480ms iter=104 WAIST cost=43.0000 best_alt=39.0000 gap=4.0000 tried=5 sep_labels=39 clique_frac=0.01
t=83806ms iter=104 REBUILD reject new_tc=51.7120 (was 47.3749)
t=84053ms iter=104 incumb=47.3749 ratchet=47.4412 best=47.3749 since_improve=24
t=84095ms iter=105 WAIST cost=43.0000 best_alt=39.0000 gap=4.0000 tried=5 sep_labels=39 clique_frac=0.01
t=84430ms iter=105 REBUILD reject new_tc=53.0770 (was 47.3749)
t=84673ms iter=105 incumb=47.3749 ratchet=47.3910 best=47.3749 since_improve=25
t=84710ms iter=106 WAIST cost=43.0000 best_alt=39.0000 gap=4.0000 tried=5 sep_labels=39 clique_frac=0.01
t=85043ms iter=106 REBUILD reject new_tc=49.2039 (was 47.3749)
t=85280ms iter=106 incumb=47.3749 ratchet=47.4405 best=47.3749 since_improve=26
t=85315ms iter=107 WAIST cost=43.0000 best_alt=39.0000 gap=4.0000 tried=5 sep_labels=39 clique_frac=0.01
t=85648ms iter=107 REBUILD reject new_tc=48.6294 (was 47.3749)
t=85895ms iter=107 incumb=47.3749 ratchet=47.6853 best=47.3749 since_improve=27
t=85931ms iter=108 WAIST cost=43.0000 best_alt=39.0000 gap=4.0000 tried=5 sep_labels=39 clique_frac=0.01
t=86259ms iter=108 REBUILD reject new_tc=53.3566 (was 47.3749)
t=86512ms iter=108 incumb=47.3749 ratchet=47.4075 best=47.3749 since_improve=28
t=86538ms iter=109 WAIST cost=43.0000 best_alt=39.0000 gap=4.0000 tried=5 sep_labels=39 clique_frac=0.01
t=86868ms iter=109 REBUILD reject new_tc=53.0553 (was 47.3749)
t=87107ms iter=109 incumb=47.3749 ratchet=47.5284 best=47.3749 since_improve=29
t=87146ms iter=110 WAIST cost=43.0000 best_alt=39.0000 gap=4.0000 tried=5 sep_labels=39 clique_frac=0.01
t=87471ms iter=110 REBUILD reject new_tc=50.5363 (was 47.3749)
t_final=87612ms tc_reduced=47.3749 tc_full=47.5839 leaves=2203
surgery summary: calls=110 cheaper_cuts=110 rebuild_accepts=1 waist_min_hits=0
