simplify: n_orig=3369 n_reduced=381 shrink=0.8869 t_simp=15ms
t_seed=624ms tc_seed=85.0142 seed_trials=15
t_dp=6343ms tc_greedy=79.5331
t=50396ms mcts_tc=79.4097
t=79558ms mcts_tc=79.1548
t_mcts=143983ms mcts: backup=min rollouts=2816 rate=20/s depth=4 nodes=2817 improves=2 tc_mcts=79.1548
ATTRIBUTION tc_greedy=79.5331 tc_mcts_prepolish=79.1548 mcts_beats_greedy=true
t=144236ms polish_tc=77.1507
t=144414ms polish_tc=76.7103
t=144580ms polish_tc=74.8675
t=144748ms polish_tc=74.5431
t=144920ms polish_tc=74.4258
t=145091ms polish_tc=74.3440
t=145257ms polish_tc=74.1099
t=145531ms polish_tc=73.8809
t=145711ms polish_tc=73.7397
t=145888ms polish_tc=73.6919
t=146075ms polish_tc=72.2197
t=146530ms polish_tc=72.1296
t=146720ms polish_tc=71.4761
t=146899ms polish_tc=71.4272
t=147077ms polish_tc=71.2425
t=147266ms polish_tc=70.3328
t=147537ms polish_tc=70.0787
t=147717ms polish_tc=69.1060
t=147898ms polish_tc=68.8107
t=148084ms polish_tc=68.3458
t=148537ms polish_tc=68.2464
t=148729ms polish_tc=68.1324
t=148913ms polish_tc=68.1278
t=149101ms polish_tc=68.0613
t=149536ms polish_tc=67.4434
t=149727ms polish_tc=67.3365
t=149930ms polish_tc=67.1943
t=150135ms polish_tc=67.1856
t=150537ms polish_tc=66.8981
t=150739ms polish_tc=66.7082
t=150953ms polish_tc=66.6649
t=151154ms polish_tc=66.5190
t=151540ms polish_tc=66.4032
t=151745ms polish_tc=66.3972
t=151945ms polish_tc=66.2606
t=152130ms polish_tc=66.1460
t=152540ms polish_tc=66.0049
t=152746ms polish_tc=65.8425
t=152949ms polish_tc=65.4927
t=153143ms polish_tc=64.9772
t=153542ms polish_tc=64.6400
t=153745ms polish_tc=64.4762
t=153938ms polish_tc=64.1503
t=154223ms polish_tc=64.0610
t=154544ms polish_tc=63.9058
t=154754ms polish_tc=63.8099
t=154973ms polish_tc=63.8027
t=155164ms polish_tc=63.7765
t=155543ms polish_tc=63.5411
t=155738ms polish_tc=63.5023
t=155942ms polish_tc=63.4927
t=156134ms polish_tc=63.4192
t=156545ms polish_tc=63.3301
t=156749ms polish_tc=63.3121
t=156967ms polish_tc=63.2589
t=157533ms polish_tc=63.1833
t=157745ms polish_tc=63.0937
t=157962ms polish_tc=62.9055
t=158169ms polish_tc=62.8753
t=158535ms polish_tc=62.8521
t=158741ms polish_tc=62.8476
t=158949ms polish_tc=62.8311
t=159155ms polish_tc=62.7844
t=159534ms polish_tc=62.7739
t=159734ms polish_tc=62.7025
t=159928ms polish_tc=62.6879
t=160125ms polish_tc=62.6236
t=160530ms polish_tc=62.6006
t=160734ms polish_tc=62.5906
t=160938ms polish_tc=62.5754
t=161138ms polish_tc=62.5253
t=161535ms polish_tc=62.5182
t=161747ms polish_tc=62.4951
t=161956ms polish_tc=62.4538
t=162530ms polish_tc=62.3810
t=162736ms polish_tc=62.3799
t=162949ms polish_tc=62.3755
t=163159ms polish_tc=62.3751
t=163529ms polish_tc=62.3732
t=163744ms polish_tc=62.3190
t=163951ms polish_tc=62.3073
t=164154ms polish_tc=62.2874
t=164357ms polish_tc=62.2689
t=164578ms polish_tc=62.2645
t=164786ms polish_tc=62.2388
t=165001ms polish_tc=62.2165
t=165535ms polish_tc=62.1725
t=165741ms polish_tc=62.1468
t=165961ms polish_tc=62.1343
t=166170ms polish_tc=62.1336
t=166536ms polish_tc=62.1332
t=166743ms polish_tc=62.1269
t=166948ms polish_tc=62.1262
t=167145ms polish_tc=62.0894
t=167534ms polish_tc=62.0886
t=167747ms polish_tc=62.0688
t=167960ms polish_tc=62.0635
t=168162ms polish_tc=62.0607
t=168537ms polish_tc=62.0419
t=168725ms polish_tc=62.0391
t=168929ms polish_tc=62.0292
t=169145ms polish_tc=62.0280
t=169537ms polish_tc=62.0200
t=169734ms polish_tc=62.0108
t=169928ms polish_tc=61.9885
t=170131ms polish_tc=61.9722
t=170538ms polish_tc=61.9592
t=170753ms polish_tc=61.9441
t=170962ms polish_tc=61.9406
t=171158ms polish_tc=61.9292
t=171535ms polish_tc=61.9232
t=171747ms polish_tc=61.9175
t=171952ms polish_tc=61.9009
t=172158ms polish_tc=61.8937
t=172538ms polish_tc=61.8933
t=172749ms polish_tc=61.8893
t=172960ms polish_tc=61.8793
t=173148ms polish_tc=61.8686
t=173540ms polish_tc=61.8671
t=173739ms polish_tc=61.8529
t=173941ms polish_tc=61.8496
t=174138ms polish_tc=61.8336
t=174533ms polish_tc=61.8275
t=174729ms polish_tc=61.8268
t=174926ms polish_tc=61.8255
t=175112ms polish_tc=61.8191
t=175531ms polish_tc=61.8102
t=175726ms polish_tc=61.8002
t=175917ms polish_tc=61.7968
t=176108ms polish_tc=61.7738
t=176292ms polish_tc=61.7726
t=176538ms polish_tc=61.7710
t=176739ms polish_tc=61.7577
t=176935ms polish_tc=61.7577
t=177113ms polish_tc=61.7518
t=177538ms polish_tc=61.7499
t=177732ms polish_tc=61.7361
t=177917ms polish_tc=61.7333
t=178108ms polish_tc=61.7325
t=178532ms polish_tc=61.7290
t=178727ms polish_tc=61.7289
t=178920ms polish_tc=61.7284
t=179104ms polish_tc=61.7195
t=179529ms polish_tc=61.7075
t=179726ms polish_tc=61.7066
t=179923ms polish_tc=61.6980
t=180114ms polish_tc=61.6974
t=180293ms polish_tc=61.6901
t=180532ms polish_tc=61.6762
t=180717ms polish_tc=61.6762
t=180899ms polish_tc=61.6746
t=181084ms polish_tc=61.6740
t=181525ms polish_tc=61.6646
t=181708ms polish_tc=61.6552
t=181894ms polish_tc=61.6519
t=182085ms polish_tc=61.6406
t=182259ms polish_tc=61.6406
t=182539ms polish_tc=61.6265
t=182734ms polish_tc=61.6252
t=182919ms polish_tc=61.6242
t=183104ms polish_tc=61.6238
t=183525ms polish_tc=61.6179
t=183719ms polish_tc=61.6135
t=183898ms polish_tc=61.5984
t=184085ms polish_tc=61.5912
t=184366ms polish_tc=61.5910
t=184545ms polish_tc=61.5806
t=184727ms polish_tc=61.5698
t=184905ms polish_tc=61.5698
t=185083ms polish_tc=61.5693
t=185532ms polish_tc=61.5619
t=185714ms polish_tc=61.5614
t=185896ms polish_tc=61.5614
t=186084ms polish_tc=61.5610
t=186528ms polish_tc=61.5607
t=186715ms polish_tc=61.5535
t=186908ms polish_tc=61.5516
t=187100ms polish_tc=61.5439
t=187293ms polish_tc=61.5439
t=187536ms polish_tc=61.5405
t=187728ms polish_tc=61.5405
t=187909ms polish_tc=61.5288
t=188102ms polish_tc=61.5096
t=188529ms polish_tc=61.4980
t=188715ms polish_tc=61.4869
t=188894ms polish_tc=61.4707
t=189069ms polish_tc=61.4667
t=189249ms polish_tc=61.4666
t=189533ms polish_tc=61.4543
t=189704ms polish_tc=61.4518
t=189880ms polish_tc=61.4486
t=190056ms polish_tc=61.4468
t=190235ms polish_tc=61.4458
t=190539ms polish_tc=61.4354
t=190725ms polish_tc=61.4352
t=190899ms polish_tc=61.4271
t=191074ms polish_tc=61.4271
t=191528ms polish_tc=61.4261
t=191719ms polish_tc=61.4146
t=191911ms polish_tc=61.4137
t=192111ms polish_tc=61.4125
t=192299ms polish_tc=61.4081
t=192536ms polish_tc=61.4038
t=192723ms polish_tc=61.3917
t=192907ms polish_tc=61.3891
t=193099ms polish_tc=61.3891
t=193529ms polish_tc=61.3891
t=193726ms polish_tc=61.3880
t=193915ms polish_tc=61.3817
t=194094ms polish_tc=61.3806
t=194271ms polish_tc=61.3627
t=194536ms polish_tc=61.3563
t=194723ms polish_tc=61.3561
t=194911ms polish_tc=61.3519
t=195092ms polish_tc=61.3519
t=195277ms polish_tc=61.3451
t=195542ms polish_tc=61.3400
t=195723ms polish_tc=61.3325
t=195902ms polish_tc=61.3325
t=196080ms polish_tc=61.3323
t=196532ms polish_tc=61.3310
t=196716ms polish_tc=61.3310
t=196906ms polish_tc=61.3130
t=197091ms polish_tc=61.3130
t=197272ms polish_tc=61.3125
t=197538ms polish_tc=61.3115
t=197715ms polish_tc=61.3115
t=197937ms polish_tc=61.3093
t=198119ms polish_tc=61.3081
t=198529ms polish_tc=61.3081
t=198713ms polish_tc=61.3078
t=198887ms polish_tc=61.3078
t=199069ms polish_tc=61.3055
t=199243ms polish_tc=61.2964
t=199533ms polish_tc=61.2872
t=199713ms polish_tc=61.2872
t=199898ms polish_tc=61.2779
t=200075ms polish_tc=61.2639
t=200251ms polish_tc=61.2592
t=200537ms polish_tc=61.2592
t=200709ms polish_tc=61.2592
t=200883ms polish_tc=61.2545
t=201071ms polish_tc=61.2501
t=201316ms polish_tc=61.2319
t=201541ms polish_tc=61.2319
t=201715ms polish_tc=61.2316
t=201896ms polish_tc=61.2283
t=202074ms polish_tc=61.2271
t=202529ms polish_tc=61.2262
t=202703ms polish_tc=61.2253
t=202875ms polish_tc=61.2241
t=203055ms polish_tc=61.2229
t=203233ms polish_tc=61.2220
t=203531ms polish_tc=61.2184
t=203718ms polish_tc=61.2175
t=203901ms polish_tc=61.2166
t=204086ms polish_tc=61.2157
t=204276ms polish_tc=61.2153
t=204541ms polish_tc=61.2151
t=204718ms polish_tc=61.2151
t=204902ms polish_tc=61.2150
t=205087ms polish_tc=61.2150
t=205530ms polish_tc=61.2046
t=205719ms polish_tc=61.2044
t=205903ms polish_tc=61.2044
t=206083ms polish_tc=61.1847
t=206262ms polish_tc=61.1845
t=206534ms polish_tc=61.1844
t=206710ms polish_tc=61.1844
t=206894ms polish_tc=61.1840
t=207077ms polish_tc=61.1840
t=207260ms polish_tc=61.1838
t=207530ms polish_tc=61.1837
t=207706ms polish_tc=61.1837
t=207878ms polish_tc=61.1837
t=208370ms polish_tc=61.1808
t=208539ms polish_tc=61.1806
t=208712ms polish_tc=61.1762
t=208886ms polish_tc=61.1756
t=209077ms polish_tc=61.1661
t=209260ms polish_tc=61.1599
t=209536ms polish_tc=61.1568
t=209713ms polish_tc=61.1498
t=209899ms polish_tc=61.1497
t=210080ms polish_tc=61.1293
t=210529ms polish_tc=61.1277
t=210728ms polish_tc=61.1265
t=210940ms polish_tc=61.1264
t=211125ms polish_tc=61.1264
t=211309ms polish_tc=61.1245
t=211533ms polish_tc=61.1245
t=211719ms polish_tc=61.1215
t=211906ms polish_tc=61.1057
t=212084ms polish_tc=61.1054
t=212261ms polish_tc=61.1052
t=212538ms polish_tc=61.1051
t=212720ms polish_tc=61.1016
t=212896ms polish_tc=61.0748
t=213071ms polish_tc=61.0745
t=213525ms polish_tc=61.0731
t=213715ms polish_tc=61.0571
t=213902ms polish_tc=61.0570
t=214085ms polish_tc=61.0564
t=214299ms polish_tc=61.0344
t=214531ms polish_tc=61.0344
t=214730ms polish_tc=61.0344
t=214946ms polish_tc=61.0343
t=215124ms polish_tc=61.0343
t=215304ms polish_tc=61.0343
t=215571ms polish_tc=61.0341
t=215766ms polish_tc=61.0341
t=218319ms polish_tc=61.0302
t=218491ms polish_tc=61.0289
t=218661ms polish_tc=61.0233
t=218825ms polish_tc=61.0233
t=219011ms polish_tc=61.0233
t=219182ms polish_tc=61.0178
t=219352ms polish_tc=61.0178
t=219582ms polish_tc=61.0163
t=219747ms polish_tc=61.0162
t=224046ms polish_tc=61.0144
t=224255ms polish_tc=61.0144
t=224812ms polish_tc=61.0115
t=224968ms polish_tc=61.0115
t=225746ms polish_tc=61.0096
t=225909ms polish_tc=61.0096
t=226071ms polish_tc=61.0096
t=226231ms polish_tc=61.0096
t=226502ms polish_tc=61.0054
t=234865ms polish_tc=61.0038
t=235034ms polish_tc=61.0038
t=258432ms polish_tc=60.9849
t=258682ms polish_tc=60.9847
t=258942ms polish_tc=60.9722
t=259184ms polish_tc=60.9722
t=259425ms polish_tc=60.9722
t=259706ms polish_tc=60.9549
t=259943ms polish_tc=60.9549
t=260190ms polish_tc=60.9549
t=260543ms polish_tc=60.9549
t=260808ms polish_tc=60.9472
t=261056ms polish_tc=60.9353
t=261533ms polish_tc=60.9351
t=261766ms polish_tc=60.9306
t=262027ms polish_tc=60.9221
t=262308ms polish_tc=60.9118
t=262548ms polish_tc=60.9118
t=262782ms polish_tc=60.9117
t=263029ms polish_tc=60.9117
t=263533ms polish_tc=60.9113
t=263766ms polish_tc=60.9107
t=263996ms polish_tc=60.9104
t=264227ms polish_tc=60.9044
t=264545ms polish_tc=60.9042
t=264794ms polish_tc=60.8982
t=265043ms polish_tc=60.8870
t=265541ms polish_tc=60.8869
t=265793ms polish_tc=60.8868
t=266036ms polish_tc=60.8868
t=266535ms polish_tc=60.8868
t=266803ms polish_tc=60.8860
t=267096ms polish_tc=60.8757
t=267354ms polish_tc=60.8711
t=267608ms polish_tc=60.8711
t=267860ms polish_tc=60.8695
t=268110ms polish_tc=60.8695
t=268539ms polish_tc=60.8618
t=268780ms polish_tc=60.8618
t=269027ms polish_tc=60.8560
t=269535ms polish_tc=60.8560
t=269793ms polish_tc=60.8558
t=270043ms polish_tc=60.8556
t=270281ms polish_tc=60.8556
t=270548ms polish_tc=60.8556
t=270792ms polish_tc=60.8443
t=271032ms polish_tc=60.8439
t=271542ms polish_tc=60.8438
t=271767ms polish_tc=60.8438
t=271999ms polish_tc=60.8438
t=272534ms polish_tc=60.8437
t=272775ms polish_tc=60.8437
t=273229ms polish_tc=60.8437
t=273499ms polish_tc=60.8435
t=273748ms polish_tc=60.8435
t=274043ms polish_tc=60.8405
t=274322ms polish_tc=60.8390
t=274558ms polish_tc=60.8390
t=274808ms polish_tc=60.8390
t=275070ms polish_tc=60.8390
t=275533ms polish_tc=60.8312
t=275771ms polish_tc=60.8312
t=276018ms polish_tc=60.8311
t=276263ms polish_tc=60.8311
t=276547ms polish_tc=60.8311
t=276792ms polish_tc=60.8311
t=277144ms polish_tc=60.8305
t=277885ms polish_tc=60.8279
t=278145ms polish_tc=60.8263
t=278397ms polish_tc=60.8263
t=278691ms polish_tc=60.8257
t=279006ms polish_tc=60.8129
t=290081ms polish_tc=60.7680
t=290266ms polish_tc=60.7609
t=290444ms polish_tc=60.6275
t=290624ms polish_tc=60.5975
t=290802ms polish_tc=60.5912
t=290984ms polish_tc=60.4431
t=291168ms polish_tc=60.3728
t=291532ms polish_tc=60.3618
t=291714ms polish_tc=60.3339
t=291889ms polish_tc=60.3156
t=292064ms polish_tc=60.2901
t=292528ms polish_tc=60.2693
t=292720ms polish_tc=60.2594
t=292890ms polish_tc=60.2503
t=293051ms polish_tc=60.2032
t=293226ms polish_tc=60.1908
t=293537ms polish_tc=60.1794
t=293708ms polish_tc=60.1793
t=293877ms polish_tc=60.1779
t=294081ms polish_tc=60.1437
t=294529ms polish_tc=60.1292
t=294693ms polish_tc=60.1163
t=294868ms polish_tc=60.0635
t=295038ms polish_tc=60.0554
t=295215ms polish_tc=60.0494
t=295543ms polish_tc=60.0478
t=295716ms polish_tc=60.0474
t=295893ms polish_tc=60.0282
t=296062ms polish_tc=60.0275
t=296535ms polish_tc=60.0203
t=296694ms polish_tc=60.0166
t=296862ms polish_tc=60.0096
t=297036ms polish_tc=60.0093
t=297714ms polish_tc=60.0045
t=297889ms polish_tc=60.0037
t=298059ms polish_tc=59.9979
t=298225ms polish_tc=59.9916
t=298381ms polish_tc=59.9916
t=298550ms polish_tc=59.9902
t=298719ms polish_tc=59.9695
t=298917ms polish_tc=59.9658
t=299091ms polish_tc=59.9629
t=299536ms polish_tc=59.9577
t=299727ms polish_tc=59.9557
t=299904ms polish_tc=59.9464
t=300113ms polish_tc=59.9338
t=300530ms polish_tc=59.9282
t=300719ms polish_tc=59.9220
t=300885ms polish_tc=59.9182
t=301060ms polish_tc=59.9148
t=301531ms polish_tc=59.9146
t=301686ms polish_tc=59.9123
t=301847ms polish_tc=59.9116
t=301997ms polish_tc=59.9116
t=302538ms polish_tc=59.9115
t=302701ms polish_tc=59.9115
t=302862ms polish_tc=59.9025
t=303017ms polish_tc=59.8995
t=304257ms polish_tc=59.8953
t=304423ms polish_tc=59.8947
t=304587ms polish_tc=59.8826
t=304780ms polish_tc=59.8703
t=304969ms polish_tc=59.8703
t=305136ms polish_tc=59.8703
t=305790ms polish_tc=59.8657
t=305948ms polish_tc=59.8641
t=306113ms polish_tc=59.8641
t=306280ms polish_tc=59.8639
t=306446ms polish_tc=59.8639
t=306609ms polish_tc=59.8515
anneal_sweeps=2023840 cycles=234 fresh=157
t_final=873011ms tc_greedy=79.5331 tc_mcts=79.1548 tc_final=59.8515 tc_full=59.8515 leaves=3369
