simplify: n_orig=525 n_reduced=441 shrink=0.1600 t_simp=7ms
t_seed=628ms tc_seed=42.1023 seed_trials=7
t_dp=5010ms tc_greedy=41.5990
t=9451ms mcts_tc=41.1043
t_mcts=29372ms mcts: backup=min rollouts=128 rate=4/s depth=3 nodes=129 improves=1 tc_mcts=41.1043
ATTRIBUTION tc_greedy=41.5990 tc_mcts_prepolish=41.1043 mcts_beats_greedy=true
t=30711ms polish_tc=41.1014
t=30719ms polish_tc=41.1012
t=30727ms polish_tc=41.0985
t=30736ms polish_tc=41.0984
t=30744ms polish_tc=41.0984
t=30753ms polish_tc=41.0971
t=30760ms polish_tc=41.0966
t=30768ms polish_tc=41.0959
t=30776ms polish_tc=41.0856
t=30784ms polish_tc=41.0848
t=30794ms polish_tc=41.0844
t=30802ms polish_tc=41.0804
t=30811ms polish_tc=41.0802
t=30823ms polish_tc=41.0802
t=30835ms polish_tc=41.0796
t=30843ms polish_tc=41.0782
t=30850ms polish_tc=41.0782
t=30858ms polish_tc=41.0781
t=30872ms polish_tc=40.9027
t=30880ms polish_tc=40.9027
t=30890ms polish_tc=40.8996
t=30898ms polish_tc=40.8996
t=30906ms polish_tc=40.8996
t=30916ms polish_tc=40.8982
t=30925ms polish_tc=40.8981
t=30933ms polish_tc=40.8969
t=30942ms polish_tc=40.8969
t=30950ms polish_tc=40.8969
t=30958ms polish_tc=40.8969
t=30966ms polish_tc=40.8969
t=30974ms polish_tc=40.8968
t=30987ms polish_tc=40.8967
t=32333ms polish_tc=40.8216
t=32341ms polish_tc=40.8216
t=32350ms polish_tc=40.7229
t=32359ms polish_tc=40.7218
t=32367ms polish_tc=40.7218
t=32375ms polish_tc=40.7210
t=32383ms polish_tc=40.7209
t=32392ms polish_tc=40.7204
t=32402ms polish_tc=40.6955
t=32411ms polish_tc=40.6946
t=32421ms polish_tc=40.6945
t=32429ms polish_tc=40.6945
t=32440ms polish_tc=40.6945
t=32448ms polish_tc=40.6944
t=32457ms polish_tc=40.6944
t=32467ms polish_tc=40.6918
t=32476ms polish_tc=40.6918
t=32484ms polish_tc=40.6916
t=32494ms polish_tc=40.6915
t=32504ms polish_tc=40.6908
t=32518ms polish_tc=40.6891
t=32532ms polish_tc=40.6792
t=32540ms polish_tc=40.6788
t=32549ms polish_tc=40.6779
t=32557ms polish_tc=40.6776
t=32566ms polish_tc=40.6768
t=32583ms polish_tc=40.6500
t=32592ms polish_tc=40.6487
t=32603ms polish_tc=40.6484
t=32610ms polish_tc=40.6457
t=32618ms polish_tc=40.6457
t=32631ms polish_tc=40.4740
t=32639ms polish_tc=40.4710
t=32646ms polish_tc=40.4709
t=32654ms polish_tc=40.4709
t=32661ms polish_tc=40.4708
t=32669ms polish_tc=40.4706
t=32677ms polish_tc=40.4665
t=32685ms polish_tc=40.4645
t=32693ms polish_tc=40.4645
t=32703ms polish_tc=40.4625
t=32711ms polish_tc=40.4625
t=32719ms polish_tc=40.4324
t=32727ms polish_tc=40.3106
t=32735ms polish_tc=40.3105
t=32743ms polish_tc=40.3105
t=32751ms polish_tc=40.3073
t=40216ms polish_tc=40.3033
t=40225ms polish_tc=40.3030
t=40263ms polish_tc=40.3027
t=40272ms polish_tc=40.3026
t=40282ms polish_tc=40.3026
t=40290ms polish_tc=40.3021
t=40300ms polish_tc=40.2936
t=40308ms polish_tc=40.2936
t=40316ms polish_tc=40.2884
t=40324ms polish_tc=40.2838
t=40332ms polish_tc=40.2814
t=40366ms polish_tc=40.0978
t=40375ms polish_tc=40.0925
t=40383ms polish_tc=40.0916
t=40392ms polish_tc=40.0880
t=40401ms polish_tc=40.0873
t=40410ms polish_tc=40.0873
t=40419ms polish_tc=40.0873
t=40427ms polish_tc=40.0873
t=40443ms polish_tc=39.9526
t=40451ms polish_tc=39.9526
t=40460ms polish_tc=39.9519
t=40469ms polish_tc=39.9518
t=40478ms polish_tc=39.9409
t=40487ms polish_tc=39.9409
t=40496ms polish_tc=39.9409
t=40504ms polish_tc=39.9404
t=40520ms polish_tc=39.9237
t=40532ms polish_tc=39.9236
t=40540ms polish_tc=39.9235
t=40553ms polish_tc=39.9222
t=40562ms polish_tc=39.9220
t=40570ms polish_tc=39.9217
t=40582ms polish_tc=39.7308
t=40591ms polish_tc=39.7275
t=40599ms polish_tc=39.7270
t=40607ms polish_tc=39.7246
t=40618ms polish_tc=39.7174
t=40627ms polish_tc=39.7172
t=40635ms polish_tc=39.7172
t=40644ms polish_tc=39.7155
t=40708ms polish_tc=39.6835
t=40716ms polish_tc=39.6556
t=40723ms polish_tc=39.5426
t=40733ms polish_tc=39.2681
t=40741ms polish_tc=39.2600
t=40750ms polish_tc=39.1872
t=40760ms polish_tc=39.1848
t=40768ms polish_tc=39.1804
t=40783ms polish_tc=39.1548
t=40791ms polish_tc=39.1536
t=40804ms polish_tc=39.1532
t=40812ms polish_tc=39.1532
t=40821ms polish_tc=39.1530
t=40829ms polish_tc=39.1530
t=40837ms polish_tc=39.1530
t=40845ms polish_tc=39.1526
t=40858ms polish_tc=39.1201
t=40867ms polish_tc=39.1164
t=40874ms polish_tc=39.1113
t=40882ms polish_tc=39.1113
t=40891ms polish_tc=39.1112
t=40910ms polish_tc=39.0805
t=40918ms polish_tc=38.9413
t=40926ms polish_tc=38.9398
t=40935ms polish_tc=38.9395
t=40946ms polish_tc=38.8530
t=40955ms polish_tc=38.8529
t=40964ms polish_tc=38.8527
t=40973ms polish_tc=38.8527
t=40983ms polish_tc=38.8485
t=40992ms polish_tc=38.8485
t=41000ms polish_tc=38.8308
t=41009ms polish_tc=38.8308
t=41018ms polish_tc=38.8219
t=41029ms polish_tc=38.8162
t=41037ms polish_tc=38.8135
t=41047ms polish_tc=38.8134
t=41057ms polish_tc=38.7937
t=41066ms polish_tc=38.7870
t=41075ms polish_tc=38.7869
t=41083ms polish_tc=38.7869
t=41091ms polish_tc=38.7869
t=41099ms polish_tc=38.7869
t=41109ms polish_tc=38.7583
t=41117ms polish_tc=38.7133
t=41125ms polish_tc=38.7065
t=41133ms polish_tc=38.7064
t=41144ms polish_tc=38.7004
t=41153ms polish_tc=38.6972
t=41162ms polish_tc=38.6970
t=41171ms polish_tc=38.6970
t=41179ms polish_tc=38.5814
t=41187ms polish_tc=38.5242
t=41195ms polish_tc=38.5229
t=41203ms polish_tc=38.5229
t=41211ms polish_tc=38.2273
t=41219ms polish_tc=38.1503
t=41227ms polish_tc=38.0757
t=41235ms polish_tc=38.0704
t=41243ms polish_tc=37.9355
t=41251ms polish_tc=37.9355
t=41262ms polish_tc=37.8942
t=41271ms polish_tc=37.8911
t=41279ms polish_tc=37.8898
t=41287ms polish_tc=37.8898
t=41295ms polish_tc=37.8897
t=41303ms polish_tc=37.8897
t=41329ms polish_tc=37.6960
t=41338ms polish_tc=37.6943
t=41347ms polish_tc=37.6852
t=41355ms polish_tc=37.5701
t=41364ms polish_tc=37.5497
t=41375ms polish_tc=37.4499
t=41383ms polish_tc=37.4489
t=41392ms polish_tc=37.4430
t=41400ms polish_tc=37.4400
t=41408ms polish_tc=37.4395
t=41417ms polish_tc=37.4394
t=41435ms polish_tc=37.3346
t=41444ms polish_tc=37.1881
t=41452ms polish_tc=37.1843
t=41461ms polish_tc=37.1479
t=41481ms polish_tc=37.1198
t=41489ms polish_tc=37.1198
t=41503ms polish_tc=37.1195
t=41511ms polish_tc=37.1195
t=41525ms polish_tc=37.1158
t=41536ms polish_tc=37.1152
t=41545ms polish_tc=37.1051
t=41553ms polish_tc=37.1043
t=41562ms polish_tc=37.1043
t=41579ms polish_tc=37.1001
t=41588ms polish_tc=37.0641
t=41596ms polish_tc=37.0314
t=41604ms polish_tc=37.0309
t=41613ms polish_tc=37.0308
t=41621ms polish_tc=37.0308
t=41629ms polish_tc=37.0302
t=41637ms polish_tc=37.0262
t=41646ms polish_tc=37.0262
t=41654ms polish_tc=37.0262
t=41663ms polish_tc=37.0260
t=41671ms polish_tc=37.0257
t=41680ms polish_tc=37.0257
t=41689ms polish_tc=37.0037
t=41698ms polish_tc=36.9981
t=41708ms polish_tc=36.9472
t=41717ms polish_tc=36.9113
t=41726ms polish_tc=36.9053
t=41734ms polish_tc=36.9053
t=41743ms polish_tc=36.9004
t=41751ms polish_tc=36.8998
t=41760ms polish_tc=36.8971
t=41769ms polish_tc=36.8911
t=41778ms polish_tc=36.8880
t=41787ms polish_tc=36.8642
t=41796ms polish_tc=36.8642
t=41805ms polish_tc=36.8575
t=41813ms polish_tc=36.8575
t=41822ms polish_tc=36.8545
t=41831ms polish_tc=36.8541
t=41847ms polish_tc=36.8538
t=41855ms polish_tc=36.8538
t=41864ms polish_tc=36.8538
t=41876ms polish_tc=36.8536
t=41886ms polish_tc=36.8532
t=41895ms polish_tc=36.5408
t=41914ms polish_tc=36.5313
t=41922ms polish_tc=36.5284
t=41930ms polish_tc=36.5282
t=41939ms polish_tc=36.5272
t=41948ms polish_tc=36.5248
t=41956ms polish_tc=36.5248
t=41964ms polish_tc=36.5242
t=41972ms polish_tc=36.5239
t=41981ms polish_tc=36.5207
t=41989ms polish_tc=36.5206
t=42007ms polish_tc=36.5167
t=42015ms polish_tc=36.5167
t=42039ms polish_tc=36.5154
t=42047ms polish_tc=36.5149
t=42055ms polish_tc=36.5147
t=42117ms polish_tc=36.5102
t=42125ms polish_tc=36.5102
t=42133ms polish_tc=36.4543
t=42141ms polish_tc=36.4419
t=42150ms polish_tc=36.4419
t=42158ms polish_tc=36.4419
t=42167ms polish_tc=36.4418
t=42175ms polish_tc=36.4418
t=49827ms polish_tc=36.3668
t=49835ms polish_tc=36.0659
t=49844ms polish_tc=36.0519
t=49855ms polish_tc=36.0441
t=49864ms polish_tc=36.0393
t=49878ms polish_tc=35.9339
t=49887ms polish_tc=35.9336
t=49895ms polish_tc=35.9303
t=49904ms polish_tc=35.9299
t=49914ms polish_tc=35.9295
t=49923ms polish_tc=35.9295
t=49931ms polish_tc=35.9293
t=49939ms polish_tc=35.9293
t=49947ms polish_tc=35.9293
t=49959ms polish_tc=35.9284
t=49967ms polish_tc=35.9283
t=49977ms polish_tc=35.9157
t=49986ms polish_tc=35.9151
t=49994ms polish_tc=35.9143
t=50002ms polish_tc=35.9132
t=50010ms polish_tc=35.9131
t=50021ms polish_tc=35.9104
t=50029ms polish_tc=35.8983
t=50037ms polish_tc=35.8983
t=50046ms polish_tc=35.8983
t=50062ms polish_tc=35.8971
t=50072ms polish_tc=35.8862
t=50081ms polish_tc=35.8862
t=50091ms polish_tc=35.8856
t=50103ms polish_tc=35.8855
t=50112ms polish_tc=35.8854
t=50121ms polish_tc=35.8854
t=50130ms polish_tc=35.8853
t=50162ms polish_tc=35.8847
t=50171ms polish_tc=35.8846
t=50181ms polish_tc=35.8841
t=50190ms polish_tc=35.8840
t=50225ms polish_tc=35.8474
t=50234ms polish_tc=35.8454
t=50243ms polish_tc=35.8433
t=50252ms polish_tc=35.8429
t=50272ms polish_tc=35.8372
t=50280ms polish_tc=35.8255
t=50290ms polish_tc=35.5518
t=50298ms polish_tc=35.5482
t=50307ms polish_tc=35.4162
t=50316ms polish_tc=35.3200
t=50324ms polish_tc=35.3116
t=50333ms polish_tc=35.3106
t=50342ms polish_tc=35.3095
t=50357ms polish_tc=35.3091
t=50366ms polish_tc=35.3088
t=50376ms polish_tc=35.3088
t=50384ms polish_tc=35.3082
t=50393ms polish_tc=35.3080
t=50403ms polish_tc=35.3079
t=60533ms polish_tc=35.3008
t=60541ms polish_tc=35.3007
t=60569ms polish_tc=35.2782
t=60578ms polish_tc=35.2736
t=60589ms polish_tc=35.2693
t=60598ms polish_tc=35.2691
t=60607ms polish_tc=35.2689
t=60617ms polish_tc=35.2688
t=60627ms polish_tc=35.2687
t=60635ms polish_tc=35.2675
t=60647ms polish_tc=35.2673
t=60666ms polish_tc=35.2257
t=60674ms polish_tc=35.2254
t=60683ms polish_tc=35.2253
t=60692ms polish_tc=35.2247
t=60703ms polish_tc=35.2094
t=60712ms polish_tc=35.2089
t=60721ms polish_tc=35.2077
t=60730ms polish_tc=35.2076
t=60739ms polish_tc=35.2055
t=60749ms polish_tc=35.1859
t=60757ms polish_tc=35.1858
t=60770ms polish_tc=35.1857
t=60780ms polish_tc=35.1856
t=60790ms polish_tc=35.1853
t=60803ms polish_tc=35.1315
t=60811ms polish_tc=35.1289
t=60821ms polish_tc=35.0658
t=60830ms polish_tc=35.0657
t=60839ms polish_tc=34.8829
t=60848ms polish_tc=34.8804
t=60857ms polish_tc=34.8785
t=60866ms polish_tc=34.8782
t=60880ms polish_tc=34.4611
t=60893ms polish_tc=34.4559
t=60903ms polish_tc=34.4543
t=68830ms polish_tc=34.4374
t=68839ms polish_tc=34.4329
t=68847ms polish_tc=34.4290
t=68855ms polish_tc=34.4290
t=68867ms polish_tc=34.3718
t=68875ms polish_tc=34.3098
t=68884ms polish_tc=34.3029
t=68892ms polish_tc=34.2331
t=68901ms polish_tc=34.2330
t=68913ms polish_tc=34.2323
t=68921ms polish_tc=34.1499
t=68930ms polish_tc=34.1496
t=68939ms polish_tc=34.1483
t=68947ms polish_tc=34.1482
t=79141ms polish_tc=34.1313
t=79155ms polish_tc=34.1283
t=79164ms polish_tc=34.1283
t=79173ms polish_tc=34.1282
anneal_sweeps=295936 cycles=113 fresh=9
t_final=87302ms tc_greedy=41.5990 tc_mcts=41.1043 tc_final=34.1282 tc_full=34.1282 leaves=525
