simplify: n_orig=1000 n_reduced=1000 shrink=0.0000 t_simp=4ms
t_seed=669ms tc_seed=272.0000 seed_trials=7
t_dp=670ms tc_greedy=272.0000
t=922ms mcts_tc=268.0444
t=5895ms mcts_tc=260.0004
t=7314ms mcts_tc=257.5850
t_mcts=14971ms mcts: backup=min rollouts=64 rate=4/s depth=2 nodes=65 improves=3 tc_mcts=257.5850
ATTRIBUTION tc_greedy=272.0000 tc_mcts_prepolish=257.5850 mcts_beats_greedy=true
t=15273ms polish_tc=256.0000
t=16250ms polish_tc=254.0000
t=17264ms polish_tc=251.0000
t=18255ms polish_tc=250.0000
t=19246ms polish_tc=249.0000
t=20253ms polish_tc=249.0000
t=21244ms polish_tc=249.0000
t=22241ms polish_tc=249.0000
t=23241ms polish_tc=248.0000
t=24242ms polish_tc=247.0000
t=25244ms polish_tc=244.0000
t=26268ms polish_tc=244.0000
t=27264ms polish_tc=244.0000
t=28264ms polish_tc=243.0000
t=29265ms polish_tc=243.0000
t=30263ms polish_tc=240.0000
t=31260ms polish_tc=240.0000
t=32268ms polish_tc=239.0000
t=33267ms polish_tc=238.0000
t=34266ms polish_tc=238.0000
t=35261ms polish_tc=236.0000
t=36251ms polish_tc=235.0000
t=37247ms polish_tc=235.0000
t=37503ms polish_tc=234.0000
t=38269ms polish_tc=234.0000
t=39269ms polish_tc=233.0000
t=40253ms polish_tc=232.0000
t=41268ms polish_tc=228.0000
t=42248ms polish_tc=227.0000
t=43269ms polish_tc=227.0000
t=44268ms polish_tc=226.0000
t=45252ms polish_tc=226.0000
t=46266ms polish_tc=226.0000
t=47270ms polish_tc=225.0000
t=48252ms polish_tc=225.0000
t=48581ms polish_tc=224.0000
t=50232ms polish_tc=224.0000
t=51252ms polish_tc=224.0000
t=51528ms polish_tc=224.0000
t=52266ms polish_tc=224.0000
t=53259ms polish_tc=224.0000
t=54267ms polish_tc=224.0000
t=55264ms polish_tc=224.0000
t=56241ms polish_tc=223.0000
t=56527ms polish_tc=222.0000
t=57253ms polish_tc=220.0000
t=58245ms polish_tc=219.0000
t=58523ms polish_tc=219.0000
t=59253ms polish_tc=219.0000
t=60269ms polish_tc=218.0000
t=61269ms polish_tc=218.0000
t=62252ms polish_tc=216.0000
t=62533ms polish_tc=216.0000
t=63262ms polish_tc=216.0000
t=64261ms polish_tc=215.0000
t=65269ms polish_tc=213.0001
t=66253ms polish_tc=213.0001
t=67263ms polish_tc=213.0001
t=68257ms polish_tc=213.0001
t=69264ms polish_tc=213.0001
t=70269ms polish_tc=213.0001
t=71275ms polish_tc=213.0001
t=72251ms polish_tc=211.0006
t=73264ms polish_tc=211.0003
t=74248ms polish_tc=211.0002
t=75256ms polish_tc=211.0002
t=76245ms polish_tc=209.0008
t=76510ms polish_tc=209.0008
t=77247ms polish_tc=209.0007
t=78248ms polish_tc=209.0003
t=78520ms polish_tc=208.0011
t=79264ms polish_tc=207.0030
t=80260ms polish_tc=207.0028
t=81238ms polish_tc=207.0020
t=81518ms polish_tc=205.0066
t=82259ms polish_tc=204.0162
t=83243ms polish_tc=204.0138
t=84235ms polish_tc=203.0199
t=84502ms polish_tc=198.7539
t=85259ms polish_tc=197.9821
t=85569ms polish_tc=197.7927
t=86251ms polish_tc=197.3930
t=86541ms polish_tc=197.2319
t=87258ms polish_tc=197.1322
t=87576ms polish_tc=197.0146
t=88253ms polish_tc=196.9045
anneal_sweeps=352 cycles=1 fresh=0
t_final=88268ms tc_greedy=272.0000 tc_mcts=257.5850 tc_final=196.9045 tc_full=196.9045 leaves=1000
