probe: instance=uai_relational_3 n_orig=3000 n=1000 fusible=0.6667 nlabels=1000 t=24ms
seed_greedy tc=16.7709 t=563ms
t=660ms iter=1 WAIST cost=9.0000 best_alt=4.0000 gap=5.0000 tried=5 sep_labels=4 clique_frac=1.00
t=1015ms iter=1 REBUILD ACCEPT new_tc=16.6450 (was 16.6530)
t=1179ms iter=1 incumb=16.6450 ratchet=16.6402 best=16.6402 since_improve=0
t=1181ms iter=2 WAIST cost=8.0000 best_alt=7.0000 gap=1.0000 tried=5 sep_labels=7 clique_frac=0.90
t=1505ms iter=2 REBUILD reject new_tc=16.6440 (was 16.6402)
t=1615ms iter=2 incumb=16.6402 ratchet=16.6512 best=16.6402 since_improve=1
t=1617ms iter=3 WAIST cost=8.0000 best_alt=6.0000 gap=2.0000 tried=5 sep_labels=6 clique_frac=0.93
t=1921ms iter=3 REBUILD reject new_tc=16.6409 (was 16.6402)
t=2035ms iter=3 incumb=16.6402 ratchet=16.6467 best=16.6402 since_improve=2
t=2037ms iter=4 WAIST cost=8.0000 best_alt=7.0000 gap=1.0000 tried=5 sep_labels=7 clique_frac=0.90
t=2378ms iter=4 REBUILD reject new_tc=16.6447 (was 16.6402)
t=2550ms iter=4 incumb=16.6402 ratchet=16.6395 best=16.6395 since_improve=0
t=2551ms iter=5 WAIST cost=8.0000 best_alt=7.0000 gap=1.0000 tried=5 sep_labels=7 clique_frac=0.95
t=2853ms iter=5 REBUILD reject new_tc=16.6472 (was 16.6395)
t=2964ms iter=5 incumb=16.6395 ratchet=16.6416 best=16.6395 since_improve=1
t=2966ms iter=6 WAIST cost=8.0000 best_alt=7.0000 gap=1.0000 tried=5 sep_labels=7 clique_frac=0.95
t=3269ms iter=6 REBUILD reject new_tc=16.6480 (was 16.6395)
t=3380ms iter=6 incumb=16.6395 ratchet=16.6474 best=16.6395 since_improve=2
t=3382ms iter=7 WAIST cost=8.0000 best_alt=7.0000 gap=1.0000 tried=5 sep_labels=7 clique_frac=0.95
t=3682ms iter=7 REBUILD reject new_tc=16.6461 (was 16.6395)
t=3794ms iter=7 incumb=16.6395 ratchet=16.6468 best=16.6395 since_improve=3
t=3796ms iter=8 WAIST cost=8.0000 best_alt=6.0000 gap=2.0000 tried=5 sep_labels=6 clique_frac=0.93
t=4083ms iter=8 REBUILD reject new_tc=16.6432 (was 16.6395)
t=4203ms iter=8 incumb=16.6395 ratchet=16.6510 best=16.6395 since_improve=4
t=4205ms iter=9 WAIST cost=8.0000 best_alt=7.0000 gap=1.0000 tried=5 sep_labels=7 clique_frac=0.95
t=4529ms iter=9 REBUILD reject new_tc=16.6461 (was 16.6395)
t=4637ms iter=9 incumb=16.6395 ratchet=16.6526 best=16.6395 since_improve=5
t=4639ms iter=10 WAIST cost=8.0000 best_alt=7.0000 gap=1.0000 tried=5 sep_labels=7 clique_frac=0.95
t=4965ms iter=10 REBUILD reject new_tc=16.6447 (was 16.6395)
t=5069ms iter=10 incumb=16.6395 ratchet=16.6465 best=16.6395 since_improve=6
t=5071ms iter=11 WAIST cost=8.0000 best_alt=7.0000 gap=1.0000 tried=5 sep_labels=7 clique_frac=0.95
t=5360ms iter=11 REBUILD reject new_tc=16.6438 (was 16.6395)
t=5470ms iter=11 incumb=16.6395 ratchet=16.6450 best=16.6395 since_improve=7
t=5472ms iter=12 WAIST cost=8.0000 best_alt=6.0000 gap=2.0000 tried=5 sep_labels=6 clique_frac=0.93
t=5810ms iter=12 REBUILD reject new_tc=16.6451 (was 16.6395)
t=5922ms iter=12 incumb=16.6395 ratchet=16.6418 best=16.6395 since_improve=8
t=5924ms iter=13 WAIST cost=8.0000 best_alt=6.0000 gap=2.0000 tried=5 sep_labels=6 clique_frac=0.93
t=6229ms iter=13 REBUILD reject new_tc=16.6418 (was 16.6395)
t=6394ms iter=13 incumb=16.6395 ratchet=16.6393 best=16.6393 since_improve=0
t=6395ms iter=14 WAIST cost=8.0000 best_alt=6.0000 gap=2.0000 tried=5 sep_labels=6 clique_frac=0.93
t=6725ms iter=14 REBUILD reject new_tc=16.6411 (was 16.6393)
t=6836ms iter=14 incumb=16.6393 ratchet=16.6452 best=16.6393 since_improve=1
t=6838ms iter=15 WAIST cost=8.0000 best_alt=7.0000 gap=1.0000 tried=5 sep_labels=7 clique_frac=0.90
t=7128ms iter=15 REBUILD reject new_tc=16.6456 (was 16.6393)
t=7240ms iter=15 incumb=16.6393 ratchet=16.6467 best=16.6393 since_improve=2
t=7242ms iter=16 WAIST cost=8.0000 best_alt=6.0000 gap=2.0000 tried=5 sep_labels=6 clique_frac=0.93
t=7531ms iter=16 REBUILD reject new_tc=16.6463 (was 16.6393)
t=7647ms iter=16 incumb=16.6393 ratchet=16.6431 best=16.6393 since_improve=3
t=7649ms iter=17 WAIST cost=8.0000 best_alt=7.0000 gap=1.0000 tried=5 sep_labels=7 clique_frac=0.90
t=7933ms iter=17 REBUILD reject new_tc=16.6425 (was 16.6393)
t=8043ms iter=17 incumb=16.6393 ratchet=16.6433 best=16.6393 since_improve=4
t=8045ms iter=18 WAIST cost=8.0000 best_alt=7.0000 gap=1.0000 tried=5 sep_labels=7 clique_frac=0.90
t=8338ms iter=18 REBUILD reject new_tc=16.6506 (was 16.6393)
t=8451ms iter=18 incumb=16.6393 ratchet=16.6418 best=16.6393 since_improve=5
t=8453ms iter=19 WAIST cost=8.0000 best_alt=7.0000 gap=1.0000 tried=5 sep_labels=7 clique_frac=0.90
t=8752ms iter=19 REBUILD reject new_tc=16.6459 (was 16.6393)
t=8861ms iter=19 incumb=16.6393 ratchet=16.6440 best=16.6393 since_improve=6
t=8863ms iter=20 WAIST cost=8.0000 best_alt=7.0000 gap=1.0000 tried=5 sep_labels=7 clique_frac=0.90
t=9191ms iter=20 REBUILD reject new_tc=16.6398 (was 16.6393)
t=9307ms iter=20 incumb=16.6393 ratchet=16.6505 best=16.6393 since_improve=7
t=9309ms iter=21 WAIST cost=8.0000 best_alt=6.0000 gap=2.0000 tried=5 sep_labels=6 clique_frac=0.93
t=9627ms iter=21 REBUILD reject new_tc=16.6412 (was 16.6393)
t=9742ms iter=21 incumb=16.6393 ratchet=16.6425 best=16.6393 since_improve=8
t=9744ms iter=22 WAIST cost=8.0000 best_alt=7.0000 gap=1.0000 tried=5 sep_labels=7 clique_frac=0.90
t=10041ms iter=22 REBUILD reject new_tc=16.6481 (was 16.6393)
t=10151ms iter=22 incumb=16.6393 ratchet=16.6461 best=16.6393 since_improve=9
t=10153ms iter=23 WAIST cost=8.0000 best_alt=7.0000 gap=1.0000 tried=5 sep_labels=7 clique_frac=0.90
t=10450ms iter=23 REBUILD reject new_tc=16.6521 (was 16.6393)
t=10561ms iter=23 incumb=16.6393 ratchet=16.6409 best=16.6393 since_improve=10
t=10563ms iter=24 WAIST cost=8.0000 best_alt=6.0000 gap=2.0000 tried=5 sep_labels=6 clique_frac=0.93
t=10843ms iter=24 REBUILD reject new_tc=16.6456 (was 16.6393)
t=10957ms iter=24 incumb=16.6393 ratchet=16.6447 best=16.6393 since_improve=11
t=10959ms iter=25 WAIST cost=8.0000 best_alt=7.0000 gap=1.0000 tried=5 sep_labels=7 clique_frac=0.90
t=11255ms iter=25 REBUILD reject new_tc=16.6467 (was 16.6393)
t=11368ms iter=25 incumb=16.6393 ratchet=16.6543 best=16.6393 since_improve=12
t=11370ms iter=26 WAIST cost=8.0000 best_alt=7.0000 gap=1.0000 tried=5 sep_labels=7 clique_frac=0.90
t=11687ms iter=26 REBUILD reject new_tc=16.6425 (was 16.6393)
t=11800ms iter=26 incumb=16.6393 ratchet=16.6468 best=16.6393 since_improve=13
t=11802ms iter=27 WAIST cost=8.0000 best_alt=7.0000 gap=1.0000 tried=5 sep_labels=7 clique_frac=0.90
t=12105ms iter=27 REBUILD reject new_tc=16.6418 (was 16.6393)
t=12219ms iter=27 incumb=16.6393 ratchet=16.6430 best=16.6393 since_improve=14
t=12221ms iter=28 WAIST cost=8.0000 best_alt=7.0000 gap=1.0000 tried=5 sep_labels=7 clique_frac=0.90
t=12503ms iter=28 REBUILD reject new_tc=16.6431 (was 16.6393)
t=12615ms iter=28 incumb=16.6393 ratchet=16.6454 best=16.6393 since_improve=15
t=12617ms iter=29 WAIST cost=8.0000 best_alt=7.0000 gap=1.0000 tried=5 sep_labels=7 clique_frac=0.90
t=12968ms iter=29 REBUILD reject new_tc=16.6436 (was 16.6393)
t=13078ms iter=29 incumb=16.6393 ratchet=16.6443 best=16.6393 since_improve=16
t=13079ms iter=30 WAIST cost=8.0000 best_alt=7.0000 gap=1.0000 tried=5 sep_labels=7 clique_frac=0.90
t=13412ms iter=30 REBUILD reject new_tc=16.6454 (was 16.6393)
t=13523ms iter=30 incumb=16.6393 ratchet=16.6421 best=16.6393 since_improve=17
t=13525ms iter=31 WAIST cost=8.0000 best_alt=7.0000 gap=1.0000 tried=5 sep_labels=7 clique_frac=0.90
t=13804ms iter=31 REBUILD reject new_tc=16.6465 (was 16.6393)
t=13922ms iter=31 incumb=16.6393 ratchet=16.6501 best=16.6393 since_improve=18
t=13923ms iter=32 WAIST cost=8.0000 best_alt=7.0000 gap=1.0000 tried=5 sep_labels=7 clique_frac=0.90
t=14237ms iter=32 REBUILD reject new_tc=16.6463 (was 16.6393)
t=14349ms iter=32 incumb=16.6393 ratchet=16.6452 best=16.6393 since_improve=19
t=14351ms iter=33 WAIST cost=8.0000 best_alt=7.0000 gap=1.0000 tried=5 sep_labels=7 clique_frac=0.90
t=14755ms iter=33 REBUILD ACCEPT new_tc=16.6377 (was 16.6393)
t=14872ms iter=33 incumb=16.6377 ratchet=16.6380 best=16.6377 since_improve=1
t=14874ms iter=34 WAIST cost=8.0000 best_alt=7.0000 gap=1.0000 tried=5 sep_labels=7 clique_frac=0.90
t=15195ms iter=34 REBUILD reject new_tc=16.6409 (was 16.6377)
t=15303ms iter=34 incumb=16.6377 ratchet=16.6464 best=16.6377 since_improve=2
t=15305ms iter=35 WAIST cost=8.0000 best_alt=7.0000 gap=1.0000 tried=5 sep_labels=7 clique_frac=0.90
t=15598ms iter=35 REBUILD reject new_tc=16.6451 (was 16.6377)
t=15707ms iter=35 incumb=16.6377 ratchet=16.6424 best=16.6377 since_improve=3
t=15709ms iter=36 WAIST cost=8.0000 best_alt=6.0000 gap=2.0000 tried=5 sep_labels=6 clique_frac=0.93
t=16015ms iter=36 REBUILD reject new_tc=16.6425 (was 16.6377)
t=16127ms iter=36 incumb=16.6377 ratchet=16.6391 best=16.6377 since_improve=4
t=16129ms iter=37 WAIST cost=8.0000 best_alt=7.0000 gap=1.0000 tried=5 sep_labels=7 clique_frac=0.90
t=16477ms iter=37 REBUILD reject new_tc=16.6418 (was 16.6377)
t=16594ms iter=37 incumb=16.6377 ratchet=16.6443 best=16.6377 since_improve=5
t=16595ms iter=38 WAIST cost=8.0000 best_alt=7.0000 gap=1.0000 tried=5 sep_labels=7 clique_frac=0.90
t=16892ms iter=38 REBUILD reject new_tc=16.6445 (was 16.6377)
t=17007ms iter=38 incumb=16.6377 ratchet=16.6443 best=16.6377 since_improve=6
t=17009ms iter=39 WAIST cost=8.0000 best_alt=7.0000 gap=1.0000 tried=5 sep_labels=7 clique_frac=0.90
t=17335ms iter=39 REBUILD reject new_tc=16.6440 (was 16.6377)
t=17451ms iter=39 incumb=16.6377 ratchet=16.6423 best=16.6377 since_improve=7
t=17453ms iter=40 WAIST cost=8.0000 best_alt=7.0000 gap=1.0000 tried=5 sep_labels=7 clique_frac=0.90
t=17732ms iter=40 REBUILD reject new_tc=16.6461 (was 16.6377)
t=17843ms iter=40 incumb=16.6377 ratchet=16.6452 best=16.6377 since_improve=8
t=17845ms iter=41 WAIST cost=8.0000 best_alt=7.0000 gap=1.0000 tried=5 sep_labels=7 clique_frac=0.90
t=18189ms iter=41 REBUILD reject new_tc=16.6467 (was 16.6377)
t=18302ms iter=41 incumb=16.6377 ratchet=16.6414 best=16.6377 since_improve=9
t=18304ms iter=42 WAIST cost=8.0000 best_alt=7.0000 gap=1.0000 tried=5 sep_labels=7 clique_frac=0.90
t=18601ms iter=42 REBUILD reject new_tc=16.6447 (was 16.6377)
t=18714ms iter=42 incumb=16.6377 ratchet=16.6451 best=16.6377 since_improve=10
t=18716ms iter=43 WAIST cost=8.0000 best_alt=7.0000 gap=1.0000 tried=5 sep_labels=7 clique_frac=0.90
t=19007ms iter=43 REBUILD reject new_tc=16.6416 (was 16.6377)
t=19119ms iter=43 incumb=16.6377 ratchet=16.6436 best=16.6377 since_improve=11
t=19121ms iter=44 WAIST cost=8.0000 best_alt=7.0000 gap=1.0000 tried=5 sep_labels=7 clique_frac=0.90
t=19414ms iter=44 REBUILD reject new_tc=16.6438 (was 16.6377)
t=19615ms iter=44 incumb=16.6377 ratchet=16.6371 best=16.6371 since_improve=0
t=19617ms iter=45 WAIST cost=8.0000 best_alt=5.0000 gap=3.0000 tried=5 sep_labels=5 clique_frac=0.90
t=19931ms iter=45 REBUILD reject new_tc=16.6424 (was 16.6371)
t=20043ms iter=45 incumb=16.6371 ratchet=16.6438 best=16.6371 since_improve=1
t=20046ms iter=46 WAIST cost=8.0000 best_alt=5.0000 gap=3.0000 tried=5 sep_labels=5 clique_frac=0.90
t=20376ms iter=46 REBUILD reject new_tc=16.6386 (was 16.6371)
t=20490ms iter=46 incumb=16.6371 ratchet=16.6477 best=16.6371 since_improve=2
t=20492ms iter=47 WAIST cost=8.0000 best_alt=5.0000 gap=3.0000 tried=5 sep_labels=5 clique_frac=0.90
t=20787ms iter=47 REBUILD reject new_tc=16.6389 (was 16.6371)
t=20899ms iter=47 incumb=16.6371 ratchet=16.6477 best=16.6371 since_improve=3
t=20902ms iter=48 WAIST cost=8.0000 best_alt=5.0000 gap=3.0000 tried=5 sep_labels=5 clique_frac=0.90
t=21187ms iter=48 REBUILD reject new_tc=16.6463 (was 16.6371)
t=21300ms iter=48 incumb=16.6371 ratchet=16.6432 best=16.6371 since_improve=4
t=21302ms iter=49 WAIST cost=8.0000 best_alt=5.0000 gap=3.0000 tried=5 sep_labels=5 clique_frac=0.90
t=21599ms iter=49 REBUILD reject new_tc=16.6411 (was 16.6371)
t=21775ms iter=49 incumb=16.6371 ratchet=16.6346 best=16.6346 since_improve=0
t=21776ms iter=50 WAIST cost=8.0000 best_alt=6.0000 gap=2.0000 tried=5 sep_labels=6 clique_frac=1.00
t=22105ms iter=50 REBUILD reject new_tc=16.6438 (was 16.6346)
t=22218ms iter=50 incumb=16.6346 ratchet=16.6403 best=16.6346 since_improve=1
t=22220ms iter=51 WAIST cost=8.0000 best_alt=5.0000 gap=3.0000 tried=5 sep_labels=5 clique_frac=1.00
t=22547ms iter=51 REBUILD reject new_tc=16.6465 (was 16.6346)
t=22661ms iter=51 incumb=16.6346 ratchet=16.6407 best=16.6346 since_improve=2
t=22663ms iter=52 WAIST cost=8.0000 best_alt=6.0000 gap=2.0000 tried=5 sep_labels=6 clique_frac=1.00
t=22967ms iter=52 REBUILD reject new_tc=16.6388 (was 16.6346)
t=23080ms iter=52 incumb=16.6346 ratchet=16.6492 best=16.6346 since_improve=3
t=23081ms iter=53 WAIST cost=8.0000 best_alt=6.0000 gap=2.0000 tried=5 sep_labels=6 clique_frac=1.00
t=23428ms iter=53 REBUILD reject new_tc=16.6497 (was 16.6346)
t=23542ms iter=53 incumb=16.6346 ratchet=16.6506 best=16.6346 since_improve=4
t=23544ms iter=54 WAIST cost=8.0000 best_alt=5.0000 gap=3.0000 tried=5 sep_labels=5 clique_frac=0.90
t=23838ms iter=54 REBUILD reject new_tc=16.6400 (was 16.6346)
t=23950ms iter=54 incumb=16.6346 ratchet=16.6447 best=16.6346 since_improve=5
t=23952ms iter=55 WAIST cost=8.0000 best_alt=6.0000 gap=2.0000 tried=5 sep_labels=6 clique_frac=1.00
t=24308ms iter=55 REBUILD reject new_tc=16.6463 (was 16.6346)
t=24418ms iter=55 incumb=16.6346 ratchet=16.6494 best=16.6346 since_improve=6
t=24421ms iter=56 WAIST cost=8.0000 best_alt=5.0000 gap=3.0000 tried=5 sep_labels=5 clique_frac=1.00
t=24721ms iter=56 REBUILD reject new_tc=16.6391 (was 16.6346)
t=24837ms iter=56 incumb=16.6346 ratchet=16.6384 best=16.6346 since_improve=7
t=24839ms iter=57 WAIST cost=8.0000 best_alt=5.0000 gap=3.0000 tried=5 sep_labels=5 clique_frac=1.00
t=25128ms iter=57 REBUILD reject new_tc=16.6490 (was 16.6346)
t=25243ms iter=57 incumb=16.6346 ratchet=16.6483 best=16.6346 since_improve=8
t=25245ms iter=58 WAIST cost=8.0000 best_alt=6.0000 gap=2.0000 tried=5 sep_labels=6 clique_frac=1.00
t=25553ms iter=58 REBUILD reject new_tc=16.6450 (was 16.6346)
t=25665ms iter=58 incumb=16.6346 ratchet=16.6373 best=16.6346 since_improve=9
t=25667ms iter=59 WAIST cost=8.0000 best_alt=5.0000 gap=3.0000 tried=5 sep_labels=5 clique_frac=0.90
t=25984ms iter=59 REBUILD reject new_tc=16.6468 (was 16.6346)
t=26098ms iter=59 incumb=16.6346 ratchet=16.6467 best=16.6346 since_improve=10
t=26100ms iter=60 WAIST cost=8.0000 best_alt=6.0000 gap=2.0000 tried=5 sep_labels=6 clique_frac=1.00
t=26391ms iter=60 REBUILD reject new_tc=16.6483 (was 16.6346)
t=26506ms iter=60 incumb=16.6346 ratchet=16.6388 best=16.6346 since_improve=11
t=26508ms iter=61 WAIST cost=8.0000 best_alt=5.0000 gap=3.0000 tried=5 sep_labels=5 clique_frac=1.00
t=26873ms iter=61 REBUILD reject new_tc=16.6461 (was 16.6346)
t=26987ms iter=61 incumb=16.6346 ratchet=16.6384 best=16.6346 since_improve=12
t=26989ms iter=62 WAIST cost=8.0000 best_alt=6.0000 gap=2.0000 tried=5 sep_labels=6 clique_frac=1.00
t=27299ms iter=62 REBUILD reject new_tc=16.6438 (was 16.6346)
t=27408ms iter=62 incumb=16.6346 ratchet=16.6519 best=16.6346 since_improve=13
t=27410ms iter=63 WAIST cost=8.0000 best_alt=5.0000 gap=3.0000 tried=5 sep_labels=5 clique_frac=0.90
t=27695ms iter=63 REBUILD reject new_tc=16.6427 (was 16.6346)
t=27806ms iter=63 incumb=16.6346 ratchet=16.6445 best=16.6346 since_improve=14
t=27808ms iter=64 WAIST cost=8.0000 best_alt=5.0000 gap=3.0000 tried=5 sep_labels=5 clique_frac=1.00
t=28098ms iter=64 REBUILD reject new_tc=16.6443 (was 16.6346)
t=28212ms iter=64 incumb=16.6346 ratchet=16.6386 best=16.6346 since_improve=15
t=28214ms iter=65 WAIST cost=8.0000 best_alt=6.0000 gap=2.0000 tried=5 sep_labels=6 clique_frac=1.00
t=28527ms iter=65 REBUILD reject new_tc=16.6434 (was 16.6346)
t=28638ms iter=65 incumb=16.6346 ratchet=16.6476 best=16.6346 since_improve=16
t=28640ms iter=66 WAIST cost=8.0000 best_alt=6.0000 gap=2.0000 tried=5 sep_labels=6 clique_frac=1.00
t=28959ms iter=66 REBUILD reject new_tc=16.6440 (was 16.6346)
t=29073ms iter=66 incumb=16.6346 ratchet=16.6456 best=16.6346 since_improve=17
t=29075ms iter=67 WAIST cost=8.0000 best_alt=6.0000 gap=2.0000 tried=5 sep_labels=6 clique_frac=1.00
t=29392ms iter=67 REBUILD reject new_tc=16.6474 (was 16.6346)
t=29511ms iter=67 incumb=16.6346 ratchet=16.6497 best=16.6346 since_improve=18
t=29513ms iter=68 WAIST cost=8.0000 best_alt=5.0000 gap=3.0000 tried=5 sep_labels=5 clique_frac=0.90
t=29824ms iter=68 REBUILD reject new_tc=16.6461 (was 16.6346)
t=29935ms iter=68 incumb=16.6346 ratchet=16.6432 best=16.6346 since_improve=19
t=29937ms iter=69 WAIST cost=8.0000 best_alt=6.0000 gap=2.0000 tried=5 sep_labels=6 clique_frac=1.00
t=30230ms iter=69 REBUILD reject new_tc=16.6479 (was 16.6346)
t=30342ms iter=69 incumb=16.6346 ratchet=16.6450 best=16.6346 since_improve=20
t=30344ms iter=70 WAIST cost=8.0000 best_alt=5.0000 gap=3.0000 tried=5 sep_labels=5 clique_frac=1.00
t=30705ms iter=70 REBUILD reject new_tc=16.6411 (was 16.6346)
t=30821ms iter=70 incumb=16.6346 ratchet=16.6488 best=16.6346 since_improve=21
t=30823ms iter=71 WAIST cost=8.0000 best_alt=5.0000 gap=3.0000 tried=5 sep_labels=5 clique_frac=0.90
t=31153ms iter=71 REBUILD reject new_tc=16.6468 (was 16.6346)
t=31265ms iter=71 incumb=16.6346 ratchet=16.6414 best=16.6346 since_improve=22
t=31267ms iter=72 WAIST cost=8.0000 best_alt=6.0000 gap=2.0000 tried=5 sep_labels=6 clique_frac=1.00
t=31588ms iter=72 REBUILD reject new_tc=16.6393 (was 16.6346)
t=31698ms iter=72 incumb=16.6346 ratchet=16.6456 best=16.6346 since_improve=23
t=31700ms iter=73 WAIST cost=8.0000 best_alt=5.0000 gap=3.0000 tried=5 sep_labels=5 clique_frac=0.90
t=32005ms iter=73 REBUILD reject new_tc=16.6445 (was 16.6346)
t=32116ms iter=73 incumb=16.6346 ratchet=16.6515 best=16.6346 since_improve=24
t=32118ms iter=74 WAIST cost=8.0000 best_alt=5.0000 gap=3.0000 tried=5 sep_labels=5 clique_frac=1.00
t=32427ms iter=74 REBUILD reject new_tc=16.6409 (was 16.6346)
t=32540ms iter=74 incumb=16.6346 ratchet=16.6405 best=16.6346 since_improve=25
t=32542ms iter=75 WAIST cost=8.0000 best_alt=6.0000 gap=2.0000 tried=5 sep_labels=6 clique_frac=1.00
t=32846ms iter=75 REBUILD reject new_tc=16.6420 (was 16.6346)
t=32958ms iter=75 incumb=16.6346 ratchet=16.6418 best=16.6346 since_improve=26
t=32960ms iter=76 WAIST cost=8.0000 best_alt=5.0000 gap=3.0000 tried=5 sep_labels=5 clique_frac=1.00
t=33271ms iter=76 REBUILD reject new_tc=16.6456 (was 16.6346)
t=33384ms iter=76 incumb=16.6346 ratchet=16.6398 best=16.6346 since_improve=27
t=33386ms iter=77 WAIST cost=8.0000 best_alt=6.0000 gap=2.0000 tried=5 sep_labels=6 clique_frac=1.00
t=33674ms iter=77 REBUILD reject new_tc=16.6411 (was 16.6346)
t=33793ms iter=77 incumb=16.6346 ratchet=16.6428 best=16.6346 since_improve=28
t=33795ms iter=78 WAIST cost=8.0000 best_alt=6.0000 gap=2.0000 tried=5 sep_labels=6 clique_frac=1.00
t=34095ms iter=78 REBUILD reject new_tc=16.6413 (was 16.6346)
t=34207ms iter=78 incumb=16.6346 ratchet=16.6415 best=16.6346 since_improve=29
t=34209ms iter=79 WAIST cost=8.0000 best_alt=6.0000 gap=2.0000 tried=5 sep_labels=6 clique_frac=1.00
t=34500ms iter=79 REBUILD reject new_tc=16.6438 (was 16.6346)
t=34621ms iter=79 incumb=16.6346 ratchet=16.6452 best=16.6346 since_improve=30
t=34623ms iter=80 WAIST cost=8.0000 best_alt=5.0000 gap=3.0000 tried=5 sep_labels=5 clique_frac=0.90
t=34953ms iter=80 REBUILD reject new_tc=16.6499 (was 16.6346)
t=35070ms iter=80 incumb=16.6346 ratchet=16.6490 best=16.6346 since_improve=31
t=35071ms iter=81 WAIST cost=8.0000 best_alt=6.0000 gap=2.0000 tried=5 sep_labels=6 clique_frac=1.00
t=35390ms iter=81 REBUILD reject new_tc=16.6454 (was 16.6346)
t=35572ms iter=81 incumb=16.6346 ratchet=16.6515 best=16.6346 since_improve=32
t=35574ms iter=82 WAIST cost=8.0000 best_alt=5.0000 gap=3.0000 tried=5 sep_labels=5 clique_frac=1.00
t=35882ms iter=82 REBUILD reject new_tc=16.6391 (was 16.6346)
t=35995ms iter=82 incumb=16.6346 ratchet=16.6503 best=16.6346 since_improve=33
t=35997ms iter=83 WAIST cost=8.0000 best_alt=5.0000 gap=3.0000 tried=5 sep_labels=5 clique_frac=0.90
t=36310ms iter=83 REBUILD reject new_tc=16.6404 (was 16.6346)
t=36421ms iter=83 incumb=16.6346 ratchet=16.6389 best=16.6346 since_improve=34
t=36423ms iter=84 WAIST cost=8.0000 best_alt=5.0000 gap=3.0000 tried=5 sep_labels=5 clique_frac=0.90
t=36728ms iter=84 REBUILD reject new_tc=16.6429 (was 16.6346)
t=36843ms iter=84 incumb=16.6346 ratchet=16.6418 best=16.6346 since_improve=35
t=36845ms iter=85 WAIST cost=8.0000 best_alt=6.0000 gap=2.0000 tried=5 sep_labels=6 clique_frac=1.00
t=37132ms iter=85 REBUILD reject new_tc=16.6402 (was 16.6346)
t=37250ms iter=85 incumb=16.6346 ratchet=16.6406 best=16.6346 since_improve=36
t=37252ms iter=86 WAIST cost=8.0000 best_alt=6.0000 gap=2.0000 tried=5 sep_labels=6 clique_frac=1.00
t=37581ms iter=86 REBUILD reject new_tc=16.6519 (was 16.6346)
t=37695ms iter=86 incumb=16.6346 ratchet=16.6506 best=16.6346 since_improve=37
t=37697ms iter=87 WAIST cost=8.0000 best_alt=6.0000 gap=2.0000 tried=5 sep_labels=6 clique_frac=1.00
t=38007ms iter=87 REBUILD reject new_tc=16.6420 (was 16.6346)
t=38120ms iter=87 incumb=16.6346 ratchet=16.6502 best=16.6346 since_improve=38
t=38122ms iter=88 WAIST cost=8.0000 best_alt=5.0000 gap=3.0000 tried=5 sep_labels=5 clique_frac=0.90
t=38444ms iter=88 REBUILD reject new_tc=16.6431 (was 16.6346)
t=38561ms iter=88 incumb=16.6346 ratchet=16.6461 best=16.6346 since_improve=39
t=38563ms iter=89 WAIST cost=8.0000 best_alt=6.0000 gap=2.0000 tried=5 sep_labels=6 clique_frac=1.00
t=38860ms iter=89 REBUILD reject new_tc=16.6411 (was 16.6346)
t=38974ms iter=89 incumb=16.6346 ratchet=16.6404 best=16.6346 since_improve=40
t=38976ms iter=90 WAIST cost=8.0000 best_alt=6.0000 gap=2.0000 tried=5 sep_labels=6 clique_frac=1.00
t=39290ms iter=90 REBUILD reject new_tc=16.6405 (was 16.6346)
t=39402ms iter=90 incumb=16.6346 ratchet=16.6451 best=16.6346 since_improve=41
t=39404ms iter=91 WAIST cost=8.0000 best_alt=6.0000 gap=2.0000 tried=5 sep_labels=6 clique_frac=1.00
t=39681ms iter=91 REBUILD reject new_tc=16.6423 (was 16.6346)
t=39795ms iter=91 incumb=16.6346 ratchet=16.6533 best=16.6346 since_improve=42
t=39797ms iter=92 WAIST cost=8.0000 best_alt=5.0000 gap=3.0000 tried=5 sep_labels=5 clique_frac=1.00
t=40108ms iter=92 REBUILD reject new_tc=16.6438 (was 16.6346)
t=40218ms iter=92 incumb=16.6346 ratchet=16.6486 best=16.6346 since_improve=43
t=40220ms iter=93 WAIST cost=8.0000 best_alt=5.0000 gap=3.0000 tried=5 sep_labels=5 clique_frac=0.90
t=40513ms iter=93 REBUILD reject new_tc=16.6433 (was 16.6346)
t=40628ms iter=93 incumb=16.6346 ratchet=16.6411 best=16.6346 since_improve=44
t=40630ms iter=94 WAIST cost=8.0000 best_alt=6.0000 gap=2.0000 tried=5 sep_labels=6 clique_frac=1.00
t=40934ms iter=94 REBUILD reject new_tc=16.6418 (was 16.6346)
t=41046ms iter=94 incumb=16.6346 ratchet=16.6537 best=16.6346 since_improve=45
t=41048ms iter=95 WAIST cost=8.0000 best_alt=6.0000 gap=2.0000 tried=5 sep_labels=6 clique_frac=1.00
t=41378ms iter=95 REBUILD reject new_tc=16.6468 (was 16.6346)
t=41493ms iter=95 incumb=16.6346 ratchet=16.6488 best=16.6346 since_improve=46
t=41495ms iter=96 WAIST cost=8.0000 best_alt=6.0000 gap=2.0000 tried=5 sep_labels=6 clique_frac=1.00
t=41823ms iter=96 REBUILD reject new_tc=16.6471 (was 16.6346)
t=41940ms iter=96 incumb=16.6346 ratchet=16.6456 best=16.6346 since_improve=47
t=41942ms iter=97 WAIST cost=8.0000 best_alt=6.0000 gap=2.0000 tried=5 sep_labels=6 clique_frac=1.00
t=42223ms iter=97 REBUILD reject new_tc=16.6423 (was 16.6346)
t=42335ms iter=97 incumb=16.6346 ratchet=16.6498 best=16.6346 since_improve=48
t=42337ms iter=98 WAIST cost=8.0000 best_alt=6.0000 gap=2.0000 tried=5 sep_labels=6 clique_frac=1.00
t=42653ms iter=98 REBUILD reject new_tc=16.6406 (was 16.6346)
t=42771ms iter=98 incumb=16.6346 ratchet=16.6504 best=16.6346 since_improve=49
t=42773ms iter=99 WAIST cost=8.0000 best_alt=5.0000 gap=3.0000 tried=5 sep_labels=5 clique_frac=0.90
t=43148ms iter=99 REBUILD reject new_tc=16.6456 (was 16.6346)
t=43276ms iter=99 incumb=16.6346 ratchet=16.6483 best=16.6346 since_improve=50
t=43278ms iter=100 WAIST cost=8.0000 best_alt=6.0000 gap=2.0000 tried=5 sep_labels=6 clique_frac=1.00
t=43596ms iter=100 REBUILD reject new_tc=16.6409 (was 16.6346)
t=43708ms iter=100 incumb=16.6346 ratchet=16.6481 best=16.6346 since_improve=51
t=43710ms iter=101 WAIST cost=8.0000 best_alt=5.0000 gap=3.0000 tried=5 sep_labels=5 clique_frac=0.90
t=44069ms iter=101 REBUILD reject new_tc=16.6355 (was 16.6346)
t=44183ms iter=101 incumb=16.6346 ratchet=16.6463 best=16.6346 since_improve=52
t=44185ms iter=102 WAIST cost=8.0000 best_alt=5.0000 gap=3.0000 tried=5 sep_labels=5 clique_frac=1.00
t=44512ms iter=102 REBUILD reject new_tc=16.6474 (was 16.6346)
t=44623ms iter=102 incumb=16.6346 ratchet=16.6537 best=16.6346 since_improve=53
t=44625ms iter=103 WAIST cost=8.0000 best_alt=6.0000 gap=2.0000 tried=5 sep_labels=6 clique_frac=1.00
t=44911ms iter=103 REBUILD reject new_tc=16.6443 (was 16.6346)
t=45022ms iter=103 incumb=16.6346 ratchet=16.6516 best=16.6346 since_improve=54
t=45024ms iter=104 WAIST cost=8.0000 best_alt=5.0000 gap=3.0000 tried=5 sep_labels=5 clique_frac=0.90
t=45340ms iter=104 REBUILD reject new_tc=16.6416 (was 16.6346)
t=45453ms iter=104 incumb=16.6346 ratchet=16.6429 best=16.6346 since_improve=55
t=45455ms iter=105 WAIST cost=8.0000 best_alt=6.0000 gap=2.0000 tried=5 sep_labels=6 clique_frac=1.00
t=45751ms iter=105 REBUILD reject new_tc=16.6465 (was 16.6346)
t=45870ms iter=105 incumb=16.6346 ratchet=16.6510 best=16.6346 since_improve=56
t=45872ms iter=106 WAIST cost=8.0000 best_alt=5.0000 gap=3.0000 tried=5 sep_labels=5 clique_frac=0.90
t=46207ms iter=106 REBUILD reject new_tc=16.6438 (was 16.6346)
t=46318ms iter=106 incumb=16.6346 ratchet=16.6519 best=16.6346 since_improve=57
t=46320ms iter=107 WAIST cost=8.0000 best_alt=5.0000 gap=3.0000 tried=5 sep_labels=5 clique_frac=0.90
t=46610ms iter=107 REBUILD reject new_tc=16.6400 (was 16.6346)
t=46723ms iter=107 incumb=16.6346 ratchet=16.6384 best=16.6346 since_improve=58
t=46725ms iter=108 WAIST cost=8.0000 best_alt=6.0000 gap=2.0000 tried=5 sep_labels=6 clique_frac=1.00
t=47049ms iter=108 REBUILD reject new_tc=16.6416 (was 16.6346)
t=47162ms iter=108 incumb=16.6346 ratchet=16.6472 best=16.6346 since_improve=59
t=47164ms iter=109 WAIST cost=8.0000 best_alt=5.0000 gap=3.0000 tried=5 sep_labels=5 clique_frac=0.90
t=47506ms iter=109 REBUILD reject new_tc=16.6418 (was 16.6346)
t=47621ms iter=109 incumb=16.6346 ratchet=16.6418 best=16.6346 since_improve=60
t=47623ms iter=110 WAIST cost=8.0000 best_alt=5.0000 gap=3.0000 tried=5 sep_labels=5 clique_frac=0.90
t=47914ms iter=110 REBUILD reject new_tc=16.6476 (was 16.6346)
t=48025ms iter=110 incumb=16.6346 ratchet=16.6387 best=16.6346 since_improve=61
t=48027ms iter=111 WAIST cost=8.0000 best_alt=6.0000 gap=2.0000 tried=5 sep_labels=6 clique_frac=1.00
t=48352ms iter=111 REBUILD reject new_tc=16.6434 (was 16.6346)
t=48462ms iter=111 incumb=16.6346 ratchet=16.6391 best=16.6346 since_improve=62
t=48464ms iter=112 WAIST cost=8.0000 best_alt=6.0000 gap=2.0000 tried=5 sep_labels=6 clique_frac=1.00
t=48766ms iter=112 REBUILD reject new_tc=16.6465 (was 16.6346)
t=48877ms iter=112 incumb=16.6346 ratchet=16.6492 best=16.6346 since_improve=63
t=48878ms iter=113 WAIST cost=8.0000 best_alt=6.0000 gap=2.0000 tried=5 sep_labels=6 clique_frac=1.00
t=49186ms iter=113 REBUILD reject new_tc=16.6418 (was 16.6346)
t=49299ms iter=113 incumb=16.6346 ratchet=16.6418 best=16.6346 since_improve=64
t=49301ms iter=114 WAIST cost=8.0000 best_alt=6.0000 gap=2.0000 tried=5 sep_labels=6 clique_frac=1.00
t=49627ms iter=114 REBUILD reject new_tc=16.6422 (was 16.6346)
t=49738ms iter=114 incumb=16.6346 ratchet=16.6438 best=16.6346 since_improve=65
t=49739ms iter=115 WAIST cost=8.0000 best_alt=6.0000 gap=2.0000 tried=5 sep_labels=6 clique_frac=1.00
t=50037ms iter=115 REBUILD reject new_tc=16.6423 (was 16.6346)
t=50152ms iter=115 incumb=16.6346 ratchet=16.6508 best=16.6346 since_improve=66
t=50154ms iter=116 WAIST cost=8.0000 best_alt=6.0000 gap=2.0000 tried=5 sep_labels=6 clique_frac=1.00
t=50474ms iter=116 REBUILD reject new_tc=16.6386 (was 16.6346)
t=50587ms iter=116 incumb=16.6346 ratchet=16.6519 best=16.6346 since_improve=67
t=50589ms iter=117 WAIST cost=8.0000 best_alt=5.0000 gap=3.0000 tried=5 sep_labels=5 clique_frac=1.00
t=50900ms iter=117 REBUILD reject new_tc=16.6445 (was 16.6346)
t=51012ms iter=117 incumb=16.6346 ratchet=16.6421 best=16.6346 since_improve=68
t=51014ms iter=118 WAIST cost=8.0000 best_alt=5.0000 gap=3.0000 tried=5 sep_labels=5 clique_frac=0.90
t=51350ms iter=118 REBUILD reject new_tc=16.6442 (was 16.6346)
t=51461ms iter=118 incumb=16.6346 ratchet=16.6427 best=16.6346 since_improve=69
t=51463ms iter=119 WAIST cost=8.0000 best_alt=6.0000 gap=2.0000 tried=5 sep_labels=6 clique_frac=1.00
t=51765ms iter=119 REBUILD reject new_tc=16.6422 (was 16.6346)
t=51879ms iter=119 incumb=16.6346 ratchet=16.6414 best=16.6346 since_improve=70
t=51881ms iter=120 WAIST cost=8.0000 best_alt=5.0000 gap=3.0000 tried=5 sep_labels=5 clique_frac=1.00
t=52188ms iter=120 REBUILD reject new_tc=16.6420 (was 16.6346)
t=52304ms iter=120 incumb=16.6346 ratchet=16.6350 best=16.6346 since_improve=71
t=52306ms iter=121 WAIST cost=8.0000 best_alt=6.0000 gap=2.0000 tried=5 sep_labels=6 clique_frac=1.00
t=52619ms iter=121 REBUILD reject new_tc=16.6429 (was 16.6346)
t=52729ms iter=121 incumb=16.6346 ratchet=16.6542 best=16.6346 since_improve=72
t=52730ms iter=122 WAIST cost=8.0000 best_alt=6.0000 gap=2.0000 tried=5 sep_labels=6 clique_frac=1.00
t=53019ms iter=122 REBUILD reject new_tc=16.6421 (was 16.6346)
t=53129ms iter=122 incumb=16.6346 ratchet=16.6479 best=16.6346 since_improve=73
t=53131ms iter=123 WAIST cost=8.0000 best_alt=5.0000 gap=3.0000 tried=5 sep_labels=5 clique_frac=1.00
t=53438ms iter=123 REBUILD reject new_tc=16.6407 (was 16.6346)
t=53551ms iter=123 incumb=16.6346 ratchet=16.6452 best=16.6346 since_improve=74
t=53553ms iter=124 WAIST cost=8.0000 best_alt=6.0000 gap=2.0000 tried=5 sep_labels=6 clique_frac=1.00
t=53855ms iter=124 REBUILD reject new_tc=16.6452 (was 16.6346)
t=53967ms iter=124 incumb=16.6346 ratchet=16.6499 best=16.6346 since_improve=75
t=53969ms iter=125 WAIST cost=8.0000 best_alt=6.0000 gap=2.0000 tried=5 sep_labels=6 clique_frac=1.00
t=54299ms iter=125 REBUILD reject new_tc=16.6388 (was 16.6346)
t=54413ms iter=125 incumb=16.6346 ratchet=16.6434 best=16.6346 since_improve=76
t=54415ms iter=126 WAIST cost=8.0000 best_alt=6.0000 gap=2.0000 tried=5 sep_labels=6 clique_frac=1.00
t=54745ms iter=126 REBUILD reject new_tc=16.6389 (was 16.6346)
t=54862ms iter=126 incumb=16.6346 ratchet=16.6449 best=16.6346 since_improve=77
t=54863ms iter=127 WAIST cost=8.0000 best_alt=5.0000 gap=3.0000 tried=5 sep_labels=5 clique_frac=1.00
t=55186ms iter=127 REBUILD reject new_tc=16.6420 (was 16.6346)
t=55297ms iter=127 incumb=16.6346 ratchet=16.6474 best=16.6346 since_improve=78
t=55299ms iter=128 WAIST cost=8.0000 best_alt=6.0000 gap=2.0000 tried=5 sep_labels=6 clique_frac=1.00
t=55606ms iter=128 REBUILD reject new_tc=16.6393 (was 16.6346)
t=55715ms iter=128 incumb=16.6346 ratchet=16.6391 best=16.6346 since_improve=79
t=55717ms iter=129 WAIST cost=8.0000 best_alt=6.0000 gap=2.0000 tried=5 sep_labels=6 clique_frac=1.00
t=56008ms iter=129 REBUILD reject new_tc=16.6449 (was 16.6346)
t=56122ms iter=129 incumb=16.6346 ratchet=16.6431 best=16.6346 since_improve=80
t=56124ms iter=130 WAIST cost=8.0000 best_alt=5.0000 gap=3.0000 tried=5 sep_labels=5 clique_frac=0.90
t=56425ms iter=130 REBUILD reject new_tc=16.6435 (was 16.6346)
t=56537ms iter=130 incumb=16.6346 ratchet=16.6399 best=16.6346 since_improve=81
t=56538ms iter=131 WAIST cost=8.0000 best_alt=5.0000 gap=3.0000 tried=5 sep_labels=5 clique_frac=0.90
t=56833ms iter=131 REBUILD reject new_tc=16.6460 (was 16.6346)
t=56951ms iter=131 incumb=16.6346 ratchet=16.6395 best=16.6346 since_improve=82
t=56953ms iter=132 WAIST cost=8.0000 best_alt=6.0000 gap=2.0000 tried=5 sep_labels=6 clique_frac=1.00
t=57252ms iter=132 REBUILD reject new_tc=16.6458 (was 16.6346)
t=57364ms iter=132 incumb=16.6346 ratchet=16.6407 best=16.6346 since_improve=83
t=57366ms iter=133 WAIST cost=8.0000 best_alt=5.0000 gap=3.0000 tried=5 sep_labels=5 clique_frac=1.00
t=57678ms iter=133 REBUILD reject new_tc=16.6513 (was 16.6346)
t=57788ms iter=133 incumb=16.6346 ratchet=16.6542 best=16.6346 since_improve=84
t=57789ms iter=134 WAIST cost=8.0000 best_alt=6.0000 gap=2.0000 tried=5 sep_labels=6 clique_frac=1.00
t=58093ms iter=134 REBUILD reject new_tc=16.6490 (was 16.6346)
t=58207ms iter=134 incumb=16.6346 ratchet=16.6409 best=16.6346 since_improve=85
t=58209ms iter=135 WAIST cost=8.0000 best_alt=5.0000 gap=3.0000 tried=5 sep_labels=5 clique_frac=1.00
t=58518ms iter=135 REBUILD reject new_tc=16.6459 (was 16.6346)
t=58635ms iter=135 incumb=16.6346 ratchet=16.6463 best=16.6346 since_improve=86
t=58637ms iter=136 WAIST cost=8.0000 best_alt=6.0000 gap=2.0000 tried=5 sep_labels=6 clique_frac=1.00
t=58940ms iter=136 REBUILD reject new_tc=16.6429 (was 16.6346)
t=59054ms iter=136 incumb=16.6346 ratchet=16.6479 best=16.6346 since_improve=87
t=59056ms iter=137 WAIST cost=8.0000 best_alt=6.0000 gap=2.0000 tried=5 sep_labels=6 clique_frac=1.00
t=59386ms iter=137 REBUILD reject new_tc=16.6393 (was 16.6346)
t=59502ms iter=137 incumb=16.6346 ratchet=16.6411 best=16.6346 since_improve=88
t=59505ms iter=138 WAIST cost=8.0000 best_alt=6.0000 gap=2.0000 tried=5 sep_labels=6 clique_frac=1.00
t=59816ms iter=138 REBUILD reject new_tc=16.6459 (was 16.6346)
t=59929ms iter=138 incumb=16.6346 ratchet=16.6535 best=16.6346 since_improve=89
t=59931ms iter=139 WAIST cost=8.0000 best_alt=6.0000 gap=2.0000 tried=5 sep_labels=6 clique_frac=1.00
t=60252ms iter=139 REBUILD reject new_tc=16.6427 (was 16.6346)
t=60364ms iter=139 incumb=16.6346 ratchet=16.6456 best=16.6346 since_improve=90
t=60366ms iter=140 WAIST cost=8.0000 best_alt=6.0000 gap=2.0000 tried=5 sep_labels=6 clique_frac=1.00
t=60677ms iter=140 REBUILD reject new_tc=16.6441 (was 16.6346)
t=60786ms iter=140 incumb=16.6346 ratchet=16.6492 best=16.6346 since_improve=91
t=60788ms iter=141 WAIST cost=8.0000 best_alt=6.0000 gap=2.0000 tried=5 sep_labels=6 clique_frac=1.00
t=61108ms iter=141 REBUILD reject new_tc=16.6458 (was 16.6346)
t=61222ms iter=141 incumb=16.6346 ratchet=16.6505 best=16.6346 since_improve=92
t=61224ms iter=142 WAIST cost=8.0000 best_alt=5.0000 gap=3.0000 tried=5 sep_labels=5 clique_frac=1.00
t=61512ms iter=142 REBUILD reject new_tc=16.6411 (was 16.6346)
t=61626ms iter=142 incumb=16.6346 ratchet=16.6463 best=16.6346 since_improve=93
t=61628ms iter=143 WAIST cost=8.0000 best_alt=6.0000 gap=2.0000 tried=5 sep_labels=6 clique_frac=1.00
t=61940ms iter=143 REBUILD reject new_tc=16.6448 (was 16.6346)
t=62054ms iter=143 incumb=16.6346 ratchet=16.6484 best=16.6346 since_improve=94
t=62056ms iter=144 WAIST cost=8.0000 best_alt=5.0000 gap=3.0000 tried=5 sep_labels=5 clique_frac=1.00
t=62336ms iter=144 REBUILD reject new_tc=16.6418 (was 16.6346)
t=62451ms iter=144 incumb=16.6346 ratchet=16.6418 best=16.6346 since_improve=95
t=62453ms iter=145 WAIST cost=8.0000 best_alt=6.0000 gap=2.0000 tried=5 sep_labels=6 clique_frac=1.00
t=62765ms iter=145 REBUILD reject new_tc=16.6413 (was 16.6346)
t=62879ms iter=145 incumb=16.6346 ratchet=16.6445 best=16.6346 since_improve=96
t=62881ms iter=146 WAIST cost=8.0000 best_alt=6.0000 gap=2.0000 tried=5 sep_labels=6 clique_frac=1.00
t=63179ms iter=146 REBUILD reject new_tc=16.6393 (was 16.6346)
t=63292ms iter=146 incumb=16.6346 ratchet=16.6413 best=16.6346 since_improve=97
t=63294ms iter=147 WAIST cost=8.0000 best_alt=5.0000 gap=3.0000 tried=5 sep_labels=5 clique_frac=0.90
t=63591ms iter=147 REBUILD reject new_tc=16.6517 (was 16.6346)
t=63703ms iter=147 incumb=16.6346 ratchet=16.6454 best=16.6346 since_improve=98
t=63706ms iter=148 WAIST cost=8.0000 best_alt=5.0000 gap=3.0000 tried=5 sep_labels=5 clique_frac=1.00
t=64002ms iter=148 REBUILD reject new_tc=16.6483 (was 16.6346)
t=64115ms iter=148 incumb=16.6346 ratchet=16.6451 best=16.6346 since_improve=99
t=64117ms iter=149 WAIST cost=8.0000 best_alt=6.0000 gap=2.0000 tried=5 sep_labels=6 clique_frac=1.00
t=64421ms iter=149 REBUILD reject new_tc=16.6418 (was 16.6346)
t=64538ms iter=149 incumb=16.6346 ratchet=16.6395 best=16.6346 since_improve=100
t=64540ms iter=150 WAIST cost=8.0000 best_alt=5.0000 gap=3.0000 tried=5 sep_labels=5 clique_frac=0.90
t=64847ms iter=150 REBUILD reject new_tc=16.6407 (was 16.6346)
t=64964ms iter=150 incumb=16.6346 ratchet=16.6444 best=16.6346 since_improve=101
t=64966ms iter=151 WAIST cost=8.0000 best_alt=5.0000 gap=3.0000 tried=5 sep_labels=5 clique_frac=0.90
t=65269ms iter=151 REBUILD reject new_tc=16.6481 (was 16.6346)
t=65381ms iter=151 incumb=16.6346 ratchet=16.6416 best=16.6346 since_improve=102
t=65383ms iter=152 WAIST cost=8.0000 best_alt=5.0000 gap=3.0000 tried=5 sep_labels=5 clique_frac=0.90
t=65724ms iter=152 REBUILD reject new_tc=16.6420 (was 16.6346)
t=65841ms iter=152 incumb=16.6346 ratchet=16.6411 best=16.6346 since_improve=103
t=65843ms iter=153 WAIST cost=8.0000 best_alt=6.0000 gap=2.0000 tried=5 sep_labels=6 clique_frac=1.00
t=66149ms iter=153 REBUILD reject new_tc=16.6410 (was 16.6346)
t=66259ms iter=153 incumb=16.6346 ratchet=16.6412 best=16.6346 since_improve=104
t=66261ms iter=154 WAIST cost=8.0000 best_alt=5.0000 gap=3.0000 tried=5 sep_labels=5 clique_frac=0.90
t=66548ms iter=154 REBUILD reject new_tc=16.6409 (was 16.6346)
t=66662ms iter=154 incumb=16.6346 ratchet=16.6503 best=16.6346 since_improve=105
t=66664ms iter=155 WAIST cost=8.0000 best_alt=6.0000 gap=2.0000 tried=5 sep_labels=6 clique_frac=1.00
t=66959ms iter=155 REBUILD reject new_tc=16.6407 (was 16.6346)
t=67072ms iter=155 incumb=16.6346 ratchet=16.6445 best=16.6346 since_improve=106
t=67074ms iter=156 WAIST cost=8.0000 best_alt=5.0000 gap=3.0000 tried=5 sep_labels=5 clique_frac=1.00
t=67397ms iter=156 REBUILD reject new_tc=16.6423 (was 16.6346)
t=67509ms iter=156 incumb=16.6346 ratchet=16.6447 best=16.6346 since_improve=107
t=67510ms iter=157 WAIST cost=8.0000 best_alt=5.0000 gap=3.0000 tried=5 sep_labels=5 clique_frac=1.00
t=67786ms iter=157 REBUILD reject new_tc=16.6440 (was 16.6346)
t=67896ms iter=157 incumb=16.6346 ratchet=16.6471 best=16.6346 since_improve=108
t=67897ms iter=158 WAIST cost=8.0000 best_alt=6.0000 gap=2.0000 tried=5 sep_labels=6 clique_frac=1.00
t=68187ms iter=158 REBUILD reject new_tc=16.6454 (was 16.6346)
t=68302ms iter=158 incumb=16.6346 ratchet=16.6450 best=16.6346 since_improve=109
t=68304ms iter=159 WAIST cost=8.0000 best_alt=6.0000 gap=2.0000 tried=5 sep_labels=6 clique_frac=1.00
t=68638ms iter=159 REBUILD reject new_tc=16.6413 (was 16.6346)
t=68748ms iter=159 incumb=16.6346 ratchet=16.6490 best=16.6346 since_improve=110
t=68751ms iter=160 WAIST cost=8.0000 best_alt=6.0000 gap=2.0000 tried=5 sep_labels=6 clique_frac=1.00
t=69053ms iter=160 REBUILD reject new_tc=16.6472 (was 16.6346)
t=69170ms iter=160 incumb=16.6346 ratchet=16.6400 best=16.6346 since_improve=111
t=69172ms iter=161 WAIST cost=8.0000 best_alt=5.0000 gap=3.0000 tried=5 sep_labels=5 clique_frac=1.00
t=69471ms iter=161 REBUILD reject new_tc=16.6459 (was 16.6346)
t=69587ms iter=161 incumb=16.6346 ratchet=16.6411 best=16.6346 since_improve=112
t=69589ms iter=162 WAIST cost=8.0000 best_alt=6.0000 gap=2.0000 tried=5 sep_labels=6 clique_frac=1.00
t=69892ms iter=162 REBUILD reject new_tc=16.6425 (was 16.6346)
t=70010ms iter=162 incumb=16.6346 ratchet=16.6477 best=16.6346 since_improve=113
t=70012ms iter=163 WAIST cost=8.0000 best_alt=6.0000 gap=2.0000 tried=5 sep_labels=6 clique_frac=1.00
t=70333ms iter=163 REBUILD reject new_tc=16.6423 (was 16.6346)
t=70447ms iter=163 incumb=16.6346 ratchet=16.6427 best=16.6346 since_improve=114
t=70449ms iter=164 WAIST cost=8.0000 best_alt=6.0000 gap=2.0000 tried=5 sep_labels=6 clique_frac=1.00
t=70755ms iter=164 REBUILD reject new_tc=16.6485 (was 16.6346)
t=70865ms iter=164 incumb=16.6346 ratchet=16.6427 best=16.6346 since_improve=115
t=70867ms iter=165 WAIST cost=8.0000 best_alt=5.0000 gap=3.0000 tried=5 sep_labels=5 clique_frac=1.00
t=71200ms iter=165 REBUILD reject new_tc=16.6388 (was 16.6346)
t=71317ms iter=165 incumb=16.6346 ratchet=16.6553 best=16.6346 since_improve=116
t=71319ms iter=166 WAIST cost=8.0000 best_alt=6.0000 gap=2.0000 tried=5 sep_labels=6 clique_frac=1.00
t=71655ms iter=166 REBUILD reject new_tc=16.6434 (was 16.6346)
t=71769ms iter=166 incumb=16.6346 ratchet=16.6443 best=16.6346 since_improve=117
t=71771ms iter=167 WAIST cost=8.0000 best_alt=5.0000 gap=3.0000 tried=5 sep_labels=5 clique_frac=1.00
t=72107ms iter=167 REBUILD reject new_tc=16.6356 (was 16.6346)
t=72220ms iter=167 incumb=16.6346 ratchet=16.6452 best=16.6346 since_improve=118
t=72222ms iter=168 WAIST cost=8.0000 best_alt=6.0000 gap=2.0000 tried=5 sep_labels=6 clique_frac=1.00
t=72532ms iter=168 REBUILD reject new_tc=16.6411 (was 16.6346)
t=72643ms iter=168 incumb=16.6346 ratchet=16.6450 best=16.6346 since_improve=119
t=72645ms iter=169 WAIST cost=8.0000 best_alt=6.0000 gap=2.0000 tried=5 sep_labels=6 clique_frac=1.00
t=72948ms iter=169 REBUILD reject new_tc=16.6438 (was 16.6346)
t=73059ms iter=169 incumb=16.6346 ratchet=16.6469 best=16.6346 since_improve=120
t=73061ms iter=170 WAIST cost=8.0000 best_alt=5.0000 gap=3.0000 tried=5 sep_labels=5 clique_frac=0.90
t=73341ms iter=170 REBUILD reject new_tc=16.6456 (was 16.6346)
t=73453ms iter=170 incumb=16.6346 ratchet=16.6452 best=16.6346 since_improve=121
t=73455ms iter=171 WAIST cost=8.0000 best_alt=6.0000 gap=2.0000 tried=5 sep_labels=6 clique_frac=1.00
t=73742ms iter=171 REBUILD reject new_tc=16.6427 (was 16.6346)
t=73852ms iter=171 incumb=16.6346 ratchet=16.6452 best=16.6346 since_improve=122
t=73854ms iter=172 WAIST cost=8.0000 best_alt=6.0000 gap=2.0000 tried=5 sep_labels=6 clique_frac=1.00
t=74142ms iter=172 REBUILD reject new_tc=16.6409 (was 16.6346)
t=74256ms iter=172 incumb=16.6346 ratchet=16.6429 best=16.6346 since_improve=123
t=74258ms iter=173 WAIST cost=8.0000 best_alt=5.0000 gap=3.0000 tried=5 sep_labels=5 clique_frac=1.00
t=74567ms iter=173 REBUILD reject new_tc=16.6445 (was 16.6346)
t=74679ms iter=173 incumb=16.6346 ratchet=16.6447 best=16.6346 since_improve=124
t=74681ms iter=174 WAIST cost=8.0000 best_alt=6.0000 gap=2.0000 tried=5 sep_labels=6 clique_frac=1.00
t=74994ms iter=174 REBUILD reject new_tc=16.6414 (was 16.6346)
t=75108ms iter=174 incumb=16.6346 ratchet=16.6459 best=16.6346 since_improve=125
t=75110ms iter=175 WAIST cost=8.0000 best_alt=5.0000 gap=3.0000 tried=5 sep_labels=5 clique_frac=0.90
t=75418ms iter=175 REBUILD reject new_tc=16.6421 (was 16.6346)
t=75530ms iter=175 incumb=16.6346 ratchet=16.6404 best=16.6346 since_improve=126
t=75532ms iter=176 WAIST cost=8.0000 best_alt=6.0000 gap=2.0000 tried=5 sep_labels=6 clique_frac=1.00
t=75825ms iter=176 REBUILD reject new_tc=16.6445 (was 16.6346)
t=75934ms iter=176 incumb=16.6346 ratchet=16.6402 best=16.6346 since_improve=127
t=75936ms iter=177 WAIST cost=8.0000 best_alt=5.0000 gap=3.0000 tried=5 sep_labels=5 clique_frac=0.90
t=76246ms iter=177 REBUILD reject new_tc=16.6458 (was 16.6346)
t=76362ms iter=177 incumb=16.6346 ratchet=16.6501 best=16.6346 since_improve=128
t=76364ms iter=178 WAIST cost=8.0000 best_alt=6.0000 gap=2.0000 tried=5 sep_labels=6 clique_frac=1.00
t=76668ms iter=178 REBUILD reject new_tc=16.6388 (was 16.6346)
t=76780ms iter=178 incumb=16.6346 ratchet=16.6522 best=16.6346 since_improve=129
t=76782ms iter=179 WAIST cost=8.0000 best_alt=5.0000 gap=3.0000 tried=5 sep_labels=5 clique_frac=1.00
t=77080ms iter=179 REBUILD reject new_tc=16.6384 (was 16.6346)
t=77198ms iter=179 incumb=16.6346 ratchet=16.6484 best=16.6346 since_improve=130
t=77200ms iter=180 WAIST cost=8.0000 best_alt=5.0000 gap=3.0000 tried=5 sep_labels=5 clique_frac=1.00
t=77496ms iter=180 REBUILD reject new_tc=16.6393 (was 16.6346)
t=77612ms iter=180 incumb=16.6346 ratchet=16.6508 best=16.6346 since_improve=131
t=77614ms iter=181 WAIST cost=8.0000 best_alt=5.0000 gap=3.0000 tried=5 sep_labels=5 clique_frac=1.00
t=77931ms iter=181 REBUILD reject new_tc=16.6425 (was 16.6346)
t=78045ms iter=181 incumb=16.6346 ratchet=16.6447 best=16.6346 since_improve=132
t=78047ms iter=182 WAIST cost=8.0000 best_alt=6.0000 gap=2.0000 tried=5 sep_labels=6 clique_frac=1.00
t=78354ms iter=182 REBUILD reject new_tc=16.6496 (was 16.6346)
t=78466ms iter=182 incumb=16.6346 ratchet=16.6485 best=16.6346 since_improve=133
t=78468ms iter=183 WAIST cost=8.0000 best_alt=6.0000 gap=2.0000 tried=5 sep_labels=6 clique_frac=1.00
t=78750ms iter=183 REBUILD reject new_tc=16.6436 (was 16.6346)
t=78863ms iter=183 incumb=16.6346 ratchet=16.6483 best=16.6346 since_improve=134
t=78866ms iter=184 WAIST cost=8.0000 best_alt=6.0000 gap=2.0000 tried=5 sep_labels=6 clique_frac=1.00
t=79191ms iter=184 REBUILD reject new_tc=16.6425 (was 16.6346)
t=79299ms iter=184 incumb=16.6346 ratchet=16.6403 best=16.6346 since_improve=135
t=79301ms iter=185 WAIST cost=8.0000 best_alt=6.0000 gap=2.0000 tried=5 sep_labels=6 clique_frac=1.00
t=79590ms iter=185 REBUILD reject new_tc=16.6418 (was 16.6346)
t=79701ms iter=185 incumb=16.6346 ratchet=16.6425 best=16.6346 since_improve=136
t=79703ms iter=186 WAIST cost=8.0000 best_alt=6.0000 gap=2.0000 tried=5 sep_labels=6 clique_frac=1.00
t=80000ms iter=186 REBUILD reject new_tc=16.6404 (was 16.6346)
t=80116ms iter=186 incumb=16.6346 ratchet=16.6436 best=16.6346 since_improve=137
t=80118ms iter=187 WAIST cost=8.0000 best_alt=6.0000 gap=2.0000 tried=5 sep_labels=6 clique_frac=1.00
t=80418ms iter=187 REBUILD reject new_tc=16.6467 (was 16.6346)
t=80527ms iter=187 incumb=16.6346 ratchet=16.6414 best=16.6346 since_improve=138
t=80529ms iter=188 WAIST cost=8.0000 best_alt=5.0000 gap=3.0000 tried=5 sep_labels=5 clique_frac=1.00
t=80829ms iter=188 REBUILD reject new_tc=16.6420 (was 16.6346)
t=80944ms iter=188 incumb=16.6346 ratchet=16.6458 best=16.6346 since_improve=139
t=80946ms iter=189 WAIST cost=8.0000 best_alt=6.0000 gap=2.0000 tried=5 sep_labels=6 clique_frac=1.00
t=81257ms iter=189 REBUILD reject new_tc=16.6452 (was 16.6346)
t=81370ms iter=189 incumb=16.6346 ratchet=16.6499 best=16.6346 since_improve=140
t=81372ms iter=190 WAIST cost=8.0000 best_alt=6.0000 gap=2.0000 tried=5 sep_labels=6 clique_frac=1.00
t=81706ms iter=190 REBUILD reject new_tc=16.6415 (was 16.6346)
t=81820ms iter=190 incumb=16.6346 ratchet=16.6492 best=16.6346 since_improve=141
t=81822ms iter=191 WAIST cost=8.0000 best_alt=6.0000 gap=2.0000 tried=5 sep_labels=6 clique_frac=1.00
t=82152ms iter=191 REBUILD reject new_tc=16.6414 (was 16.6346)
t=82265ms iter=191 incumb=16.6346 ratchet=16.6503 best=16.6346 since_improve=142
t=82267ms iter=192 WAIST cost=8.0000 best_alt=6.0000 gap=2.0000 tried=5 sep_labels=6 clique_frac=1.00
t=82558ms iter=192 REBUILD reject new_tc=16.6447 (was 16.6346)
t=82674ms iter=192 incumb=16.6346 ratchet=16.6458 best=16.6346 since_improve=143
t=82676ms iter=193 WAIST cost=8.0000 best_alt=6.0000 gap=2.0000 tried=5 sep_labels=6 clique_frac=1.00
t=82961ms iter=193 REBUILD reject new_tc=16.6393 (was 16.6346)
t=83076ms iter=193 incumb=16.6346 ratchet=16.6465 best=16.6346 since_improve=144
t=83078ms iter=194 WAIST cost=8.0000 best_alt=5.0000 gap=3.0000 tried=5 sep_labels=5 clique_frac=0.90
t=83369ms iter=194 REBUILD reject new_tc=16.6417 (was 16.6346)
t=83489ms iter=194 incumb=16.6346 ratchet=16.6447 best=16.6346 since_improve=145
t=83491ms iter=195 WAIST cost=8.0000 best_alt=6.0000 gap=2.0000 tried=5 sep_labels=6 clique_frac=1.00
t=83796ms iter=195 REBUILD reject new_tc=16.6414 (was 16.6346)
t=83910ms iter=195 incumb=16.6346 ratchet=16.6407 best=16.6346 since_improve=146
t=83913ms iter=196 WAIST cost=8.0000 best_alt=5.0000 gap=3.0000 tried=5 sep_labels=5 clique_frac=0.90
t=84212ms iter=196 REBUILD reject new_tc=16.6431 (was 16.6346)
t=84322ms iter=196 incumb=16.6346 ratchet=16.6413 best=16.6346 since_improve=147
t=84324ms iter=197 WAIST cost=8.0000 best_alt=5.0000 gap=3.0000 tried=5 sep_labels=5 clique_frac=0.90
t=84634ms iter=197 REBUILD reject new_tc=16.6495 (was 16.6346)
t=84742ms iter=197 incumb=16.6346 ratchet=16.6489 best=16.6346 since_improve=148
t=84744ms iter=198 WAIST cost=8.0000 best_alt=5.0000 gap=3.0000 tried=5 sep_labels=5 clique_frac=1.00
t=85087ms iter=198 REBUILD reject new_tc=16.6415 (was 16.6346)
t=85203ms iter=198 incumb=16.6346 ratchet=16.6440 best=16.6346 since_improve=149
t=85205ms iter=199 WAIST cost=8.0000 best_alt=5.0000 gap=3.0000 tried=5 sep_labels=5 clique_frac=0.90
t=85496ms iter=199 REBUILD reject new_tc=16.6521 (was 16.6346)
t=85608ms iter=199 incumb=16.6346 ratchet=16.6443 best=16.6346 since_improve=150
t=85610ms iter=200 WAIST cost=8.0000 best_alt=5.0000 gap=3.0000 tried=5 sep_labels=5 clique_frac=1.00
t=85940ms iter=200 REBUILD reject new_tc=16.6444 (was 16.6346)
t=86053ms iter=200 incumb=16.6346 ratchet=16.6510 best=16.6346 since_improve=151
t=86055ms iter=201 WAIST cost=8.0000 best_alt=6.0000 gap=2.0000 tried=5 sep_labels=6 clique_frac=1.00
t=86350ms iter=201 REBUILD reject new_tc=16.6363 (was 16.6346)
t=86464ms iter=201 incumb=16.6346 ratchet=16.6494 best=16.6346 since_improve=152
t=86466ms iter=202 WAIST cost=8.0000 best_alt=6.0000 gap=2.0000 tried=5 sep_labels=6 clique_frac=1.00
t=86758ms iter=202 REBUILD reject new_tc=16.6526 (was 16.6346)
t=86874ms iter=202 incumb=16.6346 ratchet=16.6451 best=16.6346 since_improve=153
t=86876ms iter=203 WAIST cost=8.0000 best_alt=6.0000 gap=2.0000 tried=5 sep_labels=6 clique_frac=1.00
t=87203ms iter=203 REBUILD reject new_tc=16.6450 (was 16.6346)
t=87302ms iter=203 incumb=16.6346 ratchet=16.6982 best=16.6346 since_improve=154
t_final=87369ms tc_reduced=16.6346 tc_full=17.2561 leaves=3000
surgery summary: calls=203 cheaper_cuts=203 rebuild_accepts=2 waist_min_hits=0
