simplify: n_orig=3369 n_reduced=381 shrink=0.8869 t_simp=10ms
t_seed=608ms tc_seed=88.1293 seed_trials=10
t_dp=5547ms tc_greedy=87.4621
t=6367ms mcts_tc=86.1092
t=6506ms mcts_tc=82.5930
t=11064ms mcts_tc=81.7879
t=14352ms mcts_tc=79.0444
t=15352ms mcts_tc=78.5394
t_mcts=19596ms mcts: backup=min rollouts=320 rate=16/s depth=3 nodes=321 improves=5 tc_mcts=78.5394
ATTRIBUTION tc_greedy=87.4621 tc_mcts_prepolish=78.5394 mcts_beats_greedy=true
t=19924ms polish_tc=62.2784
t=20378ms polish_tc=62.2514
t=20562ms polish_tc=62.0589
t=21372ms polish_tc=62.0370
t=21555ms polish_tc=62.0060
t=22367ms polish_tc=61.9970
t=22553ms polish_tc=61.9068
t=23373ms polish_tc=61.8926
t=23559ms polish_tc=61.8921
t=23816ms polish_tc=61.8823
t=24366ms polish_tc=61.8583
t=24536ms polish_tc=61.8394
t=25380ms polish_tc=61.8282
t=25561ms polish_tc=61.8074
t=26375ms polish_tc=61.7841
t=26555ms polish_tc=61.7838
t=26738ms polish_tc=61.7622
t=27380ms polish_tc=61.7618
t=27566ms polish_tc=61.7601
t=28369ms polish_tc=61.7354
t=28543ms polish_tc=61.7291
t=29358ms polish_tc=61.7249
t=29546ms polish_tc=61.7174
t=30357ms polish_tc=61.7141
t=30535ms polish_tc=61.7035
t=30711ms polish_tc=61.6949
t=31374ms polish_tc=61.6829
t=31543ms polish_tc=61.6754
t=32372ms polish_tc=61.6748
t=32549ms polish_tc=61.6642
t=32727ms polish_tc=61.6626
t=33374ms polish_tc=61.6595
t=33545ms polish_tc=61.6562
t=34373ms polish_tc=61.6273
t=34547ms polish_tc=61.6107
t=35370ms polish_tc=61.6065
t=35553ms polish_tc=61.6017
t=35725ms polish_tc=61.5942
t=36375ms polish_tc=61.5671
t=36534ms polish_tc=61.5561
t=37403ms polish_tc=61.5244
t=37613ms polish_tc=61.5047
t=38376ms polish_tc=61.4967
t=38556ms polish_tc=61.4929
t=39357ms polish_tc=61.4892
t=39520ms polish_tc=61.4788
t=39689ms polish_tc=61.4557
t=40388ms polish_tc=61.4500
t=40557ms polish_tc=61.4287
t=41366ms polish_tc=61.4287
t=41540ms polish_tc=61.4214
t=42398ms polish_tc=61.4203
t=42580ms polish_tc=61.4095
t=43360ms polish_tc=61.4042
t=43527ms polish_tc=61.3991
t=44358ms polish_tc=61.3970
t=44512ms polish_tc=61.3948
t=44713ms polish_tc=61.3948
t=45377ms polish_tc=61.3863
t=45534ms polish_tc=61.3862
t=46362ms polish_tc=61.3862
t=46526ms polish_tc=61.3862
t=47368ms polish_tc=61.3862
t=47535ms polish_tc=61.3862
t=47709ms polish_tc=61.3788
t=48358ms polish_tc=61.3786
t=48528ms polish_tc=61.3786
t=48721ms polish_tc=61.3743
t=48930ms polish_tc=61.3700
t=49360ms polish_tc=61.3700
t=49522ms polish_tc=61.3699
t=49689ms polish_tc=61.3699
t=49845ms polish_tc=61.3612
t=50015ms polish_tc=61.3568
t=50369ms polish_tc=61.3568
t=50879ms polish_tc=61.3568
t=51052ms polish_tc=61.3499
t=51213ms polish_tc=61.3388
t=51375ms polish_tc=61.3382
t=51544ms polish_tc=61.3374
t=51716ms polish_tc=61.3371
t=51905ms polish_tc=61.3331
t=52073ms polish_tc=61.3253
t=52371ms polish_tc=61.3253
t=52536ms polish_tc=61.3208
t=52743ms polish_tc=61.3174
t=52923ms polish_tc=61.3163
t=53367ms polish_tc=61.3117
t=53535ms polish_tc=61.3112
t=53708ms polish_tc=61.3111
t=53885ms polish_tc=61.3090
t=54360ms polish_tc=61.3089
t=54535ms polish_tc=61.3089
t=54701ms polish_tc=61.2998
t=54867ms polish_tc=61.2998
t=55040ms polish_tc=61.2975
t=55366ms polish_tc=61.2974
t=55531ms polish_tc=61.2969
t=55702ms polish_tc=61.2969
t=55871ms polish_tc=61.2969
t=56039ms polish_tc=61.2923
t=56369ms polish_tc=61.2888
t=56535ms polish_tc=61.2888
t=56711ms polish_tc=61.2842
t=56871ms polish_tc=61.2842
t=57035ms polish_tc=61.2703
t=57372ms polish_tc=61.2703
t=57541ms polish_tc=61.2703
t=58314ms polish_tc=61.2658
t=58482ms polish_tc=61.2652
t=58647ms polish_tc=61.2652
t=58804ms polish_tc=61.2651
t=58973ms polish_tc=61.2651
t=59129ms polish_tc=61.2651
t=59367ms polish_tc=61.2651
t=59561ms polish_tc=61.2557
t=59728ms polish_tc=61.2557
t=60380ms polish_tc=61.2482
t=60557ms polish_tc=61.2481
t=60732ms polish_tc=61.2476
t=60904ms polish_tc=61.2427
t=61077ms polish_tc=61.2211
t=61373ms polish_tc=61.2211
t=61547ms polish_tc=61.2199
t=61733ms polish_tc=61.2199
t=61908ms polish_tc=61.2199
t=62366ms polish_tc=61.2199
t=62638ms polish_tc=61.2166
t=62817ms polish_tc=61.2154
t=62994ms polish_tc=61.2154
t=63360ms polish_tc=61.2069
t=63544ms polish_tc=61.2069
t=63736ms polish_tc=61.2056
t=64318ms polish_tc=61.2032
t=64495ms polish_tc=61.2020
t=64670ms polish_tc=61.2014
t=64839ms polish_tc=61.1946
t=65010ms polish_tc=61.1940
t=65178ms polish_tc=61.1915
t=65369ms polish_tc=61.1866
t=65534ms polish_tc=61.1866
t=65698ms polish_tc=61.1866
t=65868ms polish_tc=61.1863
t=66358ms polish_tc=61.1847
t=66523ms polish_tc=61.1798
t=66691ms polish_tc=61.1685
t=66857ms polish_tc=61.1685
t=67020ms polish_tc=61.1685
t=68413ms polish_tc=61.1673
t=68601ms polish_tc=61.1624
t=69377ms polish_tc=61.1586
t=69555ms polish_tc=61.1484
t=70374ms polish_tc=61.1382
t=70547ms polish_tc=61.1292
t=71377ms polish_tc=61.1136
t=71551ms polish_tc=61.1084
t=72374ms polish_tc=61.1033
t=72541ms polish_tc=61.0926
t=73370ms polish_tc=61.0926
t=73767ms polish_tc=61.0370
t=74369ms polish_tc=61.0145
t=74555ms polish_tc=61.0123
t=75375ms polish_tc=61.0088
t=75559ms polish_tc=61.0038
t=76376ms polish_tc=61.0004
t=76563ms polish_tc=60.9955
t=77376ms polish_tc=60.9859
t=77567ms polish_tc=60.9566
t=78377ms polish_tc=60.9503
t=78563ms polish_tc=60.9201
t=79378ms polish_tc=60.9040
t=79565ms polish_tc=60.9037
t=80378ms polish_tc=60.8981
t=80580ms polish_tc=60.8603
t=81390ms polish_tc=60.8568
t=81583ms polish_tc=60.8412
t=82371ms polish_tc=60.8383
t=82561ms polish_tc=60.8375
t=83376ms polish_tc=60.8339
t=83577ms polish_tc=60.8054
t=84380ms polish_tc=60.7953
t=84568ms polish_tc=60.7909
t=85376ms polish_tc=60.7860
t=85566ms polish_tc=60.7640
t=86379ms polish_tc=60.7575
t=86573ms polish_tc=60.7410
t=87380ms polish_tc=60.7400
t=87561ms polish_tc=60.7269
anneal_sweeps=14160 cycles=8 fresh=0
t_final=87574ms tc_greedy=87.4621 tc_mcts=78.5394 tc_final=60.7269 tc_full=60.7269 leaves=3369
