probe: instance=surfacecode_d21 n_orig=2203 n=761 fusible=0.6546 nlabels=798 t=13ms
seed_greedy tc=59.7850 t=519ms
t=839ms iter=1 WAIST cost=52.0000 best_alt=13.0000 gap=39.0000 tried=5 sep_labels=13 clique_frac=0.03
t=1470ms iter=1 REBUILD ACCEPT new_tc=50.4212 (was 52.1683)
t=4392ms iter=1 incumb=50.4212 ratchet=49.7801 best=49.7629 since_improve=0
t=4424ms iter=2 WAIST cost=49.0000 best_alt=29.0000 gap=20.0000 tried=5 sep_labels=29 clique_frac=0.01
t=4872ms iter=2 REBUILD ACCEPT new_tc=49.3847 (was 49.7801)
t=5286ms iter=2 incumb=49.3847 ratchet=49.2403 best=49.1851 since_improve=0
t=5312ms iter=3 WAIST cost=47.0000 best_alt=35.0000 gap=12.0000 tried=5 sep_labels=35 clique_frac=0.00
t=5615ms iter=3 REBUILD reject new_tc=49.6804 (was 49.2403)
t=5869ms iter=3 incumb=49.2403 ratchet=49.5315 best=49.1851 since_improve=1
t=5899ms iter=4 WAIST cost=47.0000 best_alt=37.0000 gap=10.0000 tried=5 sep_labels=37 clique_frac=0.03
t=6207ms iter=4 REBUILD reject new_tc=50.4799 (was 49.2403)
t=7869ms iter=4 incumb=49.2403 ratchet=49.0857 best=49.0778 since_improve=0
t=7896ms iter=5 WAIST cost=45.0000 best_alt=33.0000 gap=12.0000 tried=5 sep_labels=33 clique_frac=0.03
t=8199ms iter=5 REBUILD reject new_tc=51.2985 (was 49.0857)
t=8467ms iter=5 incumb=49.0857 ratchet=49.1516 best=49.0778 since_improve=1
t=8495ms iter=6 WAIST cost=45.0000 best_alt=33.0000 gap=12.0000 tried=5 sep_labels=33 clique_frac=0.03
t=8986ms iter=6 REBUILD ACCEPT new_tc=49.0350 (was 49.0857)
t=9881ms iter=6 incumb=49.0350 ratchet=49.0482 best=49.0236 since_improve=1
t=9905ms iter=7 WAIST cost=45.0000 best_alt=31.0000 gap=14.0000 tried=5 sep_labels=31 clique_frac=0.00
t=10213ms iter=7 REBUILD reject new_tc=52.1025 (was 49.0350)
t=10482ms iter=7 incumb=49.0350 ratchet=49.0578 best=49.0236 since_improve=2
t=10511ms iter=8 WAIST cost=45.0000 best_alt=31.0000 gap=14.0000 tried=5 sep_labels=31 clique_frac=0.01
t=10820ms iter=8 REBUILD reject new_tc=49.3842 (was 49.0350)
t=11078ms iter=8 incumb=49.0350 ratchet=49.0778 best=49.0236 since_improve=3
t=11098ms iter=9 WAIST cost=45.0000 best_alt=35.0000 gap=10.0000 tried=5 sep_labels=35 clique_frac=0.03
t=11404ms iter=9 REBUILD reject new_tc=55.0101 (was 49.0350)
t=12279ms iter=9 incumb=49.0350 ratchet=49.0263 best=49.0234 since_improve=0
t=12302ms iter=10 WAIST cost=45.0000 best_alt=37.0000 gap=8.0000 tried=5 sep_labels=37 clique_frac=0.05
t=12609ms iter=10 REBUILD reject new_tc=50.5785 (was 49.0263)
t=12866ms iter=10 incumb=49.0263 ratchet=49.1631 best=49.0234 since_improve=1
t=12893ms iter=11 WAIST cost=45.0000 best_alt=37.0000 gap=8.0000 tried=5 sep_labels=37 clique_frac=0.05
t=13383ms iter=11 REBUILD ACCEPT new_tc=48.7712 (was 49.0263)
t=13644ms iter=11 incumb=48.7712 ratchet=48.8143 best=48.7712 since_improve=1
t=13672ms iter=12 WAIST cost=45.0000 best_alt=37.0000 gap=8.0000 tried=5 sep_labels=37 clique_frac=0.01
t=14143ms iter=12 REBUILD ACCEPT new_tc=48.5066 (was 48.7712)
t=14403ms iter=12 incumb=48.5066 ratchet=48.5475 best=48.5066 since_improve=1
t=14440ms iter=13 WAIST cost=45.0000 best_alt=33.0000 gap=12.0000 tried=5 sep_labels=33 clique_frac=0.02
t=14746ms iter=13 REBUILD reject new_tc=49.1304 (was 48.5066)
t=15012ms iter=13 incumb=48.5066 ratchet=48.7208 best=48.5066 since_improve=2
t=15047ms iter=14 WAIST cost=45.0000 best_alt=33.0000 gap=12.0000 tried=5 sep_labels=33 clique_frac=0.02
t=15364ms iter=14 REBUILD reject new_tc=49.2480 (was 48.5066)
t=15618ms iter=14 incumb=48.5066 ratchet=50.3427 best=48.5066 since_improve=3
t=15664ms iter=15 WAIST cost=45.0000 best_alt=33.0000 gap=12.0000 tried=5 sep_labels=33 clique_frac=0.02
t=15966ms iter=15 REBUILD reject new_tc=52.4003 (was 48.5066)
t=16223ms iter=15 incumb=48.5066 ratchet=48.7023 best=48.5066 since_improve=4
t=16260ms iter=16 WAIST cost=45.0000 best_alt=33.0000 gap=12.0000 tried=5 sep_labels=33 clique_frac=0.02
t=16568ms iter=16 REBUILD reject new_tc=48.7843 (was 48.5066)
t=16827ms iter=16 incumb=48.5066 ratchet=48.6064 best=48.5066 since_improve=5
t=16862ms iter=17 WAIST cost=45.0000 best_alt=33.0000 gap=12.0000 tried=5 sep_labels=33 clique_frac=0.02
t=17168ms iter=17 REBUILD reject new_tc=49.3097 (was 48.5066)
t=17929ms iter=17 incumb=48.5066 ratchet=48.4830 best=48.4781 since_improve=0
t=17955ms iter=18 WAIST cost=44.0000 best_alt=40.0000 gap=4.0000 tried=5 sep_labels=40 clique_frac=0.01
t=18301ms iter=18 REBUILD reject new_tc=52.1294 (was 48.4830)
t=18565ms iter=18 incumb=48.4830 ratchet=48.5117 best=48.4781 since_improve=1
t=18593ms iter=19 WAIST cost=44.0000 best_alt=40.0000 gap=4.0000 tried=5 sep_labels=40 clique_frac=0.01
t=18943ms iter=19 REBUILD reject new_tc=49.6210 (was 48.4830)
t=19211ms iter=19 incumb=48.4830 ratchet=48.4809 best=48.4781 since_improve=0
t=19250ms iter=20 WAIST cost=43.0000 best_alt=40.0000 gap=3.0000 tried=5 sep_labels=40 clique_frac=0.01
t=19560ms iter=20 REBUILD reject new_tc=52.1573 (was 48.4809)
t_final=19739ms tc_reduced=48.4781 tc_full=48.7629 leaves=2203
surgery summary: calls=20 cheaper_cuts=20 rebuild_accepts=5 waist_min_hits=0
