simplify: n_orig=2124 n_reduced=513 shrink=0.7585 t_simp=10ms
t_seed=602ms tc_seed=44.0934 seed_trials=10
t_dp=602ms tc_greedy=44.0934
t=1149ms mcts_tc=42.8679
t=3784ms mcts_tc=39.9801
t_mcts=16978ms mcts: backup=min rollouts=256 rate=15/s depth=3 nodes=257 improves=2 tc_mcts=39.9801
ATTRIBUTION tc_greedy=44.0934 tc_mcts_prepolish=39.9801 mcts_beats_greedy=true
t=17119ms polish_tc=39.4679
t=17177ms polish_tc=38.8223
t=17236ms polish_tc=38.6924
t=17292ms polish_tc=38.2838
t=17349ms polish_tc=37.9076
t=17404ms polish_tc=37.7048
t=17458ms polish_tc=37.5043
t=17515ms polish_tc=37.3472
t=17572ms polish_tc=36.6794
t=17629ms polish_tc=36.6691
t=17691ms polish_tc=35.6878
t=17750ms polish_tc=35.0465
t=17806ms polish_tc=34.9516
t=17871ms polish_tc=34.9513
t=17940ms polish_tc=34.5611
t=18006ms polish_tc=34.5476
t=18072ms polish_tc=34.5111
t=18135ms polish_tc=34.5100
t=18190ms polish_tc=34.5000
t=18395ms polish_tc=34.4668
t=18454ms polish_tc=34.3663
t=18516ms polish_tc=34.1681
t=18576ms polish_tc=34.0137
t=18637ms polish_tc=33.9844
t=18694ms polish_tc=33.9281
t=18752ms polish_tc=33.8970
t=18811ms polish_tc=33.1477
t=18873ms polish_tc=33.0702
t=18934ms polish_tc=33.0632
t=18999ms polish_tc=32.9759
t=19058ms polish_tc=32.9722
t=19119ms polish_tc=32.9423
t=19388ms polish_tc=32.9332
t=19451ms polish_tc=32.8733
t=19511ms polish_tc=32.8593
t=19571ms polish_tc=32.8476
t=19637ms polish_tc=32.7532
t=19696ms polish_tc=32.7450
t=19761ms polish_tc=32.5208
t=19823ms polish_tc=32.4999
t=19882ms polish_tc=32.4863
t=19941ms polish_tc=31.3647
t=20004ms polish_tc=31.3478
t=20073ms polish_tc=31.3431
t=20137ms polish_tc=31.2946
t=20201ms polish_tc=31.2866
t=20398ms polish_tc=31.2554
t=20458ms polish_tc=31.0475
t=20516ms polish_tc=30.9691
t=20608ms polish_tc=30.9520
t=20689ms polish_tc=30.9288
t=20753ms polish_tc=30.9112
t=20819ms polish_tc=30.8648
t=20882ms polish_tc=30.6499
t=20946ms polish_tc=30.6257
t=21014ms polish_tc=30.6114
t=21080ms polish_tc=30.5870
t=21146ms polish_tc=30.5765
t=21393ms polish_tc=30.5231
t=21458ms polish_tc=30.4284
t=21523ms polish_tc=30.4097
t=21584ms polish_tc=30.2943
t=21647ms polish_tc=30.2765
t=21714ms polish_tc=30.2002
t=21775ms polish_tc=30.1993
t=21834ms polish_tc=30.1992
t=21894ms polish_tc=30.1949
t=21953ms polish_tc=30.1934
t=22011ms polish_tc=30.1824
t=22068ms polish_tc=30.1555
t=22126ms polish_tc=30.1507
t=22395ms polish_tc=30.1503
t=22453ms polish_tc=29.1861
t=22511ms polish_tc=29.1703
t=22576ms polish_tc=29.1229
t=22638ms polish_tc=29.0729
t=22699ms polish_tc=29.0721
t=22759ms polish_tc=29.0587
t=22817ms polish_tc=29.0408
t=22878ms polish_tc=28.3692
t=22940ms polish_tc=27.9666
t=23002ms polish_tc=27.9009
t=23066ms polish_tc=27.8910
t=23128ms polish_tc=27.8496
t=23398ms polish_tc=27.8261
t=23463ms polish_tc=27.7638
t=23527ms polish_tc=27.7628
t=23596ms polish_tc=27.7499
t=23658ms polish_tc=27.6845
t=23723ms polish_tc=27.6484
t=23787ms polish_tc=27.6400
t=23858ms polish_tc=27.6177
t=23925ms polish_tc=27.5669
t=23990ms polish_tc=27.5284
t=24054ms polish_tc=27.5227
t=24120ms polish_tc=27.5209
t=24396ms polish_tc=27.5175
t=24462ms polish_tc=27.4994
t=24527ms polish_tc=27.4902
t=24594ms polish_tc=27.0904
t=24660ms polish_tc=27.0121
t=24723ms polish_tc=27.0058
t=24800ms polish_tc=26.9986
t=24870ms polish_tc=26.9841
t=24933ms polish_tc=26.9739
t=24999ms polish_tc=26.9730
t=25069ms polish_tc=26.9541
t=25399ms polish_tc=26.9469
t=25462ms polish_tc=26.9306
t=25526ms polish_tc=26.9271
t=25588ms polish_tc=26.9220
t=25671ms polish_tc=26.9176
t=25759ms polish_tc=26.9084
t=25828ms polish_tc=26.8751
t=25895ms polish_tc=26.8707
t=25955ms polish_tc=26.8684
t=26021ms polish_tc=26.8643
t=26082ms polish_tc=26.8623
t=26146ms polish_tc=26.8546
t=26398ms polish_tc=26.8541
t=26470ms polish_tc=26.8502
t=26532ms polish_tc=26.8429
t=26598ms polish_tc=26.8319
t=26658ms polish_tc=26.8296
t=26724ms polish_tc=26.8159
t=26792ms polish_tc=26.8081
t=26867ms polish_tc=26.8074
t=26934ms polish_tc=26.8043
t=26995ms polish_tc=26.7970
t=27060ms polish_tc=26.7866
t=27151ms polish_tc=26.7781
t=27394ms polish_tc=26.7664
t=27456ms polish_tc=26.7569
t=27519ms polish_tc=26.7552
t=27582ms polish_tc=26.7536
t=27648ms polish_tc=26.7535
t=27715ms polish_tc=26.7465
t=27781ms polish_tc=26.7255
t=27845ms polish_tc=26.7247
t=27928ms polish_tc=26.7241
t=27992ms polish_tc=26.7207
t=28055ms polish_tc=26.7200
t=28140ms polish_tc=26.7193
t=28396ms polish_tc=26.7185
t=28463ms polish_tc=26.7185
t=28543ms polish_tc=26.7156
t=28613ms polish_tc=26.7156
t=28678ms polish_tc=26.7156
t=28744ms polish_tc=26.7156
t=28811ms polish_tc=26.7156
t=28982ms polish_tc=26.7154
t=29047ms polish_tc=26.7149
t=29112ms polish_tc=26.7142
t=29296ms polish_tc=26.6351
t=29364ms polish_tc=26.6158
t=29432ms polish_tc=26.5353
t=29512ms polish_tc=26.5074
t=29586ms polish_tc=26.4566
t=29660ms polish_tc=26.4372
t=29734ms polish_tc=26.3677
t=29808ms polish_tc=26.2759
t=29884ms polish_tc=26.2431
t=29964ms polish_tc=26.2134
t=30041ms polish_tc=26.1921
t=30112ms polish_tc=26.1685
t=30188ms polish_tc=26.1309
t=30399ms polish_tc=26.0953
t=30487ms polish_tc=26.0878
t=30567ms polish_tc=26.0339
t=30657ms polish_tc=26.0136
t=30732ms polish_tc=25.9926
t=30803ms polish_tc=25.9704
t=30880ms polish_tc=25.8879
t=30947ms polish_tc=25.8873
t=31040ms polish_tc=25.8864
t=31118ms polish_tc=25.8828
t=31191ms polish_tc=25.8652
t=31401ms polish_tc=25.8505
t=31490ms polish_tc=25.8444
t=31566ms polish_tc=25.8266
t=31645ms polish_tc=25.8230
t=31726ms polish_tc=25.8135
t=31813ms polish_tc=25.8113
t=31895ms polish_tc=25.8091
t=31967ms polish_tc=25.8078
t=32053ms polish_tc=25.8025
t=32139ms polish_tc=25.8008
t=32398ms polish_tc=25.7980
t=32471ms polish_tc=25.7965
t=32561ms polish_tc=25.7906
t=32638ms polish_tc=25.7888
t=32715ms polish_tc=25.7882
t=32796ms polish_tc=25.7875
t=32868ms polish_tc=25.7873
t=32937ms polish_tc=25.7800
t=33010ms polish_tc=25.7769
t=33093ms polish_tc=25.7756
t=33163ms polish_tc=25.7711
t=33400ms polish_tc=25.7645
t=33475ms polish_tc=25.7623
t=33544ms polish_tc=25.7588
t=33619ms polish_tc=25.7585
t=33689ms polish_tc=25.7563
t=33759ms polish_tc=25.7534
t=33832ms polish_tc=25.7517
t=33915ms polish_tc=25.7508
t=33988ms polish_tc=25.7504
t=34081ms polish_tc=25.7502
t=34154ms polish_tc=25.7502
t=34400ms polish_tc=25.7499
t=34473ms polish_tc=25.7490
t=34551ms polish_tc=25.7488
t=34625ms polish_tc=25.7487
t=34759ms polish_tc=25.7478
t=34847ms polish_tc=25.7478
t=34928ms polish_tc=25.7469
t=35004ms polish_tc=25.7453
t=35083ms polish_tc=25.7431
t=35164ms polish_tc=25.7430
t=35389ms polish_tc=25.7364
t=35470ms polish_tc=25.7362
t=35542ms polish_tc=25.7360
t=35619ms polish_tc=25.7360
t=35696ms polish_tc=25.7360
t=35774ms polish_tc=25.7351
t=35850ms polish_tc=25.7351
t=35925ms polish_tc=25.7339
t=36000ms polish_tc=25.7334
t=36087ms polish_tc=25.7333
t=36159ms polish_tc=25.7324
t=36398ms polish_tc=25.7324
t=36472ms polish_tc=25.7322
t=36547ms polish_tc=25.7322
t=36621ms polish_tc=25.7322
t=36695ms polish_tc=25.7321
t=36768ms polish_tc=25.7319
t=36852ms polish_tc=25.7319
t=36935ms polish_tc=25.7315
t=37011ms polish_tc=25.7306
t=51574ms polish_tc=25.7283
t=51678ms polish_tc=25.7279
t=51774ms polish_tc=25.7277
t=51871ms polish_tc=25.7275
t=51967ms polish_tc=25.7274
t=52063ms polish_tc=25.7271
t=52160ms polish_tc=25.7267
t=52249ms polish_tc=25.7267
anneal_sweeps=189008 cycles=45 fresh=11
t_final=87304ms tc_greedy=44.0934 tc_mcts=39.9801 tc_final=25.7267 tc_full=25.7274 leaves=2124
