probe: instance=ksg n_orig=5197 n=3899 fusible=0.2498 nlabels=1269 t=25ms
seed_greedy tc=70.0050 t=683ms
t=2111ms iter=1 WAIST cost=44.0000 cur_cut=35.0000 best_alt=29.0000 gap=15.0000 gap_cut=6.0000 tried=5 sep_labels=29 clique_frac=0.05
t=3077ms iter=1 REBUILD ACCEPT new_tc=44.3355 (was 44.9192)
t=3470ms iter=1 incumb=44.3355 ratchet=44.3931 best=44.3355 since_improve=1
t=3687ms iter=2 WAIST cost=44.0000 cur_cut=29.0000 best_alt=25.0000 gap=19.0000 gap_cut=4.0000 tried=5 sep_labels=25 clique_frac=0.06
t=4883ms iter=2 REBUILD ACCEPT new_tc=39.8560 (was 44.3355)
t=5839ms iter=2 incumb=39.8560 ratchet=39.8322 best=39.8322 since_improve=0
t=6028ms iter=3 WAIST cost=39.0000 cur_cut=25.0000 best_alt=25.0000 gap=14.0000 gap_cut=0.0000 tried=5 sep_labels=25 clique_frac=0.06
t=7063ms iter=3 REBUILD reject new_tc=44.1104 (was 39.8322)
t=7879ms iter=3 incumb=39.8322 ratchet=39.8200 best=39.8058 since_improve=0
t=8066ms iter=4 WAIST cost=39.0000 cur_cut=27.0000 best_alt=25.0000 gap=14.0000 gap_cut=2.0000 tried=5 sep_labels=25 clique_frac=0.06
t=9089ms iter=4 REBUILD reject new_tc=42.6471 (was 39.8200)
t=11398ms iter=4 incumb=39.8200 ratchet=39.3507 best=39.3507 since_improve=0
t=11673ms iter=5 WAIST cost=37.0000 cur_cut=32.0000 best_alt=27.0000 gap=10.0000 gap_cut=5.0000 tried=5 sep_labels=27 clique_frac=0.05
t=12532ms iter=5 REBUILD reject new_tc=44.1821 (was 39.3507)
t=15402ms iter=5 incumb=39.3507 ratchet=39.1733 best=39.1733 since_improve=0
t=15508ms iter=6 WAIST cost=37.0000 cur_cut=13.0000 best_alt=2.0000 gap=35.0000 gap_cut=11.0000 tried=5 sep_labels=2 clique_frac=1.00
t=16570ms iter=6 REBUILD reject new_tc=40.5383 (was 39.1733)
t=17818ms iter=6 incumb=39.1733 ratchet=38.9938 best=38.9938 since_improve=0
t=17935ms iter=7 WAIST cost=37.0000 cur_cut=13.0000 best_alt=2.0000 gap=35.0000 gap_cut=11.0000 tried=5 sep_labels=2 clique_frac=1.00
t=19002ms iter=7 REBUILD reject new_tc=42.3725 (was 38.9938)
t=19429ms iter=7 incumb=38.9938 ratchet=39.2857 best=38.9938 since_improve=1
t=19544ms iter=8 WAIST cost=37.0000 cur_cut=13.0000 best_alt=2.0000 gap=35.0000 gap_cut=11.0000 tried=5 sep_labels=2 clique_frac=1.00
t=20596ms iter=8 REBUILD reject new_tc=39.9295 (was 38.9938)
t=21630ms iter=8 incumb=38.9938 ratchet=38.9760 best=38.9740 since_improve=0
t=21751ms iter=9 WAIST cost=37.0000 cur_cut=13.0000 best_alt=11.0000 gap=26.0000 gap_cut=2.0000 tried=5 sep_labels=11 clique_frac=0.13
t=22801ms iter=9 REBUILD reject new_tc=40.8710 (was 38.9760)
t=23231ms iter=9 incumb=38.9760 ratchet=39.0279 best=38.9740 since_improve=1
t=23354ms iter=10 WAIST cost=37.0000 cur_cut=13.0000 best_alt=13.0000 gap=24.0000 gap_cut=0.0000 tried=5 sep_labels=13 clique_frac=0.09
t=24399ms iter=10 REBUILD reject new_tc=42.8348 (was 38.9760)
t=24841ms iter=10 incumb=38.9760 ratchet=39.4924 best=38.9740 since_improve=2
t=24948ms iter=11 WAIST cost=37.0000 cur_cut=13.0000 best_alt=2.0000 gap=35.0000 gap_cut=11.0000 tried=5 sep_labels=2 clique_frac=1.00
t=26213ms iter=11 REBUILD ACCEPT new_tc=38.6627 (was 38.9760)
t=28399ms iter=11 incumb=38.6627 ratchet=37.5272 best=37.5272 since_improve=0
t=28543ms iter=12 WAIST cost=36.0000 cur_cut=21.0000 best_alt=20.0000 gap=16.0000 gap_cut=1.0000 tried=5 sep_labels=20 clique_frac=0.07
t=29585ms iter=12 REBUILD reject new_tc=40.1929 (was 37.5272)
t=30422ms iter=12 incumb=37.5272 ratchet=37.5154 best=37.5154 since_improve=0
t=30590ms iter=13 WAIST cost=36.0000 cur_cut=19.0000 best_alt=19.0000 gap=17.0000 gap_cut=0.0000 tried=5 sep_labels=19 clique_frac=0.07
t=31624ms iter=13 REBUILD reject new_tc=38.8361 (was 37.5154)
t=32918ms iter=13 incumb=37.5154 ratchet=37.4418 best=37.4414 since_improve=0
t=33054ms iter=14 WAIST cost=36.0000 cur_cut=19.0000 best_alt=19.0000 gap=17.0000 gap_cut=0.0000 tried=5 sep_labels=19 clique_frac=0.07
t=34264ms iter=14 REBUILD reject new_tc=41.3888 (was 37.4418)
t=35094ms iter=14 incumb=37.4418 ratchet=37.4216 best=37.4000 since_improve=0
t=35214ms iter=15 WAIST cost=36.0000 cur_cut=18.0000 best_alt=7.0000 gap=29.0000 gap_cut=11.0000 tried=5 sep_labels=7 clique_frac=0.14
t=36246ms iter=15 REBUILD reject new_tc=46.2054 (was 37.4216)
t=39782ms iter=15 incumb=37.4216 ratchet=37.0544 best=37.0544 since_improve=0
t=39938ms iter=16 WAIST cost=35.0000 cur_cut=18.0000 best_alt=2.0000 gap=33.0000 gap_cut=16.0000 tried=5 sep_labels=2 clique_frac=1.00
t=40993ms iter=16 REBUILD reject new_tc=43.1183 (was 37.0544)
t=41858ms iter=16 incumb=37.0544 ratchet=37.0522 best=37.0522 since_improve=0
t=42000ms iter=17 WAIST cost=35.0000 cur_cut=18.0000 best_alt=11.0000 gap=24.0000 gap_cut=7.0000 tried=5 sep_labels=11 clique_frac=0.13
t=43082ms iter=17 REBUILD reject new_tc=39.9207 (was 37.0522)
t=43508ms iter=17 incumb=37.0522 ratchet=37.2951 best=37.0522 since_improve=1
t=43652ms iter=18 WAIST cost=35.0000 cur_cut=18.0000 best_alt=12.0000 gap=23.0000 gap_cut=6.0000 tried=5 sep_labels=12 clique_frac=0.05
t=44712ms iter=18 REBUILD reject new_tc=44.0478 (was 37.0522)
t=45140ms iter=18 incumb=37.0522 ratchet=37.0928 best=37.0522 since_improve=2
t=45263ms iter=19 WAIST cost=35.0000 cur_cut=18.0000 best_alt=2.0000 gap=33.0000 gap_cut=16.0000 tried=5 sep_labels=2 clique_frac=1.00
t=46332ms iter=19 REBUILD reject new_tc=46.4389 (was 37.0522)
t=46756ms iter=19 incumb=37.0522 ratchet=37.9426 best=37.0522 since_improve=3
t=46874ms iter=20 WAIST cost=35.0000 cur_cut=18.0000 best_alt=2.0000 gap=33.0000 gap_cut=16.0000 tried=5 sep_labels=2 clique_frac=1.00
t=47951ms iter=20 REBUILD reject new_tc=39.8717 (was 37.0522)
t=48388ms iter=20 incumb=37.0522 ratchet=37.4185 best=37.0522 since_improve=4
t=48513ms iter=21 WAIST cost=35.0000 cur_cut=18.0000 best_alt=2.0000 gap=33.0000 gap_cut=16.0000 tried=5 sep_labels=2 clique_frac=1.00
t=49593ms iter=21 REBUILD reject new_tc=43.5227 (was 37.0522)
t=50679ms iter=21 incumb=37.0522 ratchet=37.0340 best=37.0230 since_improve=0
t=50829ms iter=22 WAIST cost=35.0000 cur_cut=18.0000 best_alt=12.0000 gap=23.0000 gap_cut=6.0000 tried=5 sep_labels=12 clique_frac=0.05
t=51922ms iter=22 REBUILD reject new_tc=41.9500 (was 37.0340)
t=52341ms iter=22 incumb=37.0340 ratchet=37.4794 best=37.0230 since_improve=1
t=52470ms iter=23 WAIST cost=35.0000 cur_cut=18.0000 best_alt=2.0000 gap=33.0000 gap_cut=16.0000 tried=5 sep_labels=2 clique_frac=1.00
t=53519ms iter=23 REBUILD reject new_tc=45.0673 (was 37.0340)
t=53942ms iter=23 incumb=37.0340 ratchet=37.4270 best=37.0230 since_improve=2
t=54072ms iter=24 WAIST cost=35.0000 cur_cut=18.0000 best_alt=2.0000 gap=33.0000 gap_cut=16.0000 tried=5 sep_labels=2 clique_frac=1.00
t=55135ms iter=24 REBUILD reject new_tc=44.0020 (was 37.0340)
t=55546ms iter=24 incumb=37.0340 ratchet=37.4148 best=37.0230 since_improve=3
t=55667ms iter=25 WAIST cost=35.0000 cur_cut=18.0000 best_alt=2.0000 gap=33.0000 gap_cut=16.0000 tried=5 sep_labels=2 clique_frac=1.00
t=56722ms iter=25 REBUILD reject new_tc=42.1557 (was 37.0340)
t=57141ms iter=25 incumb=37.0340 ratchet=37.0610 best=37.0230 since_improve=4
t=57270ms iter=26 WAIST cost=35.0000 cur_cut=18.0000 best_alt=2.0000 gap=33.0000 gap_cut=16.0000 tried=5 sep_labels=2 clique_frac=1.00
t=58336ms iter=26 REBUILD reject new_tc=48.4098 (was 37.0340)
t=58753ms iter=26 incumb=37.0340 ratchet=37.3269 best=37.0230 since_improve=5
t=58875ms iter=27 WAIST cost=35.0000 cur_cut=18.0000 best_alt=2.0000 gap=33.0000 gap_cut=16.0000 tried=5 sep_labels=2 clique_frac=1.00
t=59945ms iter=27 REBUILD reject new_tc=39.7318 (was 37.0340)
t=60375ms iter=27 incumb=37.0340 ratchet=37.2148 best=37.0230 since_improve=6
t=60507ms iter=28 WAIST cost=35.0000 cur_cut=18.0000 best_alt=14.0000 gap=21.0000 gap_cut=4.0000 tried=5 sep_labels=14 clique_frac=0.09
t=61588ms iter=28 REBUILD reject new_tc=39.7834 (was 37.0340)
t=62690ms iter=28 incumb=37.0340 ratchet=36.8699 best=36.8635 since_improve=0
t=62810ms iter=29 WAIST cost=35.0000 cur_cut=18.0000 best_alt=18.0000 gap=17.0000 gap_cut=0.0000 tried=5 sep_labels=18 clique_frac=0.07
t=63852ms iter=29 REBUILD reject new_tc=37.8595 (was 36.8699)
t=64287ms iter=29 incumb=36.8699 ratchet=37.1235 best=36.8635 since_improve=1
t=64405ms iter=30 WAIST cost=35.0000 cur_cut=18.0000 best_alt=18.0000 gap=17.0000 gap_cut=0.0000 tried=5 sep_labels=18 clique_frac=0.07
t=65445ms iter=30 REBUILD reject new_tc=37.2949 (was 36.8699)
t=65872ms iter=30 incumb=36.8699 ratchet=37.1771 best=36.8635 since_improve=2
t=65984ms iter=31 WAIST cost=35.0000 cur_cut=18.0000 best_alt=2.0000 gap=33.0000 gap_cut=16.0000 tried=5 sep_labels=2 clique_frac=1.00
t=67042ms iter=31 REBUILD reject new_tc=41.4161 (was 36.8699)
t=67472ms iter=31 incumb=36.8699 ratchet=37.2460 best=36.8635 since_improve=3
t=67609ms iter=32 WAIST cost=35.0000 cur_cut=18.0000 best_alt=7.0000 gap=28.0000 gap_cut=11.0000 tried=5 sep_labels=7 clique_frac=0.19
t=68667ms iter=32 REBUILD reject new_tc=40.1956 (was 36.8699)
t=69105ms iter=32 incumb=36.8699 ratchet=37.7810 best=36.8635 since_improve=4
t=69240ms iter=33 WAIST cost=35.0000 cur_cut=18.0000 best_alt=2.0000 gap=33.0000 gap_cut=16.0000 tried=5 sep_labels=2 clique_frac=1.00
t=70297ms iter=33 REBUILD reject new_tc=41.6894 (was 36.8699)
t=70736ms iter=33 incumb=36.8699 ratchet=37.0340 best=36.8635 since_improve=5
t=70864ms iter=34 WAIST cost=35.0000 cur_cut=18.0000 best_alt=2.0000 gap=33.0000 gap_cut=16.0000 tried=5 sep_labels=2 clique_frac=1.00
t=71928ms iter=34 REBUILD reject new_tc=44.0383 (was 36.8699)
t=73040ms iter=34 incumb=36.8699 ratchet=36.7822 best=36.7741 since_improve=0
t=73155ms iter=35 WAIST cost=35.0000 cur_cut=18.0000 best_alt=2.0000 gap=33.0000 gap_cut=16.0000 tried=5 sep_labels=2 clique_frac=1.00
t=74220ms iter=35 REBUILD reject new_tc=40.4811 (was 36.7822)
t=74652ms iter=35 incumb=36.7822 ratchet=37.2260 best=36.7741 since_improve=1
t=74797ms iter=36 WAIST cost=35.0000 cur_cut=18.0000 best_alt=10.0000 gap=25.0000 gap_cut=8.0000 tried=5 sep_labels=10 clique_frac=0.09
t=75879ms iter=36 REBUILD reject new_tc=50.0547 (was 36.7822)
t=76300ms iter=36 incumb=36.7822 ratchet=37.3442 best=36.7741 since_improve=2
t=76424ms iter=37 WAIST cost=35.0000 cur_cut=18.0000 best_alt=2.0000 gap=33.0000 gap_cut=16.0000 tried=5 sep_labels=2 clique_frac=1.00
t=77480ms iter=37 REBUILD reject new_tc=38.7833 (was 36.7822)
t=77917ms iter=37 incumb=36.7822 ratchet=36.8080 best=36.7741 since_improve=3
t=78047ms iter=38 WAIST cost=35.0000 cur_cut=18.0000 best_alt=2.0000 gap=33.0000 gap_cut=16.0000 tried=5 sep_labels=2 clique_frac=1.00
t=79124ms iter=38 REBUILD reject new_tc=42.5853 (was 36.7822)
t=79751ms iter=38 incumb=36.7822 ratchet=36.7670 best=36.7670 since_improve=0
t=79904ms iter=39 WAIST cost=35.0000 cur_cut=18.0000 best_alt=11.0000 gap=24.0000 gap_cut=7.0000 tried=5 sep_labels=11 clique_frac=0.13
t=80976ms iter=39 REBUILD reject new_tc=38.6389 (was 36.7670)
t=81403ms iter=39 incumb=36.7670 ratchet=36.8254 best=36.7670 since_improve=1
t=81543ms iter=40 WAIST cost=35.0000 cur_cut=18.0000 best_alt=11.0000 gap=24.0000 gap_cut=7.0000 tried=5 sep_labels=11 clique_frac=0.13
t=82639ms iter=40 REBUILD reject new_tc=39.8382 (was 36.7670)
t=83419ms iter=40 incumb=36.7670 ratchet=36.7634 best=36.7634 since_improve=0
t=83525ms iter=41 WAIST cost=35.0000 cur_cut=18.0000 best_alt=2.0000 gap=33.0000 gap_cut=16.0000 tried=5 sep_labels=2 clique_frac=1.00
t=84596ms iter=41 REBUILD reject new_tc=43.3272 (was 36.7634)
t=85030ms iter=41 incumb=36.7634 ratchet=37.4171 best=36.7634 since_improve=1
t=85160ms iter=42 WAIST cost=35.0000 cur_cut=18.0000 best_alt=2.0000 gap=33.0000 gap_cut=16.0000 tried=5 sep_labels=2 clique_frac=1.00
t=86220ms iter=42 REBUILD reject new_tc=42.2447 (was 36.7634)
t=86641ms iter=42 incumb=36.7634 ratchet=37.0292 best=36.7634 since_improve=2
t=86761ms iter=43 WAIST cost=35.0000 cur_cut=18.0000 best_alt=2.0000 gap=33.0000 gap_cut=16.0000 tried=5 sep_labels=2 clique_frac=1.00
t=87821ms iter=43 REBUILD reject new_tc=45.1131 (was 36.7634)
t_final=88022ms tc_reduced=36.7634 tc_full=36.7758 leaves=5197
surgery summary: calls=43 cheaper_cuts=43 rebuild_accepts=3 waist_min_hits=0
