t=19ms tc=26.8268 (rung cap=inf / full VE)
t_peel=1ms cap=6 peeled=78/544 residual=466
t_peel=1ms cap=10 peeled=216/544 residual=328
t_peel=1ms cap=16 peeled=216/544 residual=328
t_peel=2ms cap=26 peeled=530/544 residual=14
t_peel=2ms cap=42 peeled=530/544 residual=14
n=544 n_labels=82 floor=26.8268 ve=26.8268 best=26.8268 | probe w0=26.0 best_frac=0.026 useful=true caps_residual=[(6, 466), (10, 328), (16, 328), (26, 14), (42, 14)] | t=84ms
t=331ms tc=26.4623 (residual niters=8 k=232)
t=779ms tc=26.3506 (residual niters=16 k=232)
t=3238ms tc=26.1543 (residual niters=64 k=232)
t=6430ms tc=26.0326 (residual niters=128 k=232)
residual_rounds=7
t=11942ms rung 1/3 cap=20.8 residual=232 rtc=26.0326
residual_rounds=71
t=23971ms rung 2/3 cap=26.0 residual=14 rtc=26.8268
residual_rounds=71
t=36000ms rung 3/3 cap=32.5 residual=14 rtc=26.8261
t=67929ms tc=26.0045 (residual niters=400 k=232)
residual_rounds=10
full_treesa_rounds=6
t_final=85453ms tc_final=26.0045 source=residual residual_won=true
