simplify: n_orig=3369 n_reduced=381 shrink=0.8869 t_simp=10ms
t_seed=619ms tc_seed=85.0902 seed_trials=20
t_dp=5233ms tc_greedy=77.4963
t_mcts=20747ms mcts: backup=min rollouts=384 rate=19/s depth=3 nodes=385 improves=0 tc_mcts=77.4963
ATTRIBUTION tc_greedy=77.4963 tc_mcts_prepolish=77.4963 mcts_beats_greedy=false
t=21142ms polish_tc=75.6572
t=21314ms polish_tc=75.5194
t=22145ms polish_tc=74.6253
t=22308ms polish_tc=74.5603
t=22472ms polish_tc=74.5197
t=23149ms polish_tc=73.9235
t=23310ms polish_tc=73.7509
t=24140ms polish_tc=73.3647
t=24313ms polish_tc=73.2883
t=25138ms polish_tc=72.7709
t=25313ms polish_tc=72.7461
t=25482ms polish_tc=72.4009
t=26143ms polish_tc=72.3448
t=26300ms polish_tc=72.3077
t=26448ms polish_tc=70.7152
t=27156ms polish_tc=70.6341
t=27335ms polish_tc=70.3931
t=28146ms polish_tc=70.0763
t=28306ms polish_tc=70.0212
t=28480ms polish_tc=69.7966
t=29152ms polish_tc=68.8415
t=29331ms polish_tc=68.6791
t=30153ms polish_tc=68.6456
t=30337ms polish_tc=68.3943
t=31144ms polish_tc=68.3457
t=31308ms polish_tc=68.2622
t=31468ms polish_tc=68.2354
t=32156ms polish_tc=68.0349
t=32354ms polish_tc=67.8859
t=33157ms polish_tc=67.6484
t=33354ms polish_tc=67.4324
t=34154ms polish_tc=67.2645
t=34343ms polish_tc=67.1490
t=35146ms polish_tc=66.8325
t=35343ms polish_tc=66.5273
t=36147ms polish_tc=66.5064
t=36351ms polish_tc=66.3147
t=37154ms polish_tc=66.2180
t=37355ms polish_tc=66.1542
t=38147ms polish_tc=66.0398
t=38344ms polish_tc=65.9001
t=39138ms polish_tc=65.8623
t=39337ms polish_tc=65.8481
t=40156ms polish_tc=65.4501
t=40369ms polish_tc=65.3864
t=41150ms polish_tc=65.1428
t=41354ms polish_tc=65.1159
t=42164ms polish_tc=65.0383
t=42363ms polish_tc=64.9949
t=43148ms polish_tc=64.9688
t=43322ms polish_tc=64.8663
t=43518ms polish_tc=64.7409
t=44151ms polish_tc=64.6940
t=44356ms polish_tc=64.4827
t=44573ms polish_tc=64.4209
t=45157ms polish_tc=64.3334
t=45380ms polish_tc=64.3273
t=45601ms polish_tc=63.9559
t=46148ms polish_tc=63.8904
t=46368ms polish_tc=63.7497
t=46578ms polish_tc=63.7230
t=46792ms polish_tc=63.7005
t=47156ms polish_tc=63.4730
t=47384ms polish_tc=63.2579
t=47617ms polish_tc=63.1129
t=48149ms polish_tc=63.0446
t=48376ms polish_tc=63.0089
t=48604ms polish_tc=62.7862
t=49146ms polish_tc=62.7087
t=49385ms polish_tc=62.6358
t=49627ms polish_tc=62.5654
t=50145ms polish_tc=62.4851
t=50388ms polish_tc=62.4617
t=50626ms polish_tc=62.4281
t=50860ms polish_tc=62.3203
t=51160ms polish_tc=62.3092
t=51400ms polish_tc=62.2354
t=51643ms polish_tc=62.2032
t=52155ms polish_tc=62.0194
t=52410ms polish_tc=61.9379
t=52654ms polish_tc=61.9368
t=53154ms polish_tc=61.8564
t=53408ms polish_tc=61.8498
t=53661ms polish_tc=61.8484
t=54154ms polish_tc=61.8451
t=54404ms polish_tc=61.8330
t=54650ms polish_tc=61.7951
t=55152ms polish_tc=61.7844
t=55396ms polish_tc=61.7611
t=55648ms polish_tc=61.7434
t=56149ms polish_tc=61.7284
t=56383ms polish_tc=61.7012
t=56623ms polish_tc=61.6877
t=57142ms polish_tc=61.6802
t=57373ms polish_tc=61.6702
t=57595ms polish_tc=61.6677
t=57802ms polish_tc=61.6560
t=58153ms polish_tc=61.6302
t=58365ms polish_tc=61.6214
t=58583ms polish_tc=61.5947
t=59142ms polish_tc=61.5810
t=59375ms polish_tc=61.5730
t=59600ms polish_tc=61.5712
t=59839ms polish_tc=61.5651
t=60154ms polish_tc=61.5565
t=60374ms polish_tc=61.5471
t=60594ms polish_tc=61.5251
t=61157ms polish_tc=61.5242
t=61383ms polish_tc=61.5216
t=61613ms polish_tc=61.4847
t=61821ms polish_tc=61.4799
t=62154ms polish_tc=61.4780
t=62370ms polish_tc=61.4673
t=62572ms polish_tc=61.4592
t=63137ms polish_tc=61.4507
t=63343ms polish_tc=61.4437
t=63547ms polish_tc=61.4420
t=63744ms polish_tc=61.4356
t=64146ms polish_tc=61.4292
t=64355ms polish_tc=61.4195
t=64582ms polish_tc=61.4145
t=65149ms polish_tc=61.3705
t=66138ms polish_tc=61.3617
t=66350ms polish_tc=61.3539
t=67138ms polish_tc=61.3438
t=67337ms polish_tc=61.3412
t=68145ms polish_tc=61.3411
t=68355ms polish_tc=61.3366
t=69156ms polish_tc=61.3320
t=70140ms polish_tc=61.3297
t=70336ms polish_tc=61.3265
t=71141ms polish_tc=61.3241
t=71355ms polish_tc=61.3219
t=72149ms polish_tc=61.3122
t=72356ms polish_tc=61.3074
t=73155ms polish_tc=61.2927
t=73369ms polish_tc=61.2746
t=74153ms polish_tc=61.2162
t=74351ms polish_tc=61.2141
t=75157ms polish_tc=61.2129
t=76139ms polish_tc=61.2119
t=76357ms polish_tc=61.2058
t=76556ms polish_tc=61.1997
t=77158ms polish_tc=61.1794
t=77369ms polish_tc=61.1692
t=78161ms polish_tc=61.1514
t=79140ms polish_tc=61.1514
t=79342ms polish_tc=61.1441
t=80159ms polish_tc=61.1157
t=80356ms polish_tc=61.1117
t=81148ms polish_tc=61.1015
t=81367ms polish_tc=61.1014
t=82166ms polish_tc=61.0964
t=82368ms polish_tc=61.0962
t=83157ms polish_tc=61.0734
t=83351ms polish_tc=61.0573
t=84154ms polish_tc=61.0423
t=84363ms polish_tc=61.0371
t=85160ms polish_tc=61.0290
t=85362ms polish_tc=61.0149
t=86151ms polish_tc=61.0131
t=86356ms polish_tc=60.9892
t=87162ms polish_tc=60.9742
t=88140ms polish_tc=60.9518
t=88345ms polish_tc=60.9503
anneal_sweeps=904 cycles=1 fresh=0
t_final=88357ms tc_greedy=77.4963 tc_mcts=77.4963 tc_final=60.9503 tc_full=60.9503 leaves=3369
