probe: instance=surfacecode_d21 n_orig=2203 n=761 fusible=0.6546 nlabels=798 t=6ms
seed_greedy tc=58.4698 t=533ms
t=866ms iter=1 WAIST cost=48.0000 best_alt=40.0000 gap=8.0000 tried=5 sep_labels=40 clique_frac=0.02
t=1188ms iter=1 REBUILD ACCEPT new_tc=48.9310 (was 49.7485)
t=1514ms iter=1 incumb=48.9310 ratchet=48.8654 best=48.8525 since_improve=0
t=1528ms iter=2 WAIST cost=45.0000 best_alt=33.0000 gap=12.0000 tried=5 sep_labels=33 clique_frac=0.03
t=1711ms iter=2 REBUILD reject new_tc=54.0239 (was 48.8654)
t=1843ms iter=2 incumb=48.8654 ratchet=48.8669 best=48.8525 since_improve=1
t=1855ms iter=3 WAIST cost=45.0000 best_alt=33.0000 gap=12.0000 tried=5 sep_labels=33 clique_frac=0.03
t=2071ms iter=3 REBUILD ACCEPT new_tc=48.7756 (was 48.8654)
t=2269ms iter=3 incumb=48.7756 ratchet=48.7750 best=48.7348 since_improve=0
t=2283ms iter=4 WAIST cost=45.0000 best_alt=35.0000 gap=10.0000 tried=5 sep_labels=35 clique_frac=0.02
t=2445ms iter=4 REBUILD reject new_tc=49.1572 (was 48.7750)
t=2580ms iter=4 incumb=48.7750 ratchet=48.9258 best=48.7348 since_improve=1
t=2591ms iter=5 WAIST cost=45.0000 best_alt=35.0000 gap=10.0000 tried=5 sep_labels=35 clique_frac=0.02
t=2768ms iter=5 REBUILD reject new_tc=50.4287 (was 48.7750)
t=2902ms iter=5 incumb=48.7750 ratchet=48.8509 best=48.7348 since_improve=2
t=2914ms iter=6 WAIST cost=45.0000 best_alt=35.0000 gap=10.0000 tried=5 sep_labels=35 clique_frac=0.02
t=3081ms iter=6 REBUILD reject new_tc=49.7854 (was 48.7750)
t=3235ms iter=6 incumb=48.7750 ratchet=48.7511 best=48.7348 since_improve=0
t=3248ms iter=7 WAIST cost=45.0000 best_alt=35.0000 gap=10.0000 tried=5 sep_labels=35 clique_frac=0.02
t=3413ms iter=7 REBUILD reject new_tc=49.8313 (was 48.7511)
t=3544ms iter=7 incumb=48.7511 ratchet=48.7996 best=48.7348 since_improve=1
t=3553ms iter=8 WAIST cost=45.0000 best_alt=35.0000 gap=10.0000 tried=5 sep_labels=35 clique_frac=0.02
t=3707ms iter=8 REBUILD reject new_tc=51.2035 (was 48.7511)
t=3837ms iter=8 incumb=48.7511 ratchet=48.8332 best=48.7348 since_improve=2
t=3852ms iter=9 WAIST cost=45.0000 best_alt=33.0000 gap=12.0000 tried=5 sep_labels=33 clique_frac=0.02
t=4005ms iter=9 REBUILD reject new_tc=49.4499 (was 48.7511)
t=4141ms iter=9 incumb=48.7511 ratchet=48.8475 best=48.7348 since_improve=3
t=4156ms iter=10 WAIST cost=45.0000 best_alt=35.0000 gap=10.0000 tried=5 sep_labels=35 clique_frac=0.02
t=4310ms iter=10 REBUILD reject new_tc=54.0203 (was 48.7511)
t=4442ms iter=10 incumb=48.7511 ratchet=48.8386 best=48.7348 since_improve=4
t=4452ms iter=11 WAIST cost=45.0000 best_alt=35.0000 gap=10.0000 tried=5 sep_labels=35 clique_frac=0.02
t=4609ms iter=11 REBUILD reject new_tc=51.2267 (was 48.7511)
t=4744ms iter=11 incumb=48.7511 ratchet=48.8416 best=48.7348 since_improve=5
t=4756ms iter=12 WAIST cost=45.0000 best_alt=35.0000 gap=10.0000 tried=5 sep_labels=35 clique_frac=0.02
t=4920ms iter=12 REBUILD reject new_tc=49.8049 (was 48.7511)
t=5083ms iter=12 incumb=48.7511 ratchet=48.8277 best=48.7348 since_improve=6
t=5096ms iter=13 WAIST cost=45.0000 best_alt=35.0000 gap=10.0000 tried=5 sep_labels=35 clique_frac=0.02
t=5257ms iter=13 REBUILD reject new_tc=49.8498 (was 48.7511)
t=5489ms iter=13 incumb=48.7511 ratchet=48.8250 best=48.7348 since_improve=7
t=5500ms iter=14 WAIST cost=45.0000 best_alt=35.0000 gap=10.0000 tried=5 sep_labels=35 clique_frac=0.02
t=5798ms iter=14 REBUILD reject new_tc=54.0239 (was 48.7511)
t=5932ms iter=14 incumb=48.7511 ratchet=48.7740 best=48.7348 since_improve=8
t=5943ms iter=15 WAIST cost=45.0000 best_alt=35.0000 gap=10.0000 tried=5 sep_labels=35 clique_frac=0.02
t=6112ms iter=15 REBUILD reject new_tc=48.8956 (was 48.7511)
t=6252ms iter=15 incumb=48.7511 ratchet=48.7892 best=48.7348 since_improve=9
t=6263ms iter=16 WAIST cost=45.0000 best_alt=35.0000 gap=10.0000 tried=5 sep_labels=35 clique_frac=0.02
t=6426ms iter=16 REBUILD reject new_tc=49.0119 (was 48.7511)
t=6556ms iter=16 incumb=48.7511 ratchet=48.8438 best=48.7348 since_improve=10
t=6565ms iter=17 WAIST cost=45.0000 best_alt=35.0000 gap=10.0000 tried=5 sep_labels=35 clique_frac=0.02
t=6725ms iter=17 REBUILD reject new_tc=49.1852 (was 48.7511)
t=6867ms iter=17 incumb=48.7511 ratchet=48.8404 best=48.7348 since_improve=11
t=6879ms iter=18 WAIST cost=45.0000 best_alt=35.0000 gap=10.0000 tried=5 sep_labels=35 clique_frac=0.02
t=7030ms iter=18 REBUILD reject new_tc=57.0024 (was 48.7511)
t=7162ms iter=18 incumb=48.7511 ratchet=48.7869 best=48.7348 since_improve=12
t=7175ms iter=19 WAIST cost=45.0000 best_alt=33.0000 gap=12.0000 tried=5 sep_labels=33 clique_frac=0.02
t=7332ms iter=19 REBUILD reject new_tc=48.8929 (was 48.7511)
t=7462ms iter=19 incumb=48.7511 ratchet=48.8638 best=48.7348 since_improve=13
t=7471ms iter=20 WAIST cost=45.0000 best_alt=35.0000 gap=10.0000 tried=5 sep_labels=35 clique_frac=0.02
t=7662ms iter=20 REBUILD reject new_tc=54.0265 (was 48.7511)
t=7825ms iter=20 incumb=48.7511 ratchet=48.8687 best=48.7348 since_improve=14
t=7841ms iter=21 WAIST cost=45.0000 best_alt=35.0000 gap=10.0000 tried=5 sep_labels=35 clique_frac=0.02
t=8021ms iter=21 REBUILD reject new_tc=49.9478 (was 48.7511)
t=8151ms iter=21 incumb=48.7511 ratchet=48.7744 best=48.7348 since_improve=15
t=8161ms iter=22 WAIST cost=45.0000 best_alt=35.0000 gap=10.0000 tried=5 sep_labels=35 clique_frac=0.02
t=8319ms iter=22 REBUILD reject new_tc=49.5282 (was 48.7511)
t=8454ms iter=22 incumb=48.7511 ratchet=48.8166 best=48.7348 since_improve=16
t=8469ms iter=23 WAIST cost=45.0000 best_alt=35.0000 gap=10.0000 tried=5 sep_labels=35 clique_frac=0.02
t=8624ms iter=23 REBUILD reject new_tc=53.0561 (was 48.7511)
t=8759ms iter=23 incumb=48.7511 ratchet=48.8128 best=48.7348 since_improve=17
t=8772ms iter=24 WAIST cost=45.0000 best_alt=33.0000 gap=12.0000 tried=5 sep_labels=33 clique_frac=0.02
t=8940ms iter=24 REBUILD reject new_tc=52.0986 (was 48.7511)
t=9074ms iter=24 incumb=48.7511 ratchet=48.8609 best=48.7348 since_improve=18
t=9088ms iter=25 WAIST cost=45.0000 best_alt=35.0000 gap=10.0000 tried=5 sep_labels=35 clique_frac=0.02
t=9249ms iter=25 REBUILD reject new_tc=48.9309 (was 48.7511)
t=9382ms iter=25 incumb=48.7511 ratchet=48.8154 best=48.7348 since_improve=19
t=9396ms iter=26 WAIST cost=45.0000 best_alt=33.0000 gap=12.0000 tried=5 sep_labels=33 clique_frac=0.01
t=9554ms iter=26 REBUILD reject new_tc=53.0437 (was 48.7511)
t=9786ms iter=26 incumb=48.7511 ratchet=48.8452 best=48.7348 since_improve=20
t=9796ms iter=27 WAIST cost=45.0000 best_alt=35.0000 gap=10.0000 tried=5 sep_labels=35 clique_frac=0.02
t=10106ms iter=27 REBUILD reject new_tc=49.8270 (was 48.7511)
t=10425ms iter=27 incumb=48.7511 ratchet=48.8627 best=48.7348 since_improve=21
t=10440ms iter=28 WAIST cost=45.0000 best_alt=35.0000 gap=10.0000 tried=5 sep_labels=35 clique_frac=0.02
t=10642ms iter=28 REBUILD reject new_tc=50.4324 (was 48.7511)
t=10815ms iter=28 incumb=48.7511 ratchet=48.8899 best=48.7348 since_improve=22
t=10828ms iter=29 WAIST cost=45.0000 best_alt=35.0000 gap=10.0000 tried=5 sep_labels=35 clique_frac=0.02
t=11007ms iter=29 REBUILD reject new_tc=55.0110 (was 48.7511)
t=11156ms iter=29 incumb=48.7511 ratchet=48.8510 best=48.7348 since_improve=23
t=11169ms iter=30 WAIST cost=45.0000 best_alt=35.0000 gap=10.0000 tried=5 sep_labels=35 clique_frac=0.02
t=11348ms iter=30 REBUILD reject new_tc=51.2167 (was 48.7511)
t=11500ms iter=30 incumb=48.7511 ratchet=48.8507 best=48.7348 since_improve=24
t=11513ms iter=31 WAIST cost=45.0000 best_alt=35.0000 gap=10.0000 tried=5 sep_labels=35 clique_frac=0.02
t=11676ms iter=31 REBUILD reject new_tc=52.0918 (was 48.7511)
t=11818ms iter=31 incumb=48.7511 ratchet=48.8280 best=48.7348 since_improve=25
t=11829ms iter=32 WAIST cost=45.0000 best_alt=35.0000 gap=10.0000 tried=5 sep_labels=35 clique_frac=0.02
t=11991ms iter=32 REBUILD reject new_tc=49.2904 (was 48.7511)
t=12127ms iter=32 incumb=48.7511 ratchet=48.8557 best=48.7348 since_improve=26
t=12138ms iter=33 WAIST cost=45.0000 best_alt=35.0000 gap=10.0000 tried=5 sep_labels=35 clique_frac=0.02
t=12314ms iter=33 REBUILD reject new_tc=51.2407 (was 48.7511)
t=12464ms iter=33 incumb=48.7511 ratchet=48.9105 best=48.7348 since_improve=27
t=12475ms iter=34 WAIST cost=45.0000 best_alt=33.0000 gap=12.0000 tried=5 sep_labels=33 clique_frac=0.01
t=12642ms iter=34 REBUILD reject new_tc=51.2025 (was 48.7511)
t=12795ms iter=34 incumb=48.7511 ratchet=48.8006 best=48.7348 since_improve=28
t=12807ms iter=35 WAIST cost=45.0000 best_alt=35.0000 gap=10.0000 tried=5 sep_labels=35 clique_frac=0.02
t=12988ms iter=35 REBUILD reject new_tc=49.3648 (was 48.7511)
t=13132ms iter=35 incumb=48.7511 ratchet=48.8152 best=48.7348 since_improve=29
t=13143ms iter=36 WAIST cost=45.0000 best_alt=35.0000 gap=10.0000 tried=5 sep_labels=35 clique_frac=0.02
t=13307ms iter=36 REBUILD reject new_tc=49.7985 (was 48.7511)
t=13441ms iter=36 incumb=48.7511 ratchet=48.8508 best=48.7348 since_improve=30
t=13451ms iter=37 WAIST cost=45.0000 best_alt=35.0000 gap=10.0000 tried=5 sep_labels=35 clique_frac=0.02
t=13614ms iter=37 REBUILD reject new_tc=49.8514 (was 48.7511)
t=13753ms iter=37 incumb=48.7511 ratchet=48.8169 best=48.7348 since_improve=31
t=13766ms iter=38 WAIST cost=45.0000 best_alt=35.0000 gap=10.0000 tried=5 sep_labels=35 clique_frac=0.02
t=13929ms iter=38 REBUILD reject new_tc=49.3280 (was 48.7511)
t=14058ms iter=38 incumb=48.7511 ratchet=48.7907 best=48.7348 since_improve=32
t=14071ms iter=39 WAIST cost=45.0000 best_alt=35.0000 gap=10.0000 tried=5 sep_labels=35 clique_frac=0.02
t=14230ms iter=39 REBUILD reject new_tc=55.0112 (was 48.7511)
t=14365ms iter=39 incumb=48.7511 ratchet=48.7627 best=48.7348 since_improve=33
t=14378ms iter=40 WAIST cost=45.0000 best_alt=35.0000 gap=10.0000 tried=5 sep_labels=35 clique_frac=0.02
t=14544ms iter=40 REBUILD reject new_tc=49.0899 (was 48.7511)
t=14685ms iter=40 incumb=48.7511 ratchet=48.8144 best=48.7348 since_improve=34
t=14695ms iter=41 WAIST cost=45.0000 best_alt=35.0000 gap=10.0000 tried=5 sep_labels=35 clique_frac=0.02
t=14860ms iter=41 REBUILD reject new_tc=50.3053 (was 48.7511)
t=15000ms iter=41 incumb=48.7511 ratchet=48.8499 best=48.7348 since_improve=35
t=15013ms iter=42 WAIST cost=45.0000 best_alt=35.0000 gap=10.0000 tried=5 sep_labels=35 clique_frac=0.02
t=15170ms iter=42 REBUILD reject new_tc=56.4980 (was 48.7511)
t=15301ms iter=42 incumb=48.7511 ratchet=48.8128 best=48.7348 since_improve=36
t=15319ms iter=43 WAIST cost=45.0000 best_alt=35.0000 gap=10.0000 tried=5 sep_labels=35 clique_frac=0.02
t=15478ms iter=43 REBUILD reject new_tc=52.1092 (was 48.7511)
t=15614ms iter=43 incumb=48.7511 ratchet=48.9871 best=48.7348 since_improve=37
t=15625ms iter=44 WAIST cost=45.0000 best_alt=35.0000 gap=10.0000 tried=5 sep_labels=35 clique_frac=0.02
t=15788ms iter=44 REBUILD reject new_tc=55.0106 (was 48.7511)
t=15930ms iter=44 incumb=48.7511 ratchet=48.7867 best=48.7348 since_improve=38
t=15947ms iter=45 WAIST cost=45.0000 best_alt=35.0000 gap=10.0000 tried=5 sep_labels=35 clique_frac=0.02
t=16112ms iter=45 REBUILD reject new_tc=51.2200 (was 48.7511)
t=16247ms iter=45 incumb=48.7511 ratchet=48.9380 best=48.7348 since_improve=39
t=16261ms iter=46 WAIST cost=45.0000 best_alt=35.0000 gap=10.0000 tried=5 sep_labels=35 clique_frac=0.02
t=16427ms iter=46 REBUILD reject new_tc=49.8555 (was 48.7511)
t=16562ms iter=46 incumb=48.7511 ratchet=48.7607 best=48.7348 since_improve=40
t=16573ms iter=47 WAIST cost=45.0000 best_alt=35.0000 gap=10.0000 tried=5 sep_labels=35 clique_frac=0.02
t=16734ms iter=47 REBUILD reject new_tc=50.4691 (was 48.7511)
t=16878ms iter=47 incumb=48.7511 ratchet=48.8259 best=48.7348 since_improve=41
t=16888ms iter=48 WAIST cost=45.0000 best_alt=35.0000 gap=10.0000 tried=5 sep_labels=35 clique_frac=0.02
t=17066ms iter=48 REBUILD reject new_tc=49.8144 (was 48.7511)
t=17205ms iter=48 incumb=48.7511 ratchet=48.9025 best=48.7348 since_improve=42
t=17215ms iter=49 WAIST cost=45.0000 best_alt=33.0000 gap=12.0000 tried=5 sep_labels=33 clique_frac=0.01
t=17374ms iter=49 REBUILD reject new_tc=53.0501 (was 48.7511)
t=17514ms iter=49 incumb=48.7511 ratchet=48.8517 best=48.7348 since_improve=43
t=17531ms iter=50 WAIST cost=45.0000 best_alt=35.0000 gap=10.0000 tried=5 sep_labels=35 clique_frac=0.02
t=17693ms iter=50 REBUILD reject new_tc=51.2229 (was 48.7511)
t=17832ms iter=50 incumb=48.7511 ratchet=48.8993 best=48.7348 since_improve=44
t=17844ms iter=51 WAIST cost=45.0000 best_alt=35.0000 gap=10.0000 tried=5 sep_labels=35 clique_frac=0.02
t=18009ms iter=51 REBUILD reject new_tc=55.3889 (was 48.7511)
t=18148ms iter=51 incumb=48.7511 ratchet=48.8306 best=48.7348 since_improve=45
t=18160ms iter=52 WAIST cost=45.0000 best_alt=35.0000 gap=10.0000 tried=5 sep_labels=35 clique_frac=0.02
t=18323ms iter=52 REBUILD reject new_tc=48.9483 (was 48.7511)
t=18455ms iter=52 incumb=48.7511 ratchet=48.8030 best=48.7348 since_improve=46
t=18465ms iter=53 WAIST cost=45.0000 best_alt=35.0000 gap=10.0000 tried=5 sep_labels=35 clique_frac=0.02
t=18631ms iter=53 REBUILD reject new_tc=49.3483 (was 48.7511)
t=18759ms iter=53 incumb=48.7511 ratchet=48.8226 best=48.7348 since_improve=47
t=18769ms iter=54 WAIST cost=45.0000 best_alt=35.0000 gap=10.0000 tried=5 sep_labels=35 clique_frac=0.02
t=18922ms iter=54 REBUILD reject new_tc=55.0110 (was 48.7511)
t=19056ms iter=54 incumb=48.7511 ratchet=48.8510 best=48.7348 since_improve=48
t=19066ms iter=55 WAIST cost=45.0000 best_alt=35.0000 gap=10.0000 tried=5 sep_labels=35 clique_frac=0.02
t=19220ms iter=55 REBUILD reject new_tc=55.0105 (was 48.7511)
t=19353ms iter=55 incumb=48.7511 ratchet=48.8124 best=48.7348 since_improve=49
t=19366ms iter=56 WAIST cost=45.0000 best_alt=35.0000 gap=10.0000 tried=5 sep_labels=35 clique_frac=0.02
t=19522ms iter=56 REBUILD reject new_tc=50.4339 (was 48.7511)
t=19651ms iter=56 incumb=48.7511 ratchet=48.7709 best=48.7348 since_improve=50
t=19662ms iter=57 WAIST cost=45.0000 best_alt=35.0000 gap=10.0000 tried=5 sep_labels=35 clique_frac=0.02
t=19825ms iter=57 REBUILD reject new_tc=48.8545 (was 48.7511)
t=19955ms iter=57 incumb=48.7511 ratchet=49.3323 best=48.7348 since_improve=51
t=19966ms iter=58 WAIST cost=45.0000 best_alt=35.0000 gap=10.0000 tried=5 sep_labels=35 clique_frac=0.02
t=20123ms iter=58 REBUILD reject new_tc=49.8502 (was 48.7511)
t=20253ms iter=58 incumb=48.7511 ratchet=48.8125 best=48.7348 since_improve=52
t=20262ms iter=59 WAIST cost=45.0000 best_alt=35.0000 gap=10.0000 tried=5 sep_labels=35 clique_frac=0.02
t=20477ms iter=59 REBUILD ACCEPT new_tc=48.6583 (was 48.7511)
t=20614ms iter=59 incumb=48.6583 ratchet=48.8928 best=48.6583 since_improve=1
t=20626ms iter=60 WAIST cost=46.0000 best_alt=33.0000 gap=13.0000 tried=5 sep_labels=33 clique_frac=0.00
t=20784ms iter=60 REBUILD reject new_tc=49.4660 (was 48.6583)
t=20917ms iter=60 incumb=48.6583 ratchet=48.7249 best=48.6583 since_improve=2
t=20930ms iter=61 WAIST cost=46.0000 best_alt=33.0000 gap=13.0000 tried=5 sep_labels=33 clique_frac=0.00
t=21096ms iter=61 REBUILD reject new_tc=49.2012 (was 48.6583)
t=21349ms iter=61 incumb=48.6583 ratchet=48.6437 best=48.6332 since_improve=0
t=21365ms iter=62 WAIST cost=45.0000 best_alt=35.0000 gap=10.0000 tried=5 sep_labels=35 clique_frac=0.02
t=21526ms iter=62 REBUILD reject new_tc=49.4664 (was 48.6437)
t=21658ms iter=62 incumb=48.6437 ratchet=48.7493 best=48.6332 since_improve=1
t=21671ms iter=63 WAIST cost=45.0000 best_alt=35.0000 gap=10.0000 tried=5 sep_labels=35 clique_frac=0.02
t=21829ms iter=63 REBUILD reject new_tc=49.3670 (was 48.6437)
t=21959ms iter=63 incumb=48.6437 ratchet=48.6836 best=48.6332 since_improve=2
t=21974ms iter=64 WAIST cost=45.0000 best_alt=33.0000 gap=12.0000 tried=5 sep_labels=33 clique_frac=0.00
t=22133ms iter=64 REBUILD reject new_tc=49.2102 (was 48.6437)
t=22262ms iter=64 incumb=48.6437 ratchet=48.6700 best=48.6332 since_improve=3
t=22279ms iter=65 WAIST cost=45.0000 best_alt=35.0000 gap=10.0000 tried=5 sep_labels=35 clique_frac=0.02
t=22433ms iter=65 REBUILD reject new_tc=55.0113 (was 48.6437)
t=22563ms iter=65 incumb=48.6437 ratchet=48.7121 best=48.6332 since_improve=4
t=22577ms iter=66 WAIST cost=45.0000 best_alt=35.0000 gap=10.0000 tried=5 sep_labels=35 clique_frac=0.02
t=22733ms iter=66 REBUILD reject new_tc=50.4031 (was 48.6437)
t=22859ms iter=66 incumb=48.6437 ratchet=48.6958 best=48.6332 since_improve=5
t=22871ms iter=67 WAIST cost=45.0000 best_alt=35.0000 gap=10.0000 tried=5 sep_labels=35 clique_frac=0.02
t=23034ms iter=67 REBUILD reject new_tc=53.0619 (was 48.6437)
t=23178ms iter=67 incumb=48.6437 ratchet=48.6664 best=48.6332 since_improve=6
t=23196ms iter=68 WAIST cost=45.0000 best_alt=35.0000 gap=10.0000 tried=5 sep_labels=35 clique_frac=0.02
t=23367ms iter=68 REBUILD reject new_tc=49.8796 (was 48.6437)
t=23496ms iter=68 incumb=48.6437 ratchet=48.7087 best=48.6332 since_improve=7
t=23509ms iter=69 WAIST cost=45.0000 best_alt=35.0000 gap=10.0000 tried=5 sep_labels=35 clique_frac=0.02
t=23675ms iter=69 REBUILD reject new_tc=50.4640 (was 48.6437)
t=23809ms iter=69 incumb=48.6437 ratchet=48.6664 best=48.6332 since_improve=8
t=23824ms iter=70 WAIST cost=45.0000 best_alt=29.0000 gap=16.0000 tried=5 sep_labels=29 clique_frac=0.00
t=23979ms iter=70 REBUILD reject new_tc=49.7880 (was 48.6437)
t=24109ms iter=70 incumb=48.6437 ratchet=48.7255 best=48.6332 since_improve=9
t=24123ms iter=71 WAIST cost=45.0000 best_alt=31.0000 gap=14.0000 tried=5 sep_labels=31 clique_frac=0.02
t=24278ms iter=71 REBUILD reject new_tc=50.3621 (was 48.6437)
t=24429ms iter=71 incumb=48.6437 ratchet=48.6849 best=48.6332 since_improve=10
t=24443ms iter=72 WAIST cost=45.0000 best_alt=29.0000 gap=16.0000 tried=5 sep_labels=29 clique_frac=0.00
t=24606ms iter=72 REBUILD reject new_tc=49.7557 (was 48.6437)
t=24741ms iter=72 incumb=48.6437 ratchet=48.6990 best=48.6332 since_improve=11
t=24755ms iter=73 WAIST cost=45.0000 best_alt=31.0000 gap=14.0000 tried=5 sep_labels=31 clique_frac=0.02
t=24916ms iter=73 REBUILD reject new_tc=49.4099 (was 48.6437)
t=25059ms iter=73 incumb=48.6437 ratchet=48.6579 best=48.6332 since_improve=12
t=25070ms iter=74 WAIST cost=45.0000 best_alt=35.0000 gap=10.0000 tried=5 sep_labels=35 clique_frac=0.02
t=25227ms iter=74 REBUILD reject new_tc=48.7230 (was 48.6437)
t=25352ms iter=74 incumb=48.6437 ratchet=48.7290 best=48.6332 since_improve=13
t=25365ms iter=75 WAIST cost=45.0000 best_alt=29.0000 gap=16.0000 tried=5 sep_labels=29 clique_frac=0.01
t=25529ms iter=75 REBUILD reject new_tc=49.4181 (was 48.6437)
t=25662ms iter=75 incumb=48.6437 ratchet=48.6818 best=48.6332 since_improve=14
t=25674ms iter=76 WAIST cost=45.0000 best_alt=35.0000 gap=10.0000 tried=5 sep_labels=35 clique_frac=0.02
t=25829ms iter=76 REBUILD reject new_tc=52.1216 (was 48.6437)
t=25958ms iter=76 incumb=48.6437 ratchet=48.8392 best=48.6332 since_improve=15
t=25970ms iter=77 WAIST cost=45.0000 best_alt=35.0000 gap=10.0000 tried=5 sep_labels=35 clique_frac=0.02
t=26119ms iter=77 REBUILD reject new_tc=54.0206 (was 48.6437)
t=26245ms iter=77 incumb=48.6437 ratchet=50.3776 best=48.6332 since_improve=16
t=26258ms iter=78 WAIST cost=45.0000 best_alt=31.0000 gap=14.0000 tried=5 sep_labels=31 clique_frac=0.00
t=26414ms iter=78 REBUILD reject new_tc=49.8114 (was 48.6437)
t=26546ms iter=78 incumb=48.6437 ratchet=48.6610 best=48.6332 since_improve=17
t=26562ms iter=79 WAIST cost=45.0000 best_alt=35.0000 gap=10.0000 tried=5 sep_labels=35 clique_frac=0.02
t=26722ms iter=79 REBUILD reject new_tc=49.4384 (was 48.6437)
t=26849ms iter=79 incumb=48.6437 ratchet=48.6876 best=48.6332 since_improve=18
t=26864ms iter=80 WAIST cost=45.0000 best_alt=35.0000 gap=10.0000 tried=5 sep_labels=35 clique_frac=0.02
t=27023ms iter=80 REBUILD reject new_tc=50.3669 (was 48.6437)
t=27156ms iter=80 incumb=48.6437 ratchet=48.6708 best=48.6332 since_improve=19
t=27172ms iter=81 WAIST cost=45.0000 best_alt=31.0000 gap=14.0000 tried=5 sep_labels=31 clique_frac=0.03
t=27330ms iter=81 REBUILD reject new_tc=53.0462 (was 48.6437)
t=27528ms iter=81 incumb=48.6437 ratchet=48.6269 best=48.6269 since_improve=0
t=27544ms iter=82 WAIST cost=44.0000 best_alt=29.0000 gap=15.0000 tried=5 sep_labels=29 clique_frac=0.02
t=27709ms iter=82 REBUILD reject new_tc=52.0751 (was 48.6269)
t=27843ms iter=82 incumb=48.6269 ratchet=48.7049 best=48.6269 since_improve=1
t=27860ms iter=83 WAIST cost=44.0000 best_alt=29.0000 gap=15.0000 tried=5 sep_labels=29 clique_frac=0.02
t=28025ms iter=83 REBUILD reject new_tc=49.1348 (was 48.6269)
t=28165ms iter=83 incumb=48.6269 ratchet=48.6687 best=48.6269 since_improve=2
t=28182ms iter=84 WAIST cost=44.0000 best_alt=29.0000 gap=15.0000 tried=5 sep_labels=29 clique_frac=0.02
t=28341ms iter=84 REBUILD reject new_tc=49.3533 (was 48.6269)
t=28535ms iter=84 incumb=48.6269 ratchet=48.5911 best=48.5911 since_improve=0
t=28545ms iter=85 WAIST cost=45.0000 best_alt=39.0000 gap=6.0000 tried=5 sep_labels=39 clique_frac=0.03
t=28714ms iter=85 REBUILD reject new_tc=51.2364 (was 48.5911)
t=28899ms iter=85 incumb=48.5911 ratchet=48.5889 best=48.5882 since_improve=0
t=28913ms iter=86 WAIST cost=43.0000 best_alt=35.0000 gap=8.0000 tried=5 sep_labels=35 clique_frac=0.02
t=29072ms iter=86 REBUILD reject new_tc=51.4529 (was 48.5889)
t=29255ms iter=86 incumb=48.5889 ratchet=48.5729 best=48.5517 since_improve=0
t=29264ms iter=87 WAIST cost=44.0000 best_alt=35.0000 gap=9.0000 tried=5 sep_labels=35 clique_frac=0.01
t=29420ms iter=87 REBUILD reject new_tc=53.0357 (was 48.5729)
t=29555ms iter=87 incumb=48.5729 ratchet=48.5534 best=48.5517 since_improve=0
t=29564ms iter=88 WAIST cost=44.0000 best_alt=39.0000 gap=5.0000 tried=5 sep_labels=39 clique_frac=0.03
t=29716ms iter=88 REBUILD reject new_tc=48.7695 (was 48.5534)
t=29911ms iter=88 incumb=48.5534 ratchet=48.5356 best=48.5225 since_improve=0
t=29924ms iter=89 WAIST cost=43.0000 best_alt=33.0000 gap=10.0000 tried=5 sep_labels=33 clique_frac=0.03
t=30082ms iter=89 REBUILD reject new_tc=49.6556 (was 48.5356)
t=30219ms iter=89 incumb=48.5356 ratchet=48.6353 best=48.5225 since_improve=1
t=30234ms iter=90 WAIST cost=43.0000 best_alt=33.0000 gap=10.0000 tried=5 sep_labels=33 clique_frac=0.03
t=30392ms iter=90 REBUILD reject new_tc=49.1608 (was 48.5356)
t=30529ms iter=90 incumb=48.5356 ratchet=48.5781 best=48.5225 since_improve=2
t=30540ms iter=91 WAIST cost=43.0000 best_alt=33.0000 gap=10.0000 tried=5 sep_labels=33 clique_frac=0.03
t=30697ms iter=91 REBUILD reject new_tc=49.8485 (was 48.5356)
t=30832ms iter=91 incumb=48.5356 ratchet=48.5883 best=48.5225 since_improve=3
t=30848ms iter=92 WAIST cost=43.0000 best_alt=33.0000 gap=10.0000 tried=5 sep_labels=33 clique_frac=0.03
t=31012ms iter=92 REBUILD reject new_tc=48.9213 (was 48.5356)
t=31211ms iter=92 incumb=48.5356 ratchet=48.5142 best=48.5142 since_improve=0
t=31222ms iter=93 WAIST cost=44.0000 best_alt=40.0000 gap=4.0000 tried=5 sep_labels=40 clique_frac=0.03
t=31385ms iter=93 REBUILD reject new_tc=49.0489 (was 48.5142)
t=31582ms iter=93 incumb=48.5142 ratchet=48.4697 best=48.4593 since_improve=0
t=31595ms iter=94 WAIST cost=43.0000 best_alt=35.0000 gap=8.0000 tried=5 sep_labels=35 clique_frac=0.04
t=31752ms iter=94 REBUILD reject new_tc=53.5766 (was 48.4697)
t=31884ms iter=94 incumb=48.4697 ratchet=48.5392 best=48.4593 since_improve=1
t=31896ms iter=95 WAIST cost=43.0000 best_alt=35.0000 gap=8.0000 tried=5 sep_labels=35 clique_frac=0.02
t=32050ms iter=95 REBUILD reject new_tc=50.4260 (was 48.4697)
t=32179ms iter=95 incumb=48.4697 ratchet=48.4997 best=48.4593 since_improve=2
t=32189ms iter=96 WAIST cost=43.0000 best_alt=35.0000 gap=8.0000 tried=5 sep_labels=35 clique_frac=0.04
t=32438ms iter=96 REBUILD reject new_tc=48.6446 (was 48.4697)
t=32580ms iter=96 incumb=48.4697 ratchet=48.4859 best=48.4593 since_improve=3
t=32590ms iter=97 WAIST cost=43.0000 best_alt=40.0000 gap=3.0000 tried=5 sep_labels=40 clique_frac=0.03
t=32754ms iter=97 REBUILD reject new_tc=53.1043 (was 48.4697)
t=32894ms iter=97 incumb=48.4697 ratchet=48.4949 best=48.4593 since_improve=4
t=32906ms iter=98 WAIST cost=43.0000 best_alt=33.0000 gap=10.0000 tried=5 sep_labels=33 clique_frac=0.02
t=33068ms iter=98 REBUILD reject new_tc=51.2204 (was 48.4697)
t=33199ms iter=98 incumb=48.4697 ratchet=48.4876 best=48.4593 since_improve=5
t=33210ms iter=99 WAIST cost=43.0000 best_alt=40.0000 gap=3.0000 tried=5 sep_labels=40 clique_frac=0.03
t=33367ms iter=99 REBUILD reject new_tc=49.4877 (was 48.4697)
t=33579ms iter=99 incumb=48.4697 ratchet=48.4293 best=48.4272 since_improve=0
t=33591ms iter=100 WAIST cost=44.0000 best_alt=37.0000 gap=7.0000 tried=5 sep_labels=37 clique_frac=0.02
t=33784ms iter=100 REBUILD reject new_tc=50.6682 (was 48.4293)
t=33936ms iter=100 incumb=48.4293 ratchet=48.4731 best=48.4272 since_improve=1
t=33951ms iter=101 WAIST cost=44.0000 best_alt=31.0000 gap=13.0000 tried=5 sep_labels=31 clique_frac=0.03
t=34117ms iter=101 REBUILD reject new_tc=48.8135 (was 48.4293)
t=34253ms iter=101 incumb=48.4293 ratchet=48.4844 best=48.4272 since_improve=2
t=34264ms iter=102 WAIST cost=44.0000 best_alt=31.0000 gap=13.0000 tried=5 sep_labels=31 clique_frac=0.02
t=34422ms iter=102 REBUILD reject new_tc=50.4097 (was 48.4293)
t=34613ms iter=102 incumb=48.4293 ratchet=48.3922 best=48.3922 since_improve=0
t=34627ms iter=103 WAIST cost=43.0000 best_alt=33.0000 gap=10.0000 tried=5 sep_labels=33 clique_frac=0.01
t=34785ms iter=103 REBUILD reject new_tc=49.0823 (was 48.3922)
t=34978ms iter=103 incumb=48.3922 ratchet=48.3917 best=48.3917 since_improve=0
t=34992ms iter=104 WAIST cost=44.0000 best_alt=35.0000 gap=9.0000 tried=5 sep_labels=35 clique_frac=0.01
t=35154ms iter=104 REBUILD reject new_tc=51.2302 (was 48.3917)
t=35345ms iter=104 incumb=48.3917 ratchet=48.3701 best=48.3701 since_improve=0
t=35357ms iter=105 WAIST cost=44.0000 best_alt=39.0000 gap=5.0000 tried=5 sep_labels=39 clique_frac=0.01
t=35521ms iter=105 REBUILD reject new_tc=49.0352 (was 48.3701)
t=35721ms iter=105 incumb=48.3701 ratchet=48.3709 best=48.3570 since_improve=1
t=35731ms iter=106 WAIST cost=44.0000 best_alt=40.0000 gap=4.0000 tried=5 sep_labels=40 clique_frac=0.02
t=35901ms iter=106 REBUILD reject new_tc=49.0292 (was 48.3701)
t=36033ms iter=106 incumb=48.3701 ratchet=48.4174 best=48.3570 since_improve=2
t=36041ms iter=107 WAIST cost=44.0000 best_alt=40.0000 gap=4.0000 tried=5 sep_labels=40 clique_frac=0.02
t=36203ms iter=107 REBUILD reject new_tc=54.0330 (was 48.3701)
t=36398ms iter=107 incumb=48.3701 ratchet=48.3529 best=48.3508 since_improve=0
t=36409ms iter=108 WAIST cost=44.0000 best_alt=39.0000 gap=5.0000 tried=5 sep_labels=39 clique_frac=0.05
t=36570ms iter=108 REBUILD reject new_tc=53.0527 (was 48.3529)
t=36760ms iter=108 incumb=48.3529 ratchet=48.2855 best=48.2855 since_improve=0
t=36772ms iter=109 WAIST cost=44.0000 best_alt=39.0000 gap=5.0000 tried=5 sep_labels=39 clique_frac=0.03
t=36939ms iter=109 REBUILD reject new_tc=55.0101 (was 48.2855)
t=37076ms iter=109 incumb=48.2855 ratchet=48.2963 best=48.2855 since_improve=1
t=37085ms iter=110 WAIST cost=44.0000 best_alt=37.0000 gap=7.0000 tried=5 sep_labels=37 clique_frac=0.04
t=37257ms iter=110 REBUILD reject new_tc=49.1173 (was 48.2855)
t=37458ms iter=110 incumb=48.2855 ratchet=48.1945 best=48.1945 since_improve=0
t=37468ms iter=111 WAIST cost=44.0000 best_alt=35.0000 gap=9.0000 tried=5 sep_labels=35 clique_frac=0.02
t=37632ms iter=111 REBUILD reject new_tc=48.5143 (was 48.1945)
t=37820ms iter=111 incumb=48.1945 ratchet=48.2395 best=48.1712 since_improve=1
t=37832ms iter=112 WAIST cost=44.0000 best_alt=39.0000 gap=5.0000 tried=5 sep_labels=39 clique_frac=0.03
t=37991ms iter=112 REBUILD reject new_tc=48.9145 (was 48.1945)
t=38185ms iter=112 incumb=48.1945 ratchet=48.2043 best=48.1416 since_improve=2
t=38199ms iter=113 WAIST cost=44.0000 best_alt=35.0000 gap=9.0000 tried=5 sep_labels=35 clique_frac=0.01
t=38356ms iter=113 REBUILD reject new_tc=48.5313 (was 48.1945)
t=38486ms iter=113 incumb=48.1945 ratchet=48.2069 best=48.1416 since_improve=3
t=38495ms iter=114 WAIST cost=44.0000 best_alt=39.0000 gap=5.0000 tried=5 sep_labels=39 clique_frac=0.03
t=38649ms iter=114 REBUILD reject new_tc=54.1269 (was 48.1945)
t=38783ms iter=114 incumb=48.1945 ratchet=48.2770 best=48.1416 since_improve=4
t=38795ms iter=115 WAIST cost=44.0000 best_alt=39.0000 gap=5.0000 tried=5 sep_labels=39 clique_frac=0.03
t=39075ms iter=115 REBUILD reject new_tc=48.7418 (was 48.1945)
t=39238ms iter=115 incumb=48.1945 ratchet=48.2527 best=48.1416 since_improve=5
t=39251ms iter=116 WAIST cost=44.0000 best_alt=39.0000 gap=5.0000 tried=5 sep_labels=39 clique_frac=0.03
t=39418ms iter=116 REBUILD reject new_tc=57.0024 (was 48.1945)
t=39557ms iter=116 incumb=48.1945 ratchet=48.2218 best=48.1416 since_improve=6
t=39566ms iter=117 WAIST cost=44.0000 best_alt=39.0000 gap=5.0000 tried=5 sep_labels=39 clique_frac=0.03
t=39729ms iter=117 REBUILD reject new_tc=49.1909 (was 48.1945)
t=39867ms iter=117 incumb=48.1945 ratchet=48.1709 best=48.1416 since_improve=0
t=39884ms iter=118 WAIST cost=43.0000 best_alt=37.0000 gap=6.0000 tried=5 sep_labels=37 clique_frac=0.02
t=40061ms iter=118 REBUILD reject new_tc=51.4630 (was 48.1709)
t=40213ms iter=118 incumb=48.1709 ratchet=48.1636 best=48.1416 since_improve=0
t=40224ms iter=119 WAIST cost=44.0000 best_alt=40.0000 gap=4.0000 tried=5 sep_labels=40 clique_frac=0.02
t=40388ms iter=119 REBUILD reject new_tc=54.0322 (was 48.1636)
t=40524ms iter=119 incumb=48.1636 ratchet=48.1824 best=48.1416 since_improve=1
t=40535ms iter=120 WAIST cost=44.0000 best_alt=37.0000 gap=7.0000 tried=5 sep_labels=37 clique_frac=0.02
t=40684ms iter=120 REBUILD reject new_tc=53.0586 (was 48.1636)
t=40818ms iter=120 incumb=48.1636 ratchet=48.2050 best=48.1416 since_improve=2
t=40830ms iter=121 WAIST cost=44.0000 best_alt=37.0000 gap=7.0000 tried=5 sep_labels=37 clique_frac=0.03
t=40985ms iter=121 REBUILD reject new_tc=48.9543 (was 48.1636)
t=41112ms iter=121 incumb=48.1636 ratchet=48.2043 best=48.1416 since_improve=3
t=41123ms iter=122 WAIST cost=44.0000 best_alt=37.0000 gap=7.0000 tried=5 sep_labels=37 clique_frac=0.02
t=41289ms iter=122 REBUILD reject new_tc=48.9938 (was 48.1636)
t=41420ms iter=122 incumb=48.1636 ratchet=48.2063 best=48.1416 since_improve=4
t=41432ms iter=123 WAIST cost=44.0000 best_alt=40.0000 gap=4.0000 tried=5 sep_labels=40 clique_frac=0.02
t=41585ms iter=123 REBUILD reject new_tc=50.6283 (was 48.1636)
t=41797ms iter=123 incumb=48.1636 ratchet=48.1831 best=48.1389 since_improve=5
t=41811ms iter=124 WAIST cost=44.0000 best_alt=39.0000 gap=5.0000 tried=5 sep_labels=39 clique_frac=0.03
t=41965ms iter=124 REBUILD reject new_tc=55.0120 (was 48.1636)
t=42146ms iter=124 incumb=48.1636 ratchet=48.1406 best=48.1213 since_improve=0
t=42162ms iter=125 WAIST cost=44.0000 best_alt=40.0000 gap=4.0000 tried=5 sep_labels=40 clique_frac=0.02
t=42329ms iter=125 REBUILD reject new_tc=48.9346 (was 48.1406)
t=42520ms iter=125 incumb=48.1406 ratchet=48.0713 best=48.0467 since_improve=0
t=42531ms iter=126 WAIST cost=44.0000 best_alt=40.0000 gap=4.0000 tried=5 sep_labels=40 clique_frac=0.01
t=42697ms iter=126 REBUILD reject new_tc=55.1814 (was 48.0713)
t=42827ms iter=126 incumb=48.0713 ratchet=48.0723 best=48.0467 since_improve=1
t=42840ms iter=127 WAIST cost=44.0000 best_alt=37.0000 gap=7.0000 tried=5 sep_labels=37 clique_frac=0.01
t=42997ms iter=127 REBUILD reject new_tc=53.2377 (was 48.0713)
t=43128ms iter=127 incumb=48.0713 ratchet=48.1170 best=48.0467 since_improve=2
t=43143ms iter=128 WAIST cost=44.0000 best_alt=40.0000 gap=4.0000 tried=5 sep_labels=40 clique_frac=0.01
t=43319ms iter=128 REBUILD reject new_tc=48.9467 (was 48.0713)
t=43533ms iter=128 incumb=48.0713 ratchet=48.1434 best=48.0467 since_improve=3
t=43546ms iter=129 WAIST cost=44.0000 best_alt=40.0000 gap=4.0000 tried=5 sep_labels=40 clique_frac=0.01
t=43728ms iter=129 REBUILD reject new_tc=48.8745 (was 48.0713)
t=43854ms iter=129 incumb=48.0713 ratchet=48.1391 best=48.0467 since_improve=4
t=43868ms iter=130 WAIST cost=44.0000 best_alt=39.0000 gap=5.0000 tried=5 sep_labels=39 clique_frac=0.01
t=44014ms iter=130 REBUILD reject new_tc=53.1166 (was 48.0713)
t=44145ms iter=130 incumb=48.0713 ratchet=48.0834 best=48.0467 since_improve=5
t=44157ms iter=131 WAIST cost=44.0000 best_alt=40.0000 gap=4.0000 tried=5 sep_labels=40 clique_frac=0.01
t=44345ms iter=131 REBUILD reject new_tc=48.9983 (was 48.0713)
t=44473ms iter=131 incumb=48.0713 ratchet=48.2252 best=48.0467 since_improve=6
t=44484ms iter=132 WAIST cost=44.0000 best_alt=35.0000 gap=9.0000 tried=5 sep_labels=35 clique_frac=0.01
t=44635ms iter=132 REBUILD reject new_tc=51.3013 (was 48.0713)
t=44768ms iter=132 incumb=48.0713 ratchet=48.0909 best=48.0467 since_improve=7
t=44783ms iter=133 WAIST cost=44.0000 best_alt=39.0000 gap=5.0000 tried=5 sep_labels=39 clique_frac=0.03
t=44932ms iter=133 REBUILD reject new_tc=55.0194 (was 48.0713)
t=45058ms iter=133 incumb=48.0713 ratchet=48.1556 best=48.0467 since_improve=8
t=45069ms iter=134 WAIST cost=44.0000 best_alt=39.0000 gap=5.0000 tried=5 sep_labels=39 clique_frac=0.04
t=45248ms iter=134 REBUILD reject new_tc=49.5494 (was 48.0713)
t=45381ms iter=134 incumb=48.0713 ratchet=48.1377 best=48.0467 since_improve=9
t=45391ms iter=135 WAIST cost=44.0000 best_alt=40.0000 gap=4.0000 tried=5 sep_labels=40 clique_frac=0.01
t=45579ms iter=135 REBUILD reject new_tc=49.0283 (was 48.0713)
t=45720ms iter=135 incumb=48.0713 ratchet=48.1110 best=48.0467 since_improve=10
t=45733ms iter=136 WAIST cost=44.0000 best_alt=37.0000 gap=7.0000 tried=5 sep_labels=37 clique_frac=0.02
t=45894ms iter=136 REBUILD reject new_tc=50.5128 (was 48.0713)
t=46029ms iter=136 incumb=48.0713 ratchet=48.1232 best=48.0467 since_improve=11
t=46045ms iter=137 WAIST cost=44.0000 best_alt=39.0000 gap=5.0000 tried=5 sep_labels=39 clique_frac=0.02
t=46214ms iter=137 REBUILD reject new_tc=49.1632 (was 48.0713)
t=46354ms iter=137 incumb=48.0713 ratchet=48.1525 best=48.0467 since_improve=12
t=46367ms iter=138 WAIST cost=44.0000 best_alt=40.0000 gap=4.0000 tried=5 sep_labels=40 clique_frac=0.01
t=46543ms iter=138 REBUILD reject new_tc=56.0318 (was 48.0713)
t=46678ms iter=138 incumb=48.0713 ratchet=48.0858 best=48.0467 since_improve=13
t=46692ms iter=139 WAIST cost=44.0000 best_alt=37.0000 gap=7.0000 tried=5 sep_labels=37 clique_frac=0.00
t=46851ms iter=139 REBUILD reject new_tc=53.0800 (was 48.0713)
t=47096ms iter=139 incumb=48.0713 ratchet=48.0969 best=48.0467 since_improve=14
t=47125ms iter=140 WAIST cost=44.0000 best_alt=40.0000 gap=4.0000 tried=5 sep_labels=40 clique_frac=0.01
t=47464ms iter=140 REBUILD reject new_tc=48.6735 (was 48.0713)
t=47812ms iter=140 incumb=48.0713 ratchet=48.1113 best=48.0467 since_improve=15
t=47831ms iter=141 WAIST cost=44.0000 best_alt=40.0000 gap=4.0000 tried=5 sep_labels=40 clique_frac=0.01
t=48190ms iter=141 REBUILD reject new_tc=48.8044 (was 48.0713)
t=48470ms iter=141 incumb=48.0713 ratchet=48.1433 best=48.0467 since_improve=16
t=48517ms iter=142 WAIST cost=44.0000 best_alt=40.0000 gap=4.0000 tried=5 sep_labels=40 clique_frac=0.01
t=48767ms iter=142 REBUILD reject new_tc=49.0616 (was 48.0713)
t=48924ms iter=142 incumb=48.0713 ratchet=48.0969 best=48.0467 since_improve=17
t=48937ms iter=143 WAIST cost=44.0000 best_alt=37.0000 gap=7.0000 tried=5 sep_labels=37 clique_frac=0.02
t=49112ms iter=143 REBUILD reject new_tc=51.1865 (was 48.0713)
t=49258ms iter=143 incumb=48.0713 ratchet=48.2201 best=48.0467 since_improve=18
t=49272ms iter=144 WAIST cost=44.0000 best_alt=40.0000 gap=4.0000 tried=5 sep_labels=40 clique_frac=0.01
t=49452ms iter=144 REBUILD reject new_tc=49.8906 (was 48.0713)
t=49588ms iter=144 incumb=48.0713 ratchet=48.1347 best=48.0467 since_improve=19
t=49605ms iter=145 WAIST cost=44.0000 best_alt=39.0000 gap=5.0000 tried=5 sep_labels=39 clique_frac=0.00
t=49802ms iter=145 REBUILD reject new_tc=50.7138 (was 48.0713)
t=49930ms iter=145 incumb=48.0713 ratchet=48.1172 best=48.0467 since_improve=20
t=49943ms iter=146 WAIST cost=44.0000 best_alt=35.0000 gap=9.0000 tried=5 sep_labels=35 clique_frac=0.01
t=50103ms iter=146 REBUILD reject new_tc=53.0474 (was 48.0713)
t=50236ms iter=146 incumb=48.0713 ratchet=48.1424 best=48.0467 since_improve=21
t=50253ms iter=147 WAIST cost=44.0000 best_alt=39.0000 gap=5.0000 tried=5 sep_labels=39 clique_frac=0.02
t=50404ms iter=147 REBUILD reject new_tc=55.0128 (was 48.0713)
t=50543ms iter=147 incumb=48.0713 ratchet=48.0941 best=48.0467 since_improve=22
t=50558ms iter=148 WAIST cost=44.0000 best_alt=40.0000 gap=4.0000 tried=5 sep_labels=40 clique_frac=0.01
t=50725ms iter=148 REBUILD reject new_tc=53.2801 (was 48.0713)
t=50920ms iter=148 incumb=48.0713 ratchet=48.0662 best=48.0403 since_improve=0
t=50934ms iter=149 WAIST cost=43.0000 best_alt=37.0000 gap=6.0000 tried=5 sep_labels=37 clique_frac=0.00
t=51088ms iter=149 REBUILD reject new_tc=55.3335 (was 48.0662)
t=51225ms iter=149 incumb=48.0662 ratchet=48.1459 best=48.0403 since_improve=1
t=51239ms iter=150 WAIST cost=43.0000 best_alt=39.0000 gap=4.0000 tried=5 sep_labels=39 clique_frac=0.00
t=51439ms iter=150 REBUILD reject new_tc=51.3093 (was 48.0662)
t=51578ms iter=150 incumb=48.0662 ratchet=48.0733 best=48.0403 since_improve=2
t=51590ms iter=151 WAIST cost=43.0000 best_alt=40.0000 gap=3.0000 tried=5 sep_labels=40 clique_frac=0.01
t=51772ms iter=151 REBUILD reject new_tc=55.0242 (was 48.0662)
t=51906ms iter=151 incumb=48.0662 ratchet=48.1133 best=48.0403 since_improve=3
t=51920ms iter=152 WAIST cost=43.0000 best_alt=40.0000 gap=3.0000 tried=5 sep_labels=40 clique_frac=0.01
t=52104ms iter=152 REBUILD reject new_tc=60.0002 (was 48.0662)
t=52240ms iter=152 incumb=48.0662 ratchet=48.0478 best=48.0403 since_improve=0
t=52256ms iter=153 WAIST cost=44.0000 best_alt=40.0000 gap=4.0000 tried=5 sep_labels=40 clique_frac=0.01
t=52492ms iter=153 REBUILD reject new_tc=49.0790 (was 48.0478)
t=52827ms iter=153 incumb=48.0478 ratchet=48.0470 best=48.0335 since_improve=0
t=52847ms iter=154 WAIST cost=43.0000 best_alt=37.0000 gap=6.0000 tried=5 sep_labels=37 clique_frac=0.00
t=53007ms iter=154 REBUILD reject new_tc=50.5063 (was 48.0470)
t=53135ms iter=154 incumb=48.0470 ratchet=48.0677 best=48.0335 since_improve=1
t=53147ms iter=155 WAIST cost=43.0000 best_alt=40.0000 gap=3.0000 tried=5 sep_labels=40 clique_frac=0.01
t=53337ms iter=155 REBUILD reject new_tc=48.7583 (was 48.0470)
t=53478ms iter=155 incumb=48.0470 ratchet=48.1061 best=48.0335 since_improve=2
t=53489ms iter=156 WAIST cost=43.0000 best_alt=40.0000 gap=3.0000 tried=5 sep_labels=40 clique_frac=0.01
t=53671ms iter=156 REBUILD reject new_tc=49.2384 (was 48.0470)
t=53806ms iter=156 incumb=48.0470 ratchet=48.1225 best=48.0335 since_improve=3
t=53817ms iter=157 WAIST cost=43.0000 best_alt=40.0000 gap=3.0000 tried=5 sep_labels=40 clique_frac=0.01
t=53989ms iter=157 REBUILD reject new_tc=57.5876 (was 48.0470)
t=54170ms iter=157 incumb=48.0470 ratchet=48.0233 best=48.0233 since_improve=0
t=54181ms iter=158 WAIST cost=44.0000 best_alt=40.0000 gap=4.0000 tried=5 sep_labels=40 clique_frac=0.01
t=54361ms iter=158 REBUILD reject new_tc=52.2814 (was 48.0233)
t=54579ms iter=158 incumb=48.0233 ratchet=48.1070 best=48.0233 since_improve=1
t=54594ms iter=159 WAIST cost=44.0000 best_alt=40.0000 gap=4.0000 tried=5 sep_labels=40 clique_frac=0.01
t=54924ms iter=159 REBUILD reject new_tc=60.0006 (was 48.0233)
t=55090ms iter=159 incumb=48.0233 ratchet=48.0478 best=48.0233 since_improve=2
t=55108ms iter=160 WAIST cost=44.0000 best_alt=40.0000 gap=4.0000 tried=5 sep_labels=40 clique_frac=0.01
t=55300ms iter=160 REBUILD reject new_tc=48.6553 (was 48.0233)
t=55432ms iter=160 incumb=48.0233 ratchet=48.1035 best=48.0233 since_improve=3
t=55443ms iter=161 WAIST cost=44.0000 best_alt=40.0000 gap=4.0000 tried=5 sep_labels=40 clique_frac=0.01
t=55625ms iter=161 REBUILD reject new_tc=50.2481 (was 48.0233)
t=55758ms iter=161 incumb=48.0233 ratchet=48.1638 best=48.0233 since_improve=4
t=55770ms iter=162 WAIST cost=44.0000 best_alt=39.0000 gap=5.0000 tried=5 sep_labels=39 clique_frac=0.01
t=55929ms iter=162 REBUILD reject new_tc=49.2828 (was 48.0233)
t=56134ms iter=162 incumb=48.0233 ratchet=48.0089 best=47.9983 since_improve=0
t=56149ms iter=163 WAIST cost=44.0000 best_alt=37.0000 gap=7.0000 tried=5 sep_labels=37 clique_frac=0.02
t=56310ms iter=163 REBUILD reject new_tc=49.3219 (was 48.0089)
t=56445ms iter=163 incumb=48.0089 ratchet=48.0627 best=47.9983 since_improve=1
t=56460ms iter=164 WAIST cost=44.0000 best_alt=40.0000 gap=4.0000 tried=5 sep_labels=40 clique_frac=0.01
t=56643ms iter=164 REBUILD reject new_tc=49.0711 (was 48.0089)
t=56772ms iter=164 incumb=48.0089 ratchet=48.0280 best=47.9983 since_improve=2
t=56783ms iter=165 WAIST cost=44.0000 best_alt=37.0000 gap=7.0000 tried=5 sep_labels=37 clique_frac=0.02
t=57008ms iter=165 REBUILD reject new_tc=50.5860 (was 48.0089)
t=57255ms iter=165 incumb=48.0089 ratchet=48.0091 best=47.9569 since_improve=3
t=57308ms iter=166 WAIST cost=44.0000 best_alt=40.0000 gap=4.0000 tried=5 sep_labels=40 clique_frac=0.01
t=57583ms iter=166 REBUILD reject new_tc=49.0301 (was 48.0089)
t=57745ms iter=166 incumb=48.0089 ratchet=48.0420 best=47.9569 since_improve=4
t=57759ms iter=167 WAIST cost=44.0000 best_alt=40.0000 gap=4.0000 tried=5 sep_labels=40 clique_frac=0.01
t=57990ms iter=167 REBUILD reject new_tc=50.2973 (was 48.0089)
t=58198ms iter=167 incumb=48.0089 ratchet=47.9431 best=47.9423 since_improve=0
t=58209ms iter=168 WAIST cost=44.0000 best_alt=40.0000 gap=4.0000 tried=5 sep_labels=40 clique_frac=0.01
t=58413ms iter=168 REBUILD reject new_tc=52.6704 (was 47.9431)
t=58559ms iter=168 incumb=47.9431 ratchet=47.9889 best=47.9423 since_improve=1
t=58572ms iter=169 WAIST cost=44.0000 best_alt=40.0000 gap=4.0000 tried=5 sep_labels=40 clique_frac=0.01
t=58781ms iter=169 REBUILD reject new_tc=50.5159 (was 47.9431)
t=58944ms iter=169 incumb=47.9431 ratchet=47.9461 best=47.9423 since_improve=2
t=58958ms iter=170 WAIST cost=44.0000 best_alt=40.0000 gap=4.0000 tried=5 sep_labels=40 clique_frac=0.01
t=59163ms iter=170 REBUILD reject new_tc=49.1829 (was 47.9431)
t=59320ms iter=170 incumb=47.9431 ratchet=48.0390 best=47.9423 since_improve=3
t=59334ms iter=171 WAIST cost=44.0000 best_alt=40.0000 gap=4.0000 tried=5 sep_labels=40 clique_frac=0.01
t=59533ms iter=171 REBUILD reject new_tc=49.1213 (was 47.9431)
t=59673ms iter=171 incumb=47.9431 ratchet=48.0341 best=47.9423 since_improve=4
t=59685ms iter=172 WAIST cost=44.0000 best_alt=40.0000 gap=4.0000 tried=5 sep_labels=40 clique_frac=0.01
t=59881ms iter=172 REBUILD reject new_tc=50.5442 (was 47.9431)
t=60033ms iter=172 incumb=47.9431 ratchet=47.9635 best=47.9423 since_improve=5
t=60050ms iter=173 WAIST cost=44.0000 best_alt=40.0000 gap=4.0000 tried=5 sep_labels=40 clique_frac=0.01
t=60251ms iter=173 REBUILD reject new_tc=49.3295 (was 47.9431)
t=60403ms iter=173 incumb=47.9431 ratchet=48.0382 best=47.9423 since_improve=6
t=60414ms iter=174 WAIST cost=44.0000 best_alt=40.0000 gap=4.0000 tried=5 sep_labels=40 clique_frac=0.01
t=60606ms iter=174 REBUILD reject new_tc=49.4688 (was 47.9431)
t=60745ms iter=174 incumb=47.9431 ratchet=48.1258 best=47.9423 since_improve=7
t=60760ms iter=175 WAIST cost=44.0000 best_alt=40.0000 gap=4.0000 tried=5 sep_labels=40 clique_frac=0.01
t=60943ms iter=175 REBUILD reject new_tc=57.0027 (was 47.9431)
t=61109ms iter=175 incumb=47.9431 ratchet=48.1635 best=47.9423 since_improve=8
t=61127ms iter=176 WAIST cost=44.0000 best_alt=37.0000 gap=7.0000 tried=5 sep_labels=37 clique_frac=0.02
t=61297ms iter=176 REBUILD reject new_tc=54.0866 (was 47.9431)
t=61440ms iter=176 incumb=47.9431 ratchet=48.1154 best=47.9423 since_improve=9
t=61451ms iter=177 WAIST cost=44.0000 best_alt=40.0000 gap=4.0000 tried=5 sep_labels=40 clique_frac=0.01
t=61636ms iter=177 REBUILD reject new_tc=52.2387 (was 47.9431)
t=61781ms iter=177 incumb=47.9431 ratchet=48.0206 best=47.9423 since_improve=10
t=61794ms iter=178 WAIST cost=44.0000 best_alt=40.0000 gap=4.0000 tried=5 sep_labels=40 clique_frac=0.01
t=62008ms iter=178 REBUILD reject new_tc=49.0540 (was 47.9431)
t=62145ms iter=178 incumb=47.9431 ratchet=47.9557 best=47.9423 since_improve=11
t=62154ms iter=179 WAIST cost=44.0000 best_alt=40.0000 gap=4.0000 tried=5 sep_labels=40 clique_frac=0.01
t=62342ms iter=179 REBUILD reject new_tc=49.1941 (was 47.9431)
t=62478ms iter=179 incumb=47.9431 ratchet=48.0375 best=47.9423 since_improve=12
t=62495ms iter=180 WAIST cost=44.0000 best_alt=39.0000 gap=5.0000 tried=5 sep_labels=39 clique_frac=0.01
t=62657ms iter=180 REBUILD reject new_tc=49.2040 (was 47.9431)
t=62814ms iter=180 incumb=47.9431 ratchet=48.0136 best=47.9423 since_improve=13
t=62830ms iter=181 WAIST cost=44.0000 best_alt=40.0000 gap=4.0000 tried=5 sep_labels=40 clique_frac=0.01
t=63031ms iter=181 REBUILD reject new_tc=56.0335 (was 47.9431)
t=63174ms iter=181 incumb=47.9431 ratchet=47.9788 best=47.9423 since_improve=14
t=63188ms iter=182 WAIST cost=44.0000 best_alt=40.0000 gap=4.0000 tried=5 sep_labels=40 clique_frac=0.01
t=63372ms iter=182 REBUILD reject new_tc=50.5713 (was 47.9431)
t=63516ms iter=182 incumb=47.9431 ratchet=48.2533 best=47.9423 since_improve=15
t=63529ms iter=183 WAIST cost=44.0000 best_alt=40.0000 gap=4.0000 tried=5 sep_labels=40 clique_frac=0.01
t=63710ms iter=183 REBUILD reject new_tc=55.0181 (was 47.9431)
t=63847ms iter=183 incumb=47.9431 ratchet=48.0110 best=47.9423 since_improve=16
t=63860ms iter=184 WAIST cost=44.0000 best_alt=40.0000 gap=4.0000 tried=5 sep_labels=40 clique_frac=0.01
t=64045ms iter=184 REBUILD reject new_tc=54.0307 (was 47.9431)
t=64184ms iter=184 incumb=47.9431 ratchet=48.0446 best=47.9423 since_improve=17
t=64196ms iter=185 WAIST cost=44.0000 best_alt=40.0000 gap=4.0000 tried=5 sep_labels=40 clique_frac=0.01
t=64394ms iter=185 REBUILD reject new_tc=50.3543 (was 47.9431)
t=64529ms iter=185 incumb=47.9431 ratchet=47.9458 best=47.9423 since_improve=18
t=64540ms iter=186 WAIST cost=44.0000 best_alt=40.0000 gap=4.0000 tried=5 sep_labels=40 clique_frac=0.01
t=64729ms iter=186 REBUILD reject new_tc=56.0081 (was 47.9431)
t=64871ms iter=186 incumb=47.9431 ratchet=48.0338 best=47.9423 since_improve=19
t=64885ms iter=187 WAIST cost=44.0000 best_alt=39.0000 gap=5.0000 tried=5 sep_labels=39 clique_frac=0.03
t=65053ms iter=187 REBUILD reject new_tc=50.3813 (was 47.9431)
t=65220ms iter=187 incumb=47.9431 ratchet=48.0680 best=47.9423 since_improve=20
t=65236ms iter=188 WAIST cost=44.0000 best_alt=40.0000 gap=4.0000 tried=5 sep_labels=40 clique_frac=0.01
t=65520ms iter=188 REBUILD reject new_tc=49.0501 (was 47.9431)
t=65662ms iter=188 incumb=47.9431 ratchet=48.0817 best=47.9423 since_improve=21
t=65674ms iter=189 WAIST cost=44.0000 best_alt=40.0000 gap=4.0000 tried=5 sep_labels=40 clique_frac=0.01
t=65869ms iter=189 REBUILD reject new_tc=49.5695 (was 47.9431)
t=66018ms iter=189 incumb=47.9431 ratchet=47.9702 best=47.9423 since_improve=22
t=66031ms iter=190 WAIST cost=44.0000 best_alt=39.0000 gap=5.0000 tried=5 sep_labels=39 clique_frac=0.03
t=66197ms iter=190 REBUILD reject new_tc=51.3054 (was 47.9431)
t=66342ms iter=190 incumb=47.9431 ratchet=48.0266 best=47.9423 since_improve=23
t=66354ms iter=191 WAIST cost=44.0000 best_alt=40.0000 gap=4.0000 tried=5 sep_labels=40 clique_frac=0.01
t=66532ms iter=191 REBUILD reject new_tc=49.3281 (was 47.9431)
t=66662ms iter=191 incumb=47.9431 ratchet=48.0827 best=47.9423 since_improve=24
t=66673ms iter=192 WAIST cost=44.0000 best_alt=39.0000 gap=5.0000 tried=5 sep_labels=39 clique_frac=0.01
t=66851ms iter=192 REBUILD reject new_tc=54.0607 (was 47.9431)
t=66989ms iter=192 incumb=47.9431 ratchet=48.0361 best=47.9423 since_improve=25
t=66999ms iter=193 WAIST cost=44.0000 best_alt=40.0000 gap=4.0000 tried=5 sep_labels=40 clique_frac=0.01
t=67185ms iter=193 REBUILD reject new_tc=49.4709 (was 47.9431)
t=67319ms iter=193 incumb=47.9431 ratchet=48.0878 best=47.9423 since_improve=26
t=67330ms iter=194 WAIST cost=44.0000 best_alt=40.0000 gap=4.0000 tried=5 sep_labels=40 clique_frac=0.01
t=67516ms iter=194 REBUILD reject new_tc=51.4069 (was 47.9431)
t=67657ms iter=194 incumb=47.9431 ratchet=48.0771 best=47.9423 since_improve=27
t=67669ms iter=195 WAIST cost=44.0000 best_alt=40.0000 gap=4.0000 tried=5 sep_labels=40 clique_frac=0.01
t=67888ms iter=195 REBUILD reject new_tc=49.0251 (was 47.9431)
t=68024ms iter=195 incumb=47.9431 ratchet=48.0295 best=47.9423 since_improve=28
t=68036ms iter=196 WAIST cost=44.0000 best_alt=37.0000 gap=7.0000 tried=5 sep_labels=37 clique_frac=0.02
t=68195ms iter=196 REBUILD reject new_tc=49.2632 (was 47.9431)
t=68323ms iter=196 incumb=47.9431 ratchet=48.3197 best=47.9423 since_improve=29
t=68335ms iter=197 WAIST cost=44.0000 best_alt=37.0000 gap=7.0000 tried=5 sep_labels=37 clique_frac=0.01
t=68487ms iter=197 REBUILD reject new_tc=50.4718 (was 47.9431)
t=68615ms iter=197 incumb=47.9431 ratchet=47.9889 best=47.9423 since_improve=30
t=68625ms iter=198 WAIST cost=44.0000 best_alt=40.0000 gap=4.0000 tried=5 sep_labels=40 clique_frac=0.01
t=68804ms iter=198 REBUILD reject new_tc=53.1284 (was 47.9431)
t=68946ms iter=198 incumb=47.9431 ratchet=47.9857 best=47.9423 since_improve=31
t=68956ms iter=199 WAIST cost=44.0000 best_alt=40.0000 gap=4.0000 tried=5 sep_labels=40 clique_frac=0.01
t=69149ms iter=199 REBUILD reject new_tc=49.1061 (was 47.9431)
t=69285ms iter=199 incumb=47.9431 ratchet=48.0335 best=47.9423 since_improve=32
t=69297ms iter=200 WAIST cost=44.0000 best_alt=39.0000 gap=5.0000 tried=5 sep_labels=39 clique_frac=0.01
t=69469ms iter=200 REBUILD reject new_tc=48.9328 (was 47.9431)
t=69602ms iter=200 incumb=47.9431 ratchet=48.0354 best=47.9423 since_improve=33
t=69615ms iter=201 WAIST cost=44.0000 best_alt=37.0000 gap=7.0000 tried=5 sep_labels=37 clique_frac=0.02
t=69792ms iter=201 REBUILD reject new_tc=48.9543 (was 47.9431)
t=69931ms iter=201 incumb=47.9431 ratchet=48.0137 best=47.9423 since_improve=34
t=69940ms iter=202 WAIST cost=44.0000 best_alt=40.0000 gap=4.0000 tried=5 sep_labels=40 clique_frac=0.01
t=70119ms iter=202 REBUILD reject new_tc=54.0527 (was 47.9431)
t=70251ms iter=202 incumb=47.9431 ratchet=48.0075 best=47.9423 since_improve=35
t=70269ms iter=203 WAIST cost=44.0000 best_alt=40.0000 gap=4.0000 tried=5 sep_labels=40 clique_frac=0.01
t=70441ms iter=203 REBUILD reject new_tc=56.0143 (was 47.9431)
t=70574ms iter=203 incumb=47.9431 ratchet=48.0316 best=47.9423 since_improve=36
t=70589ms iter=204 WAIST cost=44.0000 best_alt=39.0000 gap=5.0000 tried=5 sep_labels=39 clique_frac=0.03
t=70743ms iter=204 REBUILD reject new_tc=53.0557 (was 47.9431)
t=70878ms iter=204 incumb=47.9431 ratchet=47.9707 best=47.9423 since_improve=37
t=70892ms iter=205 WAIST cost=44.0000 best_alt=40.0000 gap=4.0000 tried=5 sep_labels=40 clique_frac=0.01
t=71069ms iter=205 REBUILD reject new_tc=50.6064 (was 47.9431)
t=71206ms iter=205 incumb=47.9431 ratchet=48.0598 best=47.9423 since_improve=38
t=71217ms iter=206 WAIST cost=44.0000 best_alt=40.0000 gap=4.0000 tried=5 sep_labels=40 clique_frac=0.01
t=71394ms iter=206 REBUILD reject new_tc=57.0051 (was 47.9431)
t=71597ms iter=206 incumb=47.9431 ratchet=47.9679 best=47.9188 since_improve=39
t=71609ms iter=207 WAIST cost=44.0000 best_alt=40.0000 gap=4.0000 tried=5 sep_labels=40 clique_frac=0.01
t=71798ms iter=207 REBUILD reject new_tc=49.4460 (was 47.9431)
t=71980ms iter=207 incumb=47.9431 ratchet=47.9212 best=47.9153 since_improve=0
t=71993ms iter=208 WAIST cost=44.0000 best_alt=40.0000 gap=4.0000 tried=5 sep_labels=40 clique_frac=0.01
t=72189ms iter=208 REBUILD reject new_tc=49.2255 (was 47.9212)
t=72424ms iter=208 incumb=47.9212 ratchet=48.0449 best=47.9153 since_improve=1
t=72438ms iter=209 WAIST cost=44.0000 best_alt=39.0000 gap=5.0000 tried=5 sep_labels=39 clique_frac=0.02
t=72603ms iter=209 REBUILD reject new_tc=49.8703 (was 47.9212)
t=72737ms iter=209 incumb=47.9212 ratchet=47.9641 best=47.9153 since_improve=2
t=72750ms iter=210 WAIST cost=44.0000 best_alt=40.0000 gap=4.0000 tried=5 sep_labels=40 clique_frac=0.01
t=72934ms iter=210 REBUILD reject new_tc=50.3714 (was 47.9212)
t=73064ms iter=210 incumb=47.9212 ratchet=47.9787 best=47.9153 since_improve=3
t=73075ms iter=211 WAIST cost=44.0000 best_alt=40.0000 gap=4.0000 tried=5 sep_labels=40 clique_frac=0.01
t=73256ms iter=211 REBUILD reject new_tc=48.9987 (was 47.9212)
t=73386ms iter=211 incumb=47.9212 ratchet=48.0009 best=47.9153 since_improve=4
t=73397ms iter=212 WAIST cost=44.0000 best_alt=40.0000 gap=4.0000 tried=5 sep_labels=40 clique_frac=0.01
t=73579ms iter=212 REBUILD reject new_tc=49.2768 (was 47.9212)
t=73765ms iter=212 incumb=47.9212 ratchet=47.9217 best=47.8983 since_improve=5
t=73775ms iter=213 WAIST cost=44.0000 best_alt=40.0000 gap=4.0000 tried=5 sep_labels=40 clique_frac=0.01
t=73959ms iter=213 REBUILD reject new_tc=48.9723 (was 47.9212)
t=74092ms iter=213 incumb=47.9212 ratchet=48.0670 best=47.8983 since_improve=6
t=74102ms iter=214 WAIST cost=44.0000 best_alt=40.0000 gap=4.0000 tried=5 sep_labels=40 clique_frac=0.01
t=74282ms iter=214 REBUILD reject new_tc=53.0886 (was 47.9212)
t=74415ms iter=214 incumb=47.9212 ratchet=47.9887 best=47.8983 since_improve=7
t=74427ms iter=215 WAIST cost=44.0000 best_alt=39.0000 gap=5.0000 tried=5 sep_labels=39 clique_frac=0.01
t=74588ms iter=215 REBUILD reject new_tc=49.1808 (was 47.9212)
t=74724ms iter=215 incumb=47.9212 ratchet=47.9661 best=47.8983 since_improve=8
t=74737ms iter=216 WAIST cost=44.0000 best_alt=40.0000 gap=4.0000 tried=5 sep_labels=40 clique_frac=0.01
t=74995ms iter=216 REBUILD reject new_tc=49.1109 (was 47.9212)
t=75124ms iter=216 incumb=47.9212 ratchet=47.9216 best=47.8983 since_improve=9
t=75133ms iter=217 WAIST cost=44.0000 best_alt=40.0000 gap=4.0000 tried=5 sep_labels=40 clique_frac=0.01
t=75314ms iter=217 REBUILD reject new_tc=54.0380 (was 47.9212)
t=75449ms iter=217 incumb=47.9212 ratchet=48.0467 best=47.8983 since_improve=10
t=75462ms iter=218 WAIST cost=44.0000 best_alt=40.0000 gap=4.0000 tried=5 sep_labels=40 clique_frac=0.01
t=75649ms iter=218 REBUILD reject new_tc=57.0037 (was 47.9212)
t=75780ms iter=218 incumb=47.9212 ratchet=48.2284 best=47.8983 since_improve=11
t=75792ms iter=219 WAIST cost=44.0000 best_alt=40.0000 gap=4.0000 tried=5 sep_labels=40 clique_frac=0.01
t=76004ms iter=219 REBUILD reject new_tc=49.1598 (was 47.9212)
t=76144ms iter=219 incumb=47.9212 ratchet=48.0531 best=47.8983 since_improve=12
t=76159ms iter=220 WAIST cost=44.0000 best_alt=39.0000 gap=5.0000 tried=5 sep_labels=39 clique_frac=0.02
t=76322ms iter=220 REBUILD reject new_tc=55.0117 (was 47.9212)
t=76468ms iter=220 incumb=47.9212 ratchet=47.9683 best=47.8983 since_improve=13
t=76482ms iter=221 WAIST cost=44.0000 best_alt=40.0000 gap=4.0000 tried=5 sep_labels=40 clique_frac=0.01
t=76675ms iter=221 REBUILD reject new_tc=49.2909 (was 47.9212)
t=76811ms iter=221 incumb=47.9212 ratchet=48.0012 best=47.8983 since_improve=14
t=76825ms iter=222 WAIST cost=44.0000 best_alt=37.0000 gap=7.0000 tried=5 sep_labels=37 clique_frac=0.02
t=76986ms iter=222 REBUILD reject new_tc=49.0098 (was 47.9212)
t=77121ms iter=222 incumb=47.9212 ratchet=47.9870 best=47.8983 since_improve=15
t=77133ms iter=223 WAIST cost=44.0000 best_alt=40.0000 gap=4.0000 tried=5 sep_labels=40 clique_frac=0.01
t=77319ms iter=223 REBUILD reject new_tc=54.0352 (was 47.9212)
t=77450ms iter=223 incumb=47.9212 ratchet=48.0542 best=47.8983 since_improve=16
t=77462ms iter=224 WAIST cost=44.0000 best_alt=39.0000 gap=5.0000 tried=5 sep_labels=39 clique_frac=0.02
t=77650ms iter=224 REBUILD reject new_tc=51.2262 (was 47.9212)
t=77784ms iter=224 incumb=47.9212 ratchet=47.9042 best=47.8983 since_improve=0
t=77797ms iter=225 WAIST cost=44.0000 best_alt=40.0000 gap=4.0000 tried=5 sep_labels=40 clique_frac=0.01
t=77975ms iter=225 REBUILD reject new_tc=52.2254 (was 47.9042)
t=78110ms iter=225 incumb=47.9042 ratchet=47.9501 best=47.8983 since_improve=1
t=78123ms iter=226 WAIST cost=44.0000 best_alt=37.0000 gap=7.0000 tried=5 sep_labels=37 clique_frac=0.02
t=78283ms iter=226 REBUILD reject new_tc=53.0478 (was 47.9042)
t=78419ms iter=226 incumb=47.9042 ratchet=48.0696 best=47.8983 since_improve=2
t=78431ms iter=227 WAIST cost=44.0000 best_alt=40.0000 gap=4.0000 tried=5 sep_labels=40 clique_frac=0.01
t=78616ms iter=227 REBUILD reject new_tc=49.2192 (was 47.9042)
t=78748ms iter=227 incumb=47.9042 ratchet=47.9215 best=47.8983 since_improve=3
t=78764ms iter=228 WAIST cost=44.0000 best_alt=40.0000 gap=4.0000 tried=5 sep_labels=40 clique_frac=0.01
t=78944ms iter=228 REBUILD reject new_tc=50.6009 (was 47.9042)
t=79070ms iter=228 incumb=47.9042 ratchet=48.0227 best=47.8983 since_improve=4
t=79081ms iter=229 WAIST cost=44.0000 best_alt=40.0000 gap=4.0000 tried=5 sep_labels=40 clique_frac=0.01
t=79267ms iter=229 REBUILD reject new_tc=48.3905 (was 47.9042)
t=79399ms iter=229 incumb=47.9042 ratchet=48.1548 best=47.8983 since_improve=5
t=79410ms iter=230 WAIST cost=44.0000 best_alt=40.0000 gap=4.0000 tried=5 sep_labels=40 clique_frac=0.01
t=79599ms iter=230 REBUILD reject new_tc=49.3123 (was 47.9042)
t=79730ms iter=230 incumb=47.9042 ratchet=47.9771 best=47.8983 since_improve=6
t=79742ms iter=231 WAIST cost=44.0000 best_alt=40.0000 gap=4.0000 tried=5 sep_labels=40 clique_frac=0.01
t=79925ms iter=231 REBUILD reject new_tc=49.0647 (was 47.9042)
t=80056ms iter=231 incumb=47.9042 ratchet=47.9398 best=47.8983 since_improve=7
t=80069ms iter=232 WAIST cost=44.0000 best_alt=40.0000 gap=4.0000 tried=5 sep_labels=40 clique_frac=0.01
t=80245ms iter=232 REBUILD reject new_tc=58.0014 (was 47.9042)
t=80381ms iter=232 incumb=47.9042 ratchet=48.0344 best=47.8983 since_improve=8
t=80390ms iter=233 WAIST cost=44.0000 best_alt=40.0000 gap=4.0000 tried=5 sep_labels=40 clique_frac=0.01
t=80580ms iter=233 REBUILD reject new_tc=55.0330 (was 47.9042)
t=80726ms iter=233 incumb=47.9042 ratchet=47.9789 best=47.8983 since_improve=9
t=80738ms iter=234 WAIST cost=44.0000 best_alt=40.0000 gap=4.0000 tried=5 sep_labels=40 clique_frac=0.01
t=80922ms iter=234 REBUILD reject new_tc=50.4280 (was 47.9042)
t=81058ms iter=234 incumb=47.9042 ratchet=47.9621 best=47.8983 since_improve=10
t=81069ms iter=235 WAIST cost=44.0000 best_alt=40.0000 gap=4.0000 tried=5 sep_labels=40 clique_frac=0.01
t=81248ms iter=235 REBUILD reject new_tc=48.8534 (was 47.9042)
t=81386ms iter=235 incumb=47.9042 ratchet=47.9600 best=47.8983 since_improve=11
t=81398ms iter=236 WAIST cost=44.0000 best_alt=39.0000 gap=5.0000 tried=5 sep_labels=39 clique_frac=0.02
t=81782ms iter=236 REBUILD reject new_tc=48.5778 (was 47.9042)
t=81993ms iter=236 incumb=47.9042 ratchet=47.9899 best=47.8983 since_improve=12
t=82019ms iter=237 WAIST cost=44.0000 best_alt=40.0000 gap=4.0000 tried=5 sep_labels=40 clique_frac=0.01
t=82612ms iter=237 REBUILD reject new_tc=51.6352 (was 47.9042)
t=82856ms iter=237 incumb=47.9042 ratchet=47.9229 best=47.8983 since_improve=13
t=82873ms iter=238 WAIST cost=44.0000 best_alt=40.0000 gap=4.0000 tried=5 sep_labels=40 clique_frac=0.01
t=83150ms iter=238 REBUILD reject new_tc=54.0482 (was 47.9042)
t=83304ms iter=238 incumb=47.9042 ratchet=47.9909 best=47.8983 since_improve=14
t=83318ms iter=239 WAIST cost=44.0000 best_alt=39.0000 gap=5.0000 tried=5 sep_labels=39 clique_frac=0.01
t=83525ms iter=239 REBUILD reject new_tc=49.1633 (was 47.9042)
t=83701ms iter=239 incumb=47.9042 ratchet=48.0809 best=47.8983 since_improve=15
t=83721ms iter=240 WAIST cost=44.0000 best_alt=40.0000 gap=4.0000 tried=5 sep_labels=40 clique_frac=0.01
t=83950ms iter=240 REBUILD reject new_tc=49.0536 (was 47.9042)
t=84107ms iter=240 incumb=47.9042 ratchet=48.0397 best=47.8983 since_improve=16
t=84130ms iter=241 WAIST cost=44.0000 best_alt=40.0000 gap=4.0000 tried=5 sep_labels=40 clique_frac=0.01
t=84351ms iter=241 REBUILD reject new_tc=50.4059 (was 47.9042)
t=84515ms iter=241 incumb=47.9042 ratchet=47.9576 best=47.8983 since_improve=17
t=84533ms iter=242 WAIST cost=44.0000 best_alt=37.0000 gap=7.0000 tried=5 sep_labels=37 clique_frac=0.02
t=84693ms iter=242 REBUILD reject new_tc=49.0191 (was 47.9042)
t=84832ms iter=242 incumb=47.9042 ratchet=47.9287 best=47.8983 since_improve=18
t=84844ms iter=243 WAIST cost=44.0000 best_alt=40.0000 gap=4.0000 tried=5 sep_labels=40 clique_frac=0.01
t=85041ms iter=243 REBUILD reject new_tc=55.0211 (was 47.9042)
t=85180ms iter=243 incumb=47.9042 ratchet=47.9915 best=47.8983 since_improve=19
t=85191ms iter=244 WAIST cost=44.0000 best_alt=40.0000 gap=4.0000 tried=5 sep_labels=40 clique_frac=0.01
t=85377ms iter=244 REBUILD reject new_tc=53.4129 (was 47.9042)
t=85517ms iter=244 incumb=47.9042 ratchet=47.9692 best=47.8983 since_improve=20
t=85533ms iter=245 WAIST cost=44.0000 best_alt=37.0000 gap=7.0000 tried=5 sep_labels=37 clique_frac=0.01
t=85901ms iter=245 REBUILD reject new_tc=55.0116 (was 47.9042)
t=86042ms iter=245 incumb=47.9042 ratchet=47.9222 best=47.8983 since_improve=21
t=86055ms iter=246 WAIST cost=44.0000 best_alt=37.0000 gap=7.0000 tried=5 sep_labels=37 clique_frac=0.01
t=86218ms iter=246 REBUILD reject new_tc=52.4154 (was 47.9042)
t=86351ms iter=246 incumb=47.9042 ratchet=48.0139 best=47.8983 since_improve=22
t=86367ms iter=247 WAIST cost=44.0000 best_alt=40.0000 gap=4.0000 tried=5 sep_labels=40 clique_frac=0.01
t=86551ms iter=247 REBUILD reject new_tc=57.0055 (was 47.9042)
t=86692ms iter=247 incumb=47.9042 ratchet=48.0264 best=47.8983 since_improve=23
t=86704ms iter=248 WAIST cost=44.0000 best_alt=40.0000 gap=4.0000 tried=5 sep_labels=40 clique_frac=0.01
t=86888ms iter=248 REBUILD reject new_tc=53.1320 (was 47.9042)
t=87028ms iter=248 incumb=47.9042 ratchet=48.0172 best=47.8983 since_improve=24
t=87037ms iter=249 WAIST cost=44.0000 best_alt=40.0000 gap=4.0000 tried=5 sep_labels=40 clique_frac=0.01
t=87220ms iter=249 REBUILD reject new_tc=55.0150 (was 47.9042)
t=87300ms iter=249 incumb=47.9042 ratchet=48.8258 best=47.8983 since_improve=25
t_final=87390ms tc_reduced=47.8983 tc_full=48.1725 leaves=2203
surgery summary: calls=249 cheaper_cuts=249 rebuild_accepts=3 waist_min_hits=0
