simplify: n_orig=2136 n_reduced=458 shrink=0.7856 t_simp=15ms
t_seed=625ms tc_seed=43.9188 seed_trials=10
t_dp=6008ms tc_greedy=43.6572
t=6211ms mcts_tc=41.6229
t=6976ms mcts_tc=40.9546
t=11977ms mcts_tc=40.1098
t=19540ms mcts_tc=39.9132
t_mcts=19791ms mcts: backup=min rollouts=384 rate=19/s depth=3 nodes=385 improves=4 tc_mcts=39.9132
ATTRIBUTION tc_greedy=43.6572 tc_mcts_prepolish=39.9132 mcts_beats_greedy=true
t=19977ms polish_tc=39.1228
t=20035ms polish_tc=38.9408
t=20099ms polish_tc=38.7263
t=20162ms polish_tc=38.5542
t=20220ms polish_tc=38.1694
t=20281ms polish_tc=38.1609
t=20975ms polish_tc=37.3330
t=21033ms polish_tc=37.0182
t=21091ms polish_tc=36.8964
t=21148ms polish_tc=35.0422
t=21207ms polish_tc=34.7974
t=21269ms polish_tc=34.4225
t=21975ms polish_tc=34.3393
t=22038ms polish_tc=34.2797
t=22100ms polish_tc=34.1850
t=22171ms polish_tc=34.0870
t=22233ms polish_tc=34.0392
t=22303ms polish_tc=33.9837
t=22974ms polish_tc=33.8700
t=23043ms polish_tc=33.7890
t=23108ms polish_tc=33.7832
t=23174ms polish_tc=33.6014
t=23236ms polish_tc=32.9044
t=23296ms polish_tc=32.6449
t=23353ms polish_tc=31.8177
t=23978ms polish_tc=31.7861
t=24037ms polish_tc=31.6519
t=24104ms polish_tc=31.6194
t=24174ms polish_tc=31.6080
t=24243ms polish_tc=31.0672
t=24313ms polish_tc=30.8493
t=24974ms polish_tc=30.8166
t=25041ms polish_tc=30.2699
t=25103ms polish_tc=30.2509
t=25167ms polish_tc=30.2481
t=25239ms polish_tc=30.1853
t=25311ms polish_tc=29.7964
t=25379ms polish_tc=29.6865
t=25447ms polish_tc=29.5943
t=25975ms polish_tc=29.3313
t=26049ms polish_tc=29.3225
t=26120ms polish_tc=29.1185
t=26186ms polish_tc=29.1046
t=26258ms polish_tc=29.0341
t=26974ms polish_tc=28.9097
t=27049ms polish_tc=28.8781
t=27128ms polish_tc=28.8612
t=27207ms polish_tc=28.8509
t=27287ms polish_tc=28.8271
t=27363ms polish_tc=28.6432
t=27432ms polish_tc=28.5612
t=27976ms polish_tc=28.5438
t=28051ms polish_tc=28.4450
t=28128ms polish_tc=28.3768
t=28211ms polish_tc=28.3369
t=28293ms polish_tc=28.3070
t=28373ms polish_tc=28.2726
t=28454ms polish_tc=28.1967
t=28975ms polish_tc=28.1239
t=29060ms polish_tc=28.0996
t=29147ms polish_tc=28.0095
t=29228ms polish_tc=28.0065
t=29303ms polish_tc=27.8603
t=29980ms polish_tc=27.8493
t=30051ms polish_tc=27.8193
t=30131ms polish_tc=27.7853
t=30210ms polish_tc=27.7821
t=30283ms polish_tc=27.7409
t=30974ms polish_tc=27.7364
t=31056ms polish_tc=27.6009
t=31129ms polish_tc=27.4498
t=31207ms polish_tc=27.4342
t=31286ms polish_tc=27.3629
t=31971ms polish_tc=27.3247
t=32044ms polish_tc=27.3168
t=32116ms polish_tc=27.2709
t=32192ms polish_tc=27.2230
t=32269ms polish_tc=27.1940
t=32342ms polish_tc=27.1826
t=32418ms polish_tc=27.1445
t=32489ms polish_tc=27.1362
t=32566ms polish_tc=27.1286
t=32972ms polish_tc=27.0833
t=33050ms polish_tc=26.9055
t=33132ms polish_tc=26.8952
t=33209ms polish_tc=26.8835
t=33285ms polish_tc=26.6614
t=33358ms polish_tc=26.5283
t=33430ms polish_tc=26.5282
t=33508ms polish_tc=26.4688
t=33608ms polish_tc=26.3931
t=33974ms polish_tc=26.3761
t=34048ms polish_tc=26.3636
t=34118ms polish_tc=26.3543
t=34205ms polish_tc=26.3085
t=34284ms polish_tc=26.2906
t=34356ms polish_tc=26.2797
t=34981ms polish_tc=26.2584
t=35058ms polish_tc=26.2446
t=35130ms polish_tc=26.2239
t=35210ms polish_tc=26.2076
t=35291ms polish_tc=26.1452
t=35381ms polish_tc=26.0855
t=35461ms polish_tc=26.0746
t=35536ms polish_tc=26.0700
t=35603ms polish_tc=26.0646
t=35978ms polish_tc=26.0566
t=36052ms polish_tc=26.0223
t=36124ms polish_tc=26.0146
t=36195ms polish_tc=25.9951
t=36273ms polish_tc=25.9921
t=36346ms polish_tc=25.9904
t=36414ms polish_tc=25.9765
t=36488ms polish_tc=25.9397
t=36559ms polish_tc=25.9305
t=36979ms polish_tc=25.9177
t=37047ms polish_tc=25.9010
t=37114ms polish_tc=25.8255
t=37184ms polish_tc=25.7741
t=37255ms polish_tc=25.7694
t=37330ms polish_tc=25.7667
t=37975ms polish_tc=25.7337
t=38050ms polish_tc=25.7294
t=38124ms polish_tc=25.7177
t=38195ms polish_tc=25.7059
t=38274ms polish_tc=25.6942
t=38344ms polish_tc=25.6663
t=38977ms polish_tc=25.6581
t=39053ms polish_tc=25.6455
t=39133ms polish_tc=25.6204
t=39207ms polish_tc=25.6041
t=39278ms polish_tc=25.5978
t=39978ms polish_tc=25.5554
t=40054ms polish_tc=25.5527
t=40128ms polish_tc=25.5367
t=40212ms polish_tc=25.5352
t=40285ms polish_tc=25.5302
t=40980ms polish_tc=25.5265
t=41060ms polish_tc=25.5184
t=41140ms polish_tc=25.5181
t=41230ms polish_tc=25.5152
t=41311ms polish_tc=25.5114
t=41393ms polish_tc=25.5079
t=41472ms polish_tc=25.5043
t=41551ms polish_tc=25.4869
t=41976ms polish_tc=25.4775
t=42054ms polish_tc=25.4738
t=42132ms polish_tc=25.4726
t=42237ms polish_tc=25.4607
t=42314ms polish_tc=25.4530
t=42457ms polish_tc=25.4515
t=42529ms polish_tc=25.4490
t=42601ms polish_tc=25.4488
t=42680ms polish_tc=25.4487
t=42786ms polish_tc=25.4436
t=42854ms polish_tc=25.4426
t=42977ms polish_tc=25.4421
t=43054ms polish_tc=25.4366
t=43160ms polish_tc=25.4366
t=43866ms polish_tc=25.4358
t=43999ms polish_tc=25.4274
t=44076ms polish_tc=25.4229
t=44147ms polish_tc=25.4212
t=44240ms polish_tc=25.4212
t=44314ms polish_tc=25.4193
t=44390ms polish_tc=25.4134
t=44486ms polish_tc=25.4087
t=44557ms polish_tc=25.4084
t=44631ms polish_tc=25.4063
t=44709ms polish_tc=25.4052
t=44783ms polish_tc=25.4044
t=44861ms polish_tc=25.4041
t=44978ms polish_tc=25.4040
t=45447ms polish_tc=25.4038
t=45517ms polish_tc=25.4006
t=45587ms polish_tc=25.4001
t=45681ms polish_tc=25.3992
t=45758ms polish_tc=25.3990
t=45830ms polish_tc=25.3948
t=45906ms polish_tc=25.3947
t=45996ms polish_tc=25.3945
t=46069ms polish_tc=25.3937
t=46139ms polish_tc=25.3924
t=46208ms polish_tc=25.3921
t=46281ms polish_tc=25.3902
t=46360ms polish_tc=25.3868
t=46433ms polish_tc=25.3866
t=46498ms polish_tc=25.3861
t=46571ms polish_tc=25.3861
t=46641ms polish_tc=25.3859
t=46715ms polish_tc=25.3857
t=46785ms polish_tc=25.3857
t=46979ms polish_tc=25.3855
t=48232ms polish_tc=25.3853
t=48315ms polish_tc=25.3838
t=48391ms polish_tc=25.3814
t=48489ms polish_tc=25.3789
t=48563ms polish_tc=25.3789
t=48637ms polish_tc=25.3788
t=49170ms polish_tc=25.3777
t=55475ms polish_tc=25.3734
t=55557ms polish_tc=25.3732
t=55634ms polish_tc=25.3724
t=72833ms polish_tc=25.3705
t=72923ms polish_tc=25.3699
t=73041ms polish_tc=25.3697
t=73163ms polish_tc=25.3695
t=73281ms polish_tc=25.3682
t=73396ms polish_tc=25.3682
t=73580ms polish_tc=25.3682
anneal_sweeps=183704 cycles=62 fresh=7
t_final=87306ms tc_greedy=43.6572 tc_mcts=39.9132 tc_final=25.3682 tc_full=25.3688 leaves=2136
