simplify: n_orig=525 n_reduced=441 shrink=0.1600 t_simp=7ms
t_seed=622ms tc_seed=42.1091 seed_trials=7
t_dp=4880ms tc_greedy=42.0281
t=5075ms mcts_tc=42.0262
t=9110ms mcts_tc=41.6615
t=11383ms mcts_tc=41.4872
t=13464ms mcts_tc=41.1310
t_mcts=29032ms mcts: backup=min rollouts=128 rate=4/s depth=3 nodes=129 improves=4 tc_mcts=41.1310
ATTRIBUTION tc_greedy=42.0281 tc_mcts_prepolish=41.1310 mcts_beats_greedy=true
t=30044ms polish_tc=41.1011
t=30053ms polish_tc=40.7343
t=30060ms polish_tc=40.7342
t=30070ms polish_tc=40.7318
t=30078ms polish_tc=40.7314
t=30086ms polish_tc=40.7312
t=30101ms polish_tc=40.7192
t=30109ms polish_tc=40.7184
t=30118ms polish_tc=40.7184
t=30126ms polish_tc=40.7184
t=30134ms polish_tc=40.7184
t=30142ms polish_tc=40.7184
t=30499ms polish_tc=40.6086
t=30507ms polish_tc=40.6077
t=30515ms polish_tc=40.6077
t=30523ms polish_tc=40.6022
t=30531ms polish_tc=40.6005
t=33989ms polish_tc=40.5803
t=33998ms polish_tc=40.5803
t=34009ms polish_tc=40.5791
t=34017ms polish_tc=40.5769
t=34026ms polish_tc=40.5762
t=34035ms polish_tc=40.5746
t=34043ms polish_tc=40.3457
t=34051ms polish_tc=40.3456
t=34059ms polish_tc=40.3456
t=34067ms polish_tc=40.3454
t=34075ms polish_tc=40.3452
t=34083ms polish_tc=40.3302
t=34091ms polish_tc=40.3301
t=34099ms polish_tc=40.3278
t=34107ms polish_tc=40.3258
t=34118ms polish_tc=40.2722
t=34127ms polish_tc=40.2650
t=34144ms polish_tc=40.2620
t=34154ms polish_tc=40.2618
t=34163ms polish_tc=40.2338
t=34171ms polish_tc=40.2244
t=34179ms polish_tc=40.2030
t=34187ms polish_tc=40.1870
t=34195ms polish_tc=40.1754
t=34206ms polish_tc=40.1367
t=34214ms polish_tc=40.1367
t=34222ms polish_tc=39.9741
t=34234ms polish_tc=39.9360
t=34242ms polish_tc=39.9301
t=34250ms polish_tc=39.9275
t=34260ms polish_tc=39.9272
t=34268ms polish_tc=39.9272
t=34283ms polish_tc=39.9265
t=34291ms polish_tc=39.9265
t=34300ms polish_tc=39.9263
t=34309ms polish_tc=39.9263
t=34318ms polish_tc=39.9263
t=34326ms polish_tc=39.9121
t=34337ms polish_tc=39.9120
t=34345ms polish_tc=39.9119
t=34355ms polish_tc=39.9119
t=34366ms polish_tc=39.9114
t=34374ms polish_tc=39.9114
t=34381ms polish_tc=39.9114
t=38934ms polish_tc=39.7843
t=38942ms polish_tc=39.7019
t=38951ms polish_tc=39.6978
t=38958ms polish_tc=39.6948
t=38967ms polish_tc=39.6784
t=38975ms polish_tc=39.6716
t=38984ms polish_tc=39.6704
t=38993ms polish_tc=39.6693
t=39000ms polish_tc=39.6679
t=39008ms polish_tc=39.6676
t=39016ms polish_tc=39.6443
t=39025ms polish_tc=39.6422
t=39035ms polish_tc=39.5839
t=39044ms polish_tc=39.5800
t=39053ms polish_tc=39.5786
t=39066ms polish_tc=39.5754
t=39074ms polish_tc=39.5744
t=39084ms polish_tc=39.5522
t=39092ms polish_tc=39.5505
t=39100ms polish_tc=39.5472
t=39109ms polish_tc=39.5471
t=39117ms polish_tc=39.4598
t=39126ms polish_tc=39.4561
t=39134ms polish_tc=39.4530
t=39142ms polish_tc=39.4530
t=39151ms polish_tc=39.4525
t=39159ms polish_tc=39.4525
t=46522ms polish_tc=39.3885
t=46530ms polish_tc=39.3884
t=46538ms polish_tc=39.3798
t=46551ms polish_tc=39.3634
t=46560ms polish_tc=39.3629
t=46568ms polish_tc=39.3622
t=46576ms polish_tc=39.3621
t=46586ms polish_tc=39.3613
t=46596ms polish_tc=39.3459
t=46605ms polish_tc=39.3457
t=46650ms polish_tc=39.3184
t=46661ms polish_tc=39.3057
t=46670ms polish_tc=39.2995
t=46679ms polish_tc=39.2995
t=46688ms polish_tc=39.2994
t=46697ms polish_tc=39.2993
t=46705ms polish_tc=39.2991
t=46713ms polish_tc=39.2991
t=46733ms polish_tc=39.2931
t=46741ms polish_tc=39.2931
t=46807ms polish_tc=39.2907
t=46815ms polish_tc=39.2907
t=46823ms polish_tc=39.2907
t=46832ms polish_tc=39.2727
t=46840ms polish_tc=39.2727
t=46848ms polish_tc=39.2725
t=46874ms polish_tc=39.2725
t=46882ms polish_tc=39.2725
t=46892ms polish_tc=39.2725
t=46901ms polish_tc=39.2724
t=46910ms polish_tc=39.2724
t=46925ms polish_tc=39.2724
t=46934ms polish_tc=39.2724
t=46943ms polish_tc=39.2647
t=46954ms polish_tc=39.2397
t=46962ms polish_tc=39.2397
t=47167ms polish_tc=39.1077
t=47176ms polish_tc=39.0436
t=47185ms polish_tc=39.0420
t=47193ms polish_tc=39.0412
t=47202ms polish_tc=39.0411
t=47210ms polish_tc=39.0192
t=47233ms polish_tc=38.7086
t=47241ms polish_tc=38.6810
t=47249ms polish_tc=38.6810
t=47265ms polish_tc=38.5370
t=47273ms polish_tc=38.4735
t=47282ms polish_tc=38.4635
t=47290ms polish_tc=38.4430
t=47299ms polish_tc=38.4263
t=47307ms polish_tc=38.4261
t=47315ms polish_tc=38.4257
t=47323ms polish_tc=38.4255
t=47330ms polish_tc=38.4254
t=47338ms polish_tc=38.4244
t=47348ms polish_tc=38.4244
t=47356ms polish_tc=38.4243
t=47375ms polish_tc=38.4177
t=47383ms polish_tc=38.4177
t=47391ms polish_tc=38.4175
t=47403ms polish_tc=38.4168
t=47411ms polish_tc=38.4166
t=47419ms polish_tc=38.4125
t=47427ms polish_tc=38.4123
t=47435ms polish_tc=38.4123
t=47446ms polish_tc=38.4121
t=47454ms polish_tc=38.4079
t=47462ms polish_tc=38.4074
t=47524ms polish_tc=38.0600
t=47533ms polish_tc=38.0200
t=47542ms polish_tc=38.0199
t=47552ms polish_tc=38.0160
t=47560ms polish_tc=38.0159
t=47569ms polish_tc=38.0159
t=47577ms polish_tc=38.0159
t=47585ms polish_tc=38.0159
t=47594ms polish_tc=38.0159
t=47602ms polish_tc=38.0159
t=47611ms polish_tc=37.9241
t=47620ms polish_tc=37.8962
t=47627ms polish_tc=37.8953
t=47634ms polish_tc=37.8953
t=47642ms polish_tc=37.8950
t=47649ms polish_tc=37.8921
t=47657ms polish_tc=37.8908
t=47665ms polish_tc=37.8906
t=47673ms polish_tc=37.8660
t=47681ms polish_tc=37.7094
t=47688ms polish_tc=37.6957
t=47696ms polish_tc=37.5101
t=47706ms polish_tc=37.4889
t=47714ms polish_tc=37.4691
t=47722ms polish_tc=37.4043
t=47737ms polish_tc=37.4030
t=47745ms polish_tc=37.4026
t=47752ms polish_tc=37.4023
t=47760ms polish_tc=37.4022
t=47768ms polish_tc=37.4021
t=47783ms polish_tc=37.3728
t=47792ms polish_tc=37.3715
t=47800ms polish_tc=37.3714
t=47808ms polish_tc=37.3710
t=47816ms polish_tc=37.3709
t=55096ms polish_tc=37.2480
t=55105ms polish_tc=37.1450
t=55115ms polish_tc=37.1449
t=55125ms polish_tc=37.1445
t=55134ms polish_tc=37.1430
t=55143ms polish_tc=37.1412
t=55152ms polish_tc=37.1401
t=55161ms polish_tc=37.1401
t=55169ms polish_tc=37.1298
t=55178ms polish_tc=37.1245
t=55187ms polish_tc=37.1240
t=55196ms polish_tc=37.1159
t=55207ms polish_tc=37.1156
t=55217ms polish_tc=37.0510
t=55225ms polish_tc=37.0461
t=55235ms polish_tc=37.0420
t=55243ms polish_tc=37.0370
t=55252ms polish_tc=37.0364
t=55260ms polish_tc=37.0360
t=55268ms polish_tc=37.0359
t=55279ms polish_tc=37.0323
t=55290ms polish_tc=37.0286
t=55299ms polish_tc=37.0256
t=55308ms polish_tc=37.0256
t=55320ms polish_tc=37.0146
t=55329ms polish_tc=36.9749
t=55338ms polish_tc=36.9747
t=55348ms polish_tc=36.9746
t=55357ms polish_tc=36.9743
t=55367ms polish_tc=36.9742
t=55376ms polish_tc=36.9736
t=55389ms polish_tc=36.9734
t=55400ms polish_tc=36.9602
t=55412ms polish_tc=36.9565
t=55420ms polish_tc=36.9558
t=55429ms polish_tc=36.9478
t=55438ms polish_tc=36.9475
t=55447ms polish_tc=36.9474
t=55456ms polish_tc=36.9470
t=55465ms polish_tc=36.9465
t=55474ms polish_tc=36.9461
t=55483ms polish_tc=36.9450
t=55493ms polish_tc=36.9448
t=55503ms polish_tc=36.8535
t=55512ms polish_tc=36.8534
t=55523ms polish_tc=36.8483
t=55532ms polish_tc=36.8476
t=55540ms polish_tc=36.8470
t=55550ms polish_tc=36.4196
t=55559ms polish_tc=36.4134
t=55567ms polish_tc=36.3443
t=55575ms polish_tc=36.3265
t=55584ms polish_tc=36.3176
t=55593ms polish_tc=36.2454
t=55603ms polish_tc=36.1089
t=55611ms polish_tc=36.1070
t=55620ms polish_tc=36.1053
t=55629ms polish_tc=36.1040
t=55638ms polish_tc=36.0574
t=55646ms polish_tc=36.0554
t=55656ms polish_tc=36.0534
t=55667ms polish_tc=35.9679
t=55676ms polish_tc=35.9535
t=55685ms polish_tc=35.9425
t=55693ms polish_tc=35.9418
t=55702ms polish_tc=35.9417
t=55714ms polish_tc=35.8526
t=55722ms polish_tc=35.7361
t=55730ms polish_tc=35.7250
t=55738ms polish_tc=35.7247
t=55747ms polish_tc=35.7247
t=55755ms polish_tc=35.7213
t=55773ms polish_tc=35.6653
t=55781ms polish_tc=35.6634
t=55790ms polish_tc=35.6546
t=55799ms polish_tc=35.6029
t=55812ms polish_tc=35.5977
t=55820ms polish_tc=35.5053
t=55828ms polish_tc=35.4774
t=55851ms polish_tc=35.4645
t=55859ms polish_tc=35.4626
t=55868ms polish_tc=35.4624
t=55877ms polish_tc=35.4624
t=55885ms polish_tc=35.4623
t=55897ms polish_tc=35.4593
t=55909ms polish_tc=35.2909
t=55919ms polish_tc=35.2906
t=55927ms polish_tc=35.2905
t=55936ms polish_tc=35.2820
t=55944ms polish_tc=35.2817
t=55964ms polish_tc=35.2804
t=55973ms polish_tc=35.2804
t=55983ms polish_tc=35.2350
t=55992ms polish_tc=35.1563
t=56002ms polish_tc=35.1556
t=56012ms polish_tc=35.1552
t=56021ms polish_tc=35.1551
t=56030ms polish_tc=35.0772
t=56041ms polish_tc=35.0625
t=56050ms polish_tc=35.0574
t=56059ms polish_tc=35.0571
t=56069ms polish_tc=34.9914
t=56079ms polish_tc=34.9910
t=56088ms polish_tc=34.9903
t=56098ms polish_tc=34.9852
t=56121ms polish_tc=34.7429
t=56130ms polish_tc=34.7299
t=56140ms polish_tc=34.7237
t=56149ms polish_tc=34.7235
t=56158ms polish_tc=34.7234
t=56167ms polish_tc=34.7231
t=56176ms polish_tc=34.7222
t=56184ms polish_tc=34.7207
t=56193ms polish_tc=34.7206
t=56202ms polish_tc=34.6369
t=56211ms polish_tc=34.6234
t=56221ms polish_tc=34.6223
t=56231ms polish_tc=34.4781
t=56241ms polish_tc=34.4581
t=56250ms polish_tc=34.4579
t=56259ms polish_tc=34.4565
t=56268ms polish_tc=34.4543
t=56277ms polish_tc=34.4543
t=56292ms polish_tc=34.4462
t=56303ms polish_tc=34.4416
t=56316ms polish_tc=34.3895
t=56325ms polish_tc=34.3721
t=56333ms polish_tc=34.3706
t=56343ms polish_tc=34.3616
t=56352ms polish_tc=34.3613
t=56362ms polish_tc=34.3582
t=56370ms polish_tc=34.3576
t=56379ms polish_tc=34.3513
t=56389ms polish_tc=34.3509
t=56400ms polish_tc=34.3490
t=56409ms polish_tc=34.3490
t=56417ms polish_tc=34.3489
t=56426ms polish_tc=34.3487
t=56438ms polish_tc=34.3471
t=56449ms polish_tc=34.3425
t=56459ms polish_tc=34.3400
t=56468ms polish_tc=34.3363
t=56477ms polish_tc=34.3363
t=56491ms polish_tc=34.3354
t=56515ms polish_tc=34.2153
t=56524ms polish_tc=34.2060
t=56532ms polish_tc=34.2059
t=56541ms polish_tc=34.2054
t=56551ms polish_tc=34.2002
t=56561ms polish_tc=34.1836
t=56570ms polish_tc=34.1835
t=56579ms polish_tc=34.1812
t=56588ms polish_tc=34.1759
t=56597ms polish_tc=34.1737
t=56606ms polish_tc=34.1709
t=56615ms polish_tc=34.1612
t=56625ms polish_tc=34.1526
t=56633ms polish_tc=34.1426
t=56643ms polish_tc=34.1425
t=56652ms polish_tc=34.1422
t=56664ms polish_tc=34.0626
t=56673ms polish_tc=34.0595
t=56681ms polish_tc=34.0594
t=56691ms polish_tc=34.0590
t=56700ms polish_tc=34.0566
t=56711ms polish_tc=34.0537
t=56722ms polish_tc=34.0415
t=56730ms polish_tc=33.9042
t=56738ms polish_tc=33.8012
t=56746ms polish_tc=33.8011
t=56754ms polish_tc=33.8005
t=56763ms polish_tc=33.7981
t=56776ms polish_tc=33.7466
t=56784ms polish_tc=33.7460
t=56793ms polish_tc=33.7458
t=56801ms polish_tc=33.7445
t=56812ms polish_tc=33.5771
t=56820ms polish_tc=33.5749
t=56828ms polish_tc=33.5736
t=56836ms polish_tc=33.5731
t=56845ms polish_tc=33.5730
t=56853ms polish_tc=33.5703
t=56862ms polish_tc=33.5700
t=56870ms polish_tc=33.5695
t=56879ms polish_tc=33.5689
t=56890ms polish_tc=33.5687
t=56899ms polish_tc=33.5670
t=56908ms polish_tc=33.5516
t=56917ms polish_tc=33.5516
t=56925ms polish_tc=33.5488
t=56934ms polish_tc=33.5485
t=56943ms polish_tc=33.4832
t=56951ms polish_tc=33.4814
t=56960ms polish_tc=33.4738
t=56970ms polish_tc=33.4579
t=56979ms polish_tc=33.4499
t=56988ms polish_tc=33.4489
t=56997ms polish_tc=33.4488
t=57006ms polish_tc=33.4488
t=57015ms polish_tc=33.4488
t=57023ms polish_tc=33.4488
t=57045ms polish_tc=33.3538
t=57054ms polish_tc=33.3492
t=57063ms polish_tc=33.3492
t=57072ms polish_tc=33.3481
t=57081ms polish_tc=33.3440
t=57090ms polish_tc=33.3399
t=57105ms polish_tc=33.3259
t=57115ms polish_tc=33.3238
t=57124ms polish_tc=33.2897
t=57133ms polish_tc=33.2885
t=57141ms polish_tc=33.2124
t=57151ms polish_tc=33.2122
t=57160ms polish_tc=33.1738
t=57169ms polish_tc=33.1734
t=57185ms polish_tc=33.1639
t=57196ms polish_tc=33.1638
t=57204ms polish_tc=33.1618
t=57213ms polish_tc=33.1616
t=57222ms polish_tc=33.1614
t=57231ms polish_tc=33.1614
t=57240ms polish_tc=33.1588
t=57249ms polish_tc=33.1584
t=57259ms polish_tc=33.1527
t=57268ms polish_tc=33.1525
t=57276ms polish_tc=33.1465
t=57292ms polish_tc=33.1315
t=57302ms polish_tc=33.0943
t=57312ms polish_tc=33.0938
t=57321ms polish_tc=33.0937
t=57329ms polish_tc=33.0936
t=57339ms polish_tc=33.0915
t=57349ms polish_tc=33.0866
t=57365ms polish_tc=33.0846
t=57373ms polish_tc=33.0846
t=57382ms polish_tc=33.0842
t=57410ms polish_tc=33.0805
t=57418ms polish_tc=33.0794
t=57428ms polish_tc=33.0776
t=57436ms polish_tc=33.0775
t=57449ms polish_tc=33.0676
t=57458ms polish_tc=33.0578
t=57467ms polish_tc=33.0570
t=57475ms polish_tc=33.0564
t=57484ms polish_tc=33.0561
t=57536ms polish_tc=33.0509
t=57545ms polish_tc=33.0500
t=57554ms polish_tc=33.0495
t=57563ms polish_tc=33.0492
t=57572ms polish_tc=33.0490
t=57597ms polish_tc=33.0465
t=57649ms polish_tc=32.9627
t=57657ms polish_tc=32.9571
t=57666ms polish_tc=32.9571
t=57675ms polish_tc=32.8723
t=57684ms polish_tc=32.8662
t=57693ms polish_tc=32.8586
t=57703ms polish_tc=32.8583
t=57712ms polish_tc=32.8561
t=57721ms polish_tc=32.8560
t=57731ms polish_tc=32.8542
t=57739ms polish_tc=32.8535
t=57748ms polish_tc=32.8529
t=57756ms polish_tc=32.8525
t=57782ms polish_tc=32.8523
t=57793ms polish_tc=32.8518
t=57802ms polish_tc=32.8493
t=57810ms polish_tc=32.8492
t=57819ms polish_tc=32.8490
t=57868ms polish_tc=32.8213
t=57879ms polish_tc=32.7856
t=57887ms polish_tc=32.7854
t=57896ms polish_tc=32.7832
t=57905ms polish_tc=32.7720
t=57914ms polish_tc=32.7718
t=57923ms polish_tc=32.7686
t=57932ms polish_tc=32.7681
t=57952ms polish_tc=32.7680
t=57961ms polish_tc=32.7678
t=57970ms polish_tc=32.7678
t=57980ms polish_tc=32.7451
t=57989ms polish_tc=32.7428
t=57998ms polish_tc=32.7428
t=58007ms polish_tc=32.7428
t=58047ms polish_tc=32.7415
t=58057ms polish_tc=32.7411
t=77406ms polish_tc=32.7382
t=77415ms polish_tc=32.7380
t=77424ms polish_tc=32.7279
t=77434ms polish_tc=32.7276
t=77443ms polish_tc=32.7260
t=77451ms polish_tc=32.7257
t=77461ms polish_tc=32.7257
t=77470ms polish_tc=32.7257
t=77478ms polish_tc=32.7257
t=77490ms polish_tc=32.6998
t=77498ms polish_tc=32.6718
t=77506ms polish_tc=32.6438
t=77515ms polish_tc=32.6158
t=77524ms polish_tc=32.6148
t=77532ms polish_tc=32.6138
t=77543ms polish_tc=32.6100
t=77551ms polish_tc=32.6091
t=77574ms polish_tc=32.5871
t=77582ms polish_tc=32.5871
t=77591ms polish_tc=32.5871
t=77599ms polish_tc=32.5870
t=77608ms polish_tc=32.5864
t=77616ms polish_tc=32.5864
t=77625ms polish_tc=32.5827
t=77634ms polish_tc=32.5714
t=77642ms polish_tc=32.5714
t=77652ms polish_tc=32.5631
t=77660ms polish_tc=32.5623
t=77669ms polish_tc=32.5609
t=77679ms polish_tc=32.5540
t=77688ms polish_tc=32.5525
t=77706ms polish_tc=32.4977
t=77714ms polish_tc=32.4902
t=77723ms polish_tc=32.4836
t=77731ms polish_tc=32.4825
t=77739ms polish_tc=32.4823
t=77748ms polish_tc=32.4784
t=77756ms polish_tc=32.4705
t=77765ms polish_tc=32.4702
t=77782ms polish_tc=32.4693
t=77790ms polish_tc=32.4524
t=77798ms polish_tc=32.4504
t=77807ms polish_tc=32.4495
t=77815ms polish_tc=32.4451
t=77824ms polish_tc=32.4370
t=77860ms polish_tc=32.4364
t=77869ms polish_tc=32.4362
t=77878ms polish_tc=32.4326
t=77888ms polish_tc=32.4320
t=77897ms polish_tc=32.3993
t=77906ms polish_tc=32.3992
t=77919ms polish_tc=32.3986
t=77927ms polish_tc=32.3986
t=77935ms polish_tc=32.3986
t=77944ms polish_tc=32.3985
t=77959ms polish_tc=32.3833
t=77967ms polish_tc=32.3811
t=77975ms polish_tc=32.3731
t=77984ms polish_tc=32.3725
t=77993ms polish_tc=32.3052
t=78002ms polish_tc=32.2942
t=78010ms polish_tc=32.2776
t=78019ms polish_tc=32.2768
t=78031ms polish_tc=32.2765
t=78039ms polish_tc=32.2765
t=78049ms polish_tc=32.2760
t=78058ms polish_tc=32.2758
t=78066ms polish_tc=32.2758
t=78074ms polish_tc=32.2758
t=78097ms polish_tc=32.1245
t=78105ms polish_tc=32.0393
t=78114ms polish_tc=32.0347
t=78123ms polish_tc=32.0345
t=78131ms polish_tc=32.0344
t=78155ms polish_tc=32.0329
t=78165ms polish_tc=31.9574
t=78173ms polish_tc=31.9408
t=78181ms polish_tc=31.9405
t=78200ms polish_tc=31.9044
t=78208ms polish_tc=31.9018
t=78217ms polish_tc=31.9002
t=78225ms polish_tc=31.8979
t=78238ms polish_tc=31.8959
t=78250ms polish_tc=31.8546
t=78258ms polish_tc=31.8530
t=78266ms polish_tc=31.8481
t=78274ms polish_tc=31.8426
t=78283ms polish_tc=31.8421
anneal_sweeps=287480 cycles=101 fresh=10
t_final=87302ms tc_greedy=42.0281 tc_mcts=41.1310 tc_final=31.8421 tc_full=31.8421 leaves=525
