simplify: n_orig=2064 n_reduced=370 shrink=0.8207 t_simp=10ms
t_seed=605ms tc_seed=42.0135 seed_trials=15
t_dp=3612ms tc_greedy=41.1262
t=4355ms mcts_tc=39.5022
t=11750ms mcts_tc=38.9900
t=13052ms mcts_tc=38.7438
t_mcts=18325ms mcts: backup=min rollouts=384 rate=21/s depth=3 nodes=385 improves=3 tc_mcts=38.7438
ATTRIBUTION tc_greedy=41.1262 tc_mcts_prepolish=38.7438 mcts_beats_greedy=true
t=18483ms polish_tc=38.2869
t=18557ms polish_tc=38.2042
t=18621ms polish_tc=38.2026
t=18686ms polish_tc=35.6890
t=18747ms polish_tc=35.6497
t=18809ms polish_tc=35.5682
t=18867ms polish_tc=35.5061
t=18929ms polish_tc=35.4359
t=18995ms polish_tc=35.3944
t=19060ms polish_tc=35.3077
t=19122ms polish_tc=35.2921
t=19178ms polish_tc=34.9762
t=19346ms polish_tc=34.9170
t=19399ms polish_tc=34.8368
t=19457ms polish_tc=34.7807
t=19517ms polish_tc=34.7658
t=19578ms polish_tc=34.3693
t=19637ms polish_tc=34.1944
t=19699ms polish_tc=34.1695
t=19756ms polish_tc=34.1607
t=19815ms polish_tc=34.0989
t=19874ms polish_tc=34.0629
t=19935ms polish_tc=34.0107
t=19994ms polish_tc=33.9146
t=20053ms polish_tc=33.6362
t=20347ms polish_tc=33.5551
t=20409ms polish_tc=33.4987
t=20468ms polish_tc=33.4840
t=20528ms polish_tc=33.4228
t=20586ms polish_tc=33.2852
t=20636ms polish_tc=33.2675
t=20685ms polish_tc=33.2476
t=20732ms polish_tc=33.2331
t=20782ms polish_tc=33.2119
t=20831ms polish_tc=33.2044
t=20888ms polish_tc=33.1778
t=20940ms polish_tc=33.1673
t=20991ms polish_tc=33.1611
t=21049ms polish_tc=33.1252
t=21098ms polish_tc=33.1249
t=21347ms polish_tc=33.0896
t=21398ms polish_tc=33.0895
t=21448ms polish_tc=33.0587
t=21507ms polish_tc=33.0573
t=21561ms polish_tc=33.0550
t=21611ms polish_tc=33.0550
t=21662ms polish_tc=33.0536
t=21717ms polish_tc=33.0533
t=21774ms polish_tc=33.0532
t=21831ms polish_tc=33.0525
t=21883ms polish_tc=33.0524
t=21935ms polish_tc=33.0524
t=21997ms polish_tc=33.0523
t=22076ms polish_tc=33.0523
t=22143ms polish_tc=33.0523
t=22344ms polish_tc=33.0523
t=22918ms polish_tc=33.0439
t=22964ms polish_tc=32.9141
t=23035ms polish_tc=32.8926
t=23083ms polish_tc=32.8924
t=23130ms polish_tc=32.8923
t=23261ms polish_tc=32.8923
t=23309ms polish_tc=32.8923
t=23359ms polish_tc=32.8923
t=23413ms polish_tc=32.8922
t=23462ms polish_tc=32.8922
t=23523ms polish_tc=32.8922
t=23572ms polish_tc=32.8922
t=23623ms polish_tc=32.8922
t=23679ms polish_tc=32.8922
t=23758ms polish_tc=32.8916
t=23811ms polish_tc=32.8916
t=23860ms polish_tc=32.8916
t=23910ms polish_tc=32.8913
t=23961ms polish_tc=32.8913
t=24009ms polish_tc=32.8913
t=24064ms polish_tc=32.8913
t=24114ms polish_tc=32.8913
t=24165ms polish_tc=32.8913
t=24215ms polish_tc=32.8913
t=24344ms polish_tc=32.8913
t=24404ms polish_tc=32.8906
t=24454ms polish_tc=32.8906
t=24506ms polish_tc=32.8906
t=24555ms polish_tc=32.8906
t=24603ms polish_tc=32.8905
t=24660ms polish_tc=32.8905
t=24713ms polish_tc=32.8905
t=44331ms polish_tc=32.8904
t=44631ms polish_tc=32.8904
t=44673ms polish_tc=32.8904
t=44715ms polish_tc=32.8904
anneal_sweeps=348440 cycles=59 fresh=24
t_final=87305ms tc_greedy=41.1262 tc_mcts=38.7438 tc_final=32.8904 tc_full=32.8904 leaves=2064
