probe: instance=surfacecode_d21 n_orig=2203 n=761 fusible=0.6546 nlabels=798 t=8ms
seed_greedy tc=60.8342 t=503ms
t=628ms iter=1 WAIST cost=49.0000 cur_cut=40.0000 best_alt=37.0000 gap=12.0000 gap_cut=3.0000 tried=5 sep_labels=37 clique_frac=0.02
t=924ms iter=1 REBUILD ACCEPT new_tc=49.7778 (was 49.9507)
t=1190ms iter=1 incumb=49.7778 ratchet=49.2716 best=49.2716 since_improve=0
t=1200ms iter=2 WAIST cost=47.0000 cur_cut=40.0000 best_alt=33.0000 gap=14.0000 gap_cut=7.0000 tried=5 sep_labels=33 clique_frac=0.02
t=1395ms iter=2 REBUILD reject new_tc=49.3498 (was 49.2716)
t=1765ms iter=2 incumb=49.2716 ratchet=49.1004 best=49.0924 since_improve=0
t=1777ms iter=3 WAIST cost=45.0000 cur_cut=40.0000 best_alt=33.0000 gap=12.0000 gap_cut=7.0000 tried=5 sep_labels=33 clique_frac=0.04
t=1976ms iter=3 REBUILD reject new_tc=50.4741 (was 49.1004)
t=2153ms iter=3 incumb=49.1004 ratchet=49.1405 best=49.0924 since_improve=1
t=2168ms iter=4 WAIST cost=45.0000 cur_cut=40.0000 best_alt=33.0000 gap=12.0000 gap_cut=7.0000 tried=5 sep_labels=33 clique_frac=0.04
t=2369ms iter=4 REBUILD reject new_tc=54.0240 (was 49.1004)
t=2544ms iter=4 incumb=49.1004 ratchet=49.1305 best=49.0924 since_improve=2
t=2557ms iter=5 WAIST cost=45.0000 cur_cut=40.0000 best_alt=33.0000 gap=12.0000 gap_cut=7.0000 tried=5 sep_labels=33 clique_frac=0.04
t=2760ms iter=5 REBUILD reject new_tc=51.2468 (was 49.1004)
t=2937ms iter=5 incumb=49.1004 ratchet=49.1109 best=49.0924 since_improve=3
t=2951ms iter=6 WAIST cost=45.0000 cur_cut=40.0000 best_alt=33.0000 gap=12.0000 gap_cut=7.0000 tried=5 sep_labels=33 clique_frac=0.04
t=3153ms iter=6 REBUILD reject new_tc=51.2073 (was 49.1004)
t=3452ms iter=6 incumb=49.1004 ratchet=49.1053 best=49.0818 since_improve=4
t=3466ms iter=7 WAIST cost=45.0000 cur_cut=40.0000 best_alt=33.0000 gap=12.0000 gap_cut=7.0000 tried=5 sep_labels=33 clique_frac=0.04
t=3666ms iter=7 REBUILD reject new_tc=53.0452 (was 49.1004)
t=3842ms iter=7 incumb=49.1004 ratchet=49.0989 best=49.0818 since_improve=0
t=3851ms iter=8 WAIST cost=44.0000 cur_cut=40.0000 best_alt=37.0000 gap=7.0000 gap_cut=3.0000 tried=5 sep_labels=37 clique_frac=0.04
t=4059ms iter=8 REBUILD reject new_tc=52.1210 (was 49.0989)
t=4234ms iter=8 incumb=49.0989 ratchet=49.0989 best=49.0818 since_improve=1
t=4244ms iter=9 WAIST cost=44.0000 cur_cut=40.0000 best_alt=35.0000 gap=9.0000 gap_cut=5.0000 tried=5 sep_labels=35 clique_frac=0.03
t=4542ms iter=9 REBUILD ACCEPT new_tc=49.0518 (was 49.0989)
t=5088ms iter=9 incumb=49.0518 ratchet=48.9115 best=48.9115 since_improve=0
t=5100ms iter=10 WAIST cost=45.0000 cur_cut=40.0000 best_alt=33.0000 gap=12.0000 gap_cut=7.0000 tried=5 sep_labels=33 clique_frac=0.01
t=5297ms iter=10 REBUILD reject new_tc=49.2124 (was 48.9115)
t=5589ms iter=10 incumb=48.9115 ratchet=48.9456 best=48.8996 since_improve=1
t=5601ms iter=11 WAIST cost=45.0000 cur_cut=40.0000 best_alt=33.0000 gap=12.0000 gap_cut=7.0000 tried=5 sep_labels=33 clique_frac=0.01
t=5894ms iter=11 REBUILD ACCEPT new_tc=48.8147 (was 48.9115)
t=6058ms iter=11 incumb=48.8147 ratchet=48.9047 best=48.8147 since_improve=1
t=6067ms iter=12 WAIST cost=45.0000 cur_cut=33.0000 best_alt=33.0000 gap=12.0000 gap_cut=0.0000 tried=5 sep_labels=33 clique_frac=0.01
t=6270ms iter=12 REBUILD reject new_tc=48.8353 (was 48.8147)
t=6436ms iter=12 incumb=48.8147 ratchet=48.9485 best=48.8147 since_improve=2
t=6445ms iter=13 WAIST cost=45.0000 cur_cut=33.0000 best_alt=33.0000 gap=12.0000 gap_cut=0.0000 tried=5 sep_labels=33 clique_frac=0.01
t=6638ms iter=13 REBUILD reject new_tc=57.0033 (was 48.8147)
t=6803ms iter=13 incumb=48.8147 ratchet=48.8922 best=48.8147 since_improve=3
t=6812ms iter=14 WAIST cost=45.0000 cur_cut=33.0000 best_alt=33.0000 gap=12.0000 gap_cut=0.0000 tried=5 sep_labels=33 clique_frac=0.01
t=7012ms iter=14 REBUILD reject new_tc=52.1070 (was 48.8147)
t=7182ms iter=14 incumb=48.8147 ratchet=48.9474 best=48.8147 since_improve=4
t=7193ms iter=15 WAIST cost=45.0000 cur_cut=33.0000 best_alt=33.0000 gap=12.0000 gap_cut=0.0000 tried=5 sep_labels=33 clique_frac=0.01
t=7391ms iter=15 REBUILD reject new_tc=51.2154 (was 48.8147)
t=7557ms iter=15 incumb=48.8147 ratchet=48.9488 best=48.8147 since_improve=5
t=7568ms iter=16 WAIST cost=45.0000 cur_cut=33.0000 best_alt=33.0000 gap=12.0000 gap_cut=0.0000 tried=5 sep_labels=33 clique_frac=0.01
t=7769ms iter=16 REBUILD reject new_tc=48.9348 (was 48.8147)
t=7937ms iter=16 incumb=48.8147 ratchet=48.9942 best=48.8147 since_improve=6
t=7947ms iter=17 WAIST cost=45.0000 cur_cut=33.0000 best_alt=33.0000 gap=12.0000 gap_cut=0.0000 tried=5 sep_labels=33 clique_frac=0.01
t=8260ms iter=17 REBUILD ACCEPT new_tc=48.7126 (was 48.8147)
t=8437ms iter=17 incumb=48.7126 ratchet=48.7679 best=48.7126 since_improve=1
t=8449ms iter=18 WAIST cost=45.0000 cur_cut=40.0000 best_alt=33.0000 gap=12.0000 gap_cut=7.0000 tried=5 sep_labels=33 clique_frac=0.03
t=8649ms iter=18 REBUILD reject new_tc=52.1054 (was 48.7126)
t=8958ms iter=18 incumb=48.7126 ratchet=48.7013 best=48.6962 since_improve=0
t=8968ms iter=19 WAIST cost=45.0000 cur_cut=40.0000 best_alt=33.0000 gap=12.0000 gap_cut=7.0000 tried=5 sep_labels=33 clique_frac=0.00
t=9166ms iter=19 REBUILD reject new_tc=52.0805 (was 48.7013)
t=9342ms iter=19 incumb=48.7013 ratchet=48.7388 best=48.6962 since_improve=1
t=9353ms iter=20 WAIST cost=45.0000 cur_cut=40.0000 best_alt=33.0000 gap=12.0000 gap_cut=7.0000 tried=5 sep_labels=33 clique_frac=0.00
t=9555ms iter=20 REBUILD reject new_tc=50.4751 (was 48.7013)
t=9731ms iter=20 incumb=48.7013 ratchet=48.7088 best=48.6962 since_improve=2
t=9744ms iter=21 WAIST cost=45.0000 cur_cut=40.0000 best_alt=33.0000 gap=12.0000 gap_cut=7.0000 tried=5 sep_labels=33 clique_frac=0.00
t=9944ms iter=21 REBUILD reject new_tc=51.2350 (was 48.7013)
t=10121ms iter=21 incumb=48.7013 ratchet=48.7174 best=48.6962 since_improve=3
t=10132ms iter=22 WAIST cost=45.0000 cur_cut=40.0000 best_alt=33.0000 gap=12.0000 gap_cut=7.0000 tried=5 sep_labels=33 clique_frac=0.00
t=10331ms iter=22 REBUILD reject new_tc=52.2121 (was 48.7013)
t=10626ms iter=22 incumb=48.7013 ratchet=48.6679 best=48.6679 since_improve=0
t=10639ms iter=23 WAIST cost=45.0000 cur_cut=40.0000 best_alt=33.0000 gap=12.0000 gap_cut=7.0000 tried=5 sep_labels=33 clique_frac=0.03
t=10836ms iter=23 REBUILD reject new_tc=54.0225 (was 48.6679)
t=11035ms iter=23 incumb=48.6679 ratchet=48.7087 best=48.6679 since_improve=1
t=11049ms iter=24 WAIST cost=45.0000 cur_cut=40.0000 best_alt=33.0000 gap=12.0000 gap_cut=7.0000 tried=5 sep_labels=33 clique_frac=0.03
t=11245ms iter=24 REBUILD reject new_tc=55.0105 (was 48.6679)
t=11423ms iter=24 incumb=48.6679 ratchet=48.7333 best=48.6679 since_improve=2
t=11439ms iter=25 WAIST cost=45.0000 cur_cut=40.0000 best_alt=33.0000 gap=12.0000 gap_cut=7.0000 tried=5 sep_labels=33 clique_frac=0.03
t=11656ms iter=25 REBUILD reject new_tc=51.2505 (was 48.6679)
t=11823ms iter=25 incumb=48.6679 ratchet=48.7054 best=48.6679 since_improve=3
t=11839ms iter=26 WAIST cost=45.0000 cur_cut=40.0000 best_alt=33.0000 gap=12.0000 gap_cut=7.0000 tried=5 sep_labels=33 clique_frac=0.03
t=12041ms iter=26 REBUILD reject new_tc=50.4309 (was 48.6679)
t=12216ms iter=26 incumb=48.6679 ratchet=48.7409 best=48.6679 since_improve=4
t=12234ms iter=27 WAIST cost=45.0000 cur_cut=40.0000 best_alt=33.0000 gap=12.0000 gap_cut=7.0000 tried=5 sep_labels=33 clique_frac=0.03
t=12430ms iter=27 REBUILD reject new_tc=49.8664 (was 48.6679)
t=12606ms iter=27 incumb=48.6679 ratchet=48.7566 best=48.6679 since_improve=5
t=12619ms iter=28 WAIST cost=45.0000 cur_cut=40.0000 best_alt=33.0000 gap=12.0000 gap_cut=7.0000 tried=5 sep_labels=33 clique_frac=0.03
t=12820ms iter=28 REBUILD reject new_tc=49.3854 (was 48.6679)
t=12995ms iter=28 incumb=48.6679 ratchet=48.7206 best=48.6679 since_improve=6
t=13006ms iter=29 WAIST cost=45.0000 cur_cut=40.0000 best_alt=33.0000 gap=12.0000 gap_cut=7.0000 tried=5 sep_labels=33 clique_frac=0.03
t=13214ms iter=29 REBUILD reject new_tc=48.9804 (was 48.6679)
t=13387ms iter=29 incumb=48.6679 ratchet=48.7377 best=48.6679 since_improve=7
t=13401ms iter=30 WAIST cost=45.0000 cur_cut=40.0000 best_alt=33.0000 gap=12.0000 gap_cut=7.0000 tried=5 sep_labels=33 clique_frac=0.03
t=13595ms iter=30 REBUILD reject new_tc=51.2529 (was 48.6679)
t=13773ms iter=30 incumb=48.6679 ratchet=48.6905 best=48.6679 since_improve=8
t=13786ms iter=31 WAIST cost=45.0000 cur_cut=40.0000 best_alt=33.0000 gap=12.0000 gap_cut=7.0000 tried=5 sep_labels=33 clique_frac=0.03
t=13987ms iter=31 REBUILD reject new_tc=54.0240 (was 48.6679)
t=14165ms iter=31 incumb=48.6679 ratchet=48.7637 best=48.6679 since_improve=9
t=14179ms iter=32 WAIST cost=45.0000 cur_cut=40.0000 best_alt=33.0000 gap=12.0000 gap_cut=7.0000 tried=5 sep_labels=33 clique_frac=0.03
t=14375ms iter=32 REBUILD reject new_tc=50.0362 (was 48.6679)
t=14546ms iter=32 incumb=48.6679 ratchet=48.6900 best=48.6679 since_improve=10
t=14562ms iter=33 WAIST cost=45.0000 cur_cut=40.0000 best_alt=33.0000 gap=12.0000 gap_cut=7.0000 tried=5 sep_labels=33 clique_frac=0.03
t=14764ms iter=33 REBUILD reject new_tc=50.4453 (was 48.6679)
t=15079ms iter=33 incumb=48.6679 ratchet=48.6622 best=48.6611 since_improve=0
t=15092ms iter=34 WAIST cost=45.0000 cur_cut=40.0000 best_alt=33.0000 gap=12.0000 gap_cut=7.0000 tried=5 sep_labels=33 clique_frac=0.02
t=15295ms iter=34 REBUILD reject new_tc=49.8983 (was 48.6622)
t=15465ms iter=34 incumb=48.6622 ratchet=48.7055 best=48.6611 since_improve=1
t=15475ms iter=35 WAIST cost=45.0000 cur_cut=40.0000 best_alt=33.0000 gap=12.0000 gap_cut=7.0000 tried=5 sep_labels=33 clique_frac=0.02
t=15804ms iter=35 REBUILD ACCEPT new_tc=48.4989 (was 48.6622)
t=16232ms iter=35 incumb=48.4989 ratchet=48.3627 best=48.3627 since_improve=0
t=16246ms iter=36 WAIST cost=44.0000 cur_cut=40.0000 best_alt=33.0000 gap=11.0000 gap_cut=7.0000 tried=5 sep_labels=33 clique_frac=0.03
t=16444ms iter=36 REBUILD reject new_tc=50.2150 (was 48.3627)
t=16617ms iter=36 incumb=48.3627 ratchet=48.3891 best=48.3627 since_improve=1
t=16635ms iter=37 WAIST cost=44.0000 cur_cut=40.0000 best_alt=33.0000 gap=11.0000 gap_cut=7.0000 tried=5 sep_labels=33 clique_frac=0.03
t=16835ms iter=37 REBUILD reject new_tc=49.4278 (was 48.3627)
t=17126ms iter=37 incumb=48.3627 ratchet=48.3221 best=48.3165 since_improve=0
t=17136ms iter=38 WAIST cost=44.0000 cur_cut=40.0000 best_alt=39.0000 gap=5.0000 gap_cut=1.0000 tried=5 sep_labels=39 clique_frac=0.03
t=17332ms iter=38 REBUILD reject new_tc=53.3653 (was 48.3221)
t=17851ms iter=38 incumb=48.3221 ratchet=48.2276 best=48.2276 since_improve=0
t=17868ms iter=39 WAIST cost=44.0000 cur_cut=40.0000 best_alt=33.0000 gap=11.0000 gap_cut=7.0000 tried=5 sep_labels=33 clique_frac=0.01
t=18069ms iter=39 REBUILD reject new_tc=50.4577 (was 48.2276)
t=18356ms iter=39 incumb=48.2276 ratchet=48.1976 best=48.1894 since_improve=0
t=18371ms iter=40 WAIST cost=44.0000 cur_cut=39.0000 best_alt=39.0000 gap=5.0000 gap_cut=0.0000 tried=5 sep_labels=39 clique_frac=0.02
t=18566ms iter=40 REBUILD reject new_tc=52.1112 (was 48.1976)
t=18970ms iter=40 incumb=48.1976 ratchet=48.0882 best=48.0785 since_improve=0
t=18983ms iter=41 WAIST cost=43.0000 cur_cut=40.0000 best_alt=40.0000 gap=3.0000 gap_cut=0.0000 tried=5 sep_labels=40 clique_frac=0.02
t=19204ms iter=41 REBUILD reject new_tc=48.5753 (was 48.0882)
t=19636ms iter=41 incumb=48.0882 ratchet=48.0246 best=48.0010 since_improve=0
t=19646ms iter=42 WAIST cost=43.0000 cur_cut=40.0000 best_alt=35.0000 gap=8.0000 gap_cut=5.0000 tried=5 sep_labels=35 clique_frac=0.02
t=19841ms iter=42 REBUILD reject new_tc=55.0102 (was 48.0246)
t=20012ms iter=42 incumb=48.0246 ratchet=48.0033 best=48.0010 since_improve=0
t=20028ms iter=43 WAIST cost=44.0000 cur_cut=39.0000 best_alt=39.0000 gap=5.0000 gap_cut=0.0000 tried=5 sep_labels=39 clique_frac=0.02
t=20231ms iter=43 REBUILD reject new_tc=49.3749 (was 48.0033)
t=20529ms iter=43 incumb=48.0033 ratchet=48.0020 best=47.9678 since_improve=0
t=20543ms iter=44 WAIST cost=45.0000 cur_cut=39.0000 best_alt=39.0000 gap=6.0000 gap_cut=0.0000 tried=5 sep_labels=39 clique_frac=0.03
t=20741ms iter=44 REBUILD reject new_tc=52.1029 (was 48.0020)
t=21160ms iter=44 incumb=48.0020 ratchet=47.9371 best=47.9299 since_improve=0
t=21175ms iter=45 WAIST cost=44.0000 cur_cut=40.0000 best_alt=40.0000 gap=4.0000 gap_cut=0.0000 tried=5 sep_labels=40 clique_frac=0.01
t=21396ms iter=45 REBUILD reject new_tc=49.3743 (was 47.9371)
t=21800ms iter=45 incumb=47.9371 ratchet=47.9093 best=47.9033 since_improve=0
t=21811ms iter=46 WAIST cost=44.0000 cur_cut=40.0000 best_alt=40.0000 gap=4.0000 gap_cut=0.0000 tried=5 sep_labels=40 clique_frac=0.01
t=22037ms iter=46 REBUILD reject new_tc=48.6732 (was 47.9093)
t=22207ms iter=46 incumb=47.9093 ratchet=47.9267 best=47.9033 since_improve=1
t=22217ms iter=47 WAIST cost=44.0000 cur_cut=40.0000 best_alt=40.0000 gap=4.0000 gap_cut=0.0000 tried=5 sep_labels=40 clique_frac=0.01
t=22440ms iter=47 REBUILD reject new_tc=48.3000 (was 47.9093)
t=22737ms iter=47 incumb=47.9093 ratchet=47.9038 best=47.9012 since_improve=0
t=22752ms iter=48 WAIST cost=44.0000 cur_cut=40.0000 best_alt=40.0000 gap=4.0000 gap_cut=0.0000 tried=5 sep_labels=40 clique_frac=0.01
t=22974ms iter=48 REBUILD reject new_tc=48.8742 (was 47.9038)
t=23139ms iter=48 incumb=47.9038 ratchet=47.9351 best=47.9012 since_improve=1
t=23151ms iter=49 WAIST cost=44.0000 cur_cut=40.0000 best_alt=40.0000 gap=4.0000 gap_cut=0.0000 tried=5 sep_labels=40 clique_frac=0.01
t=23378ms iter=49 REBUILD reject new_tc=48.8687 (was 47.9038)
t=23547ms iter=49 incumb=47.9038 ratchet=48.0614 best=47.9012 since_improve=2
t=23562ms iter=50 WAIST cost=44.0000 cur_cut=40.0000 best_alt=37.0000 gap=7.0000 gap_cut=3.0000 tried=5 sep_labels=37 clique_frac=0.00
t=23762ms iter=50 REBUILD reject new_tc=48.8478 (was 47.9038)
t=23936ms iter=50 incumb=47.9038 ratchet=48.0135 best=47.9012 since_improve=3
t=23947ms iter=51 WAIST cost=44.0000 cur_cut=40.0000 best_alt=40.0000 gap=4.0000 gap_cut=0.0000 tried=5 sep_labels=40 clique_frac=0.01
t=24174ms iter=51 REBUILD reject new_tc=48.7737 (was 47.9038)
t=24341ms iter=51 incumb=47.9038 ratchet=48.0575 best=47.9012 since_improve=4
t=24356ms iter=52 WAIST cost=44.0000 cur_cut=40.0000 best_alt=35.0000 gap=9.0000 gap_cut=5.0000 tried=5 sep_labels=35 clique_frac=0.01
t=24549ms iter=52 REBUILD reject new_tc=51.2458 (was 47.9038)
t=24725ms iter=52 incumb=47.9038 ratchet=47.9077 best=47.9012 since_improve=5
t=24736ms iter=53 WAIST cost=44.0000 cur_cut=40.0000 best_alt=40.0000 gap=4.0000 gap_cut=0.0000 tried=5 sep_labels=40 clique_frac=0.01
t=24960ms iter=53 REBUILD reject new_tc=50.5721 (was 47.9038)
t=25254ms iter=53 incumb=47.9038 ratchet=47.8925 best=47.8925 since_improve=0
t=25269ms iter=54 WAIST cost=43.0000 cur_cut=40.0000 best_alt=39.0000 gap=4.0000 gap_cut=1.0000 tried=5 sep_labels=39 clique_frac=0.01
t=25489ms iter=54 REBUILD reject new_tc=50.1793 (was 47.8925)
t=25766ms iter=54 incumb=47.8925 ratchet=47.8672 best=47.8640 since_improve=0
t=25782ms iter=55 WAIST cost=43.0000 cur_cut=40.0000 best_alt=35.0000 gap=8.0000 gap_cut=5.0000 tried=5 sep_labels=35 clique_frac=0.01
t=25980ms iter=55 REBUILD reject new_tc=48.6949 (was 47.8672)
t=26154ms iter=55 incumb=47.8672 ratchet=47.9063 best=47.8640 since_improve=1
t=26170ms iter=56 WAIST cost=43.0000 cur_cut=40.0000 best_alt=39.0000 gap=4.0000 gap_cut=1.0000 tried=5 sep_labels=39 clique_frac=0.01
t=26395ms iter=56 REBUILD reject new_tc=48.9264 (was 47.8672)
t=26564ms iter=56 incumb=47.8672 ratchet=47.9237 best=47.8640 since_improve=2
t=26578ms iter=57 WAIST cost=43.0000 cur_cut=40.0000 best_alt=39.0000 gap=4.0000 gap_cut=1.0000 tried=5 sep_labels=39 clique_frac=0.01
t=26797ms iter=57 REBUILD reject new_tc=58.0010 (was 47.8672)
t=26968ms iter=57 incumb=47.8672 ratchet=48.0278 best=47.8640 since_improve=3
t=26982ms iter=58 WAIST cost=43.0000 cur_cut=40.0000 best_alt=39.0000 gap=4.0000 gap_cut=1.0000 tried=5 sep_labels=39 clique_frac=0.01
t=27205ms iter=58 REBUILD reject new_tc=50.3615 (was 47.8672)
t=27372ms iter=58 incumb=47.8672 ratchet=48.0824 best=47.8640 since_improve=4
t=27388ms iter=59 WAIST cost=43.0000 cur_cut=40.0000 best_alt=39.0000 gap=4.0000 gap_cut=1.0000 tried=5 sep_labels=39 clique_frac=0.01
t=27610ms iter=59 REBUILD reject new_tc=51.1665 (was 47.8672)
t=27782ms iter=59 incumb=47.8672 ratchet=47.8930 best=47.8640 since_improve=5
t=27798ms iter=60 WAIST cost=43.0000 cur_cut=40.0000 best_alt=39.0000 gap=4.0000 gap_cut=1.0000 tried=5 sep_labels=39 clique_frac=0.01
t=28028ms iter=60 REBUILD reject new_tc=49.6324 (was 47.8672)
t=28195ms iter=60 incumb=47.8672 ratchet=47.9076 best=47.8640 since_improve=6
t=28210ms iter=61 WAIST cost=43.0000 cur_cut=40.0000 best_alt=39.0000 gap=4.0000 gap_cut=1.0000 tried=5 sep_labels=39 clique_frac=0.01
t=28425ms iter=61 REBUILD reject new_tc=55.0139 (was 47.8672)
t=28722ms iter=61 incumb=47.8672 ratchet=47.8616 best=47.8616 since_improve=0
t=28737ms iter=62 WAIST cost=44.0000 cur_cut=40.0000 best_alt=40.0000 gap=4.0000 gap_cut=0.0000 tried=5 sep_labels=40 clique_frac=0.01
t=28958ms iter=62 REBUILD reject new_tc=50.3110 (was 47.8616)
t=29127ms iter=62 incumb=47.8616 ratchet=48.1296 best=47.8616 since_improve=1
t=29142ms iter=63 WAIST cost=44.0000 cur_cut=40.0000 best_alt=37.0000 gap=7.0000 gap_cut=3.0000 tried=5 sep_labels=37 clique_frac=0.01
t=29337ms iter=63 REBUILD reject new_tc=51.3158 (was 47.8616)
t=29505ms iter=63 incumb=47.8616 ratchet=47.8701 best=47.8616 since_improve=2
t=29517ms iter=64 WAIST cost=44.0000 cur_cut=40.0000 best_alt=40.0000 gap=4.0000 gap_cut=0.0000 tried=5 sep_labels=40 clique_frac=0.01
t=29737ms iter=64 REBUILD reject new_tc=55.0469 (was 47.8616)
t=29908ms iter=64 incumb=47.8616 ratchet=47.9253 best=47.8616 since_improve=3
t=29920ms iter=65 WAIST cost=44.0000 cur_cut=40.0000 best_alt=40.0000 gap=4.0000 gap_cut=0.0000 tried=5 sep_labels=40 clique_frac=0.01
t=30144ms iter=65 REBUILD reject new_tc=48.9014 (was 47.8616)
t=30317ms iter=65 incumb=47.8616 ratchet=47.9377 best=47.8616 since_improve=4
t=30331ms iter=66 WAIST cost=44.0000 cur_cut=40.0000 best_alt=40.0000 gap=4.0000 gap_cut=0.0000 tried=5 sep_labels=40 clique_frac=0.01
t=30545ms iter=66 REBUILD reject new_tc=49.3442 (was 47.8616)
t=30714ms iter=66 incumb=47.8616 ratchet=47.9676 best=47.8616 since_improve=5
t=30729ms iter=67 WAIST cost=44.0000 cur_cut=40.0000 best_alt=40.0000 gap=4.0000 gap_cut=0.0000 tried=5 sep_labels=40 clique_frac=0.01
t=30948ms iter=67 REBUILD reject new_tc=50.7408 (was 47.8616)
t=31252ms iter=67 incumb=47.8616 ratchet=47.8540 best=47.8540 since_improve=0
t=31266ms iter=68 WAIST cost=44.0000 cur_cut=40.0000 best_alt=40.0000 gap=4.0000 gap_cut=0.0000 tried=5 sep_labels=40 clique_frac=0.01
t=31490ms iter=68 REBUILD reject new_tc=48.7974 (was 47.8540)
t=31662ms iter=68 incumb=47.8540 ratchet=47.9054 best=47.8540 since_improve=1
t=31675ms iter=69 WAIST cost=44.0000 cur_cut=40.0000 best_alt=39.0000 gap=5.0000 gap_cut=1.0000 tried=5 sep_labels=39 clique_frac=0.01
t=31897ms iter=69 REBUILD reject new_tc=50.3591 (was 47.8540)
t=32178ms iter=69 incumb=47.8540 ratchet=47.8275 best=47.8147 since_improve=0
t=32193ms iter=70 WAIST cost=44.0000 cur_cut=40.0000 best_alt=40.0000 gap=4.0000 gap_cut=0.0000 tried=5 sep_labels=40 clique_frac=0.01
t=32412ms iter=70 REBUILD reject new_tc=49.9051 (was 47.8275)
t=32685ms iter=70 incumb=47.8275 ratchet=47.8044 best=47.7990 since_improve=0
t=32697ms iter=71 WAIST cost=43.0000 cur_cut=40.0000 best_alt=40.0000 gap=3.0000 gap_cut=0.0000 tried=5 sep_labels=40 clique_frac=0.01
t=32920ms iter=71 REBUILD reject new_tc=50.4982 (was 47.8044)
t=33091ms iter=71 incumb=47.8044 ratchet=47.8671 best=47.7990 since_improve=1
t=33106ms iter=72 WAIST cost=43.0000 cur_cut=40.0000 best_alt=40.0000 gap=3.0000 gap_cut=0.0000 tried=5 sep_labels=40 clique_frac=0.01
t=33335ms iter=72 REBUILD reject new_tc=49.2584 (was 47.8044)
t=33508ms iter=72 incumb=47.8044 ratchet=47.8927 best=47.7990 since_improve=2
t=33521ms iter=73 WAIST cost=43.0000 cur_cut=40.0000 best_alt=39.0000 gap=4.0000 gap_cut=1.0000 tried=5 sep_labels=39 clique_frac=0.01
t=33719ms iter=73 REBUILD reject new_tc=48.5343 (was 47.8044)
t=33890ms iter=73 incumb=47.8044 ratchet=47.8536 best=47.7990 since_improve=3
t=33907ms iter=74 WAIST cost=43.0000 cur_cut=40.0000 best_alt=40.0000 gap=3.0000 gap_cut=0.0000 tried=5 sep_labels=40 clique_frac=0.01
t=34133ms iter=74 REBUILD reject new_tc=48.6423 (was 47.8044)
t=34420ms iter=74 incumb=47.8044 ratchet=47.7942 best=47.7942 since_improve=0
t=34440ms iter=75 WAIST cost=43.0000 cur_cut=40.0000 best_alt=39.0000 gap=4.0000 gap_cut=1.0000 tried=5 sep_labels=39 clique_frac=0.01
t=34659ms iter=75 REBUILD reject new_tc=50.8156 (was 47.7942)
t=34938ms iter=75 incumb=47.7942 ratchet=47.7738 best=47.7738 since_improve=0
t=34957ms iter=76 WAIST cost=44.0000 cur_cut=39.0000 best_alt=39.0000 gap=5.0000 gap_cut=0.0000 tried=5 sep_labels=39 clique_frac=0.03
t=35186ms iter=76 REBUILD reject new_tc=50.7411 (was 47.7738)
t=35356ms iter=76 incumb=47.7738 ratchet=47.7943 best=47.7738 since_improve=1
t=35373ms iter=77 WAIST cost=44.0000 cur_cut=39.0000 best_alt=33.0000 gap=11.0000 gap_cut=6.0000 tried=5 sep_labels=33 clique_frac=0.01
t=35574ms iter=77 REBUILD reject new_tc=53.3092 (was 47.7738)
t=35738ms iter=77 incumb=47.7738 ratchet=47.9018 best=47.7738 since_improve=2
t=35756ms iter=78 WAIST cost=44.0000 cur_cut=39.0000 best_alt=39.0000 gap=5.0000 gap_cut=0.0000 tried=5 sep_labels=39 clique_frac=0.03
t=35985ms iter=78 REBUILD reject new_tc=48.7572 (was 47.7738)
t=36154ms iter=78 incumb=47.7738 ratchet=47.8283 best=47.7738 since_improve=3
t=36171ms iter=79 WAIST cost=44.0000 cur_cut=39.0000 best_alt=39.0000 gap=5.0000 gap_cut=0.0000 tried=5 sep_labels=39 clique_frac=0.03
t=36394ms iter=79 REBUILD reject new_tc=48.6825 (was 47.7738)
t=36561ms iter=79 incumb=47.7738 ratchet=47.8009 best=47.7738 since_improve=4
t=36578ms iter=80 WAIST cost=44.0000 cur_cut=39.0000 best_alt=39.0000 gap=5.0000 gap_cut=0.0000 tried=5 sep_labels=39 clique_frac=0.03
t=36802ms iter=80 REBUILD reject new_tc=48.7247 (was 47.7738)
t=37106ms iter=80 incumb=47.7738 ratchet=47.7663 best=47.7662 since_improve=0
t=37117ms iter=81 WAIST cost=44.0000 cur_cut=40.0000 best_alt=40.0000 gap=4.0000 gap_cut=0.0000 tried=5 sep_labels=40 clique_frac=0.01
t=37342ms iter=81 REBUILD reject new_tc=48.4251 (was 47.7663)
t=37626ms iter=81 incumb=47.7663 ratchet=47.7028 best=47.6994 since_improve=0
t=37640ms iter=82 WAIST cost=43.0000 cur_cut=40.0000 best_alt=39.0000 gap=4.0000 gap_cut=1.0000 tried=5 sep_labels=39 clique_frac=0.01
t=37865ms iter=82 REBUILD reject new_tc=49.2135 (was 47.7028)
t=38139ms iter=82 incumb=47.7028 ratchet=47.6595 best=47.6595 since_improve=0
t=38153ms iter=83 WAIST cost=44.0000 cur_cut=40.0000 best_alt=40.0000 gap=4.0000 gap_cut=0.0000 tried=5 sep_labels=40 clique_frac=0.01
t=38381ms iter=83 REBUILD reject new_tc=49.0431 (was 47.6595)
t=38657ms iter=83 incumb=47.6595 ratchet=47.5694 best=47.5694 since_improve=0
t=38671ms iter=84 WAIST cost=43.0000 cur_cut=40.0000 best_alt=39.0000 gap=4.0000 gap_cut=1.0000 tried=5 sep_labels=39 clique_frac=0.01
t=38892ms iter=84 REBUILD reject new_tc=54.0199 (was 47.5694)
t=39165ms iter=84 incumb=47.5694 ratchet=47.5445 best=47.5445 since_improve=0
t=39178ms iter=85 WAIST cost=43.0000 cur_cut=40.0000 best_alt=39.0000 gap=4.0000 gap_cut=1.0000 tried=5 sep_labels=39 clique_frac=0.01
t=39402ms iter=85 REBUILD reject new_tc=48.4552 (was 47.5445)
t=39573ms iter=85 incumb=47.5445 ratchet=47.6466 best=47.5445 since_improve=1
t=39584ms iter=86 WAIST cost=43.0000 cur_cut=40.0000 best_alt=39.0000 gap=4.0000 gap_cut=1.0000 tried=5 sep_labels=39 clique_frac=0.01
t=39805ms iter=86 REBUILD reject new_tc=51.2439 (was 47.5445)
t=39975ms iter=86 incumb=47.5445 ratchet=47.6161 best=47.5445 since_improve=2
t=39991ms iter=87 WAIST cost=43.0000 cur_cut=40.0000 best_alt=39.0000 gap=4.0000 gap_cut=1.0000 tried=5 sep_labels=39 clique_frac=0.01
t=40217ms iter=87 REBUILD reject new_tc=49.3469 (was 47.5445)
t=40385ms iter=87 incumb=47.5445 ratchet=47.5946 best=47.5445 since_improve=3
t=40398ms iter=88 WAIST cost=43.0000 cur_cut=40.0000 best_alt=39.0000 gap=4.0000 gap_cut=1.0000 tried=5 sep_labels=39 clique_frac=0.01
t=40628ms iter=88 REBUILD reject new_tc=49.0920 (was 47.5445)
t=40792ms iter=88 incumb=47.5445 ratchet=47.6191 best=47.5445 since_improve=4
t=40808ms iter=89 WAIST cost=43.0000 cur_cut=40.0000 best_alt=39.0000 gap=4.0000 gap_cut=1.0000 tried=5 sep_labels=39 clique_frac=0.01
t=41028ms iter=89 REBUILD reject new_tc=53.0527 (was 47.5445)
t=41198ms iter=89 incumb=47.5445 ratchet=47.5742 best=47.5445 since_improve=5
t=41215ms iter=90 WAIST cost=43.0000 cur_cut=40.0000 best_alt=39.0000 gap=4.0000 gap_cut=1.0000 tried=5 sep_labels=39 clique_frac=0.01
t=41432ms iter=90 REBUILD reject new_tc=51.3557 (was 47.5445)
t=41704ms iter=90 incumb=47.5445 ratchet=47.5442 best=47.5442 since_improve=0
t=41720ms iter=91 WAIST cost=43.0000 cur_cut=40.0000 best_alt=40.0000 gap=3.0000 gap_cut=0.0000 tried=5 sep_labels=40 clique_frac=0.01
t=41948ms iter=91 REBUILD reject new_tc=50.2401 (was 47.5442)
t=42118ms iter=91 incumb=47.5442 ratchet=47.5982 best=47.5442 since_improve=1
t=42131ms iter=92 WAIST cost=43.0000 cur_cut=40.0000 best_alt=40.0000 gap=3.0000 gap_cut=0.0000 tried=5 sep_labels=40 clique_frac=0.01
t=42350ms iter=92 REBUILD reject new_tc=49.2046 (was 47.5442)
t=42516ms iter=92 incumb=47.5442 ratchet=47.5535 best=47.5442 since_improve=2
t=42531ms iter=93 WAIST cost=43.0000 cur_cut=40.0000 best_alt=39.0000 gap=4.0000 gap_cut=1.0000 tried=5 sep_labels=39 clique_frac=0.03
t=42723ms iter=93 REBUILD reject new_tc=51.2916 (was 47.5442)
t=42887ms iter=93 incumb=47.5442 ratchet=47.7621 best=47.5442 since_improve=3
t=42904ms iter=94 WAIST cost=43.0000 cur_cut=40.0000 best_alt=40.0000 gap=3.0000 gap_cut=0.0000 tried=5 sep_labels=40 clique_frac=0.01
t=43127ms iter=94 REBUILD reject new_tc=52.0967 (was 47.5442)
t=43299ms iter=94 incumb=47.5442 ratchet=47.5677 best=47.5442 since_improve=4
t=43314ms iter=95 WAIST cost=43.0000 cur_cut=40.0000 best_alt=40.0000 gap=3.0000 gap_cut=0.0000 tried=5 sep_labels=40 clique_frac=0.01
t=43535ms iter=95 REBUILD reject new_tc=50.0533 (was 47.5442)
t=43701ms iter=95 incumb=47.5442 ratchet=47.5734 best=47.5442 since_improve=5
t=43713ms iter=96 WAIST cost=43.0000 cur_cut=40.0000 best_alt=40.0000 gap=3.0000 gap_cut=0.0000 tried=5 sep_labels=40 clique_frac=0.01
t=43951ms iter=96 REBUILD reject new_tc=48.4698 (was 47.5442)
t=44247ms iter=96 incumb=47.5442 ratchet=47.5299 best=47.5258 since_improve=0
t=44261ms iter=97 WAIST cost=43.0000 cur_cut=40.0000 best_alt=39.0000 gap=4.0000 gap_cut=1.0000 tried=5 sep_labels=39 clique_frac=0.02
t=44585ms iter=97 REBUILD reject new_tc=48.4604 (was 47.5299)
t=44804ms iter=97 incumb=47.5299 ratchet=47.5275 best=47.5258 since_improve=0
t=44818ms iter=98 WAIST cost=44.0000 cur_cut=40.0000 best_alt=39.0000 gap=5.0000 gap_cut=1.0000 tried=5 sep_labels=39 clique_frac=0.01
t=45048ms iter=98 REBUILD reject new_tc=48.5854 (was 47.5275)
t=45417ms iter=98 incumb=47.5275 ratchet=47.4698 best=47.4698 since_improve=0
t=45436ms iter=99 WAIST cost=43.0000 cur_cut=40.0000 best_alt=39.0000 gap=4.0000 gap_cut=1.0000 tried=5 sep_labels=39 clique_frac=0.01
t=45658ms iter=99 REBUILD reject new_tc=49.6464 (was 47.4698)
t=45830ms iter=99 incumb=47.4698 ratchet=47.6412 best=47.4698 since_improve=1
t=45843ms iter=100 WAIST cost=43.0000 cur_cut=40.0000 best_alt=39.0000 gap=4.0000 gap_cut=1.0000 tried=5 sep_labels=39 clique_frac=0.01
t=46064ms iter=100 REBUILD reject new_tc=48.7011 (was 47.4698)
t=46234ms iter=100 incumb=47.4698 ratchet=47.5391 best=47.4698 since_improve=2
t=46253ms iter=101 WAIST cost=43.0000 cur_cut=40.0000 best_alt=39.0000 gap=4.0000 gap_cut=1.0000 tried=5 sep_labels=39 clique_frac=0.01
t=46478ms iter=101 REBUILD reject new_tc=51.9783 (was 47.4698)
t=46646ms iter=101 incumb=47.4698 ratchet=47.5194 best=47.4698 since_improve=3
t=46663ms iter=102 WAIST cost=43.0000 cur_cut=40.0000 best_alt=39.0000 gap=4.0000 gap_cut=1.0000 tried=5 sep_labels=39 clique_frac=0.01
t=46883ms iter=102 REBUILD reject new_tc=48.7391 (was 47.4698)
t=47047ms iter=102 incumb=47.4698 ratchet=47.5024 best=47.4698 since_improve=4
t=47064ms iter=103 WAIST cost=43.0000 cur_cut=40.0000 best_alt=39.0000 gap=4.0000 gap_cut=1.0000 tried=5 sep_labels=39 clique_frac=0.01
t=47284ms iter=103 REBUILD reject new_tc=48.5948 (was 47.4698)
t=47456ms iter=103 incumb=47.4698 ratchet=47.5098 best=47.4698 since_improve=5
t=47470ms iter=104 WAIST cost=43.0000 cur_cut=40.0000 best_alt=39.0000 gap=4.0000 gap_cut=1.0000 tried=5 sep_labels=39 clique_frac=0.01
t=47692ms iter=104 REBUILD reject new_tc=50.5017 (was 47.4698)
t=47965ms iter=104 incumb=47.4698 ratchet=47.4458 best=47.4458 since_improve=0
t=47979ms iter=105 WAIST cost=43.0000 cur_cut=40.0000 best_alt=39.0000 gap=4.0000 gap_cut=1.0000 tried=5 sep_labels=39 clique_frac=0.01
t=48200ms iter=105 REBUILD reject new_tc=51.2212 (was 47.4458)
t=48368ms iter=105 incumb=47.4458 ratchet=47.4683 best=47.4458 since_improve=1
t=48382ms iter=106 WAIST cost=43.0000 cur_cut=40.0000 best_alt=39.0000 gap=4.0000 gap_cut=1.0000 tried=5 sep_labels=39 clique_frac=0.01
t=48604ms iter=106 REBUILD reject new_tc=53.0606 (was 47.4458)
t=48773ms iter=106 incumb=47.4458 ratchet=47.4786 best=47.4458 since_improve=2
t=48788ms iter=107 WAIST cost=43.0000 cur_cut=40.0000 best_alt=39.0000 gap=4.0000 gap_cut=1.0000 tried=5 sep_labels=39 clique_frac=0.01
t=49016ms iter=107 REBUILD reject new_tc=48.9912 (was 47.4458)
t=49289ms iter=107 incumb=47.4458 ratchet=47.4485 best=47.4203 since_improve=3
t=49300ms iter=108 WAIST cost=43.0000 cur_cut=40.0000 best_alt=39.0000 gap=4.0000 gap_cut=1.0000 tried=5 sep_labels=39 clique_frac=0.01
t=49530ms iter=108 REBUILD reject new_tc=48.5386 (was 47.4458)
t=49701ms iter=108 incumb=47.4458 ratchet=47.6041 best=47.4203 since_improve=4
t=49718ms iter=109 WAIST cost=43.0000 cur_cut=40.0000 best_alt=39.0000 gap=4.0000 gap_cut=1.0000 tried=5 sep_labels=39 clique_frac=0.01
t=49941ms iter=109 REBUILD reject new_tc=51.2259 (was 47.4458)
t=50109ms iter=109 incumb=47.4458 ratchet=47.4454 best=47.4203 since_improve=0
t=50123ms iter=110 WAIST cost=43.0000 cur_cut=40.0000 best_alt=39.0000 gap=4.0000 gap_cut=1.0000 tried=5 sep_labels=39 clique_frac=0.01
t=50348ms iter=110 REBUILD reject new_tc=48.9737 (was 47.4454)
t=50520ms iter=110 incumb=47.4454 ratchet=47.5430 best=47.4203 since_improve=1
t=50538ms iter=111 WAIST cost=43.0000 cur_cut=40.0000 best_alt=39.0000 gap=4.0000 gap_cut=1.0000 tried=5 sep_labels=39 clique_frac=0.01
t=50765ms iter=111 REBUILD reject new_tc=48.9189 (was 47.4454)
t=50936ms iter=111 incumb=47.4454 ratchet=47.4849 best=47.4203 since_improve=2
t=50950ms iter=112 WAIST cost=43.0000 cur_cut=40.0000 best_alt=39.0000 gap=4.0000 gap_cut=1.0000 tried=5 sep_labels=39 clique_frac=0.01
t=51173ms iter=112 REBUILD reject new_tc=48.5928 (was 47.4454)
t=51340ms iter=112 incumb=47.4454 ratchet=47.4370 best=47.4203 since_improve=0
t=51355ms iter=113 WAIST cost=43.0000 cur_cut=39.0000 best_alt=39.0000 gap=4.0000 gap_cut=0.0000 tried=5 sep_labels=39 clique_frac=0.01
t=51583ms iter=113 REBUILD reject new_tc=49.0798 (was 47.4370)
t=51751ms iter=113 incumb=47.4370 ratchet=47.4503 best=47.4203 since_improve=1
t=51767ms iter=114 WAIST cost=43.0000 cur_cut=39.0000 best_alt=35.0000 gap=8.0000 gap_cut=4.0000 tried=5 sep_labels=35 clique_frac=0.01
t=51959ms iter=114 REBUILD reject new_tc=51.2282 (was 47.4370)
t=52125ms iter=114 incumb=47.4370 ratchet=47.5214 best=47.4203 since_improve=2
t=52138ms iter=115 WAIST cost=43.0000 cur_cut=39.0000 best_alt=39.0000 gap=4.0000 gap_cut=0.0000 tried=5 sep_labels=39 clique_frac=0.01
t=52366ms iter=115 REBUILD reject new_tc=49.6331 (was 47.4370)
t=52534ms iter=115 incumb=47.4370 ratchet=47.7149 best=47.4203 since_improve=3
t=52547ms iter=116 WAIST cost=43.0000 cur_cut=39.0000 best_alt=39.0000 gap=4.0000 gap_cut=0.0000 tried=5 sep_labels=39 clique_frac=0.01
t=52768ms iter=116 REBUILD reject new_tc=48.8269 (was 47.4370)
t=52935ms iter=116 incumb=47.4370 ratchet=47.4748 best=47.4203 since_improve=4
t=52952ms iter=117 WAIST cost=43.0000 cur_cut=39.0000 best_alt=37.0000 gap=6.0000 gap_cut=2.0000 tried=5 sep_labels=37 clique_frac=0.02
t=53152ms iter=117 REBUILD reject new_tc=49.1001 (was 47.4370)
t=53333ms iter=117 incumb=47.4370 ratchet=47.4529 best=47.4203 since_improve=5
t=53356ms iter=118 WAIST cost=43.0000 cur_cut=39.0000 best_alt=39.0000 gap=4.0000 gap_cut=0.0000 tried=5 sep_labels=39 clique_frac=0.01
t=53579ms iter=118 REBUILD reject new_tc=48.8004 (was 47.4370)
t=53746ms iter=118 incumb=47.4370 ratchet=47.4502 best=47.4203 since_improve=6
t=53758ms iter=119 WAIST cost=43.0000 cur_cut=39.0000 best_alt=39.0000 gap=4.0000 gap_cut=0.0000 tried=5 sep_labels=39 clique_frac=0.01
t=53978ms iter=119 REBUILD reject new_tc=59.0005 (was 47.4370)
t=54148ms iter=119 incumb=47.4370 ratchet=47.4292 best=47.4203 since_improve=0
t=54160ms iter=120 WAIST cost=43.0000 cur_cut=40.0000 best_alt=39.0000 gap=4.0000 gap_cut=1.0000 tried=5 sep_labels=39 clique_frac=0.01
t=54381ms iter=120 REBUILD reject new_tc=48.7298 (was 47.4292)
t=54553ms iter=120 incumb=47.4292 ratchet=47.7532 best=47.4203 since_improve=1
t=54567ms iter=121 WAIST cost=43.0000 cur_cut=40.0000 best_alt=39.0000 gap=4.0000 gap_cut=1.0000 tried=5 sep_labels=39 clique_frac=0.01
t=54792ms iter=121 REBUILD reject new_tc=49.7582 (was 47.4292)
t=55084ms iter=121 incumb=47.4292 ratchet=47.3741 best=47.3741 since_improve=0
t=55099ms iter=122 WAIST cost=43.0000 cur_cut=40.0000 best_alt=39.0000 gap=4.0000 gap_cut=1.0000 tried=5 sep_labels=39 clique_frac=0.01
t=55324ms iter=122 REBUILD reject new_tc=49.3269 (was 47.3741)
t=55490ms iter=122 incumb=47.3741 ratchet=47.4246 best=47.3741 since_improve=1
t=55508ms iter=123 WAIST cost=43.0000 cur_cut=40.0000 best_alt=39.0000 gap=4.0000 gap_cut=1.0000 tried=5 sep_labels=39 clique_frac=0.01
t=55730ms iter=123 REBUILD reject new_tc=53.0526 (was 47.3741)
t=55901ms iter=123 incumb=47.3741 ratchet=47.3824 best=47.3741 since_improve=2
t=55916ms iter=124 WAIST cost=43.0000 cur_cut=40.0000 best_alt=39.0000 gap=4.0000 gap_cut=1.0000 tried=5 sep_labels=39 clique_frac=0.01
t=56138ms iter=124 REBUILD reject new_tc=55.0096 (was 47.3741)
t=56306ms iter=124 incumb=47.3741 ratchet=47.4070 best=47.3741 since_improve=3
t=56318ms iter=125 WAIST cost=43.0000 cur_cut=40.0000 best_alt=39.0000 gap=4.0000 gap_cut=1.0000 tried=5 sep_labels=39 clique_frac=0.01
t=56540ms iter=125 REBUILD reject new_tc=49.1814 (was 47.3741)
t=56708ms iter=125 incumb=47.3741 ratchet=47.4597 best=47.3741 since_improve=4
t=56723ms iter=126 WAIST cost=43.0000 cur_cut=40.0000 best_alt=37.0000 gap=6.0000 gap_cut=3.0000 tried=5 sep_labels=37 clique_frac=0.01
t=56923ms iter=126 REBUILD reject new_tc=52.1070 (was 47.3741)
t=57108ms iter=126 incumb=47.3741 ratchet=47.6119 best=47.3741 since_improve=5
t=57123ms iter=127 WAIST cost=43.0000 cur_cut=40.0000 best_alt=39.0000 gap=4.0000 gap_cut=1.0000 tried=5 sep_labels=39 clique_frac=0.01
t=57343ms iter=127 REBUILD reject new_tc=51.2353 (was 47.3741)
t=57511ms iter=127 incumb=47.3741 ratchet=47.4205 best=47.3741 since_improve=6
t=57526ms iter=128 WAIST cost=43.0000 cur_cut=40.0000 best_alt=39.0000 gap=4.0000 gap_cut=1.0000 tried=5 sep_labels=39 clique_frac=0.01
t=57750ms iter=128 REBUILD reject new_tc=48.4638 (was 47.3741)
t=57915ms iter=128 incumb=47.3741 ratchet=47.4336 best=47.3741 since_improve=7
t=57935ms iter=129 WAIST cost=43.0000 cur_cut=40.0000 best_alt=39.0000 gap=4.0000 gap_cut=1.0000 tried=5 sep_labels=39 clique_frac=0.01
t=58160ms iter=129 REBUILD reject new_tc=48.5481 (was 47.3741)
t=58326ms iter=129 incumb=47.3741 ratchet=47.8828 best=47.3741 since_improve=8
t=58340ms iter=130 WAIST cost=43.0000 cur_cut=40.0000 best_alt=39.0000 gap=4.0000 gap_cut=1.0000 tried=5 sep_labels=39 clique_frac=0.01
t=58558ms iter=130 REBUILD reject new_tc=50.4717 (was 47.3741)
t=58727ms iter=130 incumb=47.3741 ratchet=47.4096 best=47.3741 since_improve=9
t=58746ms iter=131 WAIST cost=43.0000 cur_cut=40.0000 best_alt=39.0000 gap=4.0000 gap_cut=1.0000 tried=5 sep_labels=39 clique_frac=0.01
t=58973ms iter=131 REBUILD reject new_tc=48.8442 (was 47.3741)
t=59142ms iter=131 incumb=47.3741 ratchet=47.4552 best=47.3741 since_improve=10
t=59160ms iter=132 WAIST cost=43.0000 cur_cut=40.0000 best_alt=39.0000 gap=4.0000 gap_cut=1.0000 tried=5 sep_labels=39 clique_frac=0.01
t=59389ms iter=132 REBUILD reject new_tc=48.6602 (was 47.3741)
t=59558ms iter=132 incumb=47.3741 ratchet=47.7982 best=47.3741 since_improve=11
t=59573ms iter=133 WAIST cost=43.0000 cur_cut=40.0000 best_alt=39.0000 gap=4.0000 gap_cut=1.0000 tried=5 sep_labels=39 clique_frac=0.01
t=59788ms iter=133 REBUILD reject new_tc=53.0600 (was 47.3741)
t=59958ms iter=133 incumb=47.3741 ratchet=47.4280 best=47.3741 since_improve=12
t=59974ms iter=134 WAIST cost=43.0000 cur_cut=40.0000 best_alt=39.0000 gap=4.0000 gap_cut=1.0000 tried=5 sep_labels=39 clique_frac=0.01
t=60193ms iter=134 REBUILD reject new_tc=50.3044 (was 47.3741)
t=60364ms iter=134 incumb=47.3741 ratchet=47.7675 best=47.3741 since_improve=13
t=60382ms iter=135 WAIST cost=43.0000 cur_cut=40.0000 best_alt=39.0000 gap=4.0000 gap_cut=1.0000 tried=5 sep_labels=39 clique_frac=0.01
t=60607ms iter=135 REBUILD reject new_tc=55.0175 (was 47.3741)
t=60779ms iter=135 incumb=47.3741 ratchet=47.4201 best=47.3741 since_improve=14
t=60793ms iter=136 WAIST cost=43.0000 cur_cut=40.0000 best_alt=39.0000 gap=4.0000 gap_cut=1.0000 tried=5 sep_labels=39 clique_frac=0.01
t=61019ms iter=136 REBUILD reject new_tc=48.7157 (was 47.3741)
t=61185ms iter=136 incumb=47.3741 ratchet=47.7068 best=47.3741 since_improve=15
t=61202ms iter=137 WAIST cost=43.0000 cur_cut=40.0000 best_alt=39.0000 gap=4.0000 gap_cut=1.0000 tried=5 sep_labels=39 clique_frac=0.01
t=61426ms iter=137 REBUILD reject new_tc=48.7259 (was 47.3741)
t=61591ms iter=137 incumb=47.3741 ratchet=47.4259 best=47.3741 since_improve=16
t=61606ms iter=138 WAIST cost=43.0000 cur_cut=40.0000 best_alt=37.0000 gap=6.0000 gap_cut=3.0000 tried=5 sep_labels=37 clique_frac=0.01
t=61799ms iter=138 REBUILD reject new_tc=53.1336 (was 47.3741)
t=61968ms iter=138 incumb=47.3741 ratchet=47.5348 best=47.3741 since_improve=17
t=61984ms iter=139 WAIST cost=43.0000 cur_cut=40.0000 best_alt=39.0000 gap=4.0000 gap_cut=1.0000 tried=5 sep_labels=39 clique_frac=0.01
t=62211ms iter=139 REBUILD reject new_tc=48.3848 (was 47.3741)
t=62380ms iter=139 incumb=47.3741 ratchet=47.4379 best=47.3741 since_improve=18
t=62394ms iter=140 WAIST cost=43.0000 cur_cut=40.0000 best_alt=39.0000 gap=4.0000 gap_cut=1.0000 tried=5 sep_labels=39 clique_frac=0.01
t=62621ms iter=140 REBUILD reject new_tc=48.7521 (was 47.3741)
t=62788ms iter=140 incumb=47.3741 ratchet=47.4147 best=47.3741 since_improve=19
t=62806ms iter=141 WAIST cost=43.0000 cur_cut=40.0000 best_alt=39.0000 gap=4.0000 gap_cut=1.0000 tried=5 sep_labels=39 clique_frac=0.01
t=63026ms iter=141 REBUILD reject new_tc=53.0461 (was 47.3741)
t=63193ms iter=141 incumb=47.3741 ratchet=47.8600 best=47.3741 since_improve=20
t=63207ms iter=142 WAIST cost=43.0000 cur_cut=40.0000 best_alt=39.0000 gap=4.0000 gap_cut=1.0000 tried=5 sep_labels=39 clique_frac=0.01
t=63434ms iter=142 REBUILD reject new_tc=48.8564 (was 47.3741)
t=63603ms iter=142 incumb=47.3741 ratchet=47.3836 best=47.3741 since_improve=21
t=63618ms iter=143 WAIST cost=43.0000 cur_cut=40.0000 best_alt=37.0000 gap=6.0000 gap_cut=3.0000 tried=5 sep_labels=37 clique_frac=0.01
t=63814ms iter=143 REBUILD reject new_tc=50.6102 (was 47.3741)
t=63984ms iter=143 incumb=47.3741 ratchet=47.5217 best=47.3741 since_improve=22
t=63998ms iter=144 WAIST cost=43.0000 cur_cut=40.0000 best_alt=39.0000 gap=4.0000 gap_cut=1.0000 tried=5 sep_labels=39 clique_frac=0.01
t=64224ms iter=144 REBUILD reject new_tc=48.7740 (was 47.3741)
t=64391ms iter=144 incumb=47.3741 ratchet=47.4082 best=47.3741 since_improve=23
t=64409ms iter=145 WAIST cost=43.0000 cur_cut=40.0000 best_alt=39.0000 gap=4.0000 gap_cut=1.0000 tried=5 sep_labels=39 clique_frac=0.01
t=64631ms iter=145 REBUILD reject new_tc=49.0985 (was 47.3741)
t=64799ms iter=145 incumb=47.3741 ratchet=47.4454 best=47.3741 since_improve=24
t=64813ms iter=146 WAIST cost=43.0000 cur_cut=40.0000 best_alt=37.0000 gap=6.0000 gap_cut=3.0000 tried=5 sep_labels=37 clique_frac=0.01
t=65006ms iter=146 REBUILD reject new_tc=51.7799 (was 47.3741)
t=65174ms iter=146 incumb=47.3741 ratchet=47.6851 best=47.3741 since_improve=25
t=65188ms iter=147 WAIST cost=43.0000 cur_cut=40.0000 best_alt=37.0000 gap=6.0000 gap_cut=3.0000 tried=5 sep_labels=37 clique_frac=0.01
t=65387ms iter=147 REBUILD reject new_tc=50.4704 (was 47.3741)
t=65555ms iter=147 incumb=47.3741 ratchet=47.4165 best=47.3741 since_improve=26
t=65569ms iter=148 WAIST cost=43.0000 cur_cut=40.0000 best_alt=39.0000 gap=4.0000 gap_cut=1.0000 tried=5 sep_labels=39 clique_frac=0.01
t=65791ms iter=148 REBUILD reject new_tc=51.4229 (was 47.3741)
t=65961ms iter=148 incumb=47.3741 ratchet=47.6838 best=47.3741 since_improve=27
t=65976ms iter=149 WAIST cost=43.0000 cur_cut=40.0000 best_alt=39.0000 gap=4.0000 gap_cut=1.0000 tried=5 sep_labels=39 clique_frac=0.01
t=66200ms iter=149 REBUILD reject new_tc=49.8130 (was 47.3741)
t=66370ms iter=149 incumb=47.3741 ratchet=47.4447 best=47.3741 since_improve=28
t=66383ms iter=150 WAIST cost=43.0000 cur_cut=40.0000 best_alt=39.0000 gap=4.0000 gap_cut=1.0000 tried=5 sep_labels=39 clique_frac=0.01
t=66606ms iter=150 REBUILD reject new_tc=55.0105 (was 47.3741)
t=66774ms iter=150 incumb=47.3741 ratchet=47.4333 best=47.3741 since_improve=29
t=66789ms iter=151 WAIST cost=43.0000 cur_cut=40.0000 best_alt=39.0000 gap=4.0000 gap_cut=1.0000 tried=5 sep_labels=39 clique_frac=0.01
t=67002ms iter=151 REBUILD reject new_tc=53.1475 (was 47.3741)
t=67165ms iter=151 incumb=47.3741 ratchet=47.5596 best=47.3741 since_improve=30
t=67181ms iter=152 WAIST cost=43.0000 cur_cut=40.0000 best_alt=37.0000 gap=6.0000 gap_cut=3.0000 tried=5 sep_labels=37 clique_frac=0.01
t=67372ms iter=152 REBUILD reject new_tc=51.2015 (was 47.3741)
t=67541ms iter=152 incumb=47.3741 ratchet=47.8656 best=47.3741 since_improve=31
t=67558ms iter=153 WAIST cost=43.0000 cur_cut=40.0000 best_alt=37.0000 gap=6.0000 gap_cut=3.0000 tried=5 sep_labels=37 clique_frac=0.01
t=67752ms iter=153 REBUILD reject new_tc=49.7041 (was 47.3741)
t=67923ms iter=153 incumb=47.3741 ratchet=47.4213 best=47.3741 since_improve=32
t=67940ms iter=154 WAIST cost=43.0000 cur_cut=40.0000 best_alt=39.0000 gap=4.0000 gap_cut=1.0000 tried=5 sep_labels=39 clique_frac=0.01
t=68159ms iter=154 REBUILD reject new_tc=53.1010 (was 47.3741)
t=68327ms iter=154 incumb=47.3741 ratchet=47.4623 best=47.3741 since_improve=33
t=68345ms iter=155 WAIST cost=43.0000 cur_cut=40.0000 best_alt=39.0000 gap=4.0000 gap_cut=1.0000 tried=5 sep_labels=39 clique_frac=0.01
t=68570ms iter=155 REBUILD reject new_tc=48.7276 (was 47.3741)
t=68736ms iter=155 incumb=47.3741 ratchet=47.5843 best=47.3741 since_improve=34
t=68750ms iter=156 WAIST cost=43.0000 cur_cut=40.0000 best_alt=37.0000 gap=6.0000 gap_cut=3.0000 tried=5 sep_labels=37 clique_frac=0.01
t=68948ms iter=156 REBUILD reject new_tc=49.8788 (was 47.3741)
t=69113ms iter=156 incumb=47.3741 ratchet=47.4128 best=47.3741 since_improve=35
t=69130ms iter=157 WAIST cost=43.0000 cur_cut=40.0000 best_alt=39.0000 gap=4.0000 gap_cut=1.0000 tried=5 sep_labels=39 clique_frac=0.01
t=69353ms iter=157 REBUILD reject new_tc=48.8946 (was 47.3741)
t=69522ms iter=157 incumb=47.3741 ratchet=47.3886 best=47.3741 since_improve=36
t=69540ms iter=158 WAIST cost=43.0000 cur_cut=40.0000 best_alt=37.0000 gap=6.0000 gap_cut=3.0000 tried=5 sep_labels=37 clique_frac=0.01
t=69730ms iter=158 REBUILD reject new_tc=52.1123 (was 47.3741)
t=69896ms iter=158 incumb=47.3741 ratchet=47.4172 best=47.3741 since_improve=37
t=69915ms iter=159 WAIST cost=43.0000 cur_cut=40.0000 best_alt=39.0000 gap=4.0000 gap_cut=1.0000 tried=5 sep_labels=39 clique_frac=0.01
t=70138ms iter=159 REBUILD reject new_tc=49.1283 (was 47.3741)
t=70304ms iter=159 incumb=47.3741 ratchet=47.6032 best=47.3741 since_improve=38
t=70320ms iter=160 WAIST cost=43.0000 cur_cut=40.0000 best_alt=39.0000 gap=4.0000 gap_cut=1.0000 tried=5 sep_labels=39 clique_frac=0.01
t=70542ms iter=160 REBUILD reject new_tc=48.5661 (was 47.3741)
t=70711ms iter=160 incumb=47.3741 ratchet=47.4491 best=47.3741 since_improve=39
t=70727ms iter=161 WAIST cost=43.0000 cur_cut=40.0000 best_alt=39.0000 gap=4.0000 gap_cut=1.0000 tried=5 sep_labels=39 clique_frac=0.01
t=70947ms iter=161 REBUILD reject new_tc=53.0456 (was 47.3741)
t=71135ms iter=161 incumb=47.3741 ratchet=47.4404 best=47.3741 since_improve=40
t=71149ms iter=162 WAIST cost=43.0000 cur_cut=40.0000 best_alt=39.0000 gap=4.0000 gap_cut=1.0000 tried=5 sep_labels=39 clique_frac=0.01
t=71371ms iter=162 REBUILD reject new_tc=48.8871 (was 47.3741)
t=71541ms iter=162 incumb=47.3741 ratchet=47.4244 best=47.3741 since_improve=41
t=71561ms iter=163 WAIST cost=43.0000 cur_cut=40.0000 best_alt=37.0000 gap=6.0000 gap_cut=3.0000 tried=5 sep_labels=37 clique_frac=0.01
t=71768ms iter=163 REBUILD reject new_tc=53.0530 (was 47.3741)
t=71936ms iter=163 incumb=47.3741 ratchet=47.4442 best=47.3741 since_improve=42
t=71951ms iter=164 WAIST cost=43.0000 cur_cut=40.0000 best_alt=39.0000 gap=4.0000 gap_cut=1.0000 tried=5 sep_labels=39 clique_frac=0.01
t=72176ms iter=164 REBUILD reject new_tc=50.5628 (was 47.3741)
t=72345ms iter=164 incumb=47.3741 ratchet=47.4132 best=47.3741 since_improve=43
t=72359ms iter=165 WAIST cost=43.0000 cur_cut=40.0000 best_alt=39.0000 gap=4.0000 gap_cut=1.0000 tried=5 sep_labels=39 clique_frac=0.01
t=72582ms iter=165 REBUILD reject new_tc=50.7281 (was 47.3741)
t=72749ms iter=165 incumb=47.3741 ratchet=47.4246 best=47.3741 since_improve=44
t=72765ms iter=166 WAIST cost=43.0000 cur_cut=40.0000 best_alt=39.0000 gap=4.0000 gap_cut=1.0000 tried=5 sep_labels=39 clique_frac=0.01
t=72981ms iter=166 REBUILD reject new_tc=53.3631 (was 47.3741)
t=73147ms iter=166 incumb=47.3741 ratchet=47.3923 best=47.3741 since_improve=45
t=73161ms iter=167 WAIST cost=43.0000 cur_cut=40.0000 best_alt=39.0000 gap=4.0000 gap_cut=1.0000 tried=5 sep_labels=39 clique_frac=0.01
t=73381ms iter=167 REBUILD reject new_tc=52.1637 (was 47.3741)
t=73547ms iter=167 incumb=47.3741 ratchet=47.4239 best=47.3741 since_improve=46
t=73564ms iter=168 WAIST cost=43.0000 cur_cut=40.0000 best_alt=39.0000 gap=4.0000 gap_cut=1.0000 tried=5 sep_labels=39 clique_frac=0.01
t=73789ms iter=168 REBUILD reject new_tc=49.0916 (was 47.3741)
t=73962ms iter=168 incumb=47.3741 ratchet=47.3903 best=47.3741 since_improve=47
t=73980ms iter=169 WAIST cost=43.0000 cur_cut=40.0000 best_alt=39.0000 gap=4.0000 gap_cut=1.0000 tried=5 sep_labels=39 clique_frac=0.01
t=74205ms iter=169 REBUILD reject new_tc=48.9620 (was 47.3741)
t=74370ms iter=169 incumb=47.3741 ratchet=47.4486 best=47.3741 since_improve=48
t=74386ms iter=170 WAIST cost=43.0000 cur_cut=40.0000 best_alt=39.0000 gap=4.0000 gap_cut=1.0000 tried=5 sep_labels=39 clique_frac=0.01
t=74612ms iter=170 REBUILD reject new_tc=49.0016 (was 47.3741)
t=74778ms iter=170 incumb=47.3741 ratchet=47.5574 best=47.3741 since_improve=49
t=74794ms iter=171 WAIST cost=43.0000 cur_cut=40.0000 best_alt=39.0000 gap=4.0000 gap_cut=1.0000 tried=5 sep_labels=39 clique_frac=0.01
t=75018ms iter=171 REBUILD reject new_tc=52.1449 (was 47.3741)
t=75189ms iter=171 incumb=47.3741 ratchet=47.4504 best=47.3741 since_improve=50
t=75206ms iter=172 WAIST cost=43.0000 cur_cut=40.0000 best_alt=39.0000 gap=4.0000 gap_cut=1.0000 tried=5 sep_labels=39 clique_frac=0.01
t=75424ms iter=172 REBUILD reject new_tc=61.0013 (was 47.3741)
t=75595ms iter=172 incumb=47.3741 ratchet=47.4499 best=47.3741 since_improve=51
t=75609ms iter=173 WAIST cost=43.0000 cur_cut=40.0000 best_alt=39.0000 gap=4.0000 gap_cut=1.0000 tried=5 sep_labels=39 clique_frac=0.01
t=75833ms iter=173 REBUILD reject new_tc=50.3391 (was 47.3741)
t=76002ms iter=173 incumb=47.3741 ratchet=47.4126 best=47.3741 since_improve=52
t=76018ms iter=174 WAIST cost=43.0000 cur_cut=40.0000 best_alt=39.0000 gap=4.0000 gap_cut=1.0000 tried=5 sep_labels=39 clique_frac=0.01
t=76238ms iter=174 REBUILD reject new_tc=48.8364 (was 47.3741)
t=76406ms iter=174 incumb=47.3741 ratchet=47.4851 best=47.3741 since_improve=53
t=76423ms iter=175 WAIST cost=43.0000 cur_cut=40.0000 best_alt=39.0000 gap=4.0000 gap_cut=1.0000 tried=5 sep_labels=39 clique_frac=0.01
t=76646ms iter=175 REBUILD reject new_tc=49.7669 (was 47.3741)
t=76815ms iter=175 incumb=47.3741 ratchet=47.4299 best=47.3741 since_improve=54
t=76834ms iter=176 WAIST cost=43.0000 cur_cut=40.0000 best_alt=39.0000 gap=4.0000 gap_cut=1.0000 tried=5 sep_labels=39 clique_frac=0.01
t=77057ms iter=176 REBUILD reject new_tc=48.0801 (was 47.3741)
t=77227ms iter=176 incumb=47.3741 ratchet=47.5868 best=47.3741 since_improve=55
t=77241ms iter=177 WAIST cost=43.0000 cur_cut=40.0000 best_alt=39.0000 gap=4.0000 gap_cut=1.0000 tried=5 sep_labels=39 clique_frac=0.01
t=77460ms iter=177 REBUILD reject new_tc=49.8294 (was 47.3741)
t=77632ms iter=177 incumb=47.3741 ratchet=47.8599 best=47.3741 since_improve=56
t=77647ms iter=178 WAIST cost=43.0000 cur_cut=40.0000 best_alt=37.0000 gap=6.0000 gap_cut=3.0000 tried=5 sep_labels=37 clique_frac=0.01
t=77846ms iter=178 REBUILD reject new_tc=49.0797 (was 47.3741)
t=78013ms iter=178 incumb=47.3741 ratchet=47.4409 best=47.3741 since_improve=57
t=78030ms iter=179 WAIST cost=43.0000 cur_cut=40.0000 best_alt=39.0000 gap=4.0000 gap_cut=1.0000 tried=5 sep_labels=39 clique_frac=0.01
t=78256ms iter=179 REBUILD reject new_tc=49.3875 (was 47.3741)
t=78427ms iter=179 incumb=47.3741 ratchet=47.4643 best=47.3741 since_improve=58
t=78442ms iter=180 WAIST cost=43.0000 cur_cut=40.0000 best_alt=39.0000 gap=4.0000 gap_cut=1.0000 tried=5 sep_labels=39 clique_frac=0.01
t=78672ms iter=180 REBUILD reject new_tc=48.6091 (was 47.3741)
t=78840ms iter=180 incumb=47.3741 ratchet=47.6709 best=47.3741 since_improve=59
t=78860ms iter=181 WAIST cost=43.0000 cur_cut=40.0000 best_alt=39.0000 gap=4.0000 gap_cut=1.0000 tried=5 sep_labels=39 clique_frac=0.01
t=79092ms iter=181 REBUILD reject new_tc=48.9869 (was 47.3741)
t=79257ms iter=181 incumb=47.3741 ratchet=47.5094 best=47.3741 since_improve=60
t=79278ms iter=182 WAIST cost=43.0000 cur_cut=40.0000 best_alt=39.0000 gap=4.0000 gap_cut=1.0000 tried=5 sep_labels=39 clique_frac=0.01
t=79498ms iter=182 REBUILD reject new_tc=52.1068 (was 47.3741)
t=79666ms iter=182 incumb=47.3741 ratchet=47.4121 best=47.3741 since_improve=61
t=79681ms iter=183 WAIST cost=43.0000 cur_cut=40.0000 best_alt=39.0000 gap=4.0000 gap_cut=1.0000 tried=5 sep_labels=39 clique_frac=0.01
t=79903ms iter=183 REBUILD reject new_tc=51.2668 (was 47.3741)
t=80066ms iter=183 incumb=47.3741 ratchet=47.4144 best=47.3741 since_improve=62
t=80079ms iter=184 WAIST cost=43.0000 cur_cut=40.0000 best_alt=39.0000 gap=4.0000 gap_cut=1.0000 tried=5 sep_labels=39 clique_frac=0.01
t=80305ms iter=184 REBUILD reject new_tc=53.0906 (was 47.3741)
t=80473ms iter=184 incumb=47.3741 ratchet=47.5028 best=47.3741 since_improve=63
t=80488ms iter=185 WAIST cost=43.0000 cur_cut=40.0000 best_alt=37.0000 gap=6.0000 gap_cut=3.0000 tried=5 sep_labels=37 clique_frac=0.01
t=80682ms iter=185 REBUILD reject new_tc=53.0547 (was 47.3741)
t=80851ms iter=185 incumb=47.3741 ratchet=47.4337 best=47.3741 since_improve=64
t=80865ms iter=186 WAIST cost=43.0000 cur_cut=40.0000 best_alt=39.0000 gap=4.0000 gap_cut=1.0000 tried=5 sep_labels=39 clique_frac=0.01
t=81090ms iter=186 REBUILD reject new_tc=49.6306 (was 47.3741)
t=81258ms iter=186 incumb=47.3741 ratchet=47.4572 best=47.3741 since_improve=65
t=81272ms iter=187 WAIST cost=43.0000 cur_cut=40.0000 best_alt=39.0000 gap=4.0000 gap_cut=1.0000 tried=5 sep_labels=39 clique_frac=0.01
t=81492ms iter=187 REBUILD reject new_tc=48.5080 (was 47.3741)
t=81657ms iter=187 incumb=47.3741 ratchet=47.4143 best=47.3741 since_improve=66
t=81672ms iter=188 WAIST cost=43.0000 cur_cut=40.0000 best_alt=39.0000 gap=4.0000 gap_cut=1.0000 tried=5 sep_labels=39 clique_frac=0.01
t=81914ms iter=188 REBUILD reject new_tc=50.4850 (was 47.3741)
t=82093ms iter=188 incumb=47.3741 ratchet=47.4761 best=47.3741 since_improve=67
t=82110ms iter=189 WAIST cost=43.0000 cur_cut=40.0000 best_alt=39.0000 gap=4.0000 gap_cut=1.0000 tried=5 sep_labels=39 clique_frac=0.01
t=82339ms iter=189 REBUILD reject new_tc=49.3564 (was 47.3741)
t=82506ms iter=189 incumb=47.3741 ratchet=47.4286 best=47.3741 since_improve=68
t=82522ms iter=190 WAIST cost=43.0000 cur_cut=40.0000 best_alt=39.0000 gap=4.0000 gap_cut=1.0000 tried=5 sep_labels=39 clique_frac=0.01
t=82736ms iter=190 REBUILD reject new_tc=55.1762 (was 47.3741)
t=82904ms iter=190 incumb=47.3741 ratchet=47.7194 best=47.3741 since_improve=69
t=82918ms iter=191 WAIST cost=43.0000 cur_cut=40.0000 best_alt=39.0000 gap=4.0000 gap_cut=1.0000 tried=5 sep_labels=39 clique_frac=0.01
t=83138ms iter=191 REBUILD reject new_tc=49.1954 (was 47.3741)
t=83302ms iter=191 incumb=47.3741 ratchet=47.4050 best=47.3741 since_improve=70
t=83316ms iter=192 WAIST cost=43.0000 cur_cut=40.0000 best_alt=39.0000 gap=4.0000 gap_cut=1.0000 tried=5 sep_labels=39 clique_frac=0.01
t=83546ms iter=192 REBUILD reject new_tc=49.0378 (was 47.3741)
t=83717ms iter=192 incumb=47.3741 ratchet=47.3997 best=47.3741 since_improve=71
t=83732ms iter=193 WAIST cost=43.0000 cur_cut=40.0000 best_alt=39.0000 gap=4.0000 gap_cut=1.0000 tried=5 sep_labels=39 clique_frac=0.01
t=83954ms iter=193 REBUILD reject new_tc=54.0305 (was 47.3741)
t=84121ms iter=193 incumb=47.3741 ratchet=47.4515 best=47.3741 since_improve=72
t=84134ms iter=194 WAIST cost=43.0000 cur_cut=40.0000 best_alt=39.0000 gap=4.0000 gap_cut=1.0000 tried=5 sep_labels=39 clique_frac=0.01
t=84356ms iter=194 REBUILD reject new_tc=53.0781 (was 47.3741)
t=84525ms iter=194 incumb=47.3741 ratchet=47.5303 best=47.3741 since_improve=73
t=84542ms iter=195 WAIST cost=43.0000 cur_cut=40.0000 best_alt=39.0000 gap=4.0000 gap_cut=1.0000 tried=5 sep_labels=39 clique_frac=0.01
t=84764ms iter=195 REBUILD reject new_tc=49.1829 (was 47.3741)
t=84931ms iter=195 incumb=47.3741 ratchet=47.4856 best=47.3741 since_improve=74
t=84948ms iter=196 WAIST cost=43.0000 cur_cut=40.0000 best_alt=39.0000 gap=4.0000 gap_cut=1.0000 tried=5 sep_labels=39 clique_frac=0.01
t=85171ms iter=196 REBUILD reject new_tc=51.2423 (was 47.3741)
t=85339ms iter=196 incumb=47.3741 ratchet=47.8571 best=47.3741 since_improve=75
t=85357ms iter=197 WAIST cost=43.0000 cur_cut=40.0000 best_alt=39.0000 gap=4.0000 gap_cut=1.0000 tried=5 sep_labels=39 clique_frac=0.01
t=85584ms iter=197 REBUILD reject new_tc=48.5543 (was 47.3741)
t=85746ms iter=197 incumb=47.3741 ratchet=47.3803 best=47.3741 since_improve=76
t=85760ms iter=198 WAIST cost=43.0000 cur_cut=40.0000 best_alt=39.0000 gap=4.0000 gap_cut=1.0000 tried=5 sep_labels=39 clique_frac=0.01
t=85983ms iter=198 REBUILD reject new_tc=48.9228 (was 47.3741)
t=86149ms iter=198 incumb=47.3741 ratchet=47.4639 best=47.3741 since_improve=77
t=86166ms iter=199 WAIST cost=43.0000 cur_cut=40.0000 best_alt=37.0000 gap=6.0000 gap_cut=3.0000 tried=5 sep_labels=37 clique_frac=0.01
t=86356ms iter=199 REBUILD reject new_tc=50.8902 (was 47.3741)
t=86524ms iter=199 incumb=47.3741 ratchet=47.4212 best=47.3741 since_improve=78
t=86538ms iter=200 WAIST cost=43.0000 cur_cut=40.0000 best_alt=39.0000 gap=4.0000 gap_cut=1.0000 tried=5 sep_labels=39 clique_frac=0.01
t=86760ms iter=200 REBUILD reject new_tc=50.0584 (was 47.3741)
t=86928ms iter=200 incumb=47.3741 ratchet=47.4251 best=47.3741 since_improve=79
t=86943ms iter=201 WAIST cost=43.0000 cur_cut=40.0000 best_alt=39.0000 gap=4.0000 gap_cut=1.0000 tried=5 sep_labels=39 clique_frac=0.01
t=87165ms iter=201 REBUILD reject new_tc=48.9225 (was 47.3741)
t=87301ms iter=201 incumb=47.3741 ratchet=47.7850 best=47.3741 since_improve=80
t_final=87412ms tc_reduced=47.3741 tc_full=47.5239 leaves=2203
surgery summary: calls=201 cheaper_cuts=201 rebuild_accepts=5 waist_min_hits=0
