simplify: n_orig=544 n_reduced=372 shrink=0.3162 t_simp=5ms
t_seed=609ms tc_seed=35.7614 seed_trials=12
t_dp=2501ms tc_greedy=33.7854
t_mcts=18967ms mcts: backup=min rollouts=192 rate=10/s depth=3 nodes=193 improves=0 tc_mcts=33.7854
ATTRIBUTION tc_greedy=33.7854 tc_mcts_prepolish=33.7854 mcts_beats_greedy=false
t=19175ms polish_tc=33.5635
t=19184ms polish_tc=33.5616
t=19193ms polish_tc=33.1338
t=19202ms polish_tc=33.0973
t=19211ms polish_tc=33.0973
t=19220ms polish_tc=33.0870
t=19229ms polish_tc=33.0864
t=19241ms polish_tc=33.0642
t=19250ms polish_tc=33.0573
t=19261ms polish_tc=32.8085
t=19271ms polish_tc=32.7824
t=19281ms polish_tc=32.7808
t=19290ms polish_tc=32.7808
t=19299ms polish_tc=32.7541
t=19309ms polish_tc=31.9987
t=19318ms polish_tc=31.6991
t=19328ms polish_tc=31.3354
t=19338ms polish_tc=31.3167
t=19347ms polish_tc=31.3123
t=19357ms polish_tc=31.2320
t=19368ms polish_tc=31.1539
t=19380ms polish_tc=31.1539
t=19392ms polish_tc=31.1501
t=19402ms polish_tc=30.9731
t=19411ms polish_tc=30.8784
t=19421ms polish_tc=30.7246
t=19430ms polish_tc=30.6987
t=19439ms polish_tc=30.6973
t=19449ms polish_tc=30.6969
t=19458ms polish_tc=30.6936
t=19467ms polish_tc=30.6684
t=19477ms polish_tc=30.6679
t=19487ms polish_tc=30.6643
t=19497ms polish_tc=30.6363
t=19508ms polish_tc=30.3828
t=19521ms polish_tc=30.3238
t=19531ms polish_tc=30.2545
t=19541ms polish_tc=30.1766
t=19551ms polish_tc=30.1761
t=19560ms polish_tc=30.1664
t=19570ms polish_tc=30.1570
t=19580ms polish_tc=30.1570
t=19589ms polish_tc=30.0536
t=19882ms polish_tc=30.0361
t=19896ms polish_tc=29.9707
t=19906ms polish_tc=29.2742
t=19917ms polish_tc=29.2586
t=19930ms polish_tc=29.2163
t=19940ms polish_tc=29.0581
t=19950ms polish_tc=29.0524
t=19960ms polish_tc=29.0416
t=19969ms polish_tc=28.9569
t=19979ms polish_tc=28.8039
t=19989ms polish_tc=28.7446
t=19999ms polish_tc=28.7433
t=20010ms polish_tc=28.7330
t=20019ms polish_tc=28.7325
t=20034ms polish_tc=28.7270
t=20044ms polish_tc=28.6971
t=20057ms polish_tc=28.6599
t=20067ms polish_tc=28.6503
t=20081ms polish_tc=28.6389
t=20092ms polish_tc=28.6356
t=20104ms polish_tc=28.5837
t=20114ms polish_tc=28.5830
t=20124ms polish_tc=28.4587
t=20134ms polish_tc=28.4587
t=20145ms polish_tc=28.4573
t=20160ms polish_tc=28.3172
t=20169ms polish_tc=28.2039
t=20179ms polish_tc=28.2029
t=20188ms polish_tc=28.1930
t=20198ms polish_tc=28.1922
t=20208ms polish_tc=28.1553
t=20217ms polish_tc=28.1452
t=20227ms polish_tc=28.1428
t=20238ms polish_tc=28.1428
t=20249ms polish_tc=28.1385
t=20259ms polish_tc=28.1382
t=20270ms polish_tc=28.1382
t=20283ms polish_tc=28.1182
t=20293ms polish_tc=27.8431
t=20303ms polish_tc=27.8417
t=20312ms polish_tc=27.8416
t=20322ms polish_tc=27.8206
t=20332ms polish_tc=27.8202
t=20881ms polish_tc=27.8199
t=20891ms polish_tc=27.8163
t=20902ms polish_tc=27.8154
t=20912ms polish_tc=27.8151
t=20921ms polish_tc=27.8149
t=20931ms polish_tc=27.8149
t=20941ms polish_tc=27.8114
t=20949ms polish_tc=27.8113
t=20958ms polish_tc=27.8082
t=20974ms polish_tc=27.7883
t=20984ms polish_tc=27.7883
t=20996ms polish_tc=27.7867
t=21005ms polish_tc=27.7550
t=21015ms polish_tc=27.7541
t=21026ms polish_tc=27.7539
t=21036ms polish_tc=27.7538
t=21046ms polish_tc=27.7537
t=21059ms polish_tc=27.7537
t=21071ms polish_tc=27.7531
t=21082ms polish_tc=27.7527
t=21091ms polish_tc=27.7527
t=21109ms polish_tc=27.7522
t=21123ms polish_tc=27.7495
t=21134ms polish_tc=27.7495
t=21145ms polish_tc=27.7483
t=21156ms polish_tc=27.7432
t=21166ms polish_tc=27.7432
t=21177ms polish_tc=27.7424
t=21187ms polish_tc=27.7331
t=21197ms polish_tc=27.7321
t=21387ms polish_tc=27.7151
t=21411ms polish_tc=27.7002
t=21423ms polish_tc=27.6947
t=21434ms polish_tc=27.6920
t=21445ms polish_tc=27.6838
t=21457ms polish_tc=27.6765
t=21470ms polish_tc=27.6729
t=21482ms polish_tc=27.6666
t=21494ms polish_tc=27.6664
t=21507ms polish_tc=27.6402
t=21519ms polish_tc=27.6394
t=21532ms polish_tc=27.6061
t=21544ms polish_tc=27.6061
t=21560ms polish_tc=27.5779
t=21572ms polish_tc=27.3177
t=21586ms polish_tc=27.3019
t=21599ms polish_tc=27.3017
t=21612ms polish_tc=27.1473
t=21625ms polish_tc=27.1473
t=21637ms polish_tc=27.1472
t=21649ms polish_tc=27.1472
t=21661ms polish_tc=27.1469
t=21673ms polish_tc=27.1418
t=21685ms polish_tc=27.1361
t=21883ms polish_tc=27.1315
t=21898ms polish_tc=27.0885
t=21912ms polish_tc=27.0843
t=21923ms polish_tc=27.0833
t=21940ms polish_tc=27.0695
t=21955ms polish_tc=27.0695
t=21967ms polish_tc=27.0650
t=21982ms polish_tc=27.0620
t=22024ms polish_tc=27.0577
t=22056ms polish_tc=27.0439
t=22068ms polish_tc=27.0439
t=22080ms polish_tc=27.0435
t=22095ms polish_tc=27.0415
t=22107ms polish_tc=27.0414
t=22123ms polish_tc=27.0346
t=22138ms polish_tc=27.0177
t=22150ms polish_tc=27.0176
t=22162ms polish_tc=27.0163
t=22186ms polish_tc=27.0015
t=22199ms polish_tc=27.0008
t=22211ms polish_tc=26.9993
t=22223ms polish_tc=26.9945
t=22239ms polish_tc=26.9849
t=22251ms polish_tc=26.9848
t=22272ms polish_tc=26.9822
t=22284ms polish_tc=26.9822
t=22296ms polish_tc=26.9811
t=22308ms polish_tc=26.9810
t=22340ms polish_tc=26.8876
t=22352ms polish_tc=26.8691
t=22364ms polish_tc=26.8691
t=22375ms polish_tc=26.8690
t=22386ms polish_tc=26.8608
t=22397ms polish_tc=26.8584
t=22408ms polish_tc=26.8582
t=22420ms polish_tc=26.8578
t=22437ms polish_tc=26.8454
t=22449ms polish_tc=26.7975
t=22461ms polish_tc=26.7951
t=22473ms polish_tc=26.7922
t=22486ms polish_tc=26.7847
t=22497ms polish_tc=26.7847
t=22510ms polish_tc=26.7845
t=22521ms polish_tc=26.7844
t=23274ms polish_tc=26.7652
t=23285ms polish_tc=26.7376
t=23300ms polish_tc=26.7157
t=23312ms polish_tc=26.6863
t=23324ms polish_tc=26.6589
t=23336ms polish_tc=26.6588
t=23348ms polish_tc=26.6555
t=23366ms polish_tc=26.6347
t=23377ms polish_tc=26.6331
t=23393ms polish_tc=26.6327
t=23406ms polish_tc=26.6316
t=23418ms polish_tc=26.6306
t=23433ms polish_tc=26.6170
t=23445ms polish_tc=26.6170
t=23460ms polish_tc=26.6141
t=23474ms polish_tc=26.5978
t=23486ms polish_tc=26.5978
t=23497ms polish_tc=26.5978
t=23510ms polish_tc=26.5978
t=23525ms polish_tc=26.5973
t=23567ms polish_tc=26.5962
t=23578ms polish_tc=26.5954
t=23591ms polish_tc=26.5939
t=23625ms polish_tc=26.5705
t=23638ms polish_tc=26.5703
t=23650ms polish_tc=26.5703
t=23661ms polish_tc=26.5702
t=23674ms polish_tc=26.5702
t=23685ms polish_tc=26.5702
t=23696ms polish_tc=26.5700
t=31003ms polish_tc=26.5660
t=31014ms polish_tc=26.5658
t=31030ms polish_tc=26.5650
t=31044ms polish_tc=26.5645
t=31056ms polish_tc=26.5630
t=31067ms polish_tc=26.5624
t=31079ms polish_tc=26.5565
t=31089ms polish_tc=26.5560
t=31101ms polish_tc=26.5541
t=31113ms polish_tc=26.5485
t=31134ms polish_tc=26.5072
t=31145ms polish_tc=26.5041
t=31158ms polish_tc=26.4988
t=31170ms polish_tc=26.4511
t=31181ms polish_tc=26.4500
t=31197ms polish_tc=26.4461
t=31209ms polish_tc=26.4396
t=31221ms polish_tc=26.4390
t=31233ms polish_tc=26.4386
t=31244ms polish_tc=26.4355
t=31388ms polish_tc=26.4264
t=31398ms polish_tc=26.4239
t=31414ms polish_tc=26.4169
t=31424ms polish_tc=26.4161
t=31467ms polish_tc=26.4148
t=31549ms polish_tc=26.4039
t=31558ms polish_tc=26.4007
t=31566ms polish_tc=26.3997
t=31607ms polish_tc=26.3940
t=31615ms polish_tc=26.3926
t=31623ms polish_tc=26.3851
t=31632ms polish_tc=26.3820
t=31640ms polish_tc=26.3513
t=31648ms polish_tc=26.3513
t=31658ms polish_tc=26.3509
t=31670ms polish_tc=26.3508
t=31678ms polish_tc=26.3506
t=31689ms polish_tc=26.3428
t=31698ms polish_tc=26.3428
t=31706ms polish_tc=26.3422
t=31713ms polish_tc=26.3421
t=31724ms polish_tc=26.3375
t=31733ms polish_tc=26.3361
t=31803ms polish_tc=26.2853
t=31812ms polish_tc=26.2573
t=31820ms polish_tc=26.2239
t=31828ms polish_tc=26.2236
t=31836ms polish_tc=26.2228
t=31845ms polish_tc=26.1582
t=31854ms polish_tc=26.1487
t=31861ms polish_tc=26.1487
t=31871ms polish_tc=26.1441
t=31880ms polish_tc=26.1441
t=31889ms polish_tc=26.1440
t=31898ms polish_tc=26.1402
t=31907ms polish_tc=26.1400
t=31916ms polish_tc=26.1400
t=31923ms polish_tc=26.1398
t=31931ms polish_tc=26.1397
t=31939ms polish_tc=26.1387
t=31947ms polish_tc=26.1387
t=31956ms polish_tc=26.1381
t=31964ms polish_tc=26.1378
t=31973ms polish_tc=26.1369
t=31988ms polish_tc=26.1168
t=31996ms polish_tc=26.1144
t=32004ms polish_tc=26.0614
t=32012ms polish_tc=26.0603
t=32021ms polish_tc=26.0603
t=32030ms polish_tc=26.0600
t=32045ms polish_tc=26.0167
t=32052ms polish_tc=26.0125
t=32060ms polish_tc=26.0125
t=32069ms polish_tc=26.0119
t=32076ms polish_tc=26.0105
t=32086ms polish_tc=26.0087
t=32095ms polish_tc=26.0071
t=32108ms polish_tc=26.0063
t=32144ms polish_tc=25.9693
t=32152ms polish_tc=25.9693
t=32161ms polish_tc=25.9693
t=32173ms polish_tc=25.9683
t=32183ms polish_tc=25.9679
t=32192ms polish_tc=25.9673
t=32200ms polish_tc=25.9612
t=32209ms polish_tc=25.9586
t=53584ms polish_tc=25.9399
t=53592ms polish_tc=25.9399
t=53601ms polish_tc=25.9383
t=53610ms polish_tc=25.9382
t=53618ms polish_tc=25.9368
t=53683ms polish_tc=25.9364
anneal_sweeps=443920 cycles=82 fresh=29
t_final=87302ms tc_greedy=33.7854 tc_mcts=33.7854 tc_final=25.9364 tc_full=25.9364 leaves=544
