simplify: n_orig=2203 n_reduced=761 shrink=0.6546 t_simp=12ms
t_seed=649ms tc_seed=60.6227 seed_trials=9
t_dp=649ms tc_greedy=60.6227
t=5069ms mcts_tc=60.3319
t=5820ms mcts_tc=57.6971
t_mcts=11852ms mcts: backup=min rollouts=64 rate=5/s depth=2 nodes=65 improves=2 tc_mcts=57.6971
ATTRIBUTION tc_greedy=60.6227 tc_mcts_prepolish=57.6971 mcts_beats_greedy=true
t=12075ms polish_tc=57.6427
t=12423ms polish_tc=57.6356
t=12508ms polish_tc=57.6302
t=12591ms polish_tc=57.1224
t=12675ms polish_tc=56.7813
t=12762ms polish_tc=56.5543
t=13426ms polish_tc=56.5300
t=13513ms polish_tc=56.5257
t=13611ms polish_tc=56.5166
t=13699ms polish_tc=56.4700
t=13778ms polish_tc=56.3900
t=14425ms polish_tc=56.3898
t=14510ms polish_tc=56.3887
t=14591ms polish_tc=56.3134
t=14683ms polish_tc=56.3062
t=15428ms polish_tc=56.1584
t=15528ms polish_tc=56.1410
t=15616ms polish_tc=56.1354
t=15703ms polish_tc=56.1347
t=16416ms polish_tc=56.1296
t=16507ms polish_tc=56.1199
t=16594ms polish_tc=55.9113
t=16687ms polish_tc=55.8565
t=17416ms polish_tc=55.8364
t=17514ms polish_tc=55.8211
t=17615ms polish_tc=55.7220
t=17706ms polish_tc=55.7054
t=18417ms polish_tc=55.4623
t=18512ms polish_tc=55.4457
t=18606ms polish_tc=55.4404
t=18696ms polish_tc=55.3893
t=19417ms polish_tc=55.3891
t=19501ms polish_tc=55.3877
t=19585ms polish_tc=55.3873
t=19672ms polish_tc=55.3872
t=20414ms polish_tc=55.2460
t=20502ms polish_tc=55.2415
t=20590ms polish_tc=55.1795
t=20698ms polish_tc=55.1674
t=21418ms polish_tc=55.1648
t=21521ms polish_tc=55.1637
t=21618ms polish_tc=55.1583
t=21715ms polish_tc=55.1185
t=21818ms polish_tc=55.1160
t=22418ms polish_tc=55.1152
t=22534ms polish_tc=55.0999
t=22630ms polish_tc=55.0981
t=22726ms polish_tc=55.0980
t=22822ms polish_tc=55.0971
t=22918ms polish_tc=55.0941
t=23415ms polish_tc=55.0937
t=23506ms polish_tc=55.0935
t=23603ms polish_tc=55.0932
t=23699ms polish_tc=55.0915
t=23811ms polish_tc=54.1809
t=24426ms polish_tc=54.1799
t=24521ms polish_tc=54.1795
t=24634ms polish_tc=54.1703
t=24734ms polish_tc=54.1698
t=25425ms polish_tc=54.1643
t=25513ms polish_tc=54.1610
t=25607ms polish_tc=54.0875
t=25761ms polish_tc=54.0742
t=26415ms polish_tc=54.0735
t=26529ms polish_tc=54.0713
t=26640ms polish_tc=54.0698
t=26749ms polish_tc=54.0688
t=27416ms polish_tc=54.0672
t=27519ms polish_tc=54.0670
t=27631ms polish_tc=54.0582
t=27739ms polish_tc=54.0572
t=28419ms polish_tc=54.0564
t=28538ms polish_tc=54.0526
t=28645ms polish_tc=54.0517
t=29415ms polish_tc=54.0425
t=29535ms polish_tc=54.0416
t=29651ms polish_tc=54.0409
anneal_sweeps=552 cycles=1 fresh=0
t_final=29659ms tc_greedy=60.6227 tc_mcts=57.6971 tc_final=54.0409 tc_full=54.0409 leaves=2203
