probe: instance=uai_DBN_16 n_orig=572 n=484 fusible=0.1538 nlabels=44 t=8ms
seed_greedy tc=44.3327 t=558ms
t=619ms iter=1 WAIST cost=42.0000 best_alt=22.0000 gap=20.0000 tried=5 sep_labels=22 clique_frac=0.00
t=774ms iter=1 REBUILD ACCEPT new_tc=35.4845 (was 43.3740)
t=838ms iter=1 incumb=35.4845 ratchet=35.6532 best=35.4845 since_improve=1
t=851ms iter=2 WAIST cost=35.0000 best_alt=22.0000 gap=13.0000 tried=5 sep_labels=22 clique_frac=0.00
t=1041ms iter=2 REBUILD reject new_tc=36.5404 (was 35.4845)
t=1106ms iter=2 incumb=35.4845 ratchet=35.8913 best=35.4845 since_improve=2
t=1118ms iter=3 WAIST cost=35.0000 best_alt=22.0000 gap=13.0000 tried=5 sep_labels=22 clique_frac=0.00
t=1257ms iter=3 REBUILD reject new_tc=36.4306 (was 35.4845)
t=1321ms iter=3 incumb=35.4845 ratchet=35.9080 best=35.4845 since_improve=3
t=1336ms iter=4 WAIST cost=35.0000 best_alt=22.0000 gap=13.0000 tried=5 sep_labels=22 clique_frac=0.00
t=1476ms iter=4 REBUILD reject new_tc=36.6036 (was 35.4845)
t=1542ms iter=4 incumb=35.4845 ratchet=36.8223 best=35.4845 since_improve=4
t=1554ms iter=5 WAIST cost=35.0000 best_alt=22.0000 gap=13.0000 tried=5 sep_labels=22 clique_frac=0.00
t=1693ms iter=5 REBUILD reject new_tc=36.2443 (was 35.4845)
t=1759ms iter=5 incumb=35.4845 ratchet=35.7045 best=35.4845 since_improve=5
t=1775ms iter=6 WAIST cost=35.0000 best_alt=22.0000 gap=13.0000 tried=5 sep_labels=22 clique_frac=0.00
t=1914ms iter=6 REBUILD reject new_tc=36.5340 (was 35.4845)
t=1978ms iter=6 incumb=35.4845 ratchet=36.0047 best=35.4845 since_improve=6
t=1991ms iter=7 WAIST cost=35.0000 best_alt=22.0000 gap=13.0000 tried=5 sep_labels=22 clique_frac=0.00
t=2129ms iter=7 REBUILD reject new_tc=36.5228 (was 35.4845)
t=2195ms iter=7 incumb=35.4845 ratchet=35.8005 best=35.4845 since_improve=7
t=2210ms iter=8 WAIST cost=35.0000 best_alt=22.0000 gap=13.0000 tried=5 sep_labels=22 clique_frac=0.00
t=2359ms iter=8 REBUILD reject new_tc=36.0858 (was 35.4845)
t=2428ms iter=8 incumb=35.4845 ratchet=43.9288 best=35.4845 since_improve=8
t=2443ms iter=9 WAIST cost=35.0000 best_alt=22.0000 gap=13.0000 tried=5 sep_labels=22 clique_frac=0.00
t=2583ms iter=9 REBUILD reject new_tc=36.4559 (was 35.4845)
t=2649ms iter=9 incumb=35.4845 ratchet=35.7966 best=35.4845 since_improve=9
t=2661ms iter=10 WAIST cost=35.0000 best_alt=22.0000 gap=13.0000 tried=5 sep_labels=22 clique_frac=0.00
t=2800ms iter=10 REBUILD reject new_tc=36.3646 (was 35.4845)
t=2864ms iter=10 incumb=35.4845 ratchet=35.9494 best=35.4845 since_improve=10
t=2878ms iter=11 WAIST cost=35.0000 best_alt=22.0000 gap=13.0000 tried=5 sep_labels=22 clique_frac=0.00
t=3018ms iter=11 REBUILD reject new_tc=36.5098 (was 35.4845)
t=3084ms iter=11 incumb=35.4845 ratchet=36.9919 best=35.4845 since_improve=11
t=3096ms iter=12 WAIST cost=35.0000 best_alt=22.0000 gap=13.0000 tried=5 sep_labels=22 clique_frac=0.00
t=3236ms iter=12 REBUILD reject new_tc=36.6144 (was 35.4845)
t=3300ms iter=12 incumb=35.4845 ratchet=36.1912 best=35.4845 since_improve=12
t=3312ms iter=13 WAIST cost=35.0000 best_alt=22.0000 gap=13.0000 tried=5 sep_labels=22 clique_frac=0.00
t=3452ms iter=13 REBUILD reject new_tc=35.9035 (was 35.4845)
t=3516ms iter=13 incumb=35.4845 ratchet=35.9122 best=35.4845 since_improve=13
t=3531ms iter=14 WAIST cost=35.0000 best_alt=22.0000 gap=13.0000 tried=5 sep_labels=22 clique_frac=0.00
t=3670ms iter=14 REBUILD reject new_tc=36.4344 (was 35.4845)
t=3735ms iter=14 incumb=35.4845 ratchet=35.7763 best=35.4845 since_improve=14
t=3747ms iter=15 WAIST cost=35.0000 best_alt=22.0000 gap=13.0000 tried=5 sep_labels=22 clique_frac=0.00
t=3886ms iter=15 REBUILD reject new_tc=36.6340 (was 35.4845)
t=3950ms iter=15 incumb=35.4845 ratchet=35.7563 best=35.4845 since_improve=15
t=3964ms iter=16 WAIST cost=35.0000 best_alt=22.0000 gap=13.0000 tried=5 sep_labels=22 clique_frac=0.00
t=4104ms iter=16 REBUILD reject new_tc=36.5484 (was 35.4845)
t=4169ms iter=16 incumb=35.4845 ratchet=35.7912 best=35.4845 since_improve=16
t=4182ms iter=17 WAIST cost=35.0000 best_alt=22.0000 gap=13.0000 tried=5 sep_labels=22 clique_frac=0.00
t=4320ms iter=17 REBUILD reject new_tc=36.4383 (was 35.4845)
t=4386ms iter=17 incumb=35.4845 ratchet=36.2406 best=35.4845 since_improve=17
t=4398ms iter=18 WAIST cost=35.0000 best_alt=22.0000 gap=13.0000 tried=5 sep_labels=22 clique_frac=0.00
t=4535ms iter=18 REBUILD reject new_tc=36.4510 (was 35.4845)
t=4601ms iter=18 incumb=35.4845 ratchet=37.6749 best=35.4845 since_improve=18
t=4615ms iter=19 WAIST cost=35.0000 best_alt=22.0000 gap=13.0000 tried=5 sep_labels=22 clique_frac=0.00
t=4754ms iter=19 REBUILD reject new_tc=36.4004 (was 35.4845)
t=4818ms iter=19 incumb=35.4845 ratchet=36.2796 best=35.4845 since_improve=19
t=4830ms iter=20 WAIST cost=35.0000 best_alt=22.0000 gap=13.0000 tried=5 sep_labels=22 clique_frac=0.00
t=4970ms iter=20 REBUILD reject new_tc=35.6364 (was 35.4845)
t=5034ms iter=20 incumb=35.4845 ratchet=36.0199 best=35.4845 since_improve=20
t=5048ms iter=21 WAIST cost=35.0000 best_alt=22.0000 gap=13.0000 tried=5 sep_labels=22 clique_frac=0.00
t=5187ms iter=21 REBUILD reject new_tc=36.5062 (was 35.4845)
t=5251ms iter=21 incumb=35.4845 ratchet=35.9635 best=35.4845 since_improve=21
t=5263ms iter=22 WAIST cost=35.0000 best_alt=22.0000 gap=13.0000 tried=5 sep_labels=22 clique_frac=0.00
t=5401ms iter=22 REBUILD reject new_tc=36.3503 (was 35.4845)
t=5465ms iter=22 incumb=35.4845 ratchet=35.8460 best=35.4845 since_improve=22
t=5477ms iter=23 WAIST cost=35.0000 best_alt=22.0000 gap=13.0000 tried=5 sep_labels=22 clique_frac=0.00
t=5617ms iter=23 REBUILD reject new_tc=36.2280 (was 35.4845)
t=5681ms iter=23 incumb=35.4845 ratchet=36.3041 best=35.4845 since_improve=23
t=5694ms iter=24 WAIST cost=35.0000 best_alt=22.0000 gap=13.0000 tried=5 sep_labels=22 clique_frac=0.00
t=5833ms iter=24 REBUILD reject new_tc=36.4478 (was 35.4845)
t=5897ms iter=24 incumb=35.4845 ratchet=35.7782 best=35.4845 since_improve=24
t=5911ms iter=25 WAIST cost=35.0000 best_alt=22.0000 gap=13.0000 tried=5 sep_labels=22 clique_frac=0.00
t=6050ms iter=25 REBUILD reject new_tc=35.7999 (was 35.4845)
t=6114ms iter=25 incumb=35.4845 ratchet=36.3707 best=35.4845 since_improve=25
t=6129ms iter=26 WAIST cost=35.0000 best_alt=22.0000 gap=13.0000 tried=5 sep_labels=22 clique_frac=0.00
t=6268ms iter=26 REBUILD reject new_tc=36.2510 (was 35.4845)
t=6346ms iter=26 incumb=35.4845 ratchet=35.8262 best=35.3651 since_improve=26
t=6359ms iter=27 WAIST cost=35.0000 best_alt=22.0000 gap=13.0000 tried=5 sep_labels=22 clique_frac=0.00
t=6498ms iter=27 REBUILD reject new_tc=36.5582 (was 35.4845)
t=6563ms iter=27 incumb=35.4845 ratchet=36.1470 best=35.3651 since_improve=27
t=6575ms iter=28 WAIST cost=35.0000 best_alt=22.0000 gap=13.0000 tried=5 sep_labels=22 clique_frac=0.00
t=6714ms iter=28 REBUILD reject new_tc=36.3864 (was 35.4845)
t=6778ms iter=28 incumb=35.4845 ratchet=36.4036 best=35.3651 since_improve=28
t=6792ms iter=29 WAIST cost=35.0000 best_alt=22.0000 gap=13.0000 tried=5 sep_labels=22 clique_frac=0.00
t=6931ms iter=29 REBUILD reject new_tc=36.3950 (was 35.4845)
t=6995ms iter=29 incumb=35.4845 ratchet=36.5065 best=35.3651 since_improve=29
t=7007ms iter=30 WAIST cost=35.0000 best_alt=22.0000 gap=13.0000 tried=5 sep_labels=22 clique_frac=0.00
t=7147ms iter=30 REBUILD reject new_tc=36.3066 (was 35.4845)
t=7212ms iter=30 incumb=35.4845 ratchet=35.8383 best=35.3651 since_improve=30
t=7224ms iter=31 WAIST cost=35.0000 best_alt=22.0000 gap=13.0000 tried=5 sep_labels=22 clique_frac=0.00
t=7363ms iter=31 REBUILD reject new_tc=36.6459 (was 35.4845)
t=7427ms iter=31 incumb=35.4845 ratchet=35.4432 best=35.3651 since_improve=0
t=7440ms iter=32 WAIST cost=35.0000 best_alt=22.0000 gap=13.0000 tried=5 sep_labels=22 clique_frac=0.00
t=7585ms iter=32 REBUILD ACCEPT new_tc=34.6863 (was 35.4432)
t=7651ms iter=32 incumb=34.6863 ratchet=35.3155 best=34.6863 since_improve=1
t=7668ms iter=33 WAIST cost=34.0000 best_alt=22.0000 gap=12.0000 tried=5 sep_labels=22 clique_frac=0.00
t=7807ms iter=33 REBUILD reject new_tc=34.7283 (was 34.6863)
t=7873ms iter=33 incumb=34.6863 ratchet=36.0193 best=34.6863 since_improve=2
t=7893ms iter=34 WAIST cost=34.0000 best_alt=22.0000 gap=12.0000 tried=5 sep_labels=22 clique_frac=0.00
t=8037ms iter=34 REBUILD ACCEPT new_tc=34.5742 (was 34.6863)
t=8103ms iter=34 incumb=34.5742 ratchet=35.3271 best=34.5742 since_improve=1
t=8117ms iter=35 WAIST cost=34.0000 best_alt=22.0000 gap=12.0000 tried=5 sep_labels=22 clique_frac=0.00
t=8261ms iter=35 REBUILD reject new_tc=35.4972 (was 34.5742)
t=8328ms iter=35 incumb=34.5742 ratchet=35.7342 best=34.5742 since_improve=2
t=8345ms iter=36 WAIST cost=34.0000 best_alt=22.0000 gap=12.0000 tried=5 sep_labels=22 clique_frac=0.00
t=8482ms iter=36 REBUILD reject new_tc=35.5897 (was 34.5742)
t=8549ms iter=36 incumb=34.5742 ratchet=35.8901 best=34.5742 since_improve=3
t=8564ms iter=37 WAIST cost=34.0000 best_alt=22.0000 gap=12.0000 tried=5 sep_labels=22 clique_frac=0.00
t=8705ms iter=37 REBUILD reject new_tc=35.6164 (was 34.5742)
t=8771ms iter=37 incumb=34.5742 ratchet=35.4819 best=34.5742 since_improve=4
t=8788ms iter=38 WAIST cost=34.0000 best_alt=22.0000 gap=12.0000 tried=5 sep_labels=22 clique_frac=0.00
t=8927ms iter=38 REBUILD reject new_tc=35.6279 (was 34.5742)
t=8993ms iter=38 incumb=34.5742 ratchet=35.4407 best=34.5742 since_improve=5
t=9011ms iter=39 WAIST cost=34.0000 best_alt=22.0000 gap=12.0000 tried=5 sep_labels=22 clique_frac=0.00
t=9149ms iter=39 REBUILD reject new_tc=35.4446 (was 34.5742)
t=9214ms iter=39 incumb=34.5742 ratchet=35.1563 best=34.5742 since_improve=6
t=9228ms iter=40 WAIST cost=34.0000 best_alt=22.0000 gap=12.0000 tried=5 sep_labels=22 clique_frac=0.00
t=9364ms iter=40 REBUILD reject new_tc=35.3836 (was 34.5742)
t=9429ms iter=40 incumb=34.5742 ratchet=35.1713 best=34.5742 since_improve=7
t=9443ms iter=41 WAIST cost=34.0000 best_alt=22.0000 gap=12.0000 tried=5 sep_labels=22 clique_frac=0.00
t=9581ms iter=41 REBUILD reject new_tc=35.4958 (was 34.5742)
t=9648ms iter=41 incumb=34.5742 ratchet=35.3905 best=34.5742 since_improve=8
t=9663ms iter=42 WAIST cost=34.0000 best_alt=22.0000 gap=12.0000 tried=5 sep_labels=22 clique_frac=0.00
t=9803ms iter=42 REBUILD reject new_tc=35.4859 (was 34.5742)
t=9868ms iter=42 incumb=34.5742 ratchet=35.0587 best=34.5742 since_improve=9
t=9883ms iter=43 WAIST cost=34.0000 best_alt=22.0000 gap=12.0000 tried=5 sep_labels=22 clique_frac=0.00
t=10021ms iter=43 REBUILD reject new_tc=35.5574 (was 34.5742)
t=10086ms iter=43 incumb=34.5742 ratchet=35.2849 best=34.5742 since_improve=10
t=10103ms iter=44 WAIST cost=34.0000 best_alt=22.0000 gap=12.0000 tried=5 sep_labels=22 clique_frac=0.00
t=10241ms iter=44 REBUILD reject new_tc=35.6068 (was 34.5742)
t=10307ms iter=44 incumb=34.5742 ratchet=35.0073 best=34.5742 since_improve=11
t=10323ms iter=45 WAIST cost=34.0000 best_alt=22.0000 gap=12.0000 tried=5 sep_labels=22 clique_frac=0.00
t=10461ms iter=45 REBUILD reject new_tc=35.4721 (was 34.5742)
t=10526ms iter=45 incumb=34.5742 ratchet=35.1820 best=34.5742 since_improve=12
t=10542ms iter=46 WAIST cost=34.0000 best_alt=22.0000 gap=12.0000 tried=5 sep_labels=22 clique_frac=0.00
t=10681ms iter=46 REBUILD reject new_tc=35.4141 (was 34.5742)
t=10746ms iter=46 incumb=34.5742 ratchet=35.3366 best=34.5742 since_improve=13
t=10762ms iter=47 WAIST cost=34.0000 best_alt=22.0000 gap=12.0000 tried=5 sep_labels=22 clique_frac=0.00
t=10898ms iter=47 REBUILD reject new_tc=35.4889 (was 34.5742)
t=10963ms iter=47 incumb=34.5742 ratchet=34.9664 best=34.5742 since_improve=14
t=10977ms iter=48 WAIST cost=34.0000 best_alt=22.0000 gap=12.0000 tried=5 sep_labels=22 clique_frac=0.00
t=11115ms iter=48 REBUILD reject new_tc=35.5322 (was 34.5742)
t=11180ms iter=48 incumb=34.5742 ratchet=35.5701 best=34.5742 since_improve=15
t=11197ms iter=49 WAIST cost=34.0000 best_alt=22.0000 gap=12.0000 tried=5 sep_labels=22 clique_frac=0.00
t=11337ms iter=49 REBUILD reject new_tc=35.4104 (was 34.5742)
t=11402ms iter=49 incumb=34.5742 ratchet=35.4085 best=34.5742 since_improve=16
t=11419ms iter=50 WAIST cost=34.0000 best_alt=22.0000 gap=12.0000 tried=5 sep_labels=22 clique_frac=0.00
t=11557ms iter=50 REBUILD reject new_tc=34.9012 (was 34.5742)
t=11622ms iter=50 incumb=34.5742 ratchet=35.1510 best=34.5742 since_improve=17
t=11639ms iter=51 WAIST cost=34.0000 best_alt=22.0000 gap=12.0000 tried=5 sep_labels=22 clique_frac=0.00
t=11780ms iter=51 REBUILD reject new_tc=35.5154 (was 34.5742)
t=11846ms iter=51 incumb=34.5742 ratchet=35.0328 best=34.5742 since_improve=18
t=11863ms iter=52 WAIST cost=34.0000 best_alt=22.0000 gap=12.0000 tried=5 sep_labels=22 clique_frac=0.00
t=12001ms iter=52 REBUILD reject new_tc=35.2656 (was 34.5742)
t=12066ms iter=52 incumb=34.5742 ratchet=35.2938 best=34.5742 since_improve=19
t=12081ms iter=53 WAIST cost=34.0000 best_alt=22.0000 gap=12.0000 tried=5 sep_labels=22 clique_frac=0.00
t=12221ms iter=53 REBUILD reject new_tc=35.4928 (was 34.5742)
t=12287ms iter=53 incumb=34.5742 ratchet=35.1369 best=34.5742 since_improve=20
t=12302ms iter=54 WAIST cost=34.0000 best_alt=22.0000 gap=12.0000 tried=5 sep_labels=22 clique_frac=0.00
t=12440ms iter=54 REBUILD reject new_tc=35.6676 (was 34.5742)
t=12506ms iter=54 incumb=34.5742 ratchet=35.2223 best=34.5742 since_improve=21
t=12522ms iter=55 WAIST cost=34.0000 best_alt=22.0000 gap=12.0000 tried=5 sep_labels=22 clique_frac=0.00
t=12661ms iter=55 REBUILD reject new_tc=35.5985 (was 34.5742)
t=12727ms iter=55 incumb=34.5742 ratchet=35.2042 best=34.5742 since_improve=22
t=12739ms iter=56 WAIST cost=34.0000 best_alt=22.0000 gap=12.0000 tried=5 sep_labels=22 clique_frac=0.00
t=12878ms iter=56 REBUILD reject new_tc=35.5457 (was 34.5742)
t=12943ms iter=56 incumb=34.5742 ratchet=35.6567 best=34.5742 since_improve=23
t=12958ms iter=57 WAIST cost=34.0000 best_alt=22.0000 gap=12.0000 tried=5 sep_labels=22 clique_frac=0.00
t=13097ms iter=57 REBUILD reject new_tc=35.5378 (was 34.5742)
t=13167ms iter=57 incumb=34.5742 ratchet=45.6333 best=34.5742 since_improve=24
t=13183ms iter=58 WAIST cost=34.0000 best_alt=22.0000 gap=12.0000 tried=5 sep_labels=22 clique_frac=0.00
t=13322ms iter=58 REBUILD reject new_tc=35.5662 (was 34.5742)
t=13387ms iter=58 incumb=34.5742 ratchet=35.1430 best=34.5742 since_improve=25
t=13404ms iter=59 WAIST cost=34.0000 best_alt=22.0000 gap=12.0000 tried=5 sep_labels=22 clique_frac=0.00
t=13543ms iter=59 REBUILD reject new_tc=35.4416 (was 34.5742)
t=13607ms iter=59 incumb=34.5742 ratchet=35.3212 best=34.5742 since_improve=26
t=13622ms iter=60 WAIST cost=34.0000 best_alt=22.0000 gap=12.0000 tried=5 sep_labels=22 clique_frac=0.00
t=13761ms iter=60 REBUILD reject new_tc=35.4280 (was 34.5742)
t=13837ms iter=60 incumb=34.5742 ratchet=34.7457 best=34.5345 since_improve=27
t=13856ms iter=61 WAIST cost=34.0000 best_alt=22.0000 gap=12.0000 tried=5 sep_labels=22 clique_frac=0.00
t=13993ms iter=61 REBUILD reject new_tc=35.4811 (was 34.5742)
t=14059ms iter=61 incumb=34.5742 ratchet=35.5943 best=34.5345 since_improve=28
t=14074ms iter=62 WAIST cost=34.0000 best_alt=22.0000 gap=12.0000 tried=5 sep_labels=22 clique_frac=0.00
t=14212ms iter=62 REBUILD reject new_tc=35.3125 (was 34.5742)
t=14278ms iter=62 incumb=34.5742 ratchet=36.8059 best=34.5345 since_improve=29
t=14294ms iter=63 WAIST cost=34.0000 best_alt=22.0000 gap=12.0000 tried=5 sep_labels=22 clique_frac=0.00
t=14432ms iter=63 REBUILD reject new_tc=35.4373 (was 34.5742)
t=14497ms iter=63 incumb=34.5742 ratchet=35.3588 best=34.5345 since_improve=30
t=14511ms iter=64 WAIST cost=34.0000 best_alt=22.0000 gap=12.0000 tried=5 sep_labels=22 clique_frac=0.00
t=14647ms iter=64 REBUILD reject new_tc=35.5584 (was 34.5742)
t=14713ms iter=64 incumb=34.5742 ratchet=35.2448 best=34.5345 since_improve=31
t=14727ms iter=65 WAIST cost=34.0000 best_alt=22.0000 gap=12.0000 tried=5 sep_labels=22 clique_frac=0.00
t=14865ms iter=65 REBUILD reject new_tc=35.2258 (was 34.5742)
t=14930ms iter=65 incumb=34.5742 ratchet=34.8749 best=34.5345 since_improve=32
t=14947ms iter=66 WAIST cost=34.0000 best_alt=22.0000 gap=12.0000 tried=5 sep_labels=22 clique_frac=0.00
t=15085ms iter=66 REBUILD reject new_tc=35.5168 (was 34.5742)
t=15151ms iter=66 incumb=34.5742 ratchet=35.2439 best=34.5345 since_improve=33
t=15166ms iter=67 WAIST cost=34.0000 best_alt=22.0000 gap=12.0000 tried=5 sep_labels=22 clique_frac=0.00
t=15305ms iter=67 REBUILD reject new_tc=35.5983 (was 34.5742)
t=15370ms iter=67 incumb=34.5742 ratchet=35.3576 best=34.5345 since_improve=34
t=15387ms iter=68 WAIST cost=34.0000 best_alt=22.0000 gap=12.0000 tried=5 sep_labels=22 clique_frac=0.00
t=15526ms iter=68 REBUILD reject new_tc=35.5873 (was 34.5742)
t=15591ms iter=68 incumb=34.5742 ratchet=34.9104 best=34.5345 since_improve=35
t=15607ms iter=69 WAIST cost=34.0000 best_alt=22.0000 gap=12.0000 tried=5 sep_labels=22 clique_frac=0.00
t=15744ms iter=69 REBUILD reject new_tc=35.4611 (was 34.5742)
t=15809ms iter=69 incumb=34.5742 ratchet=35.1664 best=34.5345 since_improve=36
t=15825ms iter=70 WAIST cost=34.0000 best_alt=22.0000 gap=12.0000 tried=5 sep_labels=22 clique_frac=0.00
t=15962ms iter=70 REBUILD reject new_tc=35.5735 (was 34.5742)
t=16027ms iter=70 incumb=34.5742 ratchet=35.1849 best=34.5345 since_improve=37
t=16042ms iter=71 WAIST cost=34.0000 best_alt=22.0000 gap=12.0000 tried=5 sep_labels=22 clique_frac=0.00
t=16181ms iter=71 REBUILD reject new_tc=35.4623 (was 34.5742)
t=16246ms iter=71 incumb=34.5742 ratchet=35.2519 best=34.5345 since_improve=38
t=16263ms iter=72 WAIST cost=34.0000 best_alt=22.0000 gap=12.0000 tried=5 sep_labels=22 clique_frac=0.00
t=16401ms iter=72 REBUILD reject new_tc=35.3484 (was 34.5742)
t=16467ms iter=72 incumb=34.5742 ratchet=35.1720 best=34.5345 since_improve=39
t=16482ms iter=73 WAIST cost=34.0000 best_alt=22.0000 gap=12.0000 tried=5 sep_labels=22 clique_frac=0.00
t=16621ms iter=73 REBUILD reject new_tc=35.5825 (was 34.5742)
t=16685ms iter=73 incumb=34.5742 ratchet=34.8421 best=34.5345 since_improve=40
t=16702ms iter=74 WAIST cost=34.0000 best_alt=22.0000 gap=12.0000 tried=5 sep_labels=22 clique_frac=0.00
t=16841ms iter=74 REBUILD reject new_tc=35.4991 (was 34.5742)
t=16906ms iter=74 incumb=34.5742 ratchet=35.2889 best=34.5345 since_improve=41
t=16920ms iter=75 WAIST cost=34.0000 best_alt=22.0000 gap=12.0000 tried=5 sep_labels=22 clique_frac=0.00
t=17058ms iter=75 REBUILD reject new_tc=35.5747 (was 34.5742)
t=17123ms iter=75 incumb=34.5742 ratchet=35.0200 best=34.5345 since_improve=42
t=17140ms iter=76 WAIST cost=34.0000 best_alt=22.0000 gap=12.0000 tried=5 sep_labels=22 clique_frac=0.00
t=17278ms iter=76 REBUILD reject new_tc=35.3926 (was 34.5742)
t=17343ms iter=76 incumb=34.5742 ratchet=35.0554 best=34.5345 since_improve=43
t=17359ms iter=77 WAIST cost=34.0000 best_alt=22.0000 gap=12.0000 tried=5 sep_labels=22 clique_frac=0.00
t=17496ms iter=77 REBUILD reject new_tc=35.5642 (was 34.5742)
t=17565ms iter=77 incumb=34.5742 ratchet=43.1600 best=34.5345 since_improve=44
t=17582ms iter=78 WAIST cost=34.0000 best_alt=22.0000 gap=12.0000 tried=5 sep_labels=22 clique_frac=0.00
t=17720ms iter=78 REBUILD reject new_tc=35.4914 (was 34.5742)
t=17785ms iter=78 incumb=34.5742 ratchet=35.2526 best=34.5345 since_improve=45
t=17802ms iter=79 WAIST cost=34.0000 best_alt=22.0000 gap=12.0000 tried=5 sep_labels=22 clique_frac=0.00
t=17938ms iter=79 REBUILD reject new_tc=35.3818 (was 34.5742)
t=18003ms iter=79 incumb=34.5742 ratchet=35.0319 best=34.5345 since_improve=46
t=18020ms iter=80 WAIST cost=34.0000 best_alt=22.0000 gap=12.0000 tried=5 sep_labels=22 clique_frac=0.00
t=18160ms iter=80 REBUILD reject new_tc=35.3765 (was 34.5742)
t=18225ms iter=80 incumb=34.5742 ratchet=35.2860 best=34.5345 since_improve=47
t=18242ms iter=81 WAIST cost=34.0000 best_alt=22.0000 gap=12.0000 tried=5 sep_labels=22 clique_frac=0.00
t=18379ms iter=81 REBUILD reject new_tc=35.3235 (was 34.5742)
t=18450ms iter=81 incumb=34.5742 ratchet=45.5219 best=34.5345 since_improve=48
t=18468ms iter=82 WAIST cost=34.0000 best_alt=22.0000 gap=12.0000 tried=5 sep_labels=22 clique_frac=0.00
t=18607ms iter=82 REBUILD reject new_tc=35.7213 (was 34.5742)
t=18673ms iter=82 incumb=34.5742 ratchet=35.1065 best=34.5345 since_improve=49
t=18689ms iter=83 WAIST cost=34.0000 best_alt=22.0000 gap=12.0000 tried=5 sep_labels=22 clique_frac=0.00
t=18829ms iter=83 REBUILD reject new_tc=35.5235 (was 34.5742)
t=18895ms iter=83 incumb=34.5742 ratchet=35.9494 best=34.5345 since_improve=50
t=18910ms iter=84 WAIST cost=34.0000 best_alt=22.0000 gap=12.0000 tried=5 sep_labels=22 clique_frac=0.00
t=19050ms iter=84 REBUILD reject new_tc=35.5819 (was 34.5742)
t=19116ms iter=84 incumb=34.5742 ratchet=35.1932 best=34.5345 since_improve=51
t=19132ms iter=85 WAIST cost=34.0000 best_alt=22.0000 gap=12.0000 tried=5 sep_labels=22 clique_frac=0.00
t=19270ms iter=85 REBUILD reject new_tc=35.4209 (was 34.5742)
t=19335ms iter=85 incumb=34.5742 ratchet=34.8023 best=34.5345 since_improve=52
t=19352ms iter=86 WAIST cost=34.0000 best_alt=22.0000 gap=12.0000 tried=5 sep_labels=22 clique_frac=0.00
t=19490ms iter=86 REBUILD reject new_tc=35.5518 (was 34.5742)
t=19555ms iter=86 incumb=34.5742 ratchet=35.0769 best=34.5345 since_improve=53
t=19571ms iter=87 WAIST cost=34.0000 best_alt=22.0000 gap=12.0000 tried=5 sep_labels=22 clique_frac=0.00
t=19710ms iter=87 REBUILD reject new_tc=35.5091 (was 34.5742)
t=19775ms iter=87 incumb=34.5742 ratchet=35.0279 best=34.5345 since_improve=54
t=19792ms iter=88 WAIST cost=34.0000 best_alt=22.0000 gap=12.0000 tried=5 sep_labels=22 clique_frac=0.00
t=19930ms iter=88 REBUILD reject new_tc=35.6141 (was 34.5742)
t=19995ms iter=88 incumb=34.5742 ratchet=35.2084 best=34.5345 since_improve=55
t=20012ms iter=89 WAIST cost=34.0000 best_alt=22.0000 gap=12.0000 tried=5 sep_labels=22 clique_frac=0.00
t=20151ms iter=89 REBUILD reject new_tc=35.6212 (was 34.5742)
t=20217ms iter=89 incumb=34.5742 ratchet=35.2134 best=34.5345 since_improve=56
t=20232ms iter=90 WAIST cost=34.0000 best_alt=22.0000 gap=12.0000 tried=5 sep_labels=22 clique_frac=0.00
t=20372ms iter=90 REBUILD reject new_tc=35.3707 (was 34.5742)
t=20436ms iter=90 incumb=34.5742 ratchet=35.5125 best=34.5345 since_improve=57
t=20455ms iter=91 WAIST cost=34.0000 best_alt=22.0000 gap=12.0000 tried=5 sep_labels=22 clique_frac=0.00
t=20592ms iter=91 REBUILD reject new_tc=35.3676 (was 34.5742)
t=20658ms iter=91 incumb=34.5742 ratchet=35.0080 best=34.5345 since_improve=58
t=20674ms iter=92 WAIST cost=34.0000 best_alt=22.0000 gap=12.0000 tried=5 sep_labels=22 clique_frac=0.00
t=20813ms iter=92 REBUILD reject new_tc=35.6395 (was 34.5742)
t=20878ms iter=92 incumb=34.5742 ratchet=35.2042 best=34.5345 since_improve=59
t=20895ms iter=93 WAIST cost=34.0000 best_alt=22.0000 gap=12.0000 tried=5 sep_labels=22 clique_frac=0.00
t=21033ms iter=93 REBUILD reject new_tc=35.6129 (was 34.5742)
t=21099ms iter=93 incumb=34.5742 ratchet=35.2214 best=34.5345 since_improve=60
t=21116ms iter=94 WAIST cost=34.0000 best_alt=22.0000 gap=12.0000 tried=5 sep_labels=22 clique_frac=0.00
t=21253ms iter=94 REBUILD reject new_tc=35.6015 (was 34.5742)
t=21319ms iter=94 incumb=34.5742 ratchet=35.4571 best=34.5345 since_improve=61
t=21333ms iter=95 WAIST cost=34.0000 best_alt=22.0000 gap=12.0000 tried=5 sep_labels=22 clique_frac=0.00
t=21472ms iter=95 REBUILD reject new_tc=35.5343 (was 34.5742)
t=21537ms iter=95 incumb=34.5742 ratchet=35.1472 best=34.5345 since_improve=62
t=21553ms iter=96 WAIST cost=34.0000 best_alt=22.0000 gap=12.0000 tried=5 sep_labels=22 clique_frac=0.00
t=21692ms iter=96 REBUILD reject new_tc=35.5289 (was 34.5742)
t=21757ms iter=96 incumb=34.5742 ratchet=35.3834 best=34.5345 since_improve=63
t=21774ms iter=97 WAIST cost=34.0000 best_alt=22.0000 gap=12.0000 tried=5 sep_labels=22 clique_frac=0.00
t=21912ms iter=97 REBUILD reject new_tc=35.4776 (was 34.5742)
t=21977ms iter=97 incumb=34.5742 ratchet=35.0826 best=34.5345 since_improve=64
t=21994ms iter=98 WAIST cost=34.0000 best_alt=22.0000 gap=12.0000 tried=5 sep_labels=22 clique_frac=0.00
t=22133ms iter=98 REBUILD reject new_tc=35.5846 (was 34.5742)
t=22199ms iter=98 incumb=34.5742 ratchet=35.1910 best=34.5345 since_improve=65
t=22216ms iter=99 WAIST cost=34.0000 best_alt=22.0000 gap=12.0000 tried=5 sep_labels=22 clique_frac=0.00
t=22354ms iter=99 REBUILD reject new_tc=35.5907 (was 34.5742)
t=22420ms iter=99 incumb=34.5742 ratchet=35.1073 best=34.5345 since_improve=66
t=22434ms iter=100 WAIST cost=34.0000 best_alt=22.0000 gap=12.0000 tried=5 sep_labels=22 clique_frac=0.00
t=22571ms iter=100 REBUILD reject new_tc=35.6360 (was 34.5742)
t=22636ms iter=100 incumb=34.5742 ratchet=35.2738 best=34.5345 since_improve=67
t=22653ms iter=101 WAIST cost=34.0000 best_alt=22.0000 gap=12.0000 tried=5 sep_labels=22 clique_frac=0.00
t=22794ms iter=101 REBUILD reject new_tc=35.6722 (was 34.5742)
t=22860ms iter=101 incumb=34.5742 ratchet=35.3436 best=34.5345 since_improve=68
t=22875ms iter=102 WAIST cost=34.0000 best_alt=22.0000 gap=12.0000 tried=5 sep_labels=22 clique_frac=0.00
t=23014ms iter=102 REBUILD reject new_tc=34.9648 (was 34.5742)
t=23079ms iter=102 incumb=34.5742 ratchet=34.9470 best=34.5345 since_improve=69
t=23094ms iter=103 WAIST cost=34.0000 best_alt=22.0000 gap=12.0000 tried=5 sep_labels=22 clique_frac=0.00
t=23233ms iter=103 REBUILD reject new_tc=35.6318 (was 34.5742)
t=23300ms iter=103 incumb=34.5742 ratchet=35.2764 best=34.5345 since_improve=70
t=23314ms iter=104 WAIST cost=34.0000 best_alt=22.0000 gap=12.0000 tried=5 sep_labels=22 clique_frac=0.00
t=23453ms iter=104 REBUILD reject new_tc=35.5100 (was 34.5742)
t=23518ms iter=104 incumb=34.5742 ratchet=34.9256 best=34.5345 since_improve=71
t=23534ms iter=105 WAIST cost=34.0000 best_alt=22.0000 gap=12.0000 tried=5 sep_labels=22 clique_frac=0.00
t=23672ms iter=105 REBUILD reject new_tc=35.3336 (was 34.5742)
t=23737ms iter=105 incumb=34.5742 ratchet=35.2050 best=34.5345 since_improve=72
t=23753ms iter=106 WAIST cost=34.0000 best_alt=22.0000 gap=12.0000 tried=5 sep_labels=22 clique_frac=0.00
t=23891ms iter=106 REBUILD reject new_tc=35.4015 (was 34.5742)
t=23957ms iter=106 incumb=34.5742 ratchet=35.4486 best=34.5345 since_improve=73
t=23974ms iter=107 WAIST cost=34.0000 best_alt=22.0000 gap=12.0000 tried=5 sep_labels=22 clique_frac=0.00
t=24112ms iter=107 REBUILD reject new_tc=35.5452 (was 34.5742)
t=24177ms iter=107 incumb=34.5742 ratchet=35.0129 best=34.5345 since_improve=74
t=24194ms iter=108 WAIST cost=34.0000 best_alt=22.0000 gap=12.0000 tried=5 sep_labels=22 clique_frac=0.00
t=24332ms iter=108 REBUILD reject new_tc=35.5292 (was 34.5742)
t=24397ms iter=108 incumb=34.5742 ratchet=35.0061 best=34.5345 since_improve=75
t=24413ms iter=109 WAIST cost=34.0000 best_alt=22.0000 gap=12.0000 tried=5 sep_labels=22 clique_frac=0.00
t=24552ms iter=109 REBUILD reject new_tc=35.4954 (was 34.5742)
t=24618ms iter=109 incumb=34.5742 ratchet=35.2604 best=34.5345 since_improve=76
t=24632ms iter=110 WAIST cost=34.0000 best_alt=22.0000 gap=12.0000 tried=5 sep_labels=22 clique_frac=0.00
t=24770ms iter=110 REBUILD reject new_tc=35.6005 (was 34.5742)
t=24837ms iter=110 incumb=34.5742 ratchet=35.5748 best=34.5345 since_improve=77
t=24854ms iter=111 WAIST cost=34.0000 best_alt=22.0000 gap=12.0000 tried=5 sep_labels=22 clique_frac=0.00
t=24991ms iter=111 REBUILD reject new_tc=35.3624 (was 34.5742)
t=25057ms iter=111 incumb=34.5742 ratchet=35.3558 best=34.5345 since_improve=78
t=25074ms iter=112 WAIST cost=34.0000 best_alt=22.0000 gap=12.0000 tried=5 sep_labels=22 clique_frac=0.00
t=25211ms iter=112 REBUILD reject new_tc=34.9397 (was 34.5742)
t=25277ms iter=112 incumb=34.5742 ratchet=35.1254 best=34.5345 since_improve=79
t=25292ms iter=113 WAIST cost=34.0000 best_alt=22.0000 gap=12.0000 tried=5 sep_labels=22 clique_frac=0.00
t=25429ms iter=113 REBUILD reject new_tc=35.2928 (was 34.5742)
t=25495ms iter=113 incumb=34.5742 ratchet=35.2295 best=34.5345 since_improve=80
t=25511ms iter=114 WAIST cost=34.0000 best_alt=22.0000 gap=12.0000 tried=5 sep_labels=22 clique_frac=0.00
t=25650ms iter=114 REBUILD reject new_tc=35.7083 (was 34.5742)
t=25716ms iter=114 incumb=34.5742 ratchet=34.8432 best=34.5345 since_improve=81
t=25731ms iter=115 WAIST cost=34.0000 best_alt=22.0000 gap=12.0000 tried=5 sep_labels=22 clique_frac=0.00
t=25868ms iter=115 REBUILD reject new_tc=35.3143 (was 34.5742)
t=25935ms iter=115 incumb=34.5742 ratchet=36.7782 best=34.5345 since_improve=82
t=25951ms iter=116 WAIST cost=34.0000 best_alt=22.0000 gap=12.0000 tried=5 sep_labels=22 clique_frac=0.00
t=26088ms iter=116 REBUILD reject new_tc=35.3864 (was 34.5742)
t=26155ms iter=116 incumb=34.5742 ratchet=35.1104 best=34.5345 since_improve=83
t=26173ms iter=117 WAIST cost=34.0000 best_alt=22.0000 gap=12.0000 tried=5 sep_labels=22 clique_frac=0.00
t=26313ms iter=117 REBUILD reject new_tc=35.5175 (was 34.5742)
t=26378ms iter=117 incumb=34.5742 ratchet=35.0762 best=34.5345 since_improve=84
t=26394ms iter=118 WAIST cost=34.0000 best_alt=22.0000 gap=12.0000 tried=5 sep_labels=22 clique_frac=0.00
t=26532ms iter=118 REBUILD reject new_tc=35.3650 (was 34.5742)
t=26598ms iter=118 incumb=34.5742 ratchet=35.1046 best=34.5345 since_improve=85
t=26615ms iter=119 WAIST cost=34.0000 best_alt=22.0000 gap=12.0000 tried=5 sep_labels=22 clique_frac=0.00
t=26754ms iter=119 REBUILD reject new_tc=35.6277 (was 34.5742)
t=26819ms iter=119 incumb=34.5742 ratchet=35.1752 best=34.5345 since_improve=86
t=26835ms iter=120 WAIST cost=34.0000 best_alt=22.0000 gap=12.0000 tried=5 sep_labels=22 clique_frac=0.00
t=26974ms iter=120 REBUILD reject new_tc=34.7880 (was 34.5742)
t=27039ms iter=120 incumb=34.5742 ratchet=35.1144 best=34.5345 since_improve=87
t=27056ms iter=121 WAIST cost=34.0000 best_alt=22.0000 gap=12.0000 tried=5 sep_labels=22 clique_frac=0.00
t=27194ms iter=121 REBUILD reject new_tc=35.5767 (was 34.5742)
t=27260ms iter=121 incumb=34.5742 ratchet=35.0678 best=34.5345 since_improve=88
t=27274ms iter=122 WAIST cost=34.0000 best_alt=22.0000 gap=12.0000 tried=5 sep_labels=22 clique_frac=0.00
t=27411ms iter=122 REBUILD reject new_tc=35.3525 (was 34.5742)
t=27477ms iter=122 incumb=34.5742 ratchet=35.3009 best=34.5345 since_improve=89
t=27491ms iter=123 WAIST cost=34.0000 best_alt=22.0000 gap=12.0000 tried=5 sep_labels=22 clique_frac=0.00
t=27628ms iter=123 REBUILD reject new_tc=35.4789 (was 34.5742)
t=27694ms iter=123 incumb=34.5742 ratchet=35.2327 best=34.5345 since_improve=90
t=27710ms iter=124 WAIST cost=34.0000 best_alt=22.0000 gap=12.0000 tried=5 sep_labels=22 clique_frac=0.00
t=27849ms iter=124 REBUILD reject new_tc=35.3435 (was 34.5742)
t=27914ms iter=124 incumb=34.5742 ratchet=35.0056 best=34.5345 since_improve=91
t=27930ms iter=125 WAIST cost=34.0000 best_alt=22.0000 gap=12.0000 tried=5 sep_labels=22 clique_frac=0.00
t=28068ms iter=125 REBUILD reject new_tc=35.3950 (was 34.5742)
t=28134ms iter=125 incumb=34.5742 ratchet=35.0396 best=34.5345 since_improve=92
t=28150ms iter=126 WAIST cost=34.0000 best_alt=22.0000 gap=12.0000 tried=5 sep_labels=22 clique_frac=0.00
t=28290ms iter=126 REBUILD reject new_tc=35.5068 (was 34.5742)
t=28355ms iter=126 incumb=34.5742 ratchet=35.1636 best=34.5345 since_improve=93
t=28368ms iter=127 WAIST cost=34.0000 best_alt=22.0000 gap=12.0000 tried=5 sep_labels=22 clique_frac=0.00
t=28506ms iter=127 REBUILD reject new_tc=35.4281 (was 34.5742)
t=28571ms iter=127 incumb=34.5742 ratchet=34.9968 best=34.5345 since_improve=94
t=28590ms iter=128 WAIST cost=34.0000 best_alt=22.0000 gap=12.0000 tried=5 sep_labels=22 clique_frac=0.00
t=28729ms iter=128 REBUILD reject new_tc=35.4687 (was 34.5742)
t=28794ms iter=128 incumb=34.5742 ratchet=34.8734 best=34.5345 since_improve=95
t=28809ms iter=129 WAIST cost=34.0000 best_alt=22.0000 gap=12.0000 tried=5 sep_labels=22 clique_frac=0.00
t=28948ms iter=129 REBUILD reject new_tc=35.4953 (was 34.5742)
t=29013ms iter=129 incumb=34.5742 ratchet=35.2488 best=34.5345 since_improve=96
t=29031ms iter=130 WAIST cost=34.0000 best_alt=22.0000 gap=12.0000 tried=5 sep_labels=22 clique_frac=0.00
t=29170ms iter=130 REBUILD reject new_tc=35.4971 (was 34.5742)
t=29235ms iter=130 incumb=34.5742 ratchet=35.6501 best=34.5345 since_improve=97
t=29252ms iter=131 WAIST cost=34.0000 best_alt=22.0000 gap=12.0000 tried=5 sep_labels=22 clique_frac=0.00
t=29390ms iter=131 REBUILD reject new_tc=35.4041 (was 34.5742)
t=29457ms iter=131 incumb=34.5742 ratchet=40.3117 best=34.5345 since_improve=98
t=29474ms iter=132 WAIST cost=34.0000 best_alt=22.0000 gap=12.0000 tried=5 sep_labels=22 clique_frac=0.00
t=29612ms iter=132 REBUILD reject new_tc=35.4783 (was 34.5742)
t=29678ms iter=132 incumb=34.5742 ratchet=34.9747 best=34.5345 since_improve=99
t=29691ms iter=133 WAIST cost=34.0000 best_alt=22.0000 gap=12.0000 tried=5 sep_labels=22 clique_frac=0.00
t=29830ms iter=133 REBUILD reject new_tc=35.3097 (was 34.5742)
t=29895ms iter=133 incumb=34.5742 ratchet=35.4003 best=34.5345 since_improve=100
t=29911ms iter=134 WAIST cost=34.0000 best_alt=22.0000 gap=12.0000 tried=5 sep_labels=22 clique_frac=0.00
t=30049ms iter=134 REBUILD reject new_tc=35.5534 (was 34.5742)
t=30113ms iter=134 incumb=34.5742 ratchet=35.4185 best=34.5345 since_improve=101
t=30132ms iter=135 WAIST cost=34.0000 best_alt=22.0000 gap=12.0000 tried=5 sep_labels=22 clique_frac=0.00
t=30271ms iter=135 REBUILD reject new_tc=35.5850 (was 34.5742)
t=30336ms iter=135 incumb=34.5742 ratchet=35.2286 best=34.5345 since_improve=102
t=30351ms iter=136 WAIST cost=34.0000 best_alt=22.0000 gap=12.0000 tried=5 sep_labels=22 clique_frac=0.00
t=30489ms iter=136 REBUILD reject new_tc=34.6880 (was 34.5742)
t=30554ms iter=136 incumb=34.5742 ratchet=35.1911 best=34.5345 since_improve=103
t=30571ms iter=137 WAIST cost=34.0000 best_alt=22.0000 gap=12.0000 tried=5 sep_labels=22 clique_frac=0.00
t=30710ms iter=137 REBUILD reject new_tc=35.4336 (was 34.5742)
t=30775ms iter=137 incumb=34.5742 ratchet=35.1005 best=34.5345 since_improve=104
t=30790ms iter=138 WAIST cost=34.0000 best_alt=22.0000 gap=12.0000 tried=5 sep_labels=22 clique_frac=0.00
t=30928ms iter=138 REBUILD reject new_tc=35.4520 (was 34.5742)
t=30994ms iter=138 incumb=34.5742 ratchet=35.6099 best=34.5345 since_improve=105
t=31009ms iter=139 WAIST cost=34.0000 best_alt=22.0000 gap=12.0000 tried=5 sep_labels=22 clique_frac=0.00
t=31148ms iter=139 REBUILD reject new_tc=35.5000 (was 34.5742)
t=31213ms iter=139 incumb=34.5742 ratchet=35.2348 best=34.5345 since_improve=106
t=31230ms iter=140 WAIST cost=34.0000 best_alt=22.0000 gap=12.0000 tried=5 sep_labels=22 clique_frac=0.00
t=31368ms iter=140 REBUILD reject new_tc=35.4887 (was 34.5742)
t=31432ms iter=140 incumb=34.5742 ratchet=35.0631 best=34.5345 since_improve=107
t=31448ms iter=141 WAIST cost=34.0000 best_alt=22.0000 gap=12.0000 tried=5 sep_labels=22 clique_frac=0.00
t=31587ms iter=141 REBUILD reject new_tc=34.9851 (was 34.5742)
t=31652ms iter=141 incumb=34.5742 ratchet=35.1591 best=34.5345 since_improve=108
t=31669ms iter=142 WAIST cost=34.0000 best_alt=22.0000 gap=12.0000 tried=5 sep_labels=22 clique_frac=0.00
t=31809ms iter=142 REBUILD reject new_tc=35.5736 (was 34.5742)
t=31876ms iter=142 incumb=34.5742 ratchet=36.9623 best=34.5345 since_improve=109
t=31893ms iter=143 WAIST cost=34.0000 best_alt=22.0000 gap=12.0000 tried=5 sep_labels=22 clique_frac=0.00
t=32031ms iter=143 REBUILD reject new_tc=35.2148 (was 34.5742)
t=32097ms iter=143 incumb=34.5742 ratchet=34.9794 best=34.5345 since_improve=110
t=32112ms iter=144 WAIST cost=34.0000 best_alt=22.0000 gap=12.0000 tried=5 sep_labels=22 clique_frac=0.00
t=32249ms iter=144 REBUILD reject new_tc=35.2216 (was 34.5742)
t=32314ms iter=144 incumb=34.5742 ratchet=35.2157 best=34.5345 since_improve=111
t=32330ms iter=145 WAIST cost=34.0000 best_alt=22.0000 gap=12.0000 tried=5 sep_labels=22 clique_frac=0.00
t=32468ms iter=145 REBUILD reject new_tc=35.4708 (was 34.5742)
t=32533ms iter=145 incumb=34.5742 ratchet=34.8952 best=34.5345 since_improve=112
t=32550ms iter=146 WAIST cost=34.0000 best_alt=22.0000 gap=12.0000 tried=5 sep_labels=22 clique_frac=0.00
t=32689ms iter=146 REBUILD reject new_tc=35.6075 (was 34.5742)
t=32754ms iter=146 incumb=34.5742 ratchet=35.4208 best=34.5345 since_improve=113
t=32766ms iter=147 WAIST cost=34.0000 best_alt=22.0000 gap=12.0000 tried=5 sep_labels=22 clique_frac=0.00
t=32905ms iter=147 REBUILD reject new_tc=35.3252 (was 34.5742)
t=32970ms iter=147 incumb=34.5742 ratchet=35.6093 best=34.5345 since_improve=114
t=32984ms iter=148 WAIST cost=34.0000 best_alt=22.0000 gap=12.0000 tried=5 sep_labels=22 clique_frac=0.00
t=33123ms iter=148 REBUILD reject new_tc=35.6602 (was 34.5742)
t=33187ms iter=148 incumb=34.5742 ratchet=35.3217 best=34.5345 since_improve=115
t=33204ms iter=149 WAIST cost=34.0000 best_alt=22.0000 gap=12.0000 tried=5 sep_labels=22 clique_frac=0.00
t=33363ms iter=149 REBUILD reject new_tc=35.4846 (was 34.5742)
t=33458ms iter=149 incumb=34.5742 ratchet=35.1392 best=34.5345 since_improve=116
t=33473ms iter=150 WAIST cost=34.0000 best_alt=22.0000 gap=12.0000 tried=5 sep_labels=22 clique_frac=0.00
t=33622ms iter=150 REBUILD reject new_tc=35.5260 (was 34.5742)
t=33688ms iter=150 incumb=34.5742 ratchet=35.1351 best=34.5345 since_improve=117
t=33703ms iter=151 WAIST cost=34.0000 best_alt=22.0000 gap=12.0000 tried=5 sep_labels=22 clique_frac=0.00
t=33841ms iter=151 REBUILD reject new_tc=35.5487 (was 34.5742)
t=33906ms iter=151 incumb=34.5742 ratchet=35.3237 best=34.5345 since_improve=118
t=33920ms iter=152 WAIST cost=34.0000 best_alt=22.0000 gap=12.0000 tried=5 sep_labels=22 clique_frac=0.00
t=34059ms iter=152 REBUILD reject new_tc=35.2925 (was 34.5742)
t=34125ms iter=152 incumb=34.5742 ratchet=35.8021 best=34.5345 since_improve=119
t=34140ms iter=153 WAIST cost=34.0000 best_alt=22.0000 gap=12.0000 tried=5 sep_labels=22 clique_frac=0.00
t=34278ms iter=153 REBUILD reject new_tc=35.5654 (was 34.5742)
t=34343ms iter=153 incumb=34.5742 ratchet=35.1955 best=34.5345 since_improve=120
t=34359ms iter=154 WAIST cost=34.0000 best_alt=22.0000 gap=12.0000 tried=5 sep_labels=22 clique_frac=0.00
t=34497ms iter=154 REBUILD reject new_tc=35.4896 (was 34.5742)
t=34603ms iter=154 incumb=34.5742 ratchet=35.0676 best=34.5345 since_improve=121
t=34622ms iter=155 WAIST cost=34.0000 best_alt=22.0000 gap=12.0000 tried=5 sep_labels=22 clique_frac=0.00
t=34762ms iter=155 REBUILD reject new_tc=35.5662 (was 34.5742)
t=34827ms iter=155 incumb=34.5742 ratchet=35.6293 best=34.5345 since_improve=122
t=34845ms iter=156 WAIST cost=34.0000 best_alt=22.0000 gap=12.0000 tried=5 sep_labels=22 clique_frac=0.00
t=34984ms iter=156 REBUILD reject new_tc=35.4511 (was 34.5742)
t=35049ms iter=156 incumb=34.5742 ratchet=35.2208 best=34.5345 since_improve=123
t=35063ms iter=157 WAIST cost=34.0000 best_alt=22.0000 gap=12.0000 tried=5 sep_labels=22 clique_frac=0.00
t=35239ms iter=157 REBUILD reject new_tc=35.4224 (was 34.5742)
t=35304ms iter=157 incumb=34.5742 ratchet=35.4448 best=34.5345 since_improve=124
t=35318ms iter=158 WAIST cost=34.0000 best_alt=22.0000 gap=12.0000 tried=5 sep_labels=22 clique_frac=0.00
t=35457ms iter=158 REBUILD reject new_tc=35.4540 (was 34.5742)
t=35521ms iter=158 incumb=34.5742 ratchet=34.9792 best=34.5345 since_improve=125
t=35538ms iter=159 WAIST cost=34.0000 best_alt=22.0000 gap=12.0000 tried=5 sep_labels=22 clique_frac=0.00
t=35677ms iter=159 REBUILD reject new_tc=35.3931 (was 34.5742)
t=35742ms iter=159 incumb=34.5742 ratchet=35.0749 best=34.5345 since_improve=126
t=35759ms iter=160 WAIST cost=34.0000 best_alt=22.0000 gap=12.0000 tried=5 sep_labels=22 clique_frac=0.00
t=35898ms iter=160 REBUILD reject new_tc=35.5998 (was 34.5742)
t=35964ms iter=160 incumb=34.5742 ratchet=35.5229 best=34.5345 since_improve=127
t=35977ms iter=161 WAIST cost=34.0000 best_alt=22.0000 gap=12.0000 tried=5 sep_labels=22 clique_frac=0.00
t=36117ms iter=161 REBUILD reject new_tc=35.7416 (was 34.5742)
t=36182ms iter=161 incumb=34.5742 ratchet=35.4666 best=34.5345 since_improve=128
t=36199ms iter=162 WAIST cost=34.0000 best_alt=22.0000 gap=12.0000 tried=5 sep_labels=22 clique_frac=0.00
t=36338ms iter=162 REBUILD reject new_tc=35.5279 (was 34.5742)
t=36403ms iter=162 incumb=34.5742 ratchet=35.2547 best=34.5345 since_improve=129
t=36419ms iter=163 WAIST cost=34.0000 best_alt=22.0000 gap=12.0000 tried=5 sep_labels=22 clique_frac=0.00
t=36559ms iter=163 REBUILD reject new_tc=35.5836 (was 34.5742)
t=36624ms iter=163 incumb=34.5742 ratchet=35.2429 best=34.5345 since_improve=130
t=36641ms iter=164 WAIST cost=34.0000 best_alt=22.0000 gap=12.0000 tried=5 sep_labels=22 clique_frac=0.00
t=36780ms iter=164 REBUILD reject new_tc=35.4820 (was 34.5742)
t=36844ms iter=164 incumb=34.5742 ratchet=34.9753 best=34.5345 since_improve=131
t=36861ms iter=165 WAIST cost=34.0000 best_alt=22.0000 gap=12.0000 tried=5 sep_labels=22 clique_frac=0.00
t=37001ms iter=165 REBUILD reject new_tc=35.5746 (was 34.5742)
t=37066ms iter=165 incumb=34.5742 ratchet=35.7631 best=34.5345 since_improve=132
t=37082ms iter=166 WAIST cost=34.0000 best_alt=22.0000 gap=12.0000 tried=5 sep_labels=22 clique_frac=0.00
t=37220ms iter=166 REBUILD reject new_tc=35.4536 (was 34.5742)
t=37286ms iter=166 incumb=34.5742 ratchet=35.9283 best=34.5345 since_improve=133
t=37303ms iter=167 WAIST cost=34.0000 best_alt=22.0000 gap=12.0000 tried=5 sep_labels=22 clique_frac=0.00
t=37442ms iter=167 REBUILD reject new_tc=35.4591 (was 34.5742)
t=37507ms iter=167 incumb=34.5742 ratchet=35.4297 best=34.5345 since_improve=134
t=37523ms iter=168 WAIST cost=34.0000 best_alt=22.0000 gap=12.0000 tried=5 sep_labels=22 clique_frac=0.00
t=37664ms iter=168 REBUILD reject new_tc=35.6353 (was 34.5742)
t=37729ms iter=168 incumb=34.5742 ratchet=35.0770 best=34.5345 since_improve=135
t=37746ms iter=169 WAIST cost=34.0000 best_alt=22.0000 gap=12.0000 tried=5 sep_labels=22 clique_frac=0.00
t=37885ms iter=169 REBUILD reject new_tc=34.8988 (was 34.5742)
t=37950ms iter=169 incumb=34.5742 ratchet=35.3147 best=34.5345 since_improve=136
t=37965ms iter=170 WAIST cost=34.0000 best_alt=22.0000 gap=12.0000 tried=5 sep_labels=22 clique_frac=0.00
t=38103ms iter=170 REBUILD reject new_tc=35.2652 (was 34.5742)
t=38168ms iter=170 incumb=34.5742 ratchet=35.3712 best=34.5345 since_improve=137
t=38185ms iter=171 WAIST cost=34.0000 best_alt=22.0000 gap=12.0000 tried=5 sep_labels=22 clique_frac=0.00
t=38324ms iter=171 REBUILD reject new_tc=35.2367 (was 34.5742)
t=38389ms iter=171 incumb=34.5742 ratchet=35.3027 best=34.5345 since_improve=138
t=38406ms iter=172 WAIST cost=34.0000 best_alt=22.0000 gap=12.0000 tried=5 sep_labels=22 clique_frac=0.00
t=38545ms iter=172 REBUILD reject new_tc=35.4709 (was 34.5742)
t=38611ms iter=172 incumb=34.5742 ratchet=35.2792 best=34.5345 since_improve=139
t=38626ms iter=173 WAIST cost=34.0000 best_alt=22.0000 gap=12.0000 tried=5 sep_labels=22 clique_frac=0.00
t=38766ms iter=173 REBUILD reject new_tc=35.5742 (was 34.5742)
t=38832ms iter=173 incumb=34.5742 ratchet=35.6775 best=34.5345 since_improve=140
t=38847ms iter=174 WAIST cost=34.0000 best_alt=22.0000 gap=12.0000 tried=5 sep_labels=22 clique_frac=0.00
t=38987ms iter=174 REBUILD reject new_tc=35.4602 (was 34.5742)
t=39052ms iter=174 incumb=34.5742 ratchet=35.1508 best=34.5345 since_improve=141
t=39070ms iter=175 WAIST cost=34.0000 best_alt=22.0000 gap=12.0000 tried=5 sep_labels=22 clique_frac=0.00
t=39208ms iter=175 REBUILD reject new_tc=35.4855 (was 34.5742)
t=39274ms iter=175 incumb=34.5742 ratchet=35.1806 best=34.5345 since_improve=142
t=39289ms iter=176 WAIST cost=34.0000 best_alt=22.0000 gap=12.0000 tried=5 sep_labels=22 clique_frac=0.00
t=39428ms iter=176 REBUILD reject new_tc=35.4310 (was 34.5742)
t=39495ms iter=176 incumb=34.5742 ratchet=37.0136 best=34.5345 since_improve=143
t=39507ms iter=177 WAIST cost=34.0000 best_alt=22.0000 gap=12.0000 tried=5 sep_labels=22 clique_frac=0.00
t=39646ms iter=177 REBUILD reject new_tc=35.4312 (was 34.5742)
t=39711ms iter=177 incumb=34.5742 ratchet=35.1471 best=34.5345 since_improve=144
t=39728ms iter=178 WAIST cost=34.0000 best_alt=22.0000 gap=12.0000 tried=5 sep_labels=22 clique_frac=0.00
t=39867ms iter=178 REBUILD reject new_tc=35.6162 (was 34.5742)
t=39932ms iter=178 incumb=34.5742 ratchet=35.2082 best=34.5345 since_improve=145
t=39952ms iter=179 WAIST cost=34.0000 best_alt=22.0000 gap=12.0000 tried=5 sep_labels=22 clique_frac=0.00
t=40091ms iter=179 REBUILD reject new_tc=35.5602 (was 34.5742)
t=40157ms iter=179 incumb=34.5742 ratchet=35.2860 best=34.5345 since_improve=146
t=40171ms iter=180 WAIST cost=34.0000 best_alt=22.0000 gap=12.0000 tried=5 sep_labels=22 clique_frac=0.00
t=40310ms iter=180 REBUILD reject new_tc=35.4854 (was 34.5742)
t=40375ms iter=180 incumb=34.5742 ratchet=34.9316 best=34.5345 since_improve=147
t=40390ms iter=181 WAIST cost=34.0000 best_alt=22.0000 gap=12.0000 tried=5 sep_labels=22 clique_frac=0.00
t=40528ms iter=181 REBUILD reject new_tc=35.3608 (was 34.5742)
t=40593ms iter=181 incumb=34.5742 ratchet=35.2145 best=34.5345 since_improve=148
t=40609ms iter=182 WAIST cost=34.0000 best_alt=22.0000 gap=12.0000 tried=5 sep_labels=22 clique_frac=0.00
t=40748ms iter=182 REBUILD reject new_tc=35.4542 (was 34.5742)
t=40813ms iter=182 incumb=34.5742 ratchet=35.4891 best=34.5345 since_improve=149
t=40828ms iter=183 WAIST cost=34.0000 best_alt=22.0000 gap=12.0000 tried=5 sep_labels=22 clique_frac=0.00
t=40966ms iter=183 REBUILD reject new_tc=35.5044 (was 34.5742)
t=41031ms iter=183 incumb=34.5742 ratchet=34.9325 best=34.5345 since_improve=150
t=41048ms iter=184 WAIST cost=34.0000 best_alt=22.0000 gap=12.0000 tried=5 sep_labels=22 clique_frac=0.00
t=41186ms iter=184 REBUILD reject new_tc=35.6165 (was 34.5742)
t=41251ms iter=184 incumb=34.5742 ratchet=35.1071 best=34.5345 since_improve=151
t=41270ms iter=185 WAIST cost=34.0000 best_alt=22.0000 gap=12.0000 tried=5 sep_labels=22 clique_frac=0.00
t=41407ms iter=185 REBUILD reject new_tc=35.4241 (was 34.5742)
t=41472ms iter=185 incumb=34.5742 ratchet=35.1473 best=34.5345 since_improve=152
t=41486ms iter=186 WAIST cost=34.0000 best_alt=22.0000 gap=12.0000 tried=5 sep_labels=22 clique_frac=0.00
t=41626ms iter=186 REBUILD reject new_tc=35.6536 (was 34.5742)
t=41690ms iter=186 incumb=34.5742 ratchet=35.0604 best=34.5345 since_improve=153
t=41704ms iter=187 WAIST cost=34.0000 best_alt=22.0000 gap=12.0000 tried=5 sep_labels=22 clique_frac=0.00
t=41842ms iter=187 REBUILD reject new_tc=35.5261 (was 34.5742)
t=41907ms iter=187 incumb=34.5742 ratchet=35.3365 best=34.5345 since_improve=154
t=41921ms iter=188 WAIST cost=34.0000 best_alt=22.0000 gap=12.0000 tried=5 sep_labels=22 clique_frac=0.00
t=42060ms iter=188 REBUILD reject new_tc=35.4723 (was 34.5742)
t=42125ms iter=188 incumb=34.5742 ratchet=35.2605 best=34.5345 since_improve=155
t=42139ms iter=189 WAIST cost=34.0000 best_alt=22.0000 gap=12.0000 tried=5 sep_labels=22 clique_frac=0.00
t=42277ms iter=189 REBUILD reject new_tc=35.5796 (was 34.5742)
t=42341ms iter=189 incumb=34.5742 ratchet=35.3172 best=34.5345 since_improve=156
t=42358ms iter=190 WAIST cost=34.0000 best_alt=22.0000 gap=12.0000 tried=5 sep_labels=22 clique_frac=0.00
t=42496ms iter=190 REBUILD reject new_tc=35.4888 (was 34.5742)
t=42560ms iter=190 incumb=34.5742 ratchet=35.2965 best=34.5345 since_improve=157
t=42575ms iter=191 WAIST cost=34.0000 best_alt=22.0000 gap=12.0000 tried=5 sep_labels=22 clique_frac=0.00
t=42713ms iter=191 REBUILD reject new_tc=35.5247 (was 34.5742)
t=42778ms iter=191 incumb=34.5742 ratchet=35.4528 best=34.5345 since_improve=158
t=42792ms iter=192 WAIST cost=34.0000 best_alt=22.0000 gap=12.0000 tried=5 sep_labels=22 clique_frac=0.00
t=42932ms iter=192 REBUILD reject new_tc=35.4939 (was 34.5742)
t=42996ms iter=192 incumb=34.5742 ratchet=35.1740 best=34.5345 since_improve=159
t=43012ms iter=193 WAIST cost=34.0000 best_alt=22.0000 gap=12.0000 tried=5 sep_labels=22 clique_frac=0.00
t=43151ms iter=193 REBUILD reject new_tc=34.9239 (was 34.5742)
t=43216ms iter=193 incumb=34.5742 ratchet=34.9692 best=34.5345 since_improve=160
t=43240ms iter=194 WAIST cost=34.0000 best_alt=22.0000 gap=12.0000 tried=5 sep_labels=22 clique_frac=0.00
t=43383ms iter=194 REBUILD reject new_tc=35.4018 (was 34.5742)
t=43464ms iter=194 incumb=34.5742 ratchet=35.1456 best=34.5345 since_improve=161
t=43481ms iter=195 WAIST cost=34.0000 best_alt=22.0000 gap=12.0000 tried=5 sep_labels=22 clique_frac=0.00
t=43621ms iter=195 REBUILD reject new_tc=35.3984 (was 34.5742)
t=43686ms iter=195 incumb=34.5742 ratchet=35.1969 best=34.5345 since_improve=162
t=43700ms iter=196 WAIST cost=34.0000 best_alt=22.0000 gap=12.0000 tried=5 sep_labels=22 clique_frac=0.00
t=43839ms iter=196 REBUILD reject new_tc=35.5803 (was 34.5742)
t=43906ms iter=196 incumb=34.5742 ratchet=40.1517 best=34.5345 since_improve=163
t=43922ms iter=197 WAIST cost=34.0000 best_alt=22.0000 gap=12.0000 tried=5 sep_labels=22 clique_frac=0.00
t=44060ms iter=197 REBUILD reject new_tc=35.3757 (was 34.5742)
t=44124ms iter=197 incumb=34.5742 ratchet=34.9730 best=34.5345 since_improve=164
t=44140ms iter=198 WAIST cost=34.0000 best_alt=22.0000 gap=12.0000 tried=5 sep_labels=22 clique_frac=0.00
t=44279ms iter=198 REBUILD reject new_tc=35.6009 (was 34.5742)
t=44344ms iter=198 incumb=34.5742 ratchet=35.3035 best=34.5345 since_improve=165
t=44361ms iter=199 WAIST cost=34.0000 best_alt=22.0000 gap=12.0000 tried=5 sep_labels=22 clique_frac=0.00
t=44500ms iter=199 REBUILD reject new_tc=35.4354 (was 34.5742)
t=44565ms iter=199 incumb=34.5742 ratchet=34.8743 best=34.5345 since_improve=166
t=44582ms iter=200 WAIST cost=34.0000 best_alt=22.0000 gap=12.0000 tried=5 sep_labels=22 clique_frac=0.00
t=44721ms iter=200 REBUILD reject new_tc=35.4449 (was 34.5742)
t=44786ms iter=200 incumb=34.5742 ratchet=35.1976 best=34.5345 since_improve=167
t=44804ms iter=201 WAIST cost=34.0000 best_alt=22.0000 gap=12.0000 tried=5 sep_labels=22 clique_frac=0.00
t=44943ms iter=201 REBUILD reject new_tc=35.3241 (was 34.5742)
t=45008ms iter=201 incumb=34.5742 ratchet=34.9956 best=34.5345 since_improve=168
t=45023ms iter=202 WAIST cost=34.0000 best_alt=22.0000 gap=12.0000 tried=5 sep_labels=22 clique_frac=0.00
t=45163ms iter=202 REBUILD reject new_tc=35.4758 (was 34.5742)
t=45228ms iter=202 incumb=34.5742 ratchet=35.4288 best=34.5345 since_improve=169
t=45244ms iter=203 WAIST cost=34.0000 best_alt=22.0000 gap=12.0000 tried=5 sep_labels=22 clique_frac=0.00
t=45382ms iter=203 REBUILD reject new_tc=35.3890 (was 34.5742)
t=45447ms iter=203 incumb=34.5742 ratchet=35.2881 best=34.5345 since_improve=170
t=45461ms iter=204 WAIST cost=34.0000 best_alt=22.0000 gap=12.0000 tried=5 sep_labels=22 clique_frac=0.00
t=45600ms iter=204 REBUILD reject new_tc=35.5597 (was 34.5742)
t=45664ms iter=204 incumb=34.5742 ratchet=35.2529 best=34.5345 since_improve=171
t=45680ms iter=205 WAIST cost=34.0000 best_alt=22.0000 gap=12.0000 tried=5 sep_labels=22 clique_frac=0.00
t=45819ms iter=205 REBUILD reject new_tc=35.6495 (was 34.5742)
t=45884ms iter=205 incumb=34.5742 ratchet=35.0489 best=34.5345 since_improve=172
t=45900ms iter=206 WAIST cost=34.0000 best_alt=22.0000 gap=12.0000 tried=5 sep_labels=22 clique_frac=0.00
t=46039ms iter=206 REBUILD reject new_tc=35.7510 (was 34.5742)
t=46103ms iter=206 incumb=34.5742 ratchet=35.4764 best=34.5345 since_improve=173
t=46120ms iter=207 WAIST cost=34.0000 best_alt=22.0000 gap=12.0000 tried=5 sep_labels=22 clique_frac=0.00
t=46260ms iter=207 REBUILD reject new_tc=35.4634 (was 34.5742)
t=46324ms iter=207 incumb=34.5742 ratchet=35.1485 best=34.5345 since_improve=174
t=46338ms iter=208 WAIST cost=34.0000 best_alt=22.0000 gap=12.0000 tried=5 sep_labels=22 clique_frac=0.00
t=46477ms iter=208 REBUILD reject new_tc=35.4166 (was 34.5742)
t=46542ms iter=208 incumb=34.5742 ratchet=35.0804 best=34.5345 since_improve=175
t=46556ms iter=209 WAIST cost=34.0000 best_alt=22.0000 gap=12.0000 tried=5 sep_labels=22 clique_frac=0.00
t=46695ms iter=209 REBUILD reject new_tc=35.4533 (was 34.5742)
t=46760ms iter=209 incumb=34.5742 ratchet=35.0296 best=34.5345 since_improve=176
t=46775ms iter=210 WAIST cost=34.0000 best_alt=22.0000 gap=12.0000 tried=5 sep_labels=22 clique_frac=0.00
t=46914ms iter=210 REBUILD reject new_tc=35.6169 (was 34.5742)
t=46979ms iter=210 incumb=34.5742 ratchet=35.5509 best=34.5345 since_improve=177
t=46996ms iter=211 WAIST cost=34.0000 best_alt=22.0000 gap=12.0000 tried=5 sep_labels=22 clique_frac=0.00
t=47134ms iter=211 REBUILD reject new_tc=35.6065 (was 34.5742)
t=47199ms iter=211 incumb=34.5742 ratchet=35.1351 best=34.5345 since_improve=178
t=47216ms iter=212 WAIST cost=34.0000 best_alt=22.0000 gap=12.0000 tried=5 sep_labels=22 clique_frac=0.00
t=47355ms iter=212 REBUILD reject new_tc=35.3974 (was 34.5742)
t=47419ms iter=212 incumb=34.5742 ratchet=35.2304 best=34.5345 since_improve=179
t=47435ms iter=213 WAIST cost=34.0000 best_alt=22.0000 gap=12.0000 tried=5 sep_labels=22 clique_frac=0.00
t=47574ms iter=213 REBUILD reject new_tc=35.4223 (was 34.5742)
t=47639ms iter=213 incumb=34.5742 ratchet=35.0642 best=34.5345 since_improve=180
t=47655ms iter=214 WAIST cost=34.0000 best_alt=22.0000 gap=12.0000 tried=5 sep_labels=22 clique_frac=0.00
t=47800ms iter=214 REBUILD reject new_tc=35.3736 (was 34.5742)
t=47865ms iter=214 incumb=34.5742 ratchet=35.0933 best=34.5345 since_improve=181
t=47881ms iter=215 WAIST cost=34.0000 best_alt=22.0000 gap=12.0000 tried=5 sep_labels=22 clique_frac=0.00
t=48021ms iter=215 REBUILD reject new_tc=35.6476 (was 34.5742)
t=48086ms iter=215 incumb=34.5742 ratchet=35.4662 best=34.5345 since_improve=182
t=48103ms iter=216 WAIST cost=34.0000 best_alt=22.0000 gap=12.0000 tried=5 sep_labels=22 clique_frac=0.00
t=48242ms iter=216 REBUILD reject new_tc=35.5465 (was 34.5742)
t=48307ms iter=216 incumb=34.5742 ratchet=35.0900 best=34.5345 since_improve=183
t=48322ms iter=217 WAIST cost=34.0000 best_alt=22.0000 gap=12.0000 tried=5 sep_labels=22 clique_frac=0.00
t=48462ms iter=217 REBUILD reject new_tc=35.7317 (was 34.5742)
t=48527ms iter=217 incumb=34.5742 ratchet=35.4417 best=34.5345 since_improve=184
t=48541ms iter=218 WAIST cost=34.0000 best_alt=22.0000 gap=12.0000 tried=5 sep_labels=22 clique_frac=0.00
t=48682ms iter=218 REBUILD reject new_tc=35.5991 (was 34.5742)
t=48746ms iter=218 incumb=34.5742 ratchet=35.0135 best=34.5345 since_improve=185
t=48765ms iter=219 WAIST cost=34.0000 best_alt=22.0000 gap=12.0000 tried=5 sep_labels=22 clique_frac=0.00
t=48903ms iter=219 REBUILD reject new_tc=35.4010 (was 34.5742)
t=48968ms iter=219 incumb=34.5742 ratchet=35.5082 best=34.5345 since_improve=186
t=48983ms iter=220 WAIST cost=34.0000 best_alt=22.0000 gap=12.0000 tried=5 sep_labels=22 clique_frac=0.00
t=49121ms iter=220 REBUILD reject new_tc=35.5116 (was 34.5742)
t=49186ms iter=220 incumb=34.5742 ratchet=35.1213 best=34.5345 since_improve=187
t=49202ms iter=221 WAIST cost=34.0000 best_alt=22.0000 gap=12.0000 tried=5 sep_labels=22 clique_frac=0.00
t=49341ms iter=221 REBUILD reject new_tc=35.5253 (was 34.5742)
t=49407ms iter=221 incumb=34.5742 ratchet=35.2591 best=34.5345 since_improve=188
t=49422ms iter=222 WAIST cost=34.0000 best_alt=22.0000 gap=12.0000 tried=5 sep_labels=22 clique_frac=0.00
t=49562ms iter=222 REBUILD reject new_tc=35.5704 (was 34.5742)
t=49626ms iter=222 incumb=34.5742 ratchet=35.1826 best=34.5345 since_improve=189
t=49642ms iter=223 WAIST cost=34.0000 best_alt=22.0000 gap=12.0000 tried=5 sep_labels=22 clique_frac=0.00
t=49782ms iter=223 REBUILD reject new_tc=35.6092 (was 34.5742)
t=49847ms iter=223 incumb=34.5742 ratchet=35.0544 best=34.5345 since_improve=190
t=49862ms iter=224 WAIST cost=34.0000 best_alt=22.0000 gap=12.0000 tried=5 sep_labels=22 clique_frac=0.00
t=50000ms iter=224 REBUILD reject new_tc=35.4853 (was 34.5742)
t=50065ms iter=224 incumb=34.5742 ratchet=35.5477 best=34.5345 since_improve=191
t=50082ms iter=225 WAIST cost=34.0000 best_alt=22.0000 gap=12.0000 tried=5 sep_labels=22 clique_frac=0.00
t=50221ms iter=225 REBUILD reject new_tc=35.0339 (was 34.5742)
t=50285ms iter=225 incumb=34.5742 ratchet=35.0067 best=34.5345 since_improve=192
t=50299ms iter=226 WAIST cost=34.0000 best_alt=22.0000 gap=12.0000 tried=5 sep_labels=22 clique_frac=0.00
t=50438ms iter=226 REBUILD reject new_tc=35.3422 (was 34.5742)
t=50503ms iter=226 incumb=34.5742 ratchet=34.8669 best=34.5345 since_improve=193
t=50518ms iter=227 WAIST cost=34.0000 best_alt=22.0000 gap=12.0000 tried=5 sep_labels=22 clique_frac=0.00
t=50656ms iter=227 REBUILD reject new_tc=35.3515 (was 34.5742)
t=50721ms iter=227 incumb=34.5742 ratchet=34.8962 best=34.5345 since_improve=194
t=50737ms iter=228 WAIST cost=34.0000 best_alt=22.0000 gap=12.0000 tried=5 sep_labels=22 clique_frac=0.00
t=50877ms iter=228 REBUILD reject new_tc=35.6258 (was 34.5742)
t=50942ms iter=228 incumb=34.5742 ratchet=35.2535 best=34.5345 since_improve=195
t=50959ms iter=229 WAIST cost=34.0000 best_alt=22.0000 gap=12.0000 tried=5 sep_labels=22 clique_frac=0.00
t=51099ms iter=229 REBUILD reject new_tc=35.5231 (was 34.5742)
t=51165ms iter=229 incumb=34.5742 ratchet=35.1470 best=34.5345 since_improve=196
t=51183ms iter=230 WAIST cost=34.0000 best_alt=22.0000 gap=12.0000 tried=5 sep_labels=22 clique_frac=0.00
t=51323ms iter=230 REBUILD reject new_tc=35.5203 (was 34.5742)
t=51388ms iter=230 incumb=34.5742 ratchet=35.1310 best=34.5345 since_improve=197
t=51405ms iter=231 WAIST cost=34.0000 best_alt=22.0000 gap=12.0000 tried=5 sep_labels=22 clique_frac=0.00
t=51544ms iter=231 REBUILD reject new_tc=35.5360 (was 34.5742)
t=51609ms iter=231 incumb=34.5742 ratchet=35.1605 best=34.5345 since_improve=198
t=51622ms iter=232 WAIST cost=34.0000 best_alt=22.0000 gap=12.0000 tried=5 sep_labels=22 clique_frac=0.00
t=51760ms iter=232 REBUILD reject new_tc=35.5403 (was 34.5742)
t=51825ms iter=232 incumb=34.5742 ratchet=35.3410 best=34.5345 since_improve=199
t=51839ms iter=233 WAIST cost=34.0000 best_alt=22.0000 gap=12.0000 tried=5 sep_labels=22 clique_frac=0.00
t=51978ms iter=233 REBUILD reject new_tc=35.1055 (was 34.5742)
t=52043ms iter=233 incumb=34.5742 ratchet=35.4591 best=34.5345 since_improve=200
t=52061ms iter=234 WAIST cost=34.0000 best_alt=22.0000 gap=12.0000 tried=5 sep_labels=22 clique_frac=0.00
t=52199ms iter=234 REBUILD reject new_tc=35.5701 (was 34.5742)
t=52264ms iter=234 incumb=34.5742 ratchet=35.1957 best=34.5345 since_improve=201
t=52278ms iter=235 WAIST cost=34.0000 best_alt=22.0000 gap=12.0000 tried=5 sep_labels=22 clique_frac=0.00
t=52417ms iter=235 REBUILD reject new_tc=35.5520 (was 34.5742)
t=52483ms iter=235 incumb=34.5742 ratchet=35.3305 best=34.5345 since_improve=202
t=52498ms iter=236 WAIST cost=34.0000 best_alt=22.0000 gap=12.0000 tried=5 sep_labels=22 clique_frac=0.00
t=52636ms iter=236 REBUILD reject new_tc=35.5632 (was 34.5742)
t=52701ms iter=236 incumb=34.5742 ratchet=35.3142 best=34.5345 since_improve=203
t=52716ms iter=237 WAIST cost=34.0000 best_alt=22.0000 gap=12.0000 tried=5 sep_labels=22 clique_frac=0.00
t=52855ms iter=237 REBUILD reject new_tc=34.9260 (was 34.5742)
t=52920ms iter=237 incumb=34.5742 ratchet=35.5091 best=34.5345 since_improve=204
t=52933ms iter=238 WAIST cost=34.0000 best_alt=22.0000 gap=12.0000 tried=5 sep_labels=22 clique_frac=0.00
t=53071ms iter=238 REBUILD reject new_tc=35.5728 (was 34.5742)
t=53135ms iter=238 incumb=34.5742 ratchet=35.2754 best=34.5345 since_improve=205
t=53151ms iter=239 WAIST cost=34.0000 best_alt=22.0000 gap=12.0000 tried=5 sep_labels=22 clique_frac=0.00
t=53291ms iter=239 REBUILD reject new_tc=35.1807 (was 34.5742)
t=53357ms iter=239 incumb=34.5742 ratchet=35.3436 best=34.5345 since_improve=206
t=53372ms iter=240 WAIST cost=34.0000 best_alt=22.0000 gap=12.0000 tried=5 sep_labels=22 clique_frac=0.00
t=53511ms iter=240 REBUILD reject new_tc=35.4478 (was 34.5742)
t=53576ms iter=240 incumb=34.5742 ratchet=35.2251 best=34.5345 since_improve=207
t=53592ms iter=241 WAIST cost=34.0000 best_alt=22.0000 gap=12.0000 tried=5 sep_labels=22 clique_frac=0.00
t=53729ms iter=241 REBUILD reject new_tc=35.5740 (was 34.5742)
t=53794ms iter=241 incumb=34.5742 ratchet=35.5424 best=34.5345 since_improve=208
t=53811ms iter=242 WAIST cost=34.0000 best_alt=22.0000 gap=12.0000 tried=5 sep_labels=22 clique_frac=0.00
t=53950ms iter=242 REBUILD reject new_tc=35.3951 (was 34.5742)
t=54015ms iter=242 incumb=34.5742 ratchet=35.0465 best=34.5345 since_improve=209
t=54031ms iter=243 WAIST cost=34.0000 best_alt=22.0000 gap=12.0000 tried=5 sep_labels=22 clique_frac=0.00
t=54170ms iter=243 REBUILD reject new_tc=35.5361 (was 34.5742)
t=54236ms iter=243 incumb=34.5742 ratchet=35.1279 best=34.5345 since_improve=210
t=54251ms iter=244 WAIST cost=34.0000 best_alt=22.0000 gap=12.0000 tried=5 sep_labels=22 clique_frac=0.00
t=54391ms iter=244 REBUILD reject new_tc=35.5898 (was 34.5742)
t=54457ms iter=244 incumb=34.5742 ratchet=34.9723 best=34.5345 since_improve=211
t=54473ms iter=245 WAIST cost=34.0000 best_alt=22.0000 gap=12.0000 tried=5 sep_labels=22 clique_frac=0.00
t=54613ms iter=245 REBUILD reject new_tc=35.5073 (was 34.5742)
t=54678ms iter=245 incumb=34.5742 ratchet=35.1725 best=34.5345 since_improve=212
t=54694ms iter=246 WAIST cost=34.0000 best_alt=22.0000 gap=12.0000 tried=5 sep_labels=22 clique_frac=0.00
t=54833ms iter=246 REBUILD reject new_tc=35.4816 (was 34.5742)
t=54898ms iter=246 incumb=34.5742 ratchet=35.1719 best=34.5345 since_improve=213
t=54915ms iter=247 WAIST cost=34.0000 best_alt=22.0000 gap=12.0000 tried=5 sep_labels=22 clique_frac=0.00
t=55053ms iter=247 REBUILD reject new_tc=35.5572 (was 34.5742)
t=55117ms iter=247 incumb=34.5742 ratchet=35.2269 best=34.5345 since_improve=214
t=55132ms iter=248 WAIST cost=34.0000 best_alt=22.0000 gap=12.0000 tried=5 sep_labels=22 clique_frac=0.00
t=55271ms iter=248 REBUILD reject new_tc=35.3461 (was 34.5742)
t=55337ms iter=248 incumb=34.5742 ratchet=34.8844 best=34.5345 since_improve=215
t=55352ms iter=249 WAIST cost=34.0000 best_alt=22.0000 gap=12.0000 tried=5 sep_labels=22 clique_frac=0.00
t=55491ms iter=249 REBUILD reject new_tc=35.6087 (was 34.5742)
t=55556ms iter=249 incumb=34.5742 ratchet=35.2049 best=34.5345 since_improve=216
t=55571ms iter=250 WAIST cost=34.0000 best_alt=22.0000 gap=12.0000 tried=5 sep_labels=22 clique_frac=0.00
t=55710ms iter=250 REBUILD reject new_tc=35.3475 (was 34.5742)
t=55776ms iter=250 incumb=34.5742 ratchet=35.0044 best=34.5345 since_improve=217
t=55791ms iter=251 WAIST cost=34.0000 best_alt=22.0000 gap=12.0000 tried=5 sep_labels=22 clique_frac=0.00
t=55930ms iter=251 REBUILD reject new_tc=35.4888 (was 34.5742)
t=55995ms iter=251 incumb=34.5742 ratchet=34.6958 best=34.5345 since_improve=218
t=56013ms iter=252 WAIST cost=34.0000 best_alt=22.0000 gap=12.0000 tried=5 sep_labels=22 clique_frac=0.00
t=56150ms iter=252 REBUILD reject new_tc=35.4599 (was 34.5742)
t=56217ms iter=252 incumb=34.5742 ratchet=38.8317 best=34.5345 since_improve=219
t=56237ms iter=253 WAIST cost=34.0000 best_alt=22.0000 gap=12.0000 tried=5 sep_labels=22 clique_frac=0.00
t=56376ms iter=253 REBUILD reject new_tc=35.5558 (was 34.5742)
t=56440ms iter=253 incumb=34.5742 ratchet=34.9981 best=34.5345 since_improve=220
t=56457ms iter=254 WAIST cost=34.0000 best_alt=22.0000 gap=12.0000 tried=5 sep_labels=22 clique_frac=0.00
t=56597ms iter=254 REBUILD reject new_tc=35.5586 (was 34.5742)
t=56664ms iter=254 incumb=34.5742 ratchet=38.8890 best=34.5345 since_improve=221
t=56679ms iter=255 WAIST cost=34.0000 best_alt=22.0000 gap=12.0000 tried=5 sep_labels=22 clique_frac=0.00
t=56820ms iter=255 REBUILD reject new_tc=35.6298 (was 34.5742)
t=56884ms iter=255 incumb=34.5742 ratchet=35.2087 best=34.5345 since_improve=222
t=56899ms iter=256 WAIST cost=34.0000 best_alt=22.0000 gap=12.0000 tried=5 sep_labels=22 clique_frac=0.00
t=57039ms iter=256 REBUILD reject new_tc=35.4206 (was 34.5742)
t=57103ms iter=256 incumb=34.5742 ratchet=35.2887 best=34.5345 since_improve=223
t=57116ms iter=257 WAIST cost=34.0000 best_alt=22.0000 gap=12.0000 tried=5 sep_labels=22 clique_frac=0.00
t=57256ms iter=257 REBUILD reject new_tc=35.4950 (was 34.5742)
t=57321ms iter=257 incumb=34.5742 ratchet=35.2459 best=34.5345 since_improve=224
t=57335ms iter=258 WAIST cost=34.0000 best_alt=22.0000 gap=12.0000 tried=5 sep_labels=22 clique_frac=0.00
t=57472ms iter=258 REBUILD reject new_tc=35.4669 (was 34.5742)
t=57537ms iter=258 incumb=34.5742 ratchet=35.0182 best=34.5345 since_improve=225
t=57553ms iter=259 WAIST cost=34.0000 best_alt=22.0000 gap=12.0000 tried=5 sep_labels=22 clique_frac=0.00
t=57693ms iter=259 REBUILD reject new_tc=35.5934 (was 34.5742)
t=57759ms iter=259 incumb=34.5742 ratchet=35.0078 best=34.5345 since_improve=226
t=57776ms iter=260 WAIST cost=34.0000 best_alt=22.0000 gap=12.0000 tried=5 sep_labels=22 clique_frac=0.00
t=57914ms iter=260 REBUILD reject new_tc=35.5919 (was 34.5742)
t=57979ms iter=260 incumb=34.5742 ratchet=35.2352 best=34.5345 since_improve=227
t=57996ms iter=261 WAIST cost=34.0000 best_alt=22.0000 gap=12.0000 tried=5 sep_labels=22 clique_frac=0.00
t=58136ms iter=261 REBUILD reject new_tc=35.5102 (was 34.5742)
t=58201ms iter=261 incumb=34.5742 ratchet=35.5614 best=34.5345 since_improve=228
t=58218ms iter=262 WAIST cost=34.0000 best_alt=22.0000 gap=12.0000 tried=5 sep_labels=22 clique_frac=0.00
t=58356ms iter=262 REBUILD reject new_tc=35.4445 (was 34.5742)
t=58420ms iter=262 incumb=34.5742 ratchet=35.2645 best=34.5345 since_improve=229
t=58436ms iter=263 WAIST cost=34.0000 best_alt=22.0000 gap=12.0000 tried=5 sep_labels=22 clique_frac=0.00
t=58576ms iter=263 REBUILD reject new_tc=35.5847 (was 34.5742)
t=58641ms iter=263 incumb=34.5742 ratchet=35.1968 best=34.5345 since_improve=230
t=58656ms iter=264 WAIST cost=34.0000 best_alt=22.0000 gap=12.0000 tried=5 sep_labels=22 clique_frac=0.00
t=58795ms iter=264 REBUILD reject new_tc=35.4216 (was 34.5742)
t=58860ms iter=264 incumb=34.5742 ratchet=35.0774 best=34.5345 since_improve=231
t=58877ms iter=265 WAIST cost=34.0000 best_alt=22.0000 gap=12.0000 tried=5 sep_labels=22 clique_frac=0.00
t=59016ms iter=265 REBUILD reject new_tc=35.4160 (was 34.5742)
t=59080ms iter=265 incumb=34.5742 ratchet=35.1353 best=34.5345 since_improve=232
t=59098ms iter=266 WAIST cost=34.0000 best_alt=22.0000 gap=12.0000 tried=5 sep_labels=22 clique_frac=0.00
t=59237ms iter=266 REBUILD reject new_tc=34.8072 (was 34.5742)
t=59302ms iter=266 incumb=34.5742 ratchet=35.0051 best=34.5345 since_improve=233
t=59315ms iter=267 WAIST cost=34.0000 best_alt=22.0000 gap=12.0000 tried=5 sep_labels=22 clique_frac=0.00
t=59455ms iter=267 REBUILD reject new_tc=35.3791 (was 34.5742)
t=59519ms iter=267 incumb=34.5742 ratchet=35.2456 best=34.5345 since_improve=234
t=59536ms iter=268 WAIST cost=34.0000 best_alt=22.0000 gap=12.0000 tried=5 sep_labels=22 clique_frac=0.00
t=59675ms iter=268 REBUILD reject new_tc=35.6959 (was 34.5742)
t=59739ms iter=268 incumb=34.5742 ratchet=35.1614 best=34.5345 since_improve=235
t=59755ms iter=269 WAIST cost=34.0000 best_alt=22.0000 gap=12.0000 tried=5 sep_labels=22 clique_frac=0.00
t=59894ms iter=269 REBUILD reject new_tc=35.4386 (was 34.5742)
t=59959ms iter=269 incumb=34.5742 ratchet=35.1966 best=34.5345 since_improve=236
t=59976ms iter=270 WAIST cost=34.0000 best_alt=22.0000 gap=12.0000 tried=5 sep_labels=22 clique_frac=0.00
t=60115ms iter=270 REBUILD reject new_tc=35.4542 (was 34.5742)
t=60180ms iter=270 incumb=34.5742 ratchet=35.2462 best=34.5345 since_improve=237
t=60196ms iter=271 WAIST cost=34.0000 best_alt=22.0000 gap=12.0000 tried=5 sep_labels=22 clique_frac=0.00
t=60336ms iter=271 REBUILD reject new_tc=34.9023 (was 34.5742)
t=60401ms iter=271 incumb=34.5742 ratchet=35.1951 best=34.5345 since_improve=238
t=60416ms iter=272 WAIST cost=34.0000 best_alt=22.0000 gap=12.0000 tried=5 sep_labels=22 clique_frac=0.00
t=60556ms iter=272 REBUILD reject new_tc=35.4772 (was 34.5742)
t=60621ms iter=272 incumb=34.5742 ratchet=35.2515 best=34.5345 since_improve=239
t=60637ms iter=273 WAIST cost=34.0000 best_alt=22.0000 gap=12.0000 tried=5 sep_labels=22 clique_frac=0.00
t=60776ms iter=273 REBUILD reject new_tc=35.6940 (was 34.5742)
t=60841ms iter=273 incumb=34.5742 ratchet=35.0296 best=34.5345 since_improve=240
t=60858ms iter=274 WAIST cost=34.0000 best_alt=22.0000 gap=12.0000 tried=5 sep_labels=22 clique_frac=0.00
t=60996ms iter=274 REBUILD reject new_tc=35.2919 (was 34.5742)
t=61062ms iter=274 incumb=34.5742 ratchet=35.6671 best=34.5345 since_improve=241
t=61079ms iter=275 WAIST cost=34.0000 best_alt=22.0000 gap=12.0000 tried=5 sep_labels=22 clique_frac=0.00
t=61217ms iter=275 REBUILD reject new_tc=35.3632 (was 34.5742)
t=61282ms iter=275 incumb=34.5742 ratchet=35.4971 best=34.5345 since_improve=242
t=61298ms iter=276 WAIST cost=34.0000 best_alt=22.0000 gap=12.0000 tried=5 sep_labels=22 clique_frac=0.00
t=61436ms iter=276 REBUILD reject new_tc=35.4036 (was 34.5742)
t=61503ms iter=276 incumb=34.5742 ratchet=39.6433 best=34.5345 since_improve=243
t=61519ms iter=277 WAIST cost=34.0000 best_alt=22.0000 gap=12.0000 tried=5 sep_labels=22 clique_frac=0.00
t=61656ms iter=277 REBUILD reject new_tc=35.3494 (was 34.5742)
t=61722ms iter=277 incumb=34.5742 ratchet=36.5210 best=34.5345 since_improve=244
t=61738ms iter=278 WAIST cost=34.0000 best_alt=22.0000 gap=12.0000 tried=5 sep_labels=22 clique_frac=0.00
t=61877ms iter=278 REBUILD reject new_tc=35.5244 (was 34.5742)
t=61944ms iter=278 incumb=34.5742 ratchet=36.2102 best=34.5345 since_improve=245
t=61959ms iter=279 WAIST cost=34.0000 best_alt=22.0000 gap=12.0000 tried=5 sep_labels=22 clique_frac=0.00
t=62099ms iter=279 REBUILD reject new_tc=34.6419 (was 34.5742)
t=62164ms iter=279 incumb=34.5742 ratchet=35.3028 best=34.5345 since_improve=246
t=62180ms iter=280 WAIST cost=34.0000 best_alt=22.0000 gap=12.0000 tried=5 sep_labels=22 clique_frac=0.00
t=62319ms iter=280 REBUILD reject new_tc=35.4836 (was 34.5742)
t=62384ms iter=280 incumb=34.5742 ratchet=35.9088 best=34.5345 since_improve=247
t=62400ms iter=281 WAIST cost=34.0000 best_alt=22.0000 gap=12.0000 tried=5 sep_labels=22 clique_frac=0.00
t=62539ms iter=281 REBUILD reject new_tc=35.4877 (was 34.5742)
t=62604ms iter=281 incumb=34.5742 ratchet=35.5696 best=34.5345 since_improve=248
t=62621ms iter=282 WAIST cost=34.0000 best_alt=22.0000 gap=12.0000 tried=5 sep_labels=22 clique_frac=0.00
t=62760ms iter=282 REBUILD reject new_tc=34.9147 (was 34.5742)
t=62824ms iter=282 incumb=34.5742 ratchet=35.0760 best=34.5345 since_improve=249
t=62842ms iter=283 WAIST cost=34.0000 best_alt=22.0000 gap=12.0000 tried=5 sep_labels=22 clique_frac=0.00
t=62981ms iter=283 REBUILD reject new_tc=35.6149 (was 34.5742)
t=63046ms iter=283 incumb=34.5742 ratchet=35.0557 best=34.5345 since_improve=250
t=63060ms iter=284 WAIST cost=34.0000 best_alt=22.0000 gap=12.0000 tried=5 sep_labels=22 clique_frac=0.00
t=63198ms iter=284 REBUILD reject new_tc=35.4807 (was 34.5742)
t=63264ms iter=284 incumb=34.5742 ratchet=35.0834 best=34.5345 since_improve=251
t=63282ms iter=285 WAIST cost=34.0000 best_alt=22.0000 gap=12.0000 tried=5 sep_labels=22 clique_frac=0.00
t=63421ms iter=285 REBUILD reject new_tc=35.6397 (was 34.5742)
t=63486ms iter=285 incumb=34.5742 ratchet=35.2276 best=34.5345 since_improve=252
t=63502ms iter=286 WAIST cost=34.0000 best_alt=22.0000 gap=12.0000 tried=5 sep_labels=22 clique_frac=0.00
t=63643ms iter=286 REBUILD reject new_tc=35.6695 (was 34.5742)
t=63707ms iter=286 incumb=34.5742 ratchet=35.2202 best=34.5345 since_improve=253
t=63719ms iter=287 WAIST cost=34.0000 best_alt=22.0000 gap=12.0000 tried=5 sep_labels=22 clique_frac=0.00
t=63858ms iter=287 REBUILD reject new_tc=35.5731 (was 34.5742)
t=63924ms iter=287 incumb=34.5742 ratchet=35.4396 best=34.5345 since_improve=254
t=63936ms iter=288 WAIST cost=34.0000 best_alt=22.0000 gap=12.0000 tried=5 sep_labels=22 clique_frac=0.00
t=64073ms iter=288 REBUILD reject new_tc=35.3637 (was 34.5742)
t=64138ms iter=288 incumb=34.5742 ratchet=35.3893 best=34.5345 since_improve=255
t=64154ms iter=289 WAIST cost=34.0000 best_alt=22.0000 gap=12.0000 tried=5 sep_labels=22 clique_frac=0.00
t=64294ms iter=289 REBUILD reject new_tc=35.6384 (was 34.5742)
t=64359ms iter=289 incumb=34.5742 ratchet=36.0528 best=34.5345 since_improve=256
t=64376ms iter=290 WAIST cost=34.0000 best_alt=22.0000 gap=12.0000 tried=5 sep_labels=22 clique_frac=0.00
t=64515ms iter=290 REBUILD reject new_tc=35.4503 (was 34.5742)
t=64581ms iter=290 incumb=34.5742 ratchet=36.4660 best=34.5345 since_improve=257
t=64599ms iter=291 WAIST cost=34.0000 best_alt=22.0000 gap=12.0000 tried=5 sep_labels=22 clique_frac=0.00
t=64739ms iter=291 REBUILD reject new_tc=35.6013 (was 34.5742)
t=64803ms iter=291 incumb=34.5742 ratchet=34.9970 best=34.5345 since_improve=258
t=64820ms iter=292 WAIST cost=34.0000 best_alt=22.0000 gap=12.0000 tried=5 sep_labels=22 clique_frac=0.00
t=64958ms iter=292 REBUILD reject new_tc=35.5301 (was 34.5742)
t=65022ms iter=292 incumb=34.5742 ratchet=35.1773 best=34.5345 since_improve=259
t=65037ms iter=293 WAIST cost=34.0000 best_alt=22.0000 gap=12.0000 tried=5 sep_labels=22 clique_frac=0.00
t=65177ms iter=293 REBUILD reject new_tc=35.0641 (was 34.5742)
t=65242ms iter=293 incumb=34.5742 ratchet=35.3136 best=34.5345 since_improve=260
t=65259ms iter=294 WAIST cost=34.0000 best_alt=22.0000 gap=12.0000 tried=5 sep_labels=22 clique_frac=0.00
t=65398ms iter=294 REBUILD reject new_tc=35.4322 (was 34.5742)
t=65462ms iter=294 incumb=34.5742 ratchet=35.3327 best=34.5345 since_improve=261
t=65477ms iter=295 WAIST cost=34.0000 best_alt=22.0000 gap=12.0000 tried=5 sep_labels=22 clique_frac=0.00
t=65618ms iter=295 REBUILD reject new_tc=35.4188 (was 34.5742)
t=65684ms iter=295 incumb=34.5742 ratchet=35.9138 best=34.5345 since_improve=262
t=65699ms iter=296 WAIST cost=34.0000 best_alt=22.0000 gap=12.0000 tried=5 sep_labels=22 clique_frac=0.00
t=65838ms iter=296 REBUILD reject new_tc=35.3960 (was 34.5742)
t=65903ms iter=296 incumb=34.5742 ratchet=35.1359 best=34.5345 since_improve=263
t=65917ms iter=297 WAIST cost=34.0000 best_alt=22.0000 gap=12.0000 tried=5 sep_labels=22 clique_frac=0.00
t=66055ms iter=297 REBUILD reject new_tc=35.5462 (was 34.5742)
t=66120ms iter=297 incumb=34.5742 ratchet=35.0665 best=34.5345 since_improve=264
t=66135ms iter=298 WAIST cost=34.0000 best_alt=22.0000 gap=12.0000 tried=5 sep_labels=22 clique_frac=0.00
t=66274ms iter=298 REBUILD reject new_tc=35.4935 (was 34.5742)
t=66339ms iter=298 incumb=34.5742 ratchet=35.3447 best=34.5345 since_improve=265
t=66353ms iter=299 WAIST cost=34.0000 best_alt=22.0000 gap=12.0000 tried=5 sep_labels=22 clique_frac=0.00
t=66494ms iter=299 REBUILD reject new_tc=35.8347 (was 34.5742)
t=66559ms iter=299 incumb=34.5742 ratchet=35.0783 best=34.5345 since_improve=266
t=66575ms iter=300 WAIST cost=34.0000 best_alt=22.0000 gap=12.0000 tried=5 sep_labels=22 clique_frac=0.00
t=66713ms iter=300 REBUILD reject new_tc=35.6114 (was 34.5742)
t=66778ms iter=300 incumb=34.5742 ratchet=35.2652 best=34.5345 since_improve=267
t=66796ms iter=301 WAIST cost=34.0000 best_alt=22.0000 gap=12.0000 tried=5 sep_labels=22 clique_frac=0.00
t=66936ms iter=301 REBUILD reject new_tc=35.4498 (was 34.5742)
t=67001ms iter=301 incumb=34.5742 ratchet=34.9548 best=34.5345 since_improve=268
t=67019ms iter=302 WAIST cost=34.0000 best_alt=22.0000 gap=12.0000 tried=5 sep_labels=22 clique_frac=0.00
t=67159ms iter=302 REBUILD reject new_tc=35.5376 (was 34.5742)
t=67223ms iter=302 incumb=34.5742 ratchet=35.1767 best=34.5345 since_improve=269
t=67236ms iter=303 WAIST cost=34.0000 best_alt=22.0000 gap=12.0000 tried=5 sep_labels=22 clique_frac=0.00
t=67374ms iter=303 REBUILD reject new_tc=35.4183 (was 34.5742)
t=67439ms iter=303 incumb=34.5742 ratchet=35.1252 best=34.5345 since_improve=270
t=67456ms iter=304 WAIST cost=34.0000 best_alt=22.0000 gap=12.0000 tried=5 sep_labels=22 clique_frac=0.00
t=67595ms iter=304 REBUILD reject new_tc=35.4230 (was 34.5742)
t=67660ms iter=304 incumb=34.5742 ratchet=34.9829 best=34.5345 since_improve=271
t=67675ms iter=305 WAIST cost=34.0000 best_alt=22.0000 gap=12.0000 tried=5 sep_labels=22 clique_frac=0.00
t=67815ms iter=305 REBUILD reject new_tc=35.4335 (was 34.5742)
t=67880ms iter=305 incumb=34.5742 ratchet=35.2668 best=34.5345 since_improve=272
t=67897ms iter=306 WAIST cost=34.0000 best_alt=22.0000 gap=12.0000 tried=5 sep_labels=22 clique_frac=0.00
t=68035ms iter=306 REBUILD reject new_tc=35.5605 (was 34.5742)
t=68099ms iter=306 incumb=34.5742 ratchet=34.9177 best=34.5345 since_improve=273
t=68116ms iter=307 WAIST cost=34.0000 best_alt=22.0000 gap=12.0000 tried=5 sep_labels=22 clique_frac=0.00
t=68254ms iter=307 REBUILD reject new_tc=35.4034 (was 34.5742)
t=68319ms iter=307 incumb=34.5742 ratchet=35.1307 best=34.5345 since_improve=274
t=68333ms iter=308 WAIST cost=34.0000 best_alt=22.0000 gap=12.0000 tried=5 sep_labels=22 clique_frac=0.00
t=68472ms iter=308 REBUILD reject new_tc=35.5058 (was 34.5742)
t=68536ms iter=308 incumb=34.5742 ratchet=35.0175 best=34.5345 since_improve=275
t=68552ms iter=309 WAIST cost=34.0000 best_alt=22.0000 gap=12.0000 tried=5 sep_labels=22 clique_frac=0.00
t=68691ms iter=309 REBUILD reject new_tc=35.5528 (was 34.5742)
t=68759ms iter=309 incumb=34.5742 ratchet=40.5641 best=34.5345 since_improve=276
t=68775ms iter=310 WAIST cost=34.0000 best_alt=22.0000 gap=12.0000 tried=5 sep_labels=22 clique_frac=0.00
t=68913ms iter=310 REBUILD reject new_tc=35.6761 (was 34.5742)
t=68964ms iter=310 incumb=34.5742 ratchet=35.1912 best=34.5345 since_improve=277
t=68980ms iter=311 WAIST cost=34.0000 best_alt=22.0000 gap=12.0000 tried=5 sep_labels=22 clique_frac=0.00
t=69121ms iter=311 REBUILD reject new_tc=35.5095 (was 34.5742)
t=69187ms iter=311 incumb=34.5742 ratchet=35.2248 best=34.5345 since_improve=278
t=69201ms iter=312 WAIST cost=34.0000 best_alt=22.0000 gap=12.0000 tried=5 sep_labels=22 clique_frac=0.00
t=69341ms iter=312 REBUILD reject new_tc=35.5500 (was 34.5742)
t=69408ms iter=312 incumb=34.5742 ratchet=35.3019 best=34.5345 since_improve=279
t=69425ms iter=313 WAIST cost=34.0000 best_alt=22.0000 gap=12.0000 tried=5 sep_labels=22 clique_frac=0.00
t=69565ms iter=313 REBUILD reject new_tc=35.6340 (was 34.5742)
t=69632ms iter=313 incumb=34.5742 ratchet=35.5945 best=34.5345 since_improve=280
t=69648ms iter=314 WAIST cost=34.0000 best_alt=22.0000 gap=12.0000 tried=5 sep_labels=22 clique_frac=0.00
t=69788ms iter=314 REBUILD reject new_tc=35.3838 (was 34.5742)
t=69867ms iter=314 incumb=34.5742 ratchet=35.4702 best=34.5345 since_improve=281
t=69882ms iter=315 WAIST cost=34.0000 best_alt=22.0000 gap=12.0000 tried=5 sep_labels=22 clique_frac=0.00
t=70028ms iter=315 REBUILD reject new_tc=35.7373 (was 34.5742)
t=70095ms iter=315 incumb=34.5742 ratchet=35.6555 best=34.5345 since_improve=282
t=70111ms iter=316 WAIST cost=34.0000 best_alt=22.0000 gap=12.0000 tried=5 sep_labels=22 clique_frac=0.00
t=70251ms iter=316 REBUILD reject new_tc=35.3542 (was 34.5742)
t=70318ms iter=316 incumb=34.5742 ratchet=35.3083 best=34.5345 since_improve=283
t=70333ms iter=317 WAIST cost=34.0000 best_alt=22.0000 gap=12.0000 tried=5 sep_labels=22 clique_frac=0.00
t=70474ms iter=317 REBUILD reject new_tc=35.3099 (was 34.5742)
t=70542ms iter=317 incumb=34.5742 ratchet=35.3578 best=34.5345 since_improve=284
t=70556ms iter=318 WAIST cost=34.0000 best_alt=22.0000 gap=12.0000 tried=5 sep_labels=22 clique_frac=0.00
t=70697ms iter=318 REBUILD reject new_tc=35.5083 (was 34.5742)
t=70762ms iter=318 incumb=34.5742 ratchet=35.2564 best=34.5345 since_improve=285
t=70778ms iter=319 WAIST cost=34.0000 best_alt=22.0000 gap=12.0000 tried=5 sep_labels=22 clique_frac=0.00
t=70918ms iter=319 REBUILD reject new_tc=35.5407 (was 34.5742)
t=70985ms iter=319 incumb=34.5742 ratchet=35.1747 best=34.5345 since_improve=286
t=71002ms iter=320 WAIST cost=34.0000 best_alt=22.0000 gap=12.0000 tried=5 sep_labels=22 clique_frac=0.00
t=71143ms iter=320 REBUILD reject new_tc=35.4282 (was 34.5742)
t=71209ms iter=320 incumb=34.5742 ratchet=35.1763 best=34.5345 since_improve=287
t=71224ms iter=321 WAIST cost=34.0000 best_alt=22.0000 gap=12.0000 tried=5 sep_labels=22 clique_frac=0.00
t=71365ms iter=321 REBUILD reject new_tc=35.3287 (was 34.5742)
t=71431ms iter=321 incumb=34.5742 ratchet=34.9595 best=34.5345 since_improve=288
t=71448ms iter=322 WAIST cost=34.0000 best_alt=22.0000 gap=12.0000 tried=5 sep_labels=22 clique_frac=0.00
t=71588ms iter=322 REBUILD reject new_tc=35.5275 (was 34.5742)
t=71655ms iter=322 incumb=34.5742 ratchet=35.1315 best=34.5345 since_improve=289
t=71670ms iter=323 WAIST cost=34.0000 best_alt=22.0000 gap=12.0000 tried=5 sep_labels=22 clique_frac=0.00
t=71810ms iter=323 REBUILD reject new_tc=35.5696 (was 34.5742)
t=71876ms iter=323 incumb=34.5742 ratchet=35.0154 best=34.5345 since_improve=290
t=71893ms iter=324 WAIST cost=34.0000 best_alt=22.0000 gap=12.0000 tried=5 sep_labels=22 clique_frac=0.00
t=72034ms iter=324 REBUILD reject new_tc=35.3911 (was 34.5742)
t=72100ms iter=324 incumb=34.5742 ratchet=34.9249 best=34.5345 since_improve=291
t=72118ms iter=325 WAIST cost=34.0000 best_alt=22.0000 gap=12.0000 tried=5 sep_labels=22 clique_frac=0.00
t=72258ms iter=325 REBUILD reject new_tc=35.5556 (was 34.5742)
t=72325ms iter=325 incumb=34.5742 ratchet=35.4014 best=34.5345 since_improve=292
t=72348ms iter=326 WAIST cost=34.0000 best_alt=22.0000 gap=12.0000 tried=5 sep_labels=22 clique_frac=0.00
t=72487ms iter=326 REBUILD reject new_tc=35.3833 (was 34.5742)
t=72553ms iter=326 incumb=34.5742 ratchet=34.9361 best=34.5345 since_improve=293
t=72568ms iter=327 WAIST cost=34.0000 best_alt=22.0000 gap=12.0000 tried=5 sep_labels=22 clique_frac=0.00
t=72709ms iter=327 REBUILD reject new_tc=35.5531 (was 34.5742)
t=72775ms iter=327 incumb=34.5742 ratchet=35.4724 best=34.5345 since_improve=294
t=72789ms iter=328 WAIST cost=34.0000 best_alt=22.0000 gap=12.0000 tried=5 sep_labels=22 clique_frac=0.00
t=72930ms iter=328 REBUILD reject new_tc=34.8537 (was 34.5742)
t=72996ms iter=328 incumb=34.5742 ratchet=35.0596 best=34.5345 since_improve=295
t=73012ms iter=329 WAIST cost=34.0000 best_alt=22.0000 gap=12.0000 tried=5 sep_labels=22 clique_frac=0.00
t=73153ms iter=329 REBUILD reject new_tc=35.4724 (was 34.5742)
t=73221ms iter=329 incumb=34.5742 ratchet=35.2357 best=34.5345 since_improve=296
t=73235ms iter=330 WAIST cost=34.0000 best_alt=22.0000 gap=12.0000 tried=5 sep_labels=22 clique_frac=0.00
t=73376ms iter=330 REBUILD reject new_tc=35.4282 (was 34.5742)
t=73443ms iter=330 incumb=34.5742 ratchet=35.0208 best=34.5345 since_improve=297
t=73458ms iter=331 WAIST cost=34.0000 best_alt=22.0000 gap=12.0000 tried=5 sep_labels=22 clique_frac=0.00
t=73599ms iter=331 REBUILD reject new_tc=35.4958 (was 34.5742)
t=73665ms iter=331 incumb=34.5742 ratchet=35.6725 best=34.5345 since_improve=298
t=73681ms iter=332 WAIST cost=34.0000 best_alt=22.0000 gap=12.0000 tried=5 sep_labels=22 clique_frac=0.00
t=73821ms iter=332 REBUILD reject new_tc=35.4524 (was 34.5742)
t=73888ms iter=332 incumb=34.5742 ratchet=35.1934 best=34.5345 since_improve=299
t=73906ms iter=333 WAIST cost=34.0000 best_alt=22.0000 gap=12.0000 tried=5 sep_labels=22 clique_frac=0.00
t=74051ms iter=333 REBUILD reject new_tc=35.4403 (was 34.5742)
t=74119ms iter=333 incumb=34.5742 ratchet=35.2157 best=34.5345 since_improve=300
t=74137ms iter=334 WAIST cost=34.0000 best_alt=22.0000 gap=12.0000 tried=5 sep_labels=22 clique_frac=0.00
t=74279ms iter=334 REBUILD reject new_tc=35.6068 (was 34.5742)
t=74345ms iter=334 incumb=34.5742 ratchet=35.4937 best=34.5345 since_improve=301
t=74362ms iter=335 WAIST cost=34.0000 best_alt=22.0000 gap=12.0000 tried=5 sep_labels=22 clique_frac=0.00
t=74501ms iter=335 REBUILD reject new_tc=35.3164 (was 34.5742)
t=74569ms iter=335 incumb=34.5742 ratchet=35.1872 best=34.5345 since_improve=302
t=74584ms iter=336 WAIST cost=34.0000 best_alt=22.0000 gap=12.0000 tried=5 sep_labels=22 clique_frac=0.00
t=74727ms iter=336 REBUILD reject new_tc=35.6426 (was 34.5742)
t=74794ms iter=336 incumb=34.5742 ratchet=35.2719 best=34.5345 since_improve=303
t=74809ms iter=337 WAIST cost=34.0000 best_alt=22.0000 gap=12.0000 tried=5 sep_labels=22 clique_frac=0.00
t=74949ms iter=337 REBUILD reject new_tc=34.9335 (was 34.5742)
t=75016ms iter=337 incumb=34.5742 ratchet=35.1823 best=34.5345 since_improve=304
t=75034ms iter=338 WAIST cost=34.0000 best_alt=22.0000 gap=12.0000 tried=5 sep_labels=22 clique_frac=0.00
t=75177ms iter=338 REBUILD reject new_tc=35.6906 (was 34.5742)
t=75244ms iter=338 incumb=34.5742 ratchet=34.7604 best=34.5345 since_improve=305
t=75259ms iter=339 WAIST cost=34.0000 best_alt=22.0000 gap=12.0000 tried=5 sep_labels=22 clique_frac=0.00
t=75399ms iter=339 REBUILD reject new_tc=35.4164 (was 34.5742)
t=75466ms iter=339 incumb=34.5742 ratchet=35.1266 best=34.5345 since_improve=306
t=75483ms iter=340 WAIST cost=34.0000 best_alt=22.0000 gap=12.0000 tried=5 sep_labels=22 clique_frac=0.00
t=75625ms iter=340 REBUILD reject new_tc=35.3630 (was 34.5742)
t=75691ms iter=340 incumb=34.5742 ratchet=35.1802 best=34.5345 since_improve=307
t=75708ms iter=341 WAIST cost=34.0000 best_alt=22.0000 gap=12.0000 tried=5 sep_labels=22 clique_frac=0.00
t=75849ms iter=341 REBUILD reject new_tc=35.5491 (was 34.5742)
t=75916ms iter=341 incumb=34.5742 ratchet=35.0855 best=34.5345 since_improve=308
t=75934ms iter=342 WAIST cost=34.0000 best_alt=22.0000 gap=12.0000 tried=5 sep_labels=22 clique_frac=0.00
t=76074ms iter=342 REBUILD reject new_tc=35.4713 (was 34.5742)
t=76141ms iter=342 incumb=34.5742 ratchet=35.7826 best=34.5345 since_improve=309
t=76160ms iter=343 WAIST cost=34.0000 best_alt=22.0000 gap=12.0000 tried=5 sep_labels=22 clique_frac=0.00
t=76300ms iter=343 REBUILD reject new_tc=35.3744 (was 34.5742)
t=76368ms iter=343 incumb=34.5742 ratchet=34.8593 best=34.5345 since_improve=310
t=76385ms iter=344 WAIST cost=34.0000 best_alt=22.0000 gap=12.0000 tried=5 sep_labels=22 clique_frac=0.00
t=76524ms iter=344 REBUILD reject new_tc=35.4486 (was 34.5742)
t=76591ms iter=344 incumb=34.5742 ratchet=35.2031 best=34.5345 since_improve=311
t=76607ms iter=345 WAIST cost=34.0000 best_alt=22.0000 gap=12.0000 tried=5 sep_labels=22 clique_frac=0.00
t=76748ms iter=345 REBUILD reject new_tc=35.3715 (was 34.5742)
t=76814ms iter=345 incumb=34.5742 ratchet=35.2351 best=34.5345 since_improve=312
t=76829ms iter=346 WAIST cost=34.0000 best_alt=22.0000 gap=12.0000 tried=5 sep_labels=22 clique_frac=0.00
t=76970ms iter=346 REBUILD reject new_tc=35.3868 (was 34.5742)
t=77037ms iter=346 incumb=34.5742 ratchet=35.0684 best=34.5345 since_improve=313
t=77052ms iter=347 WAIST cost=34.0000 best_alt=22.0000 gap=12.0000 tried=5 sep_labels=22 clique_frac=0.00
t=77194ms iter=347 REBUILD reject new_tc=35.5799 (was 34.5742)
t=77260ms iter=347 incumb=34.5742 ratchet=34.9856 best=34.5345 since_improve=314
t=77277ms iter=348 WAIST cost=34.0000 best_alt=22.0000 gap=12.0000 tried=5 sep_labels=22 clique_frac=0.00
t=77418ms iter=348 REBUILD reject new_tc=35.7566 (was 34.5742)
t=77485ms iter=348 incumb=34.5742 ratchet=34.9625 best=34.5345 since_improve=315
t=77502ms iter=349 WAIST cost=34.0000 best_alt=22.0000 gap=12.0000 tried=5 sep_labels=22 clique_frac=0.00
t=77642ms iter=349 REBUILD reject new_tc=35.4320 (was 34.5742)
t=77708ms iter=349 incumb=34.5742 ratchet=35.5562 best=34.5345 since_improve=316
t=77724ms iter=350 WAIST cost=34.0000 best_alt=22.0000 gap=12.0000 tried=5 sep_labels=22 clique_frac=0.00
t=77872ms iter=350 REBUILD ACCEPT new_tc=34.4480 (was 34.5742)
t=77940ms iter=350 incumb=34.4480 ratchet=36.0673 best=34.4480 since_improve=1
t=77950ms iter=351 WAIST cost=33.0000 best_alt=22.0000 gap=11.0000 tried=5 sep_labels=22 clique_frac=0.00
t=78108ms iter=351 REBUILD reject new_tc=37.9354 (was 34.4480)
t=78174ms iter=351 incumb=34.4480 ratchet=35.8388 best=34.4480 since_improve=2
t=78186ms iter=352 WAIST cost=33.0000 best_alt=22.0000 gap=11.0000 tried=5 sep_labels=22 clique_frac=0.00
t=78345ms iter=352 REBUILD reject new_tc=38.5145 (was 34.4480)
t=78411ms iter=352 incumb=34.4480 ratchet=36.2048 best=34.4480 since_improve=3
t=78424ms iter=353 WAIST cost=33.0000 best_alt=22.0000 gap=11.0000 tried=5 sep_labels=22 clique_frac=0.00
t=78583ms iter=353 REBUILD reject new_tc=38.2308 (was 34.4480)
t=78653ms iter=353 incumb=34.4480 ratchet=41.3446 best=34.4480 since_improve=4
t=78665ms iter=354 WAIST cost=33.0000 best_alt=22.0000 gap=11.0000 tried=5 sep_labels=22 clique_frac=0.00
t=78827ms iter=354 REBUILD reject new_tc=37.9304 (was 34.4480)
t=78892ms iter=354 incumb=34.4480 ratchet=35.7378 best=34.4480 since_improve=5
t=78905ms iter=355 WAIST cost=33.0000 best_alt=22.0000 gap=11.0000 tried=5 sep_labels=22 clique_frac=0.00
t=79064ms iter=355 REBUILD reject new_tc=38.2128 (was 34.4480)
t=79130ms iter=355 incumb=34.4480 ratchet=35.4997 best=34.4480 since_improve=6
t=79142ms iter=356 WAIST cost=33.0000 best_alt=22.0000 gap=11.0000 tried=5 sep_labels=22 clique_frac=0.00
t=79304ms iter=356 REBUILD reject new_tc=38.7165 (was 34.4480)
t=79370ms iter=356 incumb=34.4480 ratchet=36.0440 best=34.4480 since_improve=7
t=79382ms iter=357 WAIST cost=33.0000 best_alt=22.0000 gap=11.0000 tried=5 sep_labels=22 clique_frac=0.00
t=79542ms iter=357 REBUILD reject new_tc=38.5318 (was 34.4480)
t=79608ms iter=357 incumb=34.4480 ratchet=35.9627 best=34.4480 since_improve=8
t=79620ms iter=358 WAIST cost=33.0000 best_alt=22.0000 gap=11.0000 tried=5 sep_labels=22 clique_frac=0.00
t=79781ms iter=358 REBUILD reject new_tc=38.2641 (was 34.4480)
t=79849ms iter=358 incumb=34.4480 ratchet=36.0984 best=34.4480 since_improve=9
t=79861ms iter=359 WAIST cost=33.0000 best_alt=22.0000 gap=11.0000 tried=5 sep_labels=22 clique_frac=0.00
t=80022ms iter=359 REBUILD reject new_tc=38.2060 (was 34.4480)
t=80089ms iter=359 incumb=34.4480 ratchet=36.3560 best=34.4480 since_improve=10
t=80102ms iter=360 WAIST cost=33.0000 best_alt=22.0000 gap=11.0000 tried=5 sep_labels=22 clique_frac=0.00
t=80263ms iter=360 REBUILD reject new_tc=37.7626 (was 34.4480)
t=80330ms iter=360 incumb=34.4480 ratchet=35.6970 best=34.4480 since_improve=11
t=80342ms iter=361 WAIST cost=33.0000 best_alt=22.0000 gap=11.0000 tried=5 sep_labels=22 clique_frac=0.00
t=80503ms iter=361 REBUILD reject new_tc=38.3156 (was 34.4480)
t=80572ms iter=361 incumb=34.4480 ratchet=36.2371 best=34.4480 since_improve=12
t=80584ms iter=362 WAIST cost=33.0000 best_alt=22.0000 gap=11.0000 tried=5 sep_labels=22 clique_frac=0.00
t=80746ms iter=362 REBUILD reject new_tc=38.4878 (was 34.4480)
t=80813ms iter=362 incumb=34.4480 ratchet=35.8357 best=34.4480 since_improve=13
t=80825ms iter=363 WAIST cost=33.0000 best_alt=22.0000 gap=11.0000 tried=5 sep_labels=22 clique_frac=0.00
t=80984ms iter=363 REBUILD reject new_tc=38.4777 (was 34.4480)
t=81051ms iter=363 incumb=34.4480 ratchet=35.8245 best=34.4480 since_improve=14
t=81064ms iter=364 WAIST cost=33.0000 best_alt=22.0000 gap=11.0000 tried=5 sep_labels=22 clique_frac=0.00
t=81225ms iter=364 REBUILD reject new_tc=38.3217 (was 34.4480)
t=81292ms iter=364 incumb=34.4480 ratchet=35.5700 best=34.4480 since_improve=15
t=81304ms iter=365 WAIST cost=33.0000 best_alt=22.0000 gap=11.0000 tried=5 sep_labels=22 clique_frac=0.00
t=81465ms iter=365 REBUILD reject new_tc=38.4551 (was 34.4480)
t=81533ms iter=365 incumb=34.4480 ratchet=36.1068 best=34.4480 since_improve=16
t=81546ms iter=366 WAIST cost=33.0000 best_alt=22.0000 gap=11.0000 tried=5 sep_labels=22 clique_frac=0.00
t=81706ms iter=366 REBUILD reject new_tc=37.5123 (was 34.4480)
t=81773ms iter=366 incumb=34.4480 ratchet=35.8687 best=34.4480 since_improve=17
t=81786ms iter=367 WAIST cost=33.0000 best_alt=22.0000 gap=11.0000 tried=5 sep_labels=22 clique_frac=0.00
t=81945ms iter=367 REBUILD reject new_tc=37.7662 (was 34.4480)
t=82014ms iter=367 incumb=34.4480 ratchet=36.3014 best=34.4480 since_improve=18
t=82026ms iter=368 WAIST cost=33.0000 best_alt=22.0000 gap=11.0000 tried=5 sep_labels=22 clique_frac=0.00
t=82186ms iter=368 REBUILD reject new_tc=37.8560 (was 34.4480)
t=82253ms iter=368 incumb=34.4480 ratchet=36.0942 best=34.4480 since_improve=19
t=82265ms iter=369 WAIST cost=33.0000 best_alt=22.0000 gap=11.0000 tried=5 sep_labels=22 clique_frac=0.00
t=82426ms iter=369 REBUILD reject new_tc=38.5438 (was 34.4480)
t=82492ms iter=369 incumb=34.4480 ratchet=36.1926 best=34.4480 since_improve=20
t=82505ms iter=370 WAIST cost=33.0000 best_alt=22.0000 gap=11.0000 tried=5 sep_labels=22 clique_frac=0.00
t=82663ms iter=370 REBUILD reject new_tc=38.3109 (was 34.4480)
t=82730ms iter=370 incumb=34.4480 ratchet=35.9851 best=34.4480 since_improve=21
t=82743ms iter=371 WAIST cost=33.0000 best_alt=22.0000 gap=11.0000 tried=5 sep_labels=22 clique_frac=0.00
t=82903ms iter=371 REBUILD reject new_tc=38.1270 (was 34.4480)
t=82971ms iter=371 incumb=34.4480 ratchet=36.5722 best=34.4480 since_improve=22
t=82983ms iter=372 WAIST cost=33.0000 best_alt=22.0000 gap=11.0000 tried=5 sep_labels=22 clique_frac=0.00
t=83144ms iter=372 REBUILD reject new_tc=38.4190 (was 34.4480)
t=83212ms iter=372 incumb=34.4480 ratchet=36.2300 best=34.4480 since_improve=23
t=83224ms iter=373 WAIST cost=33.0000 best_alt=22.0000 gap=11.0000 tried=5 sep_labels=22 clique_frac=0.00
t=83385ms iter=373 REBUILD reject new_tc=38.3730 (was 34.4480)
t=83451ms iter=373 incumb=34.4480 ratchet=35.4644 best=34.4480 since_improve=24
t=83464ms iter=374 WAIST cost=33.0000 best_alt=22.0000 gap=11.0000 tried=5 sep_labels=22 clique_frac=0.00
t=83625ms iter=374 REBUILD reject new_tc=38.5316 (was 34.4480)
t=83693ms iter=374 incumb=34.4480 ratchet=35.9396 best=34.4480 since_improve=25
t=83706ms iter=375 WAIST cost=33.0000 best_alt=22.0000 gap=11.0000 tried=5 sep_labels=22 clique_frac=0.00
t=83867ms iter=375 REBUILD reject new_tc=38.4605 (was 34.4480)
t=83934ms iter=375 incumb=34.4480 ratchet=36.1211 best=34.4480 since_improve=26
t=83947ms iter=376 WAIST cost=33.0000 best_alt=22.0000 gap=11.0000 tried=5 sep_labels=22 clique_frac=0.00
t=84107ms iter=376 REBUILD reject new_tc=38.2720 (was 34.4480)
t=84175ms iter=376 incumb=34.4480 ratchet=36.2343 best=34.4480 since_improve=27
t=84188ms iter=377 WAIST cost=33.0000 best_alt=22.0000 gap=11.0000 tried=5 sep_labels=22 clique_frac=0.00
t=84349ms iter=377 REBUILD reject new_tc=38.6135 (was 34.4480)
t=84415ms iter=377 incumb=34.4480 ratchet=35.9077 best=34.4480 since_improve=28
t=84428ms iter=378 WAIST cost=33.0000 best_alt=22.0000 gap=11.0000 tried=5 sep_labels=22 clique_frac=0.00
t=84586ms iter=378 REBUILD reject new_tc=38.2890 (was 34.4480)
t=84653ms iter=378 incumb=34.4480 ratchet=35.8917 best=34.4480 since_improve=29
t=84666ms iter=379 WAIST cost=33.0000 best_alt=22.0000 gap=11.0000 tried=5 sep_labels=22 clique_frac=0.00
t=84829ms iter=379 REBUILD reject new_tc=37.9066 (was 34.4480)
t=84896ms iter=379 incumb=34.4480 ratchet=35.7582 best=34.4480 since_improve=30
t=84909ms iter=380 WAIST cost=33.0000 best_alt=22.0000 gap=11.0000 tried=5 sep_labels=22 clique_frac=0.00
t=85069ms iter=380 REBUILD reject new_tc=38.3285 (was 34.4480)
t=85136ms iter=380 incumb=34.4480 ratchet=36.0095 best=34.4480 since_improve=31
t=85148ms iter=381 WAIST cost=33.0000 best_alt=22.0000 gap=11.0000 tried=5 sep_labels=22 clique_frac=0.00
t=85306ms iter=381 REBUILD reject new_tc=38.2407 (was 34.4480)
t=85372ms iter=381 incumb=34.4480 ratchet=35.8796 best=34.4480 since_improve=32
t=85385ms iter=382 WAIST cost=33.0000 best_alt=22.0000 gap=11.0000 tried=5 sep_labels=22 clique_frac=0.00
t=85545ms iter=382 REBUILD reject new_tc=37.7809 (was 34.4480)
t=85612ms iter=382 incumb=34.4480 ratchet=35.9378 best=34.4480 since_improve=33
t=85624ms iter=383 WAIST cost=33.0000 best_alt=22.0000 gap=11.0000 tried=5 sep_labels=22 clique_frac=0.00
t=85783ms iter=383 REBUILD reject new_tc=38.3125 (was 34.4480)
t=85851ms iter=383 incumb=34.4480 ratchet=36.0584 best=34.4480 since_improve=34
t=85864ms iter=384 WAIST cost=33.0000 best_alt=22.0000 gap=11.0000 tried=5 sep_labels=22 clique_frac=0.00
t=86026ms iter=384 REBUILD reject new_tc=38.4457 (was 34.4480)
t=86092ms iter=384 incumb=34.4480 ratchet=36.0729 best=34.4480 since_improve=35
t=86105ms iter=385 WAIST cost=33.0000 best_alt=22.0000 gap=11.0000 tried=5 sep_labels=22 clique_frac=0.00
t=86264ms iter=385 REBUILD reject new_tc=38.4377 (was 34.4480)
t=86334ms iter=385 incumb=34.4480 ratchet=40.1694 best=34.4480 since_improve=36
t=86347ms iter=386 WAIST cost=33.0000 best_alt=22.0000 gap=11.0000 tried=5 sep_labels=22 clique_frac=0.00
t=86506ms iter=386 REBUILD reject new_tc=38.5182 (was 34.4480)
t=86574ms iter=386 incumb=34.4480 ratchet=36.1101 best=34.4480 since_improve=37
t=86587ms iter=387 WAIST cost=33.0000 best_alt=22.0000 gap=11.0000 tried=5 sep_labels=22 clique_frac=0.00
t=86779ms iter=387 REBUILD reject new_tc=38.2879 (was 34.4480)
t=86879ms iter=387 incumb=34.4480 ratchet=44.6935 best=34.4480 since_improve=38
t=86891ms iter=388 WAIST cost=33.0000 best_alt=22.0000 gap=11.0000 tried=5 sep_labels=22 clique_frac=0.00
t=87052ms iter=388 REBUILD reject new_tc=38.1525 (was 34.4480)
t=87119ms iter=388 incumb=34.4480 ratchet=35.9915 best=34.4480 since_improve=39
t=87132ms iter=389 WAIST cost=33.0000 best_alt=22.0000 gap=11.0000 tried=5 sep_labels=22 clique_frac=0.00
t=87291ms iter=389 REBUILD reject new_tc=38.2652 (was 34.4480)
t=87301ms iter=389 incumb=34.4480 ratchet=36.7237 best=34.4480 since_improve=40
t_final=87308ms tc_reduced=34.4480 tc_full=34.4480 leaves=572
surgery summary: calls=389 cheaper_cuts=389 rebuild_accepts=4 waist_min_hits=0
