probe: instance=uai_Grids_15 n_orig=1560 n=756 fusible=0.5154 nlabels=396 t=5ms
seed_greedy tc=32.4208 t=522ms
t=625ms iter=1 WAIST cost=25.0000 best_alt=18.0000 gap=7.0000 tried=5 sep_labels=18 clique_frac=0.01
t=825ms iter=1 REBUILD ACCEPT new_tc=27.1339 (was 27.2789)
t=944ms iter=1 incumb=27.1339 ratchet=27.3373 best=27.1339 since_improve=1
t=962ms iter=2 WAIST cost=25.0000 best_alt=16.0000 gap=9.0000 tried=5 sep_labels=16 clique_frac=0.02
t=1136ms iter=2 REBUILD reject new_tc=27.3394 (was 27.1339)
t=1256ms iter=2 incumb=27.1339 ratchet=27.2873 best=27.1339 since_improve=2
t=1277ms iter=3 WAIST cost=25.0000 best_alt=16.0000 gap=9.0000 tried=5 sep_labels=16 clique_frac=0.00
t=1447ms iter=3 REBUILD reject new_tc=27.6746 (was 27.1339)
t=1571ms iter=3 incumb=27.1339 ratchet=27.3655 best=27.1339 since_improve=3
t=1590ms iter=4 WAIST cost=25.0000 best_alt=16.0000 gap=9.0000 tried=5 sep_labels=16 clique_frac=0.02
t=1812ms iter=4 REBUILD ACCEPT new_tc=26.8147 (was 27.1339)
t=1940ms iter=4 incumb=26.8147 ratchet=26.9363 best=26.8147 since_improve=1
t=1964ms iter=5 WAIST cost=24.0000 best_alt=18.0000 gap=6.0000 tried=5 sep_labels=18 clique_frac=0.03
t=2133ms iter=5 REBUILD reject new_tc=26.9870 (was 26.8147)
t=2330ms iter=5 incumb=26.8147 ratchet=26.7812 best=26.7812 since_improve=0
t=2349ms iter=6 WAIST cost=24.0000 best_alt=18.0000 gap=6.0000 tried=5 sep_labels=18 clique_frac=0.00
t=2508ms iter=6 REBUILD reject new_tc=27.4394 (was 26.7812)
t=2643ms iter=6 incumb=26.7812 ratchet=26.8229 best=26.7812 since_improve=1
t=2659ms iter=7 WAIST cost=24.0000 best_alt=18.0000 gap=6.0000 tried=5 sep_labels=18 clique_frac=0.00
t=2822ms iter=7 REBUILD reject new_tc=26.8743 (was 26.7812)
t=2954ms iter=7 incumb=26.7812 ratchet=26.8778 best=26.7812 since_improve=2
t=2973ms iter=8 WAIST cost=24.0000 best_alt=18.0000 gap=6.0000 tried=5 sep_labels=18 clique_frac=0.00
t=3132ms iter=8 REBUILD reject new_tc=28.9166 (was 26.7812)
t=3265ms iter=8 incumb=26.7812 ratchet=26.9401 best=26.7812 since_improve=3
t=3289ms iter=9 WAIST cost=24.0000 best_alt=18.0000 gap=6.0000 tried=5 sep_labels=18 clique_frac=0.00
t=3454ms iter=9 REBUILD reject new_tc=26.8375 (was 26.7812)
t=3589ms iter=9 incumb=26.7812 ratchet=27.0225 best=26.7812 since_improve=4
t=3607ms iter=10 WAIST cost=24.0000 best_alt=18.0000 gap=6.0000 tried=5 sep_labels=18 clique_frac=0.00
t=3772ms iter=10 REBUILD reject new_tc=27.0370 (was 26.7812)
t=3957ms iter=10 incumb=26.7812 ratchet=26.6702 best=26.6702 since_improve=0
t=3971ms iter=11 WAIST cost=24.0000 best_alt=19.0000 gap=5.0000 tried=5 sep_labels=19 clique_frac=0.00
t=4160ms iter=11 REBUILD reject new_tc=27.0777 (was 26.6702)
t=4290ms iter=11 incumb=26.6702 ratchet=26.7371 best=26.6702 since_improve=1
t=4308ms iter=12 WAIST cost=24.0000 best_alt=19.0000 gap=5.0000 tried=5 sep_labels=19 clique_frac=0.00
t=4495ms iter=12 REBUILD reject new_tc=27.1499 (was 26.6702)
t=4626ms iter=12 incumb=26.6702 ratchet=26.8413 best=26.6702 since_improve=2
t=4646ms iter=13 WAIST cost=24.0000 best_alt=19.0000 gap=5.0000 tried=5 sep_labels=19 clique_frac=0.00
t=4832ms iter=13 REBUILD reject new_tc=27.1311 (was 26.6702)
t=5021ms iter=13 incumb=26.6702 ratchet=26.6371 best=26.6371 since_improve=0
t=5037ms iter=14 WAIST cost=24.0000 best_alt=19.0000 gap=5.0000 tried=5 sep_labels=19 clique_frac=0.00
t=5221ms iter=14 REBUILD reject new_tc=26.8778 (was 26.6371)
t=5349ms iter=14 incumb=26.6371 ratchet=26.6587 best=26.6371 since_improve=1
t=5365ms iter=15 WAIST cost=24.0000 best_alt=19.0000 gap=5.0000 tried=5 sep_labels=19 clique_frac=0.00
t=5553ms iter=15 REBUILD reject new_tc=27.0476 (was 26.6371)
t=5686ms iter=15 incumb=26.6371 ratchet=26.8171 best=26.6371 since_improve=2
t=5707ms iter=16 WAIST cost=24.0000 best_alt=19.0000 gap=5.0000 tried=5 sep_labels=19 clique_frac=0.00
t=5892ms iter=16 REBUILD reject new_tc=27.3322 (was 26.6371)
t=6020ms iter=16 incumb=26.6371 ratchet=26.7574 best=26.6371 since_improve=3
t=6038ms iter=17 WAIST cost=24.0000 best_alt=19.0000 gap=5.0000 tried=5 sep_labels=19 clique_frac=0.00
t=6224ms iter=17 REBUILD reject new_tc=27.2237 (was 26.6371)
t=6352ms iter=17 incumb=26.6371 ratchet=26.7577 best=26.6371 since_improve=4
t=6371ms iter=18 WAIST cost=24.0000 best_alt=18.0000 gap=6.0000 tried=5 sep_labels=18 clique_frac=0.01
t=6537ms iter=18 REBUILD reject new_tc=27.6833 (was 26.6371)
t=6740ms iter=18 incumb=26.6371 ratchet=26.6211 best=26.6104 since_improve=0
t=6757ms iter=19 WAIST cost=24.0000 best_alt=18.0000 gap=6.0000 tried=5 sep_labels=18 clique_frac=0.01
t=6926ms iter=19 REBUILD reject new_tc=27.2032 (was 26.6211)
t=7060ms iter=19 incumb=26.6211 ratchet=26.7562 best=26.6104 since_improve=1
t=7077ms iter=20 WAIST cost=24.0000 best_alt=18.0000 gap=6.0000 tried=5 sep_labels=18 clique_frac=0.01
t=7242ms iter=20 REBUILD reject new_tc=27.1140 (was 26.6211)
t=7378ms iter=20 incumb=26.6211 ratchet=26.8561 best=26.6104 since_improve=2
t=7399ms iter=21 WAIST cost=24.0000 best_alt=19.0000 gap=5.0000 tried=5 sep_labels=19 clique_frac=0.00
t=7587ms iter=21 REBUILD reject new_tc=27.5714 (was 26.6211)
t=7721ms iter=21 incumb=26.6211 ratchet=26.7240 best=26.6104 since_improve=3
t=7745ms iter=22 WAIST cost=24.0000 best_alt=19.0000 gap=5.0000 tried=5 sep_labels=19 clique_frac=0.00
t=7933ms iter=22 REBUILD reject new_tc=27.1912 (was 26.6211)
t=8121ms iter=22 incumb=26.6211 ratchet=26.6097 best=26.6097 since_improve=0
t=8139ms iter=23 WAIST cost=23.0000 best_alt=18.0000 gap=5.0000 tried=5 sep_labels=18 clique_frac=0.03
t=8307ms iter=23 REBUILD reject new_tc=26.8875 (was 26.6097)
t=8443ms iter=23 incumb=26.6097 ratchet=26.7703 best=26.6097 since_improve=1
t=8459ms iter=24 WAIST cost=23.0000 best_alt=18.0000 gap=5.0000 tried=5 sep_labels=18 clique_frac=0.03
t=8627ms iter=24 REBUILD reject new_tc=27.1574 (was 26.6097)
t=8757ms iter=24 incumb=26.6097 ratchet=26.6246 best=26.6097 since_improve=2
t=8786ms iter=25 WAIST cost=23.0000 best_alt=18.0000 gap=5.0000 tried=5 sep_labels=18 clique_frac=0.03
t=8953ms iter=25 REBUILD reject new_tc=27.2047 (was 26.6097)
t=9081ms iter=25 incumb=26.6097 ratchet=26.7358 best=26.6097 since_improve=3
t=9101ms iter=26 WAIST cost=23.0000 best_alt=18.0000 gap=5.0000 tried=5 sep_labels=18 clique_frac=0.03
t=9269ms iter=26 REBUILD reject new_tc=26.7568 (was 26.6097)
t=9402ms iter=26 incumb=26.6097 ratchet=26.8527 best=26.6097 since_improve=4
t=9414ms iter=27 WAIST cost=23.0000 best_alt=18.0000 gap=5.0000 tried=5 sep_labels=18 clique_frac=0.03
t=9580ms iter=27 REBUILD reject new_tc=27.3523 (was 26.6097)
t=9710ms iter=27 incumb=26.6097 ratchet=26.7026 best=26.6097 since_improve=5
t=9724ms iter=28 WAIST cost=23.0000 best_alt=18.0000 gap=5.0000 tried=5 sep_labels=18 clique_frac=0.03
t=9890ms iter=28 REBUILD reject new_tc=26.8671 (was 26.6097)
t=10026ms iter=28 incumb=26.6097 ratchet=26.6938 best=26.6097 since_improve=6
t=10042ms iter=29 WAIST cost=23.0000 best_alt=18.0000 gap=5.0000 tried=5 sep_labels=18 clique_frac=0.03
t=10206ms iter=29 REBUILD reject new_tc=26.8699 (was 26.6097)
t=10337ms iter=29 incumb=26.6097 ratchet=26.6514 best=26.6097 since_improve=7
t=10353ms iter=30 WAIST cost=23.0000 best_alt=18.0000 gap=5.0000 tried=5 sep_labels=18 clique_frac=0.03
t=10519ms iter=30 REBUILD reject new_tc=26.8148 (was 26.6097)
t=10652ms iter=30 incumb=26.6097 ratchet=26.8178 best=26.6097 since_improve=8
t=10666ms iter=31 WAIST cost=23.0000 best_alt=18.0000 gap=5.0000 tried=5 sep_labels=18 clique_frac=0.03
t=10830ms iter=31 REBUILD reject new_tc=27.2136 (was 26.6097)
t=10965ms iter=31 incumb=26.6097 ratchet=26.7980 best=26.6097 since_improve=9
t=10992ms iter=32 WAIST cost=23.0000 best_alt=18.0000 gap=5.0000 tried=5 sep_labels=18 clique_frac=0.03
t=11158ms iter=32 REBUILD reject new_tc=27.1896 (was 26.6097)
t=11290ms iter=32 incumb=26.6097 ratchet=26.7771 best=26.6097 since_improve=10
t=11307ms iter=33 WAIST cost=23.0000 best_alt=18.0000 gap=5.0000 tried=5 sep_labels=18 clique_frac=0.03
t=11471ms iter=33 REBUILD reject new_tc=26.8164 (was 26.6097)
t=11607ms iter=33 incumb=26.6097 ratchet=26.7114 best=26.6097 since_improve=11
t=11623ms iter=34 WAIST cost=23.0000 best_alt=18.0000 gap=5.0000 tried=5 sep_labels=18 clique_frac=0.03
t=11790ms iter=34 REBUILD reject new_tc=27.1685 (was 26.6097)
t=11919ms iter=34 incumb=26.6097 ratchet=26.7500 best=26.6097 since_improve=12
t=11938ms iter=35 WAIST cost=23.0000 best_alt=18.0000 gap=5.0000 tried=5 sep_labels=18 clique_frac=0.03
t=12107ms iter=35 REBUILD reject new_tc=26.6248 (was 26.6097)
t=12243ms iter=35 incumb=26.6097 ratchet=26.8627 best=26.6097 since_improve=13
t=12265ms iter=36 WAIST cost=23.0000 best_alt=18.0000 gap=5.0000 tried=5 sep_labels=18 clique_frac=0.03
t=12438ms iter=36 REBUILD reject new_tc=27.6537 (was 26.6097)
t=12565ms iter=36 incumb=26.6097 ratchet=26.6914 best=26.6097 since_improve=14
t=12583ms iter=37 WAIST cost=23.0000 best_alt=18.0000 gap=5.0000 tried=5 sep_labels=18 clique_frac=0.03
t=12749ms iter=37 REBUILD reject new_tc=27.6656 (was 26.6097)
t=12878ms iter=37 incumb=26.6097 ratchet=26.8250 best=26.6097 since_improve=15
t=12898ms iter=38 WAIST cost=23.0000 best_alt=18.0000 gap=5.0000 tried=5 sep_labels=18 clique_frac=0.03
t=13063ms iter=38 REBUILD reject new_tc=26.9435 (was 26.6097)
t=13193ms iter=38 incumb=26.6097 ratchet=26.9371 best=26.6097 since_improve=16
t=13204ms iter=39 WAIST cost=23.0000 best_alt=18.0000 gap=5.0000 tried=5 sep_labels=18 clique_frac=0.03
t=13367ms iter=39 REBUILD reject new_tc=27.2547 (was 26.6097)
t=13499ms iter=39 incumb=26.6097 ratchet=26.6770 best=26.6097 since_improve=17
t=13521ms iter=40 WAIST cost=23.0000 best_alt=18.0000 gap=5.0000 tried=5 sep_labels=18 clique_frac=0.03
t=13688ms iter=40 REBUILD reject new_tc=27.2134 (was 26.6097)
t=13819ms iter=40 incumb=26.6097 ratchet=26.8267 best=26.6097 since_improve=18
t=13837ms iter=41 WAIST cost=23.0000 best_alt=18.0000 gap=5.0000 tried=5 sep_labels=18 clique_frac=0.03
t=14002ms iter=41 REBUILD reject new_tc=26.7432 (was 26.6097)
t=14137ms iter=41 incumb=26.6097 ratchet=27.0438 best=26.6097 since_improve=19
t=14151ms iter=42 WAIST cost=23.0000 best_alt=18.0000 gap=5.0000 tried=5 sep_labels=18 clique_frac=0.03
t=14314ms iter=42 REBUILD reject new_tc=27.2859 (was 26.6097)
t=14447ms iter=42 incumb=26.6097 ratchet=26.7535 best=26.6097 since_improve=20
t=14471ms iter=43 WAIST cost=23.0000 best_alt=18.0000 gap=5.0000 tried=5 sep_labels=18 clique_frac=0.03
t=14635ms iter=43 REBUILD reject new_tc=26.7380 (was 26.6097)
t=14765ms iter=43 incumb=26.6097 ratchet=26.8076 best=26.6097 since_improve=21
t=14781ms iter=44 WAIST cost=23.0000 best_alt=18.0000 gap=5.0000 tried=5 sep_labels=18 clique_frac=0.03
t=14948ms iter=44 REBUILD reject new_tc=27.3229 (was 26.6097)
t=15083ms iter=44 incumb=26.6097 ratchet=26.7075 best=26.6097 since_improve=22
t=15102ms iter=45 WAIST cost=23.0000 best_alt=18.0000 gap=5.0000 tried=5 sep_labels=18 clique_frac=0.03
t=15264ms iter=45 REBUILD reject new_tc=27.1895 (was 26.6097)
t=15395ms iter=45 incumb=26.6097 ratchet=26.8364 best=26.6097 since_improve=23
t=15417ms iter=46 WAIST cost=23.0000 best_alt=18.0000 gap=5.0000 tried=5 sep_labels=18 clique_frac=0.03
t=15581ms iter=46 REBUILD reject new_tc=27.4475 (was 26.6097)
t=15715ms iter=46 incumb=26.6097 ratchet=26.8196 best=26.6097 since_improve=24
t=15731ms iter=47 WAIST cost=23.0000 best_alt=18.0000 gap=5.0000 tried=5 sep_labels=18 clique_frac=0.03
t=15898ms iter=47 REBUILD reject new_tc=26.8334 (was 26.6097)
t=16024ms iter=47 incumb=26.6097 ratchet=26.7067 best=26.6097 since_improve=25
t=16046ms iter=48 WAIST cost=23.0000 best_alt=18.0000 gap=5.0000 tried=5 sep_labels=18 clique_frac=0.03
t=16212ms iter=48 REBUILD reject new_tc=27.0613 (was 26.6097)
t=16349ms iter=48 incumb=26.6097 ratchet=26.9115 best=26.6097 since_improve=26
t=16371ms iter=49 WAIST cost=23.0000 best_alt=18.0000 gap=5.0000 tried=5 sep_labels=18 clique_frac=0.03
t=16535ms iter=49 REBUILD reject new_tc=26.8225 (was 26.6097)
t=16666ms iter=49 incumb=26.6097 ratchet=26.6894 best=26.6097 since_improve=27
t=16686ms iter=50 WAIST cost=23.0000 best_alt=18.0000 gap=5.0000 tried=5 sep_labels=18 clique_frac=0.03
t=16849ms iter=50 REBUILD reject new_tc=26.9800 (was 26.6097)
t=17000ms iter=50 incumb=26.6097 ratchet=26.7079 best=26.6097 since_improve=28
t=17016ms iter=51 WAIST cost=23.0000 best_alt=18.0000 gap=5.0000 tried=5 sep_labels=18 clique_frac=0.03
t=17183ms iter=51 REBUILD reject new_tc=27.2300 (was 26.6097)
t=17313ms iter=51 incumb=26.6097 ratchet=26.9341 best=26.6097 since_improve=29
t=17333ms iter=52 WAIST cost=23.0000 best_alt=18.0000 gap=5.0000 tried=5 sep_labels=18 clique_frac=0.03
t=17499ms iter=52 REBUILD reject new_tc=26.9355 (was 26.6097)
t=17632ms iter=52 incumb=26.6097 ratchet=26.8434 best=26.6097 since_improve=30
t=17652ms iter=53 WAIST cost=23.0000 best_alt=18.0000 gap=5.0000 tried=5 sep_labels=18 clique_frac=0.03
t=17816ms iter=53 REBUILD reject new_tc=26.7536 (was 26.6097)
t=17956ms iter=53 incumb=26.6097 ratchet=26.7062 best=26.6097 since_improve=31
t=17974ms iter=54 WAIST cost=23.0000 best_alt=18.0000 gap=5.0000 tried=5 sep_labels=18 clique_frac=0.03
t=18139ms iter=54 REBUILD reject new_tc=26.9875 (was 26.6097)
t=18269ms iter=54 incumb=26.6097 ratchet=26.6647 best=26.6097 since_improve=32
t=18281ms iter=55 WAIST cost=23.0000 best_alt=18.0000 gap=5.0000 tried=5 sep_labels=18 clique_frac=0.03
t=18447ms iter=55 REBUILD reject new_tc=27.2315 (was 26.6097)
t=18572ms iter=55 incumb=26.6097 ratchet=26.7474 best=26.6097 since_improve=33
t=18594ms iter=56 WAIST cost=23.0000 best_alt=18.0000 gap=5.0000 tried=5 sep_labels=18 clique_frac=0.03
t=18757ms iter=56 REBUILD reject new_tc=26.7315 (was 26.6097)
t=18890ms iter=56 incumb=26.6097 ratchet=26.6933 best=26.6097 since_improve=34
t=18914ms iter=57 WAIST cost=23.0000 best_alt=18.0000 gap=5.0000 tried=5 sep_labels=18 clique_frac=0.03
t=19080ms iter=57 REBUILD reject new_tc=26.8876 (was 26.6097)
t=19211ms iter=57 incumb=26.6097 ratchet=26.7902 best=26.6097 since_improve=35
t=19236ms iter=58 WAIST cost=23.0000 best_alt=18.0000 gap=5.0000 tried=5 sep_labels=18 clique_frac=0.03
t=19400ms iter=58 REBUILD reject new_tc=26.9681 (was 26.6097)
t=19533ms iter=58 incumb=26.6097 ratchet=26.7807 best=26.6097 since_improve=36
t=19552ms iter=59 WAIST cost=23.0000 best_alt=18.0000 gap=5.0000 tried=5 sep_labels=18 clique_frac=0.03
t=19719ms iter=59 REBUILD reject new_tc=27.1800 (was 26.6097)
t=19855ms iter=59 incumb=26.6097 ratchet=26.7321 best=26.6097 since_improve=37
t=19875ms iter=60 WAIST cost=23.0000 best_alt=18.0000 gap=5.0000 tried=5 sep_labels=18 clique_frac=0.03
t=20040ms iter=60 REBUILD reject new_tc=27.0000 (was 26.6097)
t=20170ms iter=60 incumb=26.6097 ratchet=26.7230 best=26.6097 since_improve=38
t=20190ms iter=61 WAIST cost=23.0000 best_alt=18.0000 gap=5.0000 tried=5 sep_labels=18 clique_frac=0.03
t=20354ms iter=61 REBUILD reject new_tc=26.7865 (was 26.6097)
t=20487ms iter=61 incumb=26.6097 ratchet=26.6193 best=26.6097 since_improve=39
t=20504ms iter=62 WAIST cost=23.0000 best_alt=18.0000 gap=5.0000 tried=5 sep_labels=18 clique_frac=0.03
t=20667ms iter=62 REBUILD reject new_tc=28.3849 (was 26.6097)
t=20803ms iter=62 incumb=26.6097 ratchet=26.8745 best=26.6097 since_improve=40
t=20821ms iter=63 WAIST cost=23.0000 best_alt=18.0000 gap=5.0000 tried=5 sep_labels=18 clique_frac=0.03
t=20987ms iter=63 REBUILD reject new_tc=27.6913 (was 26.6097)
t=21115ms iter=63 incumb=26.6097 ratchet=26.8096 best=26.6097 since_improve=41
t=21133ms iter=64 WAIST cost=23.0000 best_alt=18.0000 gap=5.0000 tried=5 sep_labels=18 clique_frac=0.03
t=21298ms iter=64 REBUILD reject new_tc=27.6323 (was 26.6097)
t=21431ms iter=64 incumb=26.6097 ratchet=26.6896 best=26.6097 since_improve=42
t=21446ms iter=65 WAIST cost=23.0000 best_alt=18.0000 gap=5.0000 tried=5 sep_labels=18 clique_frac=0.03
t=21610ms iter=65 REBUILD reject new_tc=27.0109 (was 26.6097)
t=21741ms iter=65 incumb=26.6097 ratchet=26.8680 best=26.6097 since_improve=43
t=21759ms iter=66 WAIST cost=23.0000 best_alt=18.0000 gap=5.0000 tried=5 sep_labels=18 clique_frac=0.03
t=21923ms iter=66 REBUILD reject new_tc=27.0244 (was 26.6097)
t=22053ms iter=66 incumb=26.6097 ratchet=26.7668 best=26.6097 since_improve=44
t=22074ms iter=67 WAIST cost=23.0000 best_alt=18.0000 gap=5.0000 tried=5 sep_labels=18 clique_frac=0.03
t=22239ms iter=67 REBUILD reject new_tc=26.8775 (was 26.6097)
t=22368ms iter=67 incumb=26.6097 ratchet=26.8049 best=26.6097 since_improve=45
t=22395ms iter=68 WAIST cost=23.0000 best_alt=18.0000 gap=5.0000 tried=5 sep_labels=18 clique_frac=0.03
t=22559ms iter=68 REBUILD reject new_tc=27.2893 (was 26.6097)
t=22690ms iter=68 incumb=26.6097 ratchet=26.7631 best=26.6097 since_improve=46
t=22710ms iter=69 WAIST cost=23.0000 best_alt=18.0000 gap=5.0000 tried=5 sep_labels=18 clique_frac=0.03
t=22872ms iter=69 REBUILD reject new_tc=27.1491 (was 26.6097)
t=23005ms iter=69 incumb=26.6097 ratchet=26.6966 best=26.6097 since_improve=47
t=23025ms iter=70 WAIST cost=23.0000 best_alt=18.0000 gap=5.0000 tried=5 sep_labels=18 clique_frac=0.03
t=23192ms iter=70 REBUILD reject new_tc=27.0763 (was 26.6097)
t=23316ms iter=70 incumb=26.6097 ratchet=26.8519 best=26.6097 since_improve=48
t=23332ms iter=71 WAIST cost=23.0000 best_alt=18.0000 gap=5.0000 tried=5 sep_labels=18 clique_frac=0.03
t=23495ms iter=71 REBUILD reject new_tc=27.0746 (was 26.6097)
t=23634ms iter=71 incumb=26.6097 ratchet=26.9414 best=26.6097 since_improve=49
t=23656ms iter=72 WAIST cost=23.0000 best_alt=18.0000 gap=5.0000 tried=5 sep_labels=18 clique_frac=0.03
t=23818ms iter=72 REBUILD reject new_tc=27.0239 (was 26.6097)
t=23953ms iter=72 incumb=26.6097 ratchet=26.7335 best=26.6097 since_improve=50
t=23970ms iter=73 WAIST cost=23.0000 best_alt=18.0000 gap=5.0000 tried=5 sep_labels=18 clique_frac=0.03
t=24134ms iter=73 REBUILD reject new_tc=27.6018 (was 26.6097)
t=24267ms iter=73 incumb=26.6097 ratchet=26.8039 best=26.6097 since_improve=51
t=24286ms iter=74 WAIST cost=23.0000 best_alt=18.0000 gap=5.0000 tried=5 sep_labels=18 clique_frac=0.03
t=24447ms iter=74 REBUILD reject new_tc=27.7479 (was 26.6097)
t=24580ms iter=74 incumb=26.6097 ratchet=26.7102 best=26.6097 since_improve=52
t=24598ms iter=75 WAIST cost=23.0000 best_alt=18.0000 gap=5.0000 tried=5 sep_labels=18 clique_frac=0.03
t=24739ms iter=75 REBUILD reject new_tc=27.2986 (was 26.6097)
t=24873ms iter=75 incumb=26.6097 ratchet=27.1482 best=26.6097 since_improve=53
t=24889ms iter=76 WAIST cost=23.0000 best_alt=18.0000 gap=5.0000 tried=5 sep_labels=18 clique_frac=0.03
t=25050ms iter=76 REBUILD reject new_tc=27.2581 (was 26.6097)
t=25179ms iter=76 incumb=26.6097 ratchet=26.7279 best=26.6097 since_improve=54
t=25197ms iter=77 WAIST cost=23.0000 best_alt=18.0000 gap=5.0000 tried=5 sep_labels=18 clique_frac=0.03
t=25363ms iter=77 REBUILD reject new_tc=27.1591 (was 26.6097)
t=25499ms iter=77 incumb=26.6097 ratchet=26.8075 best=26.6097 since_improve=55
t=25516ms iter=78 WAIST cost=23.0000 best_alt=18.0000 gap=5.0000 tried=5 sep_labels=18 clique_frac=0.03
t=25680ms iter=78 REBUILD reject new_tc=27.1757 (was 26.6097)
t=25818ms iter=78 incumb=26.6097 ratchet=26.9279 best=26.6097 since_improve=56
t=25836ms iter=79 WAIST cost=23.0000 best_alt=18.0000 gap=5.0000 tried=5 sep_labels=18 clique_frac=0.03
t=26000ms iter=79 REBUILD reject new_tc=26.9590 (was 26.6097)
t=26128ms iter=79 incumb=26.6097 ratchet=26.6915 best=26.6097 since_improve=57
t=26140ms iter=80 WAIST cost=23.0000 best_alt=18.0000 gap=5.0000 tried=5 sep_labels=18 clique_frac=0.03
t=26309ms iter=80 REBUILD reject new_tc=27.1501 (was 26.6097)
t=26437ms iter=80 incumb=26.6097 ratchet=26.6663 best=26.6097 since_improve=58
t=26453ms iter=81 WAIST cost=23.0000 best_alt=18.0000 gap=5.0000 tried=5 sep_labels=18 clique_frac=0.03
t=26614ms iter=81 REBUILD reject new_tc=27.0230 (was 26.6097)
t=26748ms iter=81 incumb=26.6097 ratchet=26.6848 best=26.6097 since_improve=59
t=26762ms iter=82 WAIST cost=23.0000 best_alt=18.0000 gap=5.0000 tried=5 sep_labels=18 clique_frac=0.03
t=26926ms iter=82 REBUILD reject new_tc=26.6966 (was 26.6097)
t=27059ms iter=82 incumb=26.6097 ratchet=26.7999 best=26.6097 since_improve=60
t=27079ms iter=83 WAIST cost=23.0000 best_alt=18.0000 gap=5.0000 tried=5 sep_labels=18 clique_frac=0.03
t=27243ms iter=83 REBUILD reject new_tc=26.6826 (was 26.6097)
t=27382ms iter=83 incumb=26.6097 ratchet=26.7466 best=26.6097 since_improve=61
t=27402ms iter=84 WAIST cost=23.0000 best_alt=18.0000 gap=5.0000 tried=5 sep_labels=18 clique_frac=0.03
t=27565ms iter=84 REBUILD reject new_tc=26.9827 (was 26.6097)
t=27699ms iter=84 incumb=26.6097 ratchet=26.8915 best=26.6097 since_improve=62
t=27718ms iter=85 WAIST cost=23.0000 best_alt=18.0000 gap=5.0000 tried=5 sep_labels=18 clique_frac=0.03
t=27883ms iter=85 REBUILD reject new_tc=27.0042 (was 26.6097)
t=28016ms iter=85 incumb=26.6097 ratchet=26.7598 best=26.6097 since_improve=63
t=28033ms iter=86 WAIST cost=23.0000 best_alt=18.0000 gap=5.0000 tried=5 sep_labels=18 clique_frac=0.03
t=28198ms iter=86 REBUILD reject new_tc=26.9037 (was 26.6097)
t=28332ms iter=86 incumb=26.6097 ratchet=26.6450 best=26.6097 since_improve=64
t=28352ms iter=87 WAIST cost=23.0000 best_alt=18.0000 gap=5.0000 tried=5 sep_labels=18 clique_frac=0.03
t=28519ms iter=87 REBUILD reject new_tc=26.8097 (was 26.6097)
t=28647ms iter=87 incumb=26.6097 ratchet=26.7628 best=26.6097 since_improve=65
t=28661ms iter=88 WAIST cost=23.0000 best_alt=18.0000 gap=5.0000 tried=5 sep_labels=18 clique_frac=0.03
t=28829ms iter=88 REBUILD reject new_tc=26.7654 (was 26.6097)
t=28965ms iter=88 incumb=26.6097 ratchet=26.8825 best=26.6097 since_improve=66
t=28979ms iter=89 WAIST cost=23.0000 best_alt=18.0000 gap=5.0000 tried=5 sep_labels=18 clique_frac=0.03
t=29142ms iter=89 REBUILD reject new_tc=26.7407 (was 26.6097)
t=29273ms iter=89 incumb=26.6097 ratchet=26.7047 best=26.6097 since_improve=67
t=29289ms iter=90 WAIST cost=23.0000 best_alt=18.0000 gap=5.0000 tried=5 sep_labels=18 clique_frac=0.03
t=29453ms iter=90 REBUILD reject new_tc=27.3928 (was 26.6097)
t=29586ms iter=90 incumb=26.6097 ratchet=26.8333 best=26.6097 since_improve=68
t=29609ms iter=91 WAIST cost=23.0000 best_alt=18.0000 gap=5.0000 tried=5 sep_labels=18 clique_frac=0.03
t=29776ms iter=91 REBUILD reject new_tc=27.0611 (was 26.6097)
t=29906ms iter=91 incumb=26.6097 ratchet=26.7929 best=26.6097 since_improve=69
t=29928ms iter=92 WAIST cost=23.0000 best_alt=18.0000 gap=5.0000 tried=5 sep_labels=18 clique_frac=0.03
t=30097ms iter=92 REBUILD reject new_tc=27.0761 (was 26.6097)
t=30226ms iter=92 incumb=26.6097 ratchet=26.7078 best=26.6097 since_improve=70
t=30243ms iter=93 WAIST cost=23.0000 best_alt=18.0000 gap=5.0000 tried=5 sep_labels=18 clique_frac=0.03
t=30404ms iter=93 REBUILD reject new_tc=27.0754 (was 26.6097)
t=30535ms iter=93 incumb=26.6097 ratchet=26.7254 best=26.6097 since_improve=71
t=30555ms iter=94 WAIST cost=23.0000 best_alt=18.0000 gap=5.0000 tried=5 sep_labels=18 clique_frac=0.03
t=30720ms iter=94 REBUILD reject new_tc=27.3231 (was 26.6097)
t=30913ms iter=94 incumb=26.6097 ratchet=26.5890 best=26.5890 since_improve=0
t=30931ms iter=95 WAIST cost=24.0000 best_alt=18.0000 gap=6.0000 tried=5 sep_labels=18 clique_frac=0.00
t=31100ms iter=95 REBUILD reject new_tc=26.7503 (was 26.5890)
t=31283ms iter=95 incumb=26.5890 ratchet=26.5899 best=26.5867 since_improve=1
t=31297ms iter=96 WAIST cost=24.0000 best_alt=19.0000 gap=5.0000 tried=5 sep_labels=19 clique_frac=0.00
t=31477ms iter=96 REBUILD reject new_tc=28.3120 (was 26.5890)
t=31610ms iter=96 incumb=26.5890 ratchet=26.6186 best=26.5867 since_improve=2
t=31626ms iter=97 WAIST cost=24.0000 best_alt=19.0000 gap=5.0000 tried=5 sep_labels=19 clique_frac=0.00
t=31813ms iter=97 REBUILD reject new_tc=26.9179 (was 26.5890)
t=31939ms iter=97 incumb=26.5890 ratchet=27.0100 best=26.5867 since_improve=3
t=31958ms iter=98 WAIST cost=24.0000 best_alt=19.0000 gap=5.0000 tried=5 sep_labels=19 clique_frac=0.00
t=32145ms iter=98 REBUILD reject new_tc=27.0333 (was 26.5890)
t=32278ms iter=98 incumb=26.5890 ratchet=26.6539 best=26.5867 since_improve=4
t=32295ms iter=99 WAIST cost=24.0000 best_alt=19.0000 gap=5.0000 tried=5 sep_labels=19 clique_frac=0.00
t=32480ms iter=99 REBUILD reject new_tc=26.9749 (was 26.5890)
t=32607ms iter=99 incumb=26.5890 ratchet=26.6390 best=26.5867 since_improve=5
t=32625ms iter=100 WAIST cost=24.0000 best_alt=19.0000 gap=5.0000 tried=5 sep_labels=19 clique_frac=0.00
t=32810ms iter=100 REBUILD reject new_tc=28.1080 (was 26.5890)
t=32938ms iter=100 incumb=26.5890 ratchet=26.7197 best=26.5867 since_improve=6
t=32952ms iter=101 WAIST cost=24.0000 best_alt=19.0000 gap=5.0000 tried=5 sep_labels=19 clique_frac=0.00
t=33137ms iter=101 REBUILD reject new_tc=27.4125 (was 26.5890)
t=33268ms iter=101 incumb=26.5890 ratchet=26.6755 best=26.5867 since_improve=7
t=33287ms iter=102 WAIST cost=24.0000 best_alt=19.0000 gap=5.0000 tried=5 sep_labels=19 clique_frac=0.00
t=33475ms iter=102 REBUILD reject new_tc=27.2898 (was 26.5890)
t=33602ms iter=102 incumb=26.5890 ratchet=26.6635 best=26.5867 since_improve=8
t=33622ms iter=103 WAIST cost=24.0000 best_alt=18.0000 gap=6.0000 tried=5 sep_labels=18 clique_frac=0.03
t=33791ms iter=103 REBUILD reject new_tc=27.0174 (was 26.5890)
t=33919ms iter=103 incumb=26.5890 ratchet=26.6890 best=26.5867 since_improve=9
t=33937ms iter=104 WAIST cost=24.0000 best_alt=19.0000 gap=5.0000 tried=5 sep_labels=19 clique_frac=0.00
t=34128ms iter=104 REBUILD reject new_tc=26.6649 (was 26.5890)
t=34249ms iter=104 incumb=26.5890 ratchet=26.7559 best=26.5867 since_improve=10
t=34267ms iter=105 WAIST cost=24.0000 best_alt=18.0000 gap=6.0000 tried=5 sep_labels=18 clique_frac=0.01
t=34435ms iter=105 REBUILD reject new_tc=27.1842 (was 26.5890)
t=34570ms iter=105 incumb=26.5890 ratchet=26.6515 best=26.5867 since_improve=11
t=34588ms iter=106 WAIST cost=24.0000 best_alt=18.0000 gap=6.0000 tried=5 sep_labels=18 clique_frac=0.00
t=34749ms iter=106 REBUILD reject new_tc=27.7155 (was 26.5890)
t=34874ms iter=106 incumb=26.5890 ratchet=26.6591 best=26.5867 since_improve=12
t=34894ms iter=107 WAIST cost=24.0000 best_alt=19.0000 gap=5.0000 tried=5 sep_labels=19 clique_frac=0.00
t=35081ms iter=107 REBUILD reject new_tc=26.9235 (was 26.5890)
t=35207ms iter=107 incumb=26.5890 ratchet=26.7267 best=26.5867 since_improve=13
t=35223ms iter=108 WAIST cost=24.0000 best_alt=19.0000 gap=5.0000 tried=5 sep_labels=19 clique_frac=0.00
t=35407ms iter=108 REBUILD reject new_tc=27.4334 (was 26.5890)
t=35533ms iter=108 incumb=26.5890 ratchet=26.7108 best=26.5867 since_improve=14
t=35548ms iter=109 WAIST cost=24.0000 best_alt=19.0000 gap=5.0000 tried=5 sep_labels=19 clique_frac=0.00
t=35735ms iter=109 REBUILD reject new_tc=26.9014 (was 26.5890)
t=35871ms iter=109 incumb=26.5890 ratchet=26.9457 best=26.5867 since_improve=15
t=35888ms iter=110 WAIST cost=24.0000 best_alt=19.0000 gap=5.0000 tried=5 sep_labels=19 clique_frac=0.00
t=36104ms iter=110 REBUILD reject new_tc=27.8181 (was 26.5890)
t=36236ms iter=110 incumb=26.5890 ratchet=26.6418 best=26.5867 since_improve=16
t=36253ms iter=111 WAIST cost=24.0000 best_alt=19.0000 gap=5.0000 tried=5 sep_labels=19 clique_frac=0.00
t=36443ms iter=111 REBUILD reject new_tc=26.8976 (was 26.5890)
t=36579ms iter=111 incumb=26.5890 ratchet=26.8101 best=26.5867 since_improve=17
t=36607ms iter=112 WAIST cost=24.0000 best_alt=18.0000 gap=6.0000 tried=5 sep_labels=18 clique_frac=0.01
t=36792ms iter=112 REBUILD reject new_tc=26.7949 (was 26.5890)
t=36925ms iter=112 incumb=26.5890 ratchet=26.7861 best=26.5867 since_improve=18
t=36943ms iter=113 WAIST cost=24.0000 best_alt=19.0000 gap=5.0000 tried=5 sep_labels=19 clique_frac=0.00
t=37142ms iter=113 REBUILD reject new_tc=27.1556 (was 26.5890)
t=37274ms iter=113 incumb=26.5890 ratchet=26.7132 best=26.5867 since_improve=19
t=37292ms iter=114 WAIST cost=24.0000 best_alt=19.0000 gap=5.0000 tried=5 sep_labels=19 clique_frac=0.00
t=37477ms iter=114 REBUILD reject new_tc=27.2270 (was 26.5890)
t=37605ms iter=114 incumb=26.5890 ratchet=26.6840 best=26.5867 since_improve=20
t=37625ms iter=115 WAIST cost=24.0000 best_alt=18.0000 gap=6.0000 tried=5 sep_labels=18 clique_frac=0.01
t=37792ms iter=115 REBUILD reject new_tc=27.0515 (was 26.5890)
t=37927ms iter=115 incumb=26.5890 ratchet=26.7873 best=26.5867 since_improve=21
t=37945ms iter=116 WAIST cost=24.0000 best_alt=19.0000 gap=5.0000 tried=5 sep_labels=19 clique_frac=0.00
t=38132ms iter=116 REBUILD reject new_tc=26.9930 (was 26.5890)
t=38262ms iter=116 incumb=26.5890 ratchet=26.7692 best=26.5867 since_improve=22
t=38287ms iter=117 WAIST cost=24.0000 best_alt=19.0000 gap=5.0000 tried=5 sep_labels=19 clique_frac=0.00
t=38475ms iter=117 REBUILD reject new_tc=26.8842 (was 26.5890)
t=38602ms iter=117 incumb=26.5890 ratchet=26.6366 best=26.5867 since_improve=23
t=38617ms iter=118 WAIST cost=24.0000 best_alt=19.0000 gap=5.0000 tried=5 sep_labels=19 clique_frac=0.00
t=38806ms iter=118 REBUILD reject new_tc=26.6473 (was 26.5890)
t=38934ms iter=118 incumb=26.5890 ratchet=26.6573 best=26.5867 since_improve=24
t=38953ms iter=119 WAIST cost=24.0000 best_alt=18.0000 gap=6.0000 tried=5 sep_labels=18 clique_frac=0.01
t=39118ms iter=119 REBUILD reject new_tc=26.7124 (was 26.5890)
t=39247ms iter=119 incumb=26.5890 ratchet=26.7724 best=26.5867 since_improve=25
t=39268ms iter=120 WAIST cost=24.0000 best_alt=19.0000 gap=5.0000 tried=5 sep_labels=19 clique_frac=0.00
t=39455ms iter=120 REBUILD reject new_tc=27.1037 (was 26.5890)
t=39587ms iter=120 incumb=26.5890 ratchet=26.8213 best=26.5867 since_improve=26
t=39608ms iter=121 WAIST cost=24.0000 best_alt=19.0000 gap=5.0000 tried=5 sep_labels=19 clique_frac=0.00
t=39795ms iter=121 REBUILD reject new_tc=26.7270 (was 26.5890)
t=39923ms iter=121 incumb=26.5890 ratchet=26.6447 best=26.5867 since_improve=27
t=39939ms iter=122 WAIST cost=24.0000 best_alt=19.0000 gap=5.0000 tried=5 sep_labels=19 clique_frac=0.00
t=40126ms iter=122 REBUILD reject new_tc=26.8028 (was 26.5890)
t=40256ms iter=122 incumb=26.5890 ratchet=26.5917 best=26.5867 since_improve=28
t=40276ms iter=123 WAIST cost=24.0000 best_alt=19.0000 gap=5.0000 tried=5 sep_labels=19 clique_frac=0.00
t=40464ms iter=123 REBUILD reject new_tc=27.8975 (was 26.5890)
t=40589ms iter=123 incumb=26.5890 ratchet=26.7286 best=26.5867 since_improve=29
t=40604ms iter=124 WAIST cost=24.0000 best_alt=19.0000 gap=5.0000 tried=5 sep_labels=19 clique_frac=0.00
t=40793ms iter=124 REBUILD reject new_tc=27.2675 (was 26.5890)
t=40920ms iter=124 incumb=26.5890 ratchet=26.6055 best=26.5867 since_improve=30
t=40938ms iter=125 WAIST cost=24.0000 best_alt=18.0000 gap=6.0000 tried=5 sep_labels=18 clique_frac=0.02
t=41104ms iter=125 REBUILD reject new_tc=27.1195 (was 26.5890)
t=41238ms iter=125 incumb=26.5890 ratchet=26.6234 best=26.5867 since_improve=31
t=41260ms iter=126 WAIST cost=24.0000 best_alt=19.0000 gap=5.0000 tried=5 sep_labels=19 clique_frac=0.00
t=41445ms iter=126 REBUILD reject new_tc=27.0718 (was 26.5890)
t=41577ms iter=126 incumb=26.5890 ratchet=26.7552 best=26.5867 since_improve=32
t=41597ms iter=127 WAIST cost=24.0000 best_alt=19.0000 gap=5.0000 tried=5 sep_labels=19 clique_frac=0.00
t=41781ms iter=127 REBUILD reject new_tc=27.7720 (was 26.5890)
t=41908ms iter=127 incumb=26.5890 ratchet=26.6985 best=26.5867 since_improve=33
t=41924ms iter=128 WAIST cost=24.0000 best_alt=19.0000 gap=5.0000 tried=5 sep_labels=19 clique_frac=0.00
t=42108ms iter=128 REBUILD reject new_tc=26.7428 (was 26.5890)
t=42236ms iter=128 incumb=26.5890 ratchet=26.6764 best=26.5867 since_improve=34
t=42258ms iter=129 WAIST cost=24.0000 best_alt=19.0000 gap=5.0000 tried=5 sep_labels=19 clique_frac=0.00
t=42441ms iter=129 REBUILD reject new_tc=27.2794 (was 26.5890)
t=42572ms iter=129 incumb=26.5890 ratchet=26.7008 best=26.5867 since_improve=35
t=42590ms iter=130 WAIST cost=24.0000 best_alt=19.0000 gap=5.0000 tried=5 sep_labels=19 clique_frac=0.00
t=42771ms iter=130 REBUILD reject new_tc=27.7653 (was 26.5890)
t=42898ms iter=130 incumb=26.5890 ratchet=26.8688 best=26.5867 since_improve=36
t=42916ms iter=131 WAIST cost=24.0000 best_alt=18.0000 gap=6.0000 tried=5 sep_labels=18 clique_frac=0.00
t=43079ms iter=131 REBUILD reject new_tc=27.8102 (was 26.5890)
t=43209ms iter=131 incumb=26.5890 ratchet=26.7203 best=26.5867 since_improve=37
t=43226ms iter=132 WAIST cost=24.0000 best_alt=19.0000 gap=5.0000 tried=5 sep_labels=19 clique_frac=0.00
t=43413ms iter=132 REBUILD reject new_tc=27.1137 (was 26.5890)
t=43544ms iter=132 incumb=26.5890 ratchet=26.8082 best=26.5867 since_improve=38
t=43565ms iter=133 WAIST cost=24.0000 best_alt=19.0000 gap=5.0000 tried=5 sep_labels=19 clique_frac=0.00
t=43748ms iter=133 REBUILD reject new_tc=27.4781 (was 26.5890)
t=43874ms iter=133 incumb=26.5890 ratchet=26.6330 best=26.5867 since_improve=39
t=43895ms iter=134 WAIST cost=24.0000 best_alt=19.0000 gap=5.0000 tried=5 sep_labels=19 clique_frac=0.00
t=44079ms iter=134 REBUILD reject new_tc=26.9001 (was 26.5890)
t=44214ms iter=134 incumb=26.5890 ratchet=26.8673 best=26.5867 since_improve=40
t=44234ms iter=135 WAIST cost=24.0000 best_alt=19.0000 gap=5.0000 tried=5 sep_labels=19 clique_frac=0.00
t=44419ms iter=135 REBUILD reject new_tc=27.1193 (was 26.5890)
t=44547ms iter=135 incumb=26.5890 ratchet=26.7863 best=26.5867 since_improve=41
t=44568ms iter=136 WAIST cost=24.0000 best_alt=19.0000 gap=5.0000 tried=5 sep_labels=19 clique_frac=0.00
t=44752ms iter=136 REBUILD reject new_tc=27.0990 (was 26.5890)
t=44882ms iter=136 incumb=26.5890 ratchet=26.6808 best=26.5867 since_improve=42
t=44904ms iter=137 WAIST cost=24.0000 best_alt=19.0000 gap=5.0000 tried=5 sep_labels=19 clique_frac=0.00
t=45090ms iter=137 REBUILD reject new_tc=26.9589 (was 26.5890)
t=45219ms iter=137 incumb=26.5890 ratchet=26.7740 best=26.5867 since_improve=43
t=45239ms iter=138 WAIST cost=24.0000 best_alt=19.0000 gap=5.0000 tried=5 sep_labels=19 clique_frac=0.00
t=45427ms iter=138 REBUILD reject new_tc=27.3400 (was 26.5890)
t=45552ms iter=138 incumb=26.5890 ratchet=26.6683 best=26.5867 since_improve=44
t=45568ms iter=139 WAIST cost=24.0000 best_alt=19.0000 gap=5.0000 tried=5 sep_labels=19 clique_frac=0.00
t=45757ms iter=139 REBUILD reject new_tc=26.9122 (was 26.5890)
t=45889ms iter=139 incumb=26.5890 ratchet=26.8595 best=26.5867 since_improve=45
t=45906ms iter=140 WAIST cost=24.0000 best_alt=19.0000 gap=5.0000 tried=5 sep_labels=19 clique_frac=0.00
t=46090ms iter=140 REBUILD reject new_tc=27.2746 (was 26.5890)
t=46222ms iter=140 incumb=26.5890 ratchet=26.8665 best=26.5867 since_improve=46
t=46244ms iter=141 WAIST cost=24.0000 best_alt=19.0000 gap=5.0000 tried=5 sep_labels=19 clique_frac=0.00
t=46429ms iter=141 REBUILD reject new_tc=27.0063 (was 26.5890)
t=46554ms iter=141 incumb=26.5890 ratchet=26.6720 best=26.5867 since_improve=47
t=46572ms iter=142 WAIST cost=24.0000 best_alt=19.0000 gap=5.0000 tried=5 sep_labels=19 clique_frac=0.00
t=46760ms iter=142 REBUILD reject new_tc=27.0844 (was 26.5890)
t=46889ms iter=142 incumb=26.5890 ratchet=26.7546 best=26.5867 since_improve=48
t=46908ms iter=143 WAIST cost=24.0000 best_alt=19.0000 gap=5.0000 tried=5 sep_labels=19 clique_frac=0.00
t=47092ms iter=143 REBUILD reject new_tc=27.2580 (was 26.5890)
t=47219ms iter=143 incumb=26.5890 ratchet=26.7042 best=26.5867 since_improve=49
t=47237ms iter=144 WAIST cost=24.0000 best_alt=19.0000 gap=5.0000 tried=5 sep_labels=19 clique_frac=0.00
t=47422ms iter=144 REBUILD reject new_tc=26.6853 (was 26.5890)
t=47547ms iter=144 incumb=26.5890 ratchet=26.6359 best=26.5867 since_improve=50
t=47563ms iter=145 WAIST cost=24.0000 best_alt=19.0000 gap=5.0000 tried=5 sep_labels=19 clique_frac=0.00
t=47753ms iter=145 REBUILD reject new_tc=26.7676 (was 26.5890)
t=47880ms iter=145 incumb=26.5890 ratchet=26.7446 best=26.5867 since_improve=51
t=47903ms iter=146 WAIST cost=24.0000 best_alt=19.0000 gap=5.0000 tried=5 sep_labels=19 clique_frac=0.00
t=48086ms iter=146 REBUILD reject new_tc=27.4849 (was 26.5890)
t=48218ms iter=146 incumb=26.5890 ratchet=26.9315 best=26.5867 since_improve=52
t=48240ms iter=147 WAIST cost=24.0000 best_alt=19.0000 gap=5.0000 tried=5 sep_labels=19 clique_frac=0.00
t=48428ms iter=147 REBUILD reject new_tc=27.1279 (was 26.5890)
t=48562ms iter=147 incumb=26.5890 ratchet=26.7554 best=26.5867 since_improve=53
t=48580ms iter=148 WAIST cost=24.0000 best_alt=19.0000 gap=5.0000 tried=5 sep_labels=19 clique_frac=0.00
t=48765ms iter=148 REBUILD reject new_tc=27.0404 (was 26.5890)
t=48894ms iter=148 incumb=26.5890 ratchet=26.9263 best=26.5867 since_improve=54
t=48917ms iter=149 WAIST cost=24.0000 best_alt=19.0000 gap=5.0000 tried=5 sep_labels=19 clique_frac=0.00
t=49101ms iter=149 REBUILD reject new_tc=27.5942 (was 26.5890)
t=49227ms iter=149 incumb=26.5890 ratchet=26.6455 best=26.5867 since_improve=55
t=49250ms iter=150 WAIST cost=24.0000 best_alt=19.0000 gap=5.0000 tried=5 sep_labels=19 clique_frac=0.00
t=49434ms iter=150 REBUILD reject new_tc=27.7957 (was 26.5890)
t=49564ms iter=150 incumb=26.5890 ratchet=26.6825 best=26.5867 since_improve=56
t=49580ms iter=151 WAIST cost=24.0000 best_alt=19.0000 gap=5.0000 tried=5 sep_labels=19 clique_frac=0.00
t=49768ms iter=151 REBUILD reject new_tc=27.2492 (was 26.5890)
t=49904ms iter=151 incumb=26.5890 ratchet=26.7533 best=26.5867 since_improve=57
t=49922ms iter=152 WAIST cost=24.0000 best_alt=19.0000 gap=5.0000 tried=5 sep_labels=19 clique_frac=0.00
t=50112ms iter=152 REBUILD reject new_tc=27.6127 (was 26.5890)
t=50244ms iter=152 incumb=26.5890 ratchet=26.7203 best=26.5867 since_improve=58
t=50263ms iter=153 WAIST cost=24.0000 best_alt=19.0000 gap=5.0000 tried=5 sep_labels=19 clique_frac=0.00
t=50448ms iter=153 REBUILD reject new_tc=27.2583 (was 26.5890)
t=50568ms iter=153 incumb=26.5890 ratchet=26.7687 best=26.5867 since_improve=59
t=50591ms iter=154 WAIST cost=24.0000 best_alt=19.0000 gap=5.0000 tried=5 sep_labels=19 clique_frac=0.00
t=50776ms iter=154 REBUILD reject new_tc=27.6656 (was 26.5890)
t=50907ms iter=154 incumb=26.5890 ratchet=26.7413 best=26.5867 since_improve=60
t=50928ms iter=155 WAIST cost=24.0000 best_alt=19.0000 gap=5.0000 tried=5 sep_labels=19 clique_frac=0.00
t=51114ms iter=155 REBUILD reject new_tc=27.1936 (was 26.5890)
t=51300ms iter=155 incumb=26.5890 ratchet=26.5765 best=26.5703 since_improve=0
t=51316ms iter=156 WAIST cost=24.0000 best_alt=19.0000 gap=5.0000 tried=5 sep_labels=19 clique_frac=0.00
t=51500ms iter=156 REBUILD reject new_tc=27.3080 (was 26.5765)
t=51627ms iter=156 incumb=26.5765 ratchet=26.7278 best=26.5703 since_improve=1
t=51645ms iter=157 WAIST cost=24.0000 best_alt=19.0000 gap=5.0000 tried=5 sep_labels=19 clique_frac=0.00
t=51832ms iter=157 REBUILD reject new_tc=27.3442 (was 26.5765)
t=51964ms iter=157 incumb=26.5765 ratchet=26.7993 best=26.5703 since_improve=2
t=51985ms iter=158 WAIST cost=24.0000 best_alt=19.0000 gap=5.0000 tried=5 sep_labels=19 clique_frac=0.00
t=52173ms iter=158 REBUILD reject new_tc=27.2400 (was 26.5765)
t=52302ms iter=158 incumb=26.5765 ratchet=26.7730 best=26.5703 since_improve=3
t=52318ms iter=159 WAIST cost=24.0000 best_alt=19.0000 gap=5.0000 tried=5 sep_labels=19 clique_frac=0.00
t=52509ms iter=159 REBUILD reject new_tc=27.0141 (was 26.5765)
t=52637ms iter=159 incumb=26.5765 ratchet=26.6210 best=26.5703 since_improve=4
t=52651ms iter=160 WAIST cost=24.0000 best_alt=19.0000 gap=5.0000 tried=5 sep_labels=19 clique_frac=0.00
t=52842ms iter=160 REBUILD reject new_tc=27.3548 (was 26.5765)
t=52967ms iter=160 incumb=26.5765 ratchet=26.5844 best=26.5703 since_improve=5
t=52986ms iter=161 WAIST cost=24.0000 best_alt=19.0000 gap=5.0000 tried=5 sep_labels=19 clique_frac=0.00
t=53175ms iter=161 REBUILD reject new_tc=27.3504 (was 26.5765)
t=53310ms iter=161 incumb=26.5765 ratchet=26.6082 best=26.5703 since_improve=6
t=53328ms iter=162 WAIST cost=24.0000 best_alt=19.0000 gap=5.0000 tried=5 sep_labels=19 clique_frac=0.00
t=53513ms iter=162 REBUILD reject new_tc=27.9502 (was 26.5765)
t=53645ms iter=162 incumb=26.5765 ratchet=26.6744 best=26.5703 since_improve=7
t=53663ms iter=163 WAIST cost=24.0000 best_alt=19.0000 gap=5.0000 tried=5 sep_labels=19 clique_frac=0.00
t=53848ms iter=163 REBUILD reject new_tc=28.3819 (was 26.5765)
t=53978ms iter=163 incumb=26.5765 ratchet=26.6823 best=26.5703 since_improve=8
t=54000ms iter=164 WAIST cost=24.0000 best_alt=19.0000 gap=5.0000 tried=5 sep_labels=19 clique_frac=0.00
t=54185ms iter=164 REBUILD reject new_tc=27.0036 (was 26.5765)
t=54311ms iter=164 incumb=26.5765 ratchet=26.6667 best=26.5703 since_improve=9
t=54328ms iter=165 WAIST cost=24.0000 best_alt=19.0000 gap=5.0000 tried=5 sep_labels=19 clique_frac=0.00
t=54514ms iter=165 REBUILD reject new_tc=27.3988 (was 26.5765)
t=54647ms iter=165 incumb=26.5765 ratchet=26.8346 best=26.5703 since_improve=10
t=54664ms iter=166 WAIST cost=24.0000 best_alt=19.0000 gap=5.0000 tried=5 sep_labels=19 clique_frac=0.00
t=54851ms iter=166 REBUILD reject new_tc=27.3737 (was 26.5765)
t=54980ms iter=166 incumb=26.5765 ratchet=26.5996 best=26.5703 since_improve=11
t=54996ms iter=167 WAIST cost=24.0000 best_alt=19.0000 gap=5.0000 tried=5 sep_labels=19 clique_frac=0.00
t=55185ms iter=167 REBUILD reject new_tc=27.7411 (was 26.5765)
t=55315ms iter=167 incumb=26.5765 ratchet=26.6732 best=26.5703 since_improve=12
t=55336ms iter=168 WAIST cost=24.0000 best_alt=19.0000 gap=5.0000 tried=5 sep_labels=19 clique_frac=0.00
t=55524ms iter=168 REBUILD reject new_tc=27.2162 (was 26.5765)
t=55652ms iter=168 incumb=26.5765 ratchet=26.6189 best=26.5703 since_improve=13
t=55672ms iter=169 WAIST cost=24.0000 best_alt=19.0000 gap=5.0000 tried=5 sep_labels=19 clique_frac=0.00
t=55861ms iter=169 REBUILD reject new_tc=26.8346 (was 26.5765)
t=55992ms iter=169 incumb=26.5765 ratchet=26.8146 best=26.5703 since_improve=14
t=56010ms iter=170 WAIST cost=24.0000 best_alt=19.0000 gap=5.0000 tried=5 sep_labels=19 clique_frac=0.00
t=56196ms iter=170 REBUILD reject new_tc=27.2458 (was 26.5765)
t=56325ms iter=170 incumb=26.5765 ratchet=26.6509 best=26.5703 since_improve=15
t=56341ms iter=171 WAIST cost=24.0000 best_alt=19.0000 gap=5.0000 tried=5 sep_labels=19 clique_frac=0.00
t=56524ms iter=171 REBUILD reject new_tc=27.1827 (was 26.5765)
t=56653ms iter=171 incumb=26.5765 ratchet=26.6875 best=26.5703 since_improve=16
t=56667ms iter=172 WAIST cost=24.0000 best_alt=19.0000 gap=5.0000 tried=5 sep_labels=19 clique_frac=0.00
t=56855ms iter=172 REBUILD reject new_tc=26.8251 (was 26.5765)
t=56990ms iter=172 incumb=26.5765 ratchet=26.7993 best=26.5703 since_improve=17
t=57009ms iter=173 WAIST cost=24.0000 best_alt=19.0000 gap=5.0000 tried=5 sep_labels=19 clique_frac=0.00
t=57195ms iter=173 REBUILD reject new_tc=27.0325 (was 26.5765)
t=57337ms iter=173 incumb=26.5765 ratchet=26.6030 best=26.5703 since_improve=18
t=57361ms iter=174 WAIST cost=24.0000 best_alt=19.0000 gap=5.0000 tried=5 sep_labels=19 clique_frac=0.00
t=57555ms iter=174 REBUILD reject new_tc=27.1774 (was 26.5765)
t=57685ms iter=174 incumb=26.5765 ratchet=26.6507 best=26.5703 since_improve=19
t=57708ms iter=175 WAIST cost=24.0000 best_alt=19.0000 gap=5.0000 tried=5 sep_labels=19 clique_frac=0.00
t=57895ms iter=175 REBUILD reject new_tc=26.7732 (was 26.5765)
t=58089ms iter=175 incumb=26.5765 ratchet=26.5778 best=26.5637 since_improve=20
t=58109ms iter=176 WAIST cost=24.0000 best_alt=19.0000 gap=5.0000 tried=5 sep_labels=19 clique_frac=0.00
t=58297ms iter=176 REBUILD reject new_tc=27.2924 (was 26.5765)
t=58481ms iter=176 incumb=26.5765 ratchet=26.5604 best=26.5604 since_improve=0
t=58501ms iter=177 WAIST cost=24.0000 best_alt=19.0000 gap=5.0000 tried=5 sep_labels=19 clique_frac=0.00
t=58689ms iter=177 REBUILD reject new_tc=27.0883 (was 26.5604)
t=58824ms iter=177 incumb=26.5604 ratchet=26.7726 best=26.5604 since_improve=1
t=58843ms iter=178 WAIST cost=24.0000 best_alt=19.0000 gap=5.0000 tried=5 sep_labels=19 clique_frac=0.00
t=59027ms iter=178 REBUILD reject new_tc=26.8264 (was 26.5604)
t=59164ms iter=178 incumb=26.5604 ratchet=26.6227 best=26.5604 since_improve=2
t=59190ms iter=179 WAIST cost=24.0000 best_alt=18.0000 gap=6.0000 tried=5 sep_labels=18 clique_frac=0.00
t=59357ms iter=179 REBUILD reject new_tc=26.8583 (was 26.5604)
t=59492ms iter=179 incumb=26.5604 ratchet=26.8341 best=26.5604 since_improve=3
t=59513ms iter=180 WAIST cost=24.0000 best_alt=19.0000 gap=5.0000 tried=5 sep_labels=19 clique_frac=0.00
t=59697ms iter=180 REBUILD reject new_tc=27.1997 (was 26.5604)
t=59832ms iter=180 incumb=26.5604 ratchet=26.8898 best=26.5604 since_improve=4
t=59855ms iter=181 WAIST cost=24.0000 best_alt=19.0000 gap=5.0000 tried=5 sep_labels=19 clique_frac=0.00
t=60044ms iter=181 REBUILD reject new_tc=27.4185 (was 26.5604)
t=60176ms iter=181 incumb=26.5604 ratchet=26.7389 best=26.5604 since_improve=5
t=60195ms iter=182 WAIST cost=24.0000 best_alt=19.0000 gap=5.0000 tried=5 sep_labels=19 clique_frac=0.00
t=60380ms iter=182 REBUILD reject new_tc=26.6710 (was 26.5604)
t=60516ms iter=182 incumb=26.5604 ratchet=26.8694 best=26.5604 since_improve=6
t=60537ms iter=183 WAIST cost=24.0000 best_alt=18.0000 gap=6.0000 tried=5 sep_labels=18 clique_frac=0.01
t=60701ms iter=183 REBUILD reject new_tc=26.8954 (was 26.5604)
t=60835ms iter=183 incumb=26.5604 ratchet=26.7886 best=26.5604 since_improve=7
t=60855ms iter=184 WAIST cost=24.0000 best_alt=19.0000 gap=5.0000 tried=5 sep_labels=19 clique_frac=0.00
t=61042ms iter=184 REBUILD reject new_tc=27.0323 (was 26.5604)
t=61174ms iter=184 incumb=26.5604 ratchet=26.7658 best=26.5604 since_improve=8
t=61194ms iter=185 WAIST cost=24.0000 best_alt=19.0000 gap=5.0000 tried=5 sep_labels=19 clique_frac=0.00
t=61382ms iter=185 REBUILD reject new_tc=26.6473 (was 26.5604)
t=61573ms iter=185 incumb=26.5604 ratchet=26.6076 best=26.5519 since_improve=9
t=61591ms iter=186 WAIST cost=24.0000 best_alt=19.0000 gap=5.0000 tried=5 sep_labels=19 clique_frac=0.00
t=61776ms iter=186 REBUILD reject new_tc=27.6508 (was 26.5604)
t=61907ms iter=186 incumb=26.5604 ratchet=26.5836 best=26.5519 since_improve=10
t=61923ms iter=187 WAIST cost=24.0000 best_alt=19.0000 gap=5.0000 tried=5 sep_labels=19 clique_frac=0.00
t=62110ms iter=187 REBUILD reject new_tc=27.0233 (was 26.5604)
t=62241ms iter=187 incumb=26.5604 ratchet=26.5798 best=26.5519 since_improve=11
t=62259ms iter=188 WAIST cost=24.0000 best_alt=19.0000 gap=5.0000 tried=5 sep_labels=19 clique_frac=0.00
t=62444ms iter=188 REBUILD reject new_tc=27.2106 (was 26.5604)
t=62571ms iter=188 incumb=26.5604 ratchet=26.7461 best=26.5519 since_improve=12
t=62589ms iter=189 WAIST cost=24.0000 best_alt=19.0000 gap=5.0000 tried=5 sep_labels=19 clique_frac=0.00
t=62775ms iter=189 REBUILD reject new_tc=27.1303 (was 26.5604)
t=62910ms iter=189 incumb=26.5604 ratchet=26.5559 best=26.5519 since_improve=0
t=62936ms iter=190 WAIST cost=24.0000 best_alt=18.0000 gap=6.0000 tried=5 sep_labels=18 clique_frac=0.01
t=63104ms iter=190 REBUILD reject new_tc=26.9790 (was 26.5559)
t=63227ms iter=190 incumb=26.5559 ratchet=26.6434 best=26.5519 since_improve=1
t=63250ms iter=191 WAIST cost=24.0000 best_alt=19.0000 gap=5.0000 tried=5 sep_labels=19 clique_frac=0.00
t=63438ms iter=191 REBUILD reject new_tc=26.6720 (was 26.5559)
t=63567ms iter=191 incumb=26.5559 ratchet=26.6947 best=26.5519 since_improve=2
t=63586ms iter=192 WAIST cost=24.0000 best_alt=19.0000 gap=5.0000 tried=5 sep_labels=19 clique_frac=0.00
t=63809ms iter=192 REBUILD reject new_tc=26.5995 (was 26.5559)
t=63944ms iter=192 incumb=26.5559 ratchet=26.6767 best=26.5519 since_improve=3
t=63962ms iter=193 WAIST cost=24.0000 best_alt=19.0000 gap=5.0000 tried=5 sep_labels=19 clique_frac=0.00
t=64147ms iter=193 REBUILD reject new_tc=26.9287 (was 26.5559)
t=64279ms iter=193 incumb=26.5559 ratchet=26.5888 best=26.5519 since_improve=4
t=64295ms iter=194 WAIST cost=24.0000 best_alt=19.0000 gap=5.0000 tried=5 sep_labels=19 clique_frac=0.00
t=64481ms iter=194 REBUILD reject new_tc=26.6936 (was 26.5559)
t=64608ms iter=194 incumb=26.5559 ratchet=26.5956 best=26.5519 since_improve=5
t=64627ms iter=195 WAIST cost=24.0000 best_alt=19.0000 gap=5.0000 tried=5 sep_labels=19 clique_frac=0.00
t=64813ms iter=195 REBUILD reject new_tc=27.6173 (was 26.5559)
t=64942ms iter=195 incumb=26.5559 ratchet=26.6530 best=26.5519 since_improve=6
t=64963ms iter=196 WAIST cost=24.0000 best_alt=19.0000 gap=5.0000 tried=5 sep_labels=19 clique_frac=0.00
t=65148ms iter=196 REBUILD reject new_tc=28.4391 (was 26.5559)
t=65283ms iter=196 incumb=26.5559 ratchet=26.6364 best=26.5519 since_improve=7
t=65303ms iter=197 WAIST cost=24.0000 best_alt=19.0000 gap=5.0000 tried=5 sep_labels=19 clique_frac=0.00
t=65488ms iter=197 REBUILD reject new_tc=27.1610 (was 26.5559)
t=65619ms iter=197 incumb=26.5559 ratchet=26.7595 best=26.5519 since_improve=8
t=65639ms iter=198 WAIST cost=24.0000 best_alt=19.0000 gap=5.0000 tried=5 sep_labels=19 clique_frac=0.00
t=65825ms iter=198 REBUILD reject new_tc=26.6673 (was 26.5559)
t=65951ms iter=198 incumb=26.5559 ratchet=26.6191 best=26.5519 since_improve=9
t=65970ms iter=199 WAIST cost=24.0000 best_alt=19.0000 gap=5.0000 tried=5 sep_labels=19 clique_frac=0.00
t=66155ms iter=199 REBUILD reject new_tc=27.3312 (was 26.5559)
t=66286ms iter=199 incumb=26.5559 ratchet=26.7718 best=26.5519 since_improve=10
t=66304ms iter=200 WAIST cost=24.0000 best_alt=19.0000 gap=5.0000 tried=5 sep_labels=19 clique_frac=0.00
t=66494ms iter=200 REBUILD reject new_tc=27.8394 (was 26.5559)
t=66623ms iter=200 incumb=26.5559 ratchet=26.6332 best=26.5519 since_improve=11
t=66642ms iter=201 WAIST cost=24.0000 best_alt=19.0000 gap=5.0000 tried=5 sep_labels=19 clique_frac=0.00
t=66825ms iter=201 REBUILD reject new_tc=28.4818 (was 26.5559)
t=66958ms iter=201 incumb=26.5559 ratchet=26.6654 best=26.5519 since_improve=12
t=66981ms iter=202 WAIST cost=24.0000 best_alt=19.0000 gap=5.0000 tried=5 sep_labels=19 clique_frac=0.00
t=67165ms iter=202 REBUILD reject new_tc=28.4207 (was 26.5559)
t=67350ms iter=202 incumb=26.5559 ratchet=26.5651 best=26.5193 since_improve=13
t=67376ms iter=203 WAIST cost=24.0000 best_alt=18.0000 gap=6.0000 tried=5 sep_labels=18 clique_frac=0.01
t=67544ms iter=203 REBUILD reject new_tc=27.3748 (was 26.5559)
t=67672ms iter=203 incumb=26.5559 ratchet=26.6069 best=26.5193 since_improve=14
t=67698ms iter=204 WAIST cost=24.0000 best_alt=18.0000 gap=6.0000 tried=5 sep_labels=18 clique_frac=0.01
t=67863ms iter=204 REBUILD reject new_tc=27.1014 (was 26.5559)
t=67994ms iter=204 incumb=26.5559 ratchet=26.5934 best=26.5193 since_improve=15
t=68013ms iter=205 WAIST cost=24.0000 best_alt=19.0000 gap=5.0000 tried=5 sep_labels=19 clique_frac=0.00
t=68198ms iter=205 REBUILD reject new_tc=27.0131 (was 26.5559)
t=68329ms iter=205 incumb=26.5559 ratchet=26.6404 best=26.5193 since_improve=16
t=68345ms iter=206 WAIST cost=24.0000 best_alt=19.0000 gap=5.0000 tried=5 sep_labels=19 clique_frac=0.00
t=68534ms iter=206 REBUILD reject new_tc=26.8611 (was 26.5559)
t=68714ms iter=206 incumb=26.5559 ratchet=26.5173 best=26.5154 since_improve=0
t=68730ms iter=207 WAIST cost=24.0000 best_alt=20.0000 gap=4.0000 tried=5 sep_labels=20 clique_frac=0.03
t=68919ms iter=207 REBUILD reject new_tc=26.8423 (was 26.5173)
t=69046ms iter=207 incumb=26.5173 ratchet=26.6453 best=26.5154 since_improve=1
t=69065ms iter=208 WAIST cost=24.0000 best_alt=20.0000 gap=4.0000 tried=5 sep_labels=20 clique_frac=0.03
t=69249ms iter=208 REBUILD reject new_tc=26.6797 (was 26.5173)
t=69379ms iter=208 incumb=26.5173 ratchet=26.6855 best=26.5154 since_improve=2
t=69397ms iter=209 WAIST cost=24.0000 best_alt=20.0000 gap=4.0000 tried=5 sep_labels=20 clique_frac=0.03
t=69584ms iter=209 REBUILD reject new_tc=26.5287 (was 26.5173)
t=69713ms iter=209 incumb=26.5173 ratchet=26.8043 best=26.5154 since_improve=3
t=69732ms iter=210 WAIST cost=24.0000 best_alt=18.0000 gap=6.0000 tried=5 sep_labels=18 clique_frac=0.02
t=69899ms iter=210 REBUILD reject new_tc=27.0061 (was 26.5173)
t=70031ms iter=210 incumb=26.5173 ratchet=26.5481 best=26.5154 since_improve=4
t=70051ms iter=211 WAIST cost=24.0000 best_alt=19.0000 gap=5.0000 tried=5 sep_labels=19 clique_frac=0.02
t=70217ms iter=211 REBUILD reject new_tc=26.9412 (was 26.5173)
t=70350ms iter=211 incumb=26.5173 ratchet=26.6762 best=26.5154 since_improve=5
t=70366ms iter=212 WAIST cost=24.0000 best_alt=18.0000 gap=6.0000 tried=5 sep_labels=18 clique_frac=0.01
t=70533ms iter=212 REBUILD reject new_tc=26.8325 (was 26.5173)
t=70663ms iter=212 incumb=26.5173 ratchet=26.6004 best=26.5154 since_improve=6
t=70686ms iter=213 WAIST cost=24.0000 best_alt=19.0000 gap=5.0000 tried=5 sep_labels=19 clique_frac=0.02
t=70854ms iter=213 REBUILD reject new_tc=27.1896 (was 26.5173)
t=70981ms iter=213 incumb=26.5173 ratchet=26.6432 best=26.5154 since_improve=7
t=71002ms iter=214 WAIST cost=24.0000 best_alt=18.0000 gap=6.0000 tried=5 sep_labels=18 clique_frac=0.00
t=71168ms iter=214 REBUILD reject new_tc=27.1559 (was 26.5173)
t=71294ms iter=214 incumb=26.5173 ratchet=26.6075 best=26.5154 since_improve=8
t=71310ms iter=215 WAIST cost=24.0000 best_alt=20.0000 gap=4.0000 tried=5 sep_labels=20 clique_frac=0.03
t=71497ms iter=215 REBUILD reject new_tc=26.8635 (was 26.5173)
t=71621ms iter=215 incumb=26.5173 ratchet=26.6491 best=26.5154 since_improve=9
t=71636ms iter=216 WAIST cost=24.0000 best_alt=20.0000 gap=4.0000 tried=5 sep_labels=20 clique_frac=0.03
t=71823ms iter=216 REBUILD reject new_tc=27.3431 (was 26.5173)
t=71952ms iter=216 incumb=26.5173 ratchet=26.6057 best=26.5154 since_improve=10
t=71968ms iter=217 WAIST cost=24.0000 best_alt=20.0000 gap=4.0000 tried=5 sep_labels=20 clique_frac=0.03
t=72155ms iter=217 REBUILD reject new_tc=26.6352 (was 26.5173)
t=72284ms iter=217 incumb=26.5173 ratchet=26.7080 best=26.5154 since_improve=11
t=72299ms iter=218 WAIST cost=24.0000 best_alt=19.0000 gap=5.0000 tried=5 sep_labels=19 clique_frac=0.01
t=72467ms iter=218 REBUILD reject new_tc=27.0700 (was 26.5173)
t=72595ms iter=218 incumb=26.5173 ratchet=26.8104 best=26.5154 since_improve=12
t=72617ms iter=219 WAIST cost=24.0000 best_alt=20.0000 gap=4.0000 tried=5 sep_labels=20 clique_frac=0.03
t=72804ms iter=219 REBUILD reject new_tc=26.8221 (was 26.5173)
t=72938ms iter=219 incumb=26.5173 ratchet=26.7262 best=26.5154 since_improve=13
t=72952ms iter=220 WAIST cost=24.0000 best_alt=20.0000 gap=4.0000 tried=5 sep_labels=20 clique_frac=0.03
t=73137ms iter=220 REBUILD reject new_tc=27.0836 (was 26.5173)
t=73271ms iter=220 incumb=26.5173 ratchet=26.6247 best=26.5154 since_improve=14
t=73283ms iter=221 WAIST cost=24.0000 best_alt=20.0000 gap=4.0000 tried=5 sep_labels=20 clique_frac=0.03
t=73467ms iter=221 REBUILD reject new_tc=26.9296 (was 26.5173)
t=73599ms iter=221 incumb=26.5173 ratchet=26.8337 best=26.5154 since_improve=15
t=73615ms iter=222 WAIST cost=24.0000 best_alt=19.0000 gap=5.0000 tried=5 sep_labels=19 clique_frac=0.01
t=73804ms iter=222 REBUILD reject new_tc=27.1649 (was 26.5173)
t=73932ms iter=222 incumb=26.5173 ratchet=26.6236 best=26.5154 since_improve=16
t=73952ms iter=223 WAIST cost=24.0000 best_alt=20.0000 gap=4.0000 tried=5 sep_labels=20 clique_frac=0.03
t=74175ms iter=223 REBUILD ACCEPT new_tc=26.4903 (was 26.5173)
t=74300ms iter=223 incumb=26.4903 ratchet=26.6603 best=26.4903 since_improve=1
t=74317ms iter=224 WAIST cost=24.0000 best_alt=20.0000 gap=4.0000 tried=5 sep_labels=20 clique_frac=0.03
t=74503ms iter=224 REBUILD reject new_tc=28.4484 (was 26.4903)
t=74628ms iter=224 incumb=26.4903 ratchet=26.6005 best=26.4903 since_improve=2
t=74643ms iter=225 WAIST cost=24.0000 best_alt=20.0000 gap=4.0000 tried=5 sep_labels=20 clique_frac=0.03
t=74828ms iter=225 REBUILD reject new_tc=26.5230 (was 26.4903)
t=74952ms iter=225 incumb=26.4903 ratchet=26.6755 best=26.4903 since_improve=3
t=74971ms iter=226 WAIST cost=24.0000 best_alt=19.0000 gap=5.0000 tried=5 sep_labels=19 clique_frac=0.02
t=75135ms iter=226 REBUILD reject new_tc=27.3622 (was 26.4903)
t=75259ms iter=226 incumb=26.4903 ratchet=26.6435 best=26.4903 since_improve=4
t=75278ms iter=227 WAIST cost=24.0000 best_alt=19.0000 gap=5.0000 tried=5 sep_labels=19 clique_frac=0.02
t=75442ms iter=227 REBUILD reject new_tc=28.4274 (was 26.4903)
t=75568ms iter=227 incumb=26.4903 ratchet=26.6581 best=26.4903 since_improve=5
t=75584ms iter=228 WAIST cost=24.0000 best_alt=20.0000 gap=4.0000 tried=5 sep_labels=20 clique_frac=0.03
t=75770ms iter=228 REBUILD reject new_tc=26.8279 (was 26.4903)
t=75941ms iter=228 incumb=26.4903 ratchet=26.4426 best=26.4426 since_improve=0
t=75956ms iter=229 WAIST cost=24.0000 best_alt=18.0000 gap=6.0000 tried=5 sep_labels=18 clique_frac=0.00
t=76119ms iter=229 REBUILD reject new_tc=26.8233 (was 26.4426)
t=76241ms iter=229 incumb=26.4426 ratchet=26.5738 best=26.4426 since_improve=1
t=76258ms iter=230 WAIST cost=24.0000 best_alt=18.0000 gap=6.0000 tried=5 sep_labels=18 clique_frac=0.00
t=76424ms iter=230 REBUILD reject new_tc=27.1727 (was 26.4426)
t=76552ms iter=230 incumb=26.4426 ratchet=26.8676 best=26.4426 since_improve=2
t=76565ms iter=231 WAIST cost=24.0000 best_alt=18.0000 gap=6.0000 tried=5 sep_labels=18 clique_frac=0.00
t=76729ms iter=231 REBUILD reject new_tc=26.8397 (was 26.4426)
t=76863ms iter=231 incumb=26.4426 ratchet=26.5459 best=26.4426 since_improve=3
t=76879ms iter=232 WAIST cost=24.0000 best_alt=18.0000 gap=6.0000 tried=5 sep_labels=18 clique_frac=0.00
t=77043ms iter=232 REBUILD reject new_tc=27.0911 (was 26.4426)
t=77168ms iter=232 incumb=26.4426 ratchet=26.6103 best=26.4426 since_improve=4
t=77188ms iter=233 WAIST cost=24.0000 best_alt=18.0000 gap=6.0000 tried=5 sep_labels=18 clique_frac=0.00
t=77349ms iter=233 REBUILD reject new_tc=27.4269 (was 26.4426)
t=77476ms iter=233 incumb=26.4426 ratchet=26.7836 best=26.4426 since_improve=5
t=77498ms iter=234 WAIST cost=24.0000 best_alt=18.0000 gap=6.0000 tried=5 sep_labels=18 clique_frac=0.00
t=77660ms iter=234 REBUILD reject new_tc=27.6653 (was 26.4426)
t=77838ms iter=234 incumb=26.4426 ratchet=26.4379 best=26.4379 since_improve=0
t=77861ms iter=235 WAIST cost=24.0000 best_alt=17.0000 gap=7.0000 tried=5 sep_labels=17 clique_frac=0.01
t=78029ms iter=235 REBUILD reject new_tc=27.6381 (was 26.4379)
t=78153ms iter=235 incumb=26.4379 ratchet=26.5964 best=26.4379 since_improve=1
t=78171ms iter=236 WAIST cost=24.0000 best_alt=18.0000 gap=6.0000 tried=5 sep_labels=18 clique_frac=0.00
t=78333ms iter=236 REBUILD reject new_tc=27.1725 (was 26.4379)
t=78462ms iter=236 incumb=26.4379 ratchet=26.5017 best=26.4379 since_improve=2
t=78484ms iter=237 WAIST cost=24.0000 best_alt=18.0000 gap=6.0000 tried=5 sep_labels=18 clique_frac=0.00
t=78649ms iter=237 REBUILD reject new_tc=27.1949 (was 26.4379)
t=78776ms iter=237 incumb=26.4379 ratchet=26.6962 best=26.4379 since_improve=3
t=78793ms iter=238 WAIST cost=24.0000 best_alt=18.0000 gap=6.0000 tried=5 sep_labels=18 clique_frac=0.00
t=78958ms iter=238 REBUILD reject new_tc=26.8885 (was 26.4379)
t=79082ms iter=238 incumb=26.4379 ratchet=26.5421 best=26.4379 since_improve=4
t=79095ms iter=239 WAIST cost=24.0000 best_alt=18.0000 gap=6.0000 tried=5 sep_labels=18 clique_frac=0.00
t=79258ms iter=239 REBUILD reject new_tc=26.7400 (was 26.4379)
t=79385ms iter=239 incumb=26.4379 ratchet=26.5643 best=26.4379 since_improve=5
t=79404ms iter=240 WAIST cost=24.0000 best_alt=18.0000 gap=6.0000 tried=5 sep_labels=18 clique_frac=0.00
t=79570ms iter=240 REBUILD reject new_tc=26.7603 (was 26.4379)
t=79747ms iter=240 incumb=26.4379 ratchet=26.4516 best=26.4311 since_improve=6
t=79770ms iter=241 WAIST cost=24.0000 best_alt=17.0000 gap=7.0000 tried=5 sep_labels=17 clique_frac=0.01
t=79940ms iter=241 REBUILD reject new_tc=26.8768 (was 26.4379)
t=80065ms iter=241 incumb=26.4379 ratchet=26.7803 best=26.4311 since_improve=7
t=80083ms iter=242 WAIST cost=24.0000 best_alt=18.0000 gap=6.0000 tried=5 sep_labels=18 clique_frac=0.00
t=80248ms iter=242 REBUILD reject new_tc=26.7817 (was 26.4379)
t=80377ms iter=242 incumb=26.4379 ratchet=26.6789 best=26.4311 since_improve=8
t=80397ms iter=243 WAIST cost=24.0000 best_alt=18.0000 gap=6.0000 tried=5 sep_labels=18 clique_frac=0.00
t=80561ms iter=243 REBUILD reject new_tc=27.2495 (was 26.4379)
t=80691ms iter=243 incumb=26.4379 ratchet=26.5674 best=26.4311 since_improve=9
t=80713ms iter=244 WAIST cost=24.0000 best_alt=18.0000 gap=6.0000 tried=5 sep_labels=18 clique_frac=0.00
t=80875ms iter=244 REBUILD reject new_tc=27.1560 (was 26.4379)
t=81003ms iter=244 incumb=26.4379 ratchet=26.9030 best=26.4311 since_improve=10
t=81024ms iter=245 WAIST cost=24.0000 best_alt=17.0000 gap=7.0000 tried=5 sep_labels=17 clique_frac=0.01
t=81194ms iter=245 REBUILD reject new_tc=27.0379 (was 26.4379)
t=81322ms iter=245 incumb=26.4379 ratchet=26.6373 best=26.4311 since_improve=11
t=81341ms iter=246 WAIST cost=24.0000 best_alt=18.0000 gap=6.0000 tried=5 sep_labels=18 clique_frac=0.00
t=81505ms iter=246 REBUILD reject new_tc=26.8818 (was 26.4379)
t=81635ms iter=246 incumb=26.4379 ratchet=26.6794 best=26.4311 since_improve=12
t=81652ms iter=247 WAIST cost=24.0000 best_alt=18.0000 gap=6.0000 tried=5 sep_labels=18 clique_frac=0.00
t=81821ms iter=247 REBUILD reject new_tc=26.8688 (was 26.4379)
t=81950ms iter=247 incumb=26.4379 ratchet=26.5564 best=26.4311 since_improve=13
t=81974ms iter=248 WAIST cost=24.0000 best_alt=18.0000 gap=6.0000 tried=5 sep_labels=18 clique_frac=0.00
t=82139ms iter=248 REBUILD reject new_tc=26.9965 (was 26.4379)
t=82271ms iter=248 incumb=26.4379 ratchet=26.7180 best=26.4311 since_improve=14
t=82286ms iter=249 WAIST cost=24.0000 best_alt=18.0000 gap=6.0000 tried=5 sep_labels=18 clique_frac=0.00
t=82450ms iter=249 REBUILD reject new_tc=26.8196 (was 26.4379)
t=82584ms iter=249 incumb=26.4379 ratchet=26.7841 best=26.4311 since_improve=15
t=82604ms iter=250 WAIST cost=24.0000 best_alt=18.0000 gap=6.0000 tried=5 sep_labels=18 clique_frac=0.00
t=82770ms iter=250 REBUILD reject new_tc=26.7435 (was 26.4379)
t=82900ms iter=250 incumb=26.4379 ratchet=26.4555 best=26.4311 since_improve=16
t=82923ms iter=251 WAIST cost=24.0000 best_alt=18.0000 gap=6.0000 tried=5 sep_labels=18 clique_frac=0.00
t=83085ms iter=251 REBUILD reject new_tc=27.1974 (was 26.4379)
t=83209ms iter=251 incumb=26.4379 ratchet=26.6129 best=26.4311 since_improve=17
t=83232ms iter=252 WAIST cost=24.0000 best_alt=18.0000 gap=6.0000 tried=5 sep_labels=18 clique_frac=0.00
t=83395ms iter=252 REBUILD reject new_tc=26.9494 (was 26.4379)
t=83529ms iter=252 incumb=26.4379 ratchet=26.6800 best=26.4311 since_improve=18
t=83548ms iter=253 WAIST cost=24.0000 best_alt=17.0000 gap=7.0000 tried=5 sep_labels=17 clique_frac=0.00
t=83713ms iter=253 REBUILD reject new_tc=26.6668 (was 26.4379)
t=83842ms iter=253 incumb=26.4379 ratchet=26.6480 best=26.4311 since_improve=19
t=83864ms iter=254 WAIST cost=24.0000 best_alt=18.0000 gap=6.0000 tried=5 sep_labels=18 clique_frac=0.00
t=84030ms iter=254 REBUILD reject new_tc=26.8972 (was 26.4379)
t=84156ms iter=254 incumb=26.4379 ratchet=26.6131 best=26.4311 since_improve=20
t=84176ms iter=255 WAIST cost=24.0000 best_alt=17.0000 gap=7.0000 tried=5 sep_labels=17 clique_frac=0.00
t=84343ms iter=255 REBUILD reject new_tc=27.0222 (was 26.4379)
t=84469ms iter=255 incumb=26.4379 ratchet=26.5245 best=26.4311 since_improve=21
t=84489ms iter=256 WAIST cost=24.0000 best_alt=18.0000 gap=6.0000 tried=5 sep_labels=18 clique_frac=0.00
t=84654ms iter=256 REBUILD reject new_tc=27.1850 (was 26.4379)
t=84783ms iter=256 incumb=26.4379 ratchet=26.5923 best=26.4311 since_improve=22
t=84801ms iter=257 WAIST cost=24.0000 best_alt=18.0000 gap=6.0000 tried=5 sep_labels=18 clique_frac=0.00
t=84963ms iter=257 REBUILD reject new_tc=27.2561 (was 26.4379)
t=85093ms iter=257 incumb=26.4379 ratchet=26.5411 best=26.4311 since_improve=23
t=85112ms iter=258 WAIST cost=24.0000 best_alt=18.0000 gap=6.0000 tried=5 sep_labels=18 clique_frac=0.00
t=85276ms iter=258 REBUILD reject new_tc=27.9224 (was 26.4379)
t=85398ms iter=258 incumb=26.4379 ratchet=26.6786 best=26.4311 since_improve=24
t=85418ms iter=259 WAIST cost=24.0000 best_alt=18.0000 gap=6.0000 tried=5 sep_labels=18 clique_frac=0.00
t=85583ms iter=259 REBUILD reject new_tc=26.7049 (was 26.4379)
t=85709ms iter=259 incumb=26.4379 ratchet=26.6578 best=26.4311 since_improve=25
t=85728ms iter=260 WAIST cost=24.0000 best_alt=18.0000 gap=6.0000 tried=5 sep_labels=18 clique_frac=0.00
t=85902ms iter=260 REBUILD reject new_tc=27.8510 (was 26.4379)
t=86033ms iter=260 incumb=26.4379 ratchet=26.5260 best=26.4311 since_improve=26
t=86048ms iter=261 WAIST cost=24.0000 best_alt=18.0000 gap=6.0000 tried=5 sep_labels=18 clique_frac=0.00
t=86214ms iter=261 REBUILD reject new_tc=27.1556 (was 26.4379)
t=86332ms iter=261 incumb=26.4379 ratchet=26.5879 best=26.4311 since_improve=27
t=86350ms iter=262 WAIST cost=24.0000 best_alt=18.0000 gap=6.0000 tried=5 sep_labels=18 clique_frac=0.00
t=86515ms iter=262 REBUILD reject new_tc=27.1678 (was 26.4379)
t=86644ms iter=262 incumb=26.4379 ratchet=26.8562 best=26.4311 since_improve=28
t=86664ms iter=263 WAIST cost=24.0000 best_alt=18.0000 gap=6.0000 tried=5 sep_labels=18 clique_frac=0.00
t=86827ms iter=263 REBUILD reject new_tc=26.8432 (was 26.4379)
t=86954ms iter=263 incumb=26.4379 ratchet=26.8078 best=26.4311 since_improve=29
t=86981ms iter=264 WAIST cost=24.0000 best_alt=18.0000 gap=6.0000 tried=5 sep_labels=18 clique_frac=0.00
t=87143ms iter=264 REBUILD reject new_tc=27.0611 (was 26.4379)
t=87270ms iter=264 incumb=26.4379 ratchet=26.7570 best=26.4311 since_improve=30
t=87287ms iter=265 WAIST cost=24.0000 best_alt=18.0000 gap=6.0000 tried=5 sep_labels=18 clique_frac=0.00
t=87451ms iter=265 REBUILD reject new_tc=26.9503 (was 26.4379)
t_final=87503ms tc_reduced=26.4311 tc_full=26.4355 leaves=1560
surgery summary: calls=265 cheaper_cuts=265 rebuild_accepts=3 waist_min_hits=0
