simplify: n_orig=2203 n_reduced=761 shrink=0.6546 t_simp=12ms
t_seed=656ms tc_seed=61.7023 seed_trials=8
t_dp=656ms tc_greedy=61.7023
t=2054ms mcts_tc=61.2764
t=5217ms mcts_tc=60.3319
t=6038ms mcts_tc=57.6971
t_mcts=26004ms mcts: backup=min rollouts=128 rate=5/s depth=3 nodes=129 improves=3 tc_mcts=57.6971
ATTRIBUTION tc_greedy=61.7023 tc_mcts_prepolish=57.6971 mcts_beats_greedy=true
t=26226ms polish_tc=57.6427
t=26324ms polish_tc=57.6356
t=26415ms polish_tc=57.6302
t=26499ms polish_tc=57.1224
t=26584ms polish_tc=56.7813
t=26666ms polish_tc=56.5543
t=26753ms polish_tc=56.5300
t=26837ms polish_tc=56.5257
t=26923ms polish_tc=56.5166
t=27410ms polish_tc=56.4700
t=27494ms polish_tc=56.3900
t=27582ms polish_tc=56.3898
t=27670ms polish_tc=56.3887
t=27759ms polish_tc=56.3134
t=27850ms polish_tc=56.3062
t=27956ms polish_tc=56.1584
t=28045ms polish_tc=56.1410
t=28408ms polish_tc=56.1354
t=28499ms polish_tc=56.1347
t=28586ms polish_tc=56.1296
t=28672ms polish_tc=56.1199
t=28760ms polish_tc=55.9113
t=28851ms polish_tc=55.8565
t=28945ms polish_tc=55.8364
t=29038ms polish_tc=55.8211
t=29404ms polish_tc=55.7220
t=29497ms polish_tc=55.7054
t=29591ms polish_tc=55.4623
t=29683ms polish_tc=55.4457
t=29780ms polish_tc=55.4404
t=29885ms polish_tc=55.3893
t=29976ms polish_tc=55.3891
t=30063ms polish_tc=55.3877
t=30404ms polish_tc=55.3873
t=30501ms polish_tc=55.3872
t=30587ms polish_tc=55.2460
t=30671ms polish_tc=55.2415
t=30775ms polish_tc=55.1795
t=30884ms polish_tc=55.1674
t=30998ms polish_tc=55.1648
t=31098ms polish_tc=55.1637
t=31408ms polish_tc=55.1583
t=31504ms polish_tc=55.1185
t=31602ms polish_tc=55.1160
t=31702ms polish_tc=55.1152
t=31817ms polish_tc=55.0999
t=31913ms polish_tc=55.0981
t=32006ms polish_tc=55.0980
t=32098ms polish_tc=55.0971
t=32413ms polish_tc=55.0941
t=32509ms polish_tc=55.0937
t=32602ms polish_tc=55.0935
t=32701ms polish_tc=55.0932
t=32798ms polish_tc=55.0915
t=32912ms polish_tc=54.1809
t=33009ms polish_tc=54.1799
t=33403ms polish_tc=54.1795
t=33517ms polish_tc=54.1703
t=33623ms polish_tc=54.1698
t=33720ms polish_tc=54.1643
t=33817ms polish_tc=54.1610
t=33915ms polish_tc=54.0875
t=34035ms polish_tc=54.0742
t=34156ms polish_tc=54.0735
t=34412ms polish_tc=54.0713
t=34533ms polish_tc=54.0698
t=34645ms polish_tc=54.0688
t=34765ms polish_tc=54.0672
t=34879ms polish_tc=54.0670
t=34997ms polish_tc=54.0582
t=35113ms polish_tc=54.0572
t=35409ms polish_tc=54.0564
t=35534ms polish_tc=54.0526
t=35652ms polish_tc=54.0517
t=35787ms polish_tc=54.0425
t=35897ms polish_tc=54.0416
t=36014ms polish_tc=54.0409
t=36121ms polish_tc=54.0380
t=36395ms polish_tc=54.0371
t=36521ms polish_tc=54.0353
t=36646ms polish_tc=54.0340
t=36765ms polish_tc=54.0339
t=36879ms polish_tc=54.0326
t=37003ms polish_tc=54.0323
t=37127ms polish_tc=54.0319
t=37245ms polish_tc=54.0306
t=37417ms polish_tc=53.0701
t=37534ms polish_tc=53.0673
t=37652ms polish_tc=53.0659
t=37775ms polish_tc=53.0645
t=37919ms polish_tc=53.0630
t=38042ms polish_tc=53.0617
t=38407ms polish_tc=53.0601
t=38533ms polish_tc=53.0589
t=38681ms polish_tc=52.1304
t=38808ms polish_tc=52.1295
t=38932ms polish_tc=52.1282
t=39066ms polish_tc=52.1254
t=39189ms polish_tc=52.1232
t=39413ms polish_tc=52.1224
t=39537ms polish_tc=52.1219
t=39661ms polish_tc=52.1213
t=39782ms polish_tc=52.1204
t=39942ms polish_tc=51.2478
t=40074ms polish_tc=51.2445
t=40202ms polish_tc=51.2441
t=40419ms polish_tc=51.2433
t=40549ms polish_tc=51.2410
t=40680ms polish_tc=51.2344
t=40807ms polish_tc=51.2331
t=40932ms polish_tc=51.2319
t=41054ms polish_tc=51.2215
t=41412ms polish_tc=51.2203
t=41534ms polish_tc=51.2190
t=41679ms polish_tc=51.2157
t=41809ms polish_tc=51.2146
t=41966ms polish_tc=51.2102
t=42093ms polish_tc=51.2095
t=42409ms polish_tc=51.2089
t=42536ms polish_tc=51.2057
t=42672ms polish_tc=51.2051
t=42842ms polish_tc=50.4664
t=42971ms polish_tc=50.4652
t=43099ms polish_tc=50.4642
t=43231ms polish_tc=50.4551
t=43417ms polish_tc=50.4519
t=43546ms polish_tc=50.4508
t=43691ms polish_tc=50.4345
t=43832ms polish_tc=50.4313
t=43961ms polish_tc=50.4280
t=44095ms polish_tc=50.4261
t=44414ms polish_tc=50.4121
t=44558ms polish_tc=50.4111
t=44698ms polish_tc=50.4035
t=44878ms polish_tc=50.4025
t=45104ms polish_tc=49.7639
t=45235ms polish_tc=49.7639
t=45416ms polish_tc=49.7639
t=45559ms polish_tc=49.7587
t=45700ms polish_tc=49.7585
t=45846ms polish_tc=49.7570
t=46042ms polish_tc=49.7570
t=46239ms polish_tc=49.7570
t=46418ms polish_tc=49.7570
t=46603ms polish_tc=49.3298
t=46756ms polish_tc=49.3211
t=46906ms polish_tc=49.3209
t=47046ms polish_tc=49.3208
t=47413ms polish_tc=49.3187
t=47558ms polish_tc=49.3186
t=47702ms polish_tc=49.3163
t=47850ms polish_tc=49.3163
t=47993ms polish_tc=49.3076
t=48223ms polish_tc=49.3075
t=48419ms polish_tc=49.3075
t=48570ms polish_tc=49.3075
t=48721ms polish_tc=49.3075
t=49261ms polish_tc=49.1685
t=49413ms polish_tc=49.1647
t=49569ms polish_tc=49.1383
t=49721ms polish_tc=49.1257
t=49878ms polish_tc=49.1241
t=50052ms polish_tc=49.1206
t=50416ms polish_tc=49.1069
t=50619ms polish_tc=49.1066
t=50786ms polish_tc=49.1064
t=50952ms polish_tc=49.1061
t=51112ms polish_tc=49.1006
t=51413ms polish_tc=49.0953
t=51570ms polish_tc=49.0922
t=51744ms polish_tc=49.0890
t=51943ms polish_tc=49.0837
t=52118ms polish_tc=49.0836
t=52407ms polish_tc=49.0832
t=52581ms polish_tc=49.0831
t=52794ms polish_tc=49.0830
t=52964ms polish_tc=49.0825
t=53123ms polish_tc=49.0818
t=53416ms polish_tc=48.9762
t=53580ms polish_tc=48.9733
t=53754ms polish_tc=48.9705
t=53951ms polish_tc=48.9482
t=54119ms polish_tc=48.9450
t=54422ms polish_tc=48.9450
t=54591ms polish_tc=48.9392
t=54762ms polish_tc=48.9392
t=54928ms polish_tc=48.9363
t=55413ms polish_tc=48.9363
t=55577ms polish_tc=48.9363
t=55745ms polish_tc=48.9363
t=55920ms polish_tc=48.9362
t=56090ms polish_tc=48.9362
t=56418ms polish_tc=48.9362
t=56596ms polish_tc=48.9362
t=56771ms polish_tc=48.9359
t=56944ms polish_tc=48.9359
t=57411ms polish_tc=48.9359
t=57585ms polish_tc=48.9359
t=57753ms polish_tc=48.9358
t=57923ms polish_tc=48.9358
t=58108ms polish_tc=48.9358
t=58414ms polish_tc=48.9354
t=58581ms polish_tc=48.9354
t=58747ms polish_tc=48.9237
t=58907ms polish_tc=48.9236
t=59079ms polish_tc=48.9236
t=59417ms polish_tc=48.9235
t=59585ms polish_tc=48.9234
t=60531ms polish_tc=48.9234
t=60687ms polish_tc=48.9204
t=60834ms polish_tc=48.9203
t=60991ms polish_tc=48.9202
t=61134ms polish_tc=48.9202
t=63897ms polish_tc=48.9142
t=64075ms polish_tc=48.9112
t=64255ms polish_tc=48.9052
t=64424ms polish_tc=48.8993
t=64642ms polish_tc=48.8989
t=64811ms polish_tc=48.8958
t=64967ms polish_tc=48.8927
t=65124ms polish_tc=48.8866
t=65418ms polish_tc=48.8866
t=65679ms polish_tc=48.8747
t=65852ms polish_tc=48.8747
t=66028ms polish_tc=48.8747
t=66192ms polish_tc=48.8747
t=67385ms polish_tc=48.8746
t=67569ms polish_tc=48.8746
t=67727ms polish_tc=48.8746
t=67908ms polish_tc=48.8746
t=68517ms polish_tc=48.8715
t=68714ms polish_tc=48.8664
t=68888ms polish_tc=48.8516
t=69063ms polish_tc=48.8445
t=69228ms polish_tc=48.8413
t=69420ms polish_tc=48.8354
t=69672ms polish_tc=48.8328
t=69928ms polish_tc=48.8308
t=70091ms polish_tc=48.8308
t=70295ms polish_tc=48.8286
t=70462ms polish_tc=48.8284
t=70629ms polish_tc=48.8284
t=70803ms polish_tc=48.8274
t=70973ms polish_tc=48.8274
t=71412ms polish_tc=48.8213
t=71584ms polish_tc=48.8078
t=71735ms polish_tc=48.8046
t=71903ms polish_tc=48.8046
t=72059ms polish_tc=48.8046
t=72417ms polish_tc=48.8030
t=72582ms polish_tc=48.7997
t=72756ms polish_tc=48.7970
t=72927ms polish_tc=48.7969
t=73087ms polish_tc=48.7968
t=73414ms polish_tc=48.7968
t=73574ms polish_tc=48.7966
t=73736ms polish_tc=48.7965
t=73902ms polish_tc=48.7964
t=74160ms polish_tc=48.7949
t=74421ms polish_tc=48.7948
t=74603ms polish_tc=48.7948
t=74800ms polish_tc=48.7948
t=74965ms polish_tc=48.7948
t=75120ms polish_tc=48.7948
t=75424ms polish_tc=48.7948
t=75995ms polish_tc=48.7917
t=76166ms polish_tc=48.7879
t=76337ms polish_tc=48.7799
t=76518ms polish_tc=48.7799
t=76697ms polish_tc=48.7757
t=76867ms polish_tc=48.7641
t=77038ms polish_tc=48.7562
t=77202ms polish_tc=48.7452
t=77425ms polish_tc=48.7416
t=77678ms polish_tc=48.7402
t=77870ms polish_tc=48.7383
t=78034ms polish_tc=48.7381
t=78423ms polish_tc=48.7355
t=78606ms polish_tc=48.7329
t=78769ms polish_tc=48.7316
t=78935ms polish_tc=48.7288
t=79096ms polish_tc=48.7272
t=79420ms polish_tc=48.7196
t=79588ms polish_tc=48.7143
t=79753ms polish_tc=48.7142
t=79964ms polish_tc=48.7125
t=80154ms polish_tc=48.7121
t=80420ms polish_tc=48.7071
t=80615ms polish_tc=48.7036
t=80800ms polish_tc=48.7036
t=80958ms polish_tc=48.7035
t=81115ms polish_tc=48.7035
t=81425ms polish_tc=48.7019
t=81590ms polish_tc=48.6986
t=81762ms polish_tc=48.6985
t=81932ms polish_tc=48.6984
t=82415ms polish_tc=48.6914
t=82580ms polish_tc=48.6897
t=82744ms polish_tc=48.6896
t=82907ms polish_tc=48.6896
t=83156ms polish_tc=48.6833
t=83420ms polish_tc=48.6827
t=83590ms polish_tc=48.6757
t=83776ms polish_tc=48.6757
t=83952ms polish_tc=48.6757
t=84109ms polish_tc=48.6685
t=84423ms polish_tc=48.6685
t=84595ms polish_tc=48.6623
t=84762ms polish_tc=48.6615
t=84928ms polish_tc=48.6614
t=85414ms polish_tc=48.6597
t=85575ms polish_tc=48.6595
t=85757ms polish_tc=48.6595
t=85949ms polish_tc=48.6595
t=86236ms polish_tc=48.6595
t=86413ms polish_tc=48.6595
t=86982ms polish_tc=48.6555
t=87167ms polish_tc=48.6526
t=87340ms polish_tc=48.6401
anneal_sweeps=18000 cycles=10 fresh=0
t_final=87351ms tc_greedy=61.7023 tc_mcts=57.6971 tc_final=48.6401 tc_full=48.6401 leaves=2203
