simplify: n_orig=3369 n_reduced=381 shrink=0.8869 t_simp=15ms
t_seed=614ms tc_seed=85.3311 seed_trials=11
t_dp=6100ms tc_greedy=76.0345
t_mcts=21217ms mcts: backup=min rollouts=320 rate=15/s depth=3 nodes=321 improves=0 tc_mcts=76.0345
ATTRIBUTION tc_greedy=76.0345 tc_mcts_prepolish=76.0345 mcts_beats_greedy=false
t=21435ms polish_tc=75.1650
t=21602ms polish_tc=74.9444
t=21768ms polish_tc=74.9278
t=21931ms polish_tc=74.7268
t=22087ms polish_tc=74.4812
t=22258ms polish_tc=73.6573
t=22416ms polish_tc=73.5283
t=22763ms polish_tc=73.4933
t=22926ms polish_tc=73.0727
t=23093ms polish_tc=73.0072
t=23272ms polish_tc=71.6816
t=23458ms polish_tc=71.2650
t=23776ms polish_tc=70.7763
t=23951ms polish_tc=70.7089
t=24127ms polish_tc=70.3182
t=24308ms polish_tc=70.1850
t=24771ms polish_tc=70.1828
t=24948ms polish_tc=69.2569
t=25116ms polish_tc=69.2047
t=25284ms polish_tc=68.9820
t=25458ms polish_tc=68.7249
t=25777ms polish_tc=68.6973
t=25955ms polish_tc=68.5103
t=26134ms polish_tc=68.3283
t=26309ms polish_tc=68.0532
t=26773ms polish_tc=67.7246
t=26965ms polish_tc=67.5884
t=27158ms polish_tc=67.4640
t=27348ms polish_tc=67.4595
t=27772ms polish_tc=67.0941
t=27971ms polish_tc=66.9552
t=28158ms polish_tc=66.9115
t=28344ms polish_tc=66.8321
t=28780ms polish_tc=66.7615
t=28963ms polish_tc=66.6091
t=29776ms polish_tc=66.5358
t=29951ms polish_tc=66.5260
t=30777ms polish_tc=66.3990
t=31763ms polish_tc=66.3906
t=31944ms polish_tc=66.3571
t=32769ms polish_tc=66.3504
t=32964ms polish_tc=66.3416
t=33771ms polish_tc=66.1600
t=33957ms polish_tc=66.0165
t=34789ms polish_tc=66.0164
t=35006ms polish_tc=65.8999
t=35785ms polish_tc=65.7387
t=35985ms polish_tc=65.7318
t=36786ms polish_tc=65.5865
t=37005ms polish_tc=65.4870
t=37788ms polish_tc=65.4419
t=38765ms polish_tc=65.2774
t=38981ms polish_tc=65.1819
t=39775ms polish_tc=65.0708
t=39987ms polish_tc=64.9217
t=40778ms polish_tc=64.7481
t=40990ms polish_tc=64.6715
t=41784ms polish_tc=64.1998
t=41985ms polish_tc=64.0519
t=42786ms polish_tc=63.9246
t=42990ms polish_tc=63.7015
t=43787ms polish_tc=63.6710
t=44000ms polish_tc=63.4944
t=44787ms polish_tc=63.4533
t=44980ms polish_tc=63.4467
t=45786ms polish_tc=63.4250
t=45987ms polish_tc=63.3390
t=46785ms polish_tc=63.2473
t=46994ms polish_tc=63.2297
t=47784ms polish_tc=63.0110
t=47983ms polish_tc=62.8824
t=48790ms polish_tc=62.8380
t=48999ms polish_tc=62.7560
t=49791ms polish_tc=62.6480
t=50001ms polish_tc=62.6463
t=50778ms polish_tc=62.6396
t=51775ms polish_tc=62.6220
t=52017ms polish_tc=62.5283
t=52789ms polish_tc=62.5143
t=53023ms polish_tc=62.1973
t=53791ms polish_tc=62.1652
t=54012ms polish_tc=62.1407
t=54793ms polish_tc=62.1047
t=55013ms polish_tc=62.0539
t=55786ms polish_tc=62.0490
t=56775ms polish_tc=62.0479
t=56978ms polish_tc=62.0441
t=57778ms polish_tc=61.9794
t=57999ms polish_tc=61.9738
t=58792ms polish_tc=61.9561
t=59779ms polish_tc=61.9009
t=60002ms polish_tc=61.8465
t=60790ms polish_tc=61.8105
t=61021ms polish_tc=61.7986
t=61792ms polish_tc=61.7937
t=62022ms polish_tc=61.7589
t=62786ms polish_tc=61.7538
t=63782ms polish_tc=61.7412
t=64003ms polish_tc=61.7314
t=64787ms polish_tc=61.7267
t=64999ms polish_tc=61.6801
t=65784ms polish_tc=61.6706
t=66016ms polish_tc=61.6658
t=66782ms polish_tc=61.6485
t=67780ms polish_tc=61.6431
t=68022ms polish_tc=61.6405
t=68793ms polish_tc=61.6344
t=69019ms polish_tc=61.6341
t=69797ms polish_tc=61.6286
t=70774ms polish_tc=61.6214
t=71001ms polish_tc=61.6196
t=71788ms polish_tc=61.6067
t=72005ms polish_tc=61.6037
t=72779ms polish_tc=61.6014
t=72972ms polish_tc=61.5996
t=73786ms polish_tc=61.5919
t=74000ms polish_tc=61.5797
t=74789ms polish_tc=61.5772
t=75009ms polish_tc=61.5645
t=75779ms polish_tc=61.5617
t=76769ms polish_tc=61.5617
t=76979ms polish_tc=61.5598
t=77788ms polish_tc=61.5534
t=77999ms polish_tc=61.5360
t=78785ms polish_tc=61.5321
t=79006ms polish_tc=61.5282
t=79787ms polish_tc=61.5275
t=80010ms polish_tc=61.5251
t=80784ms polish_tc=61.5188
t=81046ms polish_tc=61.5183
t=81787ms polish_tc=61.5108
t=82008ms polish_tc=61.5049
t=82789ms polish_tc=61.4992
t=83005ms polish_tc=61.4945
t=83791ms polish_tc=61.4935
t=84013ms polish_tc=61.4878
t=84783ms polish_tc=61.4757
t=84984ms polish_tc=61.4701
t=85789ms polish_tc=61.4701
t=86003ms polish_tc=61.4635
t=86778ms polish_tc=61.4614
t=86974ms polish_tc=61.4604
t=87782ms polish_tc=61.4563
anneal_sweeps=912 cycles=1 fresh=0
t_final=87794ms tc_greedy=76.0345 tc_mcts=76.0345 tc_final=61.4563 tc_full=61.4563 leaves=3369
