probe: instance=surfacecode_d21 n_orig=2203 n=761 fusible=0.6546 nlabels=798 t=12ms
seed_greedy tc=59.5321 t=507ms
t=912ms iter=1 WAIST cost=46.0000 best_alt=33.0000 gap=13.0000 tried=5 sep_labels=33 clique_frac=0.02
t=1230ms iter=1 REBUILD reject new_tc=51.2246 (was 49.1744)
t=1940ms iter=1 incumb=49.1744 ratchet=49.1430 best=49.1427 since_improve=0
t=1960ms iter=2 WAIST cost=45.0000 best_alt=31.0000 gap=14.0000 tried=5 sep_labels=31 clique_frac=0.01
t=2270ms iter=2 REBUILD reject new_tc=52.0947 (was 49.1430)
t=2532ms iter=2 incumb=49.1430 ratchet=49.1829 best=49.1427 since_improve=1
t=2558ms iter=3 WAIST cost=45.0000 best_alt=33.0000 gap=12.0000 tried=5 sep_labels=33 clique_frac=0.04
t=2873ms iter=3 REBUILD reject new_tc=51.8361 (was 49.1430)
t=3788ms iter=3 incumb=49.1430 ratchet=49.1417 best=49.1314 since_improve=0
t=3813ms iter=4 WAIST cost=44.0000 best_alt=33.0000 gap=11.0000 tried=5 sep_labels=33 clique_frac=0.04
t=4311ms iter=4 REBUILD ACCEPT new_tc=49.0262 (was 49.1417)
t=4567ms iter=4 incumb=49.0262 ratchet=49.0372 best=49.0262 since_improve=1
t=4596ms iter=5 WAIST cost=45.0000 best_alt=29.0000 gap=16.0000 tried=5 sep_labels=29 clique_frac=0.00
t=4908ms iter=5 REBUILD reject new_tc=49.7076 (was 49.0262)
t=5151ms iter=5 incumb=49.0262 ratchet=49.0363 best=49.0262 since_improve=2
t=5171ms iter=6 WAIST cost=45.0000 best_alt=35.0000 gap=10.0000 tried=5 sep_labels=35 clique_frac=0.04
t=5616ms iter=6 REBUILD ACCEPT new_tc=48.6382 (was 49.0262)
t=6757ms iter=6 incumb=48.6382 ratchet=48.5607 best=48.5607 since_improve=0
t=6789ms iter=7 WAIST cost=46.0000 best_alt=35.0000 gap=11.0000 tried=5 sep_labels=35 clique_frac=0.01
t=7012ms iter=7 REBUILD reject new_tc=51.1921 (was 48.5607)
t=7307ms iter=7 incumb=48.5607 ratchet=48.5458 best=48.5458 since_improve=0
t=7346ms iter=8 WAIST cost=46.0000 best_alt=37.0000 gap=9.0000 tried=5 sep_labels=37 clique_frac=0.00
t=7647ms iter=8 REBUILD reject new_tc=48.6396 (was 48.5458)
t=8950ms iter=8 incumb=48.5458 ratchet=48.4808 best=48.4808 since_improve=0
t=8978ms iter=9 WAIST cost=45.0000 best_alt=37.0000 gap=8.0000 tried=5 sep_labels=37 clique_frac=0.03
t=9280ms iter=9 REBUILD reject new_tc=48.8279 (was 48.4808)
t=9526ms iter=9 incumb=48.4808 ratchet=48.4881 best=48.4808 since_improve=1
t=9564ms iter=10 WAIST cost=45.0000 best_alt=37.0000 gap=8.0000 tried=5 sep_labels=37 clique_frac=0.03
t=9877ms iter=10 REBUILD reject new_tc=49.2815 (was 48.4808)
t=11235ms iter=10 incumb=48.4808 ratchet=48.4422 best=48.4422 since_improve=0
t=11261ms iter=11 WAIST cost=44.0000 best_alt=40.0000 gap=4.0000 tried=5 sep_labels=40 clique_frac=0.01
t=11568ms iter=11 REBUILD reject new_tc=49.3543 (was 48.4422)
t=11826ms iter=11 incumb=48.4422 ratchet=48.4470 best=48.4422 since_improve=1
t=11853ms iter=12 WAIST cost=44.0000 best_alt=35.0000 gap=9.0000 tried=5 sep_labels=35 clique_frac=0.03
t=12156ms iter=12 REBUILD reject new_tc=49.6709 (was 48.4422)
t=12699ms iter=12 incumb=48.4422 ratchet=48.4286 best=48.4244 since_improve=0
t=12722ms iter=13 WAIST cost=44.0000 best_alt=37.0000 gap=7.0000 tried=5 sep_labels=37 clique_frac=0.02
t=12931ms iter=13 REBUILD reject new_tc=54.0306 (was 48.4286)
t=13100ms iter=13 incumb=48.4286 ratchet=48.4671 best=48.4244 since_improve=1
t=13113ms iter=14 WAIST cost=44.0000 best_alt=39.0000 gap=5.0000 tried=5 sep_labels=39 clique_frac=0.02
t=13356ms iter=14 REBUILD reject new_tc=51.2689 (was 48.4286)
t=13746ms iter=14 incumb=48.4286 ratchet=48.4118 best=48.4118 since_improve=0
t=13787ms iter=15 WAIST cost=44.0000 best_alt=37.0000 gap=7.0000 tried=5 sep_labels=37 clique_frac=0.02
t=14089ms iter=15 REBUILD reject new_tc=48.9219 (was 48.4118)
t=14791ms iter=15 incumb=48.4118 ratchet=48.3998 best=48.3939 since_improve=0
t=14819ms iter=16 WAIST cost=44.0000 best_alt=35.0000 gap=9.0000 tried=5 sep_labels=35 clique_frac=0.03
t=15121ms iter=16 REBUILD reject new_tc=49.7789 (was 48.3998)
t=15374ms iter=16 incumb=48.3998 ratchet=48.4337 best=48.3939 since_improve=1
t=15396ms iter=17 WAIST cost=44.0000 best_alt=40.0000 gap=4.0000 tried=5 sep_labels=40 clique_frac=0.01
t=15833ms iter=17 REBUILD ACCEPT new_tc=48.3967 (was 48.3998)
t=16070ms iter=17 incumb=48.3967 ratchet=50.4083 best=48.3939 since_improve=1
t=16098ms iter=18 WAIST cost=46.0000 best_alt=37.0000 gap=9.0000 tried=5 sep_labels=37 clique_frac=0.00
t=16385ms iter=18 REBUILD reject new_tc=56.0054 (was 48.3967)
t=17072ms iter=18 incumb=48.3967 ratchet=48.3551 best=48.3551 since_improve=0
t=17097ms iter=19 WAIST cost=46.0000 best_alt=39.0000 gap=7.0000 tried=5 sep_labels=39 clique_frac=0.02
t=17392ms iter=19 REBUILD reject new_tc=50.4199 (was 48.3551)
t=18986ms iter=19 incumb=48.3551 ratchet=48.2508 best=48.2481 since_improve=0
t=19014ms iter=20 WAIST cost=44.0000 best_alt=35.0000 gap=9.0000 tried=5 sep_labels=35 clique_frac=0.02
t=19317ms iter=20 REBUILD reject new_tc=48.6403 (was 48.2508)
t=19714ms iter=20 incumb=48.2508 ratchet=48.2456 best=48.2456 since_improve=0
t=19750ms iter=21 WAIST cost=44.0000 best_alt=40.0000 gap=4.0000 tried=5 sep_labels=40 clique_frac=0.01
t=20063ms iter=21 REBUILD reject new_tc=49.0563 (was 48.2456)
t=20312ms iter=21 incumb=48.2456 ratchet=48.3656 best=48.2456 since_improve=1
t=20344ms iter=22 WAIST cost=44.0000 best_alt=40.0000 gap=4.0000 tried=5 sep_labels=40 clique_frac=0.01
t=20645ms iter=22 REBUILD reject new_tc=49.4626 (was 48.2456)
t=20893ms iter=22 incumb=48.2456 ratchet=48.2931 best=48.2456 since_improve=2
t=20915ms iter=23 WAIST cost=44.0000 best_alt=40.0000 gap=4.0000 tried=5 sep_labels=40 clique_frac=0.01
t=21223ms iter=23 REBUILD reject new_tc=48.3614 (was 48.2456)
t=22377ms iter=23 incumb=48.2456 ratchet=48.0940 best=48.0940 since_improve=0
t=22407ms iter=24 WAIST cost=44.0000 best_alt=35.0000 gap=9.0000 tried=5 sep_labels=35 clique_frac=0.01
t=22711ms iter=24 REBUILD reject new_tc=48.9494 (was 48.0940)
t=23404ms iter=24 incumb=48.0940 ratchet=48.0276 best=48.0267 since_improve=0
t=23442ms iter=25 WAIST cost=44.0000 best_alt=40.0000 gap=4.0000 tried=5 sep_labels=40 clique_frac=0.02
t=23778ms iter=25 REBUILD reject new_tc=48.7576 (was 48.0276)
t=24599ms iter=25 incumb=48.0276 ratchet=47.9888 best=47.9884 since_improve=0
t=24626ms iter=26 WAIST cost=44.0000 best_alt=37.0000 gap=7.0000 tried=5 sep_labels=37 clique_frac=0.03
t=24918ms iter=26 REBUILD reject new_tc=51.5264 (was 47.9888)
t=26754ms iter=26 incumb=47.9888 ratchet=47.9556 best=47.9273 since_improve=0
t=26792ms iter=27 WAIST cost=44.0000 best_alt=37.0000 gap=7.0000 tried=5 sep_labels=37 clique_frac=0.00
t=27092ms iter=27 REBUILD reject new_tc=49.8138 (was 47.9556)
t=28539ms iter=27 incumb=47.9556 ratchet=47.8271 best=47.8271 since_improve=0
t=28578ms iter=28 WAIST cost=44.0000 best_alt=39.0000 gap=5.0000 tried=5 sep_labels=39 clique_frac=0.01
t=28901ms iter=28 REBUILD reject new_tc=48.8006 (was 47.8271)
t=29165ms iter=28 incumb=47.8271 ratchet=47.8697 best=47.8271 since_improve=1
t=29192ms iter=29 WAIST cost=44.0000 best_alt=37.0000 gap=7.0000 tried=5 sep_labels=37 clique_frac=0.00
t=29483ms iter=29 REBUILD reject new_tc=56.0051 (was 47.8271)
t=30614ms iter=29 incumb=47.8271 ratchet=47.7892 best=47.7892 since_improve=0
t=30643ms iter=30 WAIST cost=44.0000 best_alt=39.0000 gap=5.0000 tried=5 sep_labels=39 clique_frac=0.01
t=30977ms iter=30 REBUILD reject new_tc=49.2383 (was 47.7892)
t=31283ms iter=30 incumb=47.7892 ratchet=47.7623 best=47.7623 since_improve=0
t=31314ms iter=31 WAIST cost=44.0000 best_alt=40.0000 gap=4.0000 tried=5 sep_labels=40 clique_frac=0.01
t=31638ms iter=31 REBUILD reject new_tc=48.6151 (was 47.7623)
t=31879ms iter=31 incumb=47.7623 ratchet=47.7876 best=47.7623 since_improve=1
t=31911ms iter=32 WAIST cost=44.0000 best_alt=40.0000 gap=4.0000 tried=5 sep_labels=40 clique_frac=0.01
t=32136ms iter=32 REBUILD reject new_tc=50.3907 (was 47.7623)
t=32343ms iter=32 incumb=47.7623 ratchet=47.8377 best=47.7623 since_improve=2
t=32375ms iter=33 WAIST cost=44.0000 best_alt=35.0000 gap=9.0000 tried=5 sep_labels=35 clique_frac=0.01
t=32664ms iter=33 REBUILD reject new_tc=49.3863 (was 47.7623)
t=32899ms iter=33 incumb=47.7623 ratchet=47.8885 best=47.7623 since_improve=3
t=32927ms iter=34 WAIST cost=44.0000 best_alt=35.0000 gap=9.0000 tried=5 sep_labels=35 clique_frac=0.01
t=33126ms iter=34 REBUILD reject new_tc=49.8120 (was 47.7623)
t=33328ms iter=34 incumb=47.7623 ratchet=47.8587 best=47.7623 since_improve=4
t=33356ms iter=35 WAIST cost=44.0000 best_alt=40.0000 gap=4.0000 tried=5 sep_labels=40 clique_frac=0.01
t=33687ms iter=35 REBUILD reject new_tc=59.0008 (was 47.7623)
t=33935ms iter=35 incumb=47.7623 ratchet=47.7700 best=47.7623 since_improve=5
t=33977ms iter=36 WAIST cost=44.0000 best_alt=40.0000 gap=4.0000 tried=5 sep_labels=40 clique_frac=0.01
t=34308ms iter=36 REBUILD reject new_tc=48.5579 (was 47.7623)
t=34560ms iter=36 incumb=47.7623 ratchet=47.8230 best=47.7623 since_improve=6
t=34594ms iter=37 WAIST cost=44.0000 best_alt=40.0000 gap=4.0000 tried=5 sep_labels=40 clique_frac=0.01
t=34930ms iter=37 REBUILD reject new_tc=48.4934 (was 47.7623)
t=37238ms iter=37 incumb=47.7623 ratchet=47.6960 best=47.6960 since_improve=0
t=37269ms iter=38 WAIST cost=44.0000 best_alt=40.0000 gap=4.0000 tried=5 sep_labels=40 clique_frac=0.02
t=37591ms iter=38 REBUILD reject new_tc=49.2592 (was 47.6960)
t=38454ms iter=38 incumb=47.6960 ratchet=47.7825 best=47.6905 since_improve=1
t=38493ms iter=39 WAIST cost=44.0000 best_alt=40.0000 gap=4.0000 tried=5 sep_labels=40 clique_frac=0.02
t=38829ms iter=39 REBUILD reject new_tc=48.1335 (was 47.6960)
t=39079ms iter=39 incumb=47.6960 ratchet=47.7747 best=47.6905 since_improve=2
t=39107ms iter=40 WAIST cost=44.0000 best_alt=40.0000 gap=4.0000 tried=5 sep_labels=40 clique_frac=0.02
t=39429ms iter=40 REBUILD reject new_tc=48.8433 (was 47.6960)
t=39665ms iter=40 incumb=47.6960 ratchet=47.7523 best=47.6905 since_improve=3
t=39701ms iter=41 WAIST cost=44.0000 best_alt=40.0000 gap=4.0000 tried=5 sep_labels=40 clique_frac=0.02
t=39989ms iter=41 REBUILD reject new_tc=49.5673 (was 47.6960)
t=40327ms iter=41 incumb=47.6960 ratchet=47.6834 best=47.6622 since_improve=0
t=40358ms iter=42 WAIST cost=43.0000 best_alt=37.0000 gap=6.0000 tried=5 sep_labels=37 clique_frac=0.01
t=40646ms iter=42 REBUILD reject new_tc=54.0604 (was 47.6834)
t=40893ms iter=42 incumb=47.6834 ratchet=47.7304 best=47.6622 since_improve=1
t=40918ms iter=43 WAIST cost=43.0000 best_alt=39.0000 gap=4.0000 tried=5 sep_labels=39 clique_frac=0.01
t=41249ms iter=43 REBUILD reject new_tc=50.5568 (was 47.6834)
t=42421ms iter=43 incumb=47.6834 ratchet=47.6209 best=47.6193 since_improve=0
t=42447ms iter=44 WAIST cost=43.0000 best_alt=40.0000 gap=3.0000 tried=5 sep_labels=40 clique_frac=0.01
t=42795ms iter=44 REBUILD reject new_tc=48.9843 (was 47.6209)
t=43037ms iter=44 incumb=47.6209 ratchet=47.7178 best=47.6193 since_improve=1
t=43071ms iter=45 WAIST cost=43.0000 best_alt=39.0000 gap=4.0000 tried=5 sep_labels=39 clique_frac=0.01
t=43370ms iter=45 REBUILD reject new_tc=52.9428 (was 47.6209)
t=43772ms iter=45 incumb=47.6209 ratchet=47.6060 best=47.6060 since_improve=0
t=43799ms iter=46 WAIST cost=44.0000 best_alt=40.0000 gap=4.0000 tried=5 sep_labels=40 clique_frac=0.01
t=44139ms iter=46 REBUILD reject new_tc=48.7695 (was 47.6060)
t=44386ms iter=46 incumb=47.6060 ratchet=47.7119 best=47.6060 since_improve=1
t=44423ms iter=47 WAIST cost=44.0000 best_alt=37.0000 gap=7.0000 tried=5 sep_labels=37 clique_frac=0.02
t=44721ms iter=47 REBUILD reject new_tc=54.0253 (was 47.6060)
t=45568ms iter=47 incumb=47.6060 ratchet=47.5535 best=47.5277 since_improve=0
t=45598ms iter=48 WAIST cost=44.0000 best_alt=37.0000 gap=7.0000 tried=5 sep_labels=37 clique_frac=0.02
t=45921ms iter=48 REBUILD reject new_tc=49.3450 (was 47.5535)
t=46160ms iter=48 incumb=47.5535 ratchet=47.8315 best=47.5277 since_improve=1
t=46199ms iter=49 WAIST cost=44.0000 best_alt=40.0000 gap=4.0000 tried=5 sep_labels=40 clique_frac=0.01
t=46570ms iter=49 REBUILD reject new_tc=49.5973 (was 47.5535)
t=46823ms iter=49 incumb=47.5535 ratchet=47.6072 best=47.5277 since_improve=2
t=46847ms iter=50 WAIST cost=44.0000 best_alt=40.0000 gap=4.0000 tried=5 sep_labels=40 clique_frac=0.01
t=47184ms iter=50 REBUILD reject new_tc=52.1258 (was 47.5535)
t=47433ms iter=50 incumb=47.5535 ratchet=47.5850 best=47.5277 since_improve=3
t=47466ms iter=51 WAIST cost=44.0000 best_alt=40.0000 gap=4.0000 tried=5 sep_labels=40 clique_frac=0.01
t=47809ms iter=51 REBUILD reject new_tc=48.7941 (was 47.5535)
t=48055ms iter=51 incumb=47.5535 ratchet=47.6282 best=47.5277 since_improve=4
t=48090ms iter=52 WAIST cost=44.0000 best_alt=40.0000 gap=4.0000 tried=5 sep_labels=40 clique_frac=0.01
t=48435ms iter=52 REBUILD reject new_tc=48.6679 (was 47.5535)
t=48686ms iter=52 incumb=47.5535 ratchet=47.5768 best=47.5277 since_improve=5
t=48711ms iter=53 WAIST cost=44.0000 best_alt=40.0000 gap=4.0000 tried=5 sep_labels=40 clique_frac=0.01
t=49037ms iter=53 REBUILD reject new_tc=49.2351 (was 47.5535)
t=49272ms iter=53 incumb=47.5535 ratchet=47.5456 best=47.5277 since_improve=0
t=49297ms iter=54 WAIST cost=43.0000 best_alt=37.0000 gap=6.0000 tried=5 sep_labels=37 clique_frac=0.01
t=49585ms iter=54 REBUILD reject new_tc=50.6824 (was 47.5456)
t=49818ms iter=54 incumb=47.5456 ratchet=47.6426 best=47.5277 since_improve=1
t=49847ms iter=55 WAIST cost=43.0000 best_alt=39.0000 gap=4.0000 tried=5 sep_labels=39 clique_frac=0.02
t=50188ms iter=55 REBUILD reject new_tc=48.4585 (was 47.5456)
t=50443ms iter=55 incumb=47.5456 ratchet=48.0022 best=47.5277 since_improve=2
t=50469ms iter=56 WAIST cost=43.0000 best_alt=39.0000 gap=4.0000 tried=5 sep_labels=39 clique_frac=0.02
t=50796ms iter=56 REBUILD reject new_tc=49.0626 (was 47.5456)
t=51038ms iter=56 incumb=47.5456 ratchet=47.6520 best=47.5277 since_improve=3
t=51072ms iter=57 WAIST cost=43.0000 best_alt=39.0000 gap=4.0000 tried=5 sep_labels=39 clique_frac=0.02
t=51409ms iter=57 REBUILD reject new_tc=49.7960 (was 47.5456)
t=51667ms iter=57 incumb=47.5456 ratchet=47.5851 best=47.5277 since_improve=4
t=51699ms iter=58 WAIST cost=43.0000 best_alt=39.0000 gap=4.0000 tried=5 sep_labels=39 clique_frac=0.02
t=52038ms iter=58 REBUILD reject new_tc=52.1375 (was 47.5456)
t=52278ms iter=58 incumb=47.5456 ratchet=47.6581 best=47.5277 since_improve=5
t=52314ms iter=59 WAIST cost=43.0000 best_alt=39.0000 gap=4.0000 tried=5 sep_labels=39 clique_frac=0.02
t=52658ms iter=59 REBUILD reject new_tc=52.0958 (was 47.5456)
t=52894ms iter=59 incumb=47.5456 ratchet=47.6363 best=47.5277 since_improve=6
t=52921ms iter=60 WAIST cost=43.0000 best_alt=39.0000 gap=4.0000 tried=5 sep_labels=39 clique_frac=0.02
t=53249ms iter=60 REBUILD reject new_tc=48.8225 (was 47.5456)
t=53489ms iter=60 incumb=47.5456 ratchet=47.6605 best=47.5277 since_improve=7
t=53518ms iter=61 WAIST cost=43.0000 best_alt=39.0000 gap=4.0000 tried=5 sep_labels=39 clique_frac=0.02
t=53859ms iter=61 REBUILD reject new_tc=48.7363 (was 47.5456)
t=54164ms iter=61 incumb=47.5456 ratchet=47.5816 best=47.5277 since_improve=8
t=54194ms iter=62 WAIST cost=43.0000 best_alt=39.0000 gap=4.0000 tried=5 sep_labels=39 clique_frac=0.02
t=54535ms iter=62 REBUILD reject new_tc=49.0465 (was 47.5456)
t=54785ms iter=62 incumb=47.5456 ratchet=47.9716 best=47.5277 since_improve=9
t=54815ms iter=63 WAIST cost=43.0000 best_alt=39.0000 gap=4.0000 tried=5 sep_labels=39 clique_frac=0.02
t=55149ms iter=63 REBUILD reject new_tc=48.7958 (was 47.5456)
t=55395ms iter=63 incumb=47.5456 ratchet=47.5872 best=47.5277 since_improve=10
t=55424ms iter=64 WAIST cost=43.0000 best_alt=39.0000 gap=4.0000 tried=5 sep_labels=39 clique_frac=0.02
t=55776ms iter=64 REBUILD reject new_tc=49.3675 (was 47.5456)
t=56195ms iter=64 incumb=47.5456 ratchet=47.5168 best=47.5166 since_improve=0
t=56230ms iter=65 WAIST cost=44.0000 best_alt=39.0000 gap=5.0000 tried=5 sep_labels=39 clique_frac=0.01
t=56567ms iter=65 REBUILD reject new_tc=48.5505 (was 47.5168)
t=57121ms iter=65 incumb=47.5168 ratchet=47.5203 best=47.5070 since_improve=1
t=57152ms iter=66 WAIST cost=44.0000 best_alt=40.0000 gap=4.0000 tried=5 sep_labels=40 clique_frac=0.01
t=57489ms iter=66 REBUILD reject new_tc=56.0126 (was 47.5168)
t=57735ms iter=66 incumb=47.5168 ratchet=47.6389 best=47.5070 since_improve=2
t=57769ms iter=67 WAIST cost=44.0000 best_alt=39.0000 gap=5.0000 tried=5 sep_labels=39 clique_frac=0.02
t=58068ms iter=67 REBUILD reject new_tc=50.5144 (was 47.5168)
t=58309ms iter=67 incumb=47.5168 ratchet=47.8068 best=47.5070 since_improve=3
t=58336ms iter=68 WAIST cost=44.0000 best_alt=39.0000 gap=5.0000 tried=5 sep_labels=39 clique_frac=0.01
t=58617ms iter=68 REBUILD reject new_tc=52.1330 (was 47.5168)
t=58862ms iter=68 incumb=47.5168 ratchet=47.6013 best=47.5070 since_improve=4
t=58890ms iter=69 WAIST cost=44.0000 best_alt=40.0000 gap=4.0000 tried=5 sep_labels=40 clique_frac=0.01
t=59234ms iter=69 REBUILD reject new_tc=48.6113 (was 47.5168)
t=59473ms iter=69 incumb=47.5168 ratchet=47.5811 best=47.5070 since_improve=5
t=59507ms iter=70 WAIST cost=44.0000 best_alt=40.0000 gap=4.0000 tried=5 sep_labels=40 clique_frac=0.01
t=59845ms iter=70 REBUILD reject new_tc=49.0048 (was 47.5168)
t=60092ms iter=70 incumb=47.5168 ratchet=47.6362 best=47.5070 since_improve=6
t=60124ms iter=71 WAIST cost=44.0000 best_alt=40.0000 gap=4.0000 tried=5 sep_labels=40 clique_frac=0.01
t=60465ms iter=71 REBUILD reject new_tc=49.1574 (was 47.5168)
t=60707ms iter=71 incumb=47.5168 ratchet=47.6663 best=47.5070 since_improve=7
t=60742ms iter=72 WAIST cost=44.0000 best_alt=40.0000 gap=4.0000 tried=5 sep_labels=40 clique_frac=0.01
t=61069ms iter=72 REBUILD reject new_tc=58.0887 (was 47.5168)
t=61315ms iter=72 incumb=47.5168 ratchet=47.6442 best=47.5070 since_improve=8
t=61347ms iter=73 WAIST cost=44.0000 best_alt=39.0000 gap=5.0000 tried=5 sep_labels=39 clique_frac=0.01
t=61683ms iter=73 REBUILD reject new_tc=48.8226 (was 47.5168)
t=61928ms iter=73 incumb=47.5168 ratchet=47.7188 best=47.5070 since_improve=9
t=61968ms iter=74 WAIST cost=44.0000 best_alt=40.0000 gap=4.0000 tried=5 sep_labels=40 clique_frac=0.01
t=62304ms iter=74 REBUILD reject new_tc=51.4890 (was 47.5168)
t=62551ms iter=74 incumb=47.5168 ratchet=47.5359 best=47.5070 since_improve=10
t=62584ms iter=75 WAIST cost=44.0000 best_alt=40.0000 gap=4.0000 tried=5 sep_labels=40 clique_frac=0.01
t=62916ms iter=75 REBUILD reject new_tc=56.0040 (was 47.5168)
t=63163ms iter=75 incumb=47.5168 ratchet=47.9595 best=47.5070 since_improve=11
t=63206ms iter=76 WAIST cost=44.0000 best_alt=37.0000 gap=7.0000 tried=5 sep_labels=37 clique_frac=0.01
t=63512ms iter=76 REBUILD reject new_tc=49.7524 (was 47.5168)
t=63759ms iter=76 incumb=47.5168 ratchet=47.5802 best=47.5070 since_improve=12
t=63789ms iter=77 WAIST cost=44.0000 best_alt=40.0000 gap=4.0000 tried=5 sep_labels=40 clique_frac=0.01
t=64139ms iter=77 REBUILD reject new_tc=49.1430 (was 47.5168)
t=64387ms iter=77 incumb=47.5168 ratchet=47.6896 best=47.5070 since_improve=13
t=64416ms iter=78 WAIST cost=44.0000 best_alt=40.0000 gap=4.0000 tried=5 sep_labels=40 clique_frac=0.01
t=64770ms iter=78 REBUILD reject new_tc=49.0442 (was 47.5168)
t=65012ms iter=78 incumb=47.5168 ratchet=47.5876 best=47.5070 since_improve=14
t=65045ms iter=79 WAIST cost=44.0000 best_alt=40.0000 gap=4.0000 tried=5 sep_labels=40 clique_frac=0.01
t=65393ms iter=79 REBUILD reject new_tc=49.1536 (was 47.5168)
t=65647ms iter=79 incumb=47.5168 ratchet=47.5742 best=47.5070 since_improve=15
t=65676ms iter=80 WAIST cost=44.0000 best_alt=40.0000 gap=4.0000 tried=5 sep_labels=40 clique_frac=0.01
t=66013ms iter=80 REBUILD reject new_tc=48.7337 (was 47.5168)
t=66262ms iter=80 incumb=47.5168 ratchet=47.7989 best=47.5070 since_improve=16
t=66300ms iter=81 WAIST cost=44.0000 best_alt=40.0000 gap=4.0000 tried=5 sep_labels=40 clique_frac=0.01
t=66640ms iter=81 REBUILD reject new_tc=52.1229 (was 47.5168)
t=66889ms iter=81 incumb=47.5168 ratchet=47.6988 best=47.5070 since_improve=17
t=66922ms iter=82 WAIST cost=44.0000 best_alt=39.0000 gap=5.0000 tried=5 sep_labels=39 clique_frac=0.01
t=67261ms iter=82 REBUILD reject new_tc=49.5055 (was 47.5168)
t=67509ms iter=82 incumb=47.5168 ratchet=47.9433 best=47.5070 since_improve=18
t=67550ms iter=83 WAIST cost=44.0000 best_alt=40.0000 gap=4.0000 tried=5 sep_labels=40 clique_frac=0.01
t=67884ms iter=83 REBUILD reject new_tc=51.2368 (was 47.5168)
t=68134ms iter=83 incumb=47.5168 ratchet=47.5243 best=47.5070 since_improve=19
t=68164ms iter=84 WAIST cost=44.0000 best_alt=37.0000 gap=7.0000 tried=5 sep_labels=37 clique_frac=0.01
t=68467ms iter=84 REBUILD reject new_tc=49.1387 (was 47.5168)
t=68711ms iter=84 incumb=47.5168 ratchet=47.5977 best=47.5070 since_improve=20
t=68744ms iter=85 WAIST cost=44.0000 best_alt=39.0000 gap=5.0000 tried=5 sep_labels=39 clique_frac=0.00
t=69070ms iter=85 REBUILD reject new_tc=55.3328 (was 47.5168)
t=69311ms iter=85 incumb=47.5168 ratchet=47.5827 best=47.5070 since_improve=21
t=69340ms iter=86 WAIST cost=44.0000 best_alt=37.0000 gap=7.0000 tried=5 sep_labels=37 clique_frac=0.01
t=69628ms iter=86 REBUILD reject new_tc=57.0031 (was 47.5168)
t=69873ms iter=86 incumb=47.5168 ratchet=47.5527 best=47.5070 since_improve=22
t=69910ms iter=87 WAIST cost=44.0000 best_alt=39.0000 gap=5.0000 tried=5 sep_labels=39 clique_frac=0.01
t=70192ms iter=87 REBUILD reject new_tc=49.7432 (was 47.5168)
t=70433ms iter=87 incumb=47.5168 ratchet=47.5469 best=47.5070 since_improve=23
t=70463ms iter=88 WAIST cost=44.0000 best_alt=40.0000 gap=4.0000 tried=5 sep_labels=40 clique_frac=0.01
t=70809ms iter=88 REBUILD reject new_tc=48.7115 (was 47.5168)
t=71052ms iter=88 incumb=47.5168 ratchet=47.5358 best=47.5070 since_improve=24
t=71083ms iter=89 WAIST cost=44.0000 best_alt=40.0000 gap=4.0000 tried=5 sep_labels=40 clique_frac=0.01
t=71419ms iter=89 REBUILD reject new_tc=53.0742 (was 47.5168)
t=71665ms iter=89 incumb=47.5168 ratchet=47.5674 best=47.5070 since_improve=25
t=71701ms iter=90 WAIST cost=44.0000 best_alt=37.0000 gap=7.0000 tried=5 sep_labels=37 clique_frac=0.01
t=72009ms iter=90 REBUILD reject new_tc=49.0644 (was 47.5168)
t=72258ms iter=90 incumb=47.5168 ratchet=47.5837 best=47.5070 since_improve=26
t=72288ms iter=91 WAIST cost=44.0000 best_alt=40.0000 gap=4.0000 tried=5 sep_labels=40 clique_frac=0.01
t=72621ms iter=91 REBUILD reject new_tc=49.2304 (was 47.5168)
t=72866ms iter=91 incumb=47.5168 ratchet=47.5534 best=47.5070 since_improve=27
t=72895ms iter=92 WAIST cost=44.0000 best_alt=39.0000 gap=5.0000 tried=5 sep_labels=39 clique_frac=0.01
t=73233ms iter=92 REBUILD reject new_tc=54.0321 (was 47.5168)
t=73487ms iter=92 incumb=47.5168 ratchet=47.5933 best=47.5070 since_improve=28
t=73522ms iter=93 WAIST cost=44.0000 best_alt=40.0000 gap=4.0000 tried=5 sep_labels=40 clique_frac=0.01
t=73865ms iter=93 REBUILD reject new_tc=48.9471 (was 47.5168)
t=74108ms iter=93 incumb=47.5168 ratchet=47.5742 best=47.5070 since_improve=29
t=74130ms iter=94 WAIST cost=44.0000 best_alt=40.0000 gap=4.0000 tried=5 sep_labels=40 clique_frac=0.01
t=74443ms iter=94 REBUILD reject new_tc=50.1010 (was 47.5168)
t=74681ms iter=94 incumb=47.5168 ratchet=47.5596 best=47.5070 since_improve=30
t=74717ms iter=95 WAIST cost=44.0000 best_alt=40.0000 gap=4.0000 tried=5 sep_labels=40 clique_frac=0.01
t=75067ms iter=95 REBUILD reject new_tc=49.1725 (was 47.5168)
t=75312ms iter=95 incumb=47.5168 ratchet=47.6104 best=47.5070 since_improve=31
t=75347ms iter=96 WAIST cost=44.0000 best_alt=40.0000 gap=4.0000 tried=5 sep_labels=40 clique_frac=0.01
t=75677ms iter=96 REBUILD reject new_tc=49.1058 (was 47.5168)
t=75925ms iter=96 incumb=47.5168 ratchet=47.5973 best=47.5070 since_improve=32
t=75960ms iter=97 WAIST cost=44.0000 best_alt=40.0000 gap=4.0000 tried=5 sep_labels=40 clique_frac=0.01
t=76305ms iter=97 REBUILD reject new_tc=48.7357 (was 47.5168)
t=76550ms iter=97 incumb=47.5168 ratchet=47.7403 best=47.5070 since_improve=33
t=76583ms iter=98 WAIST cost=44.0000 best_alt=40.0000 gap=4.0000 tried=5 sep_labels=40 clique_frac=0.01
t=76925ms iter=98 REBUILD reject new_tc=49.0839 (was 47.5168)
t=77171ms iter=98 incumb=47.5168 ratchet=47.6419 best=47.5070 since_improve=34
t=77199ms iter=99 WAIST cost=44.0000 best_alt=40.0000 gap=4.0000 tried=5 sep_labels=40 clique_frac=0.01
t=77544ms iter=99 REBUILD reject new_tc=48.9474 (was 47.5168)
t=77794ms iter=99 incumb=47.5168 ratchet=47.7723 best=47.5070 since_improve=35
t=77831ms iter=100 WAIST cost=44.0000 best_alt=40.0000 gap=4.0000 tried=5 sep_labels=40 clique_frac=0.01
t=78165ms iter=100 REBUILD reject new_tc=55.0248 (was 47.5168)
t=78392ms iter=100 incumb=47.5168 ratchet=47.5807 best=47.5070 since_improve=36
t=78424ms iter=101 WAIST cost=44.0000 best_alt=40.0000 gap=4.0000 tried=5 sep_labels=40 clique_frac=0.01
t=78754ms iter=101 REBUILD reject new_tc=48.7264 (was 47.5168)
t=78993ms iter=101 incumb=47.5168 ratchet=47.5943 best=47.5070 since_improve=37
t=79028ms iter=102 WAIST cost=44.0000 best_alt=40.0000 gap=4.0000 tried=5 sep_labels=40 clique_frac=0.01
t=79301ms iter=102 REBUILD reject new_tc=48.6211 (was 47.5168)
t=79542ms iter=102 incumb=47.5168 ratchet=47.5380 best=47.5070 since_improve=38
t=79569ms iter=103 WAIST cost=44.0000 best_alt=40.0000 gap=4.0000 tried=5 sep_labels=40 clique_frac=0.01
t=79889ms iter=103 REBUILD reject new_tc=49.0204 (was 47.5168)
t=80133ms iter=103 incumb=47.5168 ratchet=47.7467 best=47.5070 since_improve=39
t=80168ms iter=104 WAIST cost=44.0000 best_alt=39.0000 gap=5.0000 tried=5 sep_labels=39 clique_frac=0.01
t=80471ms iter=104 REBUILD reject new_tc=49.1289 (was 47.5168)
t=80717ms iter=104 incumb=47.5168 ratchet=47.6101 best=47.5070 since_improve=40
t=80745ms iter=105 WAIST cost=44.0000 best_alt=40.0000 gap=4.0000 tried=5 sep_labels=40 clique_frac=0.01
t=81089ms iter=105 REBUILD reject new_tc=56.0076 (was 47.5168)
t=82233ms iter=105 incumb=47.5168 ratchet=47.4807 best=47.4807 since_improve=0
t=82266ms iter=106 WAIST cost=44.0000 best_alt=40.0000 gap=4.0000 tried=5 sep_labels=40 clique_frac=0.01
t=82619ms iter=106 REBUILD reject new_tc=48.8257 (was 47.4807)
t=82866ms iter=106 incumb=47.4807 ratchet=47.6256 best=47.4807 since_improve=1
t=82894ms iter=107 WAIST cost=44.0000 best_alt=40.0000 gap=4.0000 tried=5 sep_labels=40 clique_frac=0.01
t=83247ms iter=107 REBUILD reject new_tc=48.5860 (was 47.4807)
t=83498ms iter=107 incumb=47.4807 ratchet=47.5814 best=47.4807 since_improve=2
t=83533ms iter=108 WAIST cost=44.0000 best_alt=40.0000 gap=4.0000 tried=5 sep_labels=40 clique_frac=0.01
t=83878ms iter=108 REBUILD reject new_tc=49.1929 (was 47.4807)
t=84131ms iter=108 incumb=47.4807 ratchet=47.6276 best=47.4807 since_improve=3
t=84163ms iter=109 WAIST cost=44.0000 best_alt=37.0000 gap=7.0000 tried=5 sep_labels=37 clique_frac=0.01
t=84453ms iter=109 REBUILD reject new_tc=49.3976 (was 47.4807)
t=84700ms iter=109 incumb=47.4807 ratchet=47.6295 best=47.4807 since_improve=4
t=84733ms iter=110 WAIST cost=44.0000 best_alt=40.0000 gap=4.0000 tried=5 sep_labels=40 clique_frac=0.01
t=85081ms iter=110 REBUILD reject new_tc=48.6688 (was 47.4807)
t=85324ms iter=110 incumb=47.4807 ratchet=47.6233 best=47.4807 since_improve=5
t=85357ms iter=111 WAIST cost=44.0000 best_alt=37.0000 gap=7.0000 tried=5 sep_labels=37 clique_frac=0.01
t=85662ms iter=111 REBUILD reject new_tc=48.7432 (was 47.4807)
t=85914ms iter=111 incumb=47.4807 ratchet=47.5458 best=47.4807 since_improve=6
t=85940ms iter=112 WAIST cost=44.0000 best_alt=40.0000 gap=4.0000 tried=5 sep_labels=40 clique_frac=0.01
t=86282ms iter=112 REBUILD reject new_tc=48.8024 (was 47.4807)
t=86511ms iter=112 incumb=47.4807 ratchet=47.6030 best=47.4807 since_improve=7
t=86545ms iter=113 WAIST cost=44.0000 best_alt=39.0000 gap=5.0000 tried=5 sep_labels=39 clique_frac=0.02
t=86831ms iter=113 REBUILD reject new_tc=48.9906 (was 47.4807)
t=87075ms iter=113 incumb=47.4807 ratchet=48.2024 best=47.4807 since_improve=8
t=87103ms iter=114 WAIST cost=44.0000 best_alt=39.0000 gap=5.0000 tried=5 sep_labels=39 clique_frac=0.01
t=87412ms iter=114 REBUILD reject new_tc=48.2991 (was 47.4807)
t_final=87580ms tc_reduced=47.4807 tc_full=47.7321 leaves=2203
surgery summary: calls=114 cheaper_cuts=114 rebuild_accepts=3 waist_min_hits=0
