simplify: n_orig=3369 n_reduced=381 shrink=0.8869 t_simp=15ms
t_seed=613ms tc_seed=82.1319 seed_trials=12
t_dp=6370ms tc_greedy=81.0067
t=57282ms mcts_tc=80.8490
t=66093ms mcts_tc=79.8827
t=84839ms mcts_tc=79.3581
t_mcts=144535ms mcts: backup=min rollouts=2816 rate=19/s depth=4 nodes=2817 improves=3 tc_mcts=79.3581
ATTRIBUTION tc_greedy=81.0067 tc_mcts_prepolish=79.3581 mcts_beats_greedy=true
t=144882ms polish_tc=62.0935
t=145061ms polish_tc=62.0397
t=145238ms polish_tc=62.0372
t=145410ms polish_tc=61.9957
t=145593ms polish_tc=61.9882
t=145774ms polish_tc=61.8405
t=145954ms polish_tc=61.8127
t=146139ms polish_tc=61.7951
t=146324ms polish_tc=61.7884
t=146517ms polish_tc=61.6906
t=146909ms polish_tc=61.6831
t=147087ms polish_tc=61.6572
t=147273ms polish_tc=61.6319
t=147451ms polish_tc=61.5854
t=147904ms polish_tc=61.5619
t=148091ms polish_tc=61.5600
t=148273ms polish_tc=61.5530
t=148456ms polish_tc=61.5467
t=148625ms polish_tc=61.5407
t=148911ms polish_tc=61.5320
t=149089ms polish_tc=61.5054
t=149269ms polish_tc=61.4965
t=149447ms polish_tc=61.4858
t=149940ms polish_tc=61.4693
t=150122ms polish_tc=61.4662
t=150297ms polish_tc=61.4522
t=150470ms polish_tc=61.4457
t=150640ms polish_tc=61.4375
t=150912ms polish_tc=61.4303
t=151104ms polish_tc=61.4244
t=151271ms polish_tc=61.4204
t=151427ms polish_tc=61.4201
t=151900ms polish_tc=61.3855
t=152074ms polish_tc=61.3736
t=152237ms polish_tc=61.3649
t=152435ms polish_tc=61.3611
t=152614ms polish_tc=61.3583
t=152911ms polish_tc=61.3567
t=153088ms polish_tc=61.3495
t=153273ms polish_tc=61.3401
t=153453ms polish_tc=61.3354
t=153904ms polish_tc=61.3347
t=154085ms polish_tc=61.3308
t=154266ms polish_tc=61.3298
t=154440ms polish_tc=61.3230
t=154904ms polish_tc=61.3186
t=155082ms polish_tc=61.3132
t=155273ms polish_tc=61.2754
t=155452ms polish_tc=61.2752
t=155624ms polish_tc=61.2629
t=155910ms polish_tc=61.2588
t=156086ms polish_tc=61.2541
t=156265ms polish_tc=61.2422
t=156444ms polish_tc=61.2353
t=156900ms polish_tc=61.2329
t=157078ms polish_tc=61.2320
t=157286ms polish_tc=61.2269
t=157458ms polish_tc=61.2179
t=157628ms polish_tc=61.2172
t=157907ms polish_tc=61.2166
t=158080ms polish_tc=61.2163
t=158259ms polish_tc=61.2127
t=158437ms polish_tc=61.2118
t=158598ms polish_tc=61.2118
t=158912ms polish_tc=61.2103
t=159089ms polish_tc=61.2103
t=159265ms polish_tc=61.2026
t=159449ms polish_tc=61.2024
t=159906ms polish_tc=61.2017
t=160084ms polish_tc=61.2014
t=160265ms polish_tc=61.2014
t=160432ms polish_tc=61.1979
t=160871ms polish_tc=61.1965
t=161034ms polish_tc=61.1965
t=161204ms polish_tc=61.1965
t=161372ms polish_tc=61.1965
t=161578ms polish_tc=61.1866
t=161899ms polish_tc=61.1866
t=162069ms polish_tc=61.1866
t=162236ms polish_tc=61.1866
t=163400ms polish_tc=61.1807
t=163571ms polish_tc=61.1807
t=163747ms polish_tc=61.1709
t=163912ms polish_tc=61.1707
t=164085ms polish_tc=61.1707
t=164267ms polish_tc=61.1657
t=164444ms polish_tc=61.1657
t=164612ms polish_tc=61.1657
t=168323ms polish_tc=61.1645
t=168513ms polish_tc=61.1645
t=169181ms polish_tc=61.1598
t=169363ms polish_tc=61.1395
t=169541ms polish_tc=61.1395
t=169726ms polish_tc=61.1395
t=169898ms polish_tc=61.1393
t=170070ms polish_tc=61.1393
t=170246ms polish_tc=61.1355
t=170495ms polish_tc=61.1200
t=170669ms polish_tc=61.1096
t=170901ms polish_tc=61.0994
t=171072ms polish_tc=61.0994
t=171290ms polish_tc=61.0992
t=171471ms polish_tc=61.0991
t=171642ms polish_tc=61.0807
t=171910ms polish_tc=61.0780
t=172084ms polish_tc=61.0779
t=172280ms polish_tc=61.0733
t=172459ms polish_tc=61.0727
t=172900ms polish_tc=61.0726
t=173087ms polish_tc=61.0700
t=173267ms polish_tc=61.0700
t=173434ms polish_tc=61.0699
t=173604ms polish_tc=61.0699
t=173904ms polish_tc=61.0591
t=176392ms polish_tc=61.0586
t=176560ms polish_tc=61.0586
t=176730ms polish_tc=61.0585
t=176945ms polish_tc=61.0477
t=177152ms polish_tc=61.0367
t=177341ms polish_tc=61.0257
t=177510ms polish_tc=61.0257
t=177690ms polish_tc=61.0153
t=177903ms polish_tc=61.0153
t=178073ms polish_tc=61.0146
t=196053ms polish_tc=60.9742
t=196241ms polish_tc=60.9568
t=196421ms polish_tc=60.9480
t=196629ms polish_tc=60.9226
t=196803ms polish_tc=60.9048
t=196981ms polish_tc=60.8700
t=197157ms polish_tc=60.8245
t=197323ms polish_tc=60.8148
t=197515ms polish_tc=60.8137
t=197901ms polish_tc=60.7541
t=198114ms polish_tc=60.6692
t=198300ms polish_tc=60.6313
t=198519ms polish_tc=60.6069
t=198695ms polish_tc=60.5491
t=198912ms polish_tc=60.5225
t=199119ms polish_tc=60.4880
t=199328ms polish_tc=60.4716
t=199582ms polish_tc=60.4549
t=199908ms polish_tc=60.4467
t=200330ms polish_tc=60.4369
t=200644ms polish_tc=60.4360
t=201434ms polish_tc=60.4354
t=201667ms polish_tc=60.4262
t=201898ms polish_tc=60.4258
t=202138ms polish_tc=60.4222
t=202366ms polish_tc=60.4221
t=202728ms polish_tc=60.4152
t=202968ms polish_tc=60.4004
t=203219ms polish_tc=60.3999
t=203518ms polish_tc=60.3994
t=203909ms polish_tc=60.3873
t=204147ms polish_tc=60.3861
t=204401ms polish_tc=60.3797
t=204911ms polish_tc=60.3787
t=205157ms polish_tc=60.3600
t=205403ms polish_tc=60.3600
t=205908ms polish_tc=60.3542
t=206156ms polish_tc=60.3542
t=206398ms polish_tc=60.3520
t=206909ms polish_tc=60.3458
t=207189ms polish_tc=60.3451
t=207422ms polish_tc=60.3428
t=207663ms polish_tc=60.3428
t=207924ms polish_tc=60.3382
t=208169ms polish_tc=60.3382
t=208715ms polish_tc=60.3372
t=208972ms polish_tc=60.3283
t=209211ms polish_tc=60.3283
t=209449ms polish_tc=60.3238
t=209919ms polish_tc=60.3216
t=210163ms polish_tc=60.3147
t=210392ms polish_tc=60.3147
t=211222ms polish_tc=60.3113
t=211454ms polish_tc=60.3112
t=214180ms polish_tc=60.3109
t=214440ms polish_tc=60.3074
t=214691ms polish_tc=60.2886
t=214965ms polish_tc=60.2821
t=215236ms polish_tc=60.2814
t=215491ms polish_tc=60.2712
t=215921ms polish_tc=60.2673
t=216179ms polish_tc=60.2537
t=216420ms polish_tc=60.2531
t=216924ms polish_tc=60.2529
t=217190ms polish_tc=60.2397
t=217441ms polish_tc=60.2326
t=217926ms polish_tc=60.2303
t=218173ms polish_tc=60.2208
t=218413ms polish_tc=60.2116
t=218927ms polish_tc=60.2098
t=219181ms polish_tc=60.2072
t=219905ms polish_tc=60.1982
t=220174ms polish_tc=60.1797
t=220437ms polish_tc=60.1790
t=220909ms polish_tc=60.1784
t=221167ms polish_tc=60.1784
t=221425ms polish_tc=60.1784
t=221910ms polish_tc=60.1767
t=222183ms polish_tc=60.1749
t=222438ms polish_tc=60.1737
t=222911ms polish_tc=60.1736
t=223161ms polish_tc=60.1711
t=223410ms polish_tc=60.1641
t=223906ms polish_tc=60.1626
t=224144ms polish_tc=60.1575
t=224405ms polish_tc=60.1510
t=224912ms polish_tc=60.1485
t=225210ms polish_tc=60.1485
t=225481ms polish_tc=60.1446
t=225915ms polish_tc=60.1446
t=226169ms polish_tc=60.1446
t=226413ms polish_tc=60.1356
t=226913ms polish_tc=60.1241
t=227172ms polish_tc=60.1195
t=227432ms polish_tc=60.1120
t=227915ms polish_tc=60.0981
t=228269ms polish_tc=60.0947
t=228527ms polish_tc=60.0934
t=228917ms polish_tc=60.0828
t=229174ms polish_tc=60.0821
t=229437ms polish_tc=60.0724
t=229908ms polish_tc=60.0707
t=230157ms polish_tc=60.0701
t=230402ms polish_tc=60.0687
t=230912ms polish_tc=60.0661
t=231167ms polish_tc=60.0661
t=231476ms polish_tc=60.0583
t=231922ms polish_tc=60.0576
t=232186ms polish_tc=60.0569
t=232986ms polish_tc=60.0561
t=233188ms polish_tc=60.0479
t=233814ms polish_tc=60.0477
t=234005ms polish_tc=60.0402
t=234190ms polish_tc=60.0388
t=234372ms polish_tc=60.0388
t=234563ms polish_tc=60.0374
t=234901ms polish_tc=60.0368
t=235087ms polish_tc=60.0368
t=235275ms polish_tc=60.0368
t=235490ms polish_tc=60.0367
t=235674ms polish_tc=60.0367
t=235914ms polish_tc=60.0367
t=236114ms polish_tc=60.0366
t=236306ms polish_tc=60.0366
t=236915ms polish_tc=60.0348
t=237115ms polish_tc=60.0346
t=237307ms polish_tc=60.0346
t=237504ms polish_tc=60.0346
t=237911ms polish_tc=60.0264
t=238102ms polish_tc=60.0264
t=238303ms polish_tc=60.0236
t=238516ms polish_tc=60.0235
t=238908ms polish_tc=60.0124
t=239125ms polish_tc=60.0076
t=239312ms polish_tc=60.0061
t=239503ms polish_tc=60.0047
t=239906ms polish_tc=60.0040
t=240103ms polish_tc=59.9927
t=247628ms polish_tc=59.9867
t=247811ms polish_tc=59.9847
t=248062ms polish_tc=59.9768
t=250677ms polish_tc=59.9702
t=251442ms polish_tc=59.9699
t=251637ms polish_tc=59.9699
t=251890ms polish_tc=59.9684
t=252072ms polish_tc=59.9659
t=252256ms polish_tc=59.9655
t=258200ms polish_tc=59.9613
t=258867ms polish_tc=59.9565
t=259067ms polish_tc=59.9564
t=259397ms polish_tc=59.9548
t=261122ms polish_tc=59.9471
t=261345ms polish_tc=59.9406
t=261519ms polish_tc=59.9339
t=261697ms polish_tc=59.9230
t=261894ms polish_tc=59.9196
t=262069ms polish_tc=59.9196
t=262249ms polish_tc=59.9181
t=262445ms polish_tc=59.9181
t=262628ms polish_tc=59.9181
t=262909ms polish_tc=59.9061
t=263142ms polish_tc=59.8993
t=263317ms polish_tc=59.8970
t=263489ms polish_tc=59.8940
t=263665ms polish_tc=59.8820
t=263911ms polish_tc=59.8818
t=264169ms polish_tc=59.8734
t=264346ms polish_tc=59.8726
t=264529ms polish_tc=59.8726
t=264907ms polish_tc=59.8703
t=265078ms polish_tc=59.8697
t=265254ms polish_tc=59.8695
t=265431ms polish_tc=59.8695
t=783721ms polish_tc=59.8645
t=783890ms polish_tc=59.8645
t=784044ms polish_tc=59.8645
anneal_sweeps=2088488 cycles=259 fresh=159
t_final=873011ms tc_greedy=81.0067 tc_mcts=79.3581 tc_final=59.8645 tc_full=59.8645 leaves=3369
