probe: instance=surfacecode_d21 n_orig=2203 n=761 fusible=0.6546 nlabels=798 t=13ms
seed_greedy tc=60.0999 t=526ms
t=1683ms iter=1 WAIST cost=51.0000 best_alt=39.0000 gap=12.0000 tried=5 sep_labels=39 clique_frac=0.02
t=1919ms iter=1 REBUILD reject new_tc=53.0986 (was 51.2117)
t=6374ms iter=1 incumb=51.2117 ratchet=49.9362 best=49.7763 since_improve=0
t=6416ms iter=2 WAIST cost=49.0000 best_alt=37.0000 gap=12.0000 tried=5 sep_labels=37 clique_frac=0.03
t=6870ms iter=2 REBUILD ACCEPT new_tc=48.8758 (was 49.9362)
t=7301ms iter=2 incumb=48.8758 ratchet=48.8941 best=48.8672 since_improve=1
t=7331ms iter=3 WAIST cost=45.0000 best_alt=31.0000 gap=14.0000 tried=5 sep_labels=31 clique_frac=0.03
t=7645ms iter=3 REBUILD reject new_tc=49.3157 (was 48.8758)
t=7895ms iter=3 incumb=48.8758 ratchet=48.9381 best=48.8672 since_improve=2
t=7919ms iter=4 WAIST cost=45.0000 best_alt=31.0000 gap=14.0000 tried=5 sep_labels=31 clique_frac=0.03
t=8228ms iter=4 REBUILD reject new_tc=49.8722 (was 48.8758)
t=8470ms iter=4 incumb=48.8758 ratchet=48.9641 best=48.8672 since_improve=3
t=8501ms iter=5 WAIST cost=45.0000 best_alt=31.0000 gap=14.0000 tried=5 sep_labels=31 clique_frac=0.03
t=8797ms iter=5 REBUILD reject new_tc=49.2958 (was 48.8758)
t=9042ms iter=5 incumb=48.8758 ratchet=48.8797 best=48.8672 since_improve=4
t=9076ms iter=6 WAIST cost=45.0000 best_alt=31.0000 gap=14.0000 tried=5 sep_labels=31 clique_frac=0.03
t=9381ms iter=6 REBUILD reject new_tc=49.8252 (was 48.8758)
t=9944ms iter=6 incumb=48.8758 ratchet=48.8635 best=48.8559 since_improve=0
t=9975ms iter=7 WAIST cost=45.0000 best_alt=33.0000 gap=12.0000 tried=5 sep_labels=33 clique_frac=0.02
t=10283ms iter=7 REBUILD reject new_tc=49.3162 (was 48.8635)
t=10535ms iter=7 incumb=48.8635 ratchet=48.9003 best=48.8559 since_improve=1
t=10570ms iter=8 WAIST cost=45.0000 best_alt=31.0000 gap=14.0000 tried=5 sep_labels=31 clique_frac=0.02
t=10863ms iter=8 REBUILD reject new_tc=53.0310 (was 48.8635)
t=11285ms iter=8 incumb=48.8635 ratchet=48.9005 best=48.8547 since_improve=2
t=11319ms iter=9 WAIST cost=45.0000 best_alt=33.0000 gap=12.0000 tried=5 sep_labels=33 clique_frac=0.02
t=11628ms iter=9 REBUILD reject new_tc=50.5031 (was 48.8635)
t=12046ms iter=9 incumb=48.8635 ratchet=48.8795 best=48.8413 since_improve=3
t=12072ms iter=10 WAIST cost=45.0000 best_alt=33.0000 gap=12.0000 tried=5 sep_labels=33 clique_frac=0.02
t=12380ms iter=10 REBUILD reject new_tc=49.0434 (was 48.8635)
t=12643ms iter=10 incumb=48.8635 ratchet=48.8633 best=48.8413 since_improve=0
t=12682ms iter=11 WAIST cost=44.0000 best_alt=37.0000 gap=7.0000 tried=5 sep_labels=37 clique_frac=0.03
t=12989ms iter=11 REBUILD reject new_tc=49.4534 (was 48.8633)
t=13245ms iter=11 incumb=48.8633 ratchet=48.8645 best=48.8413 since_improve=1
t=13279ms iter=12 WAIST cost=44.0000 best_alt=31.0000 gap=13.0000 tried=5 sep_labels=31 clique_frac=0.01
t=13590ms iter=12 REBUILD reject new_tc=49.0613 (was 48.8633)
t=13850ms iter=12 incumb=48.8633 ratchet=48.9075 best=48.8413 since_improve=2
t=13883ms iter=13 WAIST cost=44.0000 best_alt=37.0000 gap=7.0000 tried=5 sep_labels=37 clique_frac=0.03
t=14344ms iter=13 REBUILD ACCEPT new_tc=48.6360 (was 48.8633)
t=14591ms iter=13 incumb=48.6360 ratchet=49.7372 best=48.6360 since_improve=1
t=14613ms iter=14 WAIST cost=45.0000 best_alt=37.0000 gap=8.0000 tried=5 sep_labels=37 clique_frac=0.03
t=14910ms iter=14 REBUILD reject new_tc=51.5044 (was 48.6360)
t=15465ms iter=14 incumb=48.6360 ratchet=48.6504 best=48.6335 since_improve=2
t=15492ms iter=15 WAIST cost=45.0000 best_alt=37.0000 gap=8.0000 tried=5 sep_labels=37 clique_frac=0.03
t=15948ms iter=15 REBUILD ACCEPT new_tc=48.3427 (was 48.6360)
t=18672ms iter=15 incumb=48.3427 ratchet=48.2407 best=48.2260 since_improve=0
t=18700ms iter=16 WAIST cost=44.0000 best_alt=37.0000 gap=7.0000 tried=5 sep_labels=37 clique_frac=0.01
t=19004ms iter=16 REBUILD reject new_tc=48.5935 (was 48.2407)
t=19261ms iter=16 incumb=48.2407 ratchet=48.3057 best=48.2260 since_improve=1
t=19294ms iter=17 WAIST cost=44.0000 best_alt=37.0000 gap=7.0000 tried=5 sep_labels=37 clique_frac=0.01
t=19595ms iter=17 REBUILD reject new_tc=49.6335 (was 48.2407)
t=19849ms iter=17 incumb=48.2407 ratchet=48.2936 best=48.2260 since_improve=2
t=19880ms iter=18 WAIST cost=44.0000 best_alt=37.0000 gap=7.0000 tried=5 sep_labels=37 clique_frac=0.01
t=20189ms iter=18 REBUILD reject new_tc=48.6640 (was 48.2407)
t=20436ms iter=18 incumb=48.2407 ratchet=49.0249 best=48.2260 since_improve=3
t=20457ms iter=19 WAIST cost=44.0000 best_alt=37.0000 gap=7.0000 tried=5 sep_labels=37 clique_frac=0.01
t=20768ms iter=19 REBUILD reject new_tc=48.3805 (was 48.2407)
t=21015ms iter=19 incumb=48.2407 ratchet=48.2795 best=48.2260 since_improve=4
t=21051ms iter=20 WAIST cost=44.0000 best_alt=37.0000 gap=7.0000 tried=5 sep_labels=37 clique_frac=0.01
t=21361ms iter=20 REBUILD reject new_tc=48.6527 (was 48.2407)
t=21610ms iter=20 incumb=48.2407 ratchet=48.2637 best=48.2260 since_improve=5
t=21639ms iter=21 WAIST cost=44.0000 best_alt=33.0000 gap=11.0000 tried=5 sep_labels=33 clique_frac=0.01
t=21943ms iter=21 REBUILD reject new_tc=52.0911 (was 48.2407)
t=23633ms iter=21 incumb=48.2407 ratchet=48.1285 best=48.1285 since_improve=0
t=23655ms iter=22 WAIST cost=43.0000 best_alt=39.0000 gap=4.0000 tried=5 sep_labels=39 clique_frac=0.02
t=23948ms iter=22 REBUILD reject new_tc=51.6571 (was 48.1285)
t=26807ms iter=22 incumb=48.1285 ratchet=48.0552 best=48.0317 since_improve=0
t=26840ms iter=23 WAIST cost=43.0000 best_alt=37.0000 gap=6.0000 tried=5 sep_labels=37 clique_frac=0.03
t=27145ms iter=23 REBUILD reject new_tc=48.7768 (was 48.0552)
t=27402ms iter=23 incumb=48.0552 ratchet=48.0778 best=48.0317 since_improve=1
t=27431ms iter=24 WAIST cost=43.0000 best_alt=37.0000 gap=6.0000 tried=5 sep_labels=37 clique_frac=0.03
t=27730ms iter=24 REBUILD reject new_tc=48.9835 (was 48.0552)
t=28686ms iter=24 incumb=48.0552 ratchet=47.9994 best=47.9980 since_improve=0
t=28711ms iter=25 WAIST cost=44.0000 best_alt=40.0000 gap=4.0000 tried=5 sep_labels=40 clique_frac=0.02
t=29051ms iter=25 REBUILD reject new_tc=48.7369 (was 47.9994)
t=30030ms iter=25 incumb=47.9994 ratchet=47.9382 best=47.9378 since_improve=0
t=30064ms iter=26 WAIST cost=44.0000 best_alt=37.0000 gap=7.0000 tried=5 sep_labels=37 clique_frac=0.02
t=30362ms iter=26 REBUILD reject new_tc=51.4755 (was 47.9382)
t=31149ms iter=26 incumb=47.9382 ratchet=47.8777 best=47.8542 since_improve=0
t=31182ms iter=27 WAIST cost=44.0000 best_alt=35.0000 gap=9.0000 tried=5 sep_labels=35 clique_frac=0.01
t=31481ms iter=27 REBUILD reject new_tc=53.0495 (was 47.8777)
t=32258ms iter=27 incumb=47.8777 ratchet=47.8333 best=47.8257 since_improve=0
t=32293ms iter=28 WAIST cost=44.0000 best_alt=39.0000 gap=5.0000 tried=5 sep_labels=39 clique_frac=0.02
t=32607ms iter=28 REBUILD reject new_tc=48.8011 (was 47.8333)
t=33256ms iter=28 incumb=47.8333 ratchet=47.7974 best=47.7691 since_improve=0
t=33280ms iter=29 WAIST cost=44.0000 best_alt=40.0000 gap=4.0000 tried=5 sep_labels=40 clique_frac=0.03
t=33632ms iter=29 REBUILD reject new_tc=48.8027 (was 47.7974)
t=35932ms iter=29 incumb=47.7974 ratchet=47.6782 best=47.6782 since_improve=0
t=35959ms iter=30 WAIST cost=43.0000 best_alt=39.0000 gap=4.0000 tried=5 sep_labels=39 clique_frac=0.01
t=36303ms iter=30 REBUILD reject new_tc=48.6890 (was 47.6782)
t=36751ms iter=30 incumb=47.6782 ratchet=47.7398 best=47.6773 since_improve=1
t=36782ms iter=31 WAIST cost=43.0000 best_alt=39.0000 gap=4.0000 tried=5 sep_labels=39 clique_frac=0.01
t=37129ms iter=31 REBUILD reject new_tc=48.7402 (was 47.6782)
t=37387ms iter=31 incumb=47.6782 ratchet=47.7224 best=47.6773 since_improve=2
t=37418ms iter=32 WAIST cost=43.0000 best_alt=39.0000 gap=4.0000 tried=5 sep_labels=39 clique_frac=0.01
t=37756ms iter=32 REBUILD reject new_tc=48.3953 (was 47.6782)
t=38227ms iter=32 incumb=47.6782 ratchet=47.6940 best=47.6710 since_improve=3
t=38269ms iter=33 WAIST cost=43.0000 best_alt=36.0000 gap=7.0000 tried=5 sep_labels=36 clique_frac=0.01
t=38564ms iter=33 REBUILD reject new_tc=54.0205 (was 47.6782)
t=39207ms iter=33 incumb=47.6782 ratchet=47.7334 best=47.6511 since_improve=4
t=39244ms iter=34 WAIST cost=43.0000 best_alt=39.0000 gap=4.0000 tried=5 sep_labels=39 clique_frac=0.01
t=39577ms iter=34 REBUILD reject new_tc=49.9042 (was 47.6782)
t=40227ms iter=34 incumb=47.6782 ratchet=47.6776 best=47.6373 since_improve=0
t=40256ms iter=35 WAIST cost=44.0000 best_alt=40.0000 gap=4.0000 tried=5 sep_labels=40 clique_frac=0.01
t=40585ms iter=35 REBUILD reject new_tc=53.0398 (was 47.6776)
t=40830ms iter=35 incumb=47.6776 ratchet=47.9835 best=47.6373 since_improve=1
t=40857ms iter=36 WAIST cost=44.0000 best_alt=40.0000 gap=4.0000 tried=5 sep_labels=40 clique_frac=0.01
t=41204ms iter=36 REBUILD reject new_tc=49.3710 (was 47.6776)
t=41454ms iter=36 incumb=47.6776 ratchet=47.7639 best=47.6373 since_improve=2
t=41482ms iter=37 WAIST cost=44.0000 best_alt=39.0000 gap=5.0000 tried=5 sep_labels=39 clique_frac=0.02
t=41780ms iter=37 REBUILD reject new_tc=54.0164 (was 47.6776)
t=42036ms iter=37 incumb=47.6776 ratchet=47.7194 best=47.6373 since_improve=3
t=42064ms iter=38 WAIST cost=44.0000 best_alt=39.0000 gap=5.0000 tried=5 sep_labels=39 clique_frac=0.02
t=42360ms iter=38 REBUILD reject new_tc=55.0541 (was 47.6776)
t=42612ms iter=38 incumb=47.6776 ratchet=47.7133 best=47.6373 since_improve=4
t=42639ms iter=39 WAIST cost=44.0000 best_alt=40.0000 gap=4.0000 tried=5 sep_labels=40 clique_frac=0.01
t=42985ms iter=39 REBUILD reject new_tc=48.6856 (was 47.6776)
t=43242ms iter=39 incumb=47.6776 ratchet=47.7482 best=47.6373 since_improve=5
t=43272ms iter=40 WAIST cost=44.0000 best_alt=37.0000 gap=7.0000 tried=5 sep_labels=37 clique_frac=0.01
t=43563ms iter=40 REBUILD reject new_tc=53.0951 (was 47.6776)
t=43814ms iter=40 incumb=47.6776 ratchet=47.7203 best=47.6373 since_improve=6
t=43839ms iter=41 WAIST cost=44.0000 best_alt=40.0000 gap=4.0000 tried=5 sep_labels=40 clique_frac=0.01
t=44187ms iter=41 REBUILD reject new_tc=49.0148 (was 47.6776)
t=44440ms iter=41 incumb=47.6776 ratchet=47.7286 best=47.6373 since_improve=7
t=44473ms iter=42 WAIST cost=44.0000 best_alt=40.0000 gap=4.0000 tried=5 sep_labels=40 clique_frac=0.01
t=44816ms iter=42 REBUILD reject new_tc=48.9655 (was 47.6776)
t=45070ms iter=42 incumb=47.6776 ratchet=47.7841 best=47.6373 since_improve=8
t=45105ms iter=43 WAIST cost=44.0000 best_alt=40.0000 gap=4.0000 tried=5 sep_labels=40 clique_frac=0.01
t=45438ms iter=43 REBUILD reject new_tc=51.5296 (was 47.6776)
t=45686ms iter=43 incumb=47.6776 ratchet=47.7462 best=47.6373 since_improve=9
t=45721ms iter=44 WAIST cost=44.0000 best_alt=40.0000 gap=4.0000 tried=5 sep_labels=40 clique_frac=0.01
t=46054ms iter=44 REBUILD reject new_tc=48.6121 (was 47.6776)
t=46305ms iter=44 incumb=47.6776 ratchet=47.7367 best=47.6373 since_improve=10
t=46342ms iter=45 WAIST cost=44.0000 best_alt=37.0000 gap=7.0000 tried=5 sep_labels=37 clique_frac=0.02
t=46640ms iter=45 REBUILD reject new_tc=49.7729 (was 47.6776)
t=46899ms iter=45 incumb=47.6776 ratchet=47.7148 best=47.6373 since_improve=11
t=46926ms iter=46 WAIST cost=44.0000 best_alt=40.0000 gap=4.0000 tried=5 sep_labels=40 clique_frac=0.01
t=47269ms iter=46 REBUILD reject new_tc=49.1288 (was 47.6776)
t=47509ms iter=46 incumb=47.6776 ratchet=47.7431 best=47.6373 since_improve=12
t=47536ms iter=47 WAIST cost=44.0000 best_alt=40.0000 gap=4.0000 tried=5 sep_labels=40 clique_frac=0.01
t=47880ms iter=47 REBUILD reject new_tc=49.2732 (was 47.6776)
t=48132ms iter=47 incumb=47.6776 ratchet=47.7652 best=47.6373 since_improve=13
t=48163ms iter=48 WAIST cost=44.0000 best_alt=40.0000 gap=4.0000 tried=5 sep_labels=40 clique_frac=0.01
t=48502ms iter=48 REBUILD reject new_tc=48.2130 (was 47.6776)
t=48749ms iter=48 incumb=47.6776 ratchet=47.8867 best=47.6373 since_improve=14
t=48781ms iter=49 WAIST cost=44.0000 best_alt=40.0000 gap=4.0000 tried=5 sep_labels=40 clique_frac=0.01
t=49127ms iter=49 REBUILD reject new_tc=48.8311 (was 47.6776)
t=49375ms iter=49 incumb=47.6776 ratchet=47.9804 best=47.6373 since_improve=15
t=49403ms iter=50 WAIST cost=44.0000 best_alt=37.0000 gap=7.0000 tried=5 sep_labels=37 clique_frac=0.01
t=49696ms iter=50 REBUILD reject new_tc=56.0066 (was 47.6776)
t=49951ms iter=50 incumb=47.6776 ratchet=47.7395 best=47.6373 since_improve=16
t=49979ms iter=51 WAIST cost=44.0000 best_alt=40.0000 gap=4.0000 tried=5 sep_labels=40 clique_frac=0.01
t=50321ms iter=51 REBUILD reject new_tc=48.7923 (was 47.6776)
t=50575ms iter=51 incumb=47.6776 ratchet=47.7669 best=47.6373 since_improve=17
t=50604ms iter=52 WAIST cost=44.0000 best_alt=39.0000 gap=5.0000 tried=5 sep_labels=39 clique_frac=0.02
t=50893ms iter=52 REBUILD reject new_tc=48.6071 (was 47.6776)
t=51131ms iter=52 incumb=47.6776 ratchet=47.6914 best=47.6373 since_improve=18
t=51155ms iter=53 WAIST cost=44.0000 best_alt=40.0000 gap=4.0000 tried=5 sep_labels=40 clique_frac=0.01
t=51485ms iter=53 REBUILD reject new_tc=50.6441 (was 47.6776)
t=51745ms iter=53 incumb=47.6776 ratchet=47.8962 best=47.6373 since_improve=19
t=51777ms iter=54 WAIST cost=44.0000 best_alt=40.0000 gap=4.0000 tried=5 sep_labels=40 clique_frac=0.01
t=52113ms iter=54 REBUILD reject new_tc=48.4333 (was 47.6776)
t=52354ms iter=54 incumb=47.6776 ratchet=47.6683 best=47.6373 since_improve=0
t=52383ms iter=55 WAIST cost=43.0000 best_alt=39.0000 gap=4.0000 tried=5 sep_labels=39 clique_frac=0.01
t=52715ms iter=55 REBUILD reject new_tc=48.3293 (was 47.6683)
t=52967ms iter=55 incumb=47.6683 ratchet=47.7643 best=47.6373 since_improve=1
t=53010ms iter=56 WAIST cost=43.0000 best_alt=39.0000 gap=4.0000 tried=5 sep_labels=39 clique_frac=0.01
t=53345ms iter=56 REBUILD reject new_tc=53.2267 (was 47.6683)
t=53584ms iter=56 incumb=47.6683 ratchet=47.8083 best=47.6373 since_improve=2
t=53614ms iter=57 WAIST cost=43.0000 best_alt=39.0000 gap=4.0000 tried=5 sep_labels=39 clique_frac=0.01
t=53945ms iter=57 REBUILD reject new_tc=49.2633 (was 47.6683)
t=54192ms iter=57 incumb=47.6683 ratchet=47.6996 best=47.6373 since_improve=3
t=54222ms iter=58 WAIST cost=43.0000 best_alt=39.0000 gap=4.0000 tried=5 sep_labels=39 clique_frac=0.01
t=54553ms iter=58 REBUILD reject new_tc=51.1932 (was 47.6683)
t=54806ms iter=58 incumb=47.6683 ratchet=47.9543 best=47.6373 since_improve=4
t=54838ms iter=59 WAIST cost=43.0000 best_alt=39.0000 gap=4.0000 tried=5 sep_labels=39 clique_frac=0.01
t=55161ms iter=59 REBUILD reject new_tc=48.3531 (was 47.6683)
t=55402ms iter=59 incumb=47.6683 ratchet=47.7006 best=47.6373 since_improve=5
t=55438ms iter=60 WAIST cost=43.0000 best_alt=39.0000 gap=4.0000 tried=5 sep_labels=39 clique_frac=0.01
t=55754ms iter=60 REBUILD reject new_tc=54.0246 (was 47.6683)
t=56003ms iter=60 incumb=47.6683 ratchet=47.6917 best=47.6373 since_improve=6
t=56034ms iter=61 WAIST cost=43.0000 best_alt=39.0000 gap=4.0000 tried=5 sep_labels=39 clique_frac=0.01
t=56425ms iter=61 REBUILD reject new_tc=48.7018 (was 47.6683)
t=56679ms iter=61 incumb=47.6683 ratchet=47.7631 best=47.6373 since_improve=7
t=56714ms iter=62 WAIST cost=43.0000 best_alt=39.0000 gap=4.0000 tried=5 sep_labels=39 clique_frac=0.01
t=57049ms iter=62 REBUILD reject new_tc=48.9233 (was 47.6683)
t=57304ms iter=62 incumb=47.6683 ratchet=47.7191 best=47.6373 since_improve=8
t=57343ms iter=63 WAIST cost=43.0000 best_alt=37.0000 gap=6.0000 tried=5 sep_labels=37 clique_frac=0.02
t=57637ms iter=63 REBUILD reject new_tc=54.0235 (was 47.6683)
t=57891ms iter=63 incumb=47.6683 ratchet=47.7861 best=47.6373 since_improve=9
t=57934ms iter=64 WAIST cost=43.0000 best_alt=39.0000 gap=4.0000 tried=5 sep_labels=39 clique_frac=0.01
t=58265ms iter=64 REBUILD reject new_tc=49.2831 (was 47.6683)
t=58505ms iter=64 incumb=47.6683 ratchet=47.6979 best=47.6373 since_improve=10
t=58539ms iter=65 WAIST cost=43.0000 best_alt=39.0000 gap=4.0000 tried=5 sep_labels=39 clique_frac=0.01
t=58858ms iter=65 REBUILD reject new_tc=48.8089 (was 47.6683)
t=59105ms iter=65 incumb=47.6683 ratchet=47.6903 best=47.6373 since_improve=11
t=59142ms iter=66 WAIST cost=43.0000 best_alt=39.0000 gap=4.0000 tried=5 sep_labels=39 clique_frac=0.01
t=59482ms iter=66 REBUILD reject new_tc=50.4204 (was 47.6683)
t=59740ms iter=66 incumb=47.6683 ratchet=47.7797 best=47.6373 since_improve=12
t=59778ms iter=67 WAIST cost=43.0000 best_alt=39.0000 gap=4.0000 tried=5 sep_labels=39 clique_frac=0.01
t=60120ms iter=67 REBUILD reject new_tc=48.8629 (was 47.6683)
t=60374ms iter=67 incumb=47.6683 ratchet=47.7396 best=47.6373 since_improve=13
t=60402ms iter=68 WAIST cost=43.0000 best_alt=39.0000 gap=4.0000 tried=5 sep_labels=39 clique_frac=0.01
t=60744ms iter=68 REBUILD reject new_tc=49.2440 (was 47.6683)
t=60991ms iter=68 incumb=47.6683 ratchet=47.7166 best=47.6373 since_improve=14
t=61024ms iter=69 WAIST cost=43.0000 best_alt=39.0000 gap=4.0000 tried=5 sep_labels=39 clique_frac=0.01
t=61358ms iter=69 REBUILD reject new_tc=49.1376 (was 47.6683)
t=61609ms iter=69 incumb=47.6683 ratchet=47.7479 best=47.6373 since_improve=15
t=61636ms iter=70 WAIST cost=43.0000 best_alt=39.0000 gap=4.0000 tried=5 sep_labels=39 clique_frac=0.01
t=61970ms iter=70 REBUILD reject new_tc=53.0361 (was 47.6683)
t=62223ms iter=70 incumb=47.6683 ratchet=47.7523 best=47.6373 since_improve=16
t=62249ms iter=71 WAIST cost=43.0000 best_alt=39.0000 gap=4.0000 tried=5 sep_labels=39 clique_frac=0.01
t=62579ms iter=71 REBUILD reject new_tc=51.2146 (was 47.6683)
t=62833ms iter=71 incumb=47.6683 ratchet=47.8255 best=47.6373 since_improve=17
t=62863ms iter=72 WAIST cost=43.0000 best_alt=39.0000 gap=4.0000 tried=5 sep_labels=39 clique_frac=0.01
t=63200ms iter=72 REBUILD reject new_tc=48.8216 (was 47.6683)
t=63443ms iter=72 incumb=47.6683 ratchet=47.7175 best=47.6373 since_improve=18
t=63475ms iter=73 WAIST cost=43.0000 best_alt=39.0000 gap=4.0000 tried=5 sep_labels=39 clique_frac=0.01
t=63827ms iter=73 REBUILD reject new_tc=48.9065 (was 47.6683)
t=64085ms iter=73 incumb=47.6683 ratchet=47.7079 best=47.6373 since_improve=19
t=64114ms iter=74 WAIST cost=43.0000 best_alt=39.0000 gap=4.0000 tried=5 sep_labels=39 clique_frac=0.01
t=64440ms iter=74 REBUILD reject new_tc=56.0971 (was 47.6683)
t=65107ms iter=74 incumb=47.6683 ratchet=47.6160 best=47.6145 since_improve=0
t=65141ms iter=75 WAIST cost=44.0000 best_alt=40.0000 gap=4.0000 tried=5 sep_labels=40 clique_frac=0.01
t=65473ms iter=75 REBUILD reject new_tc=49.1568 (was 47.6160)
t=65726ms iter=75 incumb=47.6160 ratchet=47.6879 best=47.6145 since_improve=1
t=65761ms iter=76 WAIST cost=44.0000 best_alt=40.0000 gap=4.0000 tried=5 sep_labels=40 clique_frac=0.01
t=66092ms iter=76 REBUILD reject new_tc=56.0127 (was 47.6160)
t=66344ms iter=76 incumb=47.6160 ratchet=47.7331 best=47.6145 since_improve=2
t=66375ms iter=77 WAIST cost=44.0000 best_alt=39.0000 gap=5.0000 tried=5 sep_labels=39 clique_frac=0.01
t=66708ms iter=77 REBUILD reject new_tc=53.0634 (was 47.6160)
t=66962ms iter=77 incumb=47.6160 ratchet=47.6409 best=47.6145 since_improve=3
t=66995ms iter=78 WAIST cost=44.0000 best_alt=39.0000 gap=5.0000 tried=5 sep_labels=39 clique_frac=0.03
t=67292ms iter=78 REBUILD reject new_tc=50.6751 (was 47.6160)
t=67777ms iter=78 incumb=47.6160 ratchet=47.6092 best=47.6092 since_improve=0
t=67811ms iter=79 WAIST cost=43.0000 best_alt=40.0000 gap=3.0000 tried=5 sep_labels=40 clique_frac=0.01
t=68155ms iter=79 REBUILD reject new_tc=48.1882 (was 47.6092)
t=68404ms iter=79 incumb=47.6092 ratchet=47.6417 best=47.6092 since_improve=1
t=68439ms iter=80 WAIST cost=43.0000 best_alt=39.0000 gap=4.0000 tried=5 sep_labels=39 clique_frac=0.01
t=68779ms iter=80 REBUILD reject new_tc=51.2093 (was 47.6092)
t=69034ms iter=80 incumb=47.6092 ratchet=47.7149 best=47.6092 since_improve=2
t=69065ms iter=81 WAIST cost=43.0000 best_alt=39.0000 gap=4.0000 tried=5 sep_labels=39 clique_frac=0.01
t=69399ms iter=81 REBUILD reject new_tc=48.7502 (was 47.6092)
t=70320ms iter=81 incumb=47.6092 ratchet=47.6070 best=47.5899 since_improve=0
t=70347ms iter=82 WAIST cost=43.0000 best_alt=39.0000 gap=4.0000 tried=5 sep_labels=39 clique_frac=0.01
t=70688ms iter=82 REBUILD reject new_tc=49.0348 (was 47.6070)
t=70944ms iter=82 incumb=47.6070 ratchet=47.6430 best=47.5899 since_improve=1
t=70974ms iter=83 WAIST cost=43.0000 best_alt=39.0000 gap=4.0000 tried=5 sep_labels=39 clique_frac=0.01
t=71321ms iter=83 REBUILD reject new_tc=56.3708 (was 47.6070)
t=71570ms iter=83 incumb=47.6070 ratchet=47.6386 best=47.5899 since_improve=2
t=71605ms iter=84 WAIST cost=43.0000 best_alt=39.0000 gap=4.0000 tried=5 sep_labels=39 clique_frac=0.01
t=71945ms iter=84 REBUILD reject new_tc=49.1194 (was 47.6070)
t=72200ms iter=84 incumb=47.6070 ratchet=47.6464 best=47.5899 since_improve=3
t=72231ms iter=85 WAIST cost=43.0000 best_alt=39.0000 gap=4.0000 tried=5 sep_labels=39 clique_frac=0.01
t=72557ms iter=85 REBUILD reject new_tc=53.1371 (was 47.6070)
t=74116ms iter=85 incumb=47.6070 ratchet=47.5312 best=47.5294 since_improve=0
t=74146ms iter=86 WAIST cost=43.0000 best_alt=39.0000 gap=4.0000 tried=5 sep_labels=39 clique_frac=0.01
t=74482ms iter=86 REBUILD reject new_tc=53.1175 (was 47.5312)
t=74734ms iter=86 incumb=47.5312 ratchet=47.7440 best=47.5294 since_improve=1
t=74773ms iter=87 WAIST cost=43.0000 best_alt=37.0000 gap=6.0000 tried=5 sep_labels=37 clique_frac=0.01
t=75071ms iter=87 REBUILD reject new_tc=49.1399 (was 47.5312)
t=75326ms iter=87 incumb=47.5312 ratchet=47.5742 best=47.5294 since_improve=2
t=75359ms iter=88 WAIST cost=43.0000 best_alt=39.0000 gap=4.0000 tried=5 sep_labels=39 clique_frac=0.01
t=75699ms iter=88 REBUILD reject new_tc=55.0161 (was 47.5312)
t=75944ms iter=88 incumb=47.5312 ratchet=47.6359 best=47.5294 since_improve=3
t=75981ms iter=89 WAIST cost=43.0000 best_alt=39.0000 gap=4.0000 tried=5 sep_labels=39 clique_frac=0.01
t=76319ms iter=89 REBUILD reject new_tc=50.4637 (was 47.5312)
t=76570ms iter=89 incumb=47.5312 ratchet=47.6104 best=47.5294 since_improve=4
t=76604ms iter=90 WAIST cost=43.0000 best_alt=39.0000 gap=4.0000 tried=5 sep_labels=39 clique_frac=0.01
t=76938ms iter=90 REBUILD reject new_tc=48.6612 (was 47.5312)
t=77180ms iter=90 incumb=47.5312 ratchet=47.7081 best=47.5294 since_improve=5
t=77213ms iter=91 WAIST cost=43.0000 best_alt=39.0000 gap=4.0000 tried=5 sep_labels=39 clique_frac=0.01
t=77545ms iter=91 REBUILD reject new_tc=49.1631 (was 47.5312)
t=77795ms iter=91 incumb=47.5312 ratchet=47.5808 best=47.5294 since_improve=6
t=77827ms iter=92 WAIST cost=43.0000 best_alt=39.0000 gap=4.0000 tried=5 sep_labels=39 clique_frac=0.01
t=78150ms iter=92 REBUILD reject new_tc=49.7353 (was 47.5312)
t=78390ms iter=92 incumb=47.5312 ratchet=47.8087 best=47.5294 since_improve=7
t=78417ms iter=93 WAIST cost=43.0000 best_alt=39.0000 gap=4.0000 tried=5 sep_labels=39 clique_frac=0.01
t=78757ms iter=93 REBUILD reject new_tc=48.7592 (was 47.5312)
t=79007ms iter=93 incumb=47.5312 ratchet=48.0370 best=47.5294 since_improve=8
t=79048ms iter=94 WAIST cost=43.0000 best_alt=39.0000 gap=4.0000 tried=5 sep_labels=39 clique_frac=0.01
t=79374ms iter=94 REBUILD reject new_tc=49.9723 (was 47.5312)
t=79620ms iter=94 incumb=47.5312 ratchet=47.6135 best=47.5294 since_improve=9
t=79652ms iter=95 WAIST cost=43.0000 best_alt=39.0000 gap=4.0000 tried=5 sep_labels=39 clique_frac=0.01
t=79999ms iter=95 REBUILD reject new_tc=48.8491 (was 47.5312)
t=80251ms iter=95 incumb=47.5312 ratchet=47.5593 best=47.5294 since_improve=10
t=80285ms iter=96 WAIST cost=43.0000 best_alt=39.0000 gap=4.0000 tried=5 sep_labels=39 clique_frac=0.01
t=80632ms iter=96 REBUILD reject new_tc=49.0270 (was 47.5312)
t=80885ms iter=96 incumb=47.5312 ratchet=47.6546 best=47.5294 since_improve=11
t=80927ms iter=97 WAIST cost=43.0000 best_alt=37.0000 gap=6.0000 tried=5 sep_labels=37 clique_frac=0.00
t=81220ms iter=97 REBUILD reject new_tc=49.1455 (was 47.5312)
t=81459ms iter=97 incumb=47.5312 ratchet=47.6394 best=47.5294 since_improve=12
t=81494ms iter=98 WAIST cost=43.0000 best_alt=39.0000 gap=4.0000 tried=5 sep_labels=39 clique_frac=0.01
t=81835ms iter=98 REBUILD reject new_tc=48.3302 (was 47.5312)
t=82083ms iter=98 incumb=47.5312 ratchet=47.5494 best=47.5294 since_improve=13
t=82114ms iter=99 WAIST cost=43.0000 best_alt=39.0000 gap=4.0000 tried=5 sep_labels=39 clique_frac=0.01
t=82454ms iter=99 REBUILD reject new_tc=49.0047 (was 47.5312)
t=82711ms iter=99 incumb=47.5312 ratchet=47.6824 best=47.5294 since_improve=14
t=82741ms iter=100 WAIST cost=43.0000 best_alt=39.0000 gap=4.0000 tried=5 sep_labels=39 clique_frac=0.01
t=83093ms iter=100 REBUILD reject new_tc=48.7025 (was 47.5312)
t=83347ms iter=100 incumb=47.5312 ratchet=47.6240 best=47.5294 since_improve=15
t=83386ms iter=101 WAIST cost=43.0000 best_alt=39.0000 gap=4.0000 tried=5 sep_labels=39 clique_frac=0.01
t=83719ms iter=101 REBUILD reject new_tc=50.3719 (was 47.5312)
t=83975ms iter=101 incumb=47.5312 ratchet=47.6758 best=47.5294 since_improve=16
t=84006ms iter=102 WAIST cost=43.0000 best_alt=37.0000 gap=6.0000 tried=5 sep_labels=37 clique_frac=0.01
t=84297ms iter=102 REBUILD reject new_tc=57.0141 (was 47.5312)
t=84543ms iter=102 incumb=47.5312 ratchet=47.6185 best=47.5294 since_improve=17
t=84584ms iter=103 WAIST cost=43.0000 best_alt=39.0000 gap=4.0000 tried=5 sep_labels=39 clique_frac=0.01
t=84916ms iter=103 REBUILD reject new_tc=52.1201 (was 47.5312)
t=85172ms iter=103 incumb=47.5312 ratchet=47.6081 best=47.5294 since_improve=18
t=85205ms iter=104 WAIST cost=43.0000 best_alt=39.0000 gap=4.0000 tried=5 sep_labels=39 clique_frac=0.01
t=85554ms iter=104 REBUILD reject new_tc=49.2825 (was 47.5312)
t=85808ms iter=104 incumb=47.5312 ratchet=47.5887 best=47.5294 since_improve=19
t=85840ms iter=105 WAIST cost=43.0000 best_alt=39.0000 gap=4.0000 tried=5 sep_labels=39 clique_frac=0.01
t=86212ms iter=105 REBUILD reject new_tc=53.0464 (was 47.5312)
t=86457ms iter=105 incumb=47.5312 ratchet=47.6041 best=47.5294 since_improve=20
t=86489ms iter=106 WAIST cost=43.0000 best_alt=37.0000 gap=6.0000 tried=5 sep_labels=37 clique_frac=0.03
t=86813ms iter=106 REBUILD reject new_tc=48.7739 (was 47.5312)
t=87065ms iter=106 incumb=47.5312 ratchet=47.6807 best=47.5294 since_improve=21
t=87110ms iter=107 WAIST cost=43.0000 best_alt=39.0000 gap=4.0000 tried=5 sep_labels=39 clique_frac=0.01
t=87445ms iter=107 REBUILD reject new_tc=54.0412 (was 47.5312)
t_final=87670ms tc_reduced=47.5294 tc_full=47.7100 leaves=2203
surgery summary: calls=107 cheaper_cuts=107 rebuild_accepts=3 waist_min_hits=0
