simplify: n_orig=2124 n_reduced=513 shrink=0.7585 t_simp=10ms
t_seed=607ms tc_seed=42.0724 seed_trials=13
t_dp=607ms tc_greedy=42.0724
t=6186ms mcts_tc=40.4806
t_mcts=15019ms mcts: backup=min rollouts=256 rate=17/s depth=3 nodes=257 improves=1 tc_mcts=40.4806
ATTRIBUTION tc_greedy=42.0724 tc_mcts_prepolish=40.4806 mcts_beats_greedy=true
t=15160ms polish_tc=40.1866
t=15209ms polish_tc=39.9462
t=15267ms polish_tc=39.9220
t=15323ms polish_tc=39.7197
t=15377ms polish_tc=39.4809
t=15431ms polish_tc=39.3904
t=15488ms polish_tc=38.9752
t=15543ms polish_tc=38.9354
t=15599ms polish_tc=38.6062
t=16158ms polish_tc=38.1434
t=16206ms polish_tc=38.0870
t=16252ms polish_tc=37.9137
t=16302ms polish_tc=37.7764
t=16353ms polish_tc=37.7316
t=16399ms polish_tc=37.4814
t=16453ms polish_tc=36.8034
t=16507ms polish_tc=36.5813
t=16557ms polish_tc=36.5768
t=16619ms polish_tc=36.4579
t=16675ms polish_tc=36.3398
t=17158ms polish_tc=36.3308
t=17208ms polish_tc=36.2875
t=17258ms polish_tc=35.5403
t=17307ms polish_tc=35.5320
t=17355ms polish_tc=35.5202
t=17403ms polish_tc=35.5070
t=17448ms polish_tc=35.4787
t=17495ms polish_tc=34.8901
t=18159ms polish_tc=34.8503
t=18207ms polish_tc=34.8492
t=18259ms polish_tc=34.8099
t=18316ms polish_tc=34.7067
t=18362ms polish_tc=34.5717
t=18411ms polish_tc=34.5697
t=18461ms polish_tc=34.5302
t=19157ms polish_tc=33.8744
t=19213ms polish_tc=33.3285
t=19269ms polish_tc=33.1869
t=19327ms polish_tc=33.1240
t=19396ms polish_tc=32.7302
t=19460ms polish_tc=32.7301
t=19515ms polish_tc=32.7248
t=19572ms polish_tc=32.6966
t=19631ms polish_tc=32.6560
t=19690ms polish_tc=32.6337
t=20160ms polish_tc=32.6243
t=20214ms polish_tc=32.5744
t=20273ms polish_tc=32.4857
t=20331ms polish_tc=32.4589
t=20383ms polish_tc=32.4465
t=20436ms polish_tc=31.7051
t=20488ms polish_tc=31.6903
t=21159ms polish_tc=31.6720
t=21207ms polish_tc=31.6222
t=21264ms polish_tc=30.8491
t=21322ms polish_tc=30.8418
t=21379ms polish_tc=30.8210
t=21434ms polish_tc=30.8035
t=21488ms polish_tc=30.7800
t=22160ms polish_tc=30.7107
t=22218ms polish_tc=30.6761
t=22271ms polish_tc=30.6300
t=22338ms polish_tc=29.3404
t=22398ms polish_tc=29.3370
t=22460ms polish_tc=29.3015
t=22526ms polish_tc=28.4875
t=22591ms polish_tc=28.4318
t=22651ms polish_tc=28.4047
t=22716ms polish_tc=28.3403
t=22770ms polish_tc=28.3063
t=22831ms polish_tc=28.2748
t=23160ms polish_tc=28.2673
t=23223ms polish_tc=28.2623
t=23283ms polish_tc=28.2540
t=23344ms polish_tc=27.9714
t=23413ms polish_tc=27.9304
t=23479ms polish_tc=27.8581
t=23544ms polish_tc=27.8370
t=23612ms polish_tc=27.8235
t=23679ms polish_tc=27.7960
t=23741ms polish_tc=27.7901
t=23808ms polish_tc=27.7657
t=23870ms polish_tc=27.7184
t=24161ms polish_tc=27.6351
t=24224ms polish_tc=27.0595
t=24283ms polish_tc=26.8296
t=24353ms polish_tc=26.8234
t=24410ms polish_tc=26.8065
t=24478ms polish_tc=26.7958
t=25159ms polish_tc=26.7627
t=25240ms polish_tc=26.7366
t=25305ms polish_tc=26.7258
t=25375ms polish_tc=26.7026
t=25464ms polish_tc=26.6922
t=25529ms polish_tc=26.6761
t=25602ms polish_tc=26.6347
t=25667ms polish_tc=26.6342
t=25731ms polish_tc=26.6232
t=25795ms polish_tc=26.5932
t=26158ms polish_tc=26.5548
t=26222ms polish_tc=26.5453
t=26310ms polish_tc=26.5407
t=26384ms polish_tc=26.5367
t=26457ms polish_tc=26.5311
t=26542ms polish_tc=26.5261
t=26613ms polish_tc=26.5211
t=26690ms polish_tc=26.5046
t=26763ms polish_tc=26.5039
t=26832ms polish_tc=26.5037
t=26905ms polish_tc=26.5035
t=26970ms polish_tc=26.5020
t=27162ms polish_tc=26.4691
t=27241ms polish_tc=26.4611
t=27309ms polish_tc=26.4548
t=27390ms polish_tc=26.4503
t=27456ms polish_tc=26.4357
t=27537ms polish_tc=26.4352
t=27603ms polish_tc=26.4342
t=28161ms polish_tc=26.4242
t=28230ms polish_tc=26.4182
t=28297ms polish_tc=26.4104
t=28357ms polish_tc=26.4009
t=28426ms polish_tc=26.3875
t=28485ms polish_tc=26.3852
t=29166ms polish_tc=26.3831
t=29238ms polish_tc=26.3817
t=29307ms polish_tc=26.3717
t=29372ms polish_tc=26.3641
t=29436ms polish_tc=26.3531
t=29503ms polish_tc=26.3503
t=30167ms polish_tc=26.3387
t=30249ms polish_tc=26.3371
t=30314ms polish_tc=26.3304
t=30406ms polish_tc=26.3301
t=30539ms polish_tc=26.3281
t=30600ms polish_tc=26.3252
t=31159ms polish_tc=26.3217
t=31233ms polish_tc=26.3207
t=31301ms polish_tc=26.3201
t=31370ms polish_tc=26.3092
t=31437ms polish_tc=26.3026
t=31503ms polish_tc=26.3005
t=31567ms polish_tc=26.2985
t=31635ms polish_tc=26.2981
t=31887ms polish_tc=26.2801
t=32156ms polish_tc=26.2435
t=32234ms polish_tc=26.2264
t=32311ms polish_tc=26.2115
t=32395ms polish_tc=26.1906
t=32476ms polish_tc=26.1847
t=32556ms polish_tc=26.1841
t=32640ms polish_tc=26.1751
t=32724ms polish_tc=26.1698
t=32799ms polish_tc=26.1479
t=32870ms polish_tc=26.1423
t=33161ms polish_tc=26.1133
t=33235ms polish_tc=26.1092
t=33308ms polish_tc=26.0943
t=33381ms polish_tc=26.0848
t=33454ms polish_tc=26.0769
t=33527ms polish_tc=26.0427
t=33599ms polish_tc=26.0183
t=33685ms polish_tc=26.0073
t=33760ms polish_tc=26.0047
t=33849ms polish_tc=25.9886
t=33920ms polish_tc=25.9589
t=34162ms polish_tc=25.9515
t=34238ms polish_tc=25.9234
t=34316ms polish_tc=25.9044
t=34405ms polish_tc=25.9026
t=34483ms polish_tc=25.8939
t=34559ms polish_tc=25.8845
t=34669ms polish_tc=25.8750
t=34751ms polish_tc=25.8724
t=34823ms polish_tc=25.8673
t=34897ms polish_tc=25.8659
t=35162ms polish_tc=25.8373
t=35245ms polish_tc=25.8331
t=35319ms polish_tc=25.8330
t=35396ms polish_tc=25.8295
t=35490ms polish_tc=25.8283
t=35567ms polish_tc=25.8102
t=35639ms polish_tc=25.7948
t=35719ms polish_tc=25.7905
t=35810ms polish_tc=25.7881
t=35887ms polish_tc=25.7814
t=36160ms polish_tc=25.7757
t=36229ms polish_tc=25.7745
t=36301ms polish_tc=25.7737
t=36429ms polish_tc=25.7737
t=36502ms polish_tc=25.7724
t=36691ms polish_tc=25.7710
t=36762ms polish_tc=25.7710
t=36838ms polish_tc=25.7709
t=37759ms polish_tc=25.7646
t=37842ms polish_tc=25.7646
t=37914ms polish_tc=25.7585
t=38120ms polish_tc=25.7584
t=38202ms polish_tc=25.7584
t=38294ms polish_tc=25.7564
t=38370ms polish_tc=25.7550
t=38449ms polish_tc=25.7550
t=38538ms polish_tc=25.7515
t=38619ms polish_tc=25.7510
t=38700ms polish_tc=25.7498
t=39183ms polish_tc=25.7498
t=39258ms polish_tc=25.7494
t=39346ms polish_tc=25.7490
t=39422ms polish_tc=25.7490
t=39495ms polish_tc=25.7489
t=39569ms polish_tc=25.7487
t=39640ms polish_tc=25.7422
t=39714ms polish_tc=25.7421
t=39793ms polish_tc=25.7420
t=39872ms polish_tc=25.7419
t=40030ms polish_tc=25.7417
t=40163ms polish_tc=25.7417
t=40234ms polish_tc=25.7416
t=40308ms polish_tc=25.7375
t=40384ms polish_tc=25.7373
t=40462ms polish_tc=25.7314
t=40534ms polish_tc=25.7298
t=40611ms polish_tc=25.7290
t=40684ms polish_tc=25.7289
t=40755ms polish_tc=25.7289
t=40833ms polish_tc=25.7288
t=41154ms polish_tc=25.7288
t=41240ms polish_tc=25.7285
anneal_sweeps=179064 cycles=33 fresh=12
t_final=87314ms tc_greedy=42.0724 tc_mcts=40.4806 tc_final=25.7285 tc_full=25.7291 leaves=2124
