probe: instance=uai_linkage_17 n_orig=2136 n=458 fusible=0.7856 nlabels=383 t=10ms
seed_greedy tc=38.6323 t=510ms
t=569ms iter=1 WAIST cost=26.5850 best_alt=0.0000 gap=26.5850 tried=5 sep_labels=0 clique_frac=1.00
t=795ms iter=1 REBUILD ACCEPT new_tc=25.4818 (was 28.1221)
t=1005ms iter=1 incumb=25.4818 ratchet=25.4683 best=25.4562 since_improve=0
t=1014ms iter=2 WAIST cost=21.0000 best_alt=18.0000 gap=3.0000 tried=5 sep_labels=18 clique_frac=0.01
t=1117ms iter=2 REBUILD reject new_tc=26.9367 (was 25.4683)
t=1295ms iter=2 incumb=25.4683 ratchet=25.4448 best=25.4448 since_improve=0
t=1303ms iter=3 WAIST cost=21.0000 best_alt=18.0000 gap=3.0000 tried=5 sep_labels=18 clique_frac=0.01
t=1410ms iter=3 REBUILD reject new_tc=26.7607 (was 25.4448)
t=1507ms iter=3 incumb=25.4448 ratchet=25.4976 best=25.4448 since_improve=1
t=1516ms iter=4 WAIST cost=21.0000 best_alt=18.0000 gap=3.0000 tried=5 sep_labels=18 clique_frac=0.01
t=1620ms iter=4 REBUILD reject new_tc=26.9266 (was 25.4448)
t=1805ms iter=4 incumb=25.4448 ratchet=25.4209 best=25.4196 since_improve=0
t=1813ms iter=5 WAIST cost=20.0000 best_alt=18.0000 gap=2.0000 tried=5 sep_labels=18 clique_frac=0.00
t=1930ms iter=5 REBUILD reject new_tc=25.7547 (was 25.4209)
t=2019ms iter=5 incumb=25.4209 ratchet=25.4453 best=25.4196 since_improve=1
t=2027ms iter=6 WAIST cost=20.0000 best_alt=18.0000 gap=2.0000 tried=5 sep_labels=18 clique_frac=0.00
t=2144ms iter=6 REBUILD reject new_tc=26.0288 (was 25.4209)
t=2234ms iter=6 incumb=25.4209 ratchet=25.4331 best=25.4196 since_improve=2
t=2243ms iter=7 WAIST cost=20.0000 best_alt=18.0000 gap=2.0000 tried=5 sep_labels=18 clique_frac=0.00
t=2365ms iter=7 REBUILD reject new_tc=28.0432 (was 25.4209)
t=2454ms iter=7 incumb=25.4209 ratchet=25.4425 best=25.4196 since_improve=3
t=2464ms iter=8 WAIST cost=20.0000 best_alt=17.0000 gap=3.0000 tried=5 sep_labels=17 clique_frac=0.02
t=2579ms iter=8 REBUILD reject new_tc=26.4849 (was 25.4209)
t=2667ms iter=8 incumb=25.4209 ratchet=25.4689 best=25.4196 since_improve=4
t=2676ms iter=9 WAIST cost=20.0000 best_alt=18.0000 gap=2.0000 tried=5 sep_labels=18 clique_frac=0.00
t=2796ms iter=9 REBUILD reject new_tc=32.7160 (was 25.4209)
t=2881ms iter=9 incumb=25.4209 ratchet=25.4559 best=25.4196 since_improve=5
t=2891ms iter=10 WAIST cost=20.0000 best_alt=18.0000 gap=2.0000 tried=5 sep_labels=18 clique_frac=0.00
t=3004ms iter=10 REBUILD reject new_tc=26.2395 (was 25.4209)
t=3094ms iter=10 incumb=25.4209 ratchet=25.4583 best=25.4196 since_improve=6
t=3101ms iter=11 WAIST cost=20.0000 best_alt=18.0000 gap=2.0000 tried=5 sep_labels=18 clique_frac=0.00
t=3217ms iter=11 REBUILD reject new_tc=31.0339 (was 25.4209)
t=3303ms iter=11 incumb=25.4209 ratchet=25.4435 best=25.4196 since_improve=7
t=3311ms iter=12 WAIST cost=20.0000 best_alt=18.0000 gap=2.0000 tried=5 sep_labels=18 clique_frac=0.00
t=3441ms iter=12 REBUILD reject new_tc=30.6807 (was 25.4209)
t=3530ms iter=12 incumb=25.4209 ratchet=25.4976 best=25.4196 since_improve=8
t=3540ms iter=13 WAIST cost=20.0000 best_alt=18.0000 gap=2.0000 tried=5 sep_labels=18 clique_frac=0.00
t=3656ms iter=13 REBUILD reject new_tc=26.3493 (was 25.4209)
t=3745ms iter=13 incumb=25.4209 ratchet=25.4332 best=25.4196 since_improve=9
t=3754ms iter=14 WAIST cost=20.0000 best_alt=18.0000 gap=2.0000 tried=5 sep_labels=18 clique_frac=0.00
t=3871ms iter=14 REBUILD reject new_tc=29.5940 (was 25.4209)
t=3961ms iter=14 incumb=25.4209 ratchet=25.4603 best=25.4196 since_improve=10
t=3972ms iter=15 WAIST cost=20.0000 best_alt=18.0000 gap=2.0000 tried=5 sep_labels=18 clique_frac=0.00
t=4088ms iter=15 REBUILD reject new_tc=28.9731 (was 25.4209)
t=4178ms iter=15 incumb=25.4209 ratchet=25.4564 best=25.4196 since_improve=11
t=4187ms iter=16 WAIST cost=20.0000 best_alt=18.0000 gap=2.0000 tried=5 sep_labels=18 clique_frac=0.00
t=4301ms iter=16 REBUILD reject new_tc=30.1018 (was 25.4209)
t=4390ms iter=16 incumb=25.4209 ratchet=25.4264 best=25.4196 since_improve=12
t=4400ms iter=17 WAIST cost=20.0000 best_alt=18.0000 gap=2.0000 tried=5 sep_labels=18 clique_frac=0.00
t=4523ms iter=17 REBUILD reject new_tc=28.8289 (was 25.4209)
t=4612ms iter=17 incumb=25.4209 ratchet=25.4316 best=25.4196 since_improve=13
t=4625ms iter=18 WAIST cost=20.0000 best_alt=18.0000 gap=2.0000 tried=5 sep_labels=18 clique_frac=0.00
t=4740ms iter=18 REBUILD reject new_tc=28.3445 (was 25.4209)
t=4929ms iter=18 incumb=25.4209 ratchet=25.4335 best=25.4146 since_improve=14
t=4940ms iter=19 WAIST cost=20.0000 best_alt=16.0000 gap=4.0000 tried=5 sep_labels=16 clique_frac=0.01
t=5053ms iter=19 REBUILD reject new_tc=27.8211 (was 25.4209)
t=5141ms iter=19 incumb=25.4209 ratchet=25.4813 best=25.4146 since_improve=15
t=5149ms iter=20 WAIST cost=20.0000 best_alt=18.0000 gap=2.0000 tried=5 sep_labels=18 clique_frac=0.00
t=5263ms iter=20 REBUILD reject new_tc=27.9579 (was 25.4209)
t=5444ms iter=20 incumb=25.4209 ratchet=25.4125 best=25.4125 since_improve=0
t=5453ms iter=21 WAIST cost=21.0000 best_alt=18.0000 gap=3.0000 tried=5 sep_labels=18 clique_frac=0.01
t=5560ms iter=21 REBUILD reject new_tc=26.2269 (was 25.4125)
t=5733ms iter=21 incumb=25.4125 ratchet=25.4061 best=25.3973 since_improve=0
t=5742ms iter=22 WAIST cost=20.0000 best_alt=18.0000 gap=2.0000 tried=5 sep_labels=18 clique_frac=0.01
t=5861ms iter=22 REBUILD reject new_tc=25.5461 (was 25.4061)
t=5948ms iter=22 incumb=25.4061 ratchet=25.4142 best=25.3973 since_improve=1
t=5959ms iter=23 WAIST cost=20.0000 best_alt=17.0000 gap=3.0000 tried=5 sep_labels=17 clique_frac=0.02
t=6076ms iter=23 REBUILD reject new_tc=34.5237 (was 25.4061)
t=6163ms iter=23 incumb=25.4061 ratchet=25.5447 best=25.3973 since_improve=2
t=6171ms iter=24 WAIST cost=20.0000 best_alt=18.0000 gap=2.0000 tried=5 sep_labels=18 clique_frac=0.01
t=6287ms iter=24 REBUILD reject new_tc=35.6982 (was 25.4061)
t=6373ms iter=24 incumb=25.4061 ratchet=25.4365 best=25.3973 since_improve=3
t=6382ms iter=25 WAIST cost=20.0000 best_alt=16.0000 gap=4.0000 tried=5 sep_labels=16 clique_frac=0.03
t=6493ms iter=25 REBUILD reject new_tc=31.2892 (was 25.4061)
t=6579ms iter=25 incumb=25.4061 ratchet=25.4354 best=25.3973 since_improve=4
t=6590ms iter=26 WAIST cost=20.0000 best_alt=18.0000 gap=2.0000 tried=5 sep_labels=18 clique_frac=0.01
t=6707ms iter=26 REBUILD reject new_tc=26.8846 (was 25.4061)
t=6796ms iter=26 incumb=25.4061 ratchet=25.4278 best=25.3973 since_improve=5
t=6807ms iter=27 WAIST cost=20.0000 best_alt=18.0000 gap=2.0000 tried=5 sep_labels=18 clique_frac=0.01
t=6929ms iter=27 REBUILD reject new_tc=34.4916 (was 25.4061)
t=7016ms iter=27 incumb=25.4061 ratchet=25.4446 best=25.3973 since_improve=6
t=7027ms iter=28 WAIST cost=20.0000 best_alt=18.0000 gap=2.0000 tried=5 sep_labels=18 clique_frac=0.01
t=7145ms iter=28 REBUILD reject new_tc=27.8087 (was 25.4061)
t=7234ms iter=28 incumb=25.4061 ratchet=25.4263 best=25.3973 since_improve=7
t=7246ms iter=29 WAIST cost=20.0000 best_alt=18.0000 gap=2.0000 tried=5 sep_labels=18 clique_frac=0.01
t=7374ms iter=29 REBUILD reject new_tc=33.2792 (was 25.4061)
t=7463ms iter=29 incumb=25.4061 ratchet=25.4340 best=25.3973 since_improve=8
t=7475ms iter=30 WAIST cost=20.0000 best_alt=18.0000 gap=2.0000 tried=5 sep_labels=18 clique_frac=0.01
t=7594ms iter=30 REBUILD reject new_tc=30.0234 (was 25.4061)
t=7681ms iter=30 incumb=25.4061 ratchet=25.4387 best=25.3973 since_improve=9
t=7690ms iter=31 WAIST cost=20.0000 best_alt=18.0000 gap=2.0000 tried=5 sep_labels=18 clique_frac=0.01
t=7809ms iter=31 REBUILD reject new_tc=26.3349 (was 25.4061)
t=7899ms iter=31 incumb=25.4061 ratchet=25.4061 best=25.3973 since_improve=0
t=7909ms iter=32 WAIST cost=21.0000 best_alt=18.0000 gap=3.0000 tried=5 sep_labels=18 clique_frac=0.01
t=8029ms iter=32 REBUILD reject new_tc=33.3105 (was 25.4061)
t=8116ms iter=32 incumb=25.4061 ratchet=25.4550 best=25.3973 since_improve=1
t=8127ms iter=33 WAIST cost=21.0000 best_alt=18.0000 gap=3.0000 tried=5 sep_labels=18 clique_frac=0.01
t=8251ms iter=33 REBUILD reject new_tc=25.7363 (was 25.4061)
t=8341ms iter=33 incumb=25.4061 ratchet=25.4920 best=25.3973 since_improve=2
t=8351ms iter=34 WAIST cost=21.0000 best_alt=18.0000 gap=3.0000 tried=5 sep_labels=18 clique_frac=0.01
t=8474ms iter=34 REBUILD reject new_tc=27.0045 (was 25.4061)
t=8564ms iter=34 incumb=25.4061 ratchet=25.5119 best=25.3973 since_improve=3
t=8574ms iter=35 WAIST cost=21.0000 best_alt=16.0000 gap=5.0000 tried=5 sep_labels=16 clique_frac=0.02
t=8685ms iter=35 REBUILD reject new_tc=26.7108 (was 25.4061)
t=8774ms iter=35 incumb=25.4061 ratchet=25.4265 best=25.3973 since_improve=4
t=8781ms iter=36 WAIST cost=21.0000 best_alt=18.0000 gap=3.0000 tried=5 sep_labels=18 clique_frac=0.01
t=8897ms iter=36 REBUILD reject new_tc=33.1899 (was 25.4061)
t=8984ms iter=36 incumb=25.4061 ratchet=25.4579 best=25.3973 since_improve=5
t=8993ms iter=37 WAIST cost=21.0000 best_alt=18.0000 gap=3.0000 tried=5 sep_labels=18 clique_frac=0.01
t=9113ms iter=37 REBUILD reject new_tc=30.5010 (was 25.4061)
t=9201ms iter=37 incumb=25.4061 ratchet=25.4927 best=25.3973 since_improve=6
t=9209ms iter=38 WAIST cost=21.0000 best_alt=16.0000 gap=5.0000 tried=5 sep_labels=16 clique_frac=0.03
t=9321ms iter=38 REBUILD reject new_tc=25.5677 (was 25.4061)
t=9409ms iter=38 incumb=25.4061 ratchet=25.4501 best=25.3973 since_improve=7
t=9420ms iter=39 WAIST cost=21.0000 best_alt=18.0000 gap=3.0000 tried=5 sep_labels=18 clique_frac=0.01
t=9543ms iter=39 REBUILD reject new_tc=29.9203 (was 25.4061)
t=9632ms iter=39 incumb=25.4061 ratchet=25.4866 best=25.3973 since_improve=8
t=9644ms iter=40 WAIST cost=21.0000 best_alt=18.0000 gap=3.0000 tried=5 sep_labels=18 clique_frac=0.01
t=9774ms iter=40 REBUILD reject new_tc=26.3139 (was 25.4061)
t=9863ms iter=40 incumb=25.4061 ratchet=25.4440 best=25.3973 since_improve=9
t=9874ms iter=41 WAIST cost=21.0000 best_alt=18.0000 gap=3.0000 tried=5 sep_labels=18 clique_frac=0.01
t=9991ms iter=41 REBUILD reject new_tc=29.9859 (was 25.4061)
t=10079ms iter=41 incumb=25.4061 ratchet=25.4574 best=25.3973 since_improve=10
t=10091ms iter=42 WAIST cost=21.0000 best_alt=18.0000 gap=3.0000 tried=5 sep_labels=18 clique_frac=0.01
t=10216ms iter=42 REBUILD reject new_tc=31.0806 (was 25.4061)
t=10305ms iter=42 incumb=25.4061 ratchet=25.4557 best=25.3973 since_improve=11
t=10315ms iter=43 WAIST cost=21.0000 best_alt=18.0000 gap=3.0000 tried=5 sep_labels=18 clique_frac=0.01
t=10453ms iter=43 REBUILD reject new_tc=26.2667 (was 25.4061)
t=10542ms iter=43 incumb=25.4061 ratchet=25.4362 best=25.3973 since_improve=12
t=10552ms iter=44 WAIST cost=21.0000 best_alt=16.0000 gap=5.0000 tried=5 sep_labels=16 clique_frac=0.03
t=10661ms iter=44 REBUILD reject new_tc=38.9236 (was 25.4061)
t=10748ms iter=44 incumb=25.4061 ratchet=25.4143 best=25.3973 since_improve=13
t=10757ms iter=45 WAIST cost=21.0000 best_alt=18.0000 gap=3.0000 tried=5 sep_labels=18 clique_frac=0.01
t=10886ms iter=45 REBUILD reject new_tc=30.0430 (was 25.4061)
t=10973ms iter=45 incumb=25.4061 ratchet=25.4657 best=25.3973 since_improve=14
t=10983ms iter=46 WAIST cost=21.0000 best_alt=18.0000 gap=3.0000 tried=5 sep_labels=18 clique_frac=0.01
t=11100ms iter=46 REBUILD reject new_tc=30.5136 (was 25.4061)
t=11185ms iter=46 incumb=25.4061 ratchet=25.4647 best=25.3973 since_improve=15
t=11196ms iter=47 WAIST cost=21.0000 best_alt=18.0000 gap=3.0000 tried=5 sep_labels=18 clique_frac=0.01
t=11313ms iter=47 REBUILD reject new_tc=25.7947 (was 25.4061)
t=11400ms iter=47 incumb=25.4061 ratchet=25.4244 best=25.3973 since_improve=16
t=11411ms iter=48 WAIST cost=21.0000 best_alt=18.0000 gap=3.0000 tried=5 sep_labels=18 clique_frac=0.01
t=11529ms iter=48 REBUILD reject new_tc=30.5135 (was 25.4061)
t=11616ms iter=48 incumb=25.4061 ratchet=25.4599 best=25.3973 since_improve=17
t=11625ms iter=49 WAIST cost=21.0000 best_alt=18.0000 gap=3.0000 tried=5 sep_labels=18 clique_frac=0.01
t=11744ms iter=49 REBUILD reject new_tc=33.7514 (was 25.4061)
t=11832ms iter=49 incumb=25.4061 ratchet=25.4095 best=25.3973 since_improve=18
t=11843ms iter=50 WAIST cost=21.0000 best_alt=18.0000 gap=3.0000 tried=5 sep_labels=18 clique_frac=0.01
t=11973ms iter=50 REBUILD reject new_tc=34.4483 (was 25.4061)
t=12062ms iter=50 incumb=25.4061 ratchet=25.4344 best=25.3973 since_improve=19
t=12074ms iter=51 WAIST cost=21.0000 best_alt=16.0000 gap=5.0000 tried=5 sep_labels=16 clique_frac=0.03
t=12188ms iter=51 REBUILD reject new_tc=29.6152 (was 25.4061)
t=12276ms iter=51 incumb=25.4061 ratchet=25.4803 best=25.3973 since_improve=20
t=12287ms iter=52 WAIST cost=21.0000 best_alt=18.0000 gap=3.0000 tried=5 sep_labels=18 clique_frac=0.01
t=12407ms iter=52 REBUILD reject new_tc=33.0117 (was 25.4061)
t=12496ms iter=52 incumb=25.4061 ratchet=25.5324 best=25.3973 since_improve=21
t=12507ms iter=53 WAIST cost=21.0000 best_alt=18.0000 gap=3.0000 tried=5 sep_labels=18 clique_frac=0.01
t=12618ms iter=53 REBUILD reject new_tc=28.0670 (was 25.4061)
t=12706ms iter=53 incumb=25.4061 ratchet=25.4174 best=25.3973 since_improve=22
t=12714ms iter=54 WAIST cost=21.0000 best_alt=18.0000 gap=3.0000 tried=5 sep_labels=18 clique_frac=0.01
t=12841ms iter=54 REBUILD reject new_tc=31.0161 (was 25.4061)
t=12929ms iter=54 incumb=25.4061 ratchet=25.5172 best=25.3973 since_improve=23
t=12940ms iter=55 WAIST cost=21.0000 best_alt=18.0000 gap=3.0000 tried=5 sep_labels=18 clique_frac=0.01
t=13067ms iter=55 REBUILD reject new_tc=31.8926 (was 25.4061)
t=13151ms iter=55 incumb=25.4061 ratchet=25.4068 best=25.3973 since_improve=24
t=13163ms iter=56 WAIST cost=21.0000 best_alt=18.0000 gap=3.0000 tried=5 sep_labels=18 clique_frac=0.01
t=13281ms iter=56 REBUILD reject new_tc=30.1176 (was 25.4061)
t=13370ms iter=56 incumb=25.4061 ratchet=25.4746 best=25.3973 since_improve=25
t=13379ms iter=57 WAIST cost=21.0000 best_alt=18.0000 gap=3.0000 tried=5 sep_labels=18 clique_frac=0.01
t=13501ms iter=57 REBUILD reject new_tc=30.2875 (was 25.4061)
t=13590ms iter=57 incumb=25.4061 ratchet=25.4576 best=25.3973 since_improve=26
t=13600ms iter=58 WAIST cost=21.0000 best_alt=18.0000 gap=3.0000 tried=5 sep_labels=18 clique_frac=0.01
t=13736ms iter=58 REBUILD reject new_tc=30.7328 (was 25.4061)
t=13827ms iter=58 incumb=25.4061 ratchet=25.4744 best=25.3973 since_improve=27
t=13836ms iter=59 WAIST cost=21.0000 best_alt=18.0000 gap=3.0000 tried=5 sep_labels=18 clique_frac=0.01
t=13964ms iter=59 REBUILD reject new_tc=30.9342 (was 25.4061)
t=14050ms iter=59 incumb=25.4061 ratchet=25.4178 best=25.3973 since_improve=28
t=14060ms iter=60 WAIST cost=21.0000 best_alt=18.0000 gap=3.0000 tried=5 sep_labels=18 clique_frac=0.01
t=14175ms iter=60 REBUILD reject new_tc=33.9726 (was 25.4061)
t=14263ms iter=60 incumb=25.4061 ratchet=25.4502 best=25.3973 since_improve=29
t=14273ms iter=61 WAIST cost=21.0000 best_alt=18.0000 gap=3.0000 tried=5 sep_labels=18 clique_frac=0.01
t=14388ms iter=61 REBUILD reject new_tc=32.1356 (was 25.4061)
t=14475ms iter=61 incumb=25.4061 ratchet=25.4152 best=25.3973 since_improve=30
t=14484ms iter=62 WAIST cost=21.0000 best_alt=18.0000 gap=3.0000 tried=5 sep_labels=18 clique_frac=0.01
t=14598ms iter=62 REBUILD reject new_tc=29.9468 (was 25.4061)
t=14687ms iter=62 incumb=25.4061 ratchet=25.4321 best=25.3973 since_improve=31
t=14696ms iter=63 WAIST cost=21.0000 best_alt=18.0000 gap=3.0000 tried=5 sep_labels=18 clique_frac=0.01
t=14813ms iter=63 REBUILD reject new_tc=31.3510 (was 25.4061)
t=14900ms iter=63 incumb=25.4061 ratchet=25.4166 best=25.3973 since_improve=32
t=14910ms iter=64 WAIST cost=21.0000 best_alt=18.0000 gap=3.0000 tried=5 sep_labels=18 clique_frac=0.01
t=15030ms iter=64 REBUILD reject new_tc=33.7942 (was 25.4061)
t=15121ms iter=64 incumb=25.4061 ratchet=25.4172 best=25.3973 since_improve=33
t=15132ms iter=65 WAIST cost=21.0000 best_alt=18.0000 gap=3.0000 tried=5 sep_labels=18 clique_frac=0.01
t=15251ms iter=65 REBUILD reject new_tc=32.2756 (was 25.4061)
t=15337ms iter=65 incumb=25.4061 ratchet=25.4534 best=25.3973 since_improve=34
t=15349ms iter=66 WAIST cost=21.0000 best_alt=18.0000 gap=3.0000 tried=5 sep_labels=18 clique_frac=0.01
t=15483ms iter=66 REBUILD reject new_tc=25.5879 (was 25.4061)
t=15570ms iter=66 incumb=25.4061 ratchet=25.4915 best=25.3973 since_improve=35
t=15581ms iter=67 WAIST cost=21.0000 best_alt=16.0000 gap=5.0000 tried=5 sep_labels=16 clique_frac=0.02
t=15691ms iter=67 REBUILD reject new_tc=25.7908 (was 25.4061)
t=15780ms iter=67 incumb=25.4061 ratchet=25.5081 best=25.3973 since_improve=36
t=15792ms iter=68 WAIST cost=21.0000 best_alt=18.0000 gap=3.0000 tried=5 sep_labels=18 clique_frac=0.01
t=15909ms iter=68 REBUILD reject new_tc=26.0659 (was 25.4061)
t=15996ms iter=68 incumb=25.4061 ratchet=25.4625 best=25.3973 since_improve=37
t=16006ms iter=69 WAIST cost=21.0000 best_alt=18.0000 gap=3.0000 tried=5 sep_labels=18 clique_frac=0.01
t=16135ms iter=69 REBUILD reject new_tc=32.8862 (was 25.4061)
t=16224ms iter=69 incumb=25.4061 ratchet=25.4947 best=25.3973 since_improve=38
t=16234ms iter=70 WAIST cost=21.0000 best_alt=18.0000 gap=3.0000 tried=5 sep_labels=18 clique_frac=0.01
t=16354ms iter=70 REBUILD reject new_tc=25.7721 (was 25.4061)
t=16444ms iter=70 incumb=25.4061 ratchet=25.4487 best=25.3973 since_improve=39
t=16452ms iter=71 WAIST cost=21.0000 best_alt=18.0000 gap=3.0000 tried=5 sep_labels=18 clique_frac=0.01
t=16566ms iter=71 REBUILD reject new_tc=31.4763 (was 25.4061)
t=16652ms iter=71 incumb=25.4061 ratchet=25.4483 best=25.3973 since_improve=40
t=16662ms iter=72 WAIST cost=21.0000 best_alt=18.0000 gap=3.0000 tried=5 sep_labels=18 clique_frac=0.01
t=16781ms iter=72 REBUILD reject new_tc=25.6744 (was 25.4061)
t=16871ms iter=72 incumb=25.4061 ratchet=25.5006 best=25.3973 since_improve=41
t=16883ms iter=73 WAIST cost=21.0000 best_alt=18.0000 gap=3.0000 tried=5 sep_labels=18 clique_frac=0.01
t=17006ms iter=73 REBUILD reject new_tc=30.0071 (was 25.4061)
t=17093ms iter=73 incumb=25.4061 ratchet=25.4601 best=25.3973 since_improve=42
t=17105ms iter=74 WAIST cost=21.0000 best_alt=18.0000 gap=3.0000 tried=5 sep_labels=18 clique_frac=0.01
t=17230ms iter=74 REBUILD reject new_tc=29.3114 (was 25.4061)
t=17315ms iter=74 incumb=25.4061 ratchet=25.4383 best=25.3973 since_improve=43
t=17324ms iter=75 WAIST cost=21.0000 best_alt=18.0000 gap=3.0000 tried=5 sep_labels=18 clique_frac=0.01
t=17442ms iter=75 REBUILD reject new_tc=26.7324 (was 25.4061)
t=17531ms iter=75 incumb=25.4061 ratchet=25.4271 best=25.3973 since_improve=44
t=17540ms iter=76 WAIST cost=21.0000 best_alt=18.0000 gap=3.0000 tried=5 sep_labels=18 clique_frac=0.01
t=17653ms iter=76 REBUILD reject new_tc=27.8755 (was 25.4061)
t=17740ms iter=76 incumb=25.4061 ratchet=25.4607 best=25.3973 since_improve=45
t=17750ms iter=77 WAIST cost=21.0000 best_alt=18.0000 gap=3.0000 tried=5 sep_labels=18 clique_frac=0.01
t=17891ms iter=77 REBUILD reject new_tc=25.7208 (was 25.4061)
t=17981ms iter=77 incumb=25.4061 ratchet=25.4401 best=25.3973 since_improve=46
t=17992ms iter=78 WAIST cost=21.0000 best_alt=18.0000 gap=3.0000 tried=5 sep_labels=18 clique_frac=0.01
t=18108ms iter=78 REBUILD reject new_tc=33.1197 (was 25.4061)
t=18193ms iter=78 incumb=25.4061 ratchet=25.4425 best=25.3973 since_improve=47
t=18203ms iter=79 WAIST cost=21.0000 best_alt=18.0000 gap=3.0000 tried=5 sep_labels=18 clique_frac=0.01
t=18326ms iter=79 REBUILD reject new_tc=30.4972 (was 25.4061)
t=18412ms iter=79 incumb=25.4061 ratchet=25.4375 best=25.3973 since_improve=48
t=18423ms iter=80 WAIST cost=21.0000 best_alt=18.0000 gap=3.0000 tried=5 sep_labels=18 clique_frac=0.01
t=18539ms iter=80 REBUILD reject new_tc=30.5297 (was 25.4061)
t=18627ms iter=80 incumb=25.4061 ratchet=25.4161 best=25.3973 since_improve=49
t=18640ms iter=81 WAIST cost=21.0000 best_alt=18.0000 gap=3.0000 tried=5 sep_labels=18 clique_frac=0.01
t=18766ms iter=81 REBUILD reject new_tc=30.7813 (was 25.4061)
t=18854ms iter=81 incumb=25.4061 ratchet=25.4554 best=25.3973 since_improve=50
t=18863ms iter=82 WAIST cost=21.0000 best_alt=18.0000 gap=3.0000 tried=5 sep_labels=18 clique_frac=0.01
t=18983ms iter=82 REBUILD reject new_tc=27.3712 (was 25.4061)
t=19071ms iter=82 incumb=25.4061 ratchet=25.4335 best=25.3973 since_improve=51
t=19083ms iter=83 WAIST cost=21.0000 best_alt=18.0000 gap=3.0000 tried=5 sep_labels=18 clique_frac=0.01
t=19202ms iter=83 REBUILD reject new_tc=30.1428 (was 25.4061)
t=19291ms iter=83 incumb=25.4061 ratchet=25.4298 best=25.3973 since_improve=52
t=19302ms iter=84 WAIST cost=21.0000 best_alt=18.0000 gap=3.0000 tried=5 sep_labels=18 clique_frac=0.01
t=19430ms iter=84 REBUILD reject new_tc=32.8165 (was 25.4061)
t=19517ms iter=84 incumb=25.4061 ratchet=25.4429 best=25.3973 since_improve=53
t=19528ms iter=85 WAIST cost=21.0000 best_alt=18.0000 gap=3.0000 tried=5 sep_labels=18 clique_frac=0.01
t=19652ms iter=85 REBUILD reject new_tc=30.0192 (was 25.4061)
t=19836ms iter=85 incumb=25.4061 ratchet=25.4455 best=25.3950 since_improve=54
t=19847ms iter=86 WAIST cost=21.0000 best_alt=18.0000 gap=3.0000 tried=5 sep_labels=18 clique_frac=0.01
t=19962ms iter=86 REBUILD reject new_tc=34.6677 (was 25.4061)
t=20050ms iter=86 incumb=25.4061 ratchet=25.4669 best=25.3950 since_improve=55
t=20060ms iter=87 WAIST cost=21.0000 best_alt=18.0000 gap=3.0000 tried=5 sep_labels=18 clique_frac=0.01
t=20182ms iter=87 REBUILD reject new_tc=26.2104 (was 25.4061)
t=20271ms iter=87 incumb=25.4061 ratchet=25.4712 best=25.3950 since_improve=56
t=20282ms iter=88 WAIST cost=21.0000 best_alt=18.0000 gap=3.0000 tried=5 sep_labels=18 clique_frac=0.01
t=20406ms iter=88 REBUILD reject new_tc=25.9783 (was 25.4061)
t=20494ms iter=88 incumb=25.4061 ratchet=25.4600 best=25.3950 since_improve=57
t=20505ms iter=89 WAIST cost=21.0000 best_alt=16.0000 gap=5.0000 tried=5 sep_labels=16 clique_frac=0.03
t=20620ms iter=89 REBUILD reject new_tc=27.6489 (was 25.4061)
t=20709ms iter=89 incumb=25.4061 ratchet=25.4352 best=25.3950 since_improve=58
t=20720ms iter=90 WAIST cost=21.0000 best_alt=18.0000 gap=3.0000 tried=5 sep_labels=18 clique_frac=0.01
t=20843ms iter=90 REBUILD reject new_tc=25.7172 (was 25.4061)
t=20930ms iter=90 incumb=25.4061 ratchet=25.4400 best=25.3950 since_improve=59
t=20938ms iter=91 WAIST cost=21.0000 best_alt=18.0000 gap=3.0000 tried=5 sep_labels=18 clique_frac=0.01
t=21056ms iter=91 REBUILD reject new_tc=25.7438 (was 25.4061)
t=21145ms iter=91 incumb=25.4061 ratchet=25.4766 best=25.3950 since_improve=60
t=21158ms iter=92 WAIST cost=21.0000 best_alt=18.0000 gap=3.0000 tried=5 sep_labels=18 clique_frac=0.01
t=21273ms iter=92 REBUILD reject new_tc=34.5124 (was 25.4061)
t=21359ms iter=92 incumb=25.4061 ratchet=25.4862 best=25.3950 since_improve=61
t=21370ms iter=93 WAIST cost=21.0000 best_alt=18.0000 gap=3.0000 tried=5 sep_labels=18 clique_frac=0.01
t=21476ms iter=93 REBUILD reject new_tc=25.5018 (was 25.4061)
t=21565ms iter=93 incumb=25.4061 ratchet=25.5118 best=25.3950 since_improve=62
t=21576ms iter=94 WAIST cost=21.0000 best_alt=18.0000 gap=3.0000 tried=5 sep_labels=18 clique_frac=0.01
t=21699ms iter=94 REBUILD reject new_tc=32.3341 (was 25.4061)
t=21793ms iter=94 incumb=25.4061 ratchet=25.5040 best=25.3950 since_improve=63
t=21804ms iter=95 WAIST cost=21.0000 best_alt=18.0000 gap=3.0000 tried=5 sep_labels=18 clique_frac=0.01
t=21924ms iter=95 REBUILD reject new_tc=33.2299 (was 25.4061)
t=22007ms iter=95 incumb=25.4061 ratchet=25.4470 best=25.3950 since_improve=64
t=22014ms iter=96 WAIST cost=21.0000 best_alt=18.0000 gap=3.0000 tried=5 sep_labels=18 clique_frac=0.01
t=22146ms iter=96 REBUILD reject new_tc=33.8583 (was 25.4061)
t=22233ms iter=96 incumb=25.4061 ratchet=25.4696 best=25.3950 since_improve=65
t=22244ms iter=97 WAIST cost=21.0000 best_alt=18.0000 gap=3.0000 tried=5 sep_labels=18 clique_frac=0.01
t=22358ms iter=97 REBUILD reject new_tc=33.0755 (was 25.4061)
t=22444ms iter=97 incumb=25.4061 ratchet=25.4965 best=25.3950 since_improve=66
t=22455ms iter=98 WAIST cost=21.0000 best_alt=16.0000 gap=5.0000 tried=5 sep_labels=16 clique_frac=0.02
t=22569ms iter=98 REBUILD reject new_tc=27.8521 (was 25.4061)
t=22653ms iter=98 incumb=25.4061 ratchet=25.4842 best=25.3950 since_improve=67
t=22663ms iter=99 WAIST cost=21.0000 best_alt=18.0000 gap=3.0000 tried=5 sep_labels=18 clique_frac=0.01
t=22775ms iter=99 REBUILD reject new_tc=32.0778 (was 25.4061)
t=22864ms iter=99 incumb=25.4061 ratchet=25.4305 best=25.3950 since_improve=68
t=22874ms iter=100 WAIST cost=21.0000 best_alt=18.0000 gap=3.0000 tried=5 sep_labels=18 clique_frac=0.01
t=22984ms iter=100 REBUILD reject new_tc=29.8916 (was 25.4061)
t=23069ms iter=100 incumb=25.4061 ratchet=25.4557 best=25.3950 since_improve=69
t=23077ms iter=101 WAIST cost=21.0000 best_alt=18.0000 gap=3.0000 tried=5 sep_labels=18 clique_frac=0.01
t=23192ms iter=101 REBUILD reject new_tc=25.6030 (was 25.4061)
t=23280ms iter=101 incumb=25.4061 ratchet=25.4386 best=25.3950 since_improve=70
t=23291ms iter=102 WAIST cost=21.0000 best_alt=18.0000 gap=3.0000 tried=5 sep_labels=18 clique_frac=0.01
t=23410ms iter=102 REBUILD reject new_tc=32.4321 (was 25.4061)
t=23497ms iter=102 incumb=25.4061 ratchet=25.4890 best=25.3950 since_improve=71
t=23506ms iter=103 WAIST cost=21.0000 best_alt=16.0000 gap=5.0000 tried=5 sep_labels=16 clique_frac=0.03
t=23620ms iter=103 REBUILD reject new_tc=33.0987 (was 25.4061)
t=23707ms iter=103 incumb=25.4061 ratchet=25.4162 best=25.3950 since_improve=72
t=23717ms iter=104 WAIST cost=21.0000 best_alt=18.0000 gap=3.0000 tried=5 sep_labels=18 clique_frac=0.01
t=23836ms iter=104 REBUILD reject new_tc=31.1403 (was 25.4061)
t=23925ms iter=104 incumb=25.4061 ratchet=25.4057 best=25.3950 since_improve=0
t=23936ms iter=105 WAIST cost=20.0000 best_alt=18.0000 gap=2.0000 tried=5 sep_labels=18 clique_frac=0.01
t=24051ms iter=105 REBUILD reject new_tc=28.2350 (was 25.4057)
t=24134ms iter=105 incumb=25.4057 ratchet=25.5107 best=25.3950 since_improve=1
t=24143ms iter=106 WAIST cost=20.0000 best_alt=18.0000 gap=2.0000 tried=5 sep_labels=18 clique_frac=0.01
t=24258ms iter=106 REBUILD reject new_tc=37.3709 (was 25.4057)
t=24341ms iter=106 incumb=25.4057 ratchet=25.4223 best=25.3950 since_improve=2
t=24352ms iter=107 WAIST cost=20.0000 best_alt=18.0000 gap=2.0000 tried=5 sep_labels=18 clique_frac=0.01
t=24468ms iter=107 REBUILD reject new_tc=32.8323 (was 25.4057)
t=24556ms iter=107 incumb=25.4057 ratchet=25.4314 best=25.3950 since_improve=3
t=24567ms iter=108 WAIST cost=20.0000 best_alt=18.0000 gap=2.0000 tried=5 sep_labels=18 clique_frac=0.01
t=24682ms iter=108 REBUILD reject new_tc=28.0496 (was 25.4057)
t=24768ms iter=108 incumb=25.4057 ratchet=25.4702 best=25.3950 since_improve=4
t=24780ms iter=109 WAIST cost=20.0000 best_alt=18.0000 gap=2.0000 tried=5 sep_labels=18 clique_frac=0.01
t=24898ms iter=109 REBUILD reject new_tc=33.5004 (was 25.4057)
t=24986ms iter=109 incumb=25.4057 ratchet=25.5136 best=25.3950 since_improve=5
t=24996ms iter=110 WAIST cost=20.0000 best_alt=18.0000 gap=2.0000 tried=5 sep_labels=18 clique_frac=0.01
t=25112ms iter=110 REBUILD reject new_tc=31.0646 (was 25.4057)
t=25201ms iter=110 incumb=25.4057 ratchet=25.4399 best=25.3950 since_improve=6
t=25213ms iter=111 WAIST cost=20.0000 best_alt=18.0000 gap=2.0000 tried=5 sep_labels=18 clique_frac=0.01
t=25339ms iter=111 REBUILD reject new_tc=26.1126 (was 25.4057)
t=25426ms iter=111 incumb=25.4057 ratchet=25.5470 best=25.3950 since_improve=7
t=25436ms iter=112 WAIST cost=20.0000 best_alt=18.0000 gap=2.0000 tried=5 sep_labels=18 clique_frac=0.01
t=25551ms iter=112 REBUILD reject new_tc=30.1127 (was 25.4057)
t=25637ms iter=112 incumb=25.4057 ratchet=25.4947 best=25.3950 since_improve=8
t=25644ms iter=113 WAIST cost=20.0000 best_alt=16.0000 gap=4.0000 tried=5 sep_labels=16 clique_frac=0.03
t=25777ms iter=113 REBUILD reject new_tc=25.7867 (was 25.4057)
t=25864ms iter=113 incumb=25.4057 ratchet=25.4692 best=25.3950 since_improve=9
t=25876ms iter=114 WAIST cost=20.0000 best_alt=18.0000 gap=2.0000 tried=5 sep_labels=18 clique_frac=0.01
t=25992ms iter=114 REBUILD reject new_tc=27.8607 (was 25.4057)
t=26076ms iter=114 incumb=25.4057 ratchet=25.4432 best=25.3950 since_improve=10
t=26087ms iter=115 WAIST cost=20.0000 best_alt=16.0000 gap=4.0000 tried=5 sep_labels=16 clique_frac=0.01
t=26196ms iter=115 REBUILD reject new_tc=30.9943 (was 25.4057)
t=26282ms iter=115 incumb=25.4057 ratchet=25.4118 best=25.3950 since_improve=11
t=26290ms iter=116 WAIST cost=20.0000 best_alt=18.0000 gap=2.0000 tried=5 sep_labels=18 clique_frac=0.01
t=26411ms iter=116 REBUILD reject new_tc=25.9928 (was 25.4057)
t=26498ms iter=116 incumb=25.4057 ratchet=25.4248 best=25.3950 since_improve=12
t=26511ms iter=117 WAIST cost=20.0000 best_alt=18.0000 gap=2.0000 tried=5 sep_labels=18 clique_frac=0.01
t=26634ms iter=117 REBUILD reject new_tc=27.3319 (was 25.4057)
t=26720ms iter=117 incumb=25.4057 ratchet=25.4900 best=25.3950 since_improve=13
t=26728ms iter=118 WAIST cost=20.0000 best_alt=18.0000 gap=2.0000 tried=5 sep_labels=18 clique_frac=0.01
t=26841ms iter=118 REBUILD reject new_tc=34.8511 (was 25.4057)
t=26920ms iter=118 incumb=25.4057 ratchet=25.4289 best=25.3950 since_improve=14
t=26931ms iter=119 WAIST cost=20.0000 best_alt=18.0000 gap=2.0000 tried=5 sep_labels=18 clique_frac=0.01
t=27050ms iter=119 REBUILD reject new_tc=30.8184 (was 25.4057)
t=27137ms iter=119 incumb=25.4057 ratchet=25.4582 best=25.3950 since_improve=15
t=27147ms iter=120 WAIST cost=20.0000 best_alt=18.0000 gap=2.0000 tried=5 sep_labels=18 clique_frac=0.01
t=27268ms iter=120 REBUILD reject new_tc=33.1516 (was 25.4057)
t=27356ms iter=120 incumb=25.4057 ratchet=25.4532 best=25.3950 since_improve=16
t=27365ms iter=121 WAIST cost=20.0000 best_alt=18.0000 gap=2.0000 tried=5 sep_labels=18 clique_frac=0.01
t=27487ms iter=121 REBUILD reject new_tc=26.2127 (was 25.4057)
t=27573ms iter=121 incumb=25.4057 ratchet=25.4233 best=25.3950 since_improve=17
t=27583ms iter=122 WAIST cost=20.0000 best_alt=15.0000 gap=5.0000 tried=5 sep_labels=15 clique_frac=0.01
t=27696ms iter=122 REBUILD reject new_tc=25.9895 (was 25.4057)
t=27783ms iter=122 incumb=25.4057 ratchet=25.4219 best=25.3950 since_improve=18
t=27793ms iter=123 WAIST cost=20.0000 best_alt=16.0000 gap=4.0000 tried=5 sep_labels=16 clique_frac=0.01
t=27910ms iter=123 REBUILD reject new_tc=30.0277 (was 25.4057)
t=27994ms iter=123 incumb=25.4057 ratchet=25.4465 best=25.3950 since_improve=19
t=28003ms iter=124 WAIST cost=20.0000 best_alt=18.0000 gap=2.0000 tried=5 sep_labels=18 clique_frac=0.01
t=28115ms iter=124 REBUILD reject new_tc=28.3578 (was 25.4057)
t=28200ms iter=124 incumb=25.4057 ratchet=25.4606 best=25.3950 since_improve=20
t=28208ms iter=125 WAIST cost=20.0000 best_alt=18.0000 gap=2.0000 tried=5 sep_labels=18 clique_frac=0.01
t=28325ms iter=125 REBUILD reject new_tc=27.0796 (was 25.4057)
t=28411ms iter=125 incumb=25.4057 ratchet=25.4633 best=25.3950 since_improve=21
t=28420ms iter=126 WAIST cost=20.0000 best_alt=18.0000 gap=2.0000 tried=5 sep_labels=18 clique_frac=0.01
t=28539ms iter=126 REBUILD reject new_tc=29.1988 (was 25.4057)
t=28625ms iter=126 incumb=25.4057 ratchet=25.4364 best=25.3950 since_improve=22
t=28636ms iter=127 WAIST cost=20.0000 best_alt=15.0000 gap=5.0000 tried=5 sep_labels=15 clique_frac=0.02
t=28745ms iter=127 REBUILD reject new_tc=41.7351 (was 25.4057)
t=28833ms iter=127 incumb=25.4057 ratchet=25.4399 best=25.3950 since_improve=23
t=28844ms iter=128 WAIST cost=20.0000 best_alt=18.0000 gap=2.0000 tried=5 sep_labels=18 clique_frac=0.01
t=28960ms iter=128 REBUILD reject new_tc=25.6165 (was 25.4057)
t=29045ms iter=128 incumb=25.4057 ratchet=25.4111 best=25.3950 since_improve=24
t=29054ms iter=129 WAIST cost=20.0000 best_alt=18.0000 gap=2.0000 tried=5 sep_labels=18 clique_frac=0.01
t=29169ms iter=129 REBUILD reject new_tc=30.8444 (was 25.4057)
t=29257ms iter=129 incumb=25.4057 ratchet=25.4767 best=25.3950 since_improve=25
t=29268ms iter=130 WAIST cost=20.0000 best_alt=18.0000 gap=2.0000 tried=5 sep_labels=18 clique_frac=0.01
t=29390ms iter=130 REBUILD reject new_tc=30.0885 (was 25.4057)
t=29478ms iter=130 incumb=25.4057 ratchet=25.4591 best=25.3950 since_improve=26
t=29487ms iter=131 WAIST cost=20.0000 best_alt=18.0000 gap=2.0000 tried=5 sep_labels=18 clique_frac=0.01
t=29610ms iter=131 REBUILD reject new_tc=31.2669 (was 25.4057)
t=29697ms iter=131 incumb=25.4057 ratchet=25.5145 best=25.3950 since_improve=27
t=29709ms iter=132 WAIST cost=20.0000 best_alt=18.0000 gap=2.0000 tried=5 sep_labels=18 clique_frac=0.01
t=29827ms iter=132 REBUILD reject new_tc=33.6197 (was 25.4057)
t=29912ms iter=132 incumb=25.4057 ratchet=25.4135 best=25.3950 since_improve=28
t=29923ms iter=133 WAIST cost=20.0000 best_alt=18.0000 gap=2.0000 tried=5 sep_labels=18 clique_frac=0.01
t=30036ms iter=133 REBUILD reject new_tc=32.6767 (was 25.4057)
t=30121ms iter=133 incumb=25.4057 ratchet=25.4524 best=25.3950 since_improve=29
t=30131ms iter=134 WAIST cost=20.0000 best_alt=18.0000 gap=2.0000 tried=5 sep_labels=18 clique_frac=0.01
t=30253ms iter=134 REBUILD reject new_tc=31.4589 (was 25.4057)
t=30336ms iter=134 incumb=25.4057 ratchet=25.4114 best=25.3950 since_improve=30
t=30346ms iter=135 WAIST cost=20.0000 best_alt=18.0000 gap=2.0000 tried=5 sep_labels=18 clique_frac=0.01
t=30462ms iter=135 REBUILD reject new_tc=32.1974 (was 25.4057)
t=30550ms iter=135 incumb=25.4057 ratchet=25.4829 best=25.3950 since_improve=31
t=30556ms iter=136 WAIST cost=20.0000 best_alt=18.0000 gap=2.0000 tried=5 sep_labels=18 clique_frac=0.01
t=30673ms iter=136 REBUILD reject new_tc=32.0370 (was 25.4057)
t=30761ms iter=136 incumb=25.4057 ratchet=25.4628 best=25.3950 since_improve=32
t=30771ms iter=137 WAIST cost=20.0000 best_alt=18.0000 gap=2.0000 tried=5 sep_labels=18 clique_frac=0.01
t=30886ms iter=137 REBUILD reject new_tc=25.6772 (was 25.4057)
t=30974ms iter=137 incumb=25.4057 ratchet=25.4575 best=25.3950 since_improve=33
t=30983ms iter=138 WAIST cost=20.0000 best_alt=18.0000 gap=2.0000 tried=5 sep_labels=18 clique_frac=0.01
t=31105ms iter=138 REBUILD reject new_tc=30.9904 (was 25.4057)
t=31192ms iter=138 incumb=25.4057 ratchet=25.4685 best=25.3950 since_improve=34
t=31198ms iter=139 WAIST cost=20.0000 best_alt=18.0000 gap=2.0000 tried=5 sep_labels=18 clique_frac=0.01
t=31316ms iter=139 REBUILD reject new_tc=36.9556 (was 25.4057)
t=31404ms iter=139 incumb=25.4057 ratchet=25.4537 best=25.3950 since_improve=35
t=31414ms iter=140 WAIST cost=20.0000 best_alt=18.0000 gap=2.0000 tried=5 sep_labels=18 clique_frac=0.01
t=31545ms iter=140 REBUILD reject new_tc=26.0407 (was 25.4057)
t=31631ms iter=140 incumb=25.4057 ratchet=25.4222 best=25.3950 since_improve=36
t=31642ms iter=141 WAIST cost=20.0000 best_alt=18.0000 gap=2.0000 tried=5 sep_labels=18 clique_frac=0.01
t=31756ms iter=141 REBUILD reject new_tc=28.1040 (was 25.4057)
t=31844ms iter=141 incumb=25.4057 ratchet=25.5162 best=25.3950 since_improve=37
t=31854ms iter=142 WAIST cost=20.0000 best_alt=18.0000 gap=2.0000 tried=5 sep_labels=18 clique_frac=0.01
t=31973ms iter=142 REBUILD reject new_tc=26.5586 (was 25.4057)
t=32060ms iter=142 incumb=25.4057 ratchet=25.4497 best=25.3950 since_improve=38
t=32069ms iter=143 WAIST cost=20.0000 best_alt=18.0000 gap=2.0000 tried=5 sep_labels=18 clique_frac=0.01
t=32222ms iter=143 REBUILD reject new_tc=31.9679 (was 25.4057)
t=32315ms iter=143 incumb=25.4057 ratchet=25.4070 best=25.3950 since_improve=39
t=32324ms iter=144 WAIST cost=20.0000 best_alt=18.0000 gap=2.0000 tried=5 sep_labels=18 clique_frac=0.01
t=32442ms iter=144 REBUILD reject new_tc=30.3155 (was 25.4057)
t=32529ms iter=144 incumb=25.4057 ratchet=25.4398 best=25.3950 since_improve=40
t=32538ms iter=145 WAIST cost=20.0000 best_alt=18.0000 gap=2.0000 tried=5 sep_labels=18 clique_frac=0.01
t=32660ms iter=145 REBUILD reject new_tc=26.2671 (was 25.4057)
t=32747ms iter=145 incumb=25.4057 ratchet=25.4798 best=25.3950 since_improve=41
t=32758ms iter=146 WAIST cost=20.0000 best_alt=18.0000 gap=2.0000 tried=5 sep_labels=18 clique_frac=0.01
t=32931ms iter=146 REBUILD reject new_tc=26.1561 (was 25.4057)
t=33018ms iter=146 incumb=25.4057 ratchet=25.4146 best=25.3950 since_improve=42
t=33028ms iter=147 WAIST cost=20.0000 best_alt=18.0000 gap=2.0000 tried=5 sep_labels=18 clique_frac=0.01
t=33146ms iter=147 REBUILD reject new_tc=28.2435 (was 25.4057)
t=33231ms iter=147 incumb=25.4057 ratchet=25.5455 best=25.3950 since_improve=43
t=33240ms iter=148 WAIST cost=20.0000 best_alt=15.0000 gap=5.0000 tried=5 sep_labels=15 clique_frac=0.01
t=33356ms iter=148 REBUILD reject new_tc=34.1457 (was 25.4057)
t=33441ms iter=148 incumb=25.4057 ratchet=25.5719 best=25.3950 since_improve=44
t=33451ms iter=149 WAIST cost=20.0000 best_alt=18.0000 gap=2.0000 tried=5 sep_labels=18 clique_frac=0.01
t=33567ms iter=149 REBUILD reject new_tc=30.1700 (was 25.4057)
t=33653ms iter=149 incumb=25.4057 ratchet=25.5000 best=25.3950 since_improve=45
t=33664ms iter=150 WAIST cost=20.0000 best_alt=18.0000 gap=2.0000 tried=5 sep_labels=18 clique_frac=0.01
t=33780ms iter=150 REBUILD reject new_tc=34.0652 (was 25.4057)
t=33868ms iter=150 incumb=25.4057 ratchet=25.4846 best=25.3950 since_improve=46
t=33877ms iter=151 WAIST cost=20.0000 best_alt=18.0000 gap=2.0000 tried=5 sep_labels=18 clique_frac=0.01
t=34004ms iter=151 REBUILD reject new_tc=28.1426 (was 25.4057)
t=34091ms iter=151 incumb=25.4057 ratchet=25.4702 best=25.3950 since_improve=47
t=34101ms iter=152 WAIST cost=20.0000 best_alt=15.0000 gap=5.0000 tried=5 sep_labels=15 clique_frac=0.01
t=34220ms iter=152 REBUILD reject new_tc=25.7373 (was 25.4057)
t=34305ms iter=152 incumb=25.4057 ratchet=25.4743 best=25.3950 since_improve=48
t=34316ms iter=153 WAIST cost=20.0000 best_alt=18.0000 gap=2.0000 tried=5 sep_labels=18 clique_frac=0.01
t=34436ms iter=153 REBUILD reject new_tc=27.9951 (was 25.4057)
t=34523ms iter=153 incumb=25.4057 ratchet=25.4825 best=25.3950 since_improve=49
t=34533ms iter=154 WAIST cost=20.0000 best_alt=18.0000 gap=2.0000 tried=5 sep_labels=18 clique_frac=0.01
t=34648ms iter=154 REBUILD reject new_tc=28.3421 (was 25.4057)
t=34733ms iter=154 incumb=25.4057 ratchet=25.4458 best=25.3950 since_improve=50
t=34744ms iter=155 WAIST cost=20.0000 best_alt=18.0000 gap=2.0000 tried=5 sep_labels=18 clique_frac=0.01
t=34869ms iter=155 REBUILD reject new_tc=25.7038 (was 25.4057)
t=34956ms iter=155 incumb=25.4057 ratchet=25.4988 best=25.3950 since_improve=51
t=34966ms iter=156 WAIST cost=20.0000 best_alt=18.0000 gap=2.0000 tried=5 sep_labels=18 clique_frac=0.01
t=35087ms iter=156 REBUILD reject new_tc=25.9774 (was 25.4057)
t=35173ms iter=156 incumb=25.4057 ratchet=25.4405 best=25.3950 since_improve=52
t=35184ms iter=157 WAIST cost=20.0000 best_alt=18.0000 gap=2.0000 tried=5 sep_labels=18 clique_frac=0.01
t=35306ms iter=157 REBUILD reject new_tc=31.1783 (was 25.4057)
t=35392ms iter=157 incumb=25.4057 ratchet=25.4970 best=25.3950 since_improve=53
t=35402ms iter=158 WAIST cost=20.0000 best_alt=18.0000 gap=2.0000 tried=5 sep_labels=18 clique_frac=0.01
t=35519ms iter=158 REBUILD reject new_tc=33.2548 (was 25.4057)
t=35610ms iter=158 incumb=25.4057 ratchet=25.5147 best=25.3950 since_improve=54
t=35620ms iter=159 WAIST cost=20.0000 best_alt=17.0000 gap=3.0000 tried=5 sep_labels=17 clique_frac=0.04
t=35750ms iter=159 REBUILD reject new_tc=25.7033 (was 25.4057)
t=35837ms iter=159 incumb=25.4057 ratchet=25.4615 best=25.3950 since_improve=55
t=35846ms iter=160 WAIST cost=20.0000 best_alt=18.0000 gap=2.0000 tried=5 sep_labels=18 clique_frac=0.01
t=35961ms iter=160 REBUILD reject new_tc=32.7322 (was 25.4057)
t=36049ms iter=160 incumb=25.4057 ratchet=25.4606 best=25.3950 since_improve=56
t=36060ms iter=161 WAIST cost=20.0000 best_alt=18.0000 gap=2.0000 tried=5 sep_labels=18 clique_frac=0.01
t=36177ms iter=161 REBUILD reject new_tc=26.2590 (was 25.4057)
t=36265ms iter=161 incumb=25.4057 ratchet=25.4688 best=25.3950 since_improve=57
t=36275ms iter=162 WAIST cost=20.0000 best_alt=15.0000 gap=5.0000 tried=5 sep_labels=15 clique_frac=0.01
t=36400ms iter=162 REBUILD reject new_tc=25.7892 (was 25.4057)
t=36488ms iter=162 incumb=25.4057 ratchet=25.4151 best=25.3950 since_improve=58
t=36498ms iter=163 WAIST cost=20.0000 best_alt=18.0000 gap=2.0000 tried=5 sep_labels=18 clique_frac=0.01
t=36630ms iter=163 REBUILD reject new_tc=25.4309 (was 25.4057)
t=36716ms iter=163 incumb=25.4057 ratchet=25.4572 best=25.3950 since_improve=59
t=36725ms iter=164 WAIST cost=20.0000 best_alt=18.0000 gap=2.0000 tried=5 sep_labels=18 clique_frac=0.01
t=36840ms iter=164 REBUILD reject new_tc=26.7971 (was 25.4057)
t=36923ms iter=164 incumb=25.4057 ratchet=25.4446 best=25.3950 since_improve=60
t=36935ms iter=165 WAIST cost=20.0000 best_alt=18.0000 gap=2.0000 tried=5 sep_labels=18 clique_frac=0.01
t=37053ms iter=165 REBUILD reject new_tc=30.0314 (was 25.4057)
t=37141ms iter=165 incumb=25.4057 ratchet=25.4325 best=25.3950 since_improve=61
t=37150ms iter=166 WAIST cost=20.0000 best_alt=18.0000 gap=2.0000 tried=5 sep_labels=18 clique_frac=0.01
t=37272ms iter=166 REBUILD reject new_tc=29.9958 (was 25.4057)
t=37357ms iter=166 incumb=25.4057 ratchet=25.4158 best=25.3950 since_improve=62
t=37368ms iter=167 WAIST cost=20.0000 best_alt=18.0000 gap=2.0000 tried=5 sep_labels=18 clique_frac=0.01
t=37481ms iter=167 REBUILD reject new_tc=30.5998 (was 25.4057)
t=37567ms iter=167 incumb=25.4057 ratchet=25.4039 best=25.3950 since_improve=0
t=37575ms iter=168 WAIST cost=21.0000 best_alt=18.0000 gap=3.0000 tried=5 sep_labels=18 clique_frac=0.01
t=37684ms iter=168 REBUILD reject new_tc=27.0818 (was 25.4039)
t=37770ms iter=168 incumb=25.4039 ratchet=25.4013 best=25.3950 since_improve=0
t=37782ms iter=169 WAIST cost=21.0000 best_alt=18.0000 gap=3.0000 tried=5 sep_labels=18 clique_frac=0.01
t=37900ms iter=169 REBUILD reject new_tc=28.0931 (was 25.4013)
t=37985ms iter=169 incumb=25.4013 ratchet=25.4297 best=25.3950 since_improve=1
t=37995ms iter=170 WAIST cost=21.0000 best_alt=18.0000 gap=3.0000 tried=5 sep_labels=18 clique_frac=0.01
t=38107ms iter=170 REBUILD reject new_tc=28.2932 (was 25.4013)
t=38193ms iter=170 incumb=25.4013 ratchet=25.4433 best=25.3950 since_improve=2
t=38203ms iter=171 WAIST cost=21.0000 best_alt=18.0000 gap=3.0000 tried=5 sep_labels=18 clique_frac=0.01
t=38318ms iter=171 REBUILD reject new_tc=30.4923 (was 25.4013)
t=38406ms iter=171 incumb=25.4013 ratchet=25.4641 best=25.3950 since_improve=3
t=38417ms iter=172 WAIST cost=21.0000 best_alt=18.0000 gap=3.0000 tried=5 sep_labels=18 clique_frac=0.01
t=38534ms iter=172 REBUILD reject new_tc=26.7903 (was 25.4013)
t=38621ms iter=172 incumb=25.4013 ratchet=25.4390 best=25.3950 since_improve=4
t=38630ms iter=173 WAIST cost=21.0000 best_alt=18.0000 gap=3.0000 tried=5 sep_labels=18 clique_frac=0.01
t=38754ms iter=173 REBUILD reject new_tc=33.4216 (was 25.4013)
t=38839ms iter=173 incumb=25.4013 ratchet=25.4432 best=25.3950 since_improve=5
t=38849ms iter=174 WAIST cost=21.0000 best_alt=15.0000 gap=6.0000 tried=5 sep_labels=15 clique_frac=0.01
t=38962ms iter=174 REBUILD reject new_tc=25.5960 (was 25.4013)
t=39050ms iter=174 incumb=25.4013 ratchet=25.5144 best=25.3950 since_improve=6
t=39059ms iter=175 WAIST cost=21.0000 best_alt=18.0000 gap=3.0000 tried=5 sep_labels=18 clique_frac=0.01
t=39176ms iter=175 REBUILD reject new_tc=35.6293 (was 25.4013)
t=39264ms iter=175 incumb=25.4013 ratchet=25.4446 best=25.3950 since_improve=7
t=39275ms iter=176 WAIST cost=21.0000 best_alt=18.0000 gap=3.0000 tried=5 sep_labels=18 clique_frac=0.01
t=39398ms iter=176 REBUILD reject new_tc=25.6104 (was 25.4013)
t=39486ms iter=176 incumb=25.4013 ratchet=25.4346 best=25.3950 since_improve=8
t=39495ms iter=177 WAIST cost=21.0000 best_alt=18.0000 gap=3.0000 tried=5 sep_labels=18 clique_frac=0.01
t=39611ms iter=177 REBUILD reject new_tc=34.8181 (was 25.4013)
t=39697ms iter=177 incumb=25.4013 ratchet=25.4679 best=25.3950 since_improve=9
t=39707ms iter=178 WAIST cost=21.0000 best_alt=18.0000 gap=3.0000 tried=5 sep_labels=18 clique_frac=0.01
t=39823ms iter=178 REBUILD reject new_tc=27.2705 (was 25.4013)
t=39910ms iter=178 incumb=25.4013 ratchet=25.4899 best=25.3950 since_improve=10
t=39921ms iter=179 WAIST cost=21.0000 best_alt=18.0000 gap=3.0000 tried=5 sep_labels=18 clique_frac=0.01
t=40038ms iter=179 REBUILD reject new_tc=30.1417 (was 25.4013)
t=40124ms iter=179 incumb=25.4013 ratchet=25.5295 best=25.3950 since_improve=11
t=40135ms iter=180 WAIST cost=21.0000 best_alt=18.0000 gap=3.0000 tried=5 sep_labels=18 clique_frac=0.01
t=40254ms iter=180 REBUILD reject new_tc=30.3030 (was 25.4013)
t=40343ms iter=180 incumb=25.4013 ratchet=25.4744 best=25.3950 since_improve=12
t=40352ms iter=181 WAIST cost=21.0000 best_alt=18.0000 gap=3.0000 tried=5 sep_labels=18 clique_frac=0.01
t=40473ms iter=181 REBUILD reject new_tc=25.4830 (was 25.4013)
t=40559ms iter=181 incumb=25.4013 ratchet=25.3998 best=25.3950 since_improve=0
t=40571ms iter=182 WAIST cost=21.0000 best_alt=18.0000 gap=3.0000 tried=5 sep_labels=18 clique_frac=0.01
t=40689ms iter=182 REBUILD reject new_tc=33.4668 (was 25.3998)
t=40775ms iter=182 incumb=25.3998 ratchet=25.4294 best=25.3950 since_improve=1
t=40786ms iter=183 WAIST cost=21.0000 best_alt=18.0000 gap=3.0000 tried=5 sep_labels=18 clique_frac=0.01
t=40905ms iter=183 REBUILD reject new_tc=33.1937 (was 25.3998)
t=40992ms iter=183 incumb=25.3998 ratchet=25.3985 best=25.3950 since_improve=0
t=41001ms iter=184 WAIST cost=21.0000 best_alt=18.0000 gap=3.0000 tried=5 sep_labels=18 clique_frac=0.01
t=41108ms iter=184 REBUILD reject new_tc=27.1543 (was 25.3985)
t=41195ms iter=184 incumb=25.3985 ratchet=25.4581 best=25.3950 since_improve=1
t=41203ms iter=185 WAIST cost=21.0000 best_alt=18.0000 gap=3.0000 tried=5 sep_labels=18 clique_frac=0.01
t=41312ms iter=185 REBUILD reject new_tc=27.4094 (was 25.3985)
t=41396ms iter=185 incumb=25.3985 ratchet=25.4202 best=25.3950 since_improve=2
t=41403ms iter=186 WAIST cost=21.0000 best_alt=18.0000 gap=3.0000 tried=5 sep_labels=18 clique_frac=0.01
t=41502ms iter=186 REBUILD reject new_tc=31.5415 (was 25.3985)
t=41587ms iter=186 incumb=25.3985 ratchet=25.4856 best=25.3950 since_improve=3
t=41596ms iter=187 WAIST cost=21.0000 best_alt=18.0000 gap=3.0000 tried=5 sep_labels=18 clique_frac=0.01
t=41702ms iter=187 REBUILD reject new_tc=26.1473 (was 25.3985)
t=41791ms iter=187 incumb=25.3985 ratchet=25.4397 best=25.3950 since_improve=4
t=41798ms iter=188 WAIST cost=21.0000 best_alt=18.0000 gap=3.0000 tried=5 sep_labels=18 clique_frac=0.01
t=41905ms iter=188 REBUILD reject new_tc=27.8964 (was 25.3985)
t=41993ms iter=188 incumb=25.3985 ratchet=25.4447 best=25.3950 since_improve=5
t=42001ms iter=189 WAIST cost=21.0000 best_alt=18.0000 gap=3.0000 tried=5 sep_labels=18 clique_frac=0.01
t=42106ms iter=189 REBUILD reject new_tc=26.7892 (was 25.3985)
t=42194ms iter=189 incumb=25.3985 ratchet=25.4502 best=25.3950 since_improve=6
t=42202ms iter=190 WAIST cost=21.0000 best_alt=18.0000 gap=3.0000 tried=5 sep_labels=18 clique_frac=0.01
t=42308ms iter=190 REBUILD reject new_tc=26.0716 (was 25.3985)
t=42394ms iter=190 incumb=25.3985 ratchet=25.4802 best=25.3950 since_improve=7
t=42402ms iter=191 WAIST cost=21.0000 best_alt=18.0000 gap=3.0000 tried=5 sep_labels=18 clique_frac=0.01
t=42510ms iter=191 REBUILD reject new_tc=28.4217 (was 25.3985)
t=42596ms iter=191 incumb=25.3985 ratchet=25.4627 best=25.3950 since_improve=8
t=42604ms iter=192 WAIST cost=21.0000 best_alt=18.0000 gap=3.0000 tried=5 sep_labels=18 clique_frac=0.01
t=42709ms iter=192 REBUILD reject new_tc=27.1751 (was 25.3985)
t=42796ms iter=192 incumb=25.3985 ratchet=25.4101 best=25.3950 since_improve=9
t=42804ms iter=193 WAIST cost=21.0000 best_alt=18.0000 gap=3.0000 tried=5 sep_labels=18 clique_frac=0.01
t=42910ms iter=193 REBUILD reject new_tc=28.1994 (was 25.3985)
t=42996ms iter=193 incumb=25.3985 ratchet=25.4500 best=25.3950 since_improve=10
t=43003ms iter=194 WAIST cost=21.0000 best_alt=18.0000 gap=3.0000 tried=5 sep_labels=18 clique_frac=0.01
t=43108ms iter=194 REBUILD reject new_tc=26.3238 (was 25.3985)
t=43197ms iter=194 incumb=25.3985 ratchet=25.4178 best=25.3950 since_improve=11
t=43205ms iter=195 WAIST cost=21.0000 best_alt=18.0000 gap=3.0000 tried=5 sep_labels=18 clique_frac=0.01
t=43313ms iter=195 REBUILD reject new_tc=27.7170 (was 25.3985)
t=43400ms iter=195 incumb=25.3985 ratchet=25.4898 best=25.3950 since_improve=12
t=43408ms iter=196 WAIST cost=21.0000 best_alt=18.0000 gap=3.0000 tried=5 sep_labels=18 clique_frac=0.01
t=43519ms iter=196 REBUILD reject new_tc=26.0753 (was 25.3985)
t=43606ms iter=196 incumb=25.3985 ratchet=25.4225 best=25.3950 since_improve=13
t=43616ms iter=197 WAIST cost=21.0000 best_alt=18.0000 gap=3.0000 tried=5 sep_labels=18 clique_frac=0.01
t=43724ms iter=197 REBUILD reject new_tc=25.4561 (was 25.3985)
t=43813ms iter=197 incumb=25.3985 ratchet=25.4241 best=25.3950 since_improve=14
t=43820ms iter=198 WAIST cost=21.0000 best_alt=18.0000 gap=3.0000 tried=5 sep_labels=18 clique_frac=0.01
t=43923ms iter=198 REBUILD reject new_tc=27.2814 (was 25.3985)
t=44011ms iter=198 incumb=25.3985 ratchet=25.4579 best=25.3950 since_improve=15
t=44019ms iter=199 WAIST cost=21.0000 best_alt=18.0000 gap=3.0000 tried=5 sep_labels=18 clique_frac=0.01
t=44137ms iter=199 REBUILD reject new_tc=26.2649 (was 25.3985)
t=44222ms iter=199 incumb=25.3985 ratchet=25.4342 best=25.3950 since_improve=16
t=44229ms iter=200 WAIST cost=21.0000 best_alt=18.0000 gap=3.0000 tried=5 sep_labels=18 clique_frac=0.01
t=44336ms iter=200 REBUILD reject new_tc=32.6106 (was 25.3985)
t=44423ms iter=200 incumb=25.3985 ratchet=25.4327 best=25.3950 since_improve=17
t=44432ms iter=201 WAIST cost=21.0000 best_alt=18.0000 gap=3.0000 tried=5 sep_labels=18 clique_frac=0.01
t=44547ms iter=201 REBUILD reject new_tc=26.5517 (was 25.3985)
t=44636ms iter=201 incumb=25.3985 ratchet=25.4743 best=25.3950 since_improve=18
t=44643ms iter=202 WAIST cost=21.0000 best_alt=18.0000 gap=3.0000 tried=5 sep_labels=18 clique_frac=0.01
t=44749ms iter=202 REBUILD reject new_tc=26.0673 (was 25.3985)
t=44836ms iter=202 incumb=25.3985 ratchet=25.4661 best=25.3950 since_improve=19
t=44844ms iter=203 WAIST cost=21.0000 best_alt=18.0000 gap=3.0000 tried=5 sep_labels=18 clique_frac=0.01
t=44946ms iter=203 REBUILD reject new_tc=27.9861 (was 25.3985)
t=45035ms iter=203 incumb=25.3985 ratchet=25.4238 best=25.3950 since_improve=20
t=45044ms iter=204 WAIST cost=21.0000 best_alt=18.0000 gap=3.0000 tried=5 sep_labels=18 clique_frac=0.01
t=45149ms iter=204 REBUILD reject new_tc=28.3257 (was 25.3985)
t=45236ms iter=204 incumb=25.3985 ratchet=25.4205 best=25.3950 since_improve=21
t=45243ms iter=205 WAIST cost=21.0000 best_alt=18.0000 gap=3.0000 tried=5 sep_labels=18 clique_frac=0.01
t=45347ms iter=205 REBUILD reject new_tc=38.4779 (was 25.3985)
t=45434ms iter=205 incumb=25.3985 ratchet=25.4071 best=25.3950 since_improve=22
t=45442ms iter=206 WAIST cost=21.0000 best_alt=18.0000 gap=3.0000 tried=5 sep_labels=18 clique_frac=0.01
t=45556ms iter=206 REBUILD reject new_tc=35.3917 (was 25.3985)
t=45646ms iter=206 incumb=25.3985 ratchet=25.5750 best=25.3950 since_improve=23
t=45654ms iter=207 WAIST cost=21.0000 best_alt=18.0000 gap=3.0000 tried=5 sep_labels=18 clique_frac=0.01
t=45763ms iter=207 REBUILD reject new_tc=28.1952 (was 25.3985)
t=45848ms iter=207 incumb=25.3985 ratchet=25.4361 best=25.3950 since_improve=24
t=45857ms iter=208 WAIST cost=21.0000 best_alt=18.0000 gap=3.0000 tried=5 sep_labels=18 clique_frac=0.01
t=45961ms iter=208 REBUILD reject new_tc=26.5664 (was 25.3985)
t=46045ms iter=208 incumb=25.3985 ratchet=25.4477 best=25.3950 since_improve=25
t=46053ms iter=209 WAIST cost=21.0000 best_alt=18.0000 gap=3.0000 tried=5 sep_labels=18 clique_frac=0.01
t=46164ms iter=209 REBUILD reject new_tc=25.9357 (was 25.3985)
t=46246ms iter=209 incumb=25.3985 ratchet=25.4659 best=25.3950 since_improve=26
t=46253ms iter=210 WAIST cost=21.0000 best_alt=18.0000 gap=3.0000 tried=5 sep_labels=18 clique_frac=0.01
t=46365ms iter=210 REBUILD reject new_tc=26.0704 (was 25.3985)
t=46451ms iter=210 incumb=25.3985 ratchet=25.4280 best=25.3950 since_improve=27
t=46460ms iter=211 WAIST cost=21.0000 best_alt=18.0000 gap=3.0000 tried=5 sep_labels=18 clique_frac=0.01
t=46571ms iter=211 REBUILD reject new_tc=30.0611 (was 25.3985)
t=46660ms iter=211 incumb=25.3985 ratchet=25.4375 best=25.3950 since_improve=28
t=46669ms iter=212 WAIST cost=21.0000 best_alt=18.0000 gap=3.0000 tried=5 sep_labels=18 clique_frac=0.01
t=46774ms iter=212 REBUILD reject new_tc=26.2819 (was 25.3985)
t=46863ms iter=212 incumb=25.3985 ratchet=25.4421 best=25.3950 since_improve=29
t=46872ms iter=213 WAIST cost=21.0000 best_alt=18.0000 gap=3.0000 tried=5 sep_labels=18 clique_frac=0.01
t=46982ms iter=213 REBUILD reject new_tc=26.9924 (was 25.3985)
t=47070ms iter=213 incumb=25.3985 ratchet=25.4533 best=25.3950 since_improve=30
t=47077ms iter=214 WAIST cost=21.0000 best_alt=18.0000 gap=3.0000 tried=5 sep_labels=18 clique_frac=0.01
t=47189ms iter=214 REBUILD reject new_tc=29.0084 (was 25.3985)
t=47274ms iter=214 incumb=25.3985 ratchet=25.5140 best=25.3950 since_improve=31
t=47283ms iter=215 WAIST cost=21.0000 best_alt=18.0000 gap=3.0000 tried=5 sep_labels=18 clique_frac=0.01
t=47398ms iter=215 REBUILD reject new_tc=28.6110 (was 25.3985)
t=47483ms iter=215 incumb=25.3985 ratchet=25.4205 best=25.3950 since_improve=32
t=47492ms iter=216 WAIST cost=21.0000 best_alt=18.0000 gap=3.0000 tried=5 sep_labels=18 clique_frac=0.01
t=47600ms iter=216 REBUILD reject new_tc=28.0820 (was 25.3985)
t=47694ms iter=216 incumb=25.3985 ratchet=25.4551 best=25.3950 since_improve=33
t=47703ms iter=217 WAIST cost=21.0000 best_alt=17.0000 gap=4.0000 tried=5 sep_labels=17 clique_frac=0.01
t=47838ms iter=217 REBUILD reject new_tc=30.7882 (was 25.3985)
t=47924ms iter=217 incumb=25.3985 ratchet=25.4152 best=25.3950 since_improve=34
t=47933ms iter=218 WAIST cost=21.0000 best_alt=18.0000 gap=3.0000 tried=5 sep_labels=18 clique_frac=0.01
t=48041ms iter=218 REBUILD reject new_tc=25.9745 (was 25.3985)
t=48129ms iter=218 incumb=25.3985 ratchet=25.4232 best=25.3950 since_improve=35
t=48137ms iter=219 WAIST cost=21.0000 best_alt=18.0000 gap=3.0000 tried=5 sep_labels=18 clique_frac=0.01
t=48241ms iter=219 REBUILD reject new_tc=27.6747 (was 25.3985)
t=48327ms iter=219 incumb=25.3985 ratchet=25.4530 best=25.3950 since_improve=36
t=48335ms iter=220 WAIST cost=21.0000 best_alt=18.0000 gap=3.0000 tried=5 sep_labels=18 clique_frac=0.01
t=48443ms iter=220 REBUILD reject new_tc=28.0766 (was 25.3985)
t=48527ms iter=220 incumb=25.3985 ratchet=25.4901 best=25.3950 since_improve=37
t=48534ms iter=221 WAIST cost=21.0000 best_alt=18.0000 gap=3.0000 tried=5 sep_labels=18 clique_frac=0.01
t=48640ms iter=221 REBUILD reject new_tc=25.9402 (was 25.3985)
t=48728ms iter=221 incumb=25.3985 ratchet=25.4353 best=25.3950 since_improve=38
t=48735ms iter=222 WAIST cost=21.0000 best_alt=18.0000 gap=3.0000 tried=5 sep_labels=18 clique_frac=0.01
t=48838ms iter=222 REBUILD reject new_tc=27.5154 (was 25.3985)
t=48924ms iter=222 incumb=25.3985 ratchet=25.4635 best=25.3950 since_improve=39
t=48933ms iter=223 WAIST cost=21.0000 best_alt=18.0000 gap=3.0000 tried=5 sep_labels=18 clique_frac=0.01
t=49037ms iter=223 REBUILD reject new_tc=26.1955 (was 25.3985)
t=49123ms iter=223 incumb=25.3985 ratchet=25.4328 best=25.3950 since_improve=40
t=49130ms iter=224 WAIST cost=21.0000 best_alt=18.0000 gap=3.0000 tried=5 sep_labels=18 clique_frac=0.01
t=49238ms iter=224 REBUILD reject new_tc=28.2281 (was 25.3985)
t=49324ms iter=224 incumb=25.3985 ratchet=25.4792 best=25.3950 since_improve=41
t=49334ms iter=225 WAIST cost=21.0000 best_alt=18.0000 gap=3.0000 tried=5 sep_labels=18 clique_frac=0.01
t=49442ms iter=225 REBUILD reject new_tc=28.0693 (was 25.3985)
t=49528ms iter=225 incumb=25.3985 ratchet=25.4321 best=25.3950 since_improve=42
t=49534ms iter=226 WAIST cost=21.0000 best_alt=18.0000 gap=3.0000 tried=5 sep_labels=18 clique_frac=0.01
t=49643ms iter=226 REBUILD reject new_tc=29.0680 (was 25.3985)
t=49731ms iter=226 incumb=25.3985 ratchet=25.4489 best=25.3950 since_improve=43
t=49741ms iter=227 WAIST cost=21.0000 best_alt=18.0000 gap=3.0000 tried=5 sep_labels=18 clique_frac=0.01
t=49849ms iter=227 REBUILD reject new_tc=27.5045 (was 25.3985)
t=49937ms iter=227 incumb=25.3985 ratchet=25.4444 best=25.3950 since_improve=44
t=49945ms iter=228 WAIST cost=21.0000 best_alt=18.0000 gap=3.0000 tried=5 sep_labels=18 clique_frac=0.01
t=50048ms iter=228 REBUILD reject new_tc=36.3833 (was 25.3985)
t=50133ms iter=228 incumb=25.3985 ratchet=25.4310 best=25.3950 since_improve=45
t=50142ms iter=229 WAIST cost=21.0000 best_alt=18.0000 gap=3.0000 tried=5 sep_labels=18 clique_frac=0.01
t=50250ms iter=229 REBUILD reject new_tc=26.0412 (was 25.3985)
t=50336ms iter=229 incumb=25.3985 ratchet=25.4943 best=25.3950 since_improve=46
t=50345ms iter=230 WAIST cost=21.0000 best_alt=18.0000 gap=3.0000 tried=5 sep_labels=18 clique_frac=0.01
t=50448ms iter=230 REBUILD reject new_tc=26.9339 (was 25.3985)
t=50533ms iter=230 incumb=25.3985 ratchet=25.4289 best=25.3950 since_improve=47
t=50543ms iter=231 WAIST cost=21.0000 best_alt=18.0000 gap=3.0000 tried=5 sep_labels=18 clique_frac=0.01
t=50645ms iter=231 REBUILD reject new_tc=26.7980 (was 25.3985)
t=50731ms iter=231 incumb=25.3985 ratchet=25.5195 best=25.3950 since_improve=48
t=50740ms iter=232 WAIST cost=21.0000 best_alt=18.0000 gap=3.0000 tried=5 sep_labels=18 clique_frac=0.01
t=50849ms iter=232 REBUILD reject new_tc=26.2642 (was 25.3985)
t=50935ms iter=232 incumb=25.3985 ratchet=25.4398 best=25.3950 since_improve=49
t=50944ms iter=233 WAIST cost=21.0000 best_alt=18.0000 gap=3.0000 tried=5 sep_labels=18 clique_frac=0.01
t=51050ms iter=233 REBUILD reject new_tc=26.1453 (was 25.3985)
t=51237ms iter=233 incumb=25.3985 ratchet=25.3944 best=25.3944 since_improve=0
t=51242ms iter=234 WAIST cost=20.0000 best_alt=17.0000 gap=3.0000 tried=5 sep_labels=17 clique_frac=0.02
t=51387ms iter=234 REBUILD reject new_tc=25.5453 (was 25.3944)
t=51475ms iter=234 incumb=25.3944 ratchet=25.4705 best=25.3944 since_improve=1
t=51479ms iter=235 WAIST cost=20.0000 best_alt=17.0000 gap=3.0000 tried=5 sep_labels=17 clique_frac=0.02
t=51621ms iter=235 REBUILD reject new_tc=33.2357 (was 25.3944)
t=51709ms iter=235 incumb=25.3944 ratchet=25.4423 best=25.3944 since_improve=2
t=51713ms iter=236 WAIST cost=20.0000 best_alt=11.0000 gap=9.0000 tried=5 sep_labels=11 clique_frac=0.07
t=51852ms iter=236 REBUILD reject new_tc=26.4666 (was 25.3944)
t=51940ms iter=236 incumb=25.3944 ratchet=25.5117 best=25.3944 since_improve=3
t=51946ms iter=237 WAIST cost=20.0000 best_alt=12.0000 gap=8.0000 tried=5 sep_labels=12 clique_frac=0.05
t=52083ms iter=237 REBUILD reject new_tc=27.1730 (was 25.3944)
t=52169ms iter=237 incumb=25.3944 ratchet=25.5171 best=25.3944 since_improve=4
t=52175ms iter=238 WAIST cost=20.0000 best_alt=11.0000 gap=9.0000 tried=5 sep_labels=11 clique_frac=0.05
t=52312ms iter=238 REBUILD reject new_tc=26.6801 (was 25.3944)
t=52398ms iter=238 incumb=25.3944 ratchet=25.4491 best=25.3944 since_improve=5
t=52403ms iter=239 WAIST cost=20.0000 best_alt=17.0000 gap=3.0000 tried=5 sep_labels=17 clique_frac=0.02
t=52546ms iter=239 REBUILD reject new_tc=26.8479 (was 25.3944)
t=52633ms iter=239 incumb=25.3944 ratchet=25.4343 best=25.3944 since_improve=6
t=52638ms iter=240 WAIST cost=20.0000 best_alt=17.0000 gap=3.0000 tried=5 sep_labels=17 clique_frac=0.02
t=52794ms iter=240 REBUILD reject new_tc=26.0968 (was 25.3944)
t=52882ms iter=240 incumb=25.3944 ratchet=25.4826 best=25.3944 since_improve=7
t=52887ms iter=241 WAIST cost=20.0000 best_alt=11.0000 gap=9.0000 tried=5 sep_labels=11 clique_frac=0.02
t=53027ms iter=241 REBUILD reject new_tc=27.1496 (was 25.3944)
t=53204ms iter=241 incumb=25.3944 ratchet=25.3837 best=25.3837 since_improve=0
t=53205ms iter=242 WAIST cost=20.0000 best_alt=0.0000 gap=20.0000 tried=5 sep_labels=0 clique_frac=1.00
t=53353ms iter=242 REBUILD reject new_tc=25.4979 (was 25.3837)
t=53441ms iter=242 incumb=25.3837 ratchet=25.5185 best=25.3837 since_improve=1
t=53443ms iter=243 WAIST cost=20.0000 best_alt=0.0000 gap=20.0000 tried=5 sep_labels=0 clique_frac=1.00
t=53588ms iter=243 REBUILD reject new_tc=25.5673 (was 25.3837)
t=53674ms iter=243 incumb=25.3837 ratchet=25.4759 best=25.3837 since_improve=2
t=53676ms iter=244 WAIST cost=20.0000 best_alt=0.0000 gap=20.0000 tried=5 sep_labels=0 clique_frac=1.00
t=53827ms iter=244 REBUILD reject new_tc=33.9040 (was 25.3837)
t=53914ms iter=244 incumb=25.3837 ratchet=25.4448 best=25.3837 since_improve=3
t=53915ms iter=245 WAIST cost=20.0000 best_alt=0.0000 gap=20.0000 tried=5 sep_labels=0 clique_frac=1.00
t=54067ms iter=245 REBUILD reject new_tc=25.4610 (was 25.3837)
t=54157ms iter=245 incumb=25.3837 ratchet=25.4348 best=25.3837 since_improve=4
t=54159ms iter=246 WAIST cost=20.0000 best_alt=0.0000 gap=20.0000 tried=5 sep_labels=0 clique_frac=1.00
t=54317ms iter=246 REBUILD reject new_tc=25.5857 (was 25.3837)
t=54404ms iter=246 incumb=25.3837 ratchet=25.4441 best=25.3837 since_improve=5
t=54406ms iter=247 WAIST cost=20.0000 best_alt=0.0000 gap=20.0000 tried=5 sep_labels=0 clique_frac=1.00
t=54565ms iter=247 REBUILD reject new_tc=33.7007 (was 25.3837)
t=54654ms iter=247 incumb=25.3837 ratchet=25.4209 best=25.3837 since_improve=6
t=54656ms iter=248 WAIST cost=20.0000 best_alt=0.0000 gap=20.0000 tried=5 sep_labels=0 clique_frac=1.00
t=54807ms iter=248 REBUILD reject new_tc=26.1332 (was 25.3837)
t=54896ms iter=248 incumb=25.3837 ratchet=25.4825 best=25.3837 since_improve=7
t=54897ms iter=249 WAIST cost=20.0000 best_alt=0.0000 gap=20.0000 tried=5 sep_labels=0 clique_frac=1.00
t=55057ms iter=249 REBUILD reject new_tc=25.5965 (was 25.3837)
t=55145ms iter=249 incumb=25.3837 ratchet=25.3941 best=25.3837 since_improve=8
t=55147ms iter=250 WAIST cost=20.0000 best_alt=0.0000 gap=20.0000 tried=5 sep_labels=0 clique_frac=1.00
t=55316ms iter=250 REBUILD reject new_tc=25.6051 (was 25.3837)
t=55400ms iter=250 incumb=25.3837 ratchet=25.3908 best=25.3837 since_improve=9
t=55402ms iter=251 WAIST cost=20.0000 best_alt=0.0000 gap=20.0000 tried=5 sep_labels=0 clique_frac=1.00
t=55559ms iter=251 REBUILD reject new_tc=27.7147 (was 25.3837)
t=55647ms iter=251 incumb=25.3837 ratchet=25.4371 best=25.3837 since_improve=10
t=55649ms iter=252 WAIST cost=20.0000 best_alt=0.0000 gap=20.0000 tried=5 sep_labels=0 clique_frac=1.00
t=55807ms iter=252 REBUILD reject new_tc=30.3460 (was 25.3837)
t=55897ms iter=252 incumb=25.3837 ratchet=25.4445 best=25.3837 since_improve=11
t=55899ms iter=253 WAIST cost=20.0000 best_alt=0.0000 gap=20.0000 tried=5 sep_labels=0 clique_frac=1.00
t=56044ms iter=253 REBUILD reject new_tc=25.7148 (was 25.3837)
t=56132ms iter=253 incumb=25.3837 ratchet=25.4819 best=25.3837 since_improve=12
t=56133ms iter=254 WAIST cost=20.0000 best_alt=0.0000 gap=20.0000 tried=5 sep_labels=0 clique_frac=1.00
t=56296ms iter=254 REBUILD reject new_tc=26.4525 (was 25.3837)
t=56384ms iter=254 incumb=25.3837 ratchet=25.4171 best=25.3837 since_improve=13
t=56386ms iter=255 WAIST cost=20.0000 best_alt=0.0000 gap=20.0000 tried=5 sep_labels=0 clique_frac=1.00
t=56544ms iter=255 REBUILD reject new_tc=25.5208 (was 25.3837)
t=56630ms iter=255 incumb=25.3837 ratchet=25.3937 best=25.3837 since_improve=14
t=56632ms iter=256 WAIST cost=20.0000 best_alt=0.0000 gap=20.0000 tried=5 sep_labels=0 clique_frac=1.00
t=56782ms iter=256 REBUILD reject new_tc=28.6469 (was 25.3837)
t=56867ms iter=256 incumb=25.3837 ratchet=25.4537 best=25.3837 since_improve=15
t=56869ms iter=257 WAIST cost=20.0000 best_alt=0.0000 gap=20.0000 tried=5 sep_labels=0 clique_frac=1.00
t=57016ms iter=257 REBUILD reject new_tc=25.8661 (was 25.3837)
t=57102ms iter=257 incumb=25.3837 ratchet=25.5238 best=25.3837 since_improve=16
t=57104ms iter=258 WAIST cost=20.0000 best_alt=0.0000 gap=20.0000 tried=5 sep_labels=0 clique_frac=1.00
t=57259ms iter=258 REBUILD reject new_tc=26.1131 (was 25.3837)
t=57346ms iter=258 incumb=25.3837 ratchet=25.4142 best=25.3837 since_improve=17
t=57348ms iter=259 WAIST cost=20.0000 best_alt=0.0000 gap=20.0000 tried=5 sep_labels=0 clique_frac=1.00
t=57502ms iter=259 REBUILD reject new_tc=25.5436 (was 25.3837)
t=57589ms iter=259 incumb=25.3837 ratchet=25.4328 best=25.3837 since_improve=18
t=57590ms iter=260 WAIST cost=20.0000 best_alt=0.0000 gap=20.0000 tried=5 sep_labels=0 clique_frac=1.00
t=57744ms iter=260 REBUILD reject new_tc=25.5702 (was 25.3837)
t=57834ms iter=260 incumb=25.3837 ratchet=25.4893 best=25.3837 since_improve=19
t=57835ms iter=261 WAIST cost=20.0000 best_alt=0.0000 gap=20.0000 tried=5 sep_labels=0 clique_frac=1.00
t=57985ms iter=261 REBUILD reject new_tc=25.9520 (was 25.3837)
t=58072ms iter=261 incumb=25.3837 ratchet=25.4852 best=25.3837 since_improve=20
t=58074ms iter=262 WAIST cost=20.0000 best_alt=0.0000 gap=20.0000 tried=5 sep_labels=0 clique_frac=1.00
t=58224ms iter=262 REBUILD reject new_tc=27.9237 (was 25.3837)
t=58313ms iter=262 incumb=25.3837 ratchet=25.4362 best=25.3837 since_improve=21
t=58315ms iter=263 WAIST cost=20.0000 best_alt=0.0000 gap=20.0000 tried=5 sep_labels=0 clique_frac=1.00
t=58465ms iter=263 REBUILD reject new_tc=25.5025 (was 25.3837)
t=58553ms iter=263 incumb=25.3837 ratchet=25.4663 best=25.3837 since_improve=22
t=58555ms iter=264 WAIST cost=20.0000 best_alt=0.0000 gap=20.0000 tried=5 sep_labels=0 clique_frac=1.00
t=58702ms iter=264 REBUILD reject new_tc=25.5255 (was 25.3837)
t=58791ms iter=264 incumb=25.3837 ratchet=25.5037 best=25.3837 since_improve=23
t=58793ms iter=265 WAIST cost=20.0000 best_alt=0.0000 gap=20.0000 tried=5 sep_labels=0 clique_frac=1.00
t=58955ms iter=265 REBUILD reject new_tc=33.7683 (was 25.3837)
t=59045ms iter=265 incumb=25.3837 ratchet=25.4492 best=25.3837 since_improve=24
t=59046ms iter=266 WAIST cost=20.0000 best_alt=0.0000 gap=20.0000 tried=5 sep_labels=0 clique_frac=1.00
t=59208ms iter=266 REBUILD reject new_tc=27.9282 (was 25.3837)
t=59293ms iter=266 incumb=25.3837 ratchet=25.4715 best=25.3837 since_improve=25
t=59295ms iter=267 WAIST cost=20.0000 best_alt=0.0000 gap=20.0000 tried=5 sep_labels=0 clique_frac=1.00
t=59446ms iter=267 REBUILD reject new_tc=25.4966 (was 25.3837)
t=59533ms iter=267 incumb=25.3837 ratchet=25.4862 best=25.3837 since_improve=26
t=59535ms iter=268 WAIST cost=20.0000 best_alt=0.0000 gap=20.0000 tried=5 sep_labels=0 clique_frac=1.00
t=59694ms iter=268 REBUILD reject new_tc=25.7400 (was 25.3837)
t=59782ms iter=268 incumb=25.3837 ratchet=25.5066 best=25.3837 since_improve=27
t=59783ms iter=269 WAIST cost=20.0000 best_alt=0.0000 gap=20.0000 tried=5 sep_labels=0 clique_frac=1.00
t=59937ms iter=269 REBUILD reject new_tc=30.4404 (was 25.3837)
t=60026ms iter=269 incumb=25.3837 ratchet=25.5801 best=25.3837 since_improve=28
t=60027ms iter=270 WAIST cost=20.0000 best_alt=0.0000 gap=20.0000 tried=5 sep_labels=0 clique_frac=1.00
t=60179ms iter=270 REBUILD reject new_tc=25.6914 (was 25.3837)
t=60266ms iter=270 incumb=25.3837 ratchet=25.4457 best=25.3837 since_improve=29
t=60267ms iter=271 WAIST cost=20.0000 best_alt=0.0000 gap=20.0000 tried=5 sep_labels=0 clique_frac=1.00
t=60423ms iter=271 REBUILD reject new_tc=31.6462 (was 25.3837)
t=60512ms iter=271 incumb=25.3837 ratchet=25.4282 best=25.3837 since_improve=30
t=60513ms iter=272 WAIST cost=20.0000 best_alt=0.0000 gap=20.0000 tried=5 sep_labels=0 clique_frac=1.00
t=60664ms iter=272 REBUILD reject new_tc=25.4590 (was 25.3837)
t=60751ms iter=272 incumb=25.3837 ratchet=25.4653 best=25.3837 since_improve=31
t=60752ms iter=273 WAIST cost=20.0000 best_alt=0.0000 gap=20.0000 tried=5 sep_labels=0 clique_frac=1.00
t=60906ms iter=273 REBUILD reject new_tc=25.5173 (was 25.3837)
t=60993ms iter=273 incumb=25.3837 ratchet=25.4263 best=25.3837 since_improve=32
t=60994ms iter=274 WAIST cost=20.0000 best_alt=0.0000 gap=20.0000 tried=5 sep_labels=0 clique_frac=1.00
t=61143ms iter=274 REBUILD reject new_tc=30.4068 (was 25.3837)
t=61229ms iter=274 incumb=25.3837 ratchet=25.4540 best=25.3837 since_improve=33
t=61231ms iter=275 WAIST cost=20.0000 best_alt=0.0000 gap=20.0000 tried=5 sep_labels=0 clique_frac=1.00
t=61375ms iter=275 REBUILD reject new_tc=26.0131 (was 25.3837)
t=61460ms iter=275 incumb=25.3837 ratchet=25.4411 best=25.3837 since_improve=34
t=61462ms iter=276 WAIST cost=20.0000 best_alt=0.0000 gap=20.0000 tried=5 sep_labels=0 clique_frac=1.00
t=61620ms iter=276 REBUILD reject new_tc=25.6165 (was 25.3837)
t=61707ms iter=276 incumb=25.3837 ratchet=25.4407 best=25.3837 since_improve=35
t=61709ms iter=277 WAIST cost=20.0000 best_alt=0.0000 gap=20.0000 tried=5 sep_labels=0 clique_frac=1.00
t=61859ms iter=277 REBUILD reject new_tc=28.0142 (was 25.3837)
t=61946ms iter=277 incumb=25.3837 ratchet=25.4346 best=25.3837 since_improve=36
t=61947ms iter=278 WAIST cost=20.0000 best_alt=0.0000 gap=20.0000 tried=5 sep_labels=0 clique_frac=1.00
t=62096ms iter=278 REBUILD reject new_tc=33.2555 (was 25.3837)
t=62179ms iter=278 incumb=25.3837 ratchet=25.4804 best=25.3837 since_improve=37
t=62180ms iter=279 WAIST cost=20.0000 best_alt=0.0000 gap=20.0000 tried=5 sep_labels=0 clique_frac=1.00
t=62328ms iter=279 REBUILD reject new_tc=25.5547 (was 25.3837)
t=62413ms iter=279 incumb=25.3837 ratchet=25.4177 best=25.3837 since_improve=38
t=62414ms iter=280 WAIST cost=20.0000 best_alt=0.0000 gap=20.0000 tried=5 sep_labels=0 clique_frac=1.00
t=62565ms iter=280 REBUILD reject new_tc=25.7663 (was 25.3837)
t=62652ms iter=280 incumb=25.3837 ratchet=25.4240 best=25.3837 since_improve=39
t=62654ms iter=281 WAIST cost=20.0000 best_alt=0.0000 gap=20.0000 tried=5 sep_labels=0 clique_frac=1.00
t=62811ms iter=281 REBUILD reject new_tc=25.7893 (was 25.3837)
t=62901ms iter=281 incumb=25.3837 ratchet=25.5373 best=25.3837 since_improve=40
t=62902ms iter=282 WAIST cost=20.0000 best_alt=0.0000 gap=20.0000 tried=5 sep_labels=0 clique_frac=1.00
t=63041ms iter=282 REBUILD reject new_tc=37.0772 (was 25.3837)
t=63130ms iter=282 incumb=25.3837 ratchet=25.4284 best=25.3837 since_improve=41
t=63132ms iter=283 WAIST cost=20.0000 best_alt=0.0000 gap=20.0000 tried=5 sep_labels=0 clique_frac=1.00
t=63292ms iter=283 REBUILD reject new_tc=25.4666 (was 25.3837)
t=63381ms iter=283 incumb=25.3837 ratchet=25.4489 best=25.3837 since_improve=42
t=63383ms iter=284 WAIST cost=20.0000 best_alt=0.0000 gap=20.0000 tried=5 sep_labels=0 clique_frac=1.00
t=63543ms iter=284 REBUILD reject new_tc=25.5391 (was 25.3837)
t=63627ms iter=284 incumb=25.3837 ratchet=25.4868 best=25.3837 since_improve=43
t=63629ms iter=285 WAIST cost=20.0000 best_alt=0.0000 gap=20.0000 tried=5 sep_labels=0 clique_frac=1.00
t=63793ms iter=285 REBUILD reject new_tc=25.5751 (was 25.3837)
t=63879ms iter=285 incumb=25.3837 ratchet=25.5283 best=25.3837 since_improve=44
t=63880ms iter=286 WAIST cost=20.0000 best_alt=0.0000 gap=20.0000 tried=5 sep_labels=0 clique_frac=1.00
t=64029ms iter=286 REBUILD reject new_tc=25.5369 (was 25.3837)
t=64117ms iter=286 incumb=25.3837 ratchet=25.4901 best=25.3837 since_improve=45
t=64119ms iter=287 WAIST cost=20.0000 best_alt=0.0000 gap=20.0000 tried=5 sep_labels=0 clique_frac=1.00
t=64270ms iter=287 REBUILD reject new_tc=26.0288 (was 25.3837)
t=64357ms iter=287 incumb=25.3837 ratchet=25.4617 best=25.3837 since_improve=46
t=64358ms iter=288 WAIST cost=20.0000 best_alt=0.0000 gap=20.0000 tried=5 sep_labels=0 clique_frac=1.00
t=64507ms iter=288 REBUILD reject new_tc=25.9523 (was 25.3837)
t=64592ms iter=288 incumb=25.3837 ratchet=25.4738 best=25.3837 since_improve=47
t=64594ms iter=289 WAIST cost=20.0000 best_alt=0.0000 gap=20.0000 tried=5 sep_labels=0 clique_frac=1.00
t=64749ms iter=289 REBUILD reject new_tc=25.6233 (was 25.3837)
t=64835ms iter=289 incumb=25.3837 ratchet=25.4374 best=25.3837 since_improve=48
t=64836ms iter=290 WAIST cost=20.0000 best_alt=0.0000 gap=20.0000 tried=5 sep_labels=0 clique_frac=1.00
t=65015ms iter=290 REBUILD reject new_tc=32.6243 (was 25.3837)
t=65102ms iter=290 incumb=25.3837 ratchet=25.4440 best=25.3837 since_improve=49
t=65104ms iter=291 WAIST cost=20.0000 best_alt=0.0000 gap=20.0000 tried=5 sep_labels=0 clique_frac=1.00
t=65258ms iter=291 REBUILD reject new_tc=26.0737 (was 25.3837)
t=65346ms iter=291 incumb=25.3837 ratchet=25.4250 best=25.3837 since_improve=50
t=65348ms iter=292 WAIST cost=20.0000 best_alt=0.0000 gap=20.0000 tried=5 sep_labels=0 clique_frac=1.00
t=65508ms iter=292 REBUILD reject new_tc=25.5727 (was 25.3837)
t=65595ms iter=292 incumb=25.3837 ratchet=26.0342 best=25.3837 since_improve=51
t=65597ms iter=293 WAIST cost=20.0000 best_alt=0.0000 gap=20.0000 tried=5 sep_labels=0 clique_frac=1.00
t=65749ms iter=293 REBUILD reject new_tc=25.5448 (was 25.3837)
t=65837ms iter=293 incumb=25.3837 ratchet=25.4255 best=25.3837 since_improve=52
t=65838ms iter=294 WAIST cost=20.0000 best_alt=0.0000 gap=20.0000 tried=5 sep_labels=0 clique_frac=1.00
t=65981ms iter=294 REBUILD reject new_tc=28.3197 (was 25.3837)
t=66071ms iter=294 incumb=25.3837 ratchet=25.4898 best=25.3837 since_improve=53
t=66073ms iter=295 WAIST cost=20.0000 best_alt=0.0000 gap=20.0000 tried=5 sep_labels=0 clique_frac=1.00
t=66214ms iter=295 REBUILD reject new_tc=29.6951 (was 25.3837)
t=66301ms iter=295 incumb=25.3837 ratchet=25.4257 best=25.3837 since_improve=54
t=66303ms iter=296 WAIST cost=20.0000 best_alt=0.0000 gap=20.0000 tried=5 sep_labels=0 clique_frac=1.00
t=66450ms iter=296 REBUILD reject new_tc=27.7550 (was 25.3837)
t=66540ms iter=296 incumb=25.3837 ratchet=25.4126 best=25.3837 since_improve=55
t=66542ms iter=297 WAIST cost=20.0000 best_alt=0.0000 gap=20.0000 tried=5 sep_labels=0 clique_frac=1.00
t=66688ms iter=297 REBUILD reject new_tc=30.4478 (was 25.3837)
t=66776ms iter=297 incumb=25.3837 ratchet=25.4736 best=25.3837 since_improve=56
t=66778ms iter=298 WAIST cost=20.0000 best_alt=0.0000 gap=20.0000 tried=5 sep_labels=0 clique_frac=1.00
t=66936ms iter=298 REBUILD reject new_tc=25.6061 (was 25.3837)
t=67025ms iter=298 incumb=25.3837 ratchet=25.4264 best=25.3837 since_improve=57
t=67026ms iter=299 WAIST cost=20.0000 best_alt=0.0000 gap=20.0000 tried=5 sep_labels=0 clique_frac=1.00
t=67180ms iter=299 REBUILD reject new_tc=25.8055 (was 25.3837)
t=67267ms iter=299 incumb=25.3837 ratchet=25.5177 best=25.3837 since_improve=58
t=67269ms iter=300 WAIST cost=20.0000 best_alt=0.0000 gap=20.0000 tried=5 sep_labels=0 clique_frac=1.00
t=67429ms iter=300 REBUILD reject new_tc=27.1953 (was 25.3837)
t=67515ms iter=300 incumb=25.3837 ratchet=25.5351 best=25.3837 since_improve=59
t=67516ms iter=301 WAIST cost=20.0000 best_alt=0.0000 gap=20.0000 tried=5 sep_labels=0 clique_frac=1.00
t=67661ms iter=301 REBUILD reject new_tc=28.6228 (was 25.3837)
t=67748ms iter=301 incumb=25.3837 ratchet=25.4411 best=25.3837 since_improve=60
t=67749ms iter=302 WAIST cost=20.0000 best_alt=0.0000 gap=20.0000 tried=5 sep_labels=0 clique_frac=1.00
t=67895ms iter=302 REBUILD reject new_tc=27.8380 (was 25.3837)
t=67984ms iter=302 incumb=25.3837 ratchet=25.4573 best=25.3837 since_improve=61
t=67986ms iter=303 WAIST cost=20.0000 best_alt=0.0000 gap=20.0000 tried=5 sep_labels=0 clique_frac=1.00
t=68137ms iter=303 REBUILD reject new_tc=25.5487 (was 25.3837)
t=68226ms iter=303 incumb=25.3837 ratchet=25.5067 best=25.3837 since_improve=62
t=68228ms iter=304 WAIST cost=20.0000 best_alt=0.0000 gap=20.0000 tried=5 sep_labels=0 clique_frac=1.00
t=68375ms iter=304 REBUILD reject new_tc=31.7275 (was 25.3837)
t=68463ms iter=304 incumb=25.3837 ratchet=25.4466 best=25.3837 since_improve=63
t=68465ms iter=305 WAIST cost=20.0000 best_alt=0.0000 gap=20.0000 tried=5 sep_labels=0 clique_frac=1.00
t=68613ms iter=305 REBUILD reject new_tc=27.8650 (was 25.3837)
t=68701ms iter=305 incumb=25.3837 ratchet=25.4595 best=25.3837 since_improve=64
t=68702ms iter=306 WAIST cost=20.0000 best_alt=0.0000 gap=20.0000 tried=5 sep_labels=0 clique_frac=1.00
t=68854ms iter=306 REBUILD reject new_tc=25.4929 (was 25.3837)
t=68944ms iter=306 incumb=25.3837 ratchet=25.4418 best=25.3837 since_improve=65
t=68945ms iter=307 WAIST cost=20.0000 best_alt=0.0000 gap=20.0000 tried=5 sep_labels=0 clique_frac=1.00
t=69088ms iter=307 REBUILD reject new_tc=33.9296 (was 25.3837)
t=69174ms iter=307 incumb=25.3837 ratchet=25.4083 best=25.3837 since_improve=66
t=69176ms iter=308 WAIST cost=20.0000 best_alt=0.0000 gap=20.0000 tried=5 sep_labels=0 clique_frac=1.00
t=69324ms iter=308 REBUILD reject new_tc=25.6253 (was 25.3837)
t=69411ms iter=308 incumb=25.3837 ratchet=25.4326 best=25.3837 since_improve=67
t=69412ms iter=309 WAIST cost=20.0000 best_alt=0.0000 gap=20.0000 tried=5 sep_labels=0 clique_frac=1.00
t=69558ms iter=309 REBUILD reject new_tc=26.1068 (was 25.3837)
t=69643ms iter=309 incumb=25.3837 ratchet=25.4536 best=25.3837 since_improve=68
t=69645ms iter=310 WAIST cost=20.0000 best_alt=0.0000 gap=20.0000 tried=5 sep_labels=0 clique_frac=1.00
t=69806ms iter=310 REBUILD reject new_tc=26.0864 (was 25.3837)
t=69895ms iter=310 incumb=25.3837 ratchet=25.4554 best=25.3837 since_improve=69
t=69897ms iter=311 WAIST cost=20.0000 best_alt=0.0000 gap=20.0000 tried=5 sep_labels=0 clique_frac=1.00
t=70046ms iter=311 REBUILD reject new_tc=27.9294 (was 25.3837)
t=70134ms iter=311 incumb=25.3837 ratchet=25.4521 best=25.3837 since_improve=70
t=70136ms iter=312 WAIST cost=20.0000 best_alt=0.0000 gap=20.0000 tried=5 sep_labels=0 clique_frac=1.00
t=70280ms iter=312 REBUILD reject new_tc=25.5803 (was 25.3837)
t=70368ms iter=312 incumb=25.3837 ratchet=25.5608 best=25.3837 since_improve=71
t=70370ms iter=313 WAIST cost=20.0000 best_alt=0.0000 gap=20.0000 tried=5 sep_labels=0 clique_frac=1.00
t=70520ms iter=313 REBUILD reject new_tc=25.9686 (was 25.3837)
t=70607ms iter=313 incumb=25.3837 ratchet=25.4580 best=25.3837 since_improve=72
t=70609ms iter=314 WAIST cost=20.0000 best_alt=0.0000 gap=20.0000 tried=5 sep_labels=0 clique_frac=1.00
t=70756ms iter=314 REBUILD reject new_tc=25.5136 (was 25.3837)
t=70842ms iter=314 incumb=25.3837 ratchet=27.0010 best=25.3837 since_improve=73
t=70844ms iter=315 WAIST cost=20.0000 best_alt=0.0000 gap=20.0000 tried=5 sep_labels=0 clique_frac=1.00
t=70993ms iter=315 REBUILD reject new_tc=31.1040 (was 25.3837)
t=71083ms iter=315 incumb=25.3837 ratchet=25.4127 best=25.3837 since_improve=74
t=71085ms iter=316 WAIST cost=20.0000 best_alt=0.0000 gap=20.0000 tried=5 sep_labels=0 clique_frac=1.00
t=71244ms iter=316 REBUILD reject new_tc=26.0861 (was 25.3837)
t=71332ms iter=316 incumb=25.3837 ratchet=25.4533 best=25.3837 since_improve=75
t=71334ms iter=317 WAIST cost=20.0000 best_alt=0.0000 gap=20.0000 tried=5 sep_labels=0 clique_frac=1.00
t=71485ms iter=317 REBUILD reject new_tc=25.5662 (was 25.3837)
t=71573ms iter=317 incumb=25.3837 ratchet=25.4288 best=25.3837 since_improve=76
t=71574ms iter=318 WAIST cost=20.0000 best_alt=0.0000 gap=20.0000 tried=5 sep_labels=0 clique_frac=1.00
t=71734ms iter=318 REBUILD reject new_tc=28.1883 (was 25.3837)
t=71821ms iter=318 incumb=25.3837 ratchet=25.5201 best=25.3837 since_improve=77
t=71823ms iter=319 WAIST cost=20.0000 best_alt=0.0000 gap=20.0000 tried=5 sep_labels=0 clique_frac=1.00
t=71980ms iter=319 REBUILD reject new_tc=25.6008 (was 25.3837)
t=72067ms iter=319 incumb=25.3837 ratchet=25.4155 best=25.3837 since_improve=78
t=72069ms iter=320 WAIST cost=20.0000 best_alt=0.0000 gap=20.0000 tried=5 sep_labels=0 clique_frac=1.00
t=72227ms iter=320 REBUILD reject new_tc=34.6691 (was 25.3837)
t=72314ms iter=320 incumb=25.3837 ratchet=25.4491 best=25.3837 since_improve=79
t=72315ms iter=321 WAIST cost=20.0000 best_alt=0.0000 gap=20.0000 tried=5 sep_labels=0 clique_frac=1.00
t=72474ms iter=321 REBUILD reject new_tc=31.7120 (was 25.3837)
t=72565ms iter=321 incumb=25.3837 ratchet=25.4469 best=25.3837 since_improve=80
t=72566ms iter=322 WAIST cost=20.0000 best_alt=0.0000 gap=20.0000 tried=5 sep_labels=0 clique_frac=1.00
t=72714ms iter=322 REBUILD reject new_tc=26.1646 (was 25.3837)
t=72804ms iter=322 incumb=25.3837 ratchet=25.4298 best=25.3837 since_improve=81
t=72805ms iter=323 WAIST cost=20.0000 best_alt=0.0000 gap=20.0000 tried=5 sep_labels=0 clique_frac=1.00
t=72965ms iter=323 REBUILD reject new_tc=25.5037 (was 25.3837)
t=73054ms iter=323 incumb=25.3837 ratchet=25.4415 best=25.3837 since_improve=82
t=73056ms iter=324 WAIST cost=20.0000 best_alt=0.0000 gap=20.0000 tried=5 sep_labels=0 clique_frac=1.00
t=73215ms iter=324 REBUILD reject new_tc=25.5905 (was 25.3837)
t=73303ms iter=324 incumb=25.3837 ratchet=25.4626 best=25.3837 since_improve=83
t=73305ms iter=325 WAIST cost=20.0000 best_alt=0.0000 gap=20.0000 tried=5 sep_labels=0 clique_frac=1.00
t=73473ms iter=325 REBUILD reject new_tc=35.1399 (was 25.3837)
t=73561ms iter=325 incumb=25.3837 ratchet=25.4278 best=25.3837 since_improve=84
t=73563ms iter=326 WAIST cost=20.0000 best_alt=0.0000 gap=20.0000 tried=5 sep_labels=0 clique_frac=1.00
t=73713ms iter=326 REBUILD reject new_tc=26.0488 (was 25.3837)
t=73799ms iter=326 incumb=25.3837 ratchet=25.4789 best=25.3837 since_improve=85
t=73801ms iter=327 WAIST cost=20.0000 best_alt=0.0000 gap=20.0000 tried=5 sep_labels=0 clique_frac=1.00
t=73960ms iter=327 REBUILD reject new_tc=25.4972 (was 25.3837)
t=74047ms iter=327 incumb=25.3837 ratchet=25.4477 best=25.3837 since_improve=86
t=74049ms iter=328 WAIST cost=20.0000 best_alt=0.0000 gap=20.0000 tried=5 sep_labels=0 clique_frac=1.00
t=74209ms iter=328 REBUILD reject new_tc=25.5867 (was 25.3837)
t=74296ms iter=328 incumb=25.3837 ratchet=25.5194 best=25.3837 since_improve=87
t=74297ms iter=329 WAIST cost=20.0000 best_alt=0.0000 gap=20.0000 tried=5 sep_labels=0 clique_frac=1.00
t=74443ms iter=329 REBUILD reject new_tc=29.1570 (was 25.3837)
t=74532ms iter=329 incumb=25.3837 ratchet=25.4771 best=25.3837 since_improve=88
t=74533ms iter=330 WAIST cost=20.0000 best_alt=0.0000 gap=20.0000 tried=5 sep_labels=0 clique_frac=1.00
t=74684ms iter=330 REBUILD reject new_tc=37.2883 (was 25.3837)
t=74770ms iter=330 incumb=25.3837 ratchet=25.4507 best=25.3837 since_improve=89
t=74772ms iter=331 WAIST cost=20.0000 best_alt=0.0000 gap=20.0000 tried=5 sep_labels=0 clique_frac=1.00
t=74925ms iter=331 REBUILD reject new_tc=26.0046 (was 25.3837)
t=75011ms iter=331 incumb=25.3837 ratchet=25.4628 best=25.3837 since_improve=90
t=75013ms iter=332 WAIST cost=20.0000 best_alt=0.0000 gap=20.0000 tried=5 sep_labels=0 clique_frac=1.00
t=75177ms iter=332 REBUILD reject new_tc=33.6279 (was 25.3837)
t=75266ms iter=332 incumb=25.3837 ratchet=25.3951 best=25.3837 since_improve=91
t=75267ms iter=333 WAIST cost=20.0000 best_alt=0.0000 gap=20.0000 tried=5 sep_labels=0 clique_frac=1.00
t=75440ms iter=333 REBUILD reject new_tc=25.5421 (was 25.3837)
t=75528ms iter=333 incumb=25.3837 ratchet=25.4678 best=25.3837 since_improve=92
t=75530ms iter=334 WAIST cost=20.0000 best_alt=0.0000 gap=20.0000 tried=5 sep_labels=0 clique_frac=1.00
t=75689ms iter=334 REBUILD reject new_tc=25.6874 (was 25.3837)
t=75775ms iter=334 incumb=25.3837 ratchet=25.5375 best=25.3837 since_improve=93
t=75777ms iter=335 WAIST cost=20.0000 best_alt=0.0000 gap=20.0000 tried=5 sep_labels=0 clique_frac=1.00
t=75933ms iter=335 REBUILD reject new_tc=26.0049 (was 25.3837)
t=76020ms iter=335 incumb=25.3837 ratchet=25.4258 best=25.3837 since_improve=94
t=76022ms iter=336 WAIST cost=20.0000 best_alt=0.0000 gap=20.0000 tried=5 sep_labels=0 clique_frac=1.00
t=76176ms iter=336 REBUILD reject new_tc=29.7599 (was 25.3837)
t=76261ms iter=336 incumb=25.3837 ratchet=25.4099 best=25.3837 since_improve=95
t=76263ms iter=337 WAIST cost=20.0000 best_alt=0.0000 gap=20.0000 tried=5 sep_labels=0 clique_frac=1.00
t=76417ms iter=337 REBUILD reject new_tc=26.0387 (was 25.3837)
t=76504ms iter=337 incumb=25.3837 ratchet=25.4127 best=25.3837 since_improve=96
t=76505ms iter=338 WAIST cost=20.0000 best_alt=0.0000 gap=20.0000 tried=5 sep_labels=0 clique_frac=1.00
t=76663ms iter=338 REBUILD reject new_tc=32.8766 (was 25.3837)
t=76750ms iter=338 incumb=25.3837 ratchet=25.4391 best=25.3837 since_improve=97
t=76752ms iter=339 WAIST cost=20.0000 best_alt=0.0000 gap=20.0000 tried=5 sep_labels=0 clique_frac=1.00
t=76908ms iter=339 REBUILD reject new_tc=25.9218 (was 25.3837)
t=76994ms iter=339 incumb=25.3837 ratchet=25.4400 best=25.3837 since_improve=98
t=76996ms iter=340 WAIST cost=20.0000 best_alt=0.0000 gap=20.0000 tried=5 sep_labels=0 clique_frac=1.00
t=77165ms iter=340 REBUILD reject new_tc=33.8519 (was 25.3837)
t=77252ms iter=340 incumb=25.3837 ratchet=25.5427 best=25.3837 since_improve=99
t=77254ms iter=341 WAIST cost=20.0000 best_alt=0.0000 gap=20.0000 tried=5 sep_labels=0 clique_frac=1.00
t=77411ms iter=341 REBUILD reject new_tc=25.4623 (was 25.3837)
t=77498ms iter=341 incumb=25.3837 ratchet=25.5039 best=25.3837 since_improve=100
t=77500ms iter=342 WAIST cost=20.0000 best_alt=0.0000 gap=20.0000 tried=5 sep_labels=0 clique_frac=1.00
t=77645ms iter=342 REBUILD reject new_tc=36.3951 (was 25.3837)
t=77732ms iter=342 incumb=25.3837 ratchet=25.4125 best=25.3837 since_improve=101
t=77733ms iter=343 WAIST cost=20.0000 best_alt=0.0000 gap=20.0000 tried=5 sep_labels=0 clique_frac=1.00
t=77891ms iter=343 REBUILD reject new_tc=28.0443 (was 25.3837)
t=77980ms iter=343 incumb=25.3837 ratchet=25.4193 best=25.3837 since_improve=102
t=77982ms iter=344 WAIST cost=20.0000 best_alt=0.0000 gap=20.0000 tried=5 sep_labels=0 clique_frac=1.00
t=78141ms iter=344 REBUILD reject new_tc=28.1304 (was 25.3837)
t=78229ms iter=344 incumb=25.3837 ratchet=25.4286 best=25.3837 since_improve=103
t=78230ms iter=345 WAIST cost=20.0000 best_alt=0.0000 gap=20.0000 tried=5 sep_labels=0 clique_frac=1.00
t=78396ms iter=345 REBUILD reject new_tc=26.1548 (was 25.3837)
t=78484ms iter=345 incumb=25.3837 ratchet=25.4769 best=25.3837 since_improve=104
t=78485ms iter=346 WAIST cost=20.0000 best_alt=0.0000 gap=20.0000 tried=5 sep_labels=0 clique_frac=1.00
t=78630ms iter=346 REBUILD reject new_tc=25.5109 (was 25.3837)
t=78720ms iter=346 incumb=25.3837 ratchet=25.4714 best=25.3837 since_improve=105
t=78722ms iter=347 WAIST cost=20.0000 best_alt=0.0000 gap=20.0000 tried=5 sep_labels=0 clique_frac=1.00
t=78866ms iter=347 REBUILD reject new_tc=32.6825 (was 25.3837)
t=78953ms iter=347 incumb=25.3837 ratchet=25.4471 best=25.3837 since_improve=106
t=78955ms iter=348 WAIST cost=20.0000 best_alt=0.0000 gap=20.0000 tried=5 sep_labels=0 clique_frac=1.00
t=79105ms iter=348 REBUILD reject new_tc=25.6042 (was 25.3837)
t=79192ms iter=348 incumb=25.3837 ratchet=25.4397 best=25.3837 since_improve=107
t=79194ms iter=349 WAIST cost=20.0000 best_alt=0.0000 gap=20.0000 tried=5 sep_labels=0 clique_frac=1.00
t=79362ms iter=349 REBUILD reject new_tc=30.4047 (was 25.3837)
t=79450ms iter=349 incumb=25.3837 ratchet=25.4795 best=25.3837 since_improve=108
t=79451ms iter=350 WAIST cost=20.0000 best_alt=0.0000 gap=20.0000 tried=5 sep_labels=0 clique_frac=1.00
t=79602ms iter=350 REBUILD reject new_tc=32.6759 (was 25.3837)
t=79691ms iter=350 incumb=25.3837 ratchet=25.4568 best=25.3837 since_improve=109
t=79692ms iter=351 WAIST cost=20.0000 best_alt=0.0000 gap=20.0000 tried=5 sep_labels=0 clique_frac=1.00
t=79854ms iter=351 REBUILD reject new_tc=32.4387 (was 25.3837)
t=79939ms iter=351 incumb=25.3837 ratchet=25.4323 best=25.3837 since_improve=110
t=79941ms iter=352 WAIST cost=20.0000 best_alt=0.0000 gap=20.0000 tried=5 sep_labels=0 clique_frac=1.00
t=80091ms iter=352 REBUILD reject new_tc=25.8828 (was 25.3837)
t=80180ms iter=352 incumb=25.3837 ratchet=25.4498 best=25.3837 since_improve=111
t=80181ms iter=353 WAIST cost=20.0000 best_alt=0.0000 gap=20.0000 tried=5 sep_labels=0 clique_frac=1.00
t=80325ms iter=353 REBUILD reject new_tc=25.5620 (was 25.3837)
t=80412ms iter=353 incumb=25.3837 ratchet=25.4873 best=25.3837 since_improve=112
t=80414ms iter=354 WAIST cost=20.0000 best_alt=0.0000 gap=20.0000 tried=5 sep_labels=0 clique_frac=1.00
t=80577ms iter=354 REBUILD reject new_tc=25.5090 (was 25.3837)
t=80663ms iter=354 incumb=25.3837 ratchet=25.4478 best=25.3837 since_improve=113
t=80664ms iter=355 WAIST cost=20.0000 best_alt=0.0000 gap=20.0000 tried=5 sep_labels=0 clique_frac=1.00
t=80829ms iter=355 REBUILD reject new_tc=34.9054 (was 25.3837)
t=80916ms iter=355 incumb=25.3837 ratchet=25.4463 best=25.3837 since_improve=114
t=80918ms iter=356 WAIST cost=20.0000 best_alt=0.0000 gap=20.0000 tried=5 sep_labels=0 clique_frac=1.00
t=81075ms iter=356 REBUILD reject new_tc=29.5963 (was 25.3837)
t=81163ms iter=356 incumb=25.3837 ratchet=25.4741 best=25.3837 since_improve=115
t=81165ms iter=357 WAIST cost=20.0000 best_alt=0.0000 gap=20.0000 tried=5 sep_labels=0 clique_frac=1.00
t=81312ms iter=357 REBUILD reject new_tc=30.7296 (was 25.3837)
t=81401ms iter=357 incumb=25.3837 ratchet=25.4085 best=25.3837 since_improve=116
t=81403ms iter=358 WAIST cost=20.0000 best_alt=0.0000 gap=20.0000 tried=5 sep_labels=0 clique_frac=1.00
t=81556ms iter=358 REBUILD reject new_tc=34.8050 (was 25.3837)
t=81644ms iter=358 incumb=25.3837 ratchet=25.5166 best=25.3837 since_improve=117
t=81646ms iter=359 WAIST cost=20.0000 best_alt=0.0000 gap=20.0000 tried=5 sep_labels=0 clique_frac=1.00
t=81810ms iter=359 REBUILD reject new_tc=26.5284 (was 25.3837)
t=81896ms iter=359 incumb=25.3837 ratchet=25.4119 best=25.3837 since_improve=118
t=81897ms iter=360 WAIST cost=20.0000 best_alt=0.0000 gap=20.0000 tried=5 sep_labels=0 clique_frac=1.00
t=82048ms iter=360 REBUILD reject new_tc=26.0413 (was 25.3837)
t=82137ms iter=360 incumb=25.3837 ratchet=25.5013 best=25.3837 since_improve=119
t=82139ms iter=361 WAIST cost=20.0000 best_alt=0.0000 gap=20.0000 tried=5 sep_labels=0 clique_frac=1.00
t=82296ms iter=361 REBUILD reject new_tc=26.0482 (was 25.3837)
t=82383ms iter=361 incumb=25.3837 ratchet=25.4009 best=25.3837 since_improve=120
t=82384ms iter=362 WAIST cost=20.0000 best_alt=0.0000 gap=20.0000 tried=5 sep_labels=0 clique_frac=1.00
t=82533ms iter=362 REBUILD reject new_tc=26.1610 (was 25.3837)
t=82621ms iter=362 incumb=25.3837 ratchet=25.4381 best=25.3837 since_improve=121
t=82622ms iter=363 WAIST cost=20.0000 best_alt=0.0000 gap=20.0000 tried=5 sep_labels=0 clique_frac=1.00
t=82778ms iter=363 REBUILD reject new_tc=25.4977 (was 25.3837)
t=82866ms iter=363 incumb=25.3837 ratchet=25.4404 best=25.3837 since_improve=122
t=82867ms iter=364 WAIST cost=20.0000 best_alt=0.0000 gap=20.0000 tried=5 sep_labels=0 clique_frac=1.00
t=83023ms iter=364 REBUILD reject new_tc=34.5241 (was 25.3837)
t=83113ms iter=364 incumb=25.3837 ratchet=25.4170 best=25.3837 since_improve=123
t=83114ms iter=365 WAIST cost=20.0000 best_alt=0.0000 gap=20.0000 tried=5 sep_labels=0 clique_frac=1.00
t=83264ms iter=365 REBUILD reject new_tc=27.8390 (was 25.3837)
t=83349ms iter=365 incumb=25.3837 ratchet=25.4343 best=25.3837 since_improve=124
t=83351ms iter=366 WAIST cost=20.0000 best_alt=0.0000 gap=20.0000 tried=5 sep_labels=0 clique_frac=1.00
t=83507ms iter=366 REBUILD reject new_tc=26.0736 (was 25.3837)
t=83593ms iter=366 incumb=25.3837 ratchet=25.4605 best=25.3837 since_improve=125
t=83595ms iter=367 WAIST cost=20.0000 best_alt=0.0000 gap=20.0000 tried=5 sep_labels=0 clique_frac=1.00
t=83743ms iter=367 REBUILD reject new_tc=25.5478 (was 25.3837)
t=83834ms iter=367 incumb=25.3837 ratchet=25.4332 best=25.3837 since_improve=126
t=83835ms iter=368 WAIST cost=20.0000 best_alt=0.0000 gap=20.0000 tried=5 sep_labels=0 clique_frac=1.00
t=83976ms iter=368 REBUILD reject new_tc=29.3706 (was 25.3837)
t=84064ms iter=368 incumb=25.3837 ratchet=25.4738 best=25.3837 since_improve=127
t=84066ms iter=369 WAIST cost=20.0000 best_alt=0.0000 gap=20.0000 tried=5 sep_labels=0 clique_frac=1.00
t=84231ms iter=369 REBUILD reject new_tc=25.9308 (was 25.3837)
t=84319ms iter=369 incumb=25.3837 ratchet=25.4553 best=25.3837 since_improve=128
t=84321ms iter=370 WAIST cost=20.0000 best_alt=0.0000 gap=20.0000 tried=5 sep_labels=0 clique_frac=1.00
t=84467ms iter=370 REBUILD reject new_tc=35.3047 (was 25.3837)
t=84555ms iter=370 incumb=25.3837 ratchet=25.4348 best=25.3837 since_improve=129
t=84557ms iter=371 WAIST cost=20.0000 best_alt=0.0000 gap=20.0000 tried=5 sep_labels=0 clique_frac=1.00
t=84713ms iter=371 REBUILD reject new_tc=25.6385 (was 25.3837)
t=84801ms iter=371 incumb=25.3837 ratchet=25.4850 best=25.3837 since_improve=130
t=84803ms iter=372 WAIST cost=20.0000 best_alt=0.0000 gap=20.0000 tried=5 sep_labels=0 clique_frac=1.00
t=84963ms iter=372 REBUILD reject new_tc=25.6866 (was 25.3837)
t=85052ms iter=372 incumb=25.3837 ratchet=25.4616 best=25.3837 since_improve=131
t=85053ms iter=373 WAIST cost=20.0000 best_alt=0.0000 gap=20.0000 tried=5 sep_labels=0 clique_frac=1.00
t=85202ms iter=373 REBUILD reject new_tc=26.0756 (was 25.3837)
t=85288ms iter=373 incumb=25.3837 ratchet=25.4334 best=25.3837 since_improve=132
t=85290ms iter=374 WAIST cost=20.0000 best_alt=0.0000 gap=20.0000 tried=5 sep_labels=0 clique_frac=1.00
t=85435ms iter=374 REBUILD reject new_tc=27.7810 (was 25.3837)
t=85522ms iter=374 incumb=25.3837 ratchet=25.4759 best=25.3837 since_improve=133
t=85524ms iter=375 WAIST cost=20.0000 best_alt=0.0000 gap=20.0000 tried=5 sep_labels=0 clique_frac=1.00
t=85675ms iter=375 REBUILD reject new_tc=25.4736 (was 25.3837)
t=85759ms iter=375 incumb=25.3837 ratchet=25.4271 best=25.3837 since_improve=134
t=85761ms iter=376 WAIST cost=20.0000 best_alt=0.0000 gap=20.0000 tried=5 sep_labels=0 clique_frac=1.00
t=85918ms iter=376 REBUILD reject new_tc=27.9755 (was 25.3837)
t=86004ms iter=376 incumb=25.3837 ratchet=25.4740 best=25.3837 since_improve=135
t=86006ms iter=377 WAIST cost=20.0000 best_alt=0.0000 gap=20.0000 tried=5 sep_labels=0 clique_frac=1.00
t=86155ms iter=377 REBUILD reject new_tc=26.1383 (was 25.3837)
t=86243ms iter=377 incumb=25.3837 ratchet=25.4988 best=25.3837 since_improve=136
t=86245ms iter=378 WAIST cost=20.0000 best_alt=0.0000 gap=20.0000 tried=5 sep_labels=0 clique_frac=1.00
t=86393ms iter=378 REBUILD reject new_tc=35.9701 (was 25.3837)
t=86483ms iter=378 incumb=25.3837 ratchet=25.6529 best=25.3837 since_improve=137
t=86485ms iter=379 WAIST cost=20.0000 best_alt=0.0000 gap=20.0000 tried=5 sep_labels=0 clique_frac=1.00
t=86632ms iter=379 REBUILD reject new_tc=25.6614 (was 25.3837)
t=86718ms iter=379 incumb=25.3837 ratchet=25.4436 best=25.3837 since_improve=138
t=86720ms iter=380 WAIST cost=20.0000 best_alt=0.0000 gap=20.0000 tried=5 sep_labels=0 clique_frac=1.00
t=86866ms iter=380 REBUILD reject new_tc=25.8921 (was 25.3837)
t=86952ms iter=380 incumb=25.3837 ratchet=25.4328 best=25.3837 since_improve=139
t=86954ms iter=381 WAIST cost=20.0000 best_alt=0.0000 gap=20.0000 tried=5 sep_labels=0 clique_frac=1.00
t=87106ms iter=381 REBUILD reject new_tc=36.1675 (was 25.3837)
t=87194ms iter=381 incumb=25.3837 ratchet=25.4296 best=25.3837 since_improve=140
t=87196ms iter=382 WAIST cost=20.0000 best_alt=0.0000 gap=20.0000 tried=5 sep_labels=0 clique_frac=1.00
t=87346ms iter=382 REBUILD reject new_tc=25.5336 (was 25.3837)
t_final=87437ms tc_reduced=25.3837 tc_full=25.7808 leaves=2136
surgery summary: calls=382 cheaper_cuts=382 rebuild_accepts=1 waist_min_hits=0
