simplify: n_orig=2304 n_reduced=580 shrink=0.7483 t_simp=11ms
t_seed=655ms tc_seed=53.6496 seed_trials=11
t_dp=656ms tc_greedy=53.6496
t=3889ms mcts_tc=52.0389
t=6414ms mcts_tc=51.1035
t=14888ms mcts_tc=49.9117
t_mcts=16842ms mcts: backup=min rollouts=192 rate=11/s depth=3 nodes=193 improves=3 tc_mcts=49.9117
ATTRIBUTION tc_greedy=53.6496 tc_mcts_prepolish=49.9117 mcts_beats_greedy=true
t=17111ms polish_tc=49.3043
t=17197ms polish_tc=49.2685
t=17279ms polish_tc=49.2373
t=17354ms polish_tc=49.2366
t=17433ms polish_tc=49.2308
t=17508ms polish_tc=49.2299
t=17580ms polish_tc=49.2267
t=17652ms polish_tc=49.2267
t=17727ms polish_tc=46.8901
t=17800ms polish_tc=46.7809
t=17865ms polish_tc=46.4282
t=17939ms polish_tc=46.4246
t=18013ms polish_tc=46.4225
t=18090ms polish_tc=46.4221
t=18167ms polish_tc=45.2403
t=18235ms polish_tc=44.2873
t=18299ms polish_tc=44.2869
t=18363ms polish_tc=44.2857
t=18432ms polish_tc=44.2828
t=18503ms polish_tc=44.2826
t=18572ms polish_tc=44.2657
t=18636ms polish_tc=41.5409
t=18915ms polish_tc=41.4293
t=18985ms polish_tc=40.7331
t=19051ms polish_tc=40.6855
t=19119ms polish_tc=40.4308
t=19185ms polish_tc=40.0065
t=19252ms polish_tc=39.9820
t=19317ms polish_tc=39.9203
t=19380ms polish_tc=39.7185
t=19449ms polish_tc=39.7182
t=19517ms polish_tc=39.5901
t=19581ms polish_tc=39.5829
t=19644ms polish_tc=39.4389
t=19913ms polish_tc=39.4388
t=19972ms polish_tc=39.3873
t=20037ms polish_tc=39.3258
t=20106ms polish_tc=39.3200
t=20171ms polish_tc=39.2554
t=20238ms polish_tc=39.1019
t=20303ms polish_tc=38.0214
t=20369ms polish_tc=37.9231
t=20441ms polish_tc=37.8931
t=20513ms polish_tc=37.6385
t=20581ms polish_tc=37.5928
t=20647ms polish_tc=37.5747
t=20714ms polish_tc=37.5691
t=20917ms polish_tc=37.5260
t=20986ms polish_tc=37.4669
t=21054ms polish_tc=37.4144
t=21130ms polish_tc=37.3510
t=21198ms polish_tc=37.3320
t=21266ms polish_tc=37.3066
t=21336ms polish_tc=37.0646
t=21402ms polish_tc=37.0010
t=21478ms polish_tc=36.9615
t=21554ms polish_tc=36.9476
t=21631ms polish_tc=36.8873
t=21922ms polish_tc=36.7581
t=22002ms polish_tc=36.6189
t=22082ms polish_tc=36.6072
t=22160ms polish_tc=36.5810
t=22234ms polish_tc=36.5551
t=22311ms polish_tc=36.4842
t=22385ms polish_tc=36.4720
t=22463ms polish_tc=36.4628
t=22540ms polish_tc=36.4505
t=22615ms polish_tc=36.3240
t=22914ms polish_tc=36.2874
t=22987ms polish_tc=36.2505
t=23062ms polish_tc=36.2249
t=23135ms polish_tc=36.2211
t=23206ms polish_tc=36.1977
t=23278ms polish_tc=36.1895
t=23359ms polish_tc=36.1078
t=23434ms polish_tc=35.9508
t=23509ms polish_tc=35.8614
t=23586ms polish_tc=35.8073
t=23661ms polish_tc=35.6549
t=23920ms polish_tc=35.6059
t=23999ms polish_tc=35.5904
t=24076ms polish_tc=35.5736
t=24152ms polish_tc=35.4087
t=24223ms polish_tc=35.3658
t=24308ms polish_tc=35.2586
t=24387ms polish_tc=35.2582
t=24467ms polish_tc=35.2552
t=24550ms polish_tc=35.0941
t=24629ms polish_tc=35.0908
t=24921ms polish_tc=35.0207
t=25005ms polish_tc=34.9269
t=25086ms polish_tc=34.9255
t=25166ms polish_tc=34.9065
t=25241ms polish_tc=34.6127
t=25322ms polish_tc=34.6051
t=25398ms polish_tc=34.4933
t=25476ms polish_tc=34.4681
t=25553ms polish_tc=34.4200
t=25909ms polish_tc=34.3568
t=25994ms polish_tc=34.3231
t=26079ms polish_tc=34.3048
t=26159ms polish_tc=34.2780
t=26227ms polish_tc=34.2687
t=26299ms polish_tc=34.2090
t=26377ms polish_tc=34.1735
t=26450ms polish_tc=34.1577
t=26528ms polish_tc=34.0418
t=26603ms polish_tc=34.0158
t=26909ms polish_tc=33.9960
t=26986ms polish_tc=33.9581
t=27073ms polish_tc=33.8167
t=27145ms polish_tc=33.8162
t=27224ms polish_tc=33.7880
t=27301ms polish_tc=33.7868
t=27378ms polish_tc=33.7699
t=27455ms polish_tc=33.6917
t=27531ms polish_tc=33.6896
t=27607ms polish_tc=33.6695
t=27685ms polish_tc=33.6058
t=27921ms polish_tc=33.2879
t=27996ms polish_tc=33.2711
t=28073ms polish_tc=33.2326
t=28156ms polish_tc=33.1979
t=28230ms polish_tc=33.1465
t=28306ms polish_tc=33.1422
t=28384ms polish_tc=33.1418
t=28459ms polish_tc=33.1292
t=28537ms polish_tc=33.1213
t=28909ms polish_tc=33.1210
t=28999ms polish_tc=33.1161
t=29079ms polish_tc=33.1072
t=29155ms polish_tc=32.8329
t=29235ms polish_tc=32.5560
t=29316ms polish_tc=32.5198
t=29394ms polish_tc=32.2810
t=29474ms polish_tc=32.1341
t=29550ms polish_tc=32.1211
t=29624ms polish_tc=32.0912
t=29915ms polish_tc=32.0422
t=29990ms polish_tc=32.0007
t=30067ms polish_tc=31.9578
t=30143ms polish_tc=31.9007
t=30218ms polish_tc=31.8781
t=30299ms polish_tc=31.8220
t=30376ms polish_tc=31.8088
t=30452ms polish_tc=31.7033
t=30532ms polish_tc=31.6934
t=30609ms polish_tc=31.6531
t=30916ms polish_tc=31.5685
t=30996ms polish_tc=31.5567
t=31074ms polish_tc=31.5326
t=31152ms polish_tc=31.4466
t=31230ms polish_tc=31.4359
t=31306ms polish_tc=31.4297
t=31388ms polish_tc=31.4250
t=31467ms polish_tc=31.4081
t=31544ms polish_tc=31.3272
t=31620ms polish_tc=31.2987
t=31916ms polish_tc=31.2927
t=31995ms polish_tc=31.2734
t=32076ms polish_tc=31.2639
t=32157ms polish_tc=31.2639
t=32230ms polish_tc=31.2550
t=32311ms polish_tc=31.2439
t=32390ms polish_tc=31.2154
t=32464ms polish_tc=31.1473
t=32542ms polish_tc=31.1388
t=32618ms polish_tc=31.1142
t=32917ms polish_tc=31.1111
t=32995ms polish_tc=31.1082
t=33072ms polish_tc=31.0944
t=33147ms polish_tc=31.0892
t=33222ms polish_tc=31.0890
t=33303ms polish_tc=31.0872
t=33384ms polish_tc=31.0740
t=33463ms polish_tc=31.0616
t=33544ms polish_tc=31.0420
t=33621ms polish_tc=30.9894
t=33918ms polish_tc=30.9837
t=33998ms polish_tc=30.9746
t=34076ms polish_tc=30.9729
t=34156ms polish_tc=30.9660
t=34228ms polish_tc=30.9537
t=34306ms polish_tc=30.9418
t=34384ms polish_tc=30.9418
t=34483ms polish_tc=30.9312
t=34575ms polish_tc=30.9260
t=34649ms polish_tc=30.9223
t=34918ms polish_tc=30.9215
t=34997ms polish_tc=30.9163
t=35077ms polish_tc=30.9148
t=35159ms polish_tc=30.9139
t=35234ms polish_tc=30.9137
t=35335ms polish_tc=30.8989
t=35410ms polish_tc=30.8959
t=35500ms polish_tc=30.8949
t=35579ms polish_tc=30.8940
t=35675ms polish_tc=30.8898
t=35919ms polish_tc=30.8892
t=36012ms polish_tc=30.8862
t=36096ms polish_tc=30.8696
t=36178ms polish_tc=30.8548
t=36257ms polish_tc=30.8541
t=36336ms polish_tc=30.8514
t=36414ms polish_tc=30.8506
t=36496ms polish_tc=30.8444
t=36591ms polish_tc=30.8326
t=36907ms polish_tc=30.8270
t=36990ms polish_tc=30.8266
t=37064ms polish_tc=30.8162
t=37193ms polish_tc=30.8162
t=37269ms polish_tc=30.8157
t=37346ms polish_tc=30.8157
t=37440ms polish_tc=30.8125
t=37520ms polish_tc=30.8125
t=37596ms polish_tc=30.8061
t=37671ms polish_tc=30.7899
t=37908ms polish_tc=30.7866
t=37992ms polish_tc=30.7866
t=38083ms polish_tc=30.7858
t=38185ms polish_tc=30.7850
t=38263ms polish_tc=30.7850
t=38367ms polish_tc=30.7830
t=38446ms polish_tc=30.7818
t=38540ms polish_tc=30.7817
t=38618ms polish_tc=30.7816
t=38699ms polish_tc=30.7816
t=39008ms polish_tc=30.7697
t=39100ms polish_tc=30.7499
t=39193ms polish_tc=30.7381
t=39286ms polish_tc=30.7078
t=39410ms polish_tc=30.6956
t=39502ms polish_tc=30.6826
t=39601ms polish_tc=30.6704
t=39687ms polish_tc=30.6553
t=39917ms polish_tc=30.6258
t=40019ms polish_tc=30.6127
t=40134ms polish_tc=30.6117
t=40231ms polish_tc=30.6052
t=40326ms polish_tc=30.5915
t=40508ms polish_tc=30.5912
t=40607ms polish_tc=30.5900
t=40705ms polish_tc=30.5883
t=40921ms polish_tc=30.5847
t=41019ms polish_tc=30.5794
t=41122ms polish_tc=30.5767
t=41247ms polish_tc=30.5741
t=41350ms polish_tc=30.5628
t=41445ms polish_tc=30.5604
t=41539ms polish_tc=30.5596
t=42742ms polish_tc=30.5584
t=42856ms polish_tc=30.5554
t=43006ms polish_tc=30.5340
t=43212ms polish_tc=30.5335
t=43313ms polish_tc=30.5327
t=43513ms polish_tc=30.5294
t=43611ms polish_tc=30.5294
t=52025ms polish_tc=30.5219
t=52120ms polish_tc=30.5148
t=52222ms polish_tc=30.5095
t=52309ms polish_tc=30.5095
t=52465ms polish_tc=30.5088
t=52570ms polish_tc=30.5088
t=52668ms polish_tc=30.5084
t=52755ms polish_tc=30.5083
t=52841ms polish_tc=30.5081
t=52958ms polish_tc=30.5069
t=53043ms polish_tc=30.5062
t=53138ms polish_tc=30.5041
t=53228ms polish_tc=30.5040
t=56286ms polish_tc=30.5014
t=56395ms polish_tc=30.5010
t=56491ms polish_tc=30.5002
t=56669ms polish_tc=30.5001
t=56764ms polish_tc=30.5001
t=56862ms polish_tc=30.5001
t=56961ms polish_tc=30.4967
t=57060ms polish_tc=30.4927
t=57174ms polish_tc=30.4906
t=57275ms polish_tc=30.4902
t=57371ms polish_tc=30.4900
t=57464ms polish_tc=30.4900
t=57622ms polish_tc=30.4886
t=57713ms polish_tc=30.4881
t=57918ms polish_tc=30.4871
t=58037ms polish_tc=30.4855
t=58133ms polish_tc=30.4855
t=58227ms polish_tc=30.4855
t=58318ms polish_tc=30.4855
t=58411ms polish_tc=30.4845
t=58506ms polish_tc=30.4845
t=58603ms polish_tc=30.4845
t=58919ms polish_tc=30.4840
t=59018ms polish_tc=30.4840
t=59122ms polish_tc=30.4832
t=59220ms polish_tc=30.4832
t=59336ms polish_tc=30.4830
t=59735ms polish_tc=30.4793
t=59872ms polish_tc=30.4782
t=60046ms polish_tc=30.4686
t=60172ms polish_tc=30.4630
t=60293ms polish_tc=30.4591
t=60430ms polish_tc=30.4568
t=60557ms polish_tc=30.4563
t=60682ms polish_tc=30.4550
t=60805ms polish_tc=30.4483
t=60929ms polish_tc=30.4442
t=61066ms polish_tc=30.4441
t=61190ms polish_tc=30.4421
t=61319ms polish_tc=30.4316
t=61444ms polish_tc=30.4311
t=61567ms polish_tc=30.4295
t=61686ms polish_tc=30.4269
t=61920ms polish_tc=30.4269
t=62038ms polish_tc=30.4266
t=62165ms polish_tc=30.4255
t=62327ms polish_tc=30.4247
t=62448ms polish_tc=30.4242
t=62581ms polish_tc=30.4229
t=62698ms polish_tc=30.4229
t=62918ms polish_tc=30.4217
t=63018ms polish_tc=30.4212
t=65518ms polish_tc=30.4205
anneal_sweeps=121632 cycles=48 fresh=4
t_final=87306ms tc_greedy=53.6496 tc_mcts=49.9117 tc_final=30.4205 tc_full=30.4205 leaves=2304
