simplify: n_orig=480 n_reduced=400 shrink=0.1667 t_simp=6ms
t_seed=613ms tc_seed=40.0449 seed_trials=8
t_dp=3568ms tc_greedy=39.5291
t=5520ms mcts_tc=38.6390
t_mcts=22628ms mcts: backup=min rollouts=128 rate=6/s depth=3 nodes=129 improves=1 tc_mcts=38.6390
ATTRIBUTION tc_greedy=39.5291 tc_mcts_prepolish=38.6390 mcts_beats_greedy=true
t=24529ms polish_tc=38.1199
t=28339ms polish_tc=37.9446
t=28347ms polish_tc=37.9440
t=28354ms polish_tc=37.9440
t=28362ms polish_tc=37.9440
t=28370ms polish_tc=37.9440
t=28379ms polish_tc=37.9438
t=28388ms polish_tc=37.9141
t=28395ms polish_tc=37.8898
t=28402ms polish_tc=37.8776
t=28409ms polish_tc=37.8776
t=28417ms polish_tc=37.8753
t=28424ms polish_tc=37.4369
t=28432ms polish_tc=37.4353
t=28439ms polish_tc=37.3495
t=28446ms polish_tc=37.2785
t=28454ms polish_tc=37.2780
t=28461ms polish_tc=37.2593
t=28468ms polish_tc=37.2593
t=32601ms polish_tc=37.2521
t=32610ms polish_tc=37.2517
t=32619ms polish_tc=37.2517
t=32629ms polish_tc=37.2516
t=32637ms polish_tc=37.2514
t=32645ms polish_tc=37.2513
t=32654ms polish_tc=37.2513
t=32664ms polish_tc=37.2512
t=32682ms polish_tc=37.1233
t=32689ms polish_tc=37.1129
t=32697ms polish_tc=37.1126
t=32705ms polish_tc=37.1126
t=32714ms polish_tc=37.1077
t=32726ms polish_tc=37.1010
t=32734ms polish_tc=37.1007
t=32745ms polish_tc=37.1000
t=32753ms polish_tc=37.1000
t=32762ms polish_tc=37.0980
t=32770ms polish_tc=37.0980
t=32778ms polish_tc=37.0979
t=32786ms polish_tc=37.0979
t=32795ms polish_tc=37.0979
t=39562ms polish_tc=37.0872
t=39592ms polish_tc=36.9816
t=39600ms polish_tc=36.9761
t=39607ms polish_tc=36.9761
t=39616ms polish_tc=36.9758
t=39625ms polish_tc=36.9618
t=39651ms polish_tc=36.9328
t=39658ms polish_tc=36.8905
t=39666ms polish_tc=36.7927
t=39674ms polish_tc=36.7917
t=39681ms polish_tc=36.7912
t=39688ms polish_tc=36.7789
t=39696ms polish_tc=36.7583
t=39704ms polish_tc=36.7565
t=39711ms polish_tc=36.7560
t=39718ms polish_tc=36.7560
t=39744ms polish_tc=36.6538
t=39752ms polish_tc=36.6509
t=39760ms polish_tc=36.6491
t=39768ms polish_tc=36.6473
t=39776ms polish_tc=36.6467
t=39784ms polish_tc=36.6465
t=39792ms polish_tc=36.5272
t=39801ms polish_tc=36.5251
t=39809ms polish_tc=36.5241
t=39817ms polish_tc=36.5207
t=39825ms polish_tc=36.5205
t=39833ms polish_tc=36.5204
t=39841ms polish_tc=36.5204
t=39849ms polish_tc=36.5201
t=39857ms polish_tc=36.5194
t=39866ms polish_tc=36.2461
t=39874ms polish_tc=36.0091
t=39882ms polish_tc=36.0090
t=39890ms polish_tc=35.9997
t=39898ms polish_tc=35.9908
t=39906ms polish_tc=35.9900
t=39914ms polish_tc=35.9899
t=39923ms polish_tc=35.9885
t=39931ms polish_tc=35.9883
t=39960ms polish_tc=35.9773
t=39967ms polish_tc=35.9768
t=39976ms polish_tc=35.9723
t=39983ms polish_tc=35.9716
t=39990ms polish_tc=35.9716
t=40054ms polish_tc=35.5049
t=40063ms polish_tc=35.2252
t=40078ms polish_tc=35.0681
t=40086ms polish_tc=34.8908
t=40094ms polish_tc=34.8747
t=40102ms polish_tc=34.8623
t=40111ms polish_tc=34.8622
t=40119ms polish_tc=34.8435
t=40128ms polish_tc=34.7593
t=40136ms polish_tc=34.7592
t=40145ms polish_tc=34.7389
t=40157ms polish_tc=34.7388
t=40166ms polish_tc=34.7388
t=40175ms polish_tc=34.7335
t=40183ms polish_tc=34.6201
t=40192ms polish_tc=34.6199
t=40224ms polish_tc=34.6169
t=40233ms polish_tc=34.6157
t=40241ms polish_tc=34.6155
t=40250ms polish_tc=34.6063
t=40258ms polish_tc=34.6055
t=40266ms polish_tc=34.6054
t=40273ms polish_tc=34.6054
t=40281ms polish_tc=34.6018
t=40289ms polish_tc=34.6018
t=40297ms polish_tc=34.6016
t=40306ms polish_tc=34.5529
t=40313ms polish_tc=34.5506
t=40321ms polish_tc=34.5473
t=40364ms polish_tc=34.5432
t=40372ms polish_tc=34.5428
t=40382ms polish_tc=34.5428
t=40389ms polish_tc=34.5427
t=40411ms polish_tc=34.5233
t=40420ms polish_tc=34.5080
t=40438ms polish_tc=34.4992
t=40447ms polish_tc=34.4258
t=40455ms polish_tc=34.4190
t=40462ms polish_tc=34.4190
t=40470ms polish_tc=34.4189
t=40479ms polish_tc=34.4114
t=40486ms polish_tc=34.4114
t=40494ms polish_tc=34.4114
t=40502ms polish_tc=34.4111
t=40509ms polish_tc=34.4111
t=40517ms polish_tc=34.4108
t=40529ms polish_tc=34.4108
t=40539ms polish_tc=34.4106
t=40547ms polish_tc=34.4101
t=40585ms polish_tc=34.3498
t=40593ms polish_tc=34.3495
t=40603ms polish_tc=34.2325
t=40611ms polish_tc=34.2325
t=40619ms polish_tc=34.0742
t=40627ms polish_tc=34.0697
t=40634ms polish_tc=34.0694
t=40642ms polish_tc=34.0548
t=40650ms polish_tc=34.0548
t=40659ms polish_tc=34.0261
t=40666ms polish_tc=34.0261
t=40673ms polish_tc=34.0260
t=40681ms polish_tc=34.0260
t=40690ms polish_tc=34.0184
t=40698ms polish_tc=34.0101
t=40705ms polish_tc=33.9214
t=40712ms polish_tc=33.9214
t=40719ms polish_tc=33.9206
t=40726ms polish_tc=33.9206
t=40734ms polish_tc=33.9203
t=40741ms polish_tc=33.9195
t=40751ms polish_tc=33.9188
t=40759ms polish_tc=33.9187
t=40770ms polish_tc=33.9184
t=40777ms polish_tc=33.8768
t=40785ms polish_tc=33.8721
t=40792ms polish_tc=33.8720
t=40800ms polish_tc=33.8486
t=40807ms polish_tc=33.6334
t=40815ms polish_tc=33.6303
t=40822ms polish_tc=33.6235
t=40833ms polish_tc=33.6045
t=40841ms polish_tc=33.6031
t=40849ms polish_tc=33.6030
t=40857ms polish_tc=33.6028
t=40865ms polish_tc=33.6020
t=40873ms polish_tc=33.5982
t=40881ms polish_tc=33.5952
t=40889ms polish_tc=33.5783
t=40897ms polish_tc=33.5466
t=40904ms polish_tc=33.5463
t=40912ms polish_tc=33.5435
t=40919ms polish_tc=33.5428
t=40926ms polish_tc=33.5393
t=40934ms polish_tc=33.5391
t=40942ms polish_tc=33.5386
t=40969ms polish_tc=33.5383
t=40977ms polish_tc=33.5379
t=40984ms polish_tc=33.4756
t=40994ms polish_tc=33.4736
t=41002ms polish_tc=33.4735
t=41009ms polish_tc=33.4734
t=41017ms polish_tc=33.4717
t=41032ms polish_tc=33.4708
t=41040ms polish_tc=33.4707
t=41047ms polish_tc=33.4647
t=41054ms polish_tc=33.4635
t=41105ms polish_tc=33.3659
t=41113ms polish_tc=33.3658
t=41120ms polish_tc=33.3658
t=41127ms polish_tc=33.3619
t=41135ms polish_tc=33.3616
t=41145ms polish_tc=33.3616
t=41153ms polish_tc=33.3613
t=41161ms polish_tc=33.3611
t=41170ms polish_tc=33.3599
t=41180ms polish_tc=33.3598
t=41193ms polish_tc=33.3596
t=41200ms polish_tc=33.3596
t=41207ms polish_tc=33.3596
t=41214ms polish_tc=33.3593
t=41222ms polish_tc=33.3593
t=47855ms polish_tc=33.2041
t=47864ms polish_tc=33.2040
t=47874ms polish_tc=33.2024
t=47883ms polish_tc=33.2009
t=47892ms polish_tc=33.2009
t=47899ms polish_tc=33.2006
t=47907ms polish_tc=33.2004
t=47915ms polish_tc=33.1993
t=47924ms polish_tc=33.1992
t=47932ms polish_tc=33.1662
t=47941ms polish_tc=33.1639
t=47949ms polish_tc=33.1634
t=47958ms polish_tc=33.1634
t=47967ms polish_tc=33.1547
t=47975ms polish_tc=33.1544
t=47983ms polish_tc=33.1508
t=47993ms polish_tc=33.1484
t=48002ms polish_tc=33.1462
t=48010ms polish_tc=33.1456
t=48019ms polish_tc=33.1454
t=48027ms polish_tc=33.1228
t=48036ms polish_tc=33.1083
t=48046ms polish_tc=32.8752
t=48055ms polish_tc=32.8574
t=48063ms polish_tc=32.8537
t=48072ms polish_tc=32.8084
t=48080ms polish_tc=32.7728
t=48088ms polish_tc=32.6768
t=48096ms polish_tc=32.6590
t=48104ms polish_tc=32.6497
t=48112ms polish_tc=32.6489
t=48126ms polish_tc=32.6442
t=48134ms polish_tc=32.6439
t=48142ms polish_tc=32.6430
t=48150ms polish_tc=32.5780
t=48159ms polish_tc=32.5779
t=48168ms polish_tc=32.5525
t=48175ms polish_tc=32.5522
t=48183ms polish_tc=32.5329
t=48191ms polish_tc=32.5329
t=48200ms polish_tc=32.5212
t=48207ms polish_tc=32.5173
t=48216ms polish_tc=32.4931
t=48224ms polish_tc=32.4888
t=48231ms polish_tc=32.4887
t=48239ms polish_tc=32.4868
t=48247ms polish_tc=32.4700
t=48255ms polish_tc=32.3743
t=48264ms polish_tc=32.3656
t=48271ms polish_tc=32.3640
t=48280ms polish_tc=32.3012
t=48288ms polish_tc=32.3011
t=48295ms polish_tc=32.2977
t=48304ms polish_tc=32.2971
t=48311ms polish_tc=32.2891
t=48319ms polish_tc=32.2880
t=48327ms polish_tc=32.2716
t=48335ms polish_tc=32.2716
t=48344ms polish_tc=32.2710
t=48353ms polish_tc=32.2696
t=48362ms polish_tc=32.2474
t=48370ms polish_tc=32.1694
t=48378ms polish_tc=32.1492
t=48386ms polish_tc=32.1481
t=48394ms polish_tc=32.1107
t=48402ms polish_tc=32.1082
t=48409ms polish_tc=32.1082
t=48418ms polish_tc=32.1020
t=48425ms polish_tc=32.1017
t=48433ms polish_tc=32.1016
t=48441ms polish_tc=32.0889
t=48449ms polish_tc=32.0509
t=48457ms polish_tc=32.0376
t=48470ms polish_tc=32.0183
t=48478ms polish_tc=32.0133
t=48490ms polish_tc=31.9881
t=48499ms polish_tc=31.9871
t=48507ms polish_tc=31.9868
t=48516ms polish_tc=31.9780
t=48524ms polish_tc=31.9736
t=48532ms polish_tc=31.9735
t=48545ms polish_tc=31.9171
t=48556ms polish_tc=31.8905
t=48564ms polish_tc=31.8583
t=48571ms polish_tc=31.8581
t=48579ms polish_tc=31.8566
t=48587ms polish_tc=31.8559
t=48595ms polish_tc=31.8373
t=48604ms polish_tc=31.8221
t=48624ms polish_tc=31.8219
t=48632ms polish_tc=31.8127
t=48641ms polish_tc=31.8123
t=48649ms polish_tc=31.8123
t=48665ms polish_tc=31.8117
t=48673ms polish_tc=31.8104
t=48682ms polish_tc=31.8100
t=48692ms polish_tc=31.7442
t=48699ms polish_tc=31.7441
t=48714ms polish_tc=31.7374
t=48722ms polish_tc=31.7368
t=48730ms polish_tc=31.7368
t=48738ms polish_tc=31.7355
t=48746ms polish_tc=31.7346
t=48769ms polish_tc=31.7150
t=48777ms polish_tc=31.7030
t=48785ms polish_tc=31.7000
t=48794ms polish_tc=31.6991
t=48803ms polish_tc=31.6808
t=48811ms polish_tc=31.6775
t=48819ms polish_tc=31.6768
t=48836ms polish_tc=31.6740
t=48844ms polish_tc=31.6682
t=48851ms polish_tc=31.6671
t=48859ms polish_tc=31.6662
t=48867ms polish_tc=31.6654
t=48875ms polish_tc=31.6651
t=48884ms polish_tc=31.6644
t=48892ms polish_tc=31.6600
t=48900ms polish_tc=31.6562
t=48908ms polish_tc=31.6552
t=48918ms polish_tc=31.6453
t=48926ms polish_tc=31.6447
t=48935ms polish_tc=31.6396
t=48942ms polish_tc=31.6382
t=48950ms polish_tc=31.6330
t=48964ms polish_tc=31.6326
t=48971ms polish_tc=31.6324
t=48980ms polish_tc=31.6309
t=48992ms polish_tc=31.6302
t=49010ms polish_tc=31.6266
t=49023ms polish_tc=31.6059
t=49031ms polish_tc=31.5992
t=49038ms polish_tc=31.5716
t=49046ms polish_tc=31.5709
t=49054ms polish_tc=31.5708
t=49062ms polish_tc=31.5671
t=49077ms polish_tc=31.5664
t=49089ms polish_tc=31.5332
t=49098ms polish_tc=31.5326
t=49106ms polish_tc=31.5316
t=49114ms polish_tc=31.5277
t=49122ms polish_tc=31.5197
t=49130ms polish_tc=31.5044
t=49138ms polish_tc=31.4983
t=49146ms polish_tc=31.4928
t=49154ms polish_tc=31.4888
t=49170ms polish_tc=31.4798
t=49178ms polish_tc=31.3450
t=49186ms polish_tc=31.3449
t=49194ms polish_tc=31.3448
t=49203ms polish_tc=31.3406
t=49211ms polish_tc=31.3406
t=49220ms polish_tc=31.3406
t=49231ms polish_tc=31.3405
t=49239ms polish_tc=31.3404
t=49248ms polish_tc=31.3403
t=49257ms polish_tc=31.3242
t=49265ms polish_tc=31.3237
t=49304ms polish_tc=31.3130
t=49312ms polish_tc=31.3122
t=49320ms polish_tc=31.3122
t=49341ms polish_tc=31.3009
t=49349ms polish_tc=31.2129
t=49357ms polish_tc=31.2122
t=49365ms polish_tc=31.2120
t=49373ms polish_tc=31.2120
t=49381ms polish_tc=31.2026
t=49389ms polish_tc=31.2026
t=49398ms polish_tc=31.2020
t=49406ms polish_tc=31.2020
t=49413ms polish_tc=31.2019
t=49421ms polish_tc=31.2014
t=49455ms polish_tc=31.2000
t=49463ms polish_tc=31.1957
t=49474ms polish_tc=31.1894
t=49482ms polish_tc=31.1894
t=49491ms polish_tc=31.1864
t=49500ms polish_tc=31.1854
t=49517ms polish_tc=31.1670
t=49525ms polish_tc=31.1666
t=49535ms polish_tc=31.1663
t=49565ms polish_tc=31.1661
t=49573ms polish_tc=31.0855
t=49581ms polish_tc=31.0834
t=49595ms polish_tc=31.0806
t=49605ms polish_tc=31.0794
t=49612ms polish_tc=31.0794
t=49620ms polish_tc=31.0787
t=49628ms polish_tc=31.0677
t=49637ms polish_tc=31.0508
t=49645ms polish_tc=31.0507
t=49653ms polish_tc=31.0506
t=49660ms polish_tc=31.0427
t=49668ms polish_tc=31.0383
t=49750ms polish_tc=30.8280
t=49758ms polish_tc=30.7193
t=49767ms polish_tc=30.7188
t=49775ms polish_tc=30.7161
t=49784ms polish_tc=30.7160
t=49792ms polish_tc=30.7150
t=49801ms polish_tc=30.7148
t=49878ms polish_tc=30.6626
t=49886ms polish_tc=30.6080
t=49894ms polish_tc=30.6067
t=49901ms polish_tc=30.6040
t=49915ms polish_tc=30.5871
t=49923ms polish_tc=30.5812
t=49931ms polish_tc=30.5173
t=49938ms polish_tc=30.5164
t=49946ms polish_tc=30.5124
t=49954ms polish_tc=30.4857
t=49961ms polish_tc=30.4782
t=49970ms polish_tc=30.4190
t=49978ms polish_tc=30.2940
t=49985ms polish_tc=30.2850
t=49994ms polish_tc=30.2796
t=50001ms polish_tc=30.2785
t=50009ms polish_tc=30.2702
t=50017ms polish_tc=30.2318
t=50025ms polish_tc=30.2195
t=50032ms polish_tc=30.2024
t=50040ms polish_tc=30.1926
t=50047ms polish_tc=30.1923
t=50056ms polish_tc=30.1911
t=50066ms polish_tc=30.1879
t=50075ms polish_tc=30.1877
t=50084ms polish_tc=30.1877
t=50094ms polish_tc=30.1876
t=50101ms polish_tc=30.1876
t=50109ms polish_tc=30.1876
t=50123ms polish_tc=30.1868
t=50131ms polish_tc=30.1868
t=50139ms polish_tc=30.1868
t=50147ms polish_tc=30.1857
t=50156ms polish_tc=30.1857
t=50164ms polish_tc=30.1844
t=50172ms polish_tc=30.1843
t=50215ms polish_tc=30.1805
t=50223ms polish_tc=30.1761
t=50231ms polish_tc=30.1542
t=50239ms polish_tc=30.1525
t=50247ms polish_tc=30.1478
t=50254ms polish_tc=30.1476
t=50262ms polish_tc=30.0959
t=50270ms polish_tc=30.0956
t=50278ms polish_tc=30.0956
t=50286ms polish_tc=30.0797
t=50294ms polish_tc=30.0757
t=50302ms polish_tc=30.0756
t=50310ms polish_tc=30.0753
t=50318ms polish_tc=30.0744
t=50328ms polish_tc=30.0742
t=50336ms polish_tc=30.0742
t=50344ms polish_tc=30.0742
t=50351ms polish_tc=30.0740
t=50367ms polish_tc=30.0685
t=50375ms polish_tc=30.0663
t=50386ms polish_tc=30.0039
t=50394ms polish_tc=29.9987
t=50403ms polish_tc=29.9087
t=50411ms polish_tc=29.9086
t=50419ms polish_tc=29.9085
t=50427ms polish_tc=29.9075
t=50436ms polish_tc=29.9060
t=50445ms polish_tc=29.9054
t=50454ms polish_tc=29.9049
anneal_sweeps=358336 cycles=97 fresh=18
t_final=87303ms tc_greedy=39.5291 tc_mcts=38.6390 tc_final=29.9049 tc_full=29.9049 leaves=480
