probe: instance=surfacecode_d21 n_orig=2203 n=761 fusible=0.6546 nlabels=798 t=13ms
seed_greedy tc=58.8237 t=405ms
t=714ms iter=1 WAIST cost=55.0000 best_alt=33.0000 gap=22.0000 tried=5 sep_labels=33 clique_frac=0.02
t=1156ms iter=1 REBUILD ACCEPT new_tc=48.9720 (was 55.2042)
t=1401ms iter=1 incumb=48.9720 ratchet=49.0811 best=48.9720 since_improve=1
t=1423ms iter=2 WAIST cost=47.0000 best_alt=33.0000 gap=14.0000 tried=5 sep_labels=33 clique_frac=0.02
t=1892ms iter=2 REBUILD ACCEPT new_tc=48.8547 (was 48.9720)
t=2450ms iter=2 incumb=48.8547 ratchet=48.8638 best=48.8487 since_improve=1
t=2476ms iter=3 WAIST cost=45.0000 best_alt=33.0000 gap=12.0000 tried=5 sep_labels=33 clique_frac=0.01
t=2788ms iter=3 REBUILD reject new_tc=48.9446 (was 48.8547)
t=4124ms iter=3 incumb=48.8547 ratchet=48.7745 best=48.7745 since_improve=0
t=4154ms iter=4 WAIST cost=45.0000 best_alt=40.0000 gap=5.0000 tried=5 sep_labels=40 clique_frac=0.02
t=4615ms iter=4 REBUILD ACCEPT new_tc=48.7686 (was 48.7745)
t=5392ms iter=4 incumb=48.7686 ratchet=48.7605 best=48.7605 since_improve=0
t=5425ms iter=5 WAIST cost=45.0000 best_alt=33.0000 gap=12.0000 tried=5 sep_labels=33 clique_frac=0.04
t=5731ms iter=5 REBUILD reject new_tc=50.4517 (was 48.7605)
t=6312ms iter=5 incumb=48.7605 ratchet=48.7462 best=48.7462 since_improve=0
t=6344ms iter=6 WAIST cost=44.0000 best_alt=33.0000 gap=11.0000 tried=5 sep_labels=33 clique_frac=0.02
t=6663ms iter=6 REBUILD reject new_tc=49.1365 (was 48.7462)
t=7948ms iter=6 incumb=48.7462 ratchet=48.7253 best=48.7191 since_improve=0
t=7969ms iter=7 WAIST cost=45.0000 best_alt=35.0000 gap=10.0000 tried=5 sep_labels=35 clique_frac=0.04
t=8272ms iter=7 REBUILD reject new_tc=51.2165 (was 48.7253)
t=9474ms iter=7 incumb=48.7253 ratchet=48.7038 best=48.7038 since_improve=0
t=9498ms iter=8 WAIST cost=45.0000 best_alt=40.0000 gap=5.0000 tried=5 sep_labels=40 clique_frac=0.02
t=9796ms iter=8 REBUILD reject new_tc=53.0415 (was 48.7038)
t_final=9971ms tc_reduced=48.7038 tc_full=49.0253 leaves=2203
surgery summary: calls=8 cheaper_cuts=8 rebuild_accepts=3 waist_min_hits=0
