probe: instance=uai_DBN_16 n_orig=572 n=484 fusible=0.1538 nlabels=44 t=8ms
seed_greedy tc=44.1534 t=579ms
t=640ms iter=1 WAIST cost=44.0000 best_alt=22.0000 gap=22.0000 tried=5 sep_labels=22 clique_frac=0.00
t=785ms iter=1 REBUILD ACCEPT new_tc=34.7691 (was 44.1534)
t=851ms iter=1 incumb=34.7691 ratchet=34.9838 best=34.7691 since_improve=1
t=864ms iter=2 WAIST cost=34.0000 best_alt=22.0000 gap=12.0000 tried=5 sep_labels=22 clique_frac=0.00
t=1005ms iter=2 REBUILD reject new_tc=37.1272 (was 34.7691)
t=1070ms iter=2 incumb=34.7691 ratchet=35.4872 best=34.7691 since_improve=2
t=1084ms iter=3 WAIST cost=34.0000 best_alt=22.0000 gap=12.0000 tried=5 sep_labels=22 clique_frac=0.00
t=1225ms iter=3 REBUILD reject new_tc=37.7328 (was 34.7691)
t=1289ms iter=3 incumb=34.7691 ratchet=35.3317 best=34.7691 since_improve=3
t=1303ms iter=4 WAIST cost=34.0000 best_alt=22.0000 gap=12.0000 tried=5 sep_labels=22 clique_frac=0.00
t=1442ms iter=4 REBUILD reject new_tc=37.4910 (was 34.7691)
t=1507ms iter=4 incumb=34.7691 ratchet=35.3151 best=34.7691 since_improve=4
t=1518ms iter=5 WAIST cost=34.0000 best_alt=22.0000 gap=12.0000 tried=5 sep_labels=22 clique_frac=0.00
t=1660ms iter=5 REBUILD reject new_tc=37.5655 (was 34.7691)
t=1724ms iter=5 incumb=34.7691 ratchet=34.9259 best=34.7691 since_improve=5
t=1738ms iter=6 WAIST cost=34.0000 best_alt=22.0000 gap=12.0000 tried=5 sep_labels=22 clique_frac=0.00
t=1878ms iter=6 REBUILD reject new_tc=37.3525 (was 34.7691)
t=1943ms iter=6 incumb=34.7691 ratchet=35.2125 best=34.7691 since_improve=6
t=1956ms iter=7 WAIST cost=34.0000 best_alt=22.0000 gap=12.0000 tried=5 sep_labels=22 clique_frac=0.00
t=2097ms iter=7 REBUILD reject new_tc=37.3487 (was 34.7691)
t=2162ms iter=7 incumb=34.7691 ratchet=36.0993 best=34.7691 since_improve=7
t=2174ms iter=8 WAIST cost=34.0000 best_alt=22.0000 gap=12.0000 tried=5 sep_labels=22 clique_frac=0.00
t=2313ms iter=8 REBUILD reject new_tc=37.5018 (was 34.7691)
t=2379ms iter=8 incumb=34.7691 ratchet=35.1916 best=34.7691 since_improve=8
t=2392ms iter=9 WAIST cost=34.0000 best_alt=22.0000 gap=12.0000 tried=5 sep_labels=22 clique_frac=0.00
t=2531ms iter=9 REBUILD reject new_tc=37.3393 (was 34.7691)
t=2596ms iter=9 incumb=34.7691 ratchet=35.3604 best=34.7691 since_improve=9
t=2609ms iter=10 WAIST cost=34.0000 best_alt=22.0000 gap=12.0000 tried=5 sep_labels=22 clique_frac=0.00
t=2750ms iter=10 REBUILD reject new_tc=36.8133 (was 34.7691)
t=2814ms iter=10 incumb=34.7691 ratchet=34.9077 best=34.7691 since_improve=10
t=2826ms iter=11 WAIST cost=34.0000 best_alt=22.0000 gap=12.0000 tried=5 sep_labels=22 clique_frac=0.00
t=2967ms iter=11 REBUILD reject new_tc=37.5663 (was 34.7691)
t=3032ms iter=11 incumb=34.7691 ratchet=35.3025 best=34.7691 since_improve=11
t=3043ms iter=12 WAIST cost=34.0000 best_alt=22.0000 gap=12.0000 tried=5 sep_labels=22 clique_frac=0.00
t=3183ms iter=12 REBUILD reject new_tc=37.2769 (was 34.7691)
t=3248ms iter=12 incumb=34.7691 ratchet=35.1092 best=34.7691 since_improve=12
t=3261ms iter=13 WAIST cost=34.0000 best_alt=22.0000 gap=12.0000 tried=5 sep_labels=22 clique_frac=0.00
t=3401ms iter=13 REBUILD reject new_tc=37.5045 (was 34.7691)
t=3467ms iter=13 incumb=34.7691 ratchet=35.2334 best=34.7691 since_improve=13
t=3480ms iter=14 WAIST cost=34.0000 best_alt=22.0000 gap=12.0000 tried=5 sep_labels=22 clique_frac=0.00
t=3621ms iter=14 REBUILD reject new_tc=36.6640 (was 34.7691)
t=3686ms iter=14 incumb=34.7691 ratchet=35.2629 best=34.7691 since_improve=14
t=3698ms iter=15 WAIST cost=34.0000 best_alt=22.0000 gap=12.0000 tried=5 sep_labels=22 clique_frac=0.00
t=3838ms iter=15 REBUILD reject new_tc=37.2956 (was 34.7691)
t=3903ms iter=15 incumb=34.7691 ratchet=35.0709 best=34.7691 since_improve=15
t=3914ms iter=16 WAIST cost=34.0000 best_alt=22.0000 gap=12.0000 tried=5 sep_labels=22 clique_frac=0.00
t=4053ms iter=16 REBUILD reject new_tc=37.5489 (was 34.7691)
t=4118ms iter=16 incumb=34.7691 ratchet=35.2033 best=34.7691 since_improve=16
t=4129ms iter=17 WAIST cost=34.0000 best_alt=22.0000 gap=12.0000 tried=5 sep_labels=22 clique_frac=0.00
t=4269ms iter=17 REBUILD reject new_tc=37.2458 (was 34.7691)
t=4333ms iter=17 incumb=34.7691 ratchet=34.9640 best=34.7691 since_improve=17
t=4344ms iter=18 WAIST cost=34.0000 best_alt=22.0000 gap=12.0000 tried=5 sep_labels=22 clique_frac=0.00
t=4485ms iter=18 REBUILD reject new_tc=37.1732 (was 34.7691)
t=4551ms iter=18 incumb=34.7691 ratchet=35.1762 best=34.7691 since_improve=18
t=4564ms iter=19 WAIST cost=34.0000 best_alt=22.0000 gap=12.0000 tried=5 sep_labels=22 clique_frac=0.00
t=4704ms iter=19 REBUILD reject new_tc=37.3343 (was 34.7691)
t=4769ms iter=19 incumb=34.7691 ratchet=34.9553 best=34.7691 since_improve=19
t=4781ms iter=20 WAIST cost=34.0000 best_alt=22.0000 gap=12.0000 tried=5 sep_labels=22 clique_frac=0.00
t=4920ms iter=20 REBUILD reject new_tc=37.3180 (was 34.7691)
t=4985ms iter=20 incumb=34.7691 ratchet=35.1153 best=34.7691 since_improve=20
t=4997ms iter=21 WAIST cost=34.0000 best_alt=22.0000 gap=12.0000 tried=5 sep_labels=22 clique_frac=0.00
t=5137ms iter=21 REBUILD reject new_tc=37.1923 (was 34.7691)
t=5203ms iter=21 incumb=34.7691 ratchet=35.9299 best=34.7691 since_improve=21
t=5216ms iter=22 WAIST cost=34.0000 best_alt=22.0000 gap=12.0000 tried=5 sep_labels=22 clique_frac=0.00
t=5356ms iter=22 REBUILD reject new_tc=37.2019 (was 34.7691)
t=5422ms iter=22 incumb=34.7691 ratchet=35.1094 best=34.7691 since_improve=22
t=5435ms iter=23 WAIST cost=34.0000 best_alt=22.0000 gap=12.0000 tried=5 sep_labels=22 clique_frac=0.00
t=5575ms iter=23 REBUILD reject new_tc=37.5492 (was 34.7691)
t=5640ms iter=23 incumb=34.7691 ratchet=35.0633 best=34.7691 since_improve=23
t=5653ms iter=24 WAIST cost=34.0000 best_alt=22.0000 gap=12.0000 tried=5 sep_labels=22 clique_frac=0.00
t=5791ms iter=24 REBUILD reject new_tc=37.6521 (was 34.7691)
t=5856ms iter=24 incumb=34.7691 ratchet=35.1683 best=34.7691 since_improve=24
t=5868ms iter=25 WAIST cost=34.0000 best_alt=22.0000 gap=12.0000 tried=5 sep_labels=22 clique_frac=0.00
t=6008ms iter=25 REBUILD reject new_tc=37.7190 (was 34.7691)
t=6073ms iter=25 incumb=34.7691 ratchet=34.9269 best=34.7691 since_improve=25
t=6085ms iter=26 WAIST cost=34.0000 best_alt=22.0000 gap=12.0000 tried=5 sep_labels=22 clique_frac=0.00
t=6224ms iter=26 REBUILD reject new_tc=37.3910 (was 34.7691)
t=6289ms iter=26 incumb=34.7691 ratchet=35.0035 best=34.7691 since_improve=26
t=6303ms iter=27 WAIST cost=34.0000 best_alt=22.0000 gap=12.0000 tried=5 sep_labels=22 clique_frac=0.00
t=6442ms iter=27 REBUILD reject new_tc=37.3574 (was 34.7691)
t=6509ms iter=27 incumb=34.7691 ratchet=35.0364 best=34.7691 since_improve=27
t=6520ms iter=28 WAIST cost=34.0000 best_alt=22.0000 gap=12.0000 tried=5 sep_labels=22 clique_frac=0.00
t=6661ms iter=28 REBUILD reject new_tc=37.4222 (was 34.7691)
t=6726ms iter=28 incumb=34.7691 ratchet=34.9751 best=34.7691 since_improve=28
t=6738ms iter=29 WAIST cost=34.0000 best_alt=22.0000 gap=12.0000 tried=5 sep_labels=22 clique_frac=0.00
t=6880ms iter=29 REBUILD reject new_tc=36.6613 (was 34.7691)
t=6945ms iter=29 incumb=34.7691 ratchet=35.2940 best=34.7691 since_improve=29
t=6957ms iter=30 WAIST cost=34.0000 best_alt=22.0000 gap=12.0000 tried=5 sep_labels=22 clique_frac=0.00
t=7098ms iter=30 REBUILD reject new_tc=37.5632 (was 34.7691)
t=7163ms iter=30 incumb=34.7691 ratchet=35.9189 best=34.7691 since_improve=30
t=7177ms iter=31 WAIST cost=34.0000 best_alt=22.0000 gap=12.0000 tried=5 sep_labels=22 clique_frac=0.00
t=7315ms iter=31 REBUILD reject new_tc=37.5492 (was 34.7691)
t=7381ms iter=31 incumb=34.7691 ratchet=35.4019 best=34.7691 since_improve=31
t=7395ms iter=32 WAIST cost=34.0000 best_alt=22.0000 gap=12.0000 tried=5 sep_labels=22 clique_frac=0.00
t=7536ms iter=32 REBUILD reject new_tc=37.6689 (was 34.7691)
t=7601ms iter=32 incumb=34.7691 ratchet=35.4369 best=34.7691 since_improve=32
t=7615ms iter=33 WAIST cost=34.0000 best_alt=22.0000 gap=12.0000 tried=5 sep_labels=22 clique_frac=0.00
t=7755ms iter=33 REBUILD reject new_tc=37.5238 (was 34.7691)
t=7820ms iter=33 incumb=34.7691 ratchet=35.0676 best=34.7691 since_improve=33
t=7834ms iter=34 WAIST cost=34.0000 best_alt=22.0000 gap=12.0000 tried=5 sep_labels=22 clique_frac=0.00
t=7976ms iter=34 REBUILD reject new_tc=37.4404 (was 34.7691)
t=8040ms iter=34 incumb=34.7691 ratchet=35.0541 best=34.7691 since_improve=34
t=8054ms iter=35 WAIST cost=34.0000 best_alt=22.0000 gap=12.0000 tried=5 sep_labels=22 clique_frac=0.00
t=8195ms iter=35 REBUILD reject new_tc=37.6709 (was 34.7691)
t=8261ms iter=35 incumb=34.7691 ratchet=35.3835 best=34.7691 since_improve=35
t=8273ms iter=36 WAIST cost=34.0000 best_alt=22.0000 gap=12.0000 tried=5 sep_labels=22 clique_frac=0.00
t=8413ms iter=36 REBUILD reject new_tc=37.5118 (was 34.7691)
t=8478ms iter=36 incumb=34.7691 ratchet=35.0161 best=34.7691 since_improve=36
t=8490ms iter=37 WAIST cost=34.0000 best_alt=22.0000 gap=12.0000 tried=5 sep_labels=22 clique_frac=0.00
t=8633ms iter=37 REBUILD reject new_tc=37.5212 (was 34.7691)
t=8699ms iter=37 incumb=34.7691 ratchet=35.2025 best=34.7691 since_improve=37
t=8714ms iter=38 WAIST cost=34.0000 best_alt=22.0000 gap=12.0000 tried=5 sep_labels=22 clique_frac=0.00
t=8854ms iter=38 REBUILD reject new_tc=37.3666 (was 34.7691)
t=8919ms iter=38 incumb=34.7691 ratchet=34.8877 best=34.7691 since_improve=38
t=8932ms iter=39 WAIST cost=34.0000 best_alt=22.0000 gap=12.0000 tried=5 sep_labels=22 clique_frac=0.00
t=9073ms iter=39 REBUILD reject new_tc=37.2868 (was 34.7691)
t=9140ms iter=39 incumb=34.7691 ratchet=35.2776 best=34.7691 since_improve=39
t=9152ms iter=40 WAIST cost=34.0000 best_alt=22.0000 gap=12.0000 tried=5 sep_labels=22 clique_frac=0.00
t=9292ms iter=40 REBUILD reject new_tc=36.4860 (was 34.7691)
t=9357ms iter=40 incumb=34.7691 ratchet=35.2397 best=34.7691 since_improve=40
t=9367ms iter=41 WAIST cost=34.0000 best_alt=22.0000 gap=12.0000 tried=5 sep_labels=22 clique_frac=0.00
t=9508ms iter=41 REBUILD reject new_tc=37.4731 (was 34.7691)
t=9574ms iter=41 incumb=34.7691 ratchet=35.1474 best=34.7691 since_improve=41
t=9586ms iter=42 WAIST cost=34.0000 best_alt=22.0000 gap=12.0000 tried=5 sep_labels=22 clique_frac=0.00
t=9726ms iter=42 REBUILD reject new_tc=37.5454 (was 34.7691)
t=9792ms iter=42 incumb=34.7691 ratchet=35.3660 best=34.7691 since_improve=42
t=9803ms iter=43 WAIST cost=34.0000 best_alt=22.0000 gap=12.0000 tried=5 sep_labels=22 clique_frac=0.00
t=9943ms iter=43 REBUILD reject new_tc=37.5704 (was 34.7691)
t=10009ms iter=43 incumb=34.7691 ratchet=35.0390 best=34.7691 since_improve=43
t=10022ms iter=44 WAIST cost=34.0000 best_alt=22.0000 gap=12.0000 tried=5 sep_labels=22 clique_frac=0.00
t=10163ms iter=44 REBUILD reject new_tc=37.5552 (was 34.7691)
t=10229ms iter=44 incumb=34.7691 ratchet=35.0014 best=34.7691 since_improve=44
t=10240ms iter=45 WAIST cost=34.0000 best_alt=22.0000 gap=12.0000 tried=5 sep_labels=22 clique_frac=0.00
t=10381ms iter=45 REBUILD reject new_tc=37.3439 (was 34.7691)
t=10446ms iter=45 incumb=34.7691 ratchet=35.3793 best=34.7691 since_improve=45
t=10458ms iter=46 WAIST cost=34.0000 best_alt=22.0000 gap=12.0000 tried=5 sep_labels=22 clique_frac=0.00
t=10597ms iter=46 REBUILD reject new_tc=37.3180 (was 34.7691)
t=10662ms iter=46 incumb=34.7691 ratchet=35.4052 best=34.7691 since_improve=46
t=10676ms iter=47 WAIST cost=34.0000 best_alt=22.0000 gap=12.0000 tried=5 sep_labels=22 clique_frac=0.00
t=10816ms iter=47 REBUILD reject new_tc=36.8401 (was 34.7691)
t=10881ms iter=47 incumb=34.7691 ratchet=34.8832 best=34.7691 since_improve=47
t=10895ms iter=48 WAIST cost=34.0000 best_alt=22.0000 gap=12.0000 tried=5 sep_labels=22 clique_frac=0.00
t=11034ms iter=48 REBUILD reject new_tc=37.4354 (was 34.7691)
t=11100ms iter=48 incumb=34.7691 ratchet=35.3256 best=34.7691 since_improve=48
t=11113ms iter=49 WAIST cost=34.0000 best_alt=22.0000 gap=12.0000 tried=5 sep_labels=22 clique_frac=0.00
t=11253ms iter=49 REBUILD reject new_tc=37.3985 (was 34.7691)
t=11319ms iter=49 incumb=34.7691 ratchet=35.3023 best=34.7691 since_improve=49
t=11331ms iter=50 WAIST cost=34.0000 best_alt=22.0000 gap=12.0000 tried=5 sep_labels=22 clique_frac=0.00
t=11470ms iter=50 REBUILD reject new_tc=37.3855 (was 34.7691)
t=11536ms iter=50 incumb=34.7691 ratchet=35.1465 best=34.7691 since_improve=50
t=11548ms iter=51 WAIST cost=34.0000 best_alt=22.0000 gap=12.0000 tried=5 sep_labels=22 clique_frac=0.00
t=11690ms iter=51 REBUILD reject new_tc=37.5838 (was 34.7691)
t=11756ms iter=51 incumb=34.7691 ratchet=35.1531 best=34.7691 since_improve=51
t=11768ms iter=52 WAIST cost=34.0000 best_alt=22.0000 gap=12.0000 tried=5 sep_labels=22 clique_frac=0.00
t=11907ms iter=52 REBUILD reject new_tc=37.3178 (was 34.7691)
t=11973ms iter=52 incumb=34.7691 ratchet=35.3902 best=34.7691 since_improve=52
t=11984ms iter=53 WAIST cost=34.0000 best_alt=22.0000 gap=12.0000 tried=5 sep_labels=22 clique_frac=0.00
t=12126ms iter=53 REBUILD reject new_tc=36.2936 (was 34.7691)
t=12192ms iter=53 incumb=34.7691 ratchet=35.0332 best=34.7691 since_improve=53
t=12203ms iter=54 WAIST cost=34.0000 best_alt=22.0000 gap=12.0000 tried=5 sep_labels=22 clique_frac=0.00
t=12343ms iter=54 REBUILD reject new_tc=37.5397 (was 34.7691)
t=12409ms iter=54 incumb=34.7691 ratchet=34.9563 best=34.7691 since_improve=54
t=12423ms iter=55 WAIST cost=34.0000 best_alt=22.0000 gap=12.0000 tried=5 sep_labels=22 clique_frac=0.00
t=12564ms iter=55 REBUILD reject new_tc=37.1940 (was 34.7691)
t=12629ms iter=55 incumb=34.7691 ratchet=35.1389 best=34.7691 since_improve=55
t=12642ms iter=56 WAIST cost=34.0000 best_alt=22.0000 gap=12.0000 tried=5 sep_labels=22 clique_frac=0.00
t=12783ms iter=56 REBUILD reject new_tc=37.5550 (was 34.7691)
t=12848ms iter=56 incumb=34.7691 ratchet=35.2609 best=34.7691 since_improve=56
t=12863ms iter=57 WAIST cost=34.0000 best_alt=22.0000 gap=12.0000 tried=5 sep_labels=22 clique_frac=0.00
t=13003ms iter=57 REBUILD reject new_tc=37.5256 (was 34.7691)
t=13069ms iter=57 incumb=34.7691 ratchet=35.2929 best=34.7691 since_improve=57
t=13079ms iter=58 WAIST cost=34.0000 best_alt=22.0000 gap=12.0000 tried=5 sep_labels=22 clique_frac=0.00
t=13221ms iter=58 REBUILD reject new_tc=37.6817 (was 34.7691)
t=13286ms iter=58 incumb=34.7691 ratchet=35.1287 best=34.7691 since_improve=58
t=13300ms iter=59 WAIST cost=34.0000 best_alt=22.0000 gap=12.0000 tried=5 sep_labels=22 clique_frac=0.00
t=13441ms iter=59 REBUILD reject new_tc=37.5889 (was 34.7691)
t=13507ms iter=59 incumb=34.7691 ratchet=35.6120 best=34.7691 since_improve=59
t=13521ms iter=60 WAIST cost=34.0000 best_alt=22.0000 gap=12.0000 tried=5 sep_labels=22 clique_frac=0.00
t=13662ms iter=60 REBUILD reject new_tc=37.3776 (was 34.7691)
t=13729ms iter=60 incumb=34.7691 ratchet=38.8151 best=34.7691 since_improve=60
t=13740ms iter=61 WAIST cost=34.0000 best_alt=22.0000 gap=12.0000 tried=5 sep_labels=22 clique_frac=0.00
t=13881ms iter=61 REBUILD reject new_tc=36.9617 (was 34.7691)
t=13947ms iter=61 incumb=34.7691 ratchet=35.0258 best=34.7691 since_improve=61
t=13959ms iter=62 WAIST cost=34.0000 best_alt=22.0000 gap=12.0000 tried=5 sep_labels=22 clique_frac=0.00
t=14099ms iter=62 REBUILD reject new_tc=37.3059 (was 34.7691)
t=14164ms iter=62 incumb=34.7691 ratchet=35.3049 best=34.7691 since_improve=62
t=14176ms iter=63 WAIST cost=34.0000 best_alt=22.0000 gap=12.0000 tried=5 sep_labels=22 clique_frac=0.00
t=14317ms iter=63 REBUILD reject new_tc=37.4291 (was 34.7691)
t=14383ms iter=63 incumb=34.7691 ratchet=34.8665 best=34.7691 since_improve=63
t=14395ms iter=64 WAIST cost=34.0000 best_alt=22.0000 gap=12.0000 tried=5 sep_labels=22 clique_frac=0.00
t=14537ms iter=64 REBUILD reject new_tc=37.3088 (was 34.7691)
t=14602ms iter=64 incumb=34.7691 ratchet=35.4853 best=34.7691 since_improve=64
t=14616ms iter=65 WAIST cost=34.0000 best_alt=22.0000 gap=12.0000 tried=5 sep_labels=22 clique_frac=0.00
t=14755ms iter=65 REBUILD reject new_tc=37.3060 (was 34.7691)
t=14822ms iter=65 incumb=34.7691 ratchet=35.3396 best=34.7691 since_improve=65
t=14833ms iter=66 WAIST cost=34.0000 best_alt=22.0000 gap=12.0000 tried=5 sep_labels=22 clique_frac=0.00
t=14972ms iter=66 REBUILD reject new_tc=37.5155 (was 34.7691)
t=15037ms iter=66 incumb=34.7691 ratchet=35.0103 best=34.7691 since_improve=66
t=15050ms iter=67 WAIST cost=34.0000 best_alt=22.0000 gap=12.0000 tried=5 sep_labels=22 clique_frac=0.00
t=15193ms iter=67 REBUILD reject new_tc=37.5806 (was 34.7691)
t=15259ms iter=67 incumb=34.7691 ratchet=35.7091 best=34.7691 since_improve=67
t=15272ms iter=68 WAIST cost=34.0000 best_alt=22.0000 gap=12.0000 tried=5 sep_labels=22 clique_frac=0.00
t=15414ms iter=68 REBUILD reject new_tc=37.4983 (was 34.7691)
t=15479ms iter=68 incumb=34.7691 ratchet=35.6771 best=34.7691 since_improve=68
t=15491ms iter=69 WAIST cost=34.0000 best_alt=22.0000 gap=12.0000 tried=5 sep_labels=22 clique_frac=0.00
t=15632ms iter=69 REBUILD reject new_tc=37.6307 (was 34.7691)
t=15697ms iter=69 incumb=34.7691 ratchet=35.5768 best=34.7691 since_improve=69
t=15709ms iter=70 WAIST cost=34.0000 best_alt=22.0000 gap=12.0000 tried=5 sep_labels=22 clique_frac=0.00
t=15850ms iter=70 REBUILD reject new_tc=37.5504 (was 34.7691)
t=15915ms iter=70 incumb=34.7691 ratchet=35.1459 best=34.7691 since_improve=70
t=15927ms iter=71 WAIST cost=34.0000 best_alt=22.0000 gap=12.0000 tried=5 sep_labels=22 clique_frac=0.00
t=16069ms iter=71 REBUILD reject new_tc=37.3562 (was 34.7691)
t=16134ms iter=71 incumb=34.7691 ratchet=35.6855 best=34.7691 since_improve=71
t=16148ms iter=72 WAIST cost=34.0000 best_alt=22.0000 gap=12.0000 tried=5 sep_labels=22 clique_frac=0.00
t=16288ms iter=72 REBUILD reject new_tc=37.3931 (was 34.7691)
t=16353ms iter=72 incumb=34.7691 ratchet=34.9739 best=34.7691 since_improve=72
t=16364ms iter=73 WAIST cost=34.0000 best_alt=22.0000 gap=12.0000 tried=5 sep_labels=22 clique_frac=0.00
t=16502ms iter=73 REBUILD reject new_tc=36.7686 (was 34.7691)
t=16568ms iter=73 incumb=34.7691 ratchet=35.1341 best=34.7691 since_improve=73
t=16580ms iter=74 WAIST cost=34.0000 best_alt=22.0000 gap=12.0000 tried=5 sep_labels=22 clique_frac=0.00
t=16719ms iter=74 REBUILD reject new_tc=37.3833 (was 34.7691)
t=16784ms iter=74 incumb=34.7691 ratchet=35.4511 best=34.7691 since_improve=74
t=16796ms iter=75 WAIST cost=34.0000 best_alt=22.0000 gap=12.0000 tried=5 sep_labels=22 clique_frac=0.00
t=16935ms iter=75 REBUILD reject new_tc=37.3308 (was 34.7691)
t=17001ms iter=75 incumb=34.7691 ratchet=35.0126 best=34.7691 since_improve=75
t=17013ms iter=76 WAIST cost=34.0000 best_alt=22.0000 gap=12.0000 tried=5 sep_labels=22 clique_frac=0.00
t=17153ms iter=76 REBUILD reject new_tc=37.3740 (was 34.7691)
t=17219ms iter=76 incumb=34.7691 ratchet=35.1936 best=34.7691 since_improve=76
t=17232ms iter=77 WAIST cost=34.0000 best_alt=22.0000 gap=12.0000 tried=5 sep_labels=22 clique_frac=0.00
t=17372ms iter=77 REBUILD reject new_tc=37.4996 (was 34.7691)
t=17438ms iter=77 incumb=34.7691 ratchet=35.6943 best=34.7691 since_improve=77
t=17453ms iter=78 WAIST cost=34.0000 best_alt=22.0000 gap=12.0000 tried=5 sep_labels=22 clique_frac=0.00
t=17592ms iter=78 REBUILD reject new_tc=37.5482 (was 34.7691)
t=17659ms iter=78 incumb=34.7691 ratchet=35.9732 best=34.7691 since_improve=78
t=17670ms iter=79 WAIST cost=34.0000 best_alt=22.0000 gap=12.0000 tried=5 sep_labels=22 clique_frac=0.00
t=17809ms iter=79 REBUILD reject new_tc=37.5182 (was 34.7691)
t=17875ms iter=79 incumb=34.7691 ratchet=34.9580 best=34.7691 since_improve=79
t=17888ms iter=80 WAIST cost=34.0000 best_alt=22.0000 gap=12.0000 tried=5 sep_labels=22 clique_frac=0.00
t=18028ms iter=80 REBUILD reject new_tc=37.3107 (was 34.7691)
t=18093ms iter=80 incumb=34.7691 ratchet=34.9761 best=34.7691 since_improve=80
t=18108ms iter=81 WAIST cost=34.0000 best_alt=22.0000 gap=12.0000 tried=5 sep_labels=22 clique_frac=0.00
t=18247ms iter=81 REBUILD reject new_tc=37.2273 (was 34.7691)
t=18313ms iter=81 incumb=34.7691 ratchet=35.1707 best=34.7691 since_improve=81
t=18324ms iter=82 WAIST cost=34.0000 best_alt=22.0000 gap=12.0000 tried=5 sep_labels=22 clique_frac=0.00
t=18466ms iter=82 REBUILD reject new_tc=37.4233 (was 34.7691)
t=18532ms iter=82 incumb=34.7691 ratchet=35.1674 best=34.7691 since_improve=82
t=18547ms iter=83 WAIST cost=34.0000 best_alt=22.0000 gap=12.0000 tried=5 sep_labels=22 clique_frac=0.00
t=18688ms iter=83 REBUILD reject new_tc=37.3905 (was 34.7691)
t=18754ms iter=83 incumb=34.7691 ratchet=35.0843 best=34.7691 since_improve=83
t=18766ms iter=84 WAIST cost=34.0000 best_alt=22.0000 gap=12.0000 tried=5 sep_labels=22 clique_frac=0.00
t=18907ms iter=84 REBUILD reject new_tc=37.4389 (was 34.7691)
t=18973ms iter=84 incumb=34.7691 ratchet=35.1174 best=34.7691 since_improve=84
t=18985ms iter=85 WAIST cost=34.0000 best_alt=22.0000 gap=12.0000 tried=5 sep_labels=22 clique_frac=0.00
t=19125ms iter=85 REBUILD reject new_tc=37.5101 (was 34.7691)
t=19191ms iter=85 incumb=34.7691 ratchet=34.7991 best=34.7691 since_improve=85
t=19210ms iter=86 WAIST cost=34.0000 best_alt=22.0000 gap=12.0000 tried=5 sep_labels=22 clique_frac=0.00
t=19349ms iter=86 REBUILD reject new_tc=37.4757 (was 34.7691)
t=19420ms iter=86 incumb=34.7691 ratchet=35.1684 best=34.7691 since_improve=86
t=19433ms iter=87 WAIST cost=34.0000 best_alt=22.0000 gap=12.0000 tried=5 sep_labels=22 clique_frac=0.00
t=19573ms iter=87 REBUILD reject new_tc=36.9989 (was 34.7691)
t=19639ms iter=87 incumb=34.7691 ratchet=35.1909 best=34.7691 since_improve=87
t=19651ms iter=88 WAIST cost=34.0000 best_alt=22.0000 gap=12.0000 tried=5 sep_labels=22 clique_frac=0.00
t=19790ms iter=88 REBUILD reject new_tc=37.5749 (was 34.7691)
t=19855ms iter=88 incumb=34.7691 ratchet=34.8329 best=34.7691 since_improve=88
t=19866ms iter=89 WAIST cost=34.0000 best_alt=22.0000 gap=12.0000 tried=5 sep_labels=22 clique_frac=0.00
t=20005ms iter=89 REBUILD reject new_tc=37.2996 (was 34.7691)
t=20070ms iter=89 incumb=34.7691 ratchet=35.2499 best=34.7691 since_improve=89
t=20082ms iter=90 WAIST cost=34.0000 best_alt=22.0000 gap=12.0000 tried=5 sep_labels=22 clique_frac=0.00
t=20222ms iter=90 REBUILD reject new_tc=37.2372 (was 34.7691)
t=20290ms iter=90 incumb=34.7691 ratchet=41.1147 best=34.7691 since_improve=90
t=20302ms iter=91 WAIST cost=34.0000 best_alt=22.0000 gap=12.0000 tried=5 sep_labels=22 clique_frac=0.00
t=20440ms iter=91 REBUILD reject new_tc=37.3459 (was 34.7691)
t=20506ms iter=91 incumb=34.7691 ratchet=35.2233 best=34.7691 since_improve=91
t=20519ms iter=92 WAIST cost=34.0000 best_alt=22.0000 gap=12.0000 tried=5 sep_labels=22 clique_frac=0.00
t=20662ms iter=92 REBUILD reject new_tc=37.5392 (was 34.7691)
t=20729ms iter=92 incumb=34.7691 ratchet=34.9965 best=34.7691 since_improve=92
t=20741ms iter=93 WAIST cost=34.0000 best_alt=22.0000 gap=12.0000 tried=5 sep_labels=22 clique_frac=0.00
t=20880ms iter=93 REBUILD reject new_tc=37.2192 (was 34.7691)
t=20945ms iter=93 incumb=34.7691 ratchet=35.4441 best=34.7691 since_improve=93
t=20959ms iter=94 WAIST cost=34.0000 best_alt=22.0000 gap=12.0000 tried=5 sep_labels=22 clique_frac=0.00
t=21099ms iter=94 REBUILD reject new_tc=37.5463 (was 34.7691)
t=21166ms iter=94 incumb=34.7691 ratchet=34.9807 best=34.7691 since_improve=94
t=21179ms iter=95 WAIST cost=34.0000 best_alt=22.0000 gap=12.0000 tried=5 sep_labels=22 clique_frac=0.00
t=21318ms iter=95 REBUILD reject new_tc=37.4423 (was 34.7691)
t=21385ms iter=95 incumb=34.7691 ratchet=36.8307 best=34.7691 since_improve=95
t=21397ms iter=96 WAIST cost=34.0000 best_alt=22.0000 gap=12.0000 tried=5 sep_labels=22 clique_frac=0.00
t=21538ms iter=96 REBUILD reject new_tc=37.3040 (was 34.7691)
t=21603ms iter=96 incumb=34.7691 ratchet=35.1073 best=34.7691 since_improve=96
t=21615ms iter=97 WAIST cost=34.0000 best_alt=22.0000 gap=12.0000 tried=5 sep_labels=22 clique_frac=0.00
t=21754ms iter=97 REBUILD reject new_tc=37.3148 (was 34.7691)
t=21820ms iter=97 incumb=34.7691 ratchet=35.0002 best=34.7691 since_improve=97
t=21834ms iter=98 WAIST cost=34.0000 best_alt=22.0000 gap=12.0000 tried=5 sep_labels=22 clique_frac=0.00
t=21973ms iter=98 REBUILD reject new_tc=37.6133 (was 34.7691)
t=22039ms iter=98 incumb=34.7691 ratchet=35.2540 best=34.7691 since_improve=98
t=22051ms iter=99 WAIST cost=34.0000 best_alt=22.0000 gap=12.0000 tried=5 sep_labels=22 clique_frac=0.00
t=22192ms iter=99 REBUILD reject new_tc=37.5754 (was 34.7691)
t=22258ms iter=99 incumb=34.7691 ratchet=35.3241 best=34.7691 since_improve=99
t=22273ms iter=100 WAIST cost=34.0000 best_alt=22.0000 gap=12.0000 tried=5 sep_labels=22 clique_frac=0.00
t=22413ms iter=100 REBUILD reject new_tc=37.5716 (was 34.7691)
t=22480ms iter=100 incumb=34.7691 ratchet=35.1224 best=34.7691 since_improve=100
t=22490ms iter=101 WAIST cost=34.0000 best_alt=22.0000 gap=12.0000 tried=5 sep_labels=22 clique_frac=0.00
t=22631ms iter=101 REBUILD reject new_tc=37.3928 (was 34.7691)
t=22698ms iter=101 incumb=34.7691 ratchet=35.0651 best=34.7691 since_improve=101
t=22709ms iter=102 WAIST cost=34.0000 best_alt=22.0000 gap=12.0000 tried=5 sep_labels=22 clique_frac=0.00
t=22852ms iter=102 REBUILD reject new_tc=37.6110 (was 34.7691)
t=22918ms iter=102 incumb=34.7691 ratchet=35.3213 best=34.7691 since_improve=102
t=22932ms iter=103 WAIST cost=34.0000 best_alt=22.0000 gap=12.0000 tried=5 sep_labels=22 clique_frac=0.00
t=23073ms iter=103 REBUILD reject new_tc=37.2014 (was 34.7691)
t=23138ms iter=103 incumb=34.7691 ratchet=34.9640 best=34.7691 since_improve=103
t=23150ms iter=104 WAIST cost=34.0000 best_alt=22.0000 gap=12.0000 tried=5 sep_labels=22 clique_frac=0.00
t=23291ms iter=104 REBUILD reject new_tc=37.4682 (was 34.7691)
t=23357ms iter=104 incumb=34.7691 ratchet=35.1878 best=34.7691 since_improve=104
t=23368ms iter=105 WAIST cost=34.0000 best_alt=22.0000 gap=12.0000 tried=5 sep_labels=22 clique_frac=0.00
t=23508ms iter=105 REBUILD reject new_tc=37.4551 (was 34.7691)
t=23574ms iter=105 incumb=34.7691 ratchet=35.1865 best=34.7691 since_improve=105
t=23589ms iter=106 WAIST cost=34.0000 best_alt=22.0000 gap=12.0000 tried=5 sep_labels=22 clique_frac=0.00
t=23728ms iter=106 REBUILD reject new_tc=37.5036 (was 34.7691)
t=23794ms iter=106 incumb=34.7691 ratchet=36.0212 best=34.7691 since_improve=106
t=23807ms iter=107 WAIST cost=34.0000 best_alt=22.0000 gap=12.0000 tried=5 sep_labels=22 clique_frac=0.00
t=23947ms iter=107 REBUILD reject new_tc=37.2581 (was 34.7691)
t=24013ms iter=107 incumb=34.7691 ratchet=35.3088 best=34.7691 since_improve=107
t=24023ms iter=108 WAIST cost=34.0000 best_alt=22.0000 gap=12.0000 tried=5 sep_labels=22 clique_frac=0.00
t=24163ms iter=108 REBUILD reject new_tc=37.6541 (was 34.7691)
t=24228ms iter=108 incumb=34.7691 ratchet=35.2935 best=34.7691 since_improve=108
t=24240ms iter=109 WAIST cost=34.0000 best_alt=22.0000 gap=12.0000 tried=5 sep_labels=22 clique_frac=0.00
t=24382ms iter=109 REBUILD reject new_tc=37.6099 (was 34.7691)
t=24447ms iter=109 incumb=34.7691 ratchet=35.1065 best=34.7691 since_improve=109
t=24461ms iter=110 WAIST cost=34.0000 best_alt=22.0000 gap=12.0000 tried=5 sep_labels=22 clique_frac=0.00
t=24601ms iter=110 REBUILD reject new_tc=37.6010 (was 34.7691)
t=24667ms iter=110 incumb=34.7691 ratchet=36.1356 best=34.7691 since_improve=110
t=24679ms iter=111 WAIST cost=34.0000 best_alt=22.0000 gap=12.0000 tried=5 sep_labels=22 clique_frac=0.00
t=24818ms iter=111 REBUILD reject new_tc=37.2281 (was 34.7691)
t=24889ms iter=111 incumb=34.7691 ratchet=45.1702 best=34.7691 since_improve=111
t=24903ms iter=112 WAIST cost=34.0000 best_alt=22.0000 gap=12.0000 tried=5 sep_labels=22 clique_frac=0.00
t=25042ms iter=112 REBUILD reject new_tc=36.9626 (was 34.7691)
t=25107ms iter=112 incumb=34.7691 ratchet=35.2919 best=34.7691 since_improve=112
t=25120ms iter=113 WAIST cost=34.0000 best_alt=22.0000 gap=12.0000 tried=5 sep_labels=22 clique_frac=0.00
t=25261ms iter=113 REBUILD reject new_tc=37.2399 (was 34.7691)
t=25326ms iter=113 incumb=34.7691 ratchet=34.8478 best=34.7691 since_improve=113
t=25337ms iter=114 WAIST cost=34.0000 best_alt=22.0000 gap=12.0000 tried=5 sep_labels=22 clique_frac=0.00
t=25477ms iter=114 REBUILD reject new_tc=36.7458 (was 34.7691)
t=25543ms iter=114 incumb=34.7691 ratchet=35.1381 best=34.7691 since_improve=114
t=25556ms iter=115 WAIST cost=34.0000 best_alt=22.0000 gap=12.0000 tried=5 sep_labels=22 clique_frac=0.00
t=25697ms iter=115 REBUILD reject new_tc=37.5236 (was 34.7691)
t=25763ms iter=115 incumb=34.7691 ratchet=35.1500 best=34.7691 since_improve=115
t=25774ms iter=116 WAIST cost=34.0000 best_alt=22.0000 gap=12.0000 tried=5 sep_labels=22 clique_frac=0.00
t=25914ms iter=116 REBUILD reject new_tc=37.4218 (was 34.7691)
t=25980ms iter=116 incumb=34.7691 ratchet=35.2068 best=34.7691 since_improve=116
t=25991ms iter=117 WAIST cost=34.0000 best_alt=22.0000 gap=12.0000 tried=5 sep_labels=22 clique_frac=0.00
t=26133ms iter=117 REBUILD reject new_tc=37.4296 (was 34.7691)
t=26198ms iter=117 incumb=34.7691 ratchet=35.5208 best=34.7691 since_improve=117
t=26211ms iter=118 WAIST cost=34.0000 best_alt=22.0000 gap=12.0000 tried=5 sep_labels=22 clique_frac=0.00
t=26350ms iter=118 REBUILD reject new_tc=37.1723 (was 34.7691)
t=26429ms iter=118 incumb=34.7691 ratchet=35.0346 best=34.7143 since_improve=118
t=26441ms iter=119 WAIST cost=34.0000 best_alt=22.0000 gap=12.0000 tried=5 sep_labels=22 clique_frac=0.00
t=26582ms iter=119 REBUILD reject new_tc=37.3011 (was 34.7691)
t=26647ms iter=119 incumb=34.7691 ratchet=35.3925 best=34.7143 since_improve=119
t=26659ms iter=120 WAIST cost=34.0000 best_alt=22.0000 gap=12.0000 tried=5 sep_labels=22 clique_frac=0.00
t=26800ms iter=120 REBUILD reject new_tc=37.4533 (was 34.7691)
t=26866ms iter=120 incumb=34.7691 ratchet=35.6808 best=34.7143 since_improve=120
t=26880ms iter=121 WAIST cost=34.0000 best_alt=22.0000 gap=12.0000 tried=5 sep_labels=22 clique_frac=0.00
t=27019ms iter=121 REBUILD reject new_tc=37.5064 (was 34.7691)
t=27086ms iter=121 incumb=34.7691 ratchet=35.9153 best=34.7143 since_improve=121
t=27097ms iter=122 WAIST cost=34.0000 best_alt=22.0000 gap=12.0000 tried=5 sep_labels=22 clique_frac=0.00
t=27240ms iter=122 REBUILD reject new_tc=37.4592 (was 34.7691)
t=27308ms iter=122 incumb=34.7691 ratchet=36.6947 best=34.7143 since_improve=122
t=27322ms iter=123 WAIST cost=34.0000 best_alt=22.0000 gap=12.0000 tried=5 sep_labels=22 clique_frac=0.00
t=27464ms iter=123 REBUILD reject new_tc=37.4948 (was 34.7691)
t=27530ms iter=123 incumb=34.7691 ratchet=35.3389 best=34.7143 since_improve=123
t=27542ms iter=124 WAIST cost=34.0000 best_alt=22.0000 gap=12.0000 tried=5 sep_labels=22 clique_frac=0.00
t=27682ms iter=124 REBUILD reject new_tc=37.2252 (was 34.7691)
t=27749ms iter=124 incumb=34.7691 ratchet=35.7408 best=34.7143 since_improve=124
t=27762ms iter=125 WAIST cost=34.0000 best_alt=22.0000 gap=12.0000 tried=5 sep_labels=22 clique_frac=0.00
t=27904ms iter=125 REBUILD reject new_tc=37.3755 (was 34.7691)
t=27970ms iter=125 incumb=34.7691 ratchet=35.1488 best=34.7143 since_improve=125
t=27984ms iter=126 WAIST cost=34.0000 best_alt=22.0000 gap=12.0000 tried=5 sep_labels=22 clique_frac=0.00
t=28125ms iter=126 REBUILD reject new_tc=37.4466 (was 34.7691)
t=28192ms iter=126 incumb=34.7691 ratchet=35.3054 best=34.7143 since_improve=126
t=28205ms iter=127 WAIST cost=34.0000 best_alt=22.0000 gap=12.0000 tried=5 sep_labels=22 clique_frac=0.00
t=28346ms iter=127 REBUILD reject new_tc=37.4290 (was 34.7691)
t=28414ms iter=127 incumb=34.7691 ratchet=35.9997 best=34.7143 since_improve=127
t=28426ms iter=128 WAIST cost=34.0000 best_alt=22.0000 gap=12.0000 tried=5 sep_labels=22 clique_frac=0.00
t=28566ms iter=128 REBUILD reject new_tc=37.4752 (was 34.7691)
t=28632ms iter=128 incumb=34.7691 ratchet=35.1123 best=34.7143 since_improve=128
t=28646ms iter=129 WAIST cost=34.0000 best_alt=22.0000 gap=12.0000 tried=5 sep_labels=22 clique_frac=0.00
t=28787ms iter=129 REBUILD reject new_tc=37.5153 (was 34.7691)
t=28853ms iter=129 incumb=34.7691 ratchet=35.1805 best=34.7143 since_improve=129
t=28867ms iter=130 WAIST cost=34.0000 best_alt=22.0000 gap=12.0000 tried=5 sep_labels=22 clique_frac=0.00
t=29009ms iter=130 REBUILD reject new_tc=36.7731 (was 34.7691)
t=29075ms iter=130 incumb=34.7691 ratchet=35.0963 best=34.7143 since_improve=130
t=29090ms iter=131 WAIST cost=34.0000 best_alt=22.0000 gap=12.0000 tried=5 sep_labels=22 clique_frac=0.00
t=29231ms iter=131 REBUILD reject new_tc=37.3915 (was 34.7691)
t=29296ms iter=131 incumb=34.7691 ratchet=34.9631 best=34.7143 since_improve=131
t=29308ms iter=132 WAIST cost=34.0000 best_alt=22.0000 gap=12.0000 tried=5 sep_labels=22 clique_frac=0.00
t=29450ms iter=132 REBUILD reject new_tc=37.5530 (was 34.7691)
t=29517ms iter=132 incumb=34.7691 ratchet=35.3887 best=34.7143 since_improve=132
t=29530ms iter=133 WAIST cost=34.0000 best_alt=22.0000 gap=12.0000 tried=5 sep_labels=22 clique_frac=0.00
t=29670ms iter=133 REBUILD reject new_tc=37.5143 (was 34.7691)
t=29736ms iter=133 incumb=34.7691 ratchet=35.0489 best=34.7143 since_improve=133
t=29748ms iter=134 WAIST cost=34.0000 best_alt=22.0000 gap=12.0000 tried=5 sep_labels=22 clique_frac=0.00
t=29890ms iter=134 REBUILD reject new_tc=37.4648 (was 34.7691)
t=29956ms iter=134 incumb=34.7691 ratchet=35.2393 best=34.7143 since_improve=134
t=29968ms iter=135 WAIST cost=34.0000 best_alt=22.0000 gap=12.0000 tried=5 sep_labels=22 clique_frac=0.00
t=30109ms iter=135 REBUILD reject new_tc=37.5967 (was 34.7691)
t=30176ms iter=135 incumb=34.7691 ratchet=35.1735 best=34.7143 since_improve=135
t=30188ms iter=136 WAIST cost=34.0000 best_alt=22.0000 gap=12.0000 tried=5 sep_labels=22 clique_frac=0.00
t=30328ms iter=136 REBUILD reject new_tc=37.4393 (was 34.7691)
t=30395ms iter=136 incumb=34.7691 ratchet=35.3412 best=34.7143 since_improve=136
t=30410ms iter=137 WAIST cost=34.0000 best_alt=22.0000 gap=12.0000 tried=5 sep_labels=22 clique_frac=0.00
t=30550ms iter=137 REBUILD reject new_tc=37.5146 (was 34.7691)
t=30616ms iter=137 incumb=34.7691 ratchet=34.8238 best=34.7143 since_improve=137
t=30630ms iter=138 WAIST cost=34.0000 best_alt=22.0000 gap=12.0000 tried=5 sep_labels=22 clique_frac=0.00
t=30771ms iter=138 REBUILD reject new_tc=37.5326 (was 34.7691)
t=30836ms iter=138 incumb=34.7691 ratchet=35.1502 best=34.7143 since_improve=138
t=30848ms iter=139 WAIST cost=34.0000 best_alt=22.0000 gap=12.0000 tried=5 sep_labels=22 clique_frac=0.00
t=30990ms iter=139 REBUILD reject new_tc=37.3885 (was 34.7691)
t=31057ms iter=139 incumb=34.7691 ratchet=35.9859 best=34.7143 since_improve=139
t=31069ms iter=140 WAIST cost=34.0000 best_alt=22.0000 gap=12.0000 tried=5 sep_labels=22 clique_frac=0.00
t=31210ms iter=140 REBUILD reject new_tc=37.6413 (was 34.7691)
t=31276ms iter=140 incumb=34.7691 ratchet=34.9723 best=34.7143 since_improve=140
t=31290ms iter=141 WAIST cost=34.0000 best_alt=22.0000 gap=12.0000 tried=5 sep_labels=22 clique_frac=0.00
t=31431ms iter=141 REBUILD reject new_tc=37.1557 (was 34.7691)
t=31497ms iter=141 incumb=34.7691 ratchet=35.0740 best=34.7143 since_improve=141
t=31510ms iter=142 WAIST cost=34.0000 best_alt=22.0000 gap=12.0000 tried=5 sep_labels=22 clique_frac=0.00
t=31652ms iter=142 REBUILD reject new_tc=37.5546 (was 34.7691)
t=31719ms iter=142 incumb=34.7691 ratchet=35.8361 best=34.7143 since_improve=142
t=31734ms iter=143 WAIST cost=34.0000 best_alt=22.0000 gap=12.0000 tried=5 sep_labels=22 clique_frac=0.00
t=31873ms iter=143 REBUILD reject new_tc=37.4985 (was 34.7691)
t=31939ms iter=143 incumb=34.7691 ratchet=35.2335 best=34.7143 since_improve=143
t=31952ms iter=144 WAIST cost=34.0000 best_alt=22.0000 gap=12.0000 tried=5 sep_labels=22 clique_frac=0.00
t=32091ms iter=144 REBUILD reject new_tc=37.3402 (was 34.7691)
t=32158ms iter=144 incumb=34.7691 ratchet=34.9456 best=34.7143 since_improve=144
t=32173ms iter=145 WAIST cost=34.0000 best_alt=22.0000 gap=12.0000 tried=5 sep_labels=22 clique_frac=0.00
t=32313ms iter=145 REBUILD reject new_tc=37.4420 (was 34.7691)
t=32379ms iter=145 incumb=34.7691 ratchet=35.2480 best=34.7143 since_improve=145
t=32392ms iter=146 WAIST cost=34.0000 best_alt=22.0000 gap=12.0000 tried=5 sep_labels=22 clique_frac=0.00
t=32533ms iter=146 REBUILD reject new_tc=36.7252 (was 34.7691)
t=32598ms iter=146 incumb=34.7691 ratchet=35.0912 best=34.7143 since_improve=146
t=32612ms iter=147 WAIST cost=34.0000 best_alt=22.0000 gap=12.0000 tried=5 sep_labels=22 clique_frac=0.00
t=32752ms iter=147 REBUILD reject new_tc=37.4176 (was 34.7691)
t=32818ms iter=147 incumb=34.7691 ratchet=35.1575 best=34.7143 since_improve=147
t=32828ms iter=148 WAIST cost=34.0000 best_alt=22.0000 gap=12.0000 tried=5 sep_labels=22 clique_frac=0.00
t=32969ms iter=148 REBUILD reject new_tc=37.7627 (was 34.7691)
t=33035ms iter=148 incumb=34.7691 ratchet=35.6173 best=34.7143 since_improve=148
t=33050ms iter=149 WAIST cost=34.0000 best_alt=22.0000 gap=12.0000 tried=5 sep_labels=22 clique_frac=0.00
t=33191ms iter=149 REBUILD reject new_tc=37.3481 (was 34.7691)
t=33257ms iter=149 incumb=34.7691 ratchet=35.2757 best=34.7143 since_improve=149
t=33269ms iter=150 WAIST cost=34.0000 best_alt=22.0000 gap=12.0000 tried=5 sep_labels=22 clique_frac=0.00
t=33408ms iter=150 REBUILD reject new_tc=36.9090 (was 34.7691)
t=33475ms iter=150 incumb=34.7691 ratchet=35.4688 best=34.7143 since_improve=150
t=33489ms iter=151 WAIST cost=34.0000 best_alt=22.0000 gap=12.0000 tried=5 sep_labels=22 clique_frac=0.00
t=33630ms iter=151 REBUILD reject new_tc=37.4822 (was 34.7691)
t=33695ms iter=151 incumb=34.7691 ratchet=35.2351 best=34.7143 since_improve=151
t=33709ms iter=152 WAIST cost=34.0000 best_alt=22.0000 gap=12.0000 tried=5 sep_labels=22 clique_frac=0.00
t=33849ms iter=152 REBUILD reject new_tc=37.5196 (was 34.7691)
t=33914ms iter=152 incumb=34.7691 ratchet=35.0456 best=34.7143 since_improve=152
t=33927ms iter=153 WAIST cost=34.0000 best_alt=22.0000 gap=12.0000 tried=5 sep_labels=22 clique_frac=0.00
t=34067ms iter=153 REBUILD reject new_tc=37.4510 (was 34.7691)
t=34133ms iter=153 incumb=34.7691 ratchet=35.0583 best=34.7143 since_improve=153
t=34145ms iter=154 WAIST cost=34.0000 best_alt=22.0000 gap=12.0000 tried=5 sep_labels=22 clique_frac=0.00
t=34285ms iter=154 REBUILD reject new_tc=37.4422 (was 34.7691)
t=34352ms iter=154 incumb=34.7691 ratchet=35.5371 best=34.7143 since_improve=154
t=34364ms iter=155 WAIST cost=34.0000 best_alt=22.0000 gap=12.0000 tried=5 sep_labels=22 clique_frac=0.00
t=34505ms iter=155 REBUILD reject new_tc=37.5101 (was 34.7691)
t=34571ms iter=155 incumb=34.7691 ratchet=35.1639 best=34.7143 since_improve=155
t=34585ms iter=156 WAIST cost=34.0000 best_alt=22.0000 gap=12.0000 tried=5 sep_labels=22 clique_frac=0.00
t=34725ms iter=156 REBUILD reject new_tc=37.3707 (was 34.7691)
t=34791ms iter=156 incumb=34.7691 ratchet=35.1515 best=34.7143 since_improve=156
t=34803ms iter=157 WAIST cost=34.0000 best_alt=22.0000 gap=12.0000 tried=5 sep_labels=22 clique_frac=0.00
t=34943ms iter=157 REBUILD reject new_tc=37.4309 (was 34.7691)
t=35009ms iter=157 incumb=34.7691 ratchet=35.3311 best=34.7143 since_improve=157
t=35021ms iter=158 WAIST cost=34.0000 best_alt=22.0000 gap=12.0000 tried=5 sep_labels=22 clique_frac=0.00
t=35162ms iter=158 REBUILD reject new_tc=37.4556 (was 34.7691)
t=35234ms iter=158 incumb=34.7691 ratchet=44.8886 best=34.7143 since_improve=158
t=35249ms iter=159 WAIST cost=34.0000 best_alt=22.0000 gap=12.0000 tried=5 sep_labels=22 clique_frac=0.00
t=35389ms iter=159 REBUILD reject new_tc=37.6647 (was 34.7691)
t=35456ms iter=159 incumb=34.7691 ratchet=35.7273 best=34.7143 since_improve=159
t=35469ms iter=160 WAIST cost=34.0000 best_alt=22.0000 gap=12.0000 tried=5 sep_labels=22 clique_frac=0.00
t=35610ms iter=160 REBUILD reject new_tc=37.3083 (was 34.7691)
t=35675ms iter=160 incumb=34.7691 ratchet=34.9651 best=34.7143 since_improve=160
t=35690ms iter=161 WAIST cost=34.0000 best_alt=22.0000 gap=12.0000 tried=5 sep_labels=22 clique_frac=0.00
t=35829ms iter=161 REBUILD reject new_tc=36.6479 (was 34.7691)
t=35895ms iter=161 incumb=34.7691 ratchet=35.4860 best=34.7143 since_improve=161
t=35906ms iter=162 WAIST cost=34.0000 best_alt=22.0000 gap=12.0000 tried=5 sep_labels=22 clique_frac=0.00
t=36048ms iter=162 REBUILD reject new_tc=37.4826 (was 34.7691)
t=36114ms iter=162 incumb=34.7691 ratchet=35.3795 best=34.7143 since_improve=162
t=36127ms iter=163 WAIST cost=34.0000 best_alt=22.0000 gap=12.0000 tried=5 sep_labels=22 clique_frac=0.00
t=36266ms iter=163 REBUILD reject new_tc=37.1533 (was 34.7691)
t=36332ms iter=163 incumb=34.7691 ratchet=35.3731 best=34.7143 since_improve=163
t=36343ms iter=164 WAIST cost=34.0000 best_alt=22.0000 gap=12.0000 tried=5 sep_labels=22 clique_frac=0.00
t=36482ms iter=164 REBUILD reject new_tc=37.4420 (was 34.7691)
t=36549ms iter=164 incumb=34.7691 ratchet=35.2055 best=34.7143 since_improve=164
t=36561ms iter=165 WAIST cost=34.0000 best_alt=22.0000 gap=12.0000 tried=5 sep_labels=22 clique_frac=0.00
t=36700ms iter=165 REBUILD reject new_tc=37.3397 (was 34.7691)
t=36766ms iter=165 incumb=34.7691 ratchet=35.1109 best=34.7143 since_improve=165
t=36779ms iter=166 WAIST cost=34.0000 best_alt=22.0000 gap=12.0000 tried=5 sep_labels=22 clique_frac=0.00
t=36921ms iter=166 REBUILD reject new_tc=37.5838 (was 34.7691)
t=36987ms iter=166 incumb=34.7691 ratchet=35.8670 best=34.7143 since_improve=166
t=37000ms iter=167 WAIST cost=34.0000 best_alt=22.0000 gap=12.0000 tried=5 sep_labels=22 clique_frac=0.00
t=37141ms iter=167 REBUILD reject new_tc=37.5731 (was 34.7691)
t=37208ms iter=167 incumb=34.7691 ratchet=35.2755 best=34.7143 since_improve=167
t=37220ms iter=168 WAIST cost=34.0000 best_alt=22.0000 gap=12.0000 tried=5 sep_labels=22 clique_frac=0.00
t=37359ms iter=168 REBUILD reject new_tc=37.6515 (was 34.7691)
t=37424ms iter=168 incumb=34.7691 ratchet=35.0287 best=34.7143 since_improve=168
t=37436ms iter=169 WAIST cost=34.0000 best_alt=22.0000 gap=12.0000 tried=5 sep_labels=22 clique_frac=0.00
t=37578ms iter=169 REBUILD reject new_tc=37.4945 (was 34.7691)
t=37644ms iter=169 incumb=34.7691 ratchet=35.3193 best=34.7143 since_improve=169
t=37657ms iter=170 WAIST cost=34.0000 best_alt=22.0000 gap=12.0000 tried=5 sep_labels=22 clique_frac=0.00
t=37798ms iter=170 REBUILD reject new_tc=37.3454 (was 34.7691)
t=37863ms iter=170 incumb=34.7691 ratchet=35.2345 best=34.7143 since_improve=170
t=37875ms iter=171 WAIST cost=34.0000 best_alt=22.0000 gap=12.0000 tried=5 sep_labels=22 clique_frac=0.00
t=38014ms iter=171 REBUILD reject new_tc=37.3696 (was 34.7691)
t=38080ms iter=171 incumb=34.7691 ratchet=35.9231 best=34.7143 since_improve=171
t=38095ms iter=172 WAIST cost=34.0000 best_alt=22.0000 gap=12.0000 tried=5 sep_labels=22 clique_frac=0.00
t=38235ms iter=172 REBUILD reject new_tc=37.5641 (was 34.7691)
t=38301ms iter=172 incumb=34.7691 ratchet=35.4349 best=34.7143 since_improve=172
t=38313ms iter=173 WAIST cost=34.0000 best_alt=22.0000 gap=12.0000 tried=5 sep_labels=22 clique_frac=0.00
t=38452ms iter=173 REBUILD reject new_tc=37.4860 (was 34.7691)
t=38520ms iter=173 incumb=34.7691 ratchet=37.5406 best=34.7143 since_improve=173
t=38534ms iter=174 WAIST cost=34.0000 best_alt=22.0000 gap=12.0000 tried=5 sep_labels=22 clique_frac=0.00
t=38673ms iter=174 REBUILD reject new_tc=37.2971 (was 34.7691)
t=38740ms iter=174 incumb=34.7691 ratchet=35.0951 best=34.7143 since_improve=174
t=38753ms iter=175 WAIST cost=34.0000 best_alt=22.0000 gap=12.0000 tried=5 sep_labels=22 clique_frac=0.00
t=38893ms iter=175 REBUILD reject new_tc=36.4882 (was 34.7691)
t=38959ms iter=175 incumb=34.7691 ratchet=35.1981 best=34.7143 since_improve=175
t=38972ms iter=176 WAIST cost=34.0000 best_alt=22.0000 gap=12.0000 tried=5 sep_labels=22 clique_frac=0.00
t=39111ms iter=176 REBUILD reject new_tc=36.9086 (was 34.7691)
t=39178ms iter=176 incumb=34.7691 ratchet=35.1386 best=34.7143 since_improve=176
t=39191ms iter=177 WAIST cost=34.0000 best_alt=22.0000 gap=12.0000 tried=5 sep_labels=22 clique_frac=0.00
t=39331ms iter=177 REBUILD reject new_tc=37.5855 (was 34.7691)
t=39397ms iter=177 incumb=34.7691 ratchet=35.2751 best=34.7143 since_improve=177
t=39412ms iter=178 WAIST cost=34.0000 best_alt=22.0000 gap=12.0000 tried=5 sep_labels=22 clique_frac=0.00
t=39552ms iter=178 REBUILD reject new_tc=36.7449 (was 34.7691)
t=39618ms iter=178 incumb=34.7691 ratchet=35.1576 best=34.7143 since_improve=178
t=39631ms iter=179 WAIST cost=34.0000 best_alt=22.0000 gap=12.0000 tried=5 sep_labels=22 clique_frac=0.00
t=39773ms iter=179 REBUILD reject new_tc=37.5094 (was 34.7691)
t=39839ms iter=179 incumb=34.7691 ratchet=35.3948 best=34.7143 since_improve=179
t=39853ms iter=180 WAIST cost=34.0000 best_alt=22.0000 gap=12.0000 tried=5 sep_labels=22 clique_frac=0.00
t=39994ms iter=180 REBUILD reject new_tc=36.4807 (was 34.7691)
t=40065ms iter=180 incumb=34.7691 ratchet=45.2350 best=34.7143 since_improve=180
t=40080ms iter=181 WAIST cost=34.0000 best_alt=22.0000 gap=12.0000 tried=5 sep_labels=22 clique_frac=0.00
t=40220ms iter=181 REBUILD reject new_tc=37.7294 (was 34.7691)
t=40285ms iter=181 incumb=34.7691 ratchet=35.1829 best=34.7143 since_improve=181
t=40300ms iter=182 WAIST cost=34.0000 best_alt=22.0000 gap=12.0000 tried=5 sep_labels=22 clique_frac=0.00
t=40440ms iter=182 REBUILD reject new_tc=37.4194 (was 34.7691)
t=40507ms iter=182 incumb=34.7691 ratchet=35.2600 best=34.7143 since_improve=182
t=40518ms iter=183 WAIST cost=34.0000 best_alt=22.0000 gap=12.0000 tried=5 sep_labels=22 clique_frac=0.00
t=40658ms iter=183 REBUILD reject new_tc=37.3373 (was 34.7691)
t=40724ms iter=183 incumb=34.7691 ratchet=35.4101 best=34.7143 since_improve=183
t=40738ms iter=184 WAIST cost=34.0000 best_alt=22.0000 gap=12.0000 tried=5 sep_labels=22 clique_frac=0.00
t=40877ms iter=184 REBUILD reject new_tc=36.7689 (was 34.7691)
t=40943ms iter=184 incumb=34.7691 ratchet=35.0691 best=34.7143 since_improve=184
t=40955ms iter=185 WAIST cost=34.0000 best_alt=22.0000 gap=12.0000 tried=5 sep_labels=22 clique_frac=0.00
t=41095ms iter=185 REBUILD reject new_tc=36.9823 (was 34.7691)
t=41161ms iter=185 incumb=34.7691 ratchet=35.3687 best=34.7143 since_improve=185
t=41172ms iter=186 WAIST cost=34.0000 best_alt=22.0000 gap=12.0000 tried=5 sep_labels=22 clique_frac=0.00
t=41312ms iter=186 REBUILD reject new_tc=37.3900 (was 34.7691)
t=41378ms iter=186 incumb=34.7691 ratchet=34.8493 best=34.7143 since_improve=186
t=41390ms iter=187 WAIST cost=34.0000 best_alt=22.0000 gap=12.0000 tried=5 sep_labels=22 clique_frac=0.00
t=41530ms iter=187 REBUILD reject new_tc=36.8737 (was 34.7691)
t=41596ms iter=187 incumb=34.7691 ratchet=35.1419 best=34.7143 since_improve=187
t=41609ms iter=188 WAIST cost=34.0000 best_alt=22.0000 gap=12.0000 tried=5 sep_labels=22 clique_frac=0.00
t=41749ms iter=188 REBUILD reject new_tc=37.2643 (was 34.7691)
t=41815ms iter=188 incumb=34.7691 ratchet=34.8309 best=34.7143 since_improve=188
t=41827ms iter=189 WAIST cost=34.0000 best_alt=22.0000 gap=12.0000 tried=5 sep_labels=22 clique_frac=0.00
t=41966ms iter=189 REBUILD reject new_tc=37.3779 (was 34.7691)
t=42032ms iter=189 incumb=34.7691 ratchet=35.2033 best=34.7143 since_improve=189
t=42045ms iter=190 WAIST cost=34.0000 best_alt=22.0000 gap=12.0000 tried=5 sep_labels=22 clique_frac=0.00
t=42186ms iter=190 REBUILD reject new_tc=37.2660 (was 34.7691)
t=42253ms iter=190 incumb=34.7691 ratchet=35.1961 best=34.7143 since_improve=190
t=42267ms iter=191 WAIST cost=34.0000 best_alt=22.0000 gap=12.0000 tried=5 sep_labels=22 clique_frac=0.00
t=42407ms iter=191 REBUILD reject new_tc=37.3235 (was 34.7691)
t=42473ms iter=191 incumb=34.7691 ratchet=34.9216 best=34.7143 since_improve=191
t=42485ms iter=192 WAIST cost=34.0000 best_alt=22.0000 gap=12.0000 tried=5 sep_labels=22 clique_frac=0.00
t=42624ms iter=192 REBUILD reject new_tc=37.4319 (was 34.7691)
t=42691ms iter=192 incumb=34.7691 ratchet=35.5100 best=34.7143 since_improve=192
t=42705ms iter=193 WAIST cost=34.0000 best_alt=22.0000 gap=12.0000 tried=5 sep_labels=22 clique_frac=0.00
t=42845ms iter=193 REBUILD reject new_tc=37.6325 (was 34.7691)
t=42912ms iter=193 incumb=34.7691 ratchet=35.5180 best=34.7143 since_improve=193
t=42924ms iter=194 WAIST cost=34.0000 best_alt=22.0000 gap=12.0000 tried=5 sep_labels=22 clique_frac=0.00
t=43065ms iter=194 REBUILD reject new_tc=37.5285 (was 34.7691)
t=43131ms iter=194 incumb=34.7691 ratchet=35.3142 best=34.7143 since_improve=194
t=43142ms iter=195 WAIST cost=34.0000 best_alt=22.0000 gap=12.0000 tried=5 sep_labels=22 clique_frac=0.00
t=43280ms iter=195 REBUILD reject new_tc=37.5140 (was 34.7691)
t=43346ms iter=195 incumb=34.7691 ratchet=35.1045 best=34.7143 since_improve=195
t=43359ms iter=196 WAIST cost=34.0000 best_alt=22.0000 gap=12.0000 tried=5 sep_labels=22 clique_frac=0.00
t=43499ms iter=196 REBUILD reject new_tc=37.0328 (was 34.7691)
t=43566ms iter=196 incumb=34.7691 ratchet=35.1172 best=34.7143 since_improve=196
t=43579ms iter=197 WAIST cost=34.0000 best_alt=22.0000 gap=12.0000 tried=5 sep_labels=22 clique_frac=0.00
t=43718ms iter=197 REBUILD reject new_tc=37.4116 (was 34.7691)
t=43785ms iter=197 incumb=34.7691 ratchet=36.3197 best=34.7143 since_improve=197
t=43799ms iter=198 WAIST cost=34.0000 best_alt=22.0000 gap=12.0000 tried=5 sep_labels=22 clique_frac=0.00
t=43938ms iter=198 REBUILD reject new_tc=36.8303 (was 34.7691)
t=44003ms iter=198 incumb=34.7691 ratchet=35.2695 best=34.7143 since_improve=198
t=44017ms iter=199 WAIST cost=34.0000 best_alt=22.0000 gap=12.0000 tried=5 sep_labels=22 clique_frac=0.00
t=44156ms iter=199 REBUILD reject new_tc=37.4831 (was 34.7691)
t=44222ms iter=199 incumb=34.7691 ratchet=36.0828 best=34.7143 since_improve=199
t=44234ms iter=200 WAIST cost=34.0000 best_alt=22.0000 gap=12.0000 tried=5 sep_labels=22 clique_frac=0.00
t=44372ms iter=200 REBUILD reject new_tc=37.5146 (was 34.7691)
t=44438ms iter=200 incumb=34.7691 ratchet=35.2373 best=34.7143 since_improve=200
t=44449ms iter=201 WAIST cost=34.0000 best_alt=22.0000 gap=12.0000 tried=5 sep_labels=22 clique_frac=0.00
t=44589ms iter=201 REBUILD reject new_tc=37.6474 (was 34.7691)
t=44657ms iter=201 incumb=34.7691 ratchet=35.4247 best=34.7143 since_improve=201
t=44672ms iter=202 WAIST cost=34.0000 best_alt=22.0000 gap=12.0000 tried=5 sep_labels=22 clique_frac=0.00
t=44810ms iter=202 REBUILD reject new_tc=37.5028 (was 34.7691)
t=44876ms iter=202 incumb=34.7691 ratchet=36.3507 best=34.7143 since_improve=202
t=44888ms iter=203 WAIST cost=34.0000 best_alt=22.0000 gap=12.0000 tried=5 sep_labels=22 clique_frac=0.00
t=45029ms iter=203 REBUILD reject new_tc=36.6054 (was 34.7691)
t=45095ms iter=203 incumb=34.7691 ratchet=35.2037 best=34.7143 since_improve=203
t=45109ms iter=204 WAIST cost=34.0000 best_alt=22.0000 gap=12.0000 tried=5 sep_labels=22 clique_frac=0.00
t=45248ms iter=204 REBUILD reject new_tc=37.5685 (was 34.7691)
t=45314ms iter=204 incumb=34.7691 ratchet=35.0706 best=34.7143 since_improve=204
t=45325ms iter=205 WAIST cost=34.0000 best_alt=22.0000 gap=12.0000 tried=5 sep_labels=22 clique_frac=0.00
t=45464ms iter=205 REBUILD reject new_tc=37.3363 (was 34.7691)
t=45530ms iter=205 incumb=34.7691 ratchet=35.1070 best=34.7143 since_improve=205
t=45545ms iter=206 WAIST cost=34.0000 best_alt=22.0000 gap=12.0000 tried=5 sep_labels=22 clique_frac=0.00
t=45685ms iter=206 REBUILD reject new_tc=37.5729 (was 34.7691)
t=45751ms iter=206 incumb=34.7691 ratchet=35.5916 best=34.7143 since_improve=206
t=45764ms iter=207 WAIST cost=34.0000 best_alt=22.0000 gap=12.0000 tried=5 sep_labels=22 clique_frac=0.00
t=45905ms iter=207 REBUILD reject new_tc=37.5012 (was 34.7691)
t=45970ms iter=207 incumb=34.7691 ratchet=35.0510 best=34.7143 since_improve=207
t=45983ms iter=208 WAIST cost=34.0000 best_alt=22.0000 gap=12.0000 tried=5 sep_labels=22 clique_frac=0.00
t=46123ms iter=208 REBUILD reject new_tc=37.3963 (was 34.7691)
t=46190ms iter=208 incumb=34.7691 ratchet=34.9920 best=34.7143 since_improve=208
t=46205ms iter=209 WAIST cost=34.0000 best_alt=22.0000 gap=12.0000 tried=5 sep_labels=22 clique_frac=0.00
t=46345ms iter=209 REBUILD reject new_tc=37.7776 (was 34.7691)
t=46410ms iter=209 incumb=34.7691 ratchet=35.0511 best=34.7143 since_improve=209
t=46422ms iter=210 WAIST cost=34.0000 best_alt=22.0000 gap=12.0000 tried=5 sep_labels=22 clique_frac=0.00
t=46562ms iter=210 REBUILD reject new_tc=37.5525 (was 34.7691)
t=46628ms iter=210 incumb=34.7691 ratchet=35.4911 best=34.7143 since_improve=210
t=46641ms iter=211 WAIST cost=34.0000 best_alt=22.0000 gap=12.0000 tried=5 sep_labels=22 clique_frac=0.00
t=46781ms iter=211 REBUILD reject new_tc=37.3658 (was 34.7691)
t=46848ms iter=211 incumb=34.7691 ratchet=37.3895 best=34.7143 since_improve=211
t=46861ms iter=212 WAIST cost=34.0000 best_alt=22.0000 gap=12.0000 tried=5 sep_labels=22 clique_frac=0.00
t=47001ms iter=212 REBUILD reject new_tc=37.5665 (was 34.7691)
t=47065ms iter=212 incumb=34.7691 ratchet=34.8925 best=34.7143 since_improve=212
t=47077ms iter=213 WAIST cost=34.0000 best_alt=22.0000 gap=12.0000 tried=5 sep_labels=22 clique_frac=0.00
t=47219ms iter=213 REBUILD reject new_tc=37.4847 (was 34.7691)
t=47289ms iter=213 incumb=34.7691 ratchet=42.6008 best=34.7143 since_improve=213
t=47303ms iter=214 WAIST cost=34.0000 best_alt=22.0000 gap=12.0000 tried=5 sep_labels=22 clique_frac=0.00
t=47441ms iter=214 REBUILD reject new_tc=37.2691 (was 34.7691)
t=47507ms iter=214 incumb=34.7691 ratchet=34.9982 best=34.7143 since_improve=214
t=47518ms iter=215 WAIST cost=34.0000 best_alt=22.0000 gap=12.0000 tried=5 sep_labels=22 clique_frac=0.00
t=47658ms iter=215 REBUILD reject new_tc=37.5577 (was 34.7691)
t=47723ms iter=215 incumb=34.7691 ratchet=35.0856 best=34.7143 since_improve=215
t=47736ms iter=216 WAIST cost=34.0000 best_alt=22.0000 gap=12.0000 tried=5 sep_labels=22 clique_frac=0.00
t=47876ms iter=216 REBUILD reject new_tc=37.4129 (was 34.7691)
t=47941ms iter=216 incumb=34.7691 ratchet=35.0888 best=34.7143 since_improve=216
t=47955ms iter=217 WAIST cost=34.0000 best_alt=22.0000 gap=12.0000 tried=5 sep_labels=22 clique_frac=0.00
t=48095ms iter=217 REBUILD reject new_tc=36.6521 (was 34.7691)
t=48160ms iter=217 incumb=34.7691 ratchet=35.0662 best=34.7143 since_improve=217
t=48171ms iter=218 WAIST cost=34.0000 best_alt=22.0000 gap=12.0000 tried=5 sep_labels=22 clique_frac=0.00
t=48311ms iter=218 REBUILD reject new_tc=37.3856 (was 34.7691)
t=48378ms iter=218 incumb=34.7691 ratchet=37.0331 best=34.7143 since_improve=218
t=48391ms iter=219 WAIST cost=34.0000 best_alt=22.0000 gap=12.0000 tried=5 sep_labels=22 clique_frac=0.00
t=48531ms iter=219 REBUILD reject new_tc=37.5415 (was 34.7691)
t=48596ms iter=219 incumb=34.7691 ratchet=34.8923 best=34.7143 since_improve=219
t=48607ms iter=220 WAIST cost=34.0000 best_alt=22.0000 gap=12.0000 tried=5 sep_labels=22 clique_frac=0.00
t=48747ms iter=220 REBUILD reject new_tc=37.3325 (was 34.7691)
t=48812ms iter=220 incumb=34.7691 ratchet=34.9608 best=34.7143 since_improve=220
t=48825ms iter=221 WAIST cost=34.0000 best_alt=22.0000 gap=12.0000 tried=5 sep_labels=22 clique_frac=0.00
t=48964ms iter=221 REBUILD reject new_tc=37.4427 (was 34.7691)
t=49030ms iter=221 incumb=34.7691 ratchet=34.9652 best=34.7143 since_improve=221
t=49043ms iter=222 WAIST cost=34.0000 best_alt=22.0000 gap=12.0000 tried=5 sep_labels=22 clique_frac=0.00
t=49184ms iter=222 REBUILD reject new_tc=37.3216 (was 34.7691)
t=49249ms iter=222 incumb=34.7691 ratchet=35.4719 best=34.7143 since_improve=222
t=49264ms iter=223 WAIST cost=34.0000 best_alt=22.0000 gap=12.0000 tried=5 sep_labels=22 clique_frac=0.00
t=49403ms iter=223 REBUILD reject new_tc=37.3418 (was 34.7691)
t=49469ms iter=223 incumb=34.7691 ratchet=35.0461 best=34.7143 since_improve=223
t=49481ms iter=224 WAIST cost=34.0000 best_alt=22.0000 gap=12.0000 tried=5 sep_labels=22 clique_frac=0.00
t=49621ms iter=224 REBUILD reject new_tc=37.5144 (was 34.7691)
t=49688ms iter=224 incumb=34.7691 ratchet=36.3962 best=34.7143 since_improve=224
t=49701ms iter=225 WAIST cost=34.0000 best_alt=22.0000 gap=12.0000 tried=5 sep_labels=22 clique_frac=0.00
t=49842ms iter=225 REBUILD reject new_tc=37.3941 (was 34.7691)
t=49907ms iter=225 incumb=34.7691 ratchet=35.3045 best=34.7143 since_improve=225
t=49919ms iter=226 WAIST cost=34.0000 best_alt=22.0000 gap=12.0000 tried=5 sep_labels=22 clique_frac=0.00
t=50062ms iter=226 REBUILD reject new_tc=36.7606 (was 34.7691)
t=50127ms iter=226 incumb=34.7691 ratchet=34.8583 best=34.7143 since_improve=226
t=50142ms iter=227 WAIST cost=34.0000 best_alt=22.0000 gap=12.0000 tried=5 sep_labels=22 clique_frac=0.00
t=50282ms iter=227 REBUILD reject new_tc=37.5387 (was 34.7691)
t=50351ms iter=227 incumb=34.7691 ratchet=44.2477 best=34.7143 since_improve=227
t=50363ms iter=228 WAIST cost=34.0000 best_alt=22.0000 gap=12.0000 tried=5 sep_labels=22 clique_frac=0.00
t=50503ms iter=228 REBUILD reject new_tc=37.2623 (was 34.7691)
t=50569ms iter=228 incumb=34.7691 ratchet=34.9351 best=34.7143 since_improve=228
t=50582ms iter=229 WAIST cost=34.0000 best_alt=22.0000 gap=12.0000 tried=5 sep_labels=22 clique_frac=0.00
t=50721ms iter=229 REBUILD reject new_tc=37.3749 (was 34.7691)
t=50787ms iter=229 incumb=34.7691 ratchet=35.1167 best=34.7143 since_improve=229
t=50799ms iter=230 WAIST cost=34.0000 best_alt=22.0000 gap=12.0000 tried=5 sep_labels=22 clique_frac=0.00
t=50941ms iter=230 REBUILD reject new_tc=37.6410 (was 34.7691)
t=51008ms iter=230 incumb=34.7691 ratchet=35.2599 best=34.7143 since_improve=230
t=51020ms iter=231 WAIST cost=34.0000 best_alt=22.0000 gap=12.0000 tried=5 sep_labels=22 clique_frac=0.00
t=51161ms iter=231 REBUILD reject new_tc=37.4971 (was 34.7691)
t=51226ms iter=231 incumb=34.7691 ratchet=35.0966 best=34.7143 since_improve=231
t=51239ms iter=232 WAIST cost=34.0000 best_alt=22.0000 gap=12.0000 tried=5 sep_labels=22 clique_frac=0.00
t=51381ms iter=232 REBUILD reject new_tc=37.4232 (was 34.7691)
t=51446ms iter=232 incumb=34.7691 ratchet=34.8214 best=34.7143 since_improve=232
t=51460ms iter=233 WAIST cost=34.0000 best_alt=22.0000 gap=12.0000 tried=5 sep_labels=22 clique_frac=0.00
t=51599ms iter=233 REBUILD reject new_tc=37.3058 (was 34.7691)
t=51665ms iter=233 incumb=34.7691 ratchet=35.4390 best=34.7143 since_improve=233
t=51678ms iter=234 WAIST cost=34.0000 best_alt=22.0000 gap=12.0000 tried=5 sep_labels=22 clique_frac=0.00
t=51865ms iter=234 REBUILD reject new_tc=37.3687 (was 34.7691)
t=51932ms iter=234 incumb=34.7691 ratchet=35.1106 best=34.7143 since_improve=234
t=51945ms iter=235 WAIST cost=34.0000 best_alt=22.0000 gap=12.0000 tried=5 sep_labels=22 clique_frac=0.00
t=52086ms iter=235 REBUILD reject new_tc=37.3525 (was 34.7691)
t=52151ms iter=235 incumb=34.7691 ratchet=35.0913 best=34.7143 since_improve=235
t=52165ms iter=236 WAIST cost=34.0000 best_alt=22.0000 gap=12.0000 tried=5 sep_labels=22 clique_frac=0.00
t=52304ms iter=236 REBUILD reject new_tc=37.3320 (was 34.7691)
t=52369ms iter=236 incumb=34.7691 ratchet=34.9019 best=34.7143 since_improve=236
t=52381ms iter=237 WAIST cost=34.0000 best_alt=22.0000 gap=12.0000 tried=5 sep_labels=22 clique_frac=0.00
t=52520ms iter=237 REBUILD reject new_tc=37.4391 (was 34.7691)
t=52589ms iter=237 incumb=34.7691 ratchet=41.9342 best=34.7143 since_improve=237
t=52603ms iter=238 WAIST cost=34.0000 best_alt=22.0000 gap=12.0000 tried=5 sep_labels=22 clique_frac=0.00
t=52742ms iter=238 REBUILD reject new_tc=37.3836 (was 34.7691)
t=52807ms iter=238 incumb=34.7691 ratchet=35.2977 best=34.7143 since_improve=238
t=52819ms iter=239 WAIST cost=34.0000 best_alt=22.0000 gap=12.0000 tried=5 sep_labels=22 clique_frac=0.00
t=52977ms iter=239 REBUILD reject new_tc=37.4501 (was 34.7691)
t=53050ms iter=239 incumb=34.7691 ratchet=35.4983 best=34.7143 since_improve=239
t=53063ms iter=240 WAIST cost=34.0000 best_alt=22.0000 gap=12.0000 tried=5 sep_labels=22 clique_frac=0.00
t=53203ms iter=240 REBUILD reject new_tc=37.4653 (was 34.7691)
t=53269ms iter=240 incumb=34.7691 ratchet=35.1763 best=34.7143 since_improve=240
t=53280ms iter=241 WAIST cost=34.0000 best_alt=22.0000 gap=12.0000 tried=5 sep_labels=22 clique_frac=0.00
t=53420ms iter=241 REBUILD reject new_tc=37.4400 (was 34.7691)
t=53486ms iter=241 incumb=34.7691 ratchet=35.2180 best=34.7143 since_improve=241
t=53496ms iter=242 WAIST cost=34.0000 best_alt=22.0000 gap=12.0000 tried=5 sep_labels=22 clique_frac=0.00
t=53672ms iter=242 REBUILD reject new_tc=36.9045 (was 34.7691)
t=53737ms iter=242 incumb=34.7691 ratchet=35.1399 best=34.7143 since_improve=242
t=53748ms iter=243 WAIST cost=34.0000 best_alt=22.0000 gap=12.0000 tried=5 sep_labels=22 clique_frac=0.00
t=53887ms iter=243 REBUILD reject new_tc=37.5415 (was 34.7691)
t=53953ms iter=243 incumb=34.7691 ratchet=35.1369 best=34.7143 since_improve=243
t=53965ms iter=244 WAIST cost=34.0000 best_alt=22.0000 gap=12.0000 tried=5 sep_labels=22 clique_frac=0.00
t=54106ms iter=244 REBUILD reject new_tc=37.5565 (was 34.7691)
t=54176ms iter=244 incumb=34.7691 ratchet=35.2725 best=34.7143 since_improve=244
t=54189ms iter=245 WAIST cost=34.0000 best_alt=22.0000 gap=12.0000 tried=5 sep_labels=22 clique_frac=0.00
t=54329ms iter=245 REBUILD reject new_tc=37.3902 (was 34.7691)
t=54394ms iter=245 incumb=34.7691 ratchet=35.1154 best=34.7143 since_improve=245
t=54408ms iter=246 WAIST cost=34.0000 best_alt=22.0000 gap=12.0000 tried=5 sep_labels=22 clique_frac=0.00
t=54549ms iter=246 REBUILD reject new_tc=37.3932 (was 34.7691)
t=54617ms iter=246 incumb=34.7691 ratchet=39.8847 best=34.7143 since_improve=246
t=54629ms iter=247 WAIST cost=34.0000 best_alt=22.0000 gap=12.0000 tried=5 sep_labels=22 clique_frac=0.00
t=54769ms iter=247 REBUILD reject new_tc=37.4944 (was 34.7691)
t=54835ms iter=247 incumb=34.7691 ratchet=35.4710 best=34.7143 since_improve=247
t=54848ms iter=248 WAIST cost=34.0000 best_alt=22.0000 gap=12.0000 tried=5 sep_labels=22 clique_frac=0.00
t=54988ms iter=248 REBUILD reject new_tc=37.4714 (was 34.7691)
t=55054ms iter=248 incumb=34.7691 ratchet=35.9322 best=34.7143 since_improve=248
t=55067ms iter=249 WAIST cost=34.0000 best_alt=22.0000 gap=12.0000 tried=5 sep_labels=22 clique_frac=0.00
t=55210ms iter=249 REBUILD reject new_tc=37.5040 (was 34.7691)
t=55275ms iter=249 incumb=34.7691 ratchet=35.1108 best=34.7143 since_improve=249
t=55286ms iter=250 WAIST cost=34.0000 best_alt=22.0000 gap=12.0000 tried=5 sep_labels=22 clique_frac=0.00
t=55425ms iter=250 REBUILD reject new_tc=37.3400 (was 34.7691)
t=55491ms iter=250 incumb=34.7691 ratchet=35.3141 best=34.7143 since_improve=250
t=55506ms iter=251 WAIST cost=34.0000 best_alt=22.0000 gap=12.0000 tried=5 sep_labels=22 clique_frac=0.00
t=55646ms iter=251 REBUILD reject new_tc=37.3502 (was 34.7691)
t=55712ms iter=251 incumb=34.7691 ratchet=35.2739 best=34.7143 since_improve=251
t=55724ms iter=252 WAIST cost=34.0000 best_alt=22.0000 gap=12.0000 tried=5 sep_labels=22 clique_frac=0.00
t=55865ms iter=252 REBUILD reject new_tc=37.4358 (was 34.7691)
t=55930ms iter=252 incumb=34.7691 ratchet=35.4752 best=34.7143 since_improve=252
t=55945ms iter=253 WAIST cost=34.0000 best_alt=22.0000 gap=12.0000 tried=5 sep_labels=22 clique_frac=0.00
t=56085ms iter=253 REBUILD reject new_tc=37.3590 (was 34.7691)
t=56151ms iter=253 incumb=34.7691 ratchet=35.8269 best=34.7143 since_improve=253
t=56162ms iter=254 WAIST cost=34.0000 best_alt=22.0000 gap=12.0000 tried=5 sep_labels=22 clique_frac=0.00
t=56305ms iter=254 REBUILD reject new_tc=37.2274 (was 34.7691)
t=56371ms iter=254 incumb=34.7691 ratchet=35.0958 best=34.7143 since_improve=254
t=56383ms iter=255 WAIST cost=34.0000 best_alt=22.0000 gap=12.0000 tried=5 sep_labels=22 clique_frac=0.00
t=56524ms iter=255 REBUILD reject new_tc=37.4523 (was 34.7691)
t=56589ms iter=255 incumb=34.7691 ratchet=35.4236 best=34.7143 since_improve=255
t=56601ms iter=256 WAIST cost=34.0000 best_alt=22.0000 gap=12.0000 tried=5 sep_labels=22 clique_frac=0.00
t=56742ms iter=256 REBUILD reject new_tc=36.9923 (was 34.7691)
t=56808ms iter=256 incumb=34.7691 ratchet=35.2913 best=34.7143 since_improve=256
t=56821ms iter=257 WAIST cost=34.0000 best_alt=22.0000 gap=12.0000 tried=5 sep_labels=22 clique_frac=0.00
t=56962ms iter=257 REBUILD reject new_tc=37.3939 (was 34.7691)
t=57028ms iter=257 incumb=34.7691 ratchet=34.8656 best=34.7143 since_improve=257
t=57041ms iter=258 WAIST cost=34.0000 best_alt=22.0000 gap=12.0000 tried=5 sep_labels=22 clique_frac=0.00
t=57181ms iter=258 REBUILD reject new_tc=37.2810 (was 34.7691)
t=57247ms iter=258 incumb=34.7691 ratchet=35.0574 best=34.7143 since_improve=258
t=57261ms iter=259 WAIST cost=34.0000 best_alt=22.0000 gap=12.0000 tried=5 sep_labels=22 clique_frac=0.00
t=57414ms iter=259 REBUILD reject new_tc=37.6465 (was 34.7691)
t=57479ms iter=259 incumb=34.7691 ratchet=35.0475 best=34.7143 since_improve=259
t=57494ms iter=260 WAIST cost=34.0000 best_alt=22.0000 gap=12.0000 tried=5 sep_labels=22 clique_frac=0.00
t=57635ms iter=260 REBUILD reject new_tc=37.2754 (was 34.7691)
t=57704ms iter=260 incumb=34.7691 ratchet=35.2876 best=34.7143 since_improve=260
t=57716ms iter=261 WAIST cost=34.0000 best_alt=22.0000 gap=12.0000 tried=5 sep_labels=22 clique_frac=0.00
t=57855ms iter=261 REBUILD reject new_tc=37.4032 (was 34.7691)
t=57921ms iter=261 incumb=34.7691 ratchet=35.0393 best=34.7143 since_improve=261
t=57933ms iter=262 WAIST cost=34.0000 best_alt=22.0000 gap=12.0000 tried=5 sep_labels=22 clique_frac=0.00
t=58074ms iter=262 REBUILD reject new_tc=37.5086 (was 34.7691)
t=58140ms iter=262 incumb=34.7691 ratchet=35.0468 best=34.7143 since_improve=262
t=58152ms iter=263 WAIST cost=34.0000 best_alt=22.0000 gap=12.0000 tried=5 sep_labels=22 clique_frac=0.00
t=58293ms iter=263 REBUILD reject new_tc=36.9514 (was 34.7691)
t=58358ms iter=263 incumb=34.7691 ratchet=35.0790 best=34.7143 since_improve=263
t=58371ms iter=264 WAIST cost=34.0000 best_alt=22.0000 gap=12.0000 tried=5 sep_labels=22 clique_frac=0.00
t=58511ms iter=264 REBUILD reject new_tc=37.2753 (was 34.7691)
t=58586ms iter=264 incumb=34.7691 ratchet=35.0634 best=34.7143 since_improve=264
t=58597ms iter=265 WAIST cost=34.0000 best_alt=22.0000 gap=12.0000 tried=5 sep_labels=22 clique_frac=0.00
t=58737ms iter=265 REBUILD reject new_tc=37.5217 (was 34.7691)
t=58802ms iter=265 incumb=34.7691 ratchet=35.3716 best=34.7143 since_improve=265
t=58814ms iter=266 WAIST cost=34.0000 best_alt=22.0000 gap=12.0000 tried=5 sep_labels=22 clique_frac=0.00
t=58954ms iter=266 REBUILD reject new_tc=37.4806 (was 34.7691)
t=59020ms iter=266 incumb=34.7691 ratchet=35.1263 best=34.7143 since_improve=266
t=59032ms iter=267 WAIST cost=34.0000 best_alt=22.0000 gap=12.0000 tried=5 sep_labels=22 clique_frac=0.00
t=59173ms iter=267 REBUILD reject new_tc=37.5542 (was 34.7691)
t=59238ms iter=267 incumb=34.7691 ratchet=35.2497 best=34.7143 since_improve=267
t=59252ms iter=268 WAIST cost=34.0000 best_alt=22.0000 gap=12.0000 tried=5 sep_labels=22 clique_frac=0.00
t=59392ms iter=268 REBUILD reject new_tc=37.4536 (was 34.7691)
t=59463ms iter=268 incumb=34.7691 ratchet=44.1246 best=34.7143 since_improve=268
t=59478ms iter=269 WAIST cost=34.0000 best_alt=22.0000 gap=12.0000 tried=5 sep_labels=22 clique_frac=0.00
t=59620ms iter=269 REBUILD reject new_tc=37.5455 (was 34.7691)
t=59686ms iter=269 incumb=34.7691 ratchet=35.4198 best=34.7143 since_improve=269
t=59701ms iter=270 WAIST cost=34.0000 best_alt=22.0000 gap=12.0000 tried=5 sep_labels=22 clique_frac=0.00
t=59840ms iter=270 REBUILD reject new_tc=37.4193 (was 34.7691)
t=59905ms iter=270 incumb=34.7691 ratchet=35.2730 best=34.7143 since_improve=270
t=59919ms iter=271 WAIST cost=34.0000 best_alt=22.0000 gap=12.0000 tried=5 sep_labels=22 clique_frac=0.00
t=60060ms iter=271 REBUILD reject new_tc=37.2173 (was 34.7691)
t=60126ms iter=271 incumb=34.7691 ratchet=35.5342 best=34.7143 since_improve=271
t=60139ms iter=272 WAIST cost=34.0000 best_alt=22.0000 gap=12.0000 tried=5 sep_labels=22 clique_frac=0.00
t=60279ms iter=272 REBUILD reject new_tc=37.1625 (was 34.7691)
t=60344ms iter=272 incumb=34.7691 ratchet=35.1212 best=34.7143 since_improve=272
t=60357ms iter=273 WAIST cost=34.0000 best_alt=22.0000 gap=12.0000 tried=5 sep_labels=22 clique_frac=0.00
t=60497ms iter=273 REBUILD reject new_tc=37.4468 (was 34.7691)
t=60563ms iter=273 incumb=34.7691 ratchet=36.2330 best=34.7143 since_improve=273
t=60574ms iter=274 WAIST cost=34.0000 best_alt=22.0000 gap=12.0000 tried=5 sep_labels=22 clique_frac=0.00
t=60716ms iter=274 REBUILD reject new_tc=37.4322 (was 34.7691)
t=60781ms iter=274 incumb=34.7691 ratchet=35.0713 best=34.7143 since_improve=274
t=60793ms iter=275 WAIST cost=34.0000 best_alt=22.0000 gap=12.0000 tried=5 sep_labels=22 clique_frac=0.00
t=60934ms iter=275 REBUILD reject new_tc=37.5502 (was 34.7691)
t=60999ms iter=275 incumb=34.7691 ratchet=35.0512 best=34.7143 since_improve=275
t=61012ms iter=276 WAIST cost=34.0000 best_alt=22.0000 gap=12.0000 tried=5 sep_labels=22 clique_frac=0.00
t=61152ms iter=276 REBUILD reject new_tc=37.0277 (was 34.7691)
t=61218ms iter=276 incumb=34.7691 ratchet=34.8859 best=34.7143 since_improve=276
t=61230ms iter=277 WAIST cost=34.0000 best_alt=22.0000 gap=12.0000 tried=5 sep_labels=22 clique_frac=0.00
t=61369ms iter=277 REBUILD reject new_tc=37.4994 (was 34.7691)
t=61435ms iter=277 incumb=34.7691 ratchet=35.4622 best=34.7143 since_improve=277
t=61448ms iter=278 WAIST cost=34.0000 best_alt=22.0000 gap=12.0000 tried=5 sep_labels=22 clique_frac=0.00
t=61589ms iter=278 REBUILD reject new_tc=37.2547 (was 34.7691)
t=61656ms iter=278 incumb=34.7691 ratchet=35.1830 best=34.7143 since_improve=278
t=61669ms iter=279 WAIST cost=34.0000 best_alt=22.0000 gap=12.0000 tried=5 sep_labels=22 clique_frac=0.00
t=61861ms iter=279 REBUILD reject new_tc=37.4339 (was 34.7691)
t=61927ms iter=279 incumb=34.7691 ratchet=35.0225 best=34.7143 since_improve=279
t=61940ms iter=280 WAIST cost=34.0000 best_alt=22.0000 gap=12.0000 tried=5 sep_labels=22 clique_frac=0.00
t=62080ms iter=280 REBUILD reject new_tc=37.3738 (was 34.7691)
t=62146ms iter=280 incumb=34.7691 ratchet=35.1275 best=34.7143 since_improve=280
t=62158ms iter=281 WAIST cost=34.0000 best_alt=22.0000 gap=12.0000 tried=5 sep_labels=22 clique_frac=0.00
t=62299ms iter=281 REBUILD reject new_tc=37.5139 (was 34.7691)
t=62364ms iter=281 incumb=34.7691 ratchet=35.6341 best=34.7143 since_improve=281
t=62378ms iter=282 WAIST cost=34.0000 best_alt=22.0000 gap=12.0000 tried=5 sep_labels=22 clique_frac=0.00
t=62518ms iter=282 REBUILD reject new_tc=37.3471 (was 34.7691)
t=62584ms iter=282 incumb=34.7691 ratchet=35.3174 best=34.7143 since_improve=282
t=62597ms iter=283 WAIST cost=34.0000 best_alt=22.0000 gap=12.0000 tried=5 sep_labels=22 clique_frac=0.00
t=62737ms iter=283 REBUILD reject new_tc=37.3671 (was 34.7691)
t=62803ms iter=283 incumb=34.7691 ratchet=35.2401 best=34.7143 since_improve=283
t=62816ms iter=284 WAIST cost=34.0000 best_alt=22.0000 gap=12.0000 tried=5 sep_labels=22 clique_frac=0.00
t=62958ms iter=284 REBUILD reject new_tc=36.3277 (was 34.7691)
t=63024ms iter=284 incumb=34.7691 ratchet=35.5363 best=34.7143 since_improve=284
t=63036ms iter=285 WAIST cost=34.0000 best_alt=22.0000 gap=12.0000 tried=5 sep_labels=22 clique_frac=0.00
t=63178ms iter=285 REBUILD reject new_tc=37.1416 (was 34.7691)
t=63244ms iter=285 incumb=34.7691 ratchet=35.2446 best=34.7143 since_improve=285
t=63255ms iter=286 WAIST cost=34.0000 best_alt=22.0000 gap=12.0000 tried=5 sep_labels=22 clique_frac=0.00
t=63397ms iter=286 REBUILD reject new_tc=37.4869 (was 34.7691)
t=63462ms iter=286 incumb=34.7691 ratchet=35.0825 best=34.7143 since_improve=286
t=63475ms iter=287 WAIST cost=34.0000 best_alt=22.0000 gap=12.0000 tried=5 sep_labels=22 clique_frac=0.00
t=63617ms iter=287 REBUILD reject new_tc=37.1894 (was 34.7691)
t=63682ms iter=287 incumb=34.7691 ratchet=35.2713 best=34.7143 since_improve=287
t=63693ms iter=288 WAIST cost=34.0000 best_alt=22.0000 gap=12.0000 tried=5 sep_labels=22 clique_frac=0.00
t=63832ms iter=288 REBUILD reject new_tc=37.5505 (was 34.7691)
t=63897ms iter=288 incumb=34.7691 ratchet=35.1492 best=34.7143 since_improve=288
t=63911ms iter=289 WAIST cost=34.0000 best_alt=22.0000 gap=12.0000 tried=5 sep_labels=22 clique_frac=0.00
t=64051ms iter=289 REBUILD reject new_tc=37.4249 (was 34.7691)
t=64117ms iter=289 incumb=34.7691 ratchet=35.0528 best=34.7143 since_improve=289
t=64130ms iter=290 WAIST cost=34.0000 best_alt=22.0000 gap=12.0000 tried=5 sep_labels=22 clique_frac=0.00
t=64274ms iter=290 REBUILD reject new_tc=37.6658 (was 34.7691)
t=64339ms iter=290 incumb=34.7691 ratchet=35.2229 best=34.7143 since_improve=290
t=64351ms iter=291 WAIST cost=34.0000 best_alt=22.0000 gap=12.0000 tried=5 sep_labels=22 clique_frac=0.00
t=64492ms iter=291 REBUILD reject new_tc=37.3859 (was 34.7691)
t=64558ms iter=291 incumb=34.7691 ratchet=35.1735 best=34.7143 since_improve=291
t=64570ms iter=292 WAIST cost=34.0000 best_alt=22.0000 gap=12.0000 tried=5 sep_labels=22 clique_frac=0.00
t=64712ms iter=292 REBUILD reject new_tc=37.5484 (was 34.7691)
t=64777ms iter=292 incumb=34.7691 ratchet=34.8987 best=34.7143 since_improve=292
t=64789ms iter=293 WAIST cost=34.0000 best_alt=22.0000 gap=12.0000 tried=5 sep_labels=22 clique_frac=0.00
t=64930ms iter=293 REBUILD reject new_tc=37.1406 (was 34.7691)
t=64996ms iter=293 incumb=34.7691 ratchet=35.0058 best=34.7143 since_improve=293
t=65008ms iter=294 WAIST cost=34.0000 best_alt=22.0000 gap=12.0000 tried=5 sep_labels=22 clique_frac=0.00
t=65148ms iter=294 REBUILD reject new_tc=37.3786 (was 34.7691)
t=65214ms iter=294 incumb=34.7691 ratchet=34.9885 best=34.7143 since_improve=294
t=65227ms iter=295 WAIST cost=34.0000 best_alt=22.0000 gap=12.0000 tried=5 sep_labels=22 clique_frac=0.00
t=65367ms iter=295 REBUILD reject new_tc=37.3857 (was 34.7691)
t=65433ms iter=295 incumb=34.7691 ratchet=35.1649 best=34.7143 since_improve=295
t=65445ms iter=296 WAIST cost=34.0000 best_alt=22.0000 gap=12.0000 tried=5 sep_labels=22 clique_frac=0.00
t=65586ms iter=296 REBUILD reject new_tc=37.4778 (was 34.7691)
t=65652ms iter=296 incumb=34.7691 ratchet=35.3071 best=34.7143 since_improve=296
t=65666ms iter=297 WAIST cost=34.0000 best_alt=22.0000 gap=12.0000 tried=5 sep_labels=22 clique_frac=0.00
t=65807ms iter=297 REBUILD reject new_tc=37.3961 (was 34.7691)
t=65872ms iter=297 incumb=34.7691 ratchet=34.8192 best=34.7143 since_improve=297
t=65884ms iter=298 WAIST cost=34.0000 best_alt=22.0000 gap=12.0000 tried=5 sep_labels=22 clique_frac=0.00
t=66023ms iter=298 REBUILD reject new_tc=37.5466 (was 34.7691)
t=66089ms iter=298 incumb=34.7691 ratchet=35.1788 best=34.7143 since_improve=298
t=66101ms iter=299 WAIST cost=34.0000 best_alt=22.0000 gap=12.0000 tried=5 sep_labels=22 clique_frac=0.00
t=66241ms iter=299 REBUILD reject new_tc=37.4096 (was 34.7691)
t=66306ms iter=299 incumb=34.7691 ratchet=35.1751 best=34.7143 since_improve=299
t=66320ms iter=300 WAIST cost=34.0000 best_alt=22.0000 gap=12.0000 tried=5 sep_labels=22 clique_frac=0.00
t=66458ms iter=300 REBUILD reject new_tc=37.2124 (was 34.7691)
t=66525ms iter=300 incumb=34.7691 ratchet=35.0527 best=34.7143 since_improve=300
t=66537ms iter=301 WAIST cost=34.0000 best_alt=22.0000 gap=12.0000 tried=5 sep_labels=22 clique_frac=0.00
t=66676ms iter=301 REBUILD reject new_tc=37.3744 (was 34.7691)
t=66742ms iter=301 incumb=34.7691 ratchet=35.3425 best=34.7143 since_improve=301
t=66753ms iter=302 WAIST cost=34.0000 best_alt=22.0000 gap=12.0000 tried=5 sep_labels=22 clique_frac=0.00
t=66893ms iter=302 REBUILD reject new_tc=37.3460 (was 34.7691)
t=66958ms iter=302 incumb=34.7691 ratchet=34.9917 best=34.7143 since_improve=302
t=66971ms iter=303 WAIST cost=34.0000 best_alt=22.0000 gap=12.0000 tried=5 sep_labels=22 clique_frac=0.00
t=67110ms iter=303 REBUILD reject new_tc=37.5151 (was 34.7691)
t=67180ms iter=303 incumb=34.7691 ratchet=44.4546 best=34.7143 since_improve=303
t=67193ms iter=304 WAIST cost=34.0000 best_alt=22.0000 gap=12.0000 tried=5 sep_labels=22 clique_frac=0.00
t=67333ms iter=304 REBUILD reject new_tc=37.5907 (was 34.7691)
t=67399ms iter=304 incumb=34.7691 ratchet=34.9601 best=34.7143 since_improve=304
t=67411ms iter=305 WAIST cost=34.0000 best_alt=22.0000 gap=12.0000 tried=5 sep_labels=22 clique_frac=0.00
t=67550ms iter=305 REBUILD reject new_tc=37.1220 (was 34.7691)
t=67615ms iter=305 incumb=34.7691 ratchet=35.2253 best=34.7143 since_improve=305
t=67627ms iter=306 WAIST cost=34.0000 best_alt=22.0000 gap=12.0000 tried=5 sep_labels=22 clique_frac=0.00
t=67766ms iter=306 REBUILD reject new_tc=37.3712 (was 34.7691)
t=67834ms iter=306 incumb=34.7691 ratchet=39.6208 best=34.7143 since_improve=306
t=67848ms iter=307 WAIST cost=34.0000 best_alt=22.0000 gap=12.0000 tried=5 sep_labels=22 clique_frac=0.00
t=67987ms iter=307 REBUILD reject new_tc=37.3590 (was 34.7691)
t=68052ms iter=307 incumb=34.7691 ratchet=34.8577 best=34.7143 since_improve=307
t=68064ms iter=308 WAIST cost=34.0000 best_alt=22.0000 gap=12.0000 tried=5 sep_labels=22 clique_frac=0.00
t=68204ms iter=308 REBUILD reject new_tc=37.5021 (was 34.7691)
t=68270ms iter=308 incumb=34.7691 ratchet=35.5442 best=34.7143 since_improve=308
t=68282ms iter=309 WAIST cost=34.0000 best_alt=22.0000 gap=12.0000 tried=5 sep_labels=22 clique_frac=0.00
t=68422ms iter=309 REBUILD reject new_tc=36.9590 (was 34.7691)
t=68488ms iter=309 incumb=34.7691 ratchet=35.1727 best=34.7143 since_improve=309
t=68501ms iter=310 WAIST cost=34.0000 best_alt=22.0000 gap=12.0000 tried=5 sep_labels=22 clique_frac=0.00
t=68642ms iter=310 REBUILD reject new_tc=37.0012 (was 34.7691)
t=68709ms iter=310 incumb=34.7691 ratchet=35.2305 best=34.7143 since_improve=310
t=68722ms iter=311 WAIST cost=34.0000 best_alt=22.0000 gap=12.0000 tried=5 sep_labels=22 clique_frac=0.00
t=68863ms iter=311 REBUILD reject new_tc=37.7316 (was 34.7691)
t=68929ms iter=311 incumb=34.7691 ratchet=36.0287 best=34.7143 since_improve=311
t=68940ms iter=312 WAIST cost=34.0000 best_alt=22.0000 gap=12.0000 tried=5 sep_labels=22 clique_frac=0.00
t=69080ms iter=312 REBUILD reject new_tc=37.5019 (was 34.7691)
t=69145ms iter=312 incumb=34.7691 ratchet=35.1287 best=34.7143 since_improve=312
t=69158ms iter=313 WAIST cost=34.0000 best_alt=22.0000 gap=12.0000 tried=5 sep_labels=22 clique_frac=0.00
t=69300ms iter=313 REBUILD reject new_tc=37.5037 (was 34.7691)
t=69366ms iter=313 incumb=34.7691 ratchet=35.1640 best=34.7143 since_improve=313
t=69378ms iter=314 WAIST cost=34.0000 best_alt=22.0000 gap=12.0000 tried=5 sep_labels=22 clique_frac=0.00
t=69520ms iter=314 REBUILD reject new_tc=37.3682 (was 34.7691)
t=69586ms iter=314 incumb=34.7691 ratchet=35.1317 best=34.7143 since_improve=314
t=69598ms iter=315 WAIST cost=34.0000 best_alt=22.0000 gap=12.0000 tried=5 sep_labels=22 clique_frac=0.00
t=69738ms iter=315 REBUILD reject new_tc=37.4522 (was 34.7691)
t=69804ms iter=315 incumb=34.7691 ratchet=35.2169 best=34.7143 since_improve=315
t=69816ms iter=316 WAIST cost=34.0000 best_alt=22.0000 gap=12.0000 tried=5 sep_labels=22 clique_frac=0.00
t=69956ms iter=316 REBUILD reject new_tc=37.3597 (was 34.7691)
t=70021ms iter=316 incumb=34.7691 ratchet=35.1584 best=34.7143 since_improve=316
t=70033ms iter=317 WAIST cost=34.0000 best_alt=22.0000 gap=12.0000 tried=5 sep_labels=22 clique_frac=0.00
t=70175ms iter=317 REBUILD reject new_tc=37.6514 (was 34.7691)
t=70241ms iter=317 incumb=34.7691 ratchet=35.1359 best=34.7143 since_improve=317
t=70254ms iter=318 WAIST cost=34.0000 best_alt=22.0000 gap=12.0000 tried=5 sep_labels=22 clique_frac=0.00
t=70395ms iter=318 REBUILD reject new_tc=37.4494 (was 34.7691)
t=70461ms iter=318 incumb=34.7691 ratchet=35.1133 best=34.7143 since_improve=318
t=70474ms iter=319 WAIST cost=34.0000 best_alt=22.0000 gap=12.0000 tried=5 sep_labels=22 clique_frac=0.00
t=70615ms iter=319 REBUILD reject new_tc=37.3935 (was 34.7691)
t=70681ms iter=319 incumb=34.7691 ratchet=35.3071 best=34.7143 since_improve=319
t=70694ms iter=320 WAIST cost=34.0000 best_alt=22.0000 gap=12.0000 tried=5 sep_labels=22 clique_frac=0.00
t=70834ms iter=320 REBUILD reject new_tc=36.9172 (was 34.7691)
t=70900ms iter=320 incumb=34.7691 ratchet=34.9829 best=34.7143 since_improve=320
t=70913ms iter=321 WAIST cost=34.0000 best_alt=22.0000 gap=12.0000 tried=5 sep_labels=22 clique_frac=0.00
t=71055ms iter=321 REBUILD reject new_tc=37.7018 (was 34.7691)
t=71124ms iter=321 incumb=34.7691 ratchet=35.3678 best=34.7143 since_improve=321
t=71137ms iter=322 WAIST cost=34.0000 best_alt=22.0000 gap=12.0000 tried=5 sep_labels=22 clique_frac=0.00
t=71277ms iter=322 REBUILD reject new_tc=37.3733 (was 34.7691)
t=71342ms iter=322 incumb=34.7691 ratchet=34.9996 best=34.7143 since_improve=322
t=71357ms iter=323 WAIST cost=34.0000 best_alt=22.0000 gap=12.0000 tried=5 sep_labels=22 clique_frac=0.00
t=71497ms iter=323 REBUILD reject new_tc=37.5383 (was 34.7691)
t=71563ms iter=323 incumb=34.7691 ratchet=35.1069 best=34.7143 since_improve=323
t=71575ms iter=324 WAIST cost=34.0000 best_alt=22.0000 gap=12.0000 tried=5 sep_labels=22 clique_frac=0.00
t=71715ms iter=324 REBUILD reject new_tc=37.5495 (was 34.7691)
t=71781ms iter=324 incumb=34.7691 ratchet=35.1239 best=34.7143 since_improve=324
t=71793ms iter=325 WAIST cost=34.0000 best_alt=22.0000 gap=12.0000 tried=5 sep_labels=22 clique_frac=0.00
t=71933ms iter=325 REBUILD reject new_tc=37.4139 (was 34.7691)
t=71999ms iter=325 incumb=34.7691 ratchet=35.3395 best=34.7143 since_improve=325
t=72014ms iter=326 WAIST cost=34.0000 best_alt=22.0000 gap=12.0000 tried=5 sep_labels=22 clique_frac=0.00
t=72153ms iter=326 REBUILD reject new_tc=37.3834 (was 34.7691)
t=72218ms iter=326 incumb=34.7691 ratchet=35.0858 best=34.7143 since_improve=326
t=72233ms iter=327 WAIST cost=34.0000 best_alt=22.0000 gap=12.0000 tried=5 sep_labels=22 clique_frac=0.00
t=72372ms iter=327 REBUILD reject new_tc=37.3201 (was 34.7691)
t=72438ms iter=327 incumb=34.7691 ratchet=35.7390 best=34.7143 since_improve=327
t=72450ms iter=328 WAIST cost=34.0000 best_alt=22.0000 gap=12.0000 tried=5 sep_labels=22 clique_frac=0.00
t=72590ms iter=328 REBUILD reject new_tc=37.4602 (was 34.7691)
t=72655ms iter=328 incumb=34.7691 ratchet=35.1674 best=34.7143 since_improve=328
t=72667ms iter=329 WAIST cost=34.0000 best_alt=22.0000 gap=12.0000 tried=5 sep_labels=22 clique_frac=0.00
t=72807ms iter=329 REBUILD reject new_tc=37.3027 (was 34.7691)
t=72873ms iter=329 incumb=34.7691 ratchet=35.1828 best=34.7143 since_improve=329
t=72883ms iter=330 WAIST cost=34.0000 best_alt=22.0000 gap=12.0000 tried=5 sep_labels=22 clique_frac=0.00
t=73024ms iter=330 REBUILD reject new_tc=37.4276 (was 34.7691)
t=73091ms iter=330 incumb=34.7691 ratchet=35.1134 best=34.7143 since_improve=330
t=73104ms iter=331 WAIST cost=34.0000 best_alt=22.0000 gap=12.0000 tried=5 sep_labels=22 clique_frac=0.00
t=73244ms iter=331 REBUILD reject new_tc=37.3393 (was 34.7691)
t=73310ms iter=331 incumb=34.7691 ratchet=34.8986 best=34.7143 since_improve=331
t=73322ms iter=332 WAIST cost=34.0000 best_alt=22.0000 gap=12.0000 tried=5 sep_labels=22 clique_frac=0.00
t=73462ms iter=332 REBUILD reject new_tc=37.3579 (was 34.7691)
t=73528ms iter=332 incumb=34.7691 ratchet=34.9534 best=34.7143 since_improve=332
t=73541ms iter=333 WAIST cost=34.0000 best_alt=22.0000 gap=12.0000 tried=5 sep_labels=22 clique_frac=0.00
t=73682ms iter=333 REBUILD reject new_tc=37.3559 (was 34.7691)
t=73748ms iter=333 incumb=34.7691 ratchet=35.5419 best=34.7143 since_improve=333
t=73761ms iter=334 WAIST cost=34.0000 best_alt=22.0000 gap=12.0000 tried=5 sep_labels=22 clique_frac=0.00
t=73900ms iter=334 REBUILD reject new_tc=37.4630 (was 34.7691)
t=73966ms iter=334 incumb=34.7691 ratchet=36.0943 best=34.7143 since_improve=334
t=73977ms iter=335 WAIST cost=34.0000 best_alt=22.0000 gap=12.0000 tried=5 sep_labels=22 clique_frac=0.00
t=74117ms iter=335 REBUILD reject new_tc=37.0839 (was 34.7691)
t=74183ms iter=335 incumb=34.7691 ratchet=35.1135 best=34.7143 since_improve=335
t=74195ms iter=336 WAIST cost=34.0000 best_alt=22.0000 gap=12.0000 tried=5 sep_labels=22 clique_frac=0.00
t=74334ms iter=336 REBUILD reject new_tc=37.3430 (was 34.7691)
t=74399ms iter=336 incumb=34.7691 ratchet=35.1377 best=34.7143 since_improve=336
t=74410ms iter=337 WAIST cost=34.0000 best_alt=22.0000 gap=12.0000 tried=5 sep_labels=22 clique_frac=0.00
t=74552ms iter=337 REBUILD reject new_tc=36.9423 (was 34.7691)
t=74617ms iter=337 incumb=34.7691 ratchet=35.1433 best=34.7143 since_improve=337
t=74629ms iter=338 WAIST cost=34.0000 best_alt=22.0000 gap=12.0000 tried=5 sep_labels=22 clique_frac=0.00
t=74771ms iter=338 REBUILD reject new_tc=37.5051 (was 34.7691)
t=74836ms iter=338 incumb=34.7691 ratchet=35.2769 best=34.7143 since_improve=338
t=74847ms iter=339 WAIST cost=34.0000 best_alt=22.0000 gap=12.0000 tried=5 sep_labels=22 clique_frac=0.00
t=74986ms iter=339 REBUILD reject new_tc=37.1949 (was 34.7691)
t=75052ms iter=339 incumb=34.7691 ratchet=36.5778 best=34.7143 since_improve=339
t=75066ms iter=340 WAIST cost=34.0000 best_alt=22.0000 gap=12.0000 tried=5 sep_labels=22 clique_frac=0.00
t=75207ms iter=340 REBUILD reject new_tc=37.4456 (was 34.7691)
t=75276ms iter=340 incumb=34.7691 ratchet=35.0719 best=34.7143 since_improve=340
t=75290ms iter=341 WAIST cost=34.0000 best_alt=22.0000 gap=12.0000 tried=5 sep_labels=22 clique_frac=0.00
t=75431ms iter=341 REBUILD reject new_tc=37.3995 (was 34.7691)
t=75496ms iter=341 incumb=34.7691 ratchet=34.9468 best=34.7143 since_improve=341
t=75509ms iter=342 WAIST cost=34.0000 best_alt=22.0000 gap=12.0000 tried=5 sep_labels=22 clique_frac=0.00
t=75651ms iter=342 REBUILD reject new_tc=37.3460 (was 34.7691)
t=75716ms iter=342 incumb=34.7691 ratchet=35.4964 best=34.7143 since_improve=342
t=75730ms iter=343 WAIST cost=34.0000 best_alt=22.0000 gap=12.0000 tried=5 sep_labels=22 clique_frac=0.00
t=75871ms iter=343 REBUILD reject new_tc=37.6668 (was 34.7691)
t=75936ms iter=343 incumb=34.7691 ratchet=35.1299 best=34.7143 since_improve=343
t=75949ms iter=344 WAIST cost=34.0000 best_alt=22.0000 gap=12.0000 tried=5 sep_labels=22 clique_frac=0.00
t=76090ms iter=344 REBUILD reject new_tc=37.1645 (was 34.7691)
t=76156ms iter=344 incumb=34.7691 ratchet=34.9045 best=34.7143 since_improve=344
t=76169ms iter=345 WAIST cost=34.0000 best_alt=22.0000 gap=12.0000 tried=5 sep_labels=22 clique_frac=0.00
t=76309ms iter=345 REBUILD reject new_tc=37.3687 (was 34.7691)
t=76374ms iter=345 incumb=34.7691 ratchet=35.0950 best=34.7143 since_improve=345
t=76385ms iter=346 WAIST cost=34.0000 best_alt=22.0000 gap=12.0000 tried=5 sep_labels=22 clique_frac=0.00
t=76526ms iter=346 REBUILD reject new_tc=37.4001 (was 34.7691)
t=76592ms iter=346 incumb=34.7691 ratchet=35.1613 best=34.7143 since_improve=346
t=76605ms iter=347 WAIST cost=34.0000 best_alt=22.0000 gap=12.0000 tried=5 sep_labels=22 clique_frac=0.00
t=76746ms iter=347 REBUILD reject new_tc=35.7715 (was 34.7691)
t=76813ms iter=347 incumb=34.7691 ratchet=35.5625 best=34.7143 since_improve=347
t=76826ms iter=348 WAIST cost=34.0000 best_alt=22.0000 gap=12.0000 tried=5 sep_labels=22 clique_frac=0.00
t=76965ms iter=348 REBUILD reject new_tc=37.3549 (was 34.7691)
t=77031ms iter=348 incumb=34.7691 ratchet=35.7058 best=34.7143 since_improve=348
t=77042ms iter=349 WAIST cost=34.0000 best_alt=22.0000 gap=12.0000 tried=5 sep_labels=22 clique_frac=0.00
t=77184ms iter=349 REBUILD reject new_tc=37.3334 (was 34.7691)
t=77251ms iter=349 incumb=34.7691 ratchet=35.1199 best=34.7143 since_improve=349
t=77262ms iter=350 WAIST cost=34.0000 best_alt=22.0000 gap=12.0000 tried=5 sep_labels=22 clique_frac=0.00
t=77404ms iter=350 REBUILD reject new_tc=37.0114 (was 34.7691)
t=77469ms iter=350 incumb=34.7691 ratchet=35.3682 best=34.7143 since_improve=350
t=77484ms iter=351 WAIST cost=34.0000 best_alt=22.0000 gap=12.0000 tried=5 sep_labels=22 clique_frac=0.00
t=77625ms iter=351 REBUILD reject new_tc=37.5673 (was 34.7691)
t=77691ms iter=351 incumb=34.7691 ratchet=35.6864 best=34.7143 since_improve=351
t=77704ms iter=352 WAIST cost=34.0000 best_alt=22.0000 gap=12.0000 tried=5 sep_labels=22 clique_frac=0.00
t=77843ms iter=352 REBUILD reject new_tc=37.3333 (was 34.7691)
t=77908ms iter=352 incumb=34.7691 ratchet=35.2341 best=34.7143 since_improve=352
t=77921ms iter=353 WAIST cost=34.0000 best_alt=22.0000 gap=12.0000 tried=5 sep_labels=22 clique_frac=0.00
t=78060ms iter=353 REBUILD reject new_tc=37.3506 (was 34.7691)
t=78125ms iter=353 incumb=34.7691 ratchet=34.8739 best=34.7143 since_improve=353
t=78140ms iter=354 WAIST cost=34.0000 best_alt=22.0000 gap=12.0000 tried=5 sep_labels=22 clique_frac=0.00
t=78280ms iter=354 REBUILD reject new_tc=37.2695 (was 34.7691)
t=78346ms iter=354 incumb=34.7691 ratchet=35.3245 best=34.7143 since_improve=354
t=78359ms iter=355 WAIST cost=34.0000 best_alt=22.0000 gap=12.0000 tried=5 sep_labels=22 clique_frac=0.00
t=78499ms iter=355 REBUILD reject new_tc=37.3754 (was 34.7691)
t=78565ms iter=355 incumb=34.7691 ratchet=35.2205 best=34.7143 since_improve=355
t=78576ms iter=356 WAIST cost=34.0000 best_alt=22.0000 gap=12.0000 tried=5 sep_labels=22 clique_frac=0.00
t=78716ms iter=356 REBUILD reject new_tc=35.7079 (was 34.7691)
t=78781ms iter=356 incumb=34.7691 ratchet=35.3073 best=34.7143 since_improve=356
t=78796ms iter=357 WAIST cost=34.0000 best_alt=22.0000 gap=12.0000 tried=5 sep_labels=22 clique_frac=0.00
t=78936ms iter=357 REBUILD reject new_tc=37.5145 (was 34.7691)
t=79002ms iter=357 incumb=34.7691 ratchet=34.9547 best=34.7143 since_improve=357
t=79017ms iter=358 WAIST cost=34.0000 best_alt=22.0000 gap=12.0000 tried=5 sep_labels=22 clique_frac=0.00
t=79158ms iter=358 REBUILD reject new_tc=37.3160 (was 34.7691)
t=79225ms iter=358 incumb=34.7691 ratchet=35.0259 best=34.7143 since_improve=358
t=79240ms iter=359 WAIST cost=34.0000 best_alt=22.0000 gap=12.0000 tried=5 sep_labels=22 clique_frac=0.00
t=79382ms iter=359 REBUILD reject new_tc=36.5738 (was 34.7691)
t=79447ms iter=359 incumb=34.7691 ratchet=35.3439 best=34.7143 since_improve=359
t=79460ms iter=360 WAIST cost=34.0000 best_alt=22.0000 gap=12.0000 tried=5 sep_labels=22 clique_frac=0.00
t=79602ms iter=360 REBUILD reject new_tc=37.6734 (was 34.7691)
t=79667ms iter=360 incumb=34.7691 ratchet=35.5442 best=34.7143 since_improve=360
t=79680ms iter=361 WAIST cost=34.0000 best_alt=22.0000 gap=12.0000 tried=5 sep_labels=22 clique_frac=0.00
t=79819ms iter=361 REBUILD reject new_tc=37.2918 (was 34.7691)
t=79885ms iter=361 incumb=34.7691 ratchet=35.3388 best=34.7143 since_improve=361
t=79898ms iter=362 WAIST cost=34.0000 best_alt=22.0000 gap=12.0000 tried=5 sep_labels=22 clique_frac=0.00
t=80039ms iter=362 REBUILD reject new_tc=37.4331 (was 34.7691)
t=80106ms iter=362 incumb=34.7691 ratchet=35.0382 best=34.7143 since_improve=362
t=80119ms iter=363 WAIST cost=34.0000 best_alt=22.0000 gap=12.0000 tried=5 sep_labels=22 clique_frac=0.00
t=80259ms iter=363 REBUILD reject new_tc=37.5055 (was 34.7691)
t=80326ms iter=363 incumb=34.7691 ratchet=35.4134 best=34.7143 since_improve=363
t=80338ms iter=364 WAIST cost=34.0000 best_alt=22.0000 gap=12.0000 tried=5 sep_labels=22 clique_frac=0.00
t=80478ms iter=364 REBUILD reject new_tc=36.8098 (was 34.7691)
t=80543ms iter=364 incumb=34.7691 ratchet=35.3931 best=34.7143 since_improve=364
t=80555ms iter=365 WAIST cost=34.0000 best_alt=22.0000 gap=12.0000 tried=5 sep_labels=22 clique_frac=0.00
t=80696ms iter=365 REBUILD reject new_tc=37.5098 (was 34.7691)
t=80763ms iter=365 incumb=34.7691 ratchet=38.9780 best=34.7143 since_improve=365
t=80776ms iter=366 WAIST cost=34.0000 best_alt=22.0000 gap=12.0000 tried=5 sep_labels=22 clique_frac=0.00
t=80917ms iter=366 REBUILD reject new_tc=37.6318 (was 34.7691)
t=80982ms iter=366 incumb=34.7691 ratchet=35.2540 best=34.7143 since_improve=366
t=80993ms iter=367 WAIST cost=34.0000 best_alt=22.0000 gap=12.0000 tried=5 sep_labels=22 clique_frac=0.00
t=81134ms iter=367 REBUILD reject new_tc=36.7980 (was 34.7691)
t=81199ms iter=367 incumb=34.7691 ratchet=35.3338 best=34.7143 since_improve=367
t=81214ms iter=368 WAIST cost=34.0000 best_alt=22.0000 gap=12.0000 tried=5 sep_labels=22 clique_frac=0.00
t=81354ms iter=368 REBUILD reject new_tc=37.4224 (was 34.7691)
t=81419ms iter=368 incumb=34.7691 ratchet=35.0886 best=34.7143 since_improve=368
t=81432ms iter=369 WAIST cost=34.0000 best_alt=22.0000 gap=12.0000 tried=5 sep_labels=22 clique_frac=0.00
t=81572ms iter=369 REBUILD reject new_tc=36.7747 (was 34.7691)
t=81638ms iter=369 incumb=34.7691 ratchet=35.0413 best=34.7143 since_improve=369
t=81653ms iter=370 WAIST cost=34.0000 best_alt=22.0000 gap=12.0000 tried=5 sep_labels=22 clique_frac=0.00
t=81794ms iter=370 REBUILD reject new_tc=37.3253 (was 34.7691)
t=81859ms iter=370 incumb=34.7691 ratchet=35.0954 best=34.7143 since_improve=370
t=81871ms iter=371 WAIST cost=34.0000 best_alt=22.0000 gap=12.0000 tried=5 sep_labels=22 clique_frac=0.00
t=82012ms iter=371 REBUILD reject new_tc=37.4057 (was 34.7691)
t=82077ms iter=371 incumb=34.7691 ratchet=34.9765 best=34.7143 since_improve=371
t=82091ms iter=372 WAIST cost=34.0000 best_alt=22.0000 gap=12.0000 tried=5 sep_labels=22 clique_frac=0.00
t=82231ms iter=372 REBUILD reject new_tc=37.3401 (was 34.7691)
t=82296ms iter=372 incumb=34.7691 ratchet=35.0002 best=34.7143 since_improve=372
t=82307ms iter=373 WAIST cost=34.0000 best_alt=22.0000 gap=12.0000 tried=5 sep_labels=22 clique_frac=0.00
t=82447ms iter=373 REBUILD reject new_tc=37.4922 (was 34.7691)
t=82513ms iter=373 incumb=34.7691 ratchet=35.3188 best=34.7143 since_improve=373
t=82527ms iter=374 WAIST cost=34.0000 best_alt=22.0000 gap=12.0000 tried=5 sep_labels=22 clique_frac=0.00
t=82667ms iter=374 REBUILD reject new_tc=37.2568 (was 34.7691)
t=82734ms iter=374 incumb=34.7691 ratchet=37.1617 best=34.7143 since_improve=374
t=82746ms iter=375 WAIST cost=34.0000 best_alt=22.0000 gap=12.0000 tried=5 sep_labels=22 clique_frac=0.00
t=82885ms iter=375 REBUILD reject new_tc=37.6262 (was 34.7691)
t=82951ms iter=375 incumb=34.7691 ratchet=35.4908 best=34.7143 since_improve=375
t=82963ms iter=376 WAIST cost=34.0000 best_alt=22.0000 gap=12.0000 tried=5 sep_labels=22 clique_frac=0.00
t=83105ms iter=376 REBUILD reject new_tc=37.4862 (was 34.7691)
t=83170ms iter=376 incumb=34.7691 ratchet=35.4371 best=34.7143 since_improve=376
t=83185ms iter=377 WAIST cost=34.0000 best_alt=22.0000 gap=12.0000 tried=5 sep_labels=22 clique_frac=0.00
t=83326ms iter=377 REBUILD reject new_tc=36.8372 (was 34.7691)
t=83393ms iter=377 incumb=34.7691 ratchet=38.0902 best=34.7143 since_improve=377
t=83404ms iter=378 WAIST cost=34.0000 best_alt=22.0000 gap=12.0000 tried=5 sep_labels=22 clique_frac=0.00
t=83545ms iter=378 REBUILD reject new_tc=36.8201 (was 34.7691)
t=83610ms iter=378 incumb=34.7691 ratchet=34.9290 best=34.7143 since_improve=378
t=83623ms iter=379 WAIST cost=34.0000 best_alt=22.0000 gap=12.0000 tried=5 sep_labels=22 clique_frac=0.00
t=83763ms iter=379 REBUILD reject new_tc=37.4171 (was 34.7691)
t=83829ms iter=379 incumb=34.7691 ratchet=35.2024 best=34.7143 since_improve=379
t=83841ms iter=380 WAIST cost=34.0000 best_alt=22.0000 gap=12.0000 tried=5 sep_labels=22 clique_frac=0.00
t=83982ms iter=380 REBUILD reject new_tc=37.4220 (was 34.7691)
t=84047ms iter=380 incumb=34.7691 ratchet=35.3995 best=34.7143 since_improve=380
t=84062ms iter=381 WAIST cost=34.0000 best_alt=22.0000 gap=12.0000 tried=5 sep_labels=22 clique_frac=0.00
t=84203ms iter=381 REBUILD reject new_tc=37.5371 (was 34.7691)
t=84268ms iter=381 incumb=34.7691 ratchet=35.3595 best=34.7143 since_improve=381
t=84283ms iter=382 WAIST cost=34.0000 best_alt=22.0000 gap=12.0000 tried=5 sep_labels=22 clique_frac=0.00
t=84425ms iter=382 REBUILD reject new_tc=37.6757 (was 34.7691)
t=84490ms iter=382 incumb=34.7691 ratchet=35.2974 best=34.7143 since_improve=382
t=84502ms iter=383 WAIST cost=34.0000 best_alt=22.0000 gap=12.0000 tried=5 sep_labels=22 clique_frac=0.00
t=84643ms iter=383 REBUILD reject new_tc=37.7110 (was 34.7691)
t=84713ms iter=383 incumb=34.7691 ratchet=44.0141 best=34.7143 since_improve=383
t=84728ms iter=384 WAIST cost=34.0000 best_alt=22.0000 gap=12.0000 tried=5 sep_labels=22 clique_frac=0.00
t=84868ms iter=384 REBUILD reject new_tc=37.5537 (was 34.7691)
t=84934ms iter=384 incumb=34.7691 ratchet=35.0435 best=34.7143 since_improve=384
t=84948ms iter=385 WAIST cost=34.0000 best_alt=22.0000 gap=12.0000 tried=5 sep_labels=22 clique_frac=0.00
t=85089ms iter=385 REBUILD reject new_tc=36.9507 (was 34.7691)
t=85155ms iter=385 incumb=34.7691 ratchet=36.6645 best=34.7143 since_improve=385
t=85168ms iter=386 WAIST cost=34.0000 best_alt=22.0000 gap=12.0000 tried=5 sep_labels=22 clique_frac=0.00
t=85309ms iter=386 REBUILD reject new_tc=37.5398 (was 34.7691)
t=85374ms iter=386 incumb=34.7691 ratchet=35.2598 best=34.7143 since_improve=386
t=85385ms iter=387 WAIST cost=34.0000 best_alt=22.0000 gap=12.0000 tried=5 sep_labels=22 clique_frac=0.00
t=85525ms iter=387 REBUILD reject new_tc=37.3421 (was 34.7691)
t=85590ms iter=387 incumb=34.7691 ratchet=35.5785 best=34.7143 since_improve=387
t=85603ms iter=388 WAIST cost=34.0000 best_alt=22.0000 gap=12.0000 tried=5 sep_labels=22 clique_frac=0.00
t=85744ms iter=388 REBUILD reject new_tc=37.4205 (was 34.7691)
t=85809ms iter=388 incumb=34.7691 ratchet=35.1674 best=34.7143 since_improve=388
t=85822ms iter=389 WAIST cost=34.0000 best_alt=22.0000 gap=12.0000 tried=5 sep_labels=22 clique_frac=0.00
t=85963ms iter=389 REBUILD reject new_tc=37.5792 (was 34.7691)
t=86028ms iter=389 incumb=34.7691 ratchet=35.4257 best=34.7143 since_improve=389
t=86042ms iter=390 WAIST cost=34.0000 best_alt=22.0000 gap=12.0000 tried=5 sep_labels=22 clique_frac=0.00
t=86182ms iter=390 REBUILD reject new_tc=37.3396 (was 34.7691)
t=86247ms iter=390 incumb=34.7691 ratchet=35.1258 best=34.7143 since_improve=390
t=86259ms iter=391 WAIST cost=34.0000 best_alt=22.0000 gap=12.0000 tried=5 sep_labels=22 clique_frac=0.00
t=86399ms iter=391 REBUILD reject new_tc=37.4378 (was 34.7691)
t=86465ms iter=391 incumb=34.7691 ratchet=35.1650 best=34.7143 since_improve=391
t=86477ms iter=392 WAIST cost=34.0000 best_alt=22.0000 gap=12.0000 tried=5 sep_labels=22 clique_frac=0.00
t=86620ms iter=392 REBUILD reject new_tc=37.5495 (was 34.7691)
t=86685ms iter=392 incumb=34.7691 ratchet=35.5481 best=34.7143 since_improve=392
t=86699ms iter=393 WAIST cost=34.0000 best_alt=22.0000 gap=12.0000 tried=5 sep_labels=22 clique_frac=0.00
t=86840ms iter=393 REBUILD reject new_tc=37.1259 (was 34.7691)
t=86906ms iter=393 incumb=34.7691 ratchet=35.2366 best=34.7143 since_improve=393
t=86917ms iter=394 WAIST cost=34.0000 best_alt=22.0000 gap=12.0000 tried=5 sep_labels=22 clique_frac=0.00
t=87056ms iter=394 REBUILD reject new_tc=37.2875 (was 34.7691)
t=87122ms iter=394 incumb=34.7691 ratchet=35.0564 best=34.7143 since_improve=394
t=87135ms iter=395 WAIST cost=34.0000 best_alt=22.0000 gap=12.0000 tried=5 sep_labels=22 clique_frac=0.00
t=87275ms iter=395 REBUILD reject new_tc=37.6319 (was 34.7691)
t=87301ms iter=395 incumb=34.7691 ratchet=35.6700 best=34.7143 since_improve=395
t_final=87312ms tc_reduced=34.7143 tc_full=34.7143 leaves=572
surgery summary: calls=395 cheaper_cuts=395 rebuild_accepts=1 waist_min_hits=0
