simplify: n_orig=1000 n_reduced=1000 shrink=0.0000 t_simp=4ms
t_seed=641ms tc_seed=268.0000 seed_trials=9
t_dp=641ms tc_greedy=268.0000
t=11463ms mcts_tc=266.3219
t=12401ms mcts_tc=265.0444
t_mcts=14719ms mcts: backup=min rollouts=64 rate=4/s depth=2 nodes=65 improves=2 tc_mcts=265.0444
ATTRIBUTION tc_greedy=268.0000 tc_mcts_prepolish=265.0444 mcts_beats_greedy=true
t=14740ms polish_tc=256.0112
t=14762ms polish_tc=256.0002
t=14791ms polish_tc=254.0014
t=14826ms polish_tc=254.0001
t=14883ms polish_tc=252.0886
t=15047ms polish_tc=252.0487
t=15194ms polish_tc=251.0335
t=15320ms polish_tc=249.3634
t=15454ms polish_tc=249.1117
t=15591ms polish_tc=247.1501
t=15730ms polish_tc=246.5487
t=15861ms polish_tc=246.5222
t=16005ms polish_tc=245.7038
t=16150ms polish_tc=244.5780
t=16304ms polish_tc=243.7151
t=16642ms polish_tc=242.9794
t=16801ms polish_tc=242.6094
t=16979ms polish_tc=242.1928
t=17154ms polish_tc=241.9050
t=17638ms polish_tc=241.3025
t=17825ms polish_tc=240.6991
t=18027ms polish_tc=240.5474
t=18237ms polish_tc=239.4779
t=18643ms polish_tc=239.4213
t=18875ms polish_tc=237.6006
t=19084ms polish_tc=237.0525
t=19642ms polish_tc=236.8459
t=19859ms polish_tc=236.3781
t=20117ms polish_tc=236.0977
t=20643ms polish_tc=235.5827
t=20909ms polish_tc=235.4244
t=21662ms polish_tc=235.3660
t=22643ms polish_tc=235.0457
t=22914ms polish_tc=234.9939
t=23675ms polish_tc=234.8660
t=24667ms polish_tc=233.9532
t=25660ms polish_tc=233.5992
t=26655ms polish_tc=233.2421
t=26887ms polish_tc=232.4073
t=27667ms polish_tc=232.1544
t=28658ms polish_tc=231.9117
t=28941ms polish_tc=231.7116
t=29674ms polish_tc=230.8177
t=30666ms polish_tc=229.9653
t=30950ms polish_tc=229.9086
t=31662ms polish_tc=229.5778
t=32669ms polish_tc=229.4501
t=33651ms polish_tc=229.4233
t=33925ms polish_tc=229.2253
t=34666ms polish_tc=227.7406
t=35665ms polish_tc=227.4221
t=36664ms polish_tc=226.9490
t=37654ms polish_tc=226.7826
t=37948ms polish_tc=226.0965
t=38677ms polish_tc=225.7035
t=39663ms polish_tc=225.5815
t=40656ms polish_tc=225.4381
t=41648ms polish_tc=225.3509
t=42000ms polish_tc=225.0292
t=42676ms polish_tc=224.4736
t=43672ms polish_tc=224.2381
t=44653ms polish_tc=224.0042
t=45670ms polish_tc=222.7948
t=46648ms polish_tc=222.3607
t=46941ms polish_tc=222.3303
t=47682ms polish_tc=222.2783
t=48666ms polish_tc=221.2063
t=49652ms polish_tc=220.6060
t=50661ms polish_tc=220.2220
t=50935ms polish_tc=219.5085
t=51673ms polish_tc=219.3665
t=52658ms polish_tc=219.1057
t=53670ms polish_tc=218.6588
t=54658ms polish_tc=218.3781
t=55674ms polish_tc=218.3455
t=55932ms polish_tc=218.1644
t=56662ms polish_tc=217.6296
t=57672ms polish_tc=217.3278
t=58675ms polish_tc=216.9347
t=59665ms polish_tc=216.9162
t=60663ms polish_tc=216.4809
t=61667ms polish_tc=216.3797
t=62670ms polish_tc=216.3459
t=63680ms polish_tc=215.6554
t=64676ms polish_tc=215.0877
t=65658ms polish_tc=214.7353
t=66673ms polish_tc=213.7834
t=67670ms polish_tc=213.0156
t=68671ms polish_tc=212.8170
t=69686ms polish_tc=212.7652
t=70650ms polish_tc=212.2232
t=71650ms polish_tc=212.1420
t=71945ms polish_tc=212.0194
t=72662ms polish_tc=211.5018
t=73671ms polish_tc=211.1204
t=74651ms polish_tc=211.0681
t=74946ms polish_tc=211.0134
t=75666ms polish_tc=210.8757
t=76669ms polish_tc=210.6463
t=77666ms polish_tc=210.3930
t=78647ms polish_tc=209.7475
t=78935ms polish_tc=209.3821
t=79678ms polish_tc=209.2931
t=80666ms polish_tc=208.2206
t=81661ms polish_tc=208.1375
t=82665ms polish_tc=207.5919
t=83661ms polish_tc=207.4955
t=84656ms polish_tc=207.3815
t=85652ms polish_tc=207.1039
t=86657ms polish_tc=206.9923
t=86930ms polish_tc=206.8953
t=87669ms polish_tc=206.5738
t=88679ms polish_tc=206.1872
t=89672ms polish_tc=205.9777
anneal_sweeps=256 cycles=1 fresh=0
t_final=89687ms tc_greedy=268.0000 tc_mcts=265.0444 tc_final=205.9777 tc_full=205.9777 leaves=1000
