simplify: n_orig=2203 n_reduced=761 shrink=0.6546 t_simp=12ms
t_seed=636ms tc_seed=62.3282 seed_trials=7
t_dp=636ms tc_greedy=62.3282
t=2053ms mcts_tc=61.2764
t=5320ms mcts_tc=60.3319
t=6146ms mcts_tc=57.6971
t_mcts=51819ms mcts: backup=min rollouts=256 rate=5/s depth=3 nodes=257 improves=3 tc_mcts=57.6971
ATTRIBUTION tc_greedy=62.3282 tc_mcts_prepolish=57.6971 mcts_beats_greedy=true
t=52068ms polish_tc=57.6427
t=52169ms polish_tc=57.6356
t=52260ms polish_tc=57.6302
t=52351ms polish_tc=57.1224
t=52437ms polish_tc=56.7813
t=52528ms polish_tc=56.5543
t=52613ms polish_tc=56.5300
t=52701ms polish_tc=56.5257
t=52791ms polish_tc=56.5166
t=53019ms polish_tc=56.4700
t=53108ms polish_tc=56.3900
t=53199ms polish_tc=56.3898
t=53288ms polish_tc=56.3887
t=53378ms polish_tc=56.3134
t=53469ms polish_tc=56.3062
t=53577ms polish_tc=56.1584
t=53667ms polish_tc=56.1410
t=53755ms polish_tc=56.1354
t=54023ms polish_tc=56.1347
t=54115ms polish_tc=56.1296
t=54201ms polish_tc=56.1199
t=54295ms polish_tc=55.9113
t=54391ms polish_tc=55.8565
t=54489ms polish_tc=55.8364
t=54584ms polish_tc=55.8211
t=54689ms polish_tc=55.7220
t=55022ms polish_tc=55.7054
t=55119ms polish_tc=55.4623
t=55216ms polish_tc=55.4457
t=55316ms polish_tc=55.4404
t=55417ms polish_tc=55.3893
t=55511ms polish_tc=55.3891
t=55598ms polish_tc=55.3877
t=55688ms polish_tc=55.3873
t=56021ms polish_tc=55.3872
t=56120ms polish_tc=55.2460
t=56212ms polish_tc=55.2415
t=56313ms polish_tc=55.1795
t=56432ms polish_tc=55.1674
t=56551ms polish_tc=55.1648
t=56653ms polish_tc=55.1637
t=56752ms polish_tc=55.1583
t=57024ms polish_tc=55.1185
t=57126ms polish_tc=55.1160
t=57226ms polish_tc=55.1152
t=57343ms polish_tc=55.0999
t=57446ms polish_tc=55.0981
t=57547ms polish_tc=55.0980
t=57643ms polish_tc=55.0971
t=58015ms polish_tc=55.0941
t=58110ms polish_tc=55.0937
t=58206ms polish_tc=55.0935
t=58303ms polish_tc=55.0932
t=58399ms polish_tc=55.0915
t=58510ms polish_tc=54.1809
t=58603ms polish_tc=54.1799
t=58696ms polish_tc=54.1795
t=59023ms polish_tc=54.1703
t=59131ms polish_tc=54.1698
t=59232ms polish_tc=54.1643
t=59333ms polish_tc=54.1610
t=59434ms polish_tc=54.0875
t=59555ms polish_tc=54.0742
t=59676ms polish_tc=54.0735
t=60020ms polish_tc=54.0713
t=60139ms polish_tc=54.0698
t=60261ms polish_tc=54.0688
t=60387ms polish_tc=54.0672
t=60509ms polish_tc=54.0670
t=60631ms polish_tc=54.0582
t=60756ms polish_tc=54.0572
t=60873ms polish_tc=54.0564
t=61026ms polish_tc=54.0526
t=61147ms polish_tc=54.0517
t=61282ms polish_tc=54.0425
t=61402ms polish_tc=54.0416
t=61521ms polish_tc=54.0409
t=61644ms polish_tc=54.0380
t=61759ms polish_tc=54.0371
t=62023ms polish_tc=54.0353
t=62146ms polish_tc=54.0340
t=62269ms polish_tc=54.0339
t=62390ms polish_tc=54.0326
t=62515ms polish_tc=54.0323
t=62638ms polish_tc=54.0319
t=62755ms polish_tc=54.0306
t=63027ms polish_tc=53.0701
t=63143ms polish_tc=53.0673
t=63267ms polish_tc=53.0659
t=63390ms polish_tc=53.0645
t=63543ms polish_tc=53.0630
t=63670ms polish_tc=53.0617
t=63800ms polish_tc=53.0601
t=64027ms polish_tc=53.0589
t=64178ms polish_tc=52.1304
t=64307ms polish_tc=52.1295
t=64439ms polish_tc=52.1282
t=64574ms polish_tc=52.1254
t=64708ms polish_tc=52.1232
t=65020ms polish_tc=52.1224
t=65154ms polish_tc=52.1219
t=65287ms polish_tc=52.1213
t=65415ms polish_tc=52.1204
t=65576ms polish_tc=51.2478
t=65712ms polish_tc=51.2445
t=65845ms polish_tc=51.2441
t=66025ms polish_tc=51.2433
t=66159ms polish_tc=51.2410
t=66295ms polish_tc=51.2344
t=66430ms polish_tc=51.2331
t=66562ms polish_tc=51.2319
t=66693ms polish_tc=51.2215
t=67020ms polish_tc=51.2203
t=67147ms polish_tc=51.2190
t=67293ms polish_tc=51.2157
t=67424ms polish_tc=51.2146
t=67581ms polish_tc=51.2102
t=67711ms polish_tc=51.2095
t=67839ms polish_tc=51.2089
t=68025ms polish_tc=51.2057
t=68171ms polish_tc=51.2051
t=68346ms polish_tc=50.4664
t=68484ms polish_tc=50.4652
t=68619ms polish_tc=50.4642
t=68754ms polish_tc=50.4551
t=69025ms polish_tc=50.4519
t=69160ms polish_tc=50.4508
t=69305ms polish_tc=50.4345
t=69446ms polish_tc=50.4313
t=69584ms polish_tc=50.4280
t=69720ms polish_tc=50.4261
t=70021ms polish_tc=50.4121
t=70168ms polish_tc=50.4111
t=70306ms polish_tc=50.4035
t=70489ms polish_tc=50.4025
t=70713ms polish_tc=49.7639
t=70854ms polish_tc=49.7639
t=71023ms polish_tc=49.7639
t=71164ms polish_tc=49.7587
t=71306ms polish_tc=49.7585
t=71458ms polish_tc=49.7570
t=71662ms polish_tc=49.7570
t=71868ms polish_tc=49.7570
t=72024ms polish_tc=49.7570
t=72219ms polish_tc=49.3298
t=72371ms polish_tc=49.3211
t=72521ms polish_tc=49.3209
t=72668ms polish_tc=49.3208
t=73020ms polish_tc=49.3187
t=73173ms polish_tc=49.3186
t=73328ms polish_tc=49.3163
t=73479ms polish_tc=49.3163
t=73630ms polish_tc=49.3076
t=73822ms polish_tc=49.3075
t=74027ms polish_tc=49.3075
t=74183ms polish_tc=49.3075
t=74337ms polish_tc=49.3075
t=74907ms polish_tc=49.1685
t=75062ms polish_tc=49.1647
t=75225ms polish_tc=49.1383
t=75390ms polish_tc=49.1257
t=75557ms polish_tc=49.1241
t=75744ms polish_tc=49.1206
t=76025ms polish_tc=49.1069
t=76245ms polish_tc=49.1066
t=76414ms polish_tc=49.1064
t=76588ms polish_tc=49.1061
t=76756ms polish_tc=49.1006
t=77025ms polish_tc=49.0953
t=77189ms polish_tc=49.0922
t=77368ms polish_tc=49.0890
t=77562ms polish_tc=49.0837
t=77742ms polish_tc=49.0836
t=78022ms polish_tc=49.0832
t=78205ms polish_tc=49.0831
t=78418ms polish_tc=49.0830
t=78596ms polish_tc=49.0825
t=78756ms polish_tc=49.0818
t=79024ms polish_tc=48.9762
t=79192ms polish_tc=48.9733
t=79366ms polish_tc=48.9705
t=79569ms polish_tc=48.9482
t=79772ms polish_tc=48.9450
t=80031ms polish_tc=48.9450
t=80204ms polish_tc=48.9392
t=80406ms polish_tc=48.9392
t=80574ms polish_tc=48.9363
t=81025ms polish_tc=48.9363
t=81202ms polish_tc=48.9363
t=81380ms polish_tc=48.9363
t=81558ms polish_tc=48.9362
t=81738ms polish_tc=48.9362
t=82030ms polish_tc=48.9362
t=82215ms polish_tc=48.9362
t=82392ms polish_tc=48.9359
t=82573ms polish_tc=48.9359
t=83023ms polish_tc=48.9359
t=83191ms polish_tc=48.9359
t=83365ms polish_tc=48.9358
t=83547ms polish_tc=48.9358
t=83728ms polish_tc=48.9358
t=84027ms polish_tc=48.9354
t=84209ms polish_tc=48.9354
t=84379ms polish_tc=48.9237
t=84545ms polish_tc=48.9236
t=84722ms polish_tc=48.9236
t=85028ms polish_tc=48.9235
t=85202ms polish_tc=48.9234
t=86194ms polish_tc=48.9234
t=86348ms polish_tc=48.9204
t=86502ms polish_tc=48.9203
t=86657ms polish_tc=48.9202
t=86814ms polish_tc=48.9202
t=89680ms polish_tc=48.9142
t=89858ms polish_tc=48.9112
t=90039ms polish_tc=48.9052
t=90213ms polish_tc=48.8993
t=90435ms polish_tc=48.8989
t=90605ms polish_tc=48.8958
t=90770ms polish_tc=48.8927
t=91028ms polish_tc=48.8866
t=91276ms polish_tc=48.8866
t=91549ms polish_tc=48.8747
t=91719ms polish_tc=48.8747
t=91892ms polish_tc=48.8747
t=92068ms polish_tc=48.8747
t=93316ms polish_tc=48.8746
t=93505ms polish_tc=48.8746
t=93666ms polish_tc=48.8746
t=93848ms polish_tc=48.8746
t=94476ms polish_tc=48.8715
t=94677ms polish_tc=48.8664
t=94851ms polish_tc=48.8516
t=95023ms polish_tc=48.8445
t=95192ms polish_tc=48.8413
t=95360ms polish_tc=48.8354
t=95616ms polish_tc=48.8328
t=95872ms polish_tc=48.8308
t=96039ms polish_tc=48.8308
t=96236ms polish_tc=48.8286
t=96418ms polish_tc=48.8284
t=96592ms polish_tc=48.8284
t=97023ms polish_tc=48.8274
t=97204ms polish_tc=48.8274
t=97383ms polish_tc=48.8213
t=97573ms polish_tc=48.8078
t=97730ms polish_tc=48.8046
t=98025ms polish_tc=48.8046
t=98193ms polish_tc=48.8046
t=98374ms polish_tc=48.8030
t=98538ms polish_tc=48.7997
t=98719ms polish_tc=48.7970
t=99027ms polish_tc=48.7969
t=99200ms polish_tc=48.7968
t=99368ms polish_tc=48.7968
t=99540ms polish_tc=48.7966
t=99697ms polish_tc=48.7965
t=100029ms polish_tc=48.7964
t=100296ms polish_tc=48.7949
t=100499ms polish_tc=48.7948
t=100687ms polish_tc=48.7948
t=100886ms polish_tc=48.7948
t=101057ms polish_tc=48.7948
t=101224ms polish_tc=48.7948
t=101407ms polish_tc=48.7948
t=102011ms polish_tc=48.7917
t=102193ms polish_tc=48.7879
t=102382ms polish_tc=48.7799
t=102568ms polish_tc=48.7799
t=102748ms polish_tc=48.7757
t=102919ms polish_tc=48.7641
t=103106ms polish_tc=48.7562
t=103284ms polish_tc=48.7452
t=103481ms polish_tc=48.7416
t=103745ms polish_tc=48.7402
t=104026ms polish_tc=48.7383
t=104192ms polish_tc=48.7381
t=104360ms polish_tc=48.7355
t=104548ms polish_tc=48.7329
t=105027ms polish_tc=48.7316
t=105197ms polish_tc=48.7288
t=105353ms polish_tc=48.7272
t=105516ms polish_tc=48.7196
t=106027ms polish_tc=48.7143
t=106187ms polish_tc=48.7142
t=106395ms polish_tc=48.7125
t=106587ms polish_tc=48.7121
t=106752ms polish_tc=48.7071
t=107029ms polish_tc=48.7036
t=107197ms polish_tc=48.7036
t=107362ms polish_tc=48.7035
t=107521ms polish_tc=48.7035
t=107689ms polish_tc=48.7019
t=108033ms polish_tc=48.6986
t=108201ms polish_tc=48.6985
t=108373ms polish_tc=48.6984
t=108527ms polish_tc=48.6914
t=108684ms polish_tc=48.6897
t=109035ms polish_tc=48.6896
t=109204ms polish_tc=48.6896
t=109412ms polish_tc=48.6833
t=109578ms polish_tc=48.6827
t=110029ms polish_tc=48.6757
t=110192ms polish_tc=48.6757
t=110361ms polish_tc=48.6757
t=110524ms polish_tc=48.6685
t=110695ms polish_tc=48.6685
t=111032ms polish_tc=48.6623
t=111195ms polish_tc=48.6615
t=111350ms polish_tc=48.6614
t=111514ms polish_tc=48.6597
t=111666ms polish_tc=48.6595
t=112032ms polish_tc=48.6595
t=112231ms polish_tc=48.6595
t=112514ms polish_tc=48.6595
t=112679ms polish_tc=48.6595
t=113252ms polish_tc=48.6555
t=113428ms polish_tc=48.6526
t=113598ms polish_tc=48.6401
t=113782ms polish_tc=48.6365
t=113956ms polish_tc=48.6297
t=114254ms polish_tc=48.6224
t=114410ms polish_tc=48.6189
t=114563ms polish_tc=48.6189
t=114761ms polish_tc=48.6187
t=115021ms polish_tc=48.6187
t=115190ms polish_tc=48.6134
t=115353ms polish_tc=48.6081
t=115522ms polish_tc=48.6076
t=115678ms polish_tc=48.6076
t=116026ms polish_tc=48.6058
t=116204ms polish_tc=48.6057
t=116382ms polish_tc=48.6057
t=116554ms polish_tc=48.6056
t=116717ms polish_tc=48.6056
t=117027ms polish_tc=48.6056
t=117184ms polish_tc=48.6038
t=117353ms polish_tc=48.6037
t=117515ms polish_tc=48.6037
t=117671ms polish_tc=48.6037
t=118029ms polish_tc=48.5909
t=118198ms polish_tc=48.5907
t=118365ms polish_tc=48.5907
t=119866ms polish_tc=48.5761
t=120057ms polish_tc=48.5746
t=120230ms polish_tc=48.5715
t=120396ms polish_tc=48.5564
t=120562ms polish_tc=48.5429
t=120733ms polish_tc=48.5333
t=121029ms polish_tc=48.5297
t=121198ms polish_tc=48.5252
t=121359ms polish_tc=48.5195
t=121520ms polish_tc=48.5056
t=121680ms polish_tc=48.4938
t=122033ms polish_tc=48.4934
t=122198ms polish_tc=48.4928
t=122367ms polish_tc=48.4870
t=122525ms polish_tc=48.4813
t=122684ms polish_tc=48.4671
t=123032ms polish_tc=48.4649
t=123193ms polish_tc=48.4613
t=124294ms polish_tc=48.4574
t=124463ms polish_tc=48.4485
t=124634ms polish_tc=48.4434
t=124797ms polish_tc=48.4247
t=124990ms polish_tc=48.4238
t=125200ms polish_tc=48.4131
t=125371ms polish_tc=48.4091
t=125539ms polish_tc=48.4088
t=125714ms polish_tc=48.4050
t=126019ms polish_tc=48.4034
t=126175ms polish_tc=48.4008
t=126534ms polish_tc=48.3987
t=126692ms polish_tc=48.3986
t=126861ms polish_tc=48.3983
t=127141ms polish_tc=48.3958
t=127305ms polish_tc=48.3953
t=127475ms polish_tc=48.3892
t=127635ms polish_tc=48.3891
t=127790ms polish_tc=48.3889
t=128027ms polish_tc=48.3889
t=128203ms polish_tc=48.3819
t=128364ms polish_tc=48.3808
t=128541ms polish_tc=48.3808
t=128699ms polish_tc=48.3805
t=129025ms polish_tc=48.3789
t=129209ms polish_tc=48.3787
t=129365ms polish_tc=48.3787
t=129528ms polish_tc=48.3787
t=130019ms polish_tc=48.3786
t=130773ms polish_tc=48.3777
t=130942ms polish_tc=48.3738
t=131115ms polish_tc=48.3678
t=131282ms polish_tc=48.3672
t=131576ms polish_tc=48.3650
t=131740ms polish_tc=48.3646
t=131905ms polish_tc=48.3567
t=132077ms polish_tc=48.3483
t=132249ms polish_tc=48.3466
t=132464ms polish_tc=48.3466
t=132653ms polish_tc=48.3465
t=133019ms polish_tc=48.3453
t=133181ms polish_tc=48.3413
t=133341ms polish_tc=48.3409
t=133502ms polish_tc=48.3397
t=133759ms polish_tc=48.3376
t=134022ms polish_tc=48.3353
t=134195ms polish_tc=48.3348
t=134360ms polish_tc=48.3348
t=134521ms polish_tc=48.3348
t=134679ms polish_tc=48.3241
t=135029ms polish_tc=48.3241
t=135195ms polish_tc=48.3196
t=135369ms polish_tc=48.3128
t=135534ms polish_tc=48.2902
t=135688ms polish_tc=48.2902
t=136034ms polish_tc=48.2874
t=136203ms polish_tc=48.2819
t=136364ms polish_tc=48.2807
t=136525ms polish_tc=48.2806
t=137022ms polish_tc=48.2734
t=137183ms polish_tc=48.2733
t=137346ms polish_tc=48.2733
t=137526ms polish_tc=48.2733
t=137685ms polish_tc=48.2733
t=138022ms polish_tc=48.2714
t=138189ms polish_tc=48.2673
t=138354ms polish_tc=48.2668
t=138515ms polish_tc=48.2668
t=138685ms polish_tc=48.2668
t=139024ms polish_tc=48.2668
t=139183ms polish_tc=48.2663
t=139333ms polish_tc=48.2663
t=139490ms polish_tc=48.2663
t=139648ms polish_tc=48.2663
t=140028ms polish_tc=48.2663
t=140636ms polish_tc=48.2578
t=140815ms polish_tc=48.2577
t=140989ms polish_tc=48.2555
t=141164ms polish_tc=48.2520
t=141340ms polish_tc=48.2422
t=141539ms polish_tc=48.2383
t=141718ms polish_tc=48.2359
t=141885ms polish_tc=48.2211
t=142090ms polish_tc=48.2182
t=142254ms polish_tc=48.2144
t=142426ms polish_tc=48.2081
t=142606ms polish_tc=48.2037
t=142769ms polish_tc=48.1930
t=143035ms polish_tc=48.1899
t=143200ms polish_tc=48.1835
t=143378ms polish_tc=48.1825
t=143542ms polish_tc=48.1726
t=144024ms polish_tc=48.1657
t=144190ms polish_tc=48.1566
t=144353ms polish_tc=48.1515
t=144649ms polish_tc=48.1473
t=144812ms polish_tc=48.1448
t=145024ms polish_tc=48.1447
t=145271ms polish_tc=48.1446
t=145434ms polish_tc=48.1445
t=148467ms polish_tc=48.1445
t=148646ms polish_tc=48.1394
t=148838ms polish_tc=48.1376
t=149009ms polish_tc=48.1373
t=149187ms polish_tc=48.1373
t=149358ms polish_tc=48.1334
t=149534ms polish_tc=48.1321
t=149704ms polish_tc=48.1321
t=149995ms polish_tc=48.1308
t=150162ms polish_tc=48.1225
t=150333ms polish_tc=48.1225
t=150497ms polish_tc=48.1218
t=150659ms polish_tc=48.1218
t=151026ms polish_tc=48.1218
t=151196ms polish_tc=48.1166
t=151395ms polish_tc=48.1019
t=151566ms polish_tc=48.1013
t=151738ms polish_tc=48.1011
t=152032ms polish_tc=48.1009
t=152271ms polish_tc=48.1006
t=152437ms polish_tc=48.1000
t=152603ms polish_tc=48.0999
t=153025ms polish_tc=48.0999
t=153204ms polish_tc=48.0920
t=153370ms polish_tc=48.0920
t=153545ms polish_tc=48.0920
t=153715ms polish_tc=48.0920
t=156313ms polish_tc=48.0919
t=156485ms polish_tc=48.0911
t=156658ms polish_tc=48.0910
t=156827ms polish_tc=48.0846
t=156997ms polish_tc=48.0776
t=157229ms polish_tc=48.0621
t=157409ms polish_tc=48.0524
t=157600ms polish_tc=48.0509
t=157936ms polish_tc=48.0448
t=158113ms polish_tc=48.0439
t=158292ms polish_tc=48.0439
t=158486ms polish_tc=48.0421
t=158654ms polish_tc=48.0366
t=158862ms polish_tc=48.0296
t=159038ms polish_tc=48.0296
t=159217ms polish_tc=48.0295
t=159390ms polish_tc=48.0295
t=159571ms polish_tc=48.0241
t=160027ms polish_tc=48.0194
t=160203ms polish_tc=48.0184
t=160376ms polish_tc=48.0184
t=160601ms polish_tc=48.0179
t=160850ms polish_tc=48.0067
t=161033ms polish_tc=47.9891
t=161202ms polish_tc=47.9841
t=161378ms polish_tc=47.9841
t=161552ms polish_tc=47.9736
t=162020ms polish_tc=47.9736
t=162182ms polish_tc=47.9736
t=162345ms polish_tc=47.9729
t=163030ms polish_tc=47.9729
t=163187ms polish_tc=47.9727
t=164559ms polish_tc=47.9703
t=165034ms polish_tc=47.9652
t=165235ms polish_tc=47.9639
t=166018ms polish_tc=47.9630
t=166172ms polish_tc=47.9583
t=166326ms polish_tc=47.9582
t=167063ms polish_tc=47.9571
t=167224ms polish_tc=47.9557
t=168028ms polish_tc=47.9512
t=168197ms polish_tc=47.9512
t=168385ms polish_tc=47.9492
t=169035ms polish_tc=47.9492
t=169199ms polish_tc=47.9491
t=170028ms polish_tc=47.9491
t=170196ms polish_tc=47.9403
t=171018ms polish_tc=47.9403
t=171167ms polish_tc=47.9403
t=171326ms polish_tc=47.9374
t=172052ms polish_tc=47.9374
t=172206ms polish_tc=47.9374
t=172350ms polish_tc=47.9373
t=173036ms polish_tc=47.9373
t=173227ms polish_tc=47.9333
t=174033ms polish_tc=47.9270
t=174196ms polish_tc=47.9259
t=175019ms polish_tc=47.9255
t=176468ms polish_tc=47.9149
t=177020ms polish_tc=47.9149
t=177171ms polish_tc=47.9149
t=177329ms polish_tc=47.9052
t=178033ms polish_tc=47.9037
t=178194ms polish_tc=47.9030
t=179026ms polish_tc=47.8989
t=179194ms polish_tc=47.8939
t=179351ms polish_tc=47.8908
t=180036ms polish_tc=47.8907
t=180204ms polish_tc=47.8907
t=181025ms polish_tc=47.8901
t=181201ms polish_tc=47.8792
t=181383ms polish_tc=47.8786
t=182063ms polish_tc=47.8786
t=182231ms polish_tc=47.8725
t=183021ms polish_tc=47.8724
t=183178ms polish_tc=47.8723
t=183320ms polish_tc=47.8715
t=184036ms polish_tc=47.8677
t=184190ms polish_tc=47.8676
t=185021ms polish_tc=47.8674
t=185180ms polish_tc=47.8669
t=185332ms polish_tc=47.8668
t=186035ms polish_tc=47.8610
t=186192ms polish_tc=47.8601
t=186337ms polish_tc=47.8601
t=187038ms polish_tc=47.8600
t=187193ms polish_tc=47.8585
t=188019ms polish_tc=47.8569
t=188160ms polish_tc=47.8569
t=188338ms polish_tc=47.8448
t=189038ms polish_tc=47.8445
t=189202ms polish_tc=47.8445
t=189349ms polish_tc=47.8445
t=190035ms polish_tc=47.8445
t=190199ms polish_tc=47.8445
t=190361ms polish_tc=47.8444
t=191028ms polish_tc=47.8318
t=191199ms polish_tc=47.8199
t=192032ms polish_tc=47.8199
t=192188ms polish_tc=47.8199
t=192678ms polish_tc=47.7830
t=192845ms polish_tc=47.7697
t=193122ms polish_tc=47.7680
t=193287ms polish_tc=47.7619
t=193477ms polish_tc=47.7578
t=193652ms polish_tc=47.7562
t=194020ms polish_tc=47.7512
t=194180ms polish_tc=47.7367
t=194342ms polish_tc=47.7219
t=194580ms polish_tc=47.7211
t=194732ms polish_tc=47.7143
t=195022ms polish_tc=47.7126
t=195263ms polish_tc=47.7082
t=195421ms polish_tc=47.7081
t=195592ms polish_tc=47.7081
t=195747ms polish_tc=47.7081
t=195932ms polish_tc=47.7065
t=196094ms polish_tc=47.7057
t=196258ms polish_tc=47.7013
t=196425ms polish_tc=47.6996
t=196587ms polish_tc=47.6995
t=196837ms polish_tc=47.6983
t=197034ms polish_tc=47.6982
t=197200ms polish_tc=47.6979
t=197384ms polish_tc=47.6839
t=197540ms polish_tc=47.6838
t=197712ms polish_tc=47.6791
t=198031ms polish_tc=47.6712
t=198193ms polish_tc=47.6697
t=198350ms polish_tc=47.6697
t=198529ms polish_tc=47.6697
t=198683ms polish_tc=47.6696
t=199026ms polish_tc=47.6696
t=199184ms polish_tc=47.6696
t=199337ms polish_tc=47.6696
t=199509ms polish_tc=47.6696
t=199663ms polish_tc=47.6553
t=201556ms polish_tc=47.6553
t=201746ms polish_tc=47.6524
t=201928ms polish_tc=47.6513
t=202123ms polish_tc=47.6511
t=202319ms polish_tc=47.6440
t=202510ms polish_tc=47.6404
t=202705ms polish_tc=47.6400
t=203023ms polish_tc=47.6381
t=203203ms polish_tc=47.6363
t=203387ms polish_tc=47.6353
t=203571ms polish_tc=47.6353
t=203746ms polish_tc=47.6353
t=204034ms polish_tc=47.6338
t=204303ms polish_tc=47.6338
t=204489ms polish_tc=47.6321
t=204669ms polish_tc=47.6321
t=205025ms polish_tc=47.6314
t=205205ms polish_tc=47.6313
t=205381ms polish_tc=47.6310
t=205576ms polish_tc=47.6309
t=205781ms polish_tc=47.6309
t=206031ms polish_tc=47.6309
t=206208ms polish_tc=47.6309
t=206381ms polish_tc=47.6309
t=206592ms polish_tc=47.6307
t=207046ms polish_tc=47.6306
t=207246ms polish_tc=47.6306
t=207430ms polish_tc=47.6306
t=207598ms polish_tc=47.6306
t=207791ms polish_tc=47.6164
t=208035ms polish_tc=47.6162
t=208220ms polish_tc=47.6161
t=208400ms polish_tc=47.6161
t=209036ms polish_tc=47.6160
t=209216ms polish_tc=47.6160
t=210033ms polish_tc=47.6059
t=210213ms polish_tc=47.6059
t=211039ms polish_tc=47.6059
t=211216ms polish_tc=47.5989
t=212023ms polish_tc=47.5985
t=212202ms polish_tc=47.5873
t=214595ms polish_tc=47.5846
t=215028ms polish_tc=47.5753
t=215207ms polish_tc=47.5729
t=216020ms polish_tc=47.5727
t=216187ms polish_tc=47.5727
t=216346ms polish_tc=47.5724
t=217042ms polish_tc=47.5654
t=217225ms polish_tc=47.5613
t=218044ms polish_tc=47.5612
t=218222ms polish_tc=47.5582
t=219032ms polish_tc=47.5440
t=219206ms polish_tc=47.5423
t=220036ms polish_tc=47.5150
t=220219ms polish_tc=47.5144
t=221030ms polish_tc=47.5143
t=221197ms polish_tc=47.5003
t=222028ms polish_tc=47.4986
t=222202ms polish_tc=47.4983
t=223059ms polish_tc=47.4953
t=223227ms polish_tc=47.4953
t=224028ms polish_tc=47.4823
t=224193ms polish_tc=47.4810
t=225024ms polish_tc=47.4803
t=225180ms polish_tc=47.4782
t=226022ms polish_tc=47.4777
t=226218ms polish_tc=47.4777
t=227022ms polish_tc=47.4777
t=227181ms polish_tc=47.4777
t=228021ms polish_tc=47.4775
t=231487ms polish_tc=47.4716
t=232026ms polish_tc=47.4634
t=232188ms polish_tc=47.4634
t=233016ms polish_tc=47.4633
t=233187ms polish_tc=47.4633
anneal_sweeps=188288 cycles=59 fresh=8
t_final=291006ms tc_greedy=62.3282 tc_mcts=57.6971 tc_final=47.4633 tc_full=47.4633 leaves=2203
