simplify: n_orig=3369 n_reduced=381 shrink=0.8869 t_simp=10ms
t_seed=608ms tc_seed=87.1901 seed_trials=7
t_dp=5452ms tc_greedy=82.0507
t=9985ms mcts_tc=81.3966
t_mcts=20579ms mcts: backup=min rollouts=384 rate=19/s depth=3 nodes=385 improves=1 tc_mcts=81.3966
ATTRIBUTION tc_greedy=82.0507 tc_mcts_prepolish=81.3966 mcts_beats_greedy=true
t=20816ms polish_tc=80.0000
t=21453ms polish_tc=80.0000
t=21621ms polish_tc=78.0001
t=22466ms polish_tc=78.0001
t=22612ms polish_tc=78.0001
t=23460ms polish_tc=77.0003
t=23603ms polish_tc=77.0002
t=24453ms polish_tc=77.0002
t=24595ms polish_tc=76.0005
t=25456ms polish_tc=74.0023
t=25593ms polish_tc=74.0023
t=25735ms polish_tc=73.0043
t=26471ms polish_tc=72.0091
t=26624ms polish_tc=71.0179
t=27454ms polish_tc=67.5690
t=27617ms polish_tc=66.2450
t=28449ms polish_tc=65.8160
t=28592ms polish_tc=65.5488
t=29453ms polish_tc=65.3325
t=29631ms polish_tc=64.6942
t=29804ms polish_tc=64.5074
t=30466ms polish_tc=64.4129
t=30639ms polish_tc=64.3565
t=31462ms polish_tc=64.3188
t=31633ms polish_tc=64.2940
t=32477ms polish_tc=64.1927
t=32643ms polish_tc=64.1511
t=33466ms polish_tc=64.0745
t=33648ms polish_tc=63.9524
t=34455ms polish_tc=63.8407
t=34622ms polish_tc=63.8322
t=35465ms polish_tc=63.8234
t=35618ms polish_tc=63.7462
t=36470ms polish_tc=63.6764
t=36643ms polish_tc=63.6721
t=37471ms polish_tc=63.5881
t=37647ms polish_tc=63.5829
t=38460ms polish_tc=63.5173
t=38635ms polish_tc=63.4088
t=39468ms polish_tc=63.3422
t=39649ms polish_tc=63.2137
t=40465ms polish_tc=63.0370
t=40649ms polish_tc=62.8917
t=41464ms polish_tc=62.7999
t=41635ms polish_tc=62.7318
t=42466ms polish_tc=62.6758
t=42654ms polish_tc=62.6652
t=42831ms polish_tc=62.5365
t=43458ms polish_tc=62.5126
t=43635ms polish_tc=62.5107
t=43812ms polish_tc=62.4706
t=43989ms polish_tc=62.3806
t=44157ms polish_tc=62.3668
t=44465ms polish_tc=62.3442
t=44640ms polish_tc=62.3302
t=44835ms polish_tc=62.3199
t=45019ms polish_tc=62.3088
t=45460ms polish_tc=62.1635
t=45640ms polish_tc=62.0995
t=45819ms polish_tc=62.0647
t=45997ms polish_tc=62.0545
t=46455ms polish_tc=62.0336
t=46644ms polish_tc=62.0109
t=46823ms polish_tc=61.9252
t=47004ms polish_tc=61.8922
t=47454ms polish_tc=61.8521
t=47636ms polish_tc=61.8139
t=47813ms polish_tc=61.7872
t=47998ms polish_tc=61.7495
t=48457ms polish_tc=61.7408
t=48660ms polish_tc=61.7386
t=48844ms polish_tc=61.7295
t=49027ms polish_tc=61.7237
t=49454ms polish_tc=61.7198
t=49637ms polish_tc=61.6882
t=49825ms polish_tc=61.6751
t=50008ms polish_tc=61.6749
t=50235ms polish_tc=61.6608
t=50466ms polish_tc=61.6429
t=50648ms polish_tc=61.6361
t=50823ms polish_tc=61.6343
t=51004ms polish_tc=61.6074
t=51459ms polish_tc=61.5898
t=51662ms polish_tc=61.5878
t=51859ms polish_tc=61.5805
t=52039ms polish_tc=61.5768
t=52456ms polish_tc=61.5749
t=52638ms polish_tc=61.5712
t=52832ms polish_tc=61.5684
t=53016ms polish_tc=61.5548
t=53198ms polish_tc=61.5532
t=53462ms polish_tc=61.5522
t=53641ms polish_tc=61.5522
t=53814ms polish_tc=61.5445
t=53990ms polish_tc=61.5226
t=54457ms polish_tc=61.5082
t=54657ms polish_tc=61.5069
t=54827ms polish_tc=61.5030
t=54997ms polish_tc=61.5029
t=55162ms polish_tc=61.5029
t=55464ms polish_tc=61.5000
t=55643ms polish_tc=61.4969
t=55812ms polish_tc=61.4923
t=55985ms polish_tc=61.4915
t=56458ms polish_tc=61.4913
t=56630ms polish_tc=61.4908
t=56819ms polish_tc=61.4760
t=56995ms polish_tc=61.4758
t=57175ms polish_tc=61.4757
t=57465ms polish_tc=61.4757
t=57724ms polish_tc=61.4748
t=57915ms polish_tc=61.4732
t=58086ms polish_tc=61.4726
t=58460ms polish_tc=61.4667
t=58639ms polish_tc=61.4664
t=58822ms polish_tc=61.4649
t=59007ms polish_tc=61.4644
t=59456ms polish_tc=61.4572
t=59634ms polish_tc=61.4562
t=59819ms polish_tc=61.4562
t=59991ms polish_tc=61.4562
t=60164ms polish_tc=61.4562
t=60464ms polish_tc=61.4562
t=60962ms polish_tc=61.4439
t=61145ms polish_tc=61.4287
t=61326ms polish_tc=61.4287
t=61546ms polish_tc=61.4256
t=61743ms polish_tc=61.4022
t=61949ms polish_tc=61.3923
t=62139ms polish_tc=61.3753
t=62469ms polish_tc=61.3741
t=62671ms polish_tc=61.3687
t=62866ms polish_tc=61.3424
t=63454ms polish_tc=61.3240
t=63648ms polish_tc=61.3195
t=63827ms polish_tc=61.2875
t=64478ms polish_tc=61.2813
t=64675ms polish_tc=61.2802
t=65472ms polish_tc=61.2742
t=65674ms polish_tc=61.2470
t=66472ms polish_tc=61.2432
t=66670ms polish_tc=61.2393
t=67472ms polish_tc=61.2333
t=67671ms polish_tc=61.2321
t=68468ms polish_tc=61.2321
t=68657ms polish_tc=61.2108
t=69463ms polish_tc=61.2104
t=69655ms polish_tc=61.1908
t=70472ms polish_tc=61.1871
t=70660ms polish_tc=61.1596
t=71470ms polish_tc=61.1536
t=71678ms polish_tc=61.1182
t=72467ms polish_tc=61.1080
t=72700ms polish_tc=61.0706
t=73461ms polish_tc=61.0673
t=73644ms polish_tc=61.0415
t=74466ms polish_tc=61.0215
t=74681ms polish_tc=61.0159
t=75471ms polish_tc=60.9885
t=75662ms polish_tc=60.9829
t=76463ms polish_tc=60.9806
t=76668ms polish_tc=60.9799
t=77471ms polish_tc=60.9763
t=77663ms polish_tc=60.9656
t=78472ms polish_tc=60.9655
t=78670ms polish_tc=60.9510
t=79468ms polish_tc=60.9430
t=79666ms polish_tc=60.9408
t=80467ms polish_tc=60.9393
t=80665ms polish_tc=60.9328
t=81468ms polish_tc=60.9268
t=81649ms polish_tc=60.9178
t=82452ms polish_tc=60.9178
t=82669ms polish_tc=60.9021
t=83463ms polish_tc=60.8945
t=83653ms polish_tc=60.8858
t=84453ms polish_tc=60.8747
t=84656ms polish_tc=60.8747
t=85458ms polish_tc=60.8685
t=85640ms polish_tc=60.8623
t=85807ms polish_tc=60.8593
t=86464ms polish_tc=60.8593
t=86642ms polish_tc=60.8592
t=87467ms polish_tc=60.8468
anneal_sweeps=3216 cycles=2 fresh=0
t_final=87484ms tc_greedy=82.0507 tc_mcts=81.3966 tc_final=60.8468 tc_full=60.8468 leaves=3369
