simplify: n_orig=2203 n_reduced=761 shrink=0.6546 t_simp=12ms
t_seed=604ms tc_seed=61.4357 seed_trials=7
t_dp=604ms tc_greedy=61.4357
t=2011ms mcts_tc=61.2764
t=5198ms mcts_tc=60.3319
t=6018ms mcts_tc=57.6971
t_mcts=26057ms mcts: backup=min rollouts=128 rate=5/s depth=3 nodes=129 improves=3 tc_mcts=57.6971
ATTRIBUTION tc_greedy=61.4357 tc_mcts_prepolish=57.6971 mcts_beats_greedy=true
t=26284ms polish_tc=57.6427
t=26383ms polish_tc=57.6356
t=26471ms polish_tc=57.6302
t=26559ms polish_tc=57.1224
t=26643ms polish_tc=56.7813
t=26732ms polish_tc=56.5543
t=26822ms polish_tc=56.5300
t=26911ms polish_tc=56.5257
t=26993ms polish_tc=56.5166
t=27084ms polish_tc=56.4700
t=27169ms polish_tc=56.3900
t=27257ms polish_tc=56.3898
t=27515ms polish_tc=56.3887
t=27604ms polish_tc=56.3134
t=27680ms polish_tc=56.3062
t=27777ms polish_tc=56.1584
t=27862ms polish_tc=56.1410
t=27949ms polish_tc=56.1354
t=28040ms polish_tc=56.1347
t=28134ms polish_tc=56.1296
t=28211ms polish_tc=56.1199
t=28519ms polish_tc=55.9113
t=28615ms polish_tc=55.8565
t=28703ms polish_tc=55.8364
t=28785ms polish_tc=55.8211
t=28890ms polish_tc=55.7220
t=28977ms polish_tc=55.7054
t=29066ms polish_tc=55.4623
t=29520ms polish_tc=55.4457
t=29615ms polish_tc=55.4404
t=29714ms polish_tc=55.3893
t=29809ms polish_tc=55.3891
t=29899ms polish_tc=55.3877
t=29988ms polish_tc=55.3873
t=30082ms polish_tc=55.3872
t=30174ms polish_tc=55.2460
t=30520ms polish_tc=55.2415
t=30617ms polish_tc=55.1795
t=30733ms polish_tc=55.1674
t=30847ms polish_tc=55.1648
t=30944ms polish_tc=55.1637
t=31041ms polish_tc=55.1583
t=31138ms polish_tc=55.1185
t=31515ms polish_tc=55.1160
t=31608ms polish_tc=55.1152
t=31722ms polish_tc=55.0999
t=31820ms polish_tc=55.0981
t=31912ms polish_tc=55.0980
t=32005ms polish_tc=55.0971
t=32100ms polish_tc=55.0941
t=32193ms polish_tc=55.0937
t=32519ms polish_tc=55.0935
t=32616ms polish_tc=55.0932
t=32711ms polish_tc=55.0915
t=32823ms polish_tc=54.1809
t=32919ms polish_tc=54.1799
t=33014ms polish_tc=54.1795
t=33128ms polish_tc=54.1703
t=33512ms polish_tc=54.1698
t=33606ms polish_tc=54.1643
t=33700ms polish_tc=54.1610
t=33797ms polish_tc=54.0875
t=33914ms polish_tc=54.0742
t=34034ms polish_tc=54.0735
t=34135ms polish_tc=54.0713
t=34511ms polish_tc=54.0698
t=34623ms polish_tc=54.0688
t=34740ms polish_tc=54.0672
t=34853ms polish_tc=54.0670
t=34969ms polish_tc=54.0582
t=35083ms polish_tc=54.0572
t=35196ms polish_tc=54.0564
t=35315ms polish_tc=54.0526
t=35523ms polish_tc=54.0517
t=35650ms polish_tc=54.0425
t=35765ms polish_tc=54.0416
t=35881ms polish_tc=54.0409
t=35998ms polish_tc=54.0380
t=36115ms polish_tc=54.0371
t=36235ms polish_tc=54.0353
t=36519ms polish_tc=54.0340
t=36635ms polish_tc=54.0339
t=36753ms polish_tc=54.0326
t=36874ms polish_tc=54.0323
t=36998ms polish_tc=54.0319
t=37116ms polish_tc=54.0306
t=37244ms polish_tc=53.0701
t=37519ms polish_tc=53.0673
t=37634ms polish_tc=53.0659
t=37751ms polish_tc=53.0645
t=37898ms polish_tc=53.0630
t=38022ms polish_tc=53.0617
t=38148ms polish_tc=53.0601
t=38270ms polish_tc=53.0589
t=38522ms polish_tc=52.1304
t=38643ms polish_tc=52.1295
t=38770ms polish_tc=52.1282
t=38901ms polish_tc=52.1254
t=39030ms polish_tc=52.1232
t=39154ms polish_tc=52.1224
t=39517ms polish_tc=52.1219
t=39640ms polish_tc=52.1213
t=39763ms polish_tc=52.1204
t=39917ms polish_tc=51.2478
t=40049ms polish_tc=51.2445
t=40176ms polish_tc=51.2441
t=40299ms polish_tc=51.2433
t=40522ms polish_tc=51.2410
t=40651ms polish_tc=51.2344
t=40778ms polish_tc=51.2331
t=40906ms polish_tc=51.2319
t=41034ms polish_tc=51.2215
t=41158ms polish_tc=51.2203
t=41516ms polish_tc=51.2190
t=41656ms polish_tc=51.2157
t=41781ms polish_tc=51.2146
t=41935ms polish_tc=51.2102
t=42062ms polish_tc=51.2095
t=42190ms polish_tc=51.2089
t=42308ms polish_tc=51.2057
t=42522ms polish_tc=51.2051
t=42693ms polish_tc=50.4664
t=42820ms polish_tc=50.4652
t=42951ms polish_tc=50.4642
t=43082ms polish_tc=50.4551
t=43210ms polish_tc=50.4519
t=43521ms polish_tc=50.4508
t=43664ms polish_tc=50.4345
t=43799ms polish_tc=50.4313
t=43933ms polish_tc=50.4280
t=44065ms polish_tc=50.4261
t=44212ms polish_tc=50.4121
t=44519ms polish_tc=50.4111
t=44654ms polish_tc=50.4035
t=44828ms polish_tc=50.4025
t=45047ms polish_tc=49.7639
t=45187ms polish_tc=49.7639
t=45321ms polish_tc=49.7639
t=45521ms polish_tc=49.7587
t=45659ms polish_tc=49.7585
t=45799ms polish_tc=49.7570
t=45994ms polish_tc=49.7570
t=46195ms polish_tc=49.7570
t=46338ms polish_tc=49.7570
t=46524ms polish_tc=49.3298
t=46666ms polish_tc=49.3211
t=46811ms polish_tc=49.3209
t=46953ms polish_tc=49.3208
t=47097ms polish_tc=49.3187
t=47518ms polish_tc=49.3186
t=47664ms polish_tc=49.3163
t=47814ms polish_tc=49.3163
t=47960ms polish_tc=49.3076
t=48147ms polish_tc=49.3075
t=48385ms polish_tc=49.3075
t=48536ms polish_tc=49.3075
t=48678ms polish_tc=49.3075
t=49225ms polish_tc=49.1685
t=49376ms polish_tc=49.1647
t=49534ms polish_tc=49.1383
t=49692ms polish_tc=49.1257
t=49853ms polish_tc=49.1241
t=50029ms polish_tc=49.1206
t=50180ms polish_tc=49.1069
t=50521ms polish_tc=49.1066
t=50685ms polish_tc=49.1064
t=50845ms polish_tc=49.1061
t=51523ms polish_tc=49.1006
t=51671ms polish_tc=49.0953
t=51818ms polish_tc=49.0922
t=52527ms polish_tc=49.0890
t=52695ms polish_tc=49.0837
t=53523ms polish_tc=49.0836
t=53695ms polish_tc=49.0832
t=53876ms polish_tc=49.0831
t=54522ms polish_tc=49.0830
t=54686ms polish_tc=49.0825
t=55515ms polish_tc=49.0818
t=55720ms polish_tc=48.9762
t=56522ms polish_tc=48.9733
t=56689ms polish_tc=48.9705
t=57523ms polish_tc=48.9482
t=57691ms polish_tc=48.9450
t=57861ms polish_tc=48.9450
t=58525ms polish_tc=48.9392
t=58685ms polish_tc=48.9392
t=59524ms polish_tc=48.9363
t=59689ms polish_tc=48.9363
t=60524ms polish_tc=48.9363
t=60691ms polish_tc=48.9363
t=60845ms polish_tc=48.9362
t=61531ms polish_tc=48.9362
t=61691ms polish_tc=48.9362
t=62527ms polish_tc=48.9362
t=62691ms polish_tc=48.9359
t=63523ms polish_tc=48.9359
t=63725ms polish_tc=48.9359
t=64523ms polish_tc=48.9359
t=64690ms polish_tc=48.9358
t=65517ms polish_tc=48.9358
t=65688ms polish_tc=48.9358
t=66518ms polish_tc=48.9354
t=66677ms polish_tc=48.9354
t=66839ms polish_tc=48.9237
t=67528ms polish_tc=48.9236
t=67693ms polish_tc=48.9236
t=68516ms polish_tc=48.9235
t=68667ms polish_tc=48.9234
t=69523ms polish_tc=48.9234
t=69681ms polish_tc=48.9204
t=69831ms polish_tc=48.9203
t=70527ms polish_tc=48.9202
t=70675ms polish_tc=48.9202
t=73048ms polish_tc=48.9142
t=73527ms polish_tc=48.9112
t=73695ms polish_tc=48.9052
t=74517ms polish_tc=48.8993
t=74720ms polish_tc=48.8989
t=74878ms polish_tc=48.8958
t=75524ms polish_tc=48.8927
t=75678ms polish_tc=48.8866
t=76521ms polish_tc=48.8866
t=76776ms polish_tc=48.8747
t=77523ms polish_tc=48.8747
t=77690ms polish_tc=48.8747
t=77846ms polish_tc=48.8747
t=78741ms polish_tc=48.8746
t=78916ms polish_tc=48.8746
t=79534ms polish_tc=48.8746
t=79718ms polish_tc=48.8746
t=80524ms polish_tc=48.8715
t=80718ms polish_tc=48.8664
t=80880ms polish_tc=48.8516
t=81531ms polish_tc=48.8445
t=81690ms polish_tc=48.8413
t=82522ms polish_tc=48.8354
t=82764ms polish_tc=48.8328
t=83533ms polish_tc=48.8308
t=83700ms polish_tc=48.8308
t=84527ms polish_tc=48.8286
t=84698ms polish_tc=48.8284
t=84861ms polish_tc=48.8284
t=85532ms polish_tc=48.8274
t=85706ms polish_tc=48.8274
t=86514ms polish_tc=48.8213
t=86690ms polish_tc=48.8078
t=86843ms polish_tc=48.8046
t=87532ms polish_tc=48.8046
t=87695ms polish_tc=48.8046
anneal_sweeps=14664 cycles=8 fresh=0
t_final=87707ms tc_greedy=61.4357 tc_mcts=57.6971 tc_final=48.8046 tc_full=48.8046 leaves=2203
