simplify: n_orig=2064 n_reduced=370 shrink=0.8207 t_simp=10ms
t_seed=613ms tc_seed=41.8630 seed_trials=18
t_dp=3478ms tc_greedy=40.9339
t=4211ms mcts_tc=39.5022
t=11566ms mcts_tc=38.9900
t=12885ms mcts_tc=38.7438
t_mcts=18168ms mcts: backup=min rollouts=384 rate=21/s depth=3 nodes=385 improves=3 tc_mcts=38.7438
ATTRIBUTION tc_greedy=40.9339 tc_mcts_prepolish=38.7438 mcts_beats_greedy=true
t=18326ms polish_tc=38.2869
t=18397ms polish_tc=38.2042
t=18460ms polish_tc=38.2026
t=18527ms polish_tc=35.6890
t=18590ms polish_tc=35.6497
t=18650ms polish_tc=35.5682
t=18711ms polish_tc=35.5061
t=18771ms polish_tc=35.4359
t=18838ms polish_tc=35.3944
t=18902ms polish_tc=35.3077
t=18959ms polish_tc=35.2921
t=19015ms polish_tc=34.9762
t=19072ms polish_tc=34.9170
t=19125ms polish_tc=34.8368
t=19183ms polish_tc=34.7807
t=19240ms polish_tc=34.7658
t=19300ms polish_tc=34.3693
t=19360ms polish_tc=34.1944
t=19419ms polish_tc=34.1695
t=19475ms polish_tc=34.1607
t=19537ms polish_tc=34.0989
t=19595ms polish_tc=34.0629
t=19652ms polish_tc=34.0107
t=19844ms polish_tc=33.9146
t=19904ms polish_tc=33.6362
t=19977ms polish_tc=33.5551
t=20039ms polish_tc=33.4987
t=20098ms polish_tc=33.4840
t=20158ms polish_tc=33.4228
t=20216ms polish_tc=33.2852
t=20264ms polish_tc=33.2675
t=20312ms polish_tc=33.2476
t=20362ms polish_tc=33.2331
t=20410ms polish_tc=33.2119
t=20455ms polish_tc=33.2044
t=20513ms polish_tc=33.1778
t=20568ms polish_tc=33.1673
t=20841ms polish_tc=33.1611
t=20897ms polish_tc=33.1252
t=20946ms polish_tc=33.1249
t=20994ms polish_tc=33.0896
t=21046ms polish_tc=33.0895
t=21096ms polish_tc=33.0587
t=21155ms polish_tc=33.0573
t=21208ms polish_tc=33.0550
t=21259ms polish_tc=33.0550
t=21310ms polish_tc=33.0536
t=21364ms polish_tc=33.0533
t=21421ms polish_tc=33.0532
t=21478ms polish_tc=33.0525
t=21530ms polish_tc=33.0524
t=21580ms polish_tc=33.0524
t=21642ms polish_tc=33.0523
t=21722ms polish_tc=33.0523
t=21844ms polish_tc=33.0523
t=21906ms polish_tc=33.0523
t=22482ms polish_tc=33.0439
t=22529ms polish_tc=32.9141
t=22600ms polish_tc=32.8926
t=22647ms polish_tc=32.8924
t=22693ms polish_tc=32.8923
t=22821ms polish_tc=32.8923
t=22868ms polish_tc=32.8923
t=22914ms polish_tc=32.8923
t=22966ms polish_tc=32.8922
t=23012ms polish_tc=32.8922
t=23070ms polish_tc=32.8922
t=23119ms polish_tc=32.8922
t=23170ms polish_tc=32.8922
t=23223ms polish_tc=32.8922
t=23303ms polish_tc=32.8916
t=23356ms polish_tc=32.8916
t=23404ms polish_tc=32.8916
t=23453ms polish_tc=32.8913
t=23501ms polish_tc=32.8913
t=23550ms polish_tc=32.8913
t=23601ms polish_tc=32.8913
t=23653ms polish_tc=32.8913
t=23704ms polish_tc=32.8913
t=23842ms polish_tc=32.8913
t=23890ms polish_tc=32.8913
t=23952ms polish_tc=32.8906
t=23998ms polish_tc=32.8906
t=24051ms polish_tc=32.8906
t=24100ms polish_tc=32.8906
t=24148ms polish_tc=32.8905
t=24206ms polish_tc=32.8905
t=24258ms polish_tc=32.8905
t=43715ms polish_tc=32.8905
t=43766ms polish_tc=32.8905
t=44142ms polish_tc=32.8905
t=44195ms polish_tc=32.8905
t=44427ms polish_tc=32.8904
t=44537ms polish_tc=32.8904
t=44936ms polish_tc=32.8904
t=51188ms polish_tc=32.8836
t=51332ms polish_tc=32.8686
t=51429ms polish_tc=32.8661
t=51562ms polish_tc=32.8616
t=51619ms polish_tc=32.8615
t=51783ms polish_tc=32.8603
t=51841ms polish_tc=32.8603
t=51899ms polish_tc=32.8603
t=51961ms polish_tc=32.8601
t=52130ms polish_tc=32.8595
t=52183ms polish_tc=32.8577
t=52513ms polish_tc=32.8557
t=52571ms polish_tc=32.8556
t=52631ms polish_tc=32.8556
t=52687ms polish_tc=32.8556
t=52741ms polish_tc=32.8556
t=52811ms polish_tc=32.8556
t=52880ms polish_tc=32.8556
t=52936ms polish_tc=32.8556
t=53103ms polish_tc=32.8556
t=53217ms polish_tc=32.8555
t=53275ms polish_tc=32.8555
t=53331ms polish_tc=32.8555
t=53388ms polish_tc=32.8555
t=53526ms polish_tc=32.8555
t=53582ms polish_tc=32.8555
t=53642ms polish_tc=32.8555
t=53830ms polish_tc=32.8555
anneal_sweeps=341912 cycles=72 fresh=21
t_final=87305ms tc_greedy=40.9339 tc_mcts=38.7438 tc_final=32.8555 tc_full=32.8555 leaves=2064
