probe: instance=sycamore_53_20_0 n_orig=3369 n=381 fusible=0.8869 nlabels=754 t=16ms
seed_greedy tc=85.0555 t=433ms
t=535ms iter=1 WAIST cost=58.0000 best_alt=48.0000 gap=10.0000 tried=5 sep_labels=48 clique_frac=0.01
t=917ms iter=1 REBUILD ACCEPT new_tc=61.5952 (was 62.3358)
t=1091ms iter=1 incumb=61.5952 ratchet=61.6037 best=61.5952 since_improve=1
t=1099ms iter=2 WAIST cost=57.0000 best_alt=53.0000 gap=4.0000 tried=5 sep_labels=53 clique_frac=0.02
t=1274ms iter=2 REBUILD reject new_tc=61.8104 (was 61.5952)
t=4654ms iter=2 incumb=61.5952 ratchet=61.5179 best=61.5179 since_improve=0
t=4663ms iter=3 WAIST cost=56.0000 best_alt=52.0000 gap=4.0000 tried=5 sep_labels=52 clique_frac=0.01
t=5099ms iter=3 REBUILD ACCEPT new_tc=61.2467 (was 61.5179)
t=5253ms iter=3 incumb=61.2467 ratchet=61.2513 best=61.2467 since_improve=1
t=5263ms iter=4 WAIST cost=56.0000 best_alt=46.0000 gap=10.0000 tried=5 sep_labels=46 clique_frac=0.01
t=5412ms iter=4 REBUILD reject new_tc=78.0000 (was 61.2467)
t=5570ms iter=4 incumb=61.2467 ratchet=61.2956 best=61.2467 since_improve=2
t=5576ms iter=5 WAIST cost=56.0000 best_alt=49.0000 gap=7.0000 tried=5 sep_labels=49 clique_frac=0.01
t=5919ms iter=5 REBUILD ACCEPT new_tc=61.2170 (was 61.2467)
t=7706ms iter=5 incumb=61.2170 ratchet=60.9727 best=60.9727 since_improve=0
t=7718ms iter=6 WAIST cost=57.0000 best_alt=52.0000 gap=5.0000 tried=5 sep_labels=52 clique_frac=0.01
t=7894ms iter=6 REBUILD reject new_tc=61.7124 (was 60.9727)
t=10102ms iter=6 incumb=60.9727 ratchet=60.8012 best=60.8012 since_improve=0
t_final=10290ms tc_reduced=60.8012 tc_full=62.0231 leaves=3369
surgery summary: calls=6 cheaper_cuts=6 rebuild_accepts=3 waist_min_hits=0
