probe: instance=surfacecode_d21 n_orig=2203 n=761 fusible=0.6546 nlabels=798 t=13ms
seed_greedy tc=61.5249 t=547ms
t=881ms iter=1 WAIST cost=50.0000 best_alt=35.0000 gap=15.0000 tried=5 sep_labels=35 clique_frac=0.01
t=1172ms iter=1 REBUILD reject new_tc=55.0143 (was 50.5119)
t=1413ms iter=1 incumb=50.5119 ratchet=51.2482 best=50.5000 since_improve=1
t=1449ms iter=2 WAIST cost=50.0000 best_alt=35.0000 gap=15.0000 tried=5 sep_labels=35 clique_frac=0.01
t=1875ms iter=2 REBUILD ACCEPT new_tc=50.4529 (was 50.5119)
t=2831ms iter=2 incumb=50.4529 ratchet=49.1862 best=49.1663 since_improve=0
t=2847ms iter=3 WAIST cost=47.0000 best_alt=2.0000 gap=45.0000 tried=5 sep_labels=2 clique_frac=1.00
t=3263ms iter=3 REBUILD reject new_tc=51.2908 (was 49.1862)
t=3658ms iter=3 incumb=49.1862 ratchet=49.2004 best=49.1609 since_improve=1
t=3670ms iter=4 WAIST cost=47.0000 best_alt=2.0000 gap=45.0000 tried=5 sep_labels=2 clique_frac=1.00
t=4252ms iter=4 REBUILD ACCEPT new_tc=49.0655 (was 49.1862)
t=5511ms iter=4 incumb=49.0655 ratchet=49.0276 best=48.9942 since_improve=0
t=5531ms iter=5 WAIST cost=45.0000 best_alt=33.0000 gap=12.0000 tried=5 sep_labels=33 clique_frac=0.03
t=5839ms iter=5 REBUILD reject new_tc=52.1033 (was 49.0276)
t=7132ms iter=5 incumb=49.0276 ratchet=48.9759 best=48.9759 since_improve=0
t=7162ms iter=6 WAIST cost=44.0000 best_alt=31.0000 gap=13.0000 tried=5 sep_labels=31 clique_frac=0.03
t=7466ms iter=6 REBUILD reject new_tc=54.0244 (was 48.9759)
t=7723ms iter=6 incumb=48.9759 ratchet=48.9963 best=48.9759 since_improve=1
t=7757ms iter=7 WAIST cost=44.0000 best_alt=31.0000 gap=13.0000 tried=5 sep_labels=31 clique_frac=0.03
t=8066ms iter=7 REBUILD reject new_tc=50.4482 (was 48.9759)
t=8328ms iter=7 incumb=48.9759 ratchet=49.0194 best=48.9759 since_improve=2
t=8350ms iter=8 WAIST cost=44.0000 best_alt=31.0000 gap=13.0000 tried=5 sep_labels=31 clique_frac=0.03
t=8659ms iter=8 REBUILD reject new_tc=49.2999 (was 48.9759)
t=8916ms iter=8 incumb=48.9759 ratchet=48.9916 best=48.9759 since_improve=3
t=8945ms iter=9 WAIST cost=44.0000 best_alt=31.0000 gap=13.0000 tried=5 sep_labels=31 clique_frac=0.03
t=9261ms iter=9 REBUILD reject new_tc=52.0923 (was 48.9759)
t=9518ms iter=9 incumb=48.9759 ratchet=48.9842 best=48.9759 since_improve=4
t=9550ms iter=10 WAIST cost=44.0000 best_alt=31.0000 gap=13.0000 tried=5 sep_labels=31 clique_frac=0.03
t=9860ms iter=10 REBUILD reject new_tc=57.0024 (was 48.9759)
t=10834ms iter=10 incumb=48.9759 ratchet=48.9588 best=48.9482 since_improve=0
t=10857ms iter=11 WAIST cost=45.0000 best_alt=35.0000 gap=10.0000 tried=5 sep_labels=35 clique_frac=0.01
t=11319ms iter=11 REBUILD ACCEPT new_tc=48.9434 (was 48.9588)
t=11583ms iter=11 incumb=48.9434 ratchet=49.0057 best=48.9434 since_improve=1
t=11606ms iter=12 WAIST cost=45.0000 best_alt=31.0000 gap=14.0000 tried=5 sep_labels=31 clique_frac=0.01
t=11909ms iter=12 REBUILD reject new_tc=50.4802 (was 48.9434)
t=12176ms iter=12 incumb=48.9434 ratchet=49.0147 best=48.9434 since_improve=2
t=12209ms iter=13 WAIST cost=45.0000 best_alt=33.0000 gap=12.0000 tried=5 sep_labels=33 clique_frac=0.02
t=12694ms iter=13 REBUILD ACCEPT new_tc=48.5229 (was 48.9434)
t=12935ms iter=13 incumb=48.5229 ratchet=49.2087 best=48.5229 since_improve=1
t=12965ms iter=14 WAIST cost=45.0000 best_alt=33.0000 gap=12.0000 tried=5 sep_labels=33 clique_frac=0.01
t=13269ms iter=14 REBUILD reject new_tc=49.0937 (was 48.5229)
t=13848ms iter=14 incumb=48.5229 ratchet=48.5915 best=48.5081 since_improve=2
t=13884ms iter=15 WAIST cost=45.0000 best_alt=33.0000 gap=12.0000 tried=5 sep_labels=33 clique_frac=0.01
t=14207ms iter=15 REBUILD reject new_tc=48.5941 (was 48.5229)
t=14449ms iter=15 incumb=48.5229 ratchet=49.7379 best=48.5081 since_improve=3
t=14481ms iter=16 WAIST cost=45.0000 best_alt=33.0000 gap=12.0000 tried=5 sep_labels=33 clique_frac=0.01
t=14782ms iter=16 REBUILD reject new_tc=48.6132 (was 48.5229)
t=15025ms iter=16 incumb=48.5229 ratchet=48.5646 best=48.5081 since_improve=4
t=15060ms iter=17 WAIST cost=45.0000 best_alt=33.0000 gap=12.0000 tried=5 sep_labels=33 clique_frac=0.01
t=15547ms iter=17 REBUILD ACCEPT new_tc=48.3829 (was 48.5229)
t=16302ms iter=17 incumb=48.3829 ratchet=48.3607 best=48.3484 since_improve=0
t=16336ms iter=18 WAIST cost=44.0000 best_alt=40.0000 gap=4.0000 tried=5 sep_labels=40 clique_frac=0.02
t=16642ms iter=18 REBUILD reject new_tc=48.6506 (was 48.3607)
t=16888ms iter=18 incumb=48.3607 ratchet=48.4076 best=48.3484 since_improve=1
t=16919ms iter=19 WAIST cost=44.0000 best_alt=40.0000 gap=4.0000 tried=5 sep_labels=40 clique_frac=0.02
t=17222ms iter=19 REBUILD reject new_tc=48.8921 (was 48.3607)
t=17467ms iter=19 incumb=48.3607 ratchet=48.5331 best=48.3484 since_improve=2
t=17497ms iter=20 WAIST cost=44.0000 best_alt=37.0000 gap=7.0000 tried=5 sep_labels=37 clique_frac=0.00
t=17796ms iter=20 REBUILD reject new_tc=49.2556 (was 48.3607)
t=18042ms iter=20 incumb=48.3607 ratchet=48.4053 best=48.3484 since_improve=3
t=18064ms iter=21 WAIST cost=44.0000 best_alt=40.0000 gap=4.0000 tried=5 sep_labels=40 clique_frac=0.02
t=18374ms iter=21 REBUILD reject new_tc=50.3057 (was 48.3607)
t=18628ms iter=21 incumb=48.3607 ratchet=48.4307 best=48.3484 since_improve=4
t=18654ms iter=22 WAIST cost=44.0000 best_alt=40.0000 gap=4.0000 tried=5 sep_labels=40 clique_frac=0.02
t=18957ms iter=22 REBUILD reject new_tc=49.5409 (was 48.3607)
t=19213ms iter=22 incumb=48.3607 ratchet=48.4476 best=48.3484 since_improve=5
t=19241ms iter=23 WAIST cost=44.0000 best_alt=40.0000 gap=4.0000 tried=5 sep_labels=40 clique_frac=0.02
t=19543ms iter=23 REBUILD reject new_tc=49.1028 (was 48.3607)
t=19795ms iter=23 incumb=48.3607 ratchet=48.3982 best=48.3484 since_improve=6
t=19822ms iter=24 WAIST cost=44.0000 best_alt=40.0000 gap=4.0000 tried=5 sep_labels=40 clique_frac=0.02
t=20302ms iter=24 REBUILD ACCEPT new_tc=48.1804 (was 48.3607)
t=20565ms iter=24 incumb=48.1804 ratchet=48.2574 best=48.1804 since_improve=1
t=20617ms iter=25 WAIST cost=44.0000 best_alt=40.0000 gap=4.0000 tried=5 sep_labels=40 clique_frac=0.02
t=20932ms iter=25 REBUILD reject new_tc=49.0527 (was 48.1804)
t=21194ms iter=25 incumb=48.1804 ratchet=53.0425 best=48.1804 since_improve=2
t=21245ms iter=26 WAIST cost=44.0000 best_alt=39.0000 gap=5.0000 tried=5 sep_labels=39 clique_frac=0.01
t=21588ms iter=26 REBUILD reject new_tc=51.2788 (was 48.1804)
t=21834ms iter=26 incumb=48.1804 ratchet=48.5176 best=48.1804 since_improve=3
t=21861ms iter=27 WAIST cost=44.0000 best_alt=37.0000 gap=7.0000 tried=5 sep_labels=37 clique_frac=0.03
t=22163ms iter=27 REBUILD reject new_tc=51.0756 (was 48.1804)
t=23028ms iter=27 incumb=48.1804 ratchet=48.2116 best=48.1598 since_improve=4
t=23055ms iter=28 WAIST cost=44.0000 best_alt=40.0000 gap=4.0000 tried=5 sep_labels=40 clique_frac=0.02
t=23366ms iter=28 REBUILD reject new_tc=50.1272 (was 48.1804)
t=23638ms iter=28 incumb=48.1804 ratchet=48.1928 best=48.1598 since_improve=5
t=23665ms iter=29 WAIST cost=44.0000 best_alt=39.0000 gap=5.0000 tried=5 sep_labels=39 clique_frac=0.01
t=23980ms iter=29 REBUILD reject new_tc=50.4974 (was 48.1804)
t=24231ms iter=29 incumb=48.1804 ratchet=48.1792 best=48.1598 since_improve=0
t=24259ms iter=30 WAIST cost=45.0000 best_alt=40.0000 gap=5.0000 tried=5 sep_labels=40 clique_frac=0.02
t=24568ms iter=30 REBUILD reject new_tc=48.7322 (was 48.1792)
t=24819ms iter=30 incumb=48.1792 ratchet=48.2082 best=48.1598 since_improve=1
t=24849ms iter=31 WAIST cost=45.0000 best_alt=37.0000 gap=8.0000 tried=5 sep_labels=37 clique_frac=0.03
t=25147ms iter=31 REBUILD reject new_tc=54.0242 (was 48.1792)
t=26073ms iter=31 incumb=48.1792 ratchet=48.1648 best=48.1430 since_improve=0
t=26104ms iter=32 WAIST cost=44.0000 best_alt=37.0000 gap=7.0000 tried=5 sep_labels=37 clique_frac=0.01
t=26407ms iter=32 REBUILD reject new_tc=48.2964 (was 48.1648)
t=26661ms iter=32 incumb=48.1648 ratchet=48.1579 best=48.1430 since_improve=0
t=26683ms iter=33 WAIST cost=44.0000 best_alt=37.0000 gap=7.0000 tried=5 sep_labels=37 clique_frac=0.02
t=26989ms iter=33 REBUILD reject new_tc=52.1200 (was 48.1579)
t=28032ms iter=33 incumb=48.1579 ratchet=48.1237 best=48.1134 since_improve=0
t=28064ms iter=34 WAIST cost=44.0000 best_alt=35.0000 gap=9.0000 tried=5 sep_labels=35 clique_frac=0.01
t=28361ms iter=34 REBUILD reject new_tc=52.9655 (was 48.1237)
t=29536ms iter=34 incumb=48.1237 ratchet=48.0662 best=48.0537 since_improve=0
t=29568ms iter=35 WAIST cost=44.0000 best_alt=40.0000 gap=4.0000 tried=5 sep_labels=40 clique_frac=0.01
t=29907ms iter=35 REBUILD reject new_tc=49.5836 (was 48.0662)
t=30158ms iter=35 incumb=48.0662 ratchet=48.0734 best=48.0537 since_improve=1
t=30184ms iter=36 WAIST cost=44.0000 best_alt=40.0000 gap=4.0000 tried=5 sep_labels=40 clique_frac=0.01
t=30518ms iter=36 REBUILD reject new_tc=49.0495 (was 48.0662)
t=31406ms iter=36 incumb=48.0662 ratchet=48.0168 best=48.0135 since_improve=0
t=31438ms iter=37 WAIST cost=44.0000 best_alt=40.0000 gap=4.0000 tried=5 sep_labels=40 clique_frac=0.01
t=31776ms iter=37 REBUILD reject new_tc=49.3544 (was 48.0168)
t=33108ms iter=37 incumb=48.0168 ratchet=47.9792 best=47.9737 since_improve=0
t=33141ms iter=38 WAIST cost=44.0000 best_alt=40.0000 gap=4.0000 tried=5 sep_labels=40 clique_frac=0.01
t=33490ms iter=38 REBUILD reject new_tc=48.9982 (was 47.9792)
t=34334ms iter=38 incumb=47.9792 ratchet=47.9169 best=47.9169 since_improve=0
t=34366ms iter=39 WAIST cost=44.0000 best_alt=40.0000 gap=4.0000 tried=5 sep_labels=40 clique_frac=0.02
t=34709ms iter=39 REBUILD reject new_tc=48.5520 (was 47.9169)
t=35562ms iter=39 incumb=47.9169 ratchet=47.9011 best=47.8736 since_improve=0
t=35600ms iter=40 WAIST cost=44.0000 best_alt=39.0000 gap=5.0000 tried=5 sep_labels=39 clique_frac=0.02
t=35904ms iter=40 REBUILD reject new_tc=49.1912 (was 47.9011)
t=36149ms iter=40 incumb=47.9011 ratchet=47.8914 best=47.8736 since_improve=0
t=36174ms iter=41 WAIST cost=44.0000 best_alt=39.0000 gap=5.0000 tried=5 sep_labels=39 clique_frac=0.03
t=36480ms iter=41 REBUILD reject new_tc=52.1025 (was 47.8914)
t=36733ms iter=41 incumb=47.8914 ratchet=47.9191 best=47.8736 since_improve=1
t=36762ms iter=42 WAIST cost=44.0000 best_alt=40.0000 gap=4.0000 tried=5 sep_labels=40 clique_frac=0.01
t=37099ms iter=42 REBUILD reject new_tc=51.3376 (was 47.8914)
t=37349ms iter=42 incumb=47.8914 ratchet=48.1211 best=47.8736 since_improve=2
t=37379ms iter=43 WAIST cost=44.0000 best_alt=40.0000 gap=4.0000 tried=5 sep_labels=40 clique_frac=0.01
t=37720ms iter=43 REBUILD reject new_tc=49.8118 (was 47.8914)
t=39076ms iter=43 incumb=47.8914 ratchet=47.8303 best=47.8225 since_improve=0
t=39103ms iter=44 WAIST cost=44.0000 best_alt=40.0000 gap=4.0000 tried=5 sep_labels=40 clique_frac=0.01
t=39449ms iter=44 REBUILD reject new_tc=48.5618 (was 47.8303)
t=40462ms iter=44 incumb=47.8303 ratchet=47.7696 best=47.7594 since_improve=0
t=40494ms iter=45 WAIST cost=44.0000 best_alt=35.0000 gap=9.0000 tried=5 sep_labels=35 clique_frac=0.00
t=40795ms iter=45 REBUILD reject new_tc=48.9009 (was 47.7696)
t=41051ms iter=45 incumb=47.7696 ratchet=47.8458 best=47.7594 since_improve=1
t=41081ms iter=46 WAIST cost=44.0000 best_alt=39.0000 gap=5.0000 tried=5 sep_labels=39 clique_frac=0.01
t=41424ms iter=46 REBUILD reject new_tc=50.7653 (was 47.7696)
t=41829ms iter=46 incumb=47.7696 ratchet=47.7397 best=47.7123 since_improve=0
t=41865ms iter=47 WAIST cost=44.0000 best_alt=40.0000 gap=4.0000 tried=5 sep_labels=40 clique_frac=0.02
t=42201ms iter=47 REBUILD reject new_tc=53.2076 (was 47.7397)
t=42454ms iter=47 incumb=47.7397 ratchet=47.7156 best=47.7123 since_improve=0
t=42482ms iter=48 WAIST cost=43.0000 best_alt=39.0000 gap=4.0000 tried=5 sep_labels=39 clique_frac=0.01
t=42828ms iter=48 REBUILD reject new_tc=49.0424 (was 47.7156)
t=43234ms iter=48 incumb=47.7156 ratchet=47.6998 best=47.6883 since_improve=0
t=43269ms iter=49 WAIST cost=44.0000 best_alt=40.0000 gap=4.0000 tried=5 sep_labels=40 clique_frac=0.02
t=43613ms iter=49 REBUILD reject new_tc=48.7827 (was 47.6998)
t=43856ms iter=49 incumb=47.6998 ratchet=47.7812 best=47.6883 since_improve=1
t=43888ms iter=50 WAIST cost=44.0000 best_alt=37.0000 gap=7.0000 tried=5 sep_labels=37 clique_frac=0.01
t=44189ms iter=50 REBUILD reject new_tc=48.7152 (was 47.6998)
t=44589ms iter=50 incumb=47.6998 ratchet=47.6531 best=47.6413 since_improve=0
t=44625ms iter=51 WAIST cost=44.0000 best_alt=39.0000 gap=5.0000 tried=5 sep_labels=39 clique_frac=0.02
t=44961ms iter=51 REBUILD reject new_tc=50.5893 (was 47.6531)
t=45371ms iter=51 incumb=47.6531 ratchet=47.6575 best=47.6405 since_improve=1
t=45415ms iter=52 WAIST cost=44.0000 best_alt=39.0000 gap=5.0000 tried=5 sep_labels=39 clique_frac=0.02
t=45763ms iter=52 REBUILD reject new_tc=48.8328 (was 47.6531)
t=46007ms iter=52 incumb=47.6531 ratchet=47.6601 best=47.6405 since_improve=2
t=46053ms iter=53 WAIST cost=44.0000 best_alt=35.0000 gap=9.0000 tried=5 sep_labels=35 clique_frac=0.02
t=46362ms iter=53 REBUILD reject new_tc=48.7533 (was 47.6531)
t=47227ms iter=53 incumb=47.6531 ratchet=47.6028 best=47.6008 since_improve=0
t=47257ms iter=54 WAIST cost=43.0000 best_alt=35.0000 gap=8.0000 tried=5 sep_labels=35 clique_frac=0.00
t=47550ms iter=54 REBUILD reject new_tc=51.1646 (was 47.6028)
t=47952ms iter=54 incumb=47.6028 ratchet=47.6136 best=47.5998 since_improve=1
t=47986ms iter=55 WAIST cost=43.0000 best_alt=39.0000 gap=4.0000 tried=5 sep_labels=39 clique_frac=0.01
t=48332ms iter=55 REBUILD reject new_tc=48.5807 (was 47.6028)
t=48729ms iter=55 incumb=47.6028 ratchet=47.5970 best=47.5970 since_improve=0
t=48757ms iter=56 WAIST cost=43.0000 best_alt=40.0000 gap=3.0000 tried=5 sep_labels=40 clique_frac=0.01
t=49090ms iter=56 REBUILD reject new_tc=48.9212 (was 47.5970)
t=49344ms iter=56 incumb=47.5970 ratchet=47.6616 best=47.5970 since_improve=1
t=49372ms iter=57 WAIST cost=43.0000 best_alt=40.0000 gap=3.0000 tried=5 sep_labels=40 clique_frac=0.01
t=49707ms iter=57 REBUILD reject new_tc=56.0056 (was 47.5970)
t=49952ms iter=57 incumb=47.5970 ratchet=47.6286 best=47.5970 since_improve=2
t=49985ms iter=58 WAIST cost=43.0000 best_alt=40.0000 gap=3.0000 tried=5 sep_labels=40 clique_frac=0.01
t=50333ms iter=58 REBUILD reject new_tc=48.7859 (was 47.5970)
t=50583ms iter=58 incumb=47.5970 ratchet=47.6137 best=47.5970 since_improve=3
t=50615ms iter=59 WAIST cost=43.0000 best_alt=39.0000 gap=4.0000 tried=5 sep_labels=39 clique_frac=0.01
t=50914ms iter=59 REBUILD reject new_tc=52.1070 (was 47.5970)
t=51171ms iter=59 incumb=47.5970 ratchet=47.6438 best=47.5970 since_improve=4
t=51200ms iter=60 WAIST cost=43.0000 best_alt=40.0000 gap=3.0000 tried=5 sep_labels=40 clique_frac=0.01
t=51511ms iter=60 REBUILD reject new_tc=52.1451 (was 47.5970)
t=52039ms iter=60 incumb=47.5970 ratchet=47.6193 best=47.5815 since_improve=5
t=52067ms iter=61 WAIST cost=43.0000 best_alt=40.0000 gap=3.0000 tried=5 sep_labels=40 clique_frac=0.01
t=52415ms iter=61 REBUILD reject new_tc=48.7836 (was 47.5970)
t=52671ms iter=61 incumb=47.5970 ratchet=47.6514 best=47.5815 since_improve=6
t=52695ms iter=62 WAIST cost=43.0000 best_alt=40.0000 gap=3.0000 tried=5 sep_labels=40 clique_frac=0.01
t=53049ms iter=62 REBUILD reject new_tc=49.0946 (was 47.5970)
t=53293ms iter=62 incumb=47.5970 ratchet=47.6094 best=47.5815 since_improve=7
t=53328ms iter=63 WAIST cost=43.0000 best_alt=40.0000 gap=3.0000 tried=5 sep_labels=40 clique_frac=0.01
t=53660ms iter=63 REBUILD reject new_tc=48.9691 (was 47.5970)
t=53911ms iter=63 incumb=47.5970 ratchet=47.5970 best=47.5815 since_improve=8
t=53940ms iter=64 WAIST cost=43.0000 best_alt=39.0000 gap=4.0000 tried=5 sep_labels=39 clique_frac=0.01
t=54276ms iter=64 REBUILD reject new_tc=49.8457 (was 47.5970)
t=54681ms iter=64 incumb=47.5970 ratchet=47.5948 best=47.5789 since_improve=0
t=54714ms iter=65 WAIST cost=44.0000 best_alt=37.0000 gap=7.0000 tried=5 sep_labels=37 clique_frac=0.01
t=55001ms iter=65 REBUILD reject new_tc=55.0124 (was 47.5948)
t=55258ms iter=65 incumb=47.5948 ratchet=47.6031 best=47.5789 since_improve=1
t=55282ms iter=66 WAIST cost=44.0000 best_alt=39.0000 gap=5.0000 tried=5 sep_labels=39 clique_frac=0.01
t=55616ms iter=66 REBUILD reject new_tc=48.7020 (was 47.5948)
t=55867ms iter=66 incumb=47.5948 ratchet=47.6749 best=47.5789 since_improve=2
t=55899ms iter=67 WAIST cost=44.0000 best_alt=39.0000 gap=5.0000 tried=5 sep_labels=39 clique_frac=0.01
t=56232ms iter=67 REBUILD reject new_tc=49.3804 (was 47.5948)
t=56489ms iter=67 incumb=47.5948 ratchet=47.6437 best=47.5789 since_improve=3
t=56520ms iter=68 WAIST cost=44.0000 best_alt=37.0000 gap=7.0000 tried=5 sep_labels=37 clique_frac=0.01
t=56815ms iter=68 REBUILD reject new_tc=49.0786 (was 47.5948)
t=57066ms iter=68 incumb=47.5948 ratchet=47.6268 best=47.5789 since_improve=4
t=57096ms iter=69 WAIST cost=44.0000 best_alt=39.0000 gap=5.0000 tried=5 sep_labels=39 clique_frac=0.01
t=57439ms iter=69 REBUILD reject new_tc=48.6210 (was 47.5948)
t=57834ms iter=69 incumb=47.5948 ratchet=47.6171 best=47.5590 since_improve=5
t=57866ms iter=70 WAIST cost=44.0000 best_alt=39.0000 gap=5.0000 tried=5 sep_labels=39 clique_frac=0.01
t=58200ms iter=70 REBUILD reject new_tc=52.0902 (was 47.5948)
t=58641ms iter=70 incumb=47.5948 ratchet=47.5563 best=47.5563 since_improve=0
t=58676ms iter=71 WAIST cost=44.0000 best_alt=37.0000 gap=7.0000 tried=5 sep_labels=37 clique_frac=0.01
t=58949ms iter=71 REBUILD reject new_tc=51.2314 (was 47.5563)
t=59649ms iter=71 incumb=47.5563 ratchet=47.5214 best=47.5136 since_improve=0
t=59674ms iter=72 WAIST cost=44.0000 best_alt=40.0000 gap=4.0000 tried=5 sep_labels=40 clique_frac=0.01
t=60021ms iter=72 REBUILD reject new_tc=48.9537 (was 47.5214)
t=60569ms iter=72 incumb=47.5214 ratchet=47.5370 best=47.5081 since_improve=1
t=60599ms iter=73 WAIST cost=44.0000 best_alt=40.0000 gap=4.0000 tried=5 sep_labels=40 clique_frac=0.01
t=60935ms iter=73 REBUILD reject new_tc=56.0065 (was 47.5214)
t=61175ms iter=73 incumb=47.5214 ratchet=47.5196 best=47.5081 since_improve=0
t=61205ms iter=74 WAIST cost=43.0000 best_alt=39.0000 gap=4.0000 tried=5 sep_labels=39 clique_frac=0.02
t=61501ms iter=74 REBUILD reject new_tc=50.4066 (was 47.5196)
t=61745ms iter=74 incumb=47.5196 ratchet=47.5487 best=47.5081 since_improve=1
t=61772ms iter=75 WAIST cost=43.0000 best_alt=40.0000 gap=3.0000 tried=5 sep_labels=40 clique_frac=0.01
t=62100ms iter=75 REBUILD reject new_tc=51.4346 (was 47.5196)
t=62338ms iter=75 incumb=47.5196 ratchet=47.6890 best=47.5081 since_improve=2
t=62369ms iter=76 WAIST cost=43.0000 best_alt=40.0000 gap=3.0000 tried=5 sep_labels=40 clique_frac=0.01
t=62713ms iter=76 REBUILD reject new_tc=48.1545 (was 47.5196)
t=62966ms iter=76 incumb=47.5196 ratchet=47.9087 best=47.5081 since_improve=3
t=63000ms iter=77 WAIST cost=43.0000 best_alt=40.0000 gap=3.0000 tried=5 sep_labels=40 clique_frac=0.01
t=63342ms iter=77 REBUILD reject new_tc=48.7870 (was 47.5196)
t=63588ms iter=77 incumb=47.5196 ratchet=47.5462 best=47.5081 since_improve=4
t=63620ms iter=78 WAIST cost=43.0000 best_alt=37.0000 gap=6.0000 tried=5 sep_labels=37 clique_frac=0.01
t=63920ms iter=78 REBUILD reject new_tc=49.3714 (was 47.5196)
t=64312ms iter=78 incumb=47.5196 ratchet=47.4846 best=47.4836 since_improve=0
t=64362ms iter=79 WAIST cost=44.0000 best_alt=37.0000 gap=7.0000 tried=5 sep_labels=37 clique_frac=0.00
t=64671ms iter=79 REBUILD reject new_tc=48.6960 (was 47.4846)
t=64920ms iter=79 incumb=47.4846 ratchet=47.8759 best=47.4836 since_improve=1
t=64963ms iter=80 WAIST cost=44.0000 best_alt=37.0000 gap=7.0000 tried=5 sep_labels=37 clique_frac=0.00
t=65261ms iter=80 REBUILD reject new_tc=54.0343 (was 47.4846)
t=65512ms iter=80 incumb=47.4846 ratchet=47.5512 best=47.4836 since_improve=2
t=65553ms iter=81 WAIST cost=44.0000 best_alt=39.0000 gap=5.0000 tried=5 sep_labels=39 clique_frac=0.00
t=65895ms iter=81 REBUILD reject new_tc=49.8299 (was 47.4846)
t=66302ms iter=81 incumb=47.4846 ratchet=47.4923 best=47.4812 since_improve=3
t=66346ms iter=82 WAIST cost=44.0000 best_alt=39.0000 gap=5.0000 tried=5 sep_labels=39 clique_frac=0.00
t=66695ms iter=82 REBUILD reject new_tc=49.1564 (was 47.4846)
t=66945ms iter=82 incumb=47.4846 ratchet=47.5606 best=47.4812 since_improve=4
t=66981ms iter=83 WAIST cost=44.0000 best_alt=39.0000 gap=5.0000 tried=5 sep_labels=39 clique_frac=0.00
t=67320ms iter=83 REBUILD reject new_tc=56.0047 (was 47.4846)
t=67570ms iter=83 incumb=47.4846 ratchet=47.6774 best=47.4812 since_improve=5
t=67608ms iter=84 WAIST cost=44.0000 best_alt=39.0000 gap=5.0000 tried=5 sep_labels=39 clique_frac=0.00
t=67951ms iter=84 REBUILD reject new_tc=49.3805 (was 47.4846)
t=68205ms iter=84 incumb=47.4846 ratchet=47.7739 best=47.4812 since_improve=6
t=68253ms iter=85 WAIST cost=44.0000 best_alt=39.0000 gap=5.0000 tried=5 sep_labels=39 clique_frac=0.00
t=68605ms iter=85 REBUILD reject new_tc=48.7301 (was 47.4846)
t=68856ms iter=85 incumb=47.4846 ratchet=47.5712 best=47.4812 since_improve=7
t=68893ms iter=86 WAIST cost=44.0000 best_alt=39.0000 gap=5.0000 tried=5 sep_labels=39 clique_frac=0.00
t=69227ms iter=86 REBUILD reject new_tc=52.4081 (was 47.4846)
t=69483ms iter=86 incumb=47.4846 ratchet=47.5279 best=47.4812 since_improve=8
t=69523ms iter=87 WAIST cost=44.0000 best_alt=39.0000 gap=5.0000 tried=5 sep_labels=39 clique_frac=0.00
t=69857ms iter=87 REBUILD reject new_tc=53.0494 (was 47.4846)
t=70110ms iter=87 incumb=47.4846 ratchet=47.6253 best=47.4812 since_improve=9
t=70151ms iter=88 WAIST cost=44.0000 best_alt=39.0000 gap=5.0000 tried=5 sep_labels=39 clique_frac=0.00
t=70502ms iter=88 REBUILD reject new_tc=48.7982 (was 47.4846)
t=70734ms iter=88 incumb=47.4846 ratchet=47.5280 best=47.4812 since_improve=10
t=70770ms iter=89 WAIST cost=44.0000 best_alt=37.0000 gap=7.0000 tried=5 sep_labels=37 clique_frac=0.00
t=71054ms iter=89 REBUILD reject new_tc=54.0293 (was 47.4846)
t=71293ms iter=89 incumb=47.4846 ratchet=47.5738 best=47.4812 since_improve=11
t=71329ms iter=90 WAIST cost=44.0000 best_alt=39.0000 gap=5.0000 tried=5 sep_labels=39 clique_frac=0.00
t=71672ms iter=90 REBUILD reject new_tc=48.6146 (was 47.4846)
t=71924ms iter=90 incumb=47.4846 ratchet=47.6025 best=47.4812 since_improve=12
t=71969ms iter=91 WAIST cost=44.0000 best_alt=39.0000 gap=5.0000 tried=5 sep_labels=39 clique_frac=0.00
t=72317ms iter=91 REBUILD reject new_tc=48.4476 (was 47.4846)
t=72572ms iter=91 incumb=47.4846 ratchet=47.5493 best=47.4812 since_improve=13
t=72614ms iter=92 WAIST cost=44.0000 best_alt=39.0000 gap=5.0000 tried=5 sep_labels=39 clique_frac=0.00
t=72962ms iter=92 REBUILD reject new_tc=48.6912 (was 47.4846)
t=73223ms iter=92 incumb=47.4846 ratchet=48.0600 best=47.4812 since_improve=14
t=73258ms iter=93 WAIST cost=44.0000 best_alt=39.0000 gap=5.0000 tried=5 sep_labels=39 clique_frac=0.00
t=73595ms iter=93 REBUILD reject new_tc=51.2942 (was 47.4846)
t=73843ms iter=93 incumb=47.4846 ratchet=47.5094 best=47.4812 since_improve=15
t=73879ms iter=94 WAIST cost=44.0000 best_alt=39.0000 gap=5.0000 tried=5 sep_labels=39 clique_frac=0.00
t=74238ms iter=94 REBUILD reject new_tc=48.9422 (was 47.4846)
t=74485ms iter=94 incumb=47.4846 ratchet=47.5131 best=47.4812 since_improve=16
t=74522ms iter=95 WAIST cost=44.0000 best_alt=39.0000 gap=5.0000 tried=5 sep_labels=39 clique_frac=0.00
t=74860ms iter=95 REBUILD reject new_tc=52.1362 (was 47.4846)
t=75111ms iter=95 incumb=47.4846 ratchet=47.7020 best=47.4812 since_improve=17
t=75150ms iter=96 WAIST cost=44.0000 best_alt=39.0000 gap=5.0000 tried=5 sep_labels=39 clique_frac=0.00
t=75495ms iter=96 REBUILD reject new_tc=48.2654 (was 47.4846)
t=75745ms iter=96 incumb=47.4846 ratchet=47.5469 best=47.4812 since_improve=18
t=75787ms iter=97 WAIST cost=44.0000 best_alt=39.0000 gap=5.0000 tried=5 sep_labels=39 clique_frac=0.00
t=76125ms iter=97 REBUILD reject new_tc=49.6323 (was 47.4846)
t=76360ms iter=97 incumb=47.4846 ratchet=47.6375 best=47.4812 since_improve=19
t=76403ms iter=98 WAIST cost=44.0000 best_alt=39.0000 gap=5.0000 tried=5 sep_labels=39 clique_frac=0.00
t=76723ms iter=98 REBUILD reject new_tc=54.0376 (was 47.4846)
t=76964ms iter=98 incumb=47.4846 ratchet=47.5973 best=47.4812 since_improve=20
t=77001ms iter=99 WAIST cost=44.0000 best_alt=39.0000 gap=5.0000 tried=5 sep_labels=39 clique_frac=0.00
t=77320ms iter=99 REBUILD reject new_tc=49.4543 (was 47.4846)
t=77571ms iter=99 incumb=47.4846 ratchet=47.5224 best=47.4812 since_improve=21
t=77616ms iter=100 WAIST cost=44.0000 best_alt=39.0000 gap=5.0000 tried=5 sep_labels=39 clique_frac=0.00
t=77958ms iter=100 REBUILD reject new_tc=54.0425 (was 47.4846)
t=78208ms iter=100 incumb=47.4846 ratchet=47.7472 best=47.4812 since_improve=22
t=78249ms iter=101 WAIST cost=44.0000 best_alt=39.0000 gap=5.0000 tried=5 sep_labels=39 clique_frac=0.00
t=78591ms iter=101 REBUILD reject new_tc=48.5305 (was 47.4846)
t=78836ms iter=101 incumb=47.4846 ratchet=47.4825 best=47.4812 since_improve=0
t=78866ms iter=102 WAIST cost=44.0000 best_alt=40.0000 gap=4.0000 tried=5 sep_labels=40 clique_frac=0.01
t=79210ms iter=102 REBUILD reject new_tc=48.4627 (was 47.4825)
t=79587ms iter=102 incumb=47.4825 ratchet=47.4864 best=47.4705 since_improve=1
t=79624ms iter=103 WAIST cost=44.0000 best_alt=40.0000 gap=4.0000 tried=5 sep_labels=40 clique_frac=0.01
t=79961ms iter=103 REBUILD reject new_tc=49.0114 (was 47.4825)
t=80213ms iter=103 incumb=47.4825 ratchet=47.5297 best=47.4705 since_improve=2
t=80243ms iter=104 WAIST cost=44.0000 best_alt=40.0000 gap=4.0000 tried=5 sep_labels=40 clique_frac=0.01
t=80622ms iter=104 REBUILD reject new_tc=52.1521 (was 47.4825)
t=80871ms iter=104 incumb=47.4825 ratchet=47.5225 best=47.4705 since_improve=3
t=80903ms iter=105 WAIST cost=44.0000 best_alt=40.0000 gap=4.0000 tried=5 sep_labels=40 clique_frac=0.01
t=81269ms iter=105 REBUILD reject new_tc=48.1378 (was 47.4825)
t=81666ms iter=105 incumb=47.4825 ratchet=47.4543 best=47.4501 since_improve=0
t=81704ms iter=106 WAIST cost=43.0000 best_alt=39.0000 gap=4.0000 tried=5 sep_labels=39 clique_frac=0.01
t=82041ms iter=106 REBUILD reject new_tc=50.5052 (was 47.4543)
t=82290ms iter=106 incumb=47.4543 ratchet=47.5337 best=47.4501 since_improve=1
t=82324ms iter=107 WAIST cost=43.0000 best_alt=39.0000 gap=4.0000 tried=5 sep_labels=39 clique_frac=0.01
t=82659ms iter=107 REBUILD reject new_tc=49.3202 (was 47.4543)
t=83483ms iter=107 incumb=47.4543 ratchet=47.4200 best=47.4163 since_improve=0
t=83520ms iter=108 WAIST cost=43.0000 best_alt=39.0000 gap=4.0000 tried=5 sep_labels=39 clique_frac=0.01
t=83813ms iter=108 REBUILD reject new_tc=50.5633 (was 47.4200)
t=84479ms iter=108 incumb=47.4200 ratchet=47.3952 best=47.3952 since_improve=0
t=84507ms iter=109 WAIST cost=43.0000 best_alt=39.0000 gap=4.0000 tried=5 sep_labels=39 clique_frac=0.02
t=84841ms iter=109 REBUILD reject new_tc=49.8079 (was 47.3952)
t=85097ms iter=109 incumb=47.3952 ratchet=47.4473 best=47.3952 since_improve=1
t=85124ms iter=110 WAIST cost=43.0000 best_alt=39.0000 gap=4.0000 tried=5 sep_labels=39 clique_frac=0.02
t=85464ms iter=110 REBUILD reject new_tc=48.5191 (was 47.3952)
t=85707ms iter=110 incumb=47.3952 ratchet=47.6353 best=47.3952 since_improve=2
t=85732ms iter=111 WAIST cost=43.0000 best_alt=39.0000 gap=4.0000 tried=5 sep_labels=39 clique_frac=0.02
t=86077ms iter=111 REBUILD reject new_tc=48.7174 (was 47.3952)
t=86328ms iter=111 incumb=47.3952 ratchet=47.4397 best=47.3952 since_improve=3
t=86364ms iter=112 WAIST cost=43.0000 best_alt=37.0000 gap=6.0000 tried=5 sep_labels=37 clique_frac=0.01
t=86673ms iter=112 REBUILD reject new_tc=52.1102 (was 47.3952)
t=86916ms iter=112 incumb=47.3952 ratchet=47.4432 best=47.3952 since_improve=4
t=86949ms iter=113 WAIST cost=43.0000 best_alt=39.0000 gap=4.0000 tried=5 sep_labels=39 clique_frac=0.02
t=87281ms iter=113 REBUILD reject new_tc=49.2436 (was 47.3952)
t=87305ms iter=113 incumb=47.3952 ratchet=49.9984 best=47.3952 since_improve=5
t_final=87452ms tc_reduced=47.3952 tc_full=47.5627 leaves=2203
surgery summary: calls=113 cheaper_cuts=113 rebuild_accepts=6 waist_min_hits=0
