simplify: n_orig=1000 n_reduced=1000 shrink=0.0000 t_simp=4ms
t_seed=639ms tc_seed=265.3219 seed_trials=7
t_dp=639ms tc_greedy=265.3219
t=5904ms mcts_tc=260.0004
t=7333ms mcts_tc=257.5850
t=28846ms mcts_tc=256.0224
t_mcts=137946ms mcts: backup=min rollouts=576 rate=4/s depth=3 nodes=577 improves=3 tc_mcts=256.0224
ATTRIBUTION tc_greedy=265.3219 tc_mcts_prepolish=256.0224 mcts_beats_greedy=true
t=138438ms polish_tc=255.0000
t=138765ms polish_tc=254.0000
t=139173ms polish_tc=253.0000
t=139516ms polish_tc=252.0000
t=139862ms polish_tc=251.0000
t=140235ms polish_tc=250.0000
t=140586ms polish_tc=249.0000
t=141197ms polish_tc=248.0000
t=141506ms polish_tc=246.0000
t=142188ms polish_tc=245.0000
t=142510ms polish_tc=244.0000
t=143185ms polish_tc=243.0000
t=143529ms polish_tc=242.0000
t=144180ms polish_tc=241.0000
t=144501ms polish_tc=240.0000
t=145171ms polish_tc=239.0000
t=145480ms polish_tc=238.0000
t=146162ms polish_tc=237.0000
t=146456ms polish_tc=235.0000
t=146790ms polish_tc=232.0000
t=147187ms polish_tc=231.0000
t=147498ms polish_tc=230.0000
t=148171ms polish_tc=230.0000
t=148481ms polish_tc=230.0000
t=149166ms polish_tc=230.0000
t=149490ms polish_tc=230.0000
t=150178ms polish_tc=230.0000
t=150471ms polish_tc=230.0000
t=150758ms polish_tc=230.0000
t=151189ms polish_tc=230.0000
t=151483ms polish_tc=230.0000
t=152185ms polish_tc=229.0000
t=152485ms polish_tc=229.0000
t=153174ms polish_tc=228.0000
t=153479ms polish_tc=225.0000
t=154165ms polish_tc=225.0000
t=154462ms polish_tc=224.0000
t=154746ms polish_tc=224.0000
t=155179ms polish_tc=224.0000
t=155470ms polish_tc=224.0000
t=156168ms polish_tc=224.0000
t=156505ms polish_tc=224.0000
t=156840ms polish_tc=223.0000
t=157196ms polish_tc=221.0000
t=157514ms polish_tc=221.0000
t=158195ms polish_tc=220.0000
t=158540ms polish_tc=219.0000
t=159189ms polish_tc=219.0000
t=159507ms polish_tc=219.0000
t=160182ms polish_tc=219.0000
t=160495ms polish_tc=219.0000
t=161173ms polish_tc=218.0000
t=161487ms polish_tc=217.0000
t=162166ms polish_tc=217.0000
t=162471ms polish_tc=217.0000
t=162780ms polish_tc=217.0000
t=163187ms polish_tc=217.0000
t=163509ms polish_tc=217.0000
t=164182ms polish_tc=217.0000
t=164499ms polish_tc=217.0000
t=165170ms polish_tc=217.0000
t=165536ms polish_tc=215.0000
t=166178ms polish_tc=212.0000
t=166531ms polish_tc=210.0000
t=167176ms polish_tc=210.0000
t=167501ms polish_tc=210.0000
t=167832ms polish_tc=210.0000
t=168200ms polish_tc=210.0000
t=169170ms polish_tc=208.0001
t=169492ms polish_tc=208.0001
t=169815ms polish_tc=208.0001
t=170191ms polish_tc=206.0003
t=170513ms polish_tc=206.0003
t=171187ms polish_tc=206.0002
t=171526ms polish_tc=206.0002
t=172182ms polish_tc=206.0002
t=172516ms polish_tc=206.0002
t=173185ms polish_tc=206.0002
t=173491ms polish_tc=206.0002
t=174169ms polish_tc=205.0004
t=174471ms polish_tc=205.0004
t=174770ms polish_tc=205.0003
t=175187ms polish_tc=205.0003
t=175494ms polish_tc=204.0005
t=176181ms polish_tc=203.0011
t=176520ms polish_tc=203.0011
t=177182ms polish_tc=203.0008
t=177502ms polish_tc=203.0008
t=178176ms polish_tc=203.0008
t=178477ms polish_tc=203.0007
t=178758ms polish_tc=202.0013
t=179186ms polish_tc=200.0039
t=179487ms polish_tc=200.0035
t=180177ms polish_tc=199.0054
t=180474ms polish_tc=199.0054
t=181171ms polish_tc=198.0100
t=181529ms polish_tc=198.0004
t=181822ms polish_tc=198.0004
t=182187ms polish_tc=193.0132
t=182479ms polish_tc=193.0123
t=183175ms polish_tc=192.0163
t=183566ms polish_tc=192.0159
t=184168ms polish_tc=191.0284
t=184491ms polish_tc=188.2116
t=184791ms polish_tc=188.2092
t=185192ms polish_tc=188.1671
t=185490ms polish_tc=188.1470
t=186181ms polish_tc=187.2635
t=186492ms polish_tc=187.2543
t=187174ms polish_tc=187.2471
t=187483ms polish_tc=187.2459
t=188167ms polish_tc=186.4466
t=188447ms polish_tc=186.4194
t=188722ms polish_tc=186.3653
t=189176ms polish_tc=186.3487
t=189489ms polish_tc=185.6320
t=190182ms polish_tc=185.6028
t=190459ms polish_tc=185.5581
t=191176ms polish_tc=184.5393
t=191472ms polish_tc=184.2165
t=192180ms polish_tc=183.9103
t=192490ms polish_tc=183.8900
t=192779ms polish_tc=183.7124
t=193191ms polish_tc=183.6365
t=193516ms polish_tc=183.4611
t=194190ms polish_tc=183.4226
t=194523ms polish_tc=183.3212
t=195189ms polish_tc=183.2590
t=195529ms polish_tc=183.2000
t=196187ms polish_tc=183.1363
t=196544ms polish_tc=183.0998
t=197183ms polish_tc=183.0463
t=197554ms polish_tc=182.9125
t=198199ms polish_tc=182.9059
t=198551ms polish_tc=182.8569
t=199189ms polish_tc=182.8357
t=199542ms polish_tc=182.7706
t=200187ms polish_tc=182.6708
t=200529ms polish_tc=182.5244
t=201188ms polish_tc=182.2550
t=201539ms polish_tc=182.1409
t=202184ms polish_tc=182.1183
t=202500ms polish_tc=181.9233
t=203178ms polish_tc=181.9169
t=203509ms polish_tc=181.9029
t=203829ms polish_tc=181.8566
t=204195ms polish_tc=181.8176
t=205168ms polish_tc=181.7043
t=205514ms polish_tc=181.6364
t=205848ms polish_tc=181.5453
t=206197ms polish_tc=181.3287
t=207161ms polish_tc=181.2756
t=207493ms polish_tc=181.2046
t=207817ms polish_tc=181.1374
t=208186ms polish_tc=181.0986
t=208521ms polish_tc=181.0738
t=209176ms polish_tc=180.7998
t=209491ms polish_tc=180.7703
t=210166ms polish_tc=180.5099
t=210483ms polish_tc=180.4119
t=210802ms polish_tc=180.3077
t=211190ms polish_tc=180.2423
t=211488ms polish_tc=180.0847
t=212169ms polish_tc=180.0374
t=212439ms polish_tc=179.9204
t=212720ms polish_tc=179.8803
t=213184ms polish_tc=179.8590
t=213478ms polish_tc=179.8332
t=214199ms polish_tc=179.8160
t=214499ms polish_tc=179.7796
t=215183ms polish_tc=179.6887
t=215477ms polish_tc=179.3448
t=216171ms polish_tc=179.2851
t=216452ms polish_tc=179.2530
t=216733ms polish_tc=179.2464
t=217230ms polish_tc=179.2255
t=217531ms polish_tc=179.1348
t=218164ms polish_tc=179.1113
t=218439ms polish_tc=179.0952
t=218730ms polish_tc=179.0683
t=219183ms polish_tc=178.8023
t=219482ms polish_tc=178.7302
t=220172ms polish_tc=178.6224
t=220476ms polish_tc=178.5116
t=220779ms polish_tc=178.3310
t=221176ms polish_tc=178.2926
t=221446ms polish_tc=178.2915
t=222166ms polish_tc=178.0275
t=222439ms polish_tc=177.7974
t=222708ms polish_tc=177.7881
t=223179ms polish_tc=177.7497
t=223457ms polish_tc=177.7069
t=223751ms polish_tc=177.6693
t=224192ms polish_tc=177.5731
t=224495ms polish_tc=177.5711
t=225183ms polish_tc=177.5575
t=225475ms polish_tc=177.4929
t=226168ms polish_tc=177.4764
t=226452ms polish_tc=177.1495
t=226721ms polish_tc=177.1352
t=227181ms polish_tc=177.1201
t=227478ms polish_tc=177.0497
t=228168ms polish_tc=177.0001
t=228438ms polish_tc=176.8904
t=228706ms polish_tc=176.1504
t=229177ms polish_tc=175.9620
t=229446ms polish_tc=175.9536
t=229715ms polish_tc=175.9345
t=230186ms polish_tc=175.8965
t=230451ms polish_tc=175.8789
t=231166ms polish_tc=175.1985
t=231428ms polish_tc=175.0596
t=231694ms polish_tc=175.0083
t=232173ms polish_tc=174.8232
t=232449ms polish_tc=174.7967
t=232729ms polish_tc=174.6323
t=233173ms polish_tc=174.5498
t=233428ms polish_tc=174.5412
t=234164ms polish_tc=174.2139
t=234446ms polish_tc=173.8849
t=234709ms polish_tc=173.7981
t=235182ms polish_tc=173.6916
t=235447ms polish_tc=173.3898
t=236165ms polish_tc=173.3742
t=236432ms polish_tc=173.2996
t=236694ms polish_tc=173.1445
t=237170ms polish_tc=173.0896
t=237434ms polish_tc=173.0081
t=237709ms polish_tc=172.8408
t=238177ms polish_tc=172.8341
t=238430ms polish_tc=172.7625
t=238761ms polish_tc=172.7296
t=239182ms polish_tc=172.6272
t=239428ms polish_tc=172.1601
t=240162ms polish_tc=172.0379
t=240421ms polish_tc=171.8392
t=240694ms polish_tc=171.7842
t=241172ms polish_tc=171.6434
t=241448ms polish_tc=171.6206
t=241723ms polish_tc=171.5634
t=242181ms polish_tc=171.5258
t=242439ms polish_tc=171.4193
t=243163ms polish_tc=171.3782
t=243449ms polish_tc=171.3634
t=243704ms polish_tc=171.1633
t=244167ms polish_tc=171.1477
t=244422ms polish_tc=171.0611
t=244681ms polish_tc=171.0374
t=245175ms polish_tc=171.0307
t=245439ms polish_tc=170.9401
t=245684ms polish_tc=170.3381
t=246177ms polish_tc=170.1173
t=246432ms polish_tc=170.0356
t=246677ms polish_tc=169.9926
t=247179ms polish_tc=169.8032
t=247422ms polish_tc=169.8002
t=247660ms polish_tc=169.5331
t=248174ms polish_tc=169.4147
t=248411ms polish_tc=169.4032
t=248653ms polish_tc=169.2525
t=249170ms polish_tc=169.1594
t=249412ms polish_tc=169.1284
t=250162ms polish_tc=169.0702
t=250407ms polish_tc=169.0406
t=250649ms polish_tc=168.8691
t=251161ms polish_tc=168.8242
t=251406ms polish_tc=168.8132
t=251651ms polish_tc=168.6823
t=252161ms polish_tc=168.6428
t=252410ms polish_tc=168.5906
t=252662ms polish_tc=168.4620
t=253162ms polish_tc=168.3592
t=253406ms polish_tc=168.3323
t=253653ms polish_tc=168.2948
t=254162ms polish_tc=168.2912
t=254403ms polish_tc=168.1465
t=254649ms polish_tc=168.0460
t=255164ms polish_tc=167.9579
t=255417ms polish_tc=167.8440
t=255671ms polish_tc=167.8343
t=256167ms polish_tc=167.8327
t=256404ms polish_tc=167.7712
t=256644ms polish_tc=167.7457
t=257164ms polish_tc=167.5959
t=257403ms polish_tc=167.4632
t=257644ms polish_tc=167.4417
t=258169ms polish_tc=167.3965
t=258419ms polish_tc=167.3941
t=258659ms polish_tc=167.3549
t=259167ms polish_tc=167.3472
t=259409ms polish_tc=167.3247
t=259673ms polish_tc=167.2830
t=260172ms polish_tc=167.1113
t=260435ms polish_tc=167.0333
t=260695ms polish_tc=166.9721
t=261175ms polish_tc=166.8811
t=261434ms polish_tc=166.8436
t=261684ms polish_tc=166.7240
t=262176ms polish_tc=166.6886
t=262434ms polish_tc=166.5919
t=262675ms polish_tc=166.5160
t=263182ms polish_tc=166.3763
t=263435ms polish_tc=166.2691
t=263668ms polish_tc=166.2211
t=264178ms polish_tc=166.2100
t=264411ms polish_tc=166.1747
t=264648ms polish_tc=166.1667
t=265175ms polish_tc=166.0114
t=265413ms polish_tc=165.8775
t=265645ms polish_tc=165.7930
t=266170ms polish_tc=165.7673
t=266409ms polish_tc=165.7483
t=266647ms polish_tc=165.6332
t=267172ms polish_tc=165.4837
t=267421ms polish_tc=165.4229
t=267665ms polish_tc=165.3702
t=268165ms polish_tc=165.2840
t=268397ms polish_tc=165.2654
t=268628ms polish_tc=165.2503
t=269174ms polish_tc=165.1981
t=269415ms polish_tc=165.1039
t=269641ms polish_tc=165.0849
t=270165ms polish_tc=165.0689
t=270396ms polish_tc=165.0650
t=270619ms polish_tc=165.0495
t=271161ms polish_tc=165.0218
t=271395ms polish_tc=165.0212
t=271628ms polish_tc=164.9934
t=272159ms polish_tc=164.9756
t=272386ms polish_tc=164.9645
t=272611ms polish_tc=164.7983
t=272850ms polish_tc=164.7969
t=273176ms polish_tc=164.6794
t=273407ms polish_tc=164.5855
t=273629ms polish_tc=164.5468
t=274170ms polish_tc=164.4483
t=274405ms polish_tc=164.3786
t=274635ms polish_tc=164.3497
t=275167ms polish_tc=164.3201
t=275408ms polish_tc=164.3201
t=275654ms polish_tc=164.3032
t=276168ms polish_tc=164.2955
t=276419ms polish_tc=164.1585
t=276671ms polish_tc=164.0962
t=277170ms polish_tc=163.9721
t=277411ms polish_tc=163.9462
t=277646ms polish_tc=163.9414
t=278165ms polish_tc=163.9277
t=278427ms polish_tc=163.9195
t=278672ms polish_tc=163.9094
t=279165ms polish_tc=163.8567
t=279391ms polish_tc=163.8042
t=279628ms polish_tc=163.7700
t=280161ms polish_tc=163.7699
t=280396ms polish_tc=163.7697
t=280636ms polish_tc=163.7237
t=281159ms polish_tc=163.7226
t=281401ms polish_tc=163.7216
t=281652ms polish_tc=163.7169
t=282159ms polish_tc=163.7139
t=282400ms polish_tc=163.7123
t=282639ms polish_tc=163.6894
t=283160ms polish_tc=163.6600
t=283406ms polish_tc=163.6483
t=283638ms polish_tc=163.6419
t=283896ms polish_tc=163.6362
t=284186ms polish_tc=163.6361
t=284418ms polish_tc=163.6360
t=284655ms polish_tc=163.6344
t=285173ms polish_tc=163.6165
t=285401ms polish_tc=163.6138
t=285632ms polish_tc=163.6134
t=286166ms polish_tc=163.5985
t=286395ms polish_tc=163.5864
t=286625ms polish_tc=163.4603
t=287163ms polish_tc=163.4446
t=287409ms polish_tc=163.4321
t=287652ms polish_tc=163.4024
t=288162ms polish_tc=163.3665
t=288406ms polish_tc=163.3487
t=288657ms polish_tc=163.2542
t=289168ms polish_tc=163.1959
t=289412ms polish_tc=163.0709
t=289650ms polish_tc=163.0704
t=290166ms polish_tc=163.0478
t=290411ms polish_tc=163.0173
t=290657ms polish_tc=163.0171
t=291167ms polish_tc=163.0150
t=291412ms polish_tc=162.9503
t=291648ms polish_tc=162.9261
t=292165ms polish_tc=162.8099
t=292407ms polish_tc=162.7655
t=292653ms polish_tc=162.7190
t=293165ms polish_tc=162.5846
t=293407ms polish_tc=162.4381
t=293660ms polish_tc=162.3852
t=294166ms polish_tc=162.3810
t=294421ms polish_tc=162.3796
t=294665ms polish_tc=162.3521
t=295166ms polish_tc=162.1118
t=295405ms polish_tc=162.0946
t=295641ms polish_tc=162.0942
t=296165ms polish_tc=162.0327
t=296407ms polish_tc=162.0104
t=296658ms polish_tc=162.0104
t=297165ms polish_tc=161.9696
t=297416ms polish_tc=161.9322
t=297671ms polish_tc=161.9066
t=298167ms polish_tc=161.8412
t=298430ms polish_tc=161.8411
t=298678ms polish_tc=161.8163
t=299167ms polish_tc=161.8163
t=299400ms polish_tc=161.8147
t=299637ms polish_tc=161.8058
t=300165ms polish_tc=161.7862
t=300406ms polish_tc=161.7848
t=300655ms polish_tc=161.6284
t=301164ms polish_tc=161.6169
t=301409ms polish_tc=161.3564
t=301644ms polish_tc=161.1246
t=302164ms polish_tc=161.1199
t=302393ms polish_tc=160.8455
t=302639ms polish_tc=160.8294
t=303163ms polish_tc=160.7676
t=303407ms polish_tc=160.6287
t=303643ms polish_tc=160.6080
t=304161ms polish_tc=160.5888
t=304398ms polish_tc=160.5661
t=304635ms polish_tc=160.4959
t=304905ms polish_tc=160.4936
t=305176ms polish_tc=160.2732
t=305400ms polish_tc=160.1557
t=305623ms polish_tc=160.0501
t=306170ms polish_tc=159.6798
t=306403ms polish_tc=159.5618
t=306647ms polish_tc=159.5584
t=307170ms polish_tc=159.5424
t=307408ms polish_tc=159.5413
t=307632ms polish_tc=159.5328
t=308165ms polish_tc=159.4491
t=308401ms polish_tc=159.4468
t=308641ms polish_tc=159.3724
t=309165ms polish_tc=159.3713
t=309400ms polish_tc=159.3175
t=309632ms polish_tc=159.0471
t=310159ms polish_tc=158.9571
t=310381ms polish_tc=158.6184
t=310611ms polish_tc=158.5113
t=310842ms polish_tc=158.4609
t=311178ms polish_tc=158.2861
t=311412ms polish_tc=158.2779
t=311634ms polish_tc=158.2692
t=312171ms polish_tc=158.2680
t=312396ms polish_tc=158.1905
t=312614ms polish_tc=158.1332
t=313164ms polish_tc=158.0095
t=313383ms polish_tc=157.9354
t=313603ms polish_tc=157.8957
t=313816ms polish_tc=157.8555
t=314173ms polish_tc=157.7287
t=314395ms polish_tc=157.6741
t=314602ms polish_tc=157.5563
t=315166ms polish_tc=157.5488
t=315395ms polish_tc=157.5345
t=315626ms polish_tc=157.5337
t=316161ms polish_tc=157.4877
t=316368ms polish_tc=157.3595
t=316576ms polish_tc=157.3141
t=316788ms polish_tc=157.2768
t=317169ms polish_tc=157.2294
t=317388ms polish_tc=157.2195
t=317609ms polish_tc=157.2043
t=318164ms polish_tc=157.1421
t=318379ms polish_tc=157.0545
t=318594ms polish_tc=156.9582
t=318806ms polish_tc=156.9301
t=319168ms polish_tc=156.8772
t=319403ms polish_tc=156.7872
t=319628ms polish_tc=156.7774
t=320175ms polish_tc=156.7323
t=320391ms polish_tc=156.6626
t=320612ms polish_tc=156.6100
t=321161ms polish_tc=156.5757
t=321370ms polish_tc=156.5757
t=321584ms polish_tc=156.5400
t=321794ms polish_tc=156.5342
t=322176ms polish_tc=156.4651
t=322407ms polish_tc=156.4581
t=322627ms polish_tc=156.3378
t=323169ms polish_tc=156.3028
t=323379ms polish_tc=156.1651
t=323608ms polish_tc=155.9818
t=324162ms polish_tc=155.9660
t=324380ms polish_tc=155.9511
t=324606ms polish_tc=155.9489
t=324827ms polish_tc=155.9444
t=325175ms polish_tc=155.8318
t=325402ms polish_tc=155.7925
t=325622ms polish_tc=155.6757
t=326171ms polish_tc=155.5936
t=326394ms polish_tc=155.5284
t=326614ms polish_tc=155.5197
t=327163ms polish_tc=155.4538
t=327380ms polish_tc=155.2168
t=327611ms polish_tc=155.1973
t=328155ms polish_tc=155.1369
t=328378ms polish_tc=155.1277
t=328595ms polish_tc=155.0984
t=328813ms polish_tc=155.0821
t=329165ms polish_tc=155.0161
t=329385ms polish_tc=155.0126
t=329604ms polish_tc=154.9817
t=330159ms polish_tc=154.9815
t=330377ms polish_tc=154.9606
t=330595ms polish_tc=154.9373
t=330828ms polish_tc=154.9219
t=331174ms polish_tc=154.8858
t=331399ms polish_tc=154.8445
t=331616ms polish_tc=154.7771
t=332167ms polish_tc=154.7420
t=332392ms polish_tc=154.6693
t=332613ms polish_tc=154.6542
t=332830ms polish_tc=154.6489
t=333226ms polish_tc=154.6363
t=333440ms polish_tc=154.6289
t=333661ms polish_tc=154.6253
t=334165ms polish_tc=154.6024
t=334375ms polish_tc=154.5321
t=334579ms polish_tc=154.4996
t=335160ms polish_tc=154.4384
t=335365ms polish_tc=154.3527
t=335572ms polish_tc=154.2612
t=335784ms polish_tc=154.2185
t=336179ms polish_tc=154.1826
t=336398ms polish_tc=154.1626
t=336612ms polish_tc=154.0733
t=337166ms polish_tc=154.0530
t=337367ms polish_tc=154.0075
t=337584ms polish_tc=153.9666
t=338156ms polish_tc=153.9236
t=338378ms polish_tc=153.8937
t=338593ms polish_tc=153.7337
t=338810ms polish_tc=153.6201
t=339176ms polish_tc=153.5787
t=339400ms polish_tc=153.5477
t=339616ms polish_tc=153.5130
t=340162ms polish_tc=153.4365
t=340378ms polish_tc=153.3230
t=340591ms polish_tc=153.2863
t=340805ms polish_tc=153.2712
t=341173ms polish_tc=153.2041
t=341375ms polish_tc=153.1661
t=341583ms polish_tc=153.1519
t=342164ms polish_tc=153.1320
t=342380ms polish_tc=153.1125
t=342589ms polish_tc=153.0569
t=342801ms polish_tc=153.0489
t=343174ms polish_tc=153.0269
t=343380ms polish_tc=153.0269
t=343600ms polish_tc=153.0087
t=344163ms polish_tc=152.9857
t=344374ms polish_tc=152.9779
t=344582ms polish_tc=152.9394
t=344789ms polish_tc=152.8414
t=345171ms polish_tc=152.7603
t=345389ms polish_tc=152.7420
t=345605ms polish_tc=152.7312
t=346162ms polish_tc=152.6607
t=346378ms polish_tc=152.6044
t=346590ms polish_tc=152.5681
t=346797ms polish_tc=152.5577
t=347174ms polish_tc=152.5228
t=347388ms polish_tc=152.5025
t=348161ms polish_tc=152.4539
t=348360ms polish_tc=152.4411
t=348559ms polish_tc=152.3971
t=348757ms polish_tc=152.3520
t=349166ms polish_tc=152.3436
t=349373ms polish_tc=152.3206
t=349579ms polish_tc=152.2748
t=350157ms polish_tc=152.2344
t=350363ms polish_tc=152.2288
t=350574ms polish_tc=152.0468
t=350794ms polish_tc=151.9803
t=351168ms polish_tc=151.9630
t=351382ms polish_tc=151.9190
t=351592ms polish_tc=151.8120
t=352159ms polish_tc=151.8118
t=352354ms polish_tc=151.7578
t=352557ms polish_tc=151.7569
t=352765ms polish_tc=151.7368
t=353170ms polish_tc=151.6657
t=353389ms polish_tc=151.6549
t=353602ms polish_tc=151.6185
t=354160ms polish_tc=151.5674
t=354370ms polish_tc=151.5569
t=354581ms polish_tc=151.4952
t=354770ms polish_tc=151.4789
t=355169ms polish_tc=151.4544
t=355373ms polish_tc=151.3003
t=355569ms polish_tc=151.2986
t=356158ms polish_tc=151.2894
t=356366ms polish_tc=151.2615
t=356576ms polish_tc=151.2062
t=356772ms polish_tc=151.1949
t=357164ms polish_tc=151.1924
t=357365ms polish_tc=151.1625
t=357563ms polish_tc=151.1297
t=357765ms polish_tc=151.0666
t=358172ms polish_tc=151.0618
t=358387ms polish_tc=151.0392
t=358609ms polish_tc=151.0334
t=359164ms polish_tc=151.0334
t=359377ms polish_tc=151.0126
t=359588ms polish_tc=150.9765
t=359779ms polish_tc=150.9457
t=360170ms polish_tc=150.8857
t=360420ms polish_tc=150.8833
t=360617ms polish_tc=150.8617
t=361162ms polish_tc=150.7774
t=361367ms polish_tc=150.6997
t=361575ms polish_tc=150.6787
t=361781ms polish_tc=150.6645
t=362170ms polish_tc=150.6493
t=362372ms polish_tc=150.6016
t=362579ms polish_tc=150.5288
t=363159ms polish_tc=150.5210
t=363365ms polish_tc=150.5055
t=363586ms polish_tc=150.5037
t=363769ms polish_tc=150.4623
t=364161ms polish_tc=150.4292
t=364369ms polish_tc=150.3228
t=364574ms polish_tc=150.2934
t=364776ms polish_tc=150.2785
t=365173ms polish_tc=150.2639
t=365378ms polish_tc=150.2249
t=365574ms polish_tc=150.2152
t=366162ms polish_tc=150.1982
t=366369ms polish_tc=150.1932
t=366579ms polish_tc=150.1836
t=366780ms polish_tc=150.1351
t=367168ms polish_tc=150.1098
t=367367ms polish_tc=150.0908
t=367572ms polish_tc=150.0671
t=367764ms polish_tc=150.0536
t=368174ms polish_tc=150.0502
t=368379ms polish_tc=149.9983
t=368581ms polish_tc=149.9942
t=369162ms polish_tc=149.9864
t=369369ms polish_tc=149.9634
t=369579ms polish_tc=149.9531
t=369779ms polish_tc=149.9487
t=370171ms polish_tc=149.9230
t=370366ms polish_tc=149.8556
t=370566ms polish_tc=149.8553
t=371163ms polish_tc=149.8521
t=371364ms polish_tc=149.8254
t=371553ms polish_tc=149.8158
t=371741ms polish_tc=149.8158
t=372155ms polish_tc=149.7603
t=372352ms polish_tc=149.6649
t=372542ms polish_tc=149.6578
t=372734ms polish_tc=149.6240
t=373169ms polish_tc=149.6157
t=373370ms polish_tc=149.5680
t=373566ms polish_tc=149.5344
t=373763ms polish_tc=149.5285
t=374174ms polish_tc=149.5110
t=374372ms polish_tc=149.4463
t=374568ms polish_tc=149.4421
t=375160ms polish_tc=149.4379
t=375358ms polish_tc=149.4335
t=375557ms polish_tc=149.4164
t=375743ms polish_tc=149.4101
t=376163ms polish_tc=149.4079
t=376359ms polish_tc=149.3859
t=376553ms polish_tc=149.3857
t=377160ms polish_tc=149.3857
t=377358ms polish_tc=149.3769
t=377558ms polish_tc=149.3583
t=377754ms polish_tc=149.3367
t=378168ms polish_tc=149.2931
t=378376ms polish_tc=149.2929
t=378574ms polish_tc=149.2817
t=378763ms polish_tc=149.2664
t=379172ms polish_tc=149.2026
t=379367ms polish_tc=149.1879
t=379568ms polish_tc=149.1477
t=380157ms polish_tc=149.1465
t=380354ms polish_tc=149.1000
t=380557ms polish_tc=149.0789
t=380752ms polish_tc=149.0518
t=381162ms polish_tc=149.0501
t=381364ms polish_tc=149.0494
t=381561ms polish_tc=148.9911
t=381750ms polish_tc=148.9781
t=382164ms polish_tc=148.9605
t=382373ms polish_tc=148.9148
t=382569ms polish_tc=148.9133
t=383157ms polish_tc=148.9086
t=383354ms polish_tc=148.9071
t=383543ms polish_tc=148.9063
t=383731ms polish_tc=148.8267
t=384167ms polish_tc=148.7888
t=384363ms polish_tc=148.7870
t=384561ms polish_tc=148.7468
t=384774ms polish_tc=148.7416
t=385171ms polish_tc=148.7142
t=385372ms polish_tc=148.7073
t=385565ms polish_tc=148.6917
t=386158ms polish_tc=148.6899
t=386352ms polish_tc=148.6546
t=386540ms polish_tc=148.6501
t=386743ms polish_tc=148.6073
t=387163ms polish_tc=148.5998
t=387369ms polish_tc=148.5545
t=387569ms polish_tc=148.5430
t=387763ms polish_tc=148.5352
t=388168ms polish_tc=148.5274
t=388368ms polish_tc=148.5269
t=388567ms polish_tc=148.5230
t=388760ms polish_tc=148.5230
t=389173ms polish_tc=148.5190
t=389372ms polish_tc=148.5012
t=389557ms polish_tc=148.4730
t=390158ms polish_tc=148.4378
t=390359ms polish_tc=148.4357
t=390556ms polish_tc=148.4168
t=390756ms polish_tc=148.3696
t=391164ms polish_tc=148.3297
t=391367ms polish_tc=148.3116
t=391564ms polish_tc=148.3111
t=391750ms polish_tc=148.2888
t=392168ms polish_tc=148.2865
t=392362ms polish_tc=148.2602
t=392560ms polish_tc=148.2317
t=393158ms polish_tc=148.2290
t=393353ms polish_tc=148.2265
t=393532ms polish_tc=148.2193
t=393716ms polish_tc=148.1725
t=394161ms polish_tc=148.1370
t=394348ms polish_tc=148.0978
t=394553ms polish_tc=148.0977
t=394749ms polish_tc=148.0951
t=395164ms polish_tc=148.0950
t=395364ms polish_tc=148.0910
t=395569ms polish_tc=148.0909
t=395755ms polish_tc=148.0896
t=396166ms polish_tc=148.0895
t=396357ms polish_tc=148.0722
t=396547ms polish_tc=148.0667
t=396739ms polish_tc=148.0470
t=397172ms polish_tc=148.0456
t=397370ms polish_tc=148.0456
t=397567ms polish_tc=148.0442
t=398154ms polish_tc=148.0166
t=398351ms polish_tc=148.0152
t=398542ms polish_tc=148.0145
t=398735ms polish_tc=147.9684
t=399160ms polish_tc=147.9335
t=399365ms polish_tc=147.9119
t=399557ms polish_tc=147.9029
t=399747ms polish_tc=147.8885
t=400161ms polish_tc=147.8546
t=400355ms polish_tc=147.8167
t=400542ms polish_tc=147.7941
t=400736ms polish_tc=147.7794
t=401172ms polish_tc=147.7794
t=401370ms polish_tc=147.7769
t=401560ms polish_tc=147.7736
t=402160ms polish_tc=147.7695
t=402352ms polish_tc=147.7629
t=402540ms polish_tc=147.7353
t=402735ms polish_tc=147.7353
t=403163ms polish_tc=147.7353
t=403353ms polish_tc=147.7259
t=403548ms polish_tc=147.7157
t=403735ms polish_tc=147.7123
t=404165ms polish_tc=147.7097
t=404367ms polish_tc=147.7045
t=404558ms polish_tc=147.6932
t=404755ms polish_tc=147.6774
t=405172ms polish_tc=147.6642
t=405363ms polish_tc=147.6641
t=405547ms polish_tc=147.6623
t=405748ms polish_tc=147.6570
t=406175ms polish_tc=147.6498
t=406372ms polish_tc=147.6498
t=406558ms polish_tc=147.6444
t=407162ms polish_tc=147.6390
t=407354ms polish_tc=147.6294
t=407544ms polish_tc=147.6221
t=407739ms polish_tc=147.6184
t=408163ms polish_tc=147.6055
t=408350ms polish_tc=147.6037
t=408540ms polish_tc=147.5826
t=408726ms polish_tc=147.5675
t=409164ms polish_tc=147.5675
t=409356ms polish_tc=147.5637
t=409547ms polish_tc=147.5128
t=409732ms polish_tc=147.5063
t=410166ms polish_tc=147.4984
t=410356ms polish_tc=147.4681
t=410544ms polish_tc=147.3886
t=410732ms polish_tc=147.2438
t=411168ms polish_tc=147.1235
t=411363ms polish_tc=147.1222
t=411558ms polish_tc=147.0120
t=411735ms polish_tc=146.9780
t=412171ms polish_tc=146.9752
t=412366ms polish_tc=146.9709
t=412558ms polish_tc=146.9535
t=412741ms polish_tc=146.9521
t=413170ms polish_tc=146.9462
t=413360ms polish_tc=146.9404
t=413553ms polish_tc=146.9359
t=413736ms polish_tc=146.9315
t=414175ms polish_tc=146.9219
t=414361ms polish_tc=146.9099
t=414560ms polish_tc=146.9047
t=415160ms polish_tc=146.9032
t=415361ms polish_tc=146.8850
t=415559ms polish_tc=146.8744
t=415748ms polish_tc=146.8675
t=416164ms polish_tc=146.8660
t=416350ms polish_tc=146.8621
t=416548ms polish_tc=146.8537
t=416746ms polish_tc=146.8521
t=417170ms polish_tc=146.8500
t=417354ms polish_tc=146.8483
t=417553ms polish_tc=146.8474
t=417750ms polish_tc=146.8464
t=418168ms polish_tc=146.8449
t=418357ms polish_tc=146.8441
t=418548ms polish_tc=146.8441
t=418725ms polish_tc=146.8433
t=419170ms polish_tc=146.8409
t=419378ms polish_tc=146.8409
t=419571ms polish_tc=146.8409
t=420159ms polish_tc=146.8409
t=420353ms polish_tc=146.8402
t=420551ms polish_tc=146.8402
t=420750ms polish_tc=146.8402
t=421161ms polish_tc=146.8370
t=421351ms polish_tc=146.8370
t=421541ms polish_tc=146.8369
t=421729ms polish_tc=146.8369
t=422162ms polish_tc=146.8369
t=422355ms polish_tc=146.8368
t=422568ms polish_tc=146.8356
t=422752ms polish_tc=146.8356
t=423165ms polish_tc=146.8352
t=423354ms polish_tc=146.8313
t=423562ms polish_tc=146.8309
t=423750ms polish_tc=146.8293
t=424162ms polish_tc=146.8269
t=424347ms polish_tc=146.8173
t=424546ms polish_tc=146.8166
t=424773ms polish_tc=146.8165
t=425166ms polish_tc=146.8165
t=425374ms polish_tc=146.8101
t=425582ms polish_tc=146.8101
t=425777ms polish_tc=146.8099
t=426168ms polish_tc=146.8098
t=426359ms polish_tc=146.8098
t=426551ms polish_tc=146.8098
t=426752ms polish_tc=146.8097
t=427170ms polish_tc=146.8097
t=427391ms polish_tc=146.8097
t=427583ms polish_tc=146.8097
t=427768ms polish_tc=146.7039
t=428172ms polish_tc=146.5265
t=428370ms polish_tc=146.4294
t=428572ms polish_tc=146.4294
t=429161ms polish_tc=146.4125
t=429357ms polish_tc=146.3955
t=429546ms polish_tc=146.3783
t=429737ms polish_tc=146.3608
t=430162ms polish_tc=146.3608
t=430355ms polish_tc=146.3476
t=430552ms polish_tc=146.3476
t=430751ms polish_tc=146.3431
t=431174ms polish_tc=146.3387
t=431375ms polish_tc=146.3026
t=431578ms polish_tc=146.2842
t=431774ms polish_tc=146.2372
t=432170ms polish_tc=146.2349
t=432366ms polish_tc=146.1961
t=432560ms polish_tc=146.1836
t=433159ms polish_tc=146.1305
t=433353ms polish_tc=146.1254
t=433553ms polish_tc=146.0464
t=433746ms polish_tc=146.0021
t=434162ms polish_tc=145.9964
t=434368ms polish_tc=145.9520
t=434572ms polish_tc=145.8925
t=434766ms polish_tc=145.8925
t=435164ms polish_tc=145.7743
t=435355ms polish_tc=145.7735
t=435558ms polish_tc=145.7733
t=435752ms polish_tc=145.7699
t=436168ms polish_tc=145.6953
t=436370ms polish_tc=145.6848
t=436563ms polish_tc=145.6457
t=436761ms polish_tc=145.6421
t=437173ms polish_tc=145.6403
t=437369ms polish_tc=145.6367
t=437563ms polish_tc=145.6321
t=438158ms polish_tc=145.6278
t=438364ms polish_tc=145.6204
t=438558ms polish_tc=145.5643
t=438750ms polish_tc=145.5623
t=439163ms polish_tc=145.5585
t=439363ms polish_tc=145.5373
t=439562ms polish_tc=145.5217
t=439752ms polish_tc=145.5217
t=440166ms polish_tc=145.5188
t=440360ms polish_tc=145.5138
t=440558ms polish_tc=145.5039
t=440742ms polish_tc=145.5019
t=441169ms polish_tc=145.4989
t=441361ms polish_tc=145.4962
t=441557ms polish_tc=145.4923
t=441743ms polish_tc=145.4863
t=442172ms polish_tc=145.4852
t=442359ms polish_tc=145.4843
t=442564ms polish_tc=145.4823
t=443159ms polish_tc=145.4736
t=443360ms polish_tc=145.4706
t=443562ms polish_tc=145.4701
t=443742ms polish_tc=145.4696
t=444158ms polish_tc=145.4681
t=444347ms polish_tc=145.4673
t=444545ms polish_tc=145.4668
t=444733ms polish_tc=145.4657
t=445162ms polish_tc=145.4652
t=445357ms polish_tc=145.4642
t=445550ms polish_tc=145.4632
t=445740ms polish_tc=145.4601
t=446162ms polish_tc=145.4591
t=446359ms polish_tc=145.4550
t=446553ms polish_tc=145.4522
t=446745ms polish_tc=145.4506
t=447166ms polish_tc=145.4475
t=447764ms polish_tc=145.3752
t=448017ms polish_tc=145.3078
t=448249ms polish_tc=145.3014
t=448461ms polish_tc=145.1957
t=448672ms polish_tc=145.1033
t=449156ms polish_tc=145.0706
t=449370ms polish_tc=145.0256
t=449588ms polish_tc=144.9254
t=449801ms polish_tc=144.9211
t=450168ms polish_tc=144.8746
t=450401ms polish_tc=144.8297
t=450606ms polish_tc=144.7881
t=451158ms polish_tc=144.6933
t=451383ms polish_tc=144.6705
t=451602ms polish_tc=144.6212
t=451801ms polish_tc=144.6177
t=452168ms polish_tc=144.5969
t=452377ms polish_tc=144.5034
t=452590ms polish_tc=144.4883
t=452774ms polish_tc=144.4396
t=453171ms polish_tc=144.4162
t=453364ms polish_tc=144.3874
t=453558ms polish_tc=144.3851
t=454156ms polish_tc=144.3836
t=454351ms polish_tc=144.3522
t=454549ms polish_tc=144.3177
t=454744ms polish_tc=144.2735
t=455162ms polish_tc=144.2655
t=455358ms polish_tc=144.2633
t=455545ms polish_tc=144.1863
t=455737ms polish_tc=144.1684
t=456164ms polish_tc=144.1651
t=456352ms polish_tc=144.1231
t=456558ms polish_tc=144.1142
t=456744ms polish_tc=144.0255
t=457168ms polish_tc=144.0008
t=457362ms polish_tc=143.9893
t=457557ms polish_tc=143.9882
t=457746ms polish_tc=143.9836
t=458172ms polish_tc=143.9824
t=458370ms polish_tc=143.9619
t=458567ms polish_tc=143.9425
t=458822ms polish_tc=143.9396
t=459173ms polish_tc=143.9389
t=459367ms polish_tc=143.9263
t=459566ms polish_tc=143.9046
t=459759ms polish_tc=143.8976
t=460172ms polish_tc=143.7792
t=460366ms polish_tc=143.7614
t=460568ms polish_tc=143.7512
t=461160ms polish_tc=143.6557
t=461351ms polish_tc=143.6469
t=461537ms polish_tc=143.6219
t=461736ms polish_tc=143.5677
t=462159ms polish_tc=143.5653
t=462350ms polish_tc=143.5651
t=462538ms polish_tc=143.5414
t=462722ms polish_tc=143.5113
t=463162ms polish_tc=143.5111
t=463350ms polish_tc=143.4897
t=463552ms polish_tc=143.4762
t=463759ms polish_tc=143.4635
t=464163ms polish_tc=143.4605
t=464351ms polish_tc=143.4079
t=464527ms polish_tc=143.4017
t=464715ms polish_tc=143.3721
t=465161ms polish_tc=143.3513
t=465336ms polish_tc=143.3188
t=465515ms polish_tc=143.2871
t=465693ms polish_tc=143.2801
t=466157ms polish_tc=143.2704
t=466341ms polish_tc=143.2563
t=466519ms polish_tc=143.2198
t=466716ms polish_tc=143.2004
t=466891ms polish_tc=143.1771
t=467170ms polish_tc=143.1495
t=467336ms polish_tc=143.1290
t=467523ms polish_tc=143.0902
t=467703ms polish_tc=143.0862
t=468166ms polish_tc=143.0802
t=468349ms polish_tc=143.0479
t=468522ms polish_tc=143.0054
t=468702ms polish_tc=142.9988
t=469164ms polish_tc=142.9234
t=469343ms polish_tc=142.9115
t=469510ms polish_tc=142.8745
t=469692ms polish_tc=142.8464
t=470158ms polish_tc=142.8394
t=470329ms polish_tc=142.7910
t=470503ms polish_tc=142.7845
t=470686ms polish_tc=142.7744
t=470864ms polish_tc=142.7258
t=471170ms polish_tc=142.6943
t=471365ms polish_tc=142.6692
t=471555ms polish_tc=142.6525
t=472158ms polish_tc=142.6247
t=472338ms polish_tc=142.5948
t=472516ms polish_tc=142.5911
t=472704ms polish_tc=142.5501
t=472873ms polish_tc=142.5167
t=473168ms polish_tc=142.5166
t=473342ms polish_tc=142.4968
t=473513ms polish_tc=142.4968
t=473695ms polish_tc=142.4960
t=474167ms polish_tc=142.4703
t=474360ms polish_tc=142.4700
t=474541ms polish_tc=142.4376
t=474717ms polish_tc=142.4373
t=475163ms polish_tc=142.4370
t=475335ms polish_tc=142.4208
t=475509ms polish_tc=142.4198
t=475688ms polish_tc=142.4028
t=476158ms polish_tc=142.4028
t=476342ms polish_tc=142.3928
t=476526ms polish_tc=142.3832
t=476711ms polish_tc=142.3407
t=477157ms polish_tc=142.3397
t=477337ms polish_tc=142.3334
t=477518ms polish_tc=142.3208
t=477699ms polish_tc=142.3191
t=477874ms polish_tc=142.3101
t=478171ms polish_tc=142.2900
t=478346ms polish_tc=142.2778
t=478523ms polish_tc=142.2437
t=478704ms polish_tc=142.2421
t=479166ms polish_tc=142.2409
t=479340ms polish_tc=142.2024
t=479513ms polish_tc=142.2011
t=479688ms polish_tc=142.1614
t=480165ms polish_tc=142.1540
t=480345ms polish_tc=142.1536
t=480508ms polish_tc=142.1132
t=480690ms polish_tc=142.0250
t=481160ms polish_tc=141.9835
t=481331ms polish_tc=141.9807
t=481497ms polish_tc=141.9792
t=481683ms polish_tc=141.8908
t=481911ms polish_tc=141.8693
t=482171ms polish_tc=141.8677
t=482341ms polish_tc=141.8583
t=482512ms polish_tc=141.8221
t=482683ms polish_tc=141.8197
t=483166ms polish_tc=141.8149
t=483342ms polish_tc=141.8021
t=483539ms polish_tc=141.8006
t=483726ms polish_tc=141.7838
t=484168ms polish_tc=141.7814
t=484346ms polish_tc=141.7706
t=484522ms polish_tc=141.7176
t=484706ms polish_tc=141.7160
t=485161ms polish_tc=141.7116
t=485348ms polish_tc=141.7116
t=485525ms polish_tc=141.7047
t=485702ms polish_tc=141.7039
t=486159ms polish_tc=141.6864
t=486341ms polish_tc=141.6768
t=486514ms polish_tc=141.6767
t=486696ms polish_tc=141.6492
t=486886ms polish_tc=141.6368
t=487173ms polish_tc=141.6357
t=487360ms polish_tc=141.5934
t=487541ms polish_tc=141.5479
t=488158ms polish_tc=141.5326
t=488354ms polish_tc=141.5315
t=488535ms polish_tc=141.5148
t=489159ms polish_tc=141.5128
t=489342ms polish_tc=141.4889
t=490172ms polish_tc=141.4868
t=490339ms polish_tc=141.4848
t=491176ms polish_tc=141.4706
t=491372ms polish_tc=141.4667
t=492171ms polish_tc=141.4453
t=492350ms polish_tc=141.4451
t=493168ms polish_tc=141.4104
t=493349ms polish_tc=141.3932
t=494167ms polish_tc=141.3596
t=494349ms polish_tc=141.3420
t=495184ms polish_tc=141.3402
t=495385ms polish_tc=141.2924
t=496166ms polish_tc=141.2795
t=496344ms polish_tc=141.2760
t=497179ms polish_tc=141.2608
t=498161ms polish_tc=141.2502
t=498339ms polish_tc=141.2502
t=499179ms polish_tc=141.2478
t=499372ms polish_tc=141.2360
t=500165ms polish_tc=141.2348
t=500342ms polish_tc=141.2191
t=501164ms polish_tc=141.2033
t=501344ms polish_tc=141.1997
t=502163ms polish_tc=141.1985
t=502352ms polish_tc=141.1922
t=503171ms polish_tc=141.1846
t=503341ms polish_tc=141.1833
t=504173ms polish_tc=141.1712
t=504350ms polish_tc=141.1658
t=505168ms polish_tc=141.1632
t=505348ms polish_tc=141.1588
t=506176ms polish_tc=141.1584
t=506354ms polish_tc=141.1565
t=507180ms polish_tc=141.1540
t=507358ms polish_tc=141.1323
t=508168ms polish_tc=141.1323
t=508347ms polish_tc=141.1297
t=509172ms polish_tc=141.1194
t=509352ms polish_tc=141.0973
t=510166ms polish_tc=141.0699
t=510343ms polish_tc=140.9835
t=511164ms polish_tc=140.9387
t=511349ms polish_tc=140.9380
t=512173ms polish_tc=140.9262
t=512364ms polish_tc=140.9240
t=513172ms polish_tc=140.9000
t=513364ms polish_tc=140.9000
t=514179ms polish_tc=140.8477
t=514370ms polish_tc=140.8179
t=515167ms polish_tc=140.8051
t=515337ms polish_tc=140.8043
t=516168ms polish_tc=140.8028
t=516352ms polish_tc=140.8024
t=517177ms polish_tc=140.7789
t=517365ms polish_tc=140.7772
t=518175ms polish_tc=140.7507
t=518355ms polish_tc=140.7463
t=519166ms polish_tc=140.7123
t=519340ms polish_tc=140.6844
t=520171ms polish_tc=140.6720
t=520351ms polish_tc=140.6572
t=521170ms polish_tc=140.6568
t=521355ms polish_tc=140.6438
t=522167ms polish_tc=140.6292
t=522356ms polish_tc=140.6290
t=523164ms polish_tc=140.6263
t=523363ms polish_tc=140.6231
t=524171ms polish_tc=140.6212
t=525163ms polish_tc=140.6139
t=525349ms polish_tc=140.5860
t=526172ms polish_tc=140.5822
t=526346ms polish_tc=140.5363
t=527169ms polish_tc=140.5246
t=527339ms polish_tc=140.5246
t=528165ms polish_tc=140.5207
t=528345ms polish_tc=140.5188
t=529168ms polish_tc=140.5129
t=529350ms polish_tc=140.4950
t=530182ms polish_tc=140.4799
t=531167ms polish_tc=140.4718
t=531348ms polish_tc=140.3355
t=532167ms polish_tc=140.3198
t=532356ms polish_tc=140.2994
t=533166ms polish_tc=140.2810
t=533351ms polish_tc=140.2362
t=534174ms polish_tc=140.2169
t=534356ms polish_tc=140.2145
t=535177ms polish_tc=140.1851
t=535373ms polish_tc=140.1826
t=536165ms polish_tc=140.1751
t=536366ms polish_tc=140.1701
t=537176ms polish_tc=140.1576
t=537364ms polish_tc=140.1550
t=538183ms polish_tc=140.1550
t=539167ms polish_tc=140.1140
t=539351ms polish_tc=140.1088
t=540175ms polish_tc=140.1087
t=540359ms polish_tc=140.1034
t=541175ms polish_tc=140.0956
t=541372ms polish_tc=140.0716
t=542172ms polish_tc=140.0609
t=542362ms polish_tc=140.0500
t=543182ms polish_tc=140.0500
t=543382ms polish_tc=140.0446
t=544173ms polish_tc=140.0419
t=544345ms polish_tc=139.9102
t=545169ms polish_tc=139.9087
t=545351ms polish_tc=139.8905
t=546181ms polish_tc=139.8846
t=546367ms polish_tc=139.8722
t=547169ms polish_tc=139.8442
t=547346ms polish_tc=139.8348
t=548166ms polish_tc=139.8316
t=548349ms polish_tc=139.8283
t=549179ms polish_tc=139.8220
t=549365ms polish_tc=139.8092
t=550170ms polish_tc=139.8058
t=550374ms polish_tc=139.8027
t=551168ms polish_tc=139.7770
t=551386ms polish_tc=139.7597
t=552164ms polish_tc=139.7596
t=552357ms polish_tc=139.7325
t=553182ms polish_tc=139.7323
t=553375ms polish_tc=139.7323
t=554168ms polish_tc=139.7323
t=554398ms polish_tc=139.7299
t=555179ms polish_tc=139.7295
t=555387ms polish_tc=139.7295
t=556167ms polish_tc=139.7293
t=556369ms polish_tc=139.7291
t=557167ms polish_tc=139.7291
t=557361ms polish_tc=139.7291
t=558165ms polish_tc=139.7290
t=558354ms polish_tc=139.7289
t=559171ms polish_tc=139.7289
t=559415ms polish_tc=139.7289
t=560177ms polish_tc=139.7289
t=560389ms polish_tc=139.7289
t=561175ms polish_tc=139.6605
t=561380ms polish_tc=139.6586
t=562167ms polish_tc=139.6315
t=562385ms polish_tc=139.5801
t=563179ms polish_tc=139.4780
t=563385ms polish_tc=139.4446
t=564167ms polish_tc=139.3998
t=564367ms polish_tc=139.3869
t=565172ms polish_tc=139.3357
t=565378ms polish_tc=139.3264
t=566177ms polish_tc=139.3045
t=566388ms polish_tc=139.2780
t=567186ms polish_tc=139.2672
t=567401ms polish_tc=139.1993
t=568194ms polish_tc=139.1938
t=569159ms polish_tc=139.1901
t=569337ms polish_tc=139.1731
t=570176ms polish_tc=139.1483
t=570388ms polish_tc=139.0652
t=571171ms polish_tc=139.0590
t=572170ms polish_tc=139.0463
t=572362ms polish_tc=139.0138
t=573179ms polish_tc=139.0095
t=573374ms polish_tc=138.9281
t=574180ms polish_tc=138.8702
t=574365ms polish_tc=138.8481
t=575181ms polish_tc=138.8116
t=575393ms polish_tc=138.8018
t=576181ms polish_tc=138.7946
t=576377ms polish_tc=138.7624
t=577179ms polish_tc=138.7449
t=577373ms polish_tc=138.7345
t=578178ms polish_tc=138.7267
t=578385ms polish_tc=138.7033
t=579170ms polish_tc=138.6673
t=579364ms polish_tc=138.6512
t=580167ms polish_tc=138.5431
t=580356ms polish_tc=138.5272
t=581171ms polish_tc=138.4908
t=581341ms polish_tc=138.4450
t=582169ms polish_tc=138.4424
t=583165ms polish_tc=138.4076
t=583368ms polish_tc=138.3840
t=584167ms polish_tc=138.3456
t=584347ms polish_tc=138.3275
t=585168ms polish_tc=138.2988
t=585340ms polish_tc=138.2954
t=586194ms polish_tc=138.2811
t=586376ms polish_tc=138.2613
t=587181ms polish_tc=138.2134
t=587357ms polish_tc=138.1764
t=588180ms polish_tc=138.1570
t=588362ms polish_tc=138.1212
t=589180ms polish_tc=138.1204
t=589375ms polish_tc=138.1178
t=590168ms polish_tc=138.1021
t=590351ms polish_tc=138.0928
t=591175ms polish_tc=138.0124
t=591354ms polish_tc=137.9817
t=592180ms polish_tc=137.9548
t=592355ms polish_tc=137.9523
t=593182ms polish_tc=137.9109
t=593373ms polish_tc=137.8904
t=594168ms polish_tc=137.8764
t=594356ms polish_tc=137.8697
t=595174ms polish_tc=137.8674
t=595353ms polish_tc=137.8620
t=596170ms polish_tc=137.8500
t=596349ms polish_tc=137.7915
t=597163ms polish_tc=137.7638
t=597332ms polish_tc=137.7573
t=598162ms polish_tc=137.7151
t=598349ms polish_tc=137.7099
t=599168ms polish_tc=137.6685
t=600166ms polish_tc=137.6422
t=600363ms polish_tc=137.5961
t=601171ms polish_tc=137.5793
t=601390ms polish_tc=137.5606
t=602179ms polish_tc=137.5527
t=602363ms polish_tc=137.5379
t=603171ms polish_tc=137.4990
t=603356ms polish_tc=137.4595
t=604171ms polish_tc=137.4283
t=604426ms polish_tc=137.3802
t=605174ms polish_tc=137.3662
t=605523ms polish_tc=137.3420
t=606180ms polish_tc=137.3308
t=606356ms polish_tc=137.3275
t=607178ms polish_tc=137.3194
t=607361ms polish_tc=137.3167
t=608178ms polish_tc=137.3120
t=608363ms polish_tc=137.2611
t=609178ms polish_tc=137.2600
t=609362ms polish_tc=137.1975
t=610166ms polish_tc=137.1888
t=610352ms polish_tc=137.1689
t=611172ms polish_tc=137.1589
t=611391ms polish_tc=137.1563
t=612184ms polish_tc=137.1344
t=612366ms polish_tc=137.1189
t=613175ms polish_tc=137.0927
t=613358ms polish_tc=137.0821
t=614177ms polish_tc=137.0663
t=614362ms polish_tc=137.0114
t=615179ms polish_tc=136.9640
t=615374ms polish_tc=136.9300
t=616181ms polish_tc=136.9009
t=616396ms polish_tc=136.8765
t=617167ms polish_tc=136.8758
t=617350ms polish_tc=136.8574
t=618184ms polish_tc=136.8398
t=618367ms polish_tc=136.8337
t=619174ms polish_tc=136.8201
t=619349ms polish_tc=136.8038
t=620177ms polish_tc=136.7868
t=620352ms polish_tc=136.7704
t=621168ms polish_tc=136.7336
t=621348ms polish_tc=136.7199
t=622179ms polish_tc=136.6520
t=622355ms polish_tc=136.6403
t=623179ms polish_tc=136.6331
t=623368ms polish_tc=136.6290
t=624171ms polish_tc=136.6161
t=624348ms polish_tc=136.6161
t=625171ms polish_tc=136.5658
t=625346ms polish_tc=136.5440
t=626178ms polish_tc=136.5400
t=626355ms polish_tc=136.4773
t=627167ms polish_tc=136.4770
t=627354ms polish_tc=136.4766
t=628169ms polish_tc=136.4739
t=628348ms polish_tc=136.4699
t=629164ms polish_tc=136.4365
t=629343ms polish_tc=136.3802
t=630164ms polish_tc=136.3452
t=630347ms polish_tc=136.3253
t=631173ms polish_tc=136.3228
t=631366ms polish_tc=136.3095
t=632163ms polish_tc=136.3052
t=632344ms polish_tc=136.2840
t=633170ms polish_tc=136.2647
t=633340ms polish_tc=136.2321
t=634176ms polish_tc=136.2040
t=634358ms polish_tc=136.1939
t=635176ms polish_tc=136.1775
t=635360ms polish_tc=136.1637
t=636176ms polish_tc=136.1463
t=636363ms polish_tc=136.1333
t=637168ms polish_tc=136.1254
t=637352ms polish_tc=136.1134
t=638167ms polish_tc=136.1032
t=638338ms polish_tc=136.1031
t=639158ms polish_tc=136.1018
t=639332ms polish_tc=136.0926
t=640174ms polish_tc=136.0713
t=640354ms polish_tc=136.0700
t=641165ms polish_tc=136.0689
t=641342ms polish_tc=136.0677
t=642173ms polish_tc=136.0630
t=642344ms polish_tc=136.0626
t=643166ms polish_tc=136.0489
t=643336ms polish_tc=136.0489
t=644172ms polish_tc=136.0468
t=644358ms polish_tc=136.0324
t=645171ms polish_tc=136.0199
t=645354ms polish_tc=136.0114
t=646167ms polish_tc=136.0003
t=646336ms polish_tc=135.9776
t=647163ms polish_tc=135.9776
t=647357ms polish_tc=135.9690
t=648167ms polish_tc=135.9663
t=648335ms polish_tc=135.9658
t=649175ms polish_tc=135.9627
t=649350ms polish_tc=135.9511
t=650168ms polish_tc=135.9451
t=650334ms polish_tc=135.9274
t=651175ms polish_tc=135.9125
t=651351ms polish_tc=135.9095
t=652164ms polish_tc=135.9065
t=652348ms polish_tc=135.8762
t=653177ms polish_tc=135.8532
t=653352ms polish_tc=135.8312
t=654157ms polish_tc=135.7768
t=654322ms polish_tc=135.7768
t=655174ms polish_tc=135.7765
t=655343ms polish_tc=135.7698
t=656166ms polish_tc=135.7618
t=656330ms polish_tc=135.7509
t=657189ms polish_tc=135.7406
t=657349ms polish_tc=135.7238
t=658165ms polish_tc=135.7237
t=658328ms polish_tc=135.7100
t=659171ms polish_tc=135.6962
t=659333ms polish_tc=135.6395
t=660171ms polish_tc=135.6392
t=660331ms polish_tc=135.6173
t=661161ms polish_tc=135.6099
t=661314ms polish_tc=135.6099
t=662157ms polish_tc=135.6097
t=662313ms polish_tc=135.5838
t=663172ms polish_tc=135.5779
t=663349ms polish_tc=135.5758
t=664162ms polish_tc=135.5739
t=664324ms polish_tc=135.5663
t=665174ms polish_tc=135.5652
t=665341ms polish_tc=135.5572
t=666179ms polish_tc=135.5569
t=667158ms polish_tc=135.5529
t=667327ms polish_tc=135.5527
t=668163ms polish_tc=135.5504
t=668333ms polish_tc=135.5503
t=669173ms polish_tc=135.5503
t=669335ms polish_tc=135.5500
t=670179ms polish_tc=135.5499
t=670358ms polish_tc=135.5423
t=671165ms polish_tc=135.5422
t=671336ms polish_tc=135.5422
t=672176ms polish_tc=135.5422
t=672362ms polish_tc=135.5422
t=673162ms polish_tc=135.5422
t=674173ms polish_tc=135.5422
t=675164ms polish_tc=135.4927
t=675393ms polish_tc=135.4748
t=676170ms polish_tc=135.4323
t=676454ms polish_tc=135.3609
t=677186ms polish_tc=135.3559
t=678172ms polish_tc=135.3357
t=678400ms polish_tc=135.3281
t=679174ms polish_tc=135.3276
t=679366ms polish_tc=135.3104
t=680178ms polish_tc=135.2544
t=680388ms polish_tc=135.2544
t=681181ms polish_tc=135.2535
t=681406ms polish_tc=135.2458
t=682184ms polish_tc=135.2385
t=683170ms polish_tc=135.1857
t=683379ms polish_tc=135.1556
t=684186ms polish_tc=135.1486
t=685158ms polish_tc=135.1318
t=685381ms polish_tc=135.1247
t=686176ms polish_tc=135.1117
t=687166ms polish_tc=135.0954
t=687366ms polish_tc=135.0741
t=688181ms polish_tc=135.0706
t=689156ms polish_tc=135.0477
t=689352ms polish_tc=135.0257
t=690167ms polish_tc=135.0233
t=690365ms polish_tc=135.0148
t=691182ms polish_tc=134.9784
t=691387ms polish_tc=134.9726
t=692185ms polish_tc=134.9710
t=693165ms polish_tc=134.9648
t=693364ms polish_tc=134.9528
t=694170ms polish_tc=134.9501
t=694396ms polish_tc=134.9362
t=695184ms polish_tc=134.9298
t=695380ms polish_tc=134.9211
t=696170ms polish_tc=134.9144
t=696358ms polish_tc=134.9082
t=697176ms polish_tc=134.9023
t=697396ms polish_tc=134.9023
t=698166ms polish_tc=134.8940
t=698387ms polish_tc=134.8851
t=699165ms polish_tc=134.8813
t=699356ms polish_tc=134.8809
t=700175ms polish_tc=134.8809
t=700392ms polish_tc=134.8594
t=701164ms polish_tc=134.8532
t=702156ms polish_tc=134.8513
t=702342ms polish_tc=134.8474
t=703165ms polish_tc=134.8460
t=703367ms polish_tc=134.8415
t=704167ms polish_tc=134.8310
t=704350ms polish_tc=134.8278
t=705187ms polish_tc=134.8207
t=705370ms polish_tc=134.8207
t=706174ms polish_tc=134.8118
t=706361ms polish_tc=134.8114
t=707168ms polish_tc=134.8114
t=707360ms polish_tc=134.8113
t=708167ms polish_tc=134.8049
t=708368ms polish_tc=134.8016
t=709179ms polish_tc=134.7854
t=709377ms polish_tc=134.7854
t=710166ms polish_tc=134.7837
t=710362ms polish_tc=134.7764
t=711169ms polish_tc=134.7764
t=711361ms polish_tc=134.7623
t=712177ms polish_tc=134.7623
t=712362ms polish_tc=134.7623
t=713174ms polish_tc=134.7623
t=713393ms polish_tc=134.7619
t=714176ms polish_tc=134.7552
t=714363ms polish_tc=134.7552
t=715177ms polish_tc=134.7552
t=716169ms polish_tc=134.7418
t=716364ms polish_tc=134.7418
t=717170ms polish_tc=134.7350
t=717360ms polish_tc=134.7283
t=718180ms polish_tc=134.7283
t=719169ms polish_tc=134.7221
t=720186ms polish_tc=134.7154
t=720370ms polish_tc=134.6863
t=721175ms polish_tc=134.6688
t=721364ms polish_tc=134.6595
t=722172ms polish_tc=134.6315
t=722372ms polish_tc=134.6270
t=723176ms polish_tc=134.6270
t=723342ms polish_tc=134.6075
t=724174ms polish_tc=134.5889
t=724358ms polish_tc=134.5082
t=725164ms polish_tc=134.5000
t=725348ms polish_tc=134.4975
t=726159ms polish_tc=134.4970
t=726338ms polish_tc=134.4741
t=727164ms polish_tc=134.4728
t=727348ms polish_tc=134.4479
t=728163ms polish_tc=134.4478
t=728387ms polish_tc=134.4472
t=729181ms polish_tc=134.4348
t=729376ms polish_tc=134.4348
t=730168ms polish_tc=134.4277
t=730371ms polish_tc=134.4178
t=731166ms polish_tc=134.4177
t=731357ms polish_tc=134.4052
t=732172ms polish_tc=134.4041
t=732362ms polish_tc=134.4041
t=733168ms polish_tc=134.4020
t=733355ms polish_tc=134.3934
t=734174ms polish_tc=134.3928
t=734372ms polish_tc=134.3928
t=735161ms polish_tc=134.3845
t=735352ms polish_tc=134.3844
t=736179ms polish_tc=134.3842
t=737154ms polish_tc=134.3761
t=737343ms polish_tc=134.3756
t=738175ms polish_tc=134.3756
t=738358ms polish_tc=134.3756
t=739174ms polish_tc=134.3721
t=740154ms polish_tc=134.3721
t=740342ms polish_tc=134.3720
t=741167ms polish_tc=134.3720
t=741363ms polish_tc=134.3667
t=742176ms polish_tc=134.3667
t=742355ms polish_tc=134.3665
t=743163ms polish_tc=134.3665
t=743385ms polish_tc=134.3661
t=744171ms polish_tc=134.3660
t=744371ms polish_tc=134.3660
t=745164ms polish_tc=134.3660
t=745364ms polish_tc=134.3655
t=746180ms polish_tc=134.3655
t=747156ms polish_tc=134.3655
t=747345ms polish_tc=134.3655
t=748173ms polish_tc=134.3655
t=749157ms polish_tc=134.3649
t=749358ms polish_tc=134.3641
t=750161ms polish_tc=134.3641
t=750356ms polish_tc=134.3636
t=751159ms polish_tc=134.3636
t=752154ms polish_tc=134.3636
t=753194ms polish_tc=134.3509
t=753381ms polish_tc=134.3431
t=754165ms polish_tc=134.3323
t=754373ms polish_tc=134.3062
t=755165ms polish_tc=134.2938
t=756155ms polish_tc=134.2800
t=756345ms polish_tc=134.2754
t=756543ms polish_tc=134.2600
t=757182ms polish_tc=134.2290
t=757390ms polish_tc=134.2290
t=758180ms polish_tc=134.2049
t=759154ms polish_tc=134.1888
t=759367ms polish_tc=134.1866
t=759554ms polish_tc=134.1683
t=760177ms polish_tc=134.1632
t=760388ms polish_tc=134.1553
t=761175ms polish_tc=134.1451
t=761378ms polish_tc=134.1247
t=762173ms polish_tc=134.1233
t=762376ms polish_tc=134.1166
t=763205ms polish_tc=134.1146
t=764173ms polish_tc=134.1131
t=765172ms polish_tc=134.1046
t=765367ms polish_tc=134.1046
t=766174ms polish_tc=134.1046
t=766397ms polish_tc=134.0788
t=767166ms polish_tc=134.0762
t=767352ms polish_tc=134.0762
t=768200ms polish_tc=134.0762
t=768394ms polish_tc=134.0641
t=769180ms polish_tc=134.0615
t=769373ms polish_tc=134.0608
t=770169ms polish_tc=134.0607
t=770376ms polish_tc=134.0600
t=771166ms polish_tc=134.0594
t=771392ms polish_tc=134.0591
t=772173ms polish_tc=134.0587
t=772369ms polish_tc=134.0587
t=773203ms polish_tc=134.0587
t=773394ms polish_tc=134.0587
t=774175ms polish_tc=134.0587
t=774459ms polish_tc=134.0587
t=775179ms polish_tc=134.0565
t=775384ms polish_tc=134.0537
t=776178ms polish_tc=134.0535
t=776366ms polish_tc=134.0533
t=777170ms polish_tc=134.0532
t=777369ms polish_tc=134.0531
t=778172ms polish_tc=134.0529
t=779163ms polish_tc=134.0522
t=779396ms polish_tc=134.0522
t=780176ms polish_tc=134.0522
t=781183ms polish_tc=134.0513
t=782167ms polish_tc=134.0483
t=782361ms polish_tc=134.0389
t=783169ms polish_tc=134.0194
t=783378ms polish_tc=134.0180
t=784174ms polish_tc=134.0082
t=784356ms polish_tc=133.9926
t=785165ms polish_tc=133.9710
t=786155ms polish_tc=133.9700
t=786349ms polish_tc=133.9699
t=787175ms polish_tc=133.9597
t=787373ms polish_tc=133.9597
t=788177ms polish_tc=133.9488
t=789157ms polish_tc=133.9440
t=789348ms polish_tc=133.9440
t=790176ms polish_tc=133.9436
t=790422ms polish_tc=133.9426
t=791163ms polish_tc=133.9426
t=791363ms polish_tc=133.9313
t=792170ms polish_tc=133.9311
t=792368ms polish_tc=133.9308
t=793175ms polish_tc=133.9307
t=793380ms polish_tc=133.9307
t=794168ms polish_tc=133.9305
t=794369ms polish_tc=133.9300
t=795184ms polish_tc=133.9300
t=796158ms polish_tc=133.9089
t=796349ms polish_tc=133.8352
t=797177ms polish_tc=133.8221
t=797377ms polish_tc=133.8189
t=798182ms polish_tc=133.8187
t=798381ms polish_tc=133.8059
t=799165ms polish_tc=133.7534
t=799356ms polish_tc=133.7416
t=800167ms polish_tc=133.7398
t=800360ms polish_tc=133.7263
t=801178ms polish_tc=133.7130
t=801375ms polish_tc=133.6992
t=802175ms polish_tc=133.6988
t=802378ms polish_tc=133.6987
t=803177ms polish_tc=133.6987
t=803376ms polish_tc=133.6847
t=804168ms polish_tc=133.6847
t=804376ms polish_tc=133.6794
t=805177ms polish_tc=133.6724
t=805365ms polish_tc=133.6724
t=806172ms polish_tc=133.6706
t=806393ms polish_tc=133.6706
t=807170ms polish_tc=133.6702
t=808156ms polish_tc=133.6701
t=810378ms polish_tc=133.6564
t=810554ms polish_tc=133.6528
t=811169ms polish_tc=133.6418
t=811349ms polish_tc=133.6418
t=812165ms polish_tc=133.6215
t=812369ms polish_tc=133.6209
t=813167ms polish_tc=133.6200
t=814161ms polish_tc=133.6088
t=814347ms polish_tc=133.6069
t=814576ms polish_tc=133.6004
t=815167ms polish_tc=133.5988
t=816172ms polish_tc=133.5986
t=817173ms polish_tc=133.5985
t=817362ms polish_tc=133.5913
t=818169ms polish_tc=133.5911
t=818362ms polish_tc=133.5911
t=819167ms polish_tc=133.5911
t=819472ms polish_tc=133.5911
t=820175ms polish_tc=133.5911
t=820359ms polish_tc=133.5911
t=821165ms polish_tc=133.5874
t=821375ms polish_tc=133.5839
t=822175ms polish_tc=133.5837
t=822388ms polish_tc=133.5818
t=823182ms polish_tc=133.5657
t=824172ms polish_tc=133.5656
t=824382ms polish_tc=133.5648
t=825177ms polish_tc=133.5636
t=825422ms polish_tc=133.5636
t=826187ms polish_tc=133.5626
t=827183ms polish_tc=133.5626
t=828172ms polish_tc=133.5626
t=828407ms polish_tc=133.5624
t=829193ms polish_tc=133.5624
t=830184ms polish_tc=133.5624
t=831166ms polish_tc=133.5624
t=832183ms polish_tc=133.5608
t=833180ms polish_tc=133.5540
t=834163ms polish_tc=133.5539
t=834372ms polish_tc=133.5537
t=835177ms polish_tc=133.5537
t=836159ms polish_tc=133.5537
t=836369ms polish_tc=133.5532
t=837173ms polish_tc=133.5532
t=838166ms polish_tc=133.5501
t=838380ms polish_tc=133.5501
t=839188ms polish_tc=133.5491
t=840198ms polish_tc=133.5445
t=841158ms polish_tc=133.5369
t=841362ms polish_tc=133.5359
t=842182ms polish_tc=133.5359
t=843161ms polish_tc=133.5349
t=843371ms polish_tc=133.5339
t=844186ms polish_tc=133.5339
t=845171ms polish_tc=133.5339
t=845514ms polish_tc=133.5339
t=846181ms polish_tc=133.5339
t=847169ms polish_tc=133.5336
t=848165ms polish_tc=133.5336
t=848491ms polish_tc=133.5263
t=852203ms polish_tc=133.5255
t=853172ms polish_tc=133.5239
t=854168ms polish_tc=133.5199
t=854399ms polish_tc=133.5164
t=855173ms polish_tc=133.5159
t=856154ms polish_tc=133.5159
t=856401ms polish_tc=133.5125
t=857166ms polish_tc=133.5112
t=857375ms polish_tc=133.5110
t=858172ms polish_tc=133.5110
t=859158ms polish_tc=133.5095
t=859418ms polish_tc=133.5095
t=860175ms polish_tc=133.5092
t=861168ms polish_tc=133.5090
t=861389ms polish_tc=133.5085
t=862166ms polish_tc=133.5085
t=862389ms polish_tc=133.5085
t=863182ms polish_tc=133.5080
t=864181ms polish_tc=133.5024
t=864387ms polish_tc=133.5024
t=865184ms polish_tc=133.5021
t=866173ms polish_tc=133.5021
t=867156ms polish_tc=133.5021
t=867357ms polish_tc=133.5021
t=868176ms polish_tc=133.5021
t=869172ms polish_tc=133.5001
t=870162ms polish_tc=133.5001
t=870386ms polish_tc=133.5001
t=871208ms polish_tc=133.4993
t=872160ms polish_tc=133.4962
t=872409ms polish_tc=133.4919
t=873182ms polish_tc=133.4919
anneal_sweeps=27848 cycles=15 fresh=0
t_final=873193ms tc_greedy=265.3219 tc_mcts=256.0224 tc_final=133.4919 tc_full=133.4919 leaves=1000
