simplify: n_orig=1560 n_reduced=756 shrink=0.5154 t_simp=5ms
t_seed=634ms tc_seed=30.7612 seed_trials=13
t_dp=634ms tc_greedy=30.7612
t=6553ms mcts_tc=30.4485
t_mcts=15612ms mcts: backup=min rollouts=192 rate=12/s depth=3 nodes=193 improves=1 tc_mcts=30.4485
ATTRIBUTION tc_greedy=30.7612 tc_mcts_prepolish=30.4485 mcts_beats_greedy=true
t=15832ms polish_tc=30.3816
t=15899ms polish_tc=30.3760
t=15955ms polish_tc=30.3156
t=16008ms polish_tc=30.3089
t=16059ms polish_tc=30.2835
t=16115ms polish_tc=29.7594
t=16170ms polish_tc=29.7299
t=16222ms polish_tc=29.6749
t=16272ms polish_tc=29.6627
t=16321ms polish_tc=29.6137
t=16375ms polish_tc=29.4164
t=16427ms polish_tc=29.3766
t=16477ms polish_tc=29.3434
t=16529ms polish_tc=29.3257
t=16586ms polish_tc=29.2895
t=16634ms polish_tc=29.2762
t=16708ms polish_tc=29.2480
t=16756ms polish_tc=29.1104
t=16807ms polish_tc=29.1065
t=16859ms polish_tc=29.0775
t=16913ms polish_tc=29.0675
t=16965ms polish_tc=29.0539
t=17013ms polish_tc=29.0387
t=17075ms polish_tc=29.0348
t=17128ms polish_tc=28.9304
t=17179ms polish_tc=28.9303
t=17234ms polish_tc=28.9026
t=17284ms polish_tc=28.8997
t=17335ms polish_tc=28.8907
t=17386ms polish_tc=28.8692
t=17439ms polish_tc=28.8530
t=17491ms polish_tc=28.8363
t=17710ms polish_tc=28.8057
t=17761ms polish_tc=28.7873
t=17809ms polish_tc=28.7868
t=17862ms polish_tc=28.7761
t=17915ms polish_tc=28.7038
t=17968ms polish_tc=28.6740
t=18020ms polish_tc=28.6562
t=18070ms polish_tc=28.6149
t=18129ms polish_tc=28.6096
t=18181ms polish_tc=28.5758
t=18236ms polish_tc=28.5622
t=18289ms polish_tc=28.5495
t=18344ms polish_tc=28.5442
t=18401ms polish_tc=28.4872
t=18458ms polish_tc=28.4714
t=18709ms polish_tc=28.4695
t=18769ms polish_tc=28.4686
t=18827ms polish_tc=28.4655
t=18885ms polish_tc=28.4190
t=18942ms polish_tc=28.4190
t=19003ms polish_tc=28.4027
t=19059ms polish_tc=28.3961
t=19119ms polish_tc=28.3777
t=19178ms polish_tc=28.3623
t=19237ms polish_tc=28.3538
t=19304ms polish_tc=28.3322
t=19366ms polish_tc=28.3165
t=19427ms polish_tc=28.3090
t=19708ms polish_tc=28.3077
t=19767ms polish_tc=28.2875
t=19823ms polish_tc=28.2852
t=19884ms polish_tc=28.2724
t=19944ms polish_tc=28.2540
t=20006ms polish_tc=28.2254
t=20068ms polish_tc=28.2205
t=20135ms polish_tc=28.2152
t=20192ms polish_tc=27.9359
t=20246ms polish_tc=27.9190
t=20296ms polish_tc=27.9004
t=20714ms polish_tc=27.8641
t=20769ms polish_tc=27.8559
t=20825ms polish_tc=27.8520
t=20879ms polish_tc=27.8425
t=20933ms polish_tc=27.8190
t=20983ms polish_tc=27.8183
t=21039ms polish_tc=27.8100
t=21710ms polish_tc=27.7237
t=21767ms polish_tc=27.6885
t=21819ms polish_tc=27.6738
t=21883ms polish_tc=27.6659
t=21932ms polish_tc=27.6308
t=21993ms polish_tc=27.6029
t=22042ms polish_tc=27.6027
t=22097ms polish_tc=27.5938
t=22711ms polish_tc=27.5852
t=22768ms polish_tc=27.5810
t=22824ms polish_tc=27.5666
t=22885ms polish_tc=27.5529
t=22936ms polish_tc=27.5380
t=22989ms polish_tc=27.5099
t=23041ms polish_tc=27.4950
t=23708ms polish_tc=27.4864
t=23761ms polish_tc=27.4830
t=23813ms polish_tc=27.4665
t=23874ms polish_tc=27.4549
t=23925ms polish_tc=27.4548
t=23976ms polish_tc=27.4546
t=24025ms polish_tc=27.4383
t=24080ms polish_tc=27.4381
t=24710ms polish_tc=27.4372
t=24764ms polish_tc=27.4289
t=24817ms polish_tc=27.4216
t=24873ms polish_tc=27.4208
t=24931ms polish_tc=27.4107
t=24987ms polish_tc=27.3846
t=25037ms polish_tc=27.3673
t=25704ms polish_tc=27.3629
t=25754ms polish_tc=27.3464
t=25797ms polish_tc=27.3464
t=25848ms polish_tc=27.3453
t=25898ms polish_tc=27.3444
t=25955ms polish_tc=27.3410
t=26006ms polish_tc=27.3217
t=26058ms polish_tc=27.3138
t=26107ms polish_tc=27.3001
t=26158ms polish_tc=27.2817
t=26209ms polish_tc=27.2716
t=26262ms polish_tc=27.2716
t=26705ms polish_tc=27.2716
t=26759ms polish_tc=27.2630
t=26807ms polish_tc=27.2624
t=26857ms polish_tc=27.2518
t=26907ms polish_tc=27.2518
t=26958ms polish_tc=27.2518
t=27005ms polish_tc=27.2518
t=27058ms polish_tc=27.2518
t=27138ms polish_tc=27.2516
t=27188ms polish_tc=27.2516
t=27240ms polish_tc=27.2515
t=27708ms polish_tc=27.2515
t=27768ms polish_tc=27.2515
t=27815ms polish_tc=27.2444
t=27860ms polish_tc=27.2421
t=27906ms polish_tc=27.2420
t=27953ms polish_tc=27.2420
t=28011ms polish_tc=27.2334
t=28060ms polish_tc=27.2334
t=28713ms polish_tc=27.2334
t=28758ms polish_tc=27.2334
t=28808ms polish_tc=27.2334
t=28860ms polish_tc=27.2247
t=28912ms polish_tc=27.2247
t=28959ms polish_tc=27.2246
t=29003ms polish_tc=27.2237
t=29050ms polish_tc=27.2230
t=29708ms polish_tc=27.2230
t=29751ms polish_tc=27.2230
t=29798ms polish_tc=27.2229
t=29844ms polish_tc=27.2229
t=29894ms polish_tc=27.2228
t=29941ms polish_tc=27.2225
t=29986ms polish_tc=27.2225
t=30030ms polish_tc=27.2225
t=30075ms polish_tc=27.2225
t=30710ms polish_tc=27.2222
t=30754ms polish_tc=27.2222
t=30799ms polish_tc=27.2222
t=30845ms polish_tc=27.2222
t=30894ms polish_tc=27.2222
t=30941ms polish_tc=27.2222
t=30993ms polish_tc=27.2222
t=31047ms polish_tc=27.2149
t=31707ms polish_tc=27.2129
t=31751ms polish_tc=27.2128
t=31795ms polish_tc=27.2123
t=31838ms polish_tc=27.2123
t=31882ms polish_tc=27.2122
t=31931ms polish_tc=27.2122
t=31978ms polish_tc=27.2122
t=32025ms polish_tc=27.1926
t=32069ms polish_tc=27.1926
t=32709ms polish_tc=27.1754
t=32755ms polish_tc=27.1754
t=32801ms polish_tc=27.1554
t=32847ms polish_tc=27.1351
t=32894ms polish_tc=27.1338
t=32939ms polish_tc=27.1338
t=32981ms polish_tc=27.1338
t=33025ms polish_tc=27.1338
t=33064ms polish_tc=27.1338
t=33706ms polish_tc=27.1338
t=33748ms polish_tc=27.1325
t=33790ms polish_tc=27.1325
t=33837ms polish_tc=27.1325
t=33880ms polish_tc=27.1325
t=33921ms polish_tc=27.1325
t=33978ms polish_tc=27.1226
t=34019ms polish_tc=27.1225
t=34059ms polish_tc=27.1225
t=34708ms polish_tc=27.1221
t=34750ms polish_tc=27.1221
t=34795ms polish_tc=27.1221
t=34840ms polish_tc=27.1219
t=34882ms polish_tc=27.1218
t=34926ms polish_tc=27.1218
t=34969ms polish_tc=27.1011
t=35013ms polish_tc=27.1011
t=35057ms polish_tc=27.1011
t=35101ms polish_tc=27.1011
t=35149ms polish_tc=27.1010
t=35201ms polish_tc=27.0800
t=35707ms polish_tc=27.0800
t=35751ms polish_tc=27.0800
t=35794ms polish_tc=27.0798
t=35837ms polish_tc=27.0798
t=35881ms polish_tc=27.0798
t=35927ms polish_tc=27.0798
t=35970ms polish_tc=27.0798
t=36015ms polish_tc=27.0798
t=36060ms polish_tc=27.0798
t=36106ms polish_tc=27.0721
t=36151ms polish_tc=27.0701
t=36195ms polish_tc=27.0695
t=36238ms polish_tc=27.0694
t=36283ms polish_tc=27.0693
t=36329ms polish_tc=27.0692
t=36377ms polish_tc=27.0691
t=36505ms polish_tc=27.0691
t=36552ms polish_tc=27.0691
t=36707ms polish_tc=27.0691
t=36752ms polish_tc=27.0691
t=37097ms polish_tc=27.0642
t=37140ms polish_tc=27.0642
t=37203ms polish_tc=27.0578
t=37246ms polish_tc=27.0571
t=37290ms polish_tc=27.0548
t=37333ms polish_tc=27.0438
t=37378ms polish_tc=27.0301
t=37422ms polish_tc=27.0244
t=37464ms polish_tc=27.0024
t=37507ms polish_tc=27.0022
t=37551ms polish_tc=27.0017
t=37595ms polish_tc=26.9989
t=37642ms polish_tc=26.9783
t=37683ms polish_tc=26.9583
t=37722ms polish_tc=26.9573
t=37762ms polish_tc=26.9559
t=37802ms polish_tc=26.9559
t=37844ms polish_tc=26.9476
t=37888ms polish_tc=26.9463
t=37935ms polish_tc=26.9455
t=37976ms polish_tc=26.9455
t=38026ms polish_tc=26.9442
t=38067ms polish_tc=26.9441
t=38125ms polish_tc=26.9432
t=38164ms polish_tc=26.9424
t=38204ms polish_tc=26.9420
t=38247ms polish_tc=26.9228
t=38288ms polish_tc=26.9196
t=38331ms polish_tc=26.8992
t=38369ms polish_tc=26.8991
t=38408ms polish_tc=26.8961
t=38453ms polish_tc=26.8732
t=38491ms polish_tc=26.8732
t=38530ms polish_tc=26.8717
t=38609ms polish_tc=26.8684
t=38705ms polish_tc=26.8681
t=38747ms polish_tc=26.8680
t=38790ms polish_tc=26.8680
t=38833ms polish_tc=26.8680
t=38882ms polish_tc=26.8680
t=38925ms polish_tc=26.8674
t=38986ms polish_tc=26.8674
t=39030ms polish_tc=26.8674
t=39078ms polish_tc=26.8674
t=39139ms polish_tc=26.8674
t=39185ms polish_tc=26.8673
t=39297ms polish_tc=26.8673
t=39344ms polish_tc=26.8673
t=39393ms polish_tc=26.8673
t=39438ms polish_tc=26.8673
t=39481ms polish_tc=26.8673
t=39523ms polish_tc=26.8673
t=39564ms polish_tc=26.8673
t=39605ms polish_tc=26.8673
t=40733ms polish_tc=26.8561
t=40782ms polish_tc=26.8561
t=40828ms polish_tc=26.8560
t=40878ms polish_tc=26.8560
t=40921ms polish_tc=26.8558
t=40966ms polish_tc=26.8558
t=41015ms polish_tc=26.8558
t=41059ms polish_tc=26.8558
t=41105ms polish_tc=26.8558
t=41150ms polish_tc=26.8558
t=41212ms polish_tc=26.8558
t=41273ms polish_tc=26.8556
t=41315ms polish_tc=26.8556
t=41358ms polish_tc=26.8556
t=41402ms polish_tc=26.8556
t=41444ms polish_tc=26.8556
t=41490ms polish_tc=26.8556
t=41532ms polish_tc=26.8556
t=41577ms polish_tc=26.8556
t=41709ms polish_tc=26.8556
t=42145ms polish_tc=26.8540
t=42188ms polish_tc=26.8536
t=42231ms polish_tc=26.8522
t=42294ms polish_tc=26.8280
t=42339ms polish_tc=26.8278
t=42379ms polish_tc=26.8275
t=42421ms polish_tc=26.8272
t=42476ms polish_tc=26.8269
t=42518ms polish_tc=26.8269
t=42560ms polish_tc=26.8269
t=42604ms polish_tc=26.8269
t=42664ms polish_tc=26.8269
t=42712ms polish_tc=26.8269
t=42756ms polish_tc=26.8269
t=42807ms polish_tc=26.8269
t=42850ms polish_tc=26.8269
t=42945ms polish_tc=26.8029
t=42986ms polish_tc=26.8029
t=43029ms polish_tc=26.8029
t=43072ms polish_tc=26.8021
t=43114ms polish_tc=26.8021
t=44937ms polish_tc=26.7935
t=44986ms polish_tc=26.7935
t=45323ms polish_tc=26.7810
t=45365ms polish_tc=26.7795
t=45407ms polish_tc=26.7794
t=45453ms polish_tc=26.7756
t=45504ms polish_tc=26.7721
t=45552ms polish_tc=26.7694
t=45598ms polish_tc=26.7692
t=45643ms polish_tc=26.7675
t=45687ms polish_tc=26.7674
t=45736ms polish_tc=26.7668
t=45794ms polish_tc=26.7662
t=45842ms polish_tc=26.7653
t=45886ms polish_tc=26.7438
t=45931ms polish_tc=26.7420
t=46028ms polish_tc=26.7204
t=46074ms polish_tc=26.7195
t=46119ms polish_tc=26.6998
t=46163ms polish_tc=26.6994
t=46206ms polish_tc=26.6993
t=46250ms polish_tc=26.6992
t=46294ms polish_tc=26.6992
t=46339ms polish_tc=26.6971
t=46382ms polish_tc=26.6971
t=46455ms polish_tc=26.6893
t=46497ms polish_tc=26.6893
t=46541ms polish_tc=26.6893
t=46584ms polish_tc=26.6858
t=46627ms polish_tc=26.6646
t=46706ms polish_tc=26.6645
t=46806ms polish_tc=26.6637
t=46849ms polish_tc=26.6637
t=46892ms polish_tc=26.6637
t=46935ms polish_tc=26.6636
t=46999ms polish_tc=26.6636
t=47042ms polish_tc=26.6636
t=47089ms polish_tc=26.6385
t=47132ms polish_tc=26.6384
t=47174ms polish_tc=26.6384
t=47218ms polish_tc=26.6384
t=47268ms polish_tc=26.6376
t=47309ms polish_tc=26.6376
t=47352ms polish_tc=26.6371
t=47394ms polish_tc=26.6371
t=47435ms polish_tc=26.6335
t=47476ms polish_tc=26.6335
t=47518ms polish_tc=26.6335
t=47558ms polish_tc=26.6330
t=47598ms polish_tc=26.6330
t=47707ms polish_tc=26.6330
t=47750ms polish_tc=26.6330
t=47794ms polish_tc=26.6330
t=47847ms polish_tc=26.6330
t=47894ms polish_tc=26.6330
t=52981ms polish_tc=26.6169
t=53028ms polish_tc=26.6168
t=53076ms polish_tc=26.6168
t=53184ms polish_tc=26.5942
t=53235ms polish_tc=26.5942
t=53304ms polish_tc=26.5942
t=53373ms polish_tc=26.5660
t=53415ms polish_tc=26.5660
t=53456ms polish_tc=26.5660
t=53508ms polish_tc=26.5660
t=53553ms polish_tc=26.5660
t=53597ms polish_tc=26.5641
t=53642ms polish_tc=26.5641
t=57037ms polish_tc=26.5575
t=57089ms polish_tc=26.5575
t=57135ms polish_tc=26.5574
t=57181ms polish_tc=26.5574
t=57227ms polish_tc=26.5574
t=57271ms polish_tc=26.5574
t=57320ms polish_tc=26.5574
t=61459ms polish_tc=26.5428
t=61518ms polish_tc=26.5427
t=61577ms polish_tc=26.5193
t=61633ms polish_tc=26.5193
t=61692ms polish_tc=26.5193
t=61748ms polish_tc=26.5193
t=61814ms polish_tc=26.5193
t=61872ms polish_tc=26.5116
t=61927ms polish_tc=26.5116
t=61988ms polish_tc=26.5116
t=62043ms polish_tc=26.5114
t=62095ms polish_tc=26.5114
t=62147ms polish_tc=26.5113
t=62205ms polish_tc=26.5035
t=62257ms polish_tc=26.5035
t=62310ms polish_tc=26.5034
t=62365ms polish_tc=26.5034
t=62417ms polish_tc=26.5034
t=62473ms polish_tc=26.4794
t=62527ms polish_tc=26.4794
t=62708ms polish_tc=26.4794
t=62760ms polish_tc=26.4794
t=62817ms polish_tc=26.4794
t=62871ms polish_tc=26.4794
t=62920ms polish_tc=26.4794
t=62971ms polish_tc=26.4791
t=63021ms polish_tc=26.4791
t=63072ms polish_tc=26.4791
t=63124ms polish_tc=26.4791
t=63172ms polish_tc=26.4791
t=63226ms polish_tc=26.4791
t=63774ms polish_tc=26.4742
t=63816ms polish_tc=26.4722
t=63858ms polish_tc=26.4722
t=63900ms polish_tc=26.4641
t=63945ms polish_tc=26.4640
t=63988ms polish_tc=26.3971
t=64031ms polish_tc=26.3971
t=64072ms polish_tc=26.3971
t=64115ms polish_tc=26.3971
anneal_sweeps=135800 cycles=53 fresh=4
t_final=87306ms tc_greedy=30.7612 tc_mcts=30.4485 tc_final=26.3971 tc_full=26.3971 leaves=1560
