simplify: n_orig=2304 n_reduced=580 shrink=0.7483 t_simp=7ms
t_seed=642ms tc_seed=53.0600 seed_trials=8
t_dp=642ms tc_greedy=53.0600
t=4300ms mcts_tc=51.5806
t=13298ms mcts_tc=50.1050
t_mcts=14215ms mcts: backup=min rollouts=192 rate=14/s depth=3 nodes=193 improves=2 tc_mcts=50.1050
ATTRIBUTION tc_greedy=53.0600 tc_mcts_prepolish=50.1050 mcts_beats_greedy=true
t=14346ms polish_tc=49.9430
t=14436ms polish_tc=49.9337
t=14529ms polish_tc=49.9279
t=14622ms polish_tc=48.9844
t=15307ms polish_tc=47.7450
t=15389ms polish_tc=47.6299
t=15476ms polish_tc=47.3574
t=15561ms polish_tc=47.2752
t=16312ms polish_tc=47.2477
t=16419ms polish_tc=47.0642
t=16539ms polish_tc=47.0606
t=17306ms polish_tc=46.7090
t=17391ms polish_tc=46.6555
t=17472ms polish_tc=46.5065
t=17564ms polish_tc=46.4714
t=17649ms polish_tc=45.8576
t=18303ms polish_tc=45.2949
t=18391ms polish_tc=45.1002
t=18477ms polish_tc=45.0942
t=18570ms polish_tc=44.9929
t=19309ms polish_tc=44.6909
t=19415ms polish_tc=44.3735
t=19525ms polish_tc=44.3638
t=19626ms polish_tc=44.1439
t=20313ms polish_tc=44.1425
t=20438ms polish_tc=44.0474
t=20559ms polish_tc=44.0121
t=21305ms polish_tc=43.6281
t=21432ms polish_tc=43.1523
t=21545ms polish_tc=43.0096
t=21644ms polish_tc=42.7420
t=22308ms polish_tc=42.6639
t=22424ms polish_tc=42.5762
t=22522ms polish_tc=42.3197
t=23300ms polish_tc=42.3033
t=23377ms polish_tc=42.2821
t=23478ms polish_tc=42.1829
t=23585ms polish_tc=42.0296
t=23679ms polish_tc=41.8785
t=24309ms polish_tc=41.6796
t=24423ms polish_tc=41.4045
t=24543ms polish_tc=41.1434
t=25309ms polish_tc=41.0108
t=25409ms polish_tc=40.7387
t=25494ms polish_tc=40.6908
t=25603ms polish_tc=40.5170
t=25716ms polish_tc=40.2774
t=26313ms polish_tc=40.2024
t=26436ms polish_tc=40.1402
t=26556ms polish_tc=40.1098
t=27308ms polish_tc=39.9843
t=27435ms polish_tc=39.9219
t=27566ms polish_tc=39.4787
t=28313ms polish_tc=39.4537
t=28430ms polish_tc=39.3653
t=28533ms polish_tc=39.1462
t=28613ms polish_tc=39.1240
t=29308ms polish_tc=38.7287
t=29420ms polish_tc=38.7015
t=29530ms polish_tc=38.4493
t=29651ms polish_tc=38.3374
t=30317ms polish_tc=38.2921
t=30437ms polish_tc=38.1971
t=30557ms polish_tc=38.1128
t=31311ms polish_tc=38.1126
t=31439ms polish_tc=38.0671
t=31570ms polish_tc=37.9970
t=32311ms polish_tc=37.7993
t=32434ms polish_tc=37.7104
t=32567ms polish_tc=37.6267
t=32689ms polish_tc=37.5944
t=33315ms polish_tc=37.5115
t=33440ms polish_tc=37.4017
t=33551ms polish_tc=37.3198
t=34304ms polish_tc=37.3009
t=34416ms polish_tc=37.1994
t=34529ms polish_tc=36.9047
t=34643ms polish_tc=36.7815
t=35308ms polish_tc=36.7799
t=35423ms polish_tc=36.7643
t=35534ms polish_tc=36.5853
t=35647ms polish_tc=36.4646
t=36308ms polish_tc=36.4503
t=36424ms polish_tc=36.3410
t=36534ms polish_tc=36.1288
t=36657ms polish_tc=36.0982
t=37317ms polish_tc=36.0918
t=37436ms polish_tc=35.7579
t=37553ms polish_tc=35.6484
t=37655ms polish_tc=35.5853
t=38316ms polish_tc=35.4433
t=38429ms polish_tc=35.4211
t=38534ms polish_tc=35.3608
t=38640ms polish_tc=35.2811
t=39311ms polish_tc=35.2441
t=39423ms polish_tc=35.1032
t=39536ms polish_tc=35.0864
t=40301ms polish_tc=34.9933
t=40404ms polish_tc=34.9804
t=40508ms polish_tc=34.9297
t=40617ms polish_tc=34.8692
t=41318ms polish_tc=34.8197
t=41413ms polish_tc=34.7606
t=41501ms polish_tc=34.6982
t=41590ms polish_tc=34.5917
t=42313ms polish_tc=34.4783
t=42412ms polish_tc=34.4306
t=42503ms polish_tc=34.3907
t=42594ms polish_tc=34.1142
t=43317ms polish_tc=34.0456
t=43413ms polish_tc=34.0376
t=43522ms polish_tc=33.9324
t=43644ms polish_tc=33.8930
t=44305ms polish_tc=33.8747
t=44397ms polish_tc=33.8469
t=44502ms polish_tc=33.8138
t=45304ms polish_tc=33.7834
t=45419ms polish_tc=33.7489
t=45535ms polish_tc=33.7205
t=45657ms polish_tc=33.6642
t=46316ms polish_tc=33.6183
t=46440ms polish_tc=33.5617
t=46555ms polish_tc=33.5436
t=47307ms polish_tc=33.4270
t=47411ms polish_tc=33.3863
t=47519ms polish_tc=33.3753
t=47614ms polish_tc=33.3620
t=48316ms polish_tc=33.2406
t=48426ms polish_tc=33.1498
t=48516ms polish_tc=33.1330
t=49303ms polish_tc=33.0755
t=49399ms polish_tc=33.0655
t=49486ms polish_tc=32.9439
t=49587ms polish_tc=32.8997
t=49684ms polish_tc=32.6015
t=50307ms polish_tc=32.5698
t=50397ms polish_tc=32.5537
t=50486ms polish_tc=32.4800
t=50577ms polish_tc=32.4399
t=51301ms polish_tc=32.4211
t=51415ms polish_tc=32.3247
t=51521ms polish_tc=32.2794
t=51610ms polish_tc=32.2451
t=52302ms polish_tc=32.2207
t=52390ms polish_tc=32.2126
t=52484ms polish_tc=32.1737
t=52591ms polish_tc=32.1419
t=53306ms polish_tc=32.0553
t=53401ms polish_tc=32.0263
t=53515ms polish_tc=31.9484
t=53636ms polish_tc=31.8904
t=53733ms polish_tc=31.8877
t=54312ms polish_tc=31.8761
t=54426ms polish_tc=31.7142
t=54552ms polish_tc=31.6918
t=54672ms polish_tc=31.6212
t=54796ms polish_tc=31.5601
t=54921ms polish_tc=31.5530
t=55037ms polish_tc=31.5187
t=55310ms polish_tc=31.4351
t=55426ms polish_tc=31.4348
t=55547ms polish_tc=31.3961
t=55670ms polish_tc=31.3821
t=55790ms polish_tc=31.3549
t=55913ms polish_tc=31.3121
t=56035ms polish_tc=31.3049
t=56313ms polish_tc=31.2979
t=56442ms polish_tc=31.2736
t=56549ms polish_tc=31.2634
t=56668ms polish_tc=31.2336
t=56774ms polish_tc=31.2307
t=56876ms polish_tc=31.2254
t=56979ms polish_tc=31.2179
t=57306ms polish_tc=31.1761
t=57424ms polish_tc=31.1343
t=57523ms polish_tc=31.1238
t=57624ms polish_tc=31.1181
t=57726ms polish_tc=31.0936
t=57820ms polish_tc=31.0565
t=57951ms polish_tc=31.0325
t=58079ms polish_tc=31.0305
t=58312ms polish_tc=31.0110
t=58462ms polish_tc=30.9962
t=58618ms polish_tc=30.9825
t=58751ms polish_tc=30.9761
t=58886ms polish_tc=30.9660
t=59031ms polish_tc=30.9636
t=59292ms polish_tc=30.9478
t=59394ms polish_tc=30.9477
t=59515ms polish_tc=30.9458
t=59616ms polish_tc=30.9422
t=59742ms polish_tc=30.9357
t=59899ms polish_tc=30.9323
t=60038ms polish_tc=30.9300
t=60269ms polish_tc=30.9296
t=60390ms polish_tc=30.9296
t=60512ms polish_tc=30.9294
t=60636ms polish_tc=30.9292
t=60763ms polish_tc=30.9288
t=60878ms polish_tc=30.9287
t=61002ms polish_tc=30.9287
t=61228ms polish_tc=30.9273
t=61357ms polish_tc=30.9272
t=61485ms polish_tc=30.9264
t=61831ms polish_tc=30.9205
t=61956ms polish_tc=30.9001
t=62082ms polish_tc=30.8787
t=62225ms polish_tc=30.8330
t=62360ms polish_tc=30.8046
t=62496ms polish_tc=30.7918
t=62621ms polish_tc=30.7775
t=62746ms polish_tc=30.7708
t=62886ms polish_tc=30.7669
t=63015ms polish_tc=30.7485
t=63148ms polish_tc=30.7391
t=63321ms polish_tc=30.7371
t=63452ms polish_tc=30.7323
t=63580ms polish_tc=30.7321
t=63709ms polish_tc=30.7205
t=63845ms polish_tc=30.7176
t=63980ms polish_tc=30.7023
t=64105ms polish_tc=30.6785
t=64315ms polish_tc=30.6707
t=64448ms polish_tc=30.6687
t=64582ms polish_tc=30.6674
t=64727ms polish_tc=30.6496
t=64867ms polish_tc=30.6450
t=65009ms polish_tc=30.6420
t=65308ms polish_tc=30.6282
t=65438ms polish_tc=30.6236
t=65571ms polish_tc=30.6156
t=65706ms polish_tc=30.6154
t=65832ms polish_tc=30.6112
t=65996ms polish_tc=30.6033
t=66137ms polish_tc=30.5895
t=66314ms polish_tc=30.5847
t=66450ms polish_tc=30.5801
t=66578ms polish_tc=30.5766
t=66704ms polish_tc=30.5760
t=66844ms polish_tc=30.5729
t=66982ms polish_tc=30.5697
t=67305ms polish_tc=30.5688
t=67432ms polish_tc=30.5681
t=67560ms polish_tc=30.5681
t=67686ms polish_tc=30.5677
t=67807ms polish_tc=30.5672
t=67934ms polish_tc=30.5669
t=68095ms polish_tc=30.5658
t=68313ms polish_tc=30.5606
t=68436ms polish_tc=30.5605
t=68560ms polish_tc=30.5605
t=68718ms polish_tc=30.5605
t=68846ms polish_tc=30.5605
t=69420ms polish_tc=30.5571
t=69607ms polish_tc=30.5545
t=69738ms polish_tc=30.5504
t=69870ms polish_tc=30.5495
t=69990ms polish_tc=30.5495
t=70185ms polish_tc=30.5465
t=70330ms polish_tc=30.5462
t=70453ms polish_tc=30.5460
t=70594ms polish_tc=30.5459
t=70724ms polish_tc=30.5449
t=70861ms polish_tc=30.5443
t=70984ms polish_tc=30.5438
t=71111ms polish_tc=30.5427
t=71311ms polish_tc=30.5419
t=71479ms polish_tc=30.5413
t=71613ms polish_tc=30.5411
t=71738ms polish_tc=30.5406
t=71859ms polish_tc=30.5372
t=71979ms polish_tc=30.5368
t=72104ms polish_tc=30.5367
t=72314ms polish_tc=30.5353
t=72442ms polish_tc=30.5352
t=72559ms polish_tc=30.5352
t=72683ms polish_tc=30.5349
t=72808ms polish_tc=30.5344
t=72941ms polish_tc=30.5337
t=73309ms polish_tc=30.5317
t=73437ms polish_tc=30.5316
t=73585ms polish_tc=30.5307
t=73713ms polish_tc=30.5305
t=73845ms polish_tc=30.5303
t=73974ms polish_tc=30.5299
t=74100ms polish_tc=30.5297
t=74313ms polish_tc=30.5297
t=74437ms polish_tc=30.5296
t=74569ms polish_tc=30.5296
t=74695ms polish_tc=30.5296
t=74831ms polish_tc=30.5292
t=74955ms polish_tc=30.5282
t=75380ms polish_tc=30.5275
t=75532ms polish_tc=30.5199
t=75667ms polish_tc=30.5192
t=75840ms polish_tc=30.5163
t=75980ms polish_tc=30.5000
t=76118ms polish_tc=30.4990
t=76309ms polish_tc=30.4982
t=76466ms polish_tc=30.4981
t=76625ms polish_tc=30.4929
t=76763ms polish_tc=30.4911
t=76904ms polish_tc=30.4895
t=77052ms polish_tc=30.4862
t=77314ms polish_tc=30.4846
t=77456ms polish_tc=30.4836
t=77598ms polish_tc=30.4833
t=77797ms polish_tc=30.4800
t=77940ms polish_tc=30.4795
t=78079ms polish_tc=30.4792
t=78315ms polish_tc=30.4772
t=78570ms polish_tc=30.4753
t=78708ms polish_tc=30.4753
t=78843ms polish_tc=30.4752
t=78976ms polish_tc=30.4752
t=79109ms polish_tc=30.4751
t=79313ms polish_tc=30.4740
t=79448ms polish_tc=30.4721
t=80046ms polish_tc=30.4695
t=81292ms polish_tc=30.4666
t=81428ms polish_tc=30.4656
t=81659ms polish_tc=30.4618
t=81794ms polish_tc=30.4603
t=81926ms polish_tc=30.4602
t=82063ms polish_tc=30.4602
t=82200ms polish_tc=30.4602
t=82361ms polish_tc=30.4572
t=82495ms polish_tc=30.4551
t=82636ms polish_tc=30.4550
t=82847ms polish_tc=30.4537
t=82987ms polish_tc=30.4532
t=83117ms polish_tc=30.4531
t=84740ms polish_tc=30.4499
t=84876ms polish_tc=30.4488
t=85319ms polish_tc=30.4476
t=85453ms polish_tc=30.4433
t=85586ms polish_tc=30.4426
t=86307ms polish_tc=30.4426
t=86471ms polish_tc=30.4425
t=86600ms polish_tc=30.4424
t=87310ms polish_tc=30.4411
t=87440ms polish_tc=30.4406
anneal_sweeps=18576 cycles=10 fresh=0
t_final=87449ms tc_greedy=53.0600 tc_mcts=50.1050 tc_final=30.4406 tc_full=30.4406 leaves=2304
