simplify: n_orig=3369 n_reduced=381 shrink=0.8869 t_simp=10ms
t_seed=601ms tc_seed=86.0064 seed_trials=6
t_dp=5375ms tc_greedy=75.2212
t_mcts=19206ms mcts: backup=min rollouts=320 rate=17/s depth=3 nodes=321 improves=0 tc_mcts=75.2212
ATTRIBUTION tc_greedy=75.2212 tc_mcts_prepolish=75.2212 mcts_beats_greedy=false
t=19401ms polish_tc=74.9421
t=19565ms polish_tc=74.0271
t=19729ms polish_tc=73.8101
t=19916ms polish_tc=72.8034
t=20131ms polish_tc=72.1669
t=20387ms polish_tc=72.1155
t=20560ms polish_tc=72.0437
t=21375ms polish_tc=71.7475
t=21536ms polish_tc=71.0347
t=21699ms polish_tc=70.9825
t=22395ms polish_tc=70.6645
t=22595ms polish_tc=70.6549
t=23387ms polish_tc=70.3717
t=23576ms polish_tc=70.3572
t=24394ms polish_tc=70.1097
t=24584ms polish_tc=70.0548
t=25396ms polish_tc=69.4516
t=25603ms polish_tc=69.3490
t=26385ms polish_tc=68.9652
t=26583ms polish_tc=68.8247
t=27387ms polish_tc=68.2017
t=27569ms polish_tc=68.1543
t=28382ms polish_tc=68.0421
t=28569ms polish_tc=67.9869
t=29378ms polish_tc=67.8059
t=29552ms polish_tc=67.6144
t=30375ms polish_tc=67.5966
t=30560ms polish_tc=67.4631
t=31377ms polish_tc=67.1152
t=31549ms polish_tc=66.9429
t=31712ms polish_tc=66.7862
t=32385ms polish_tc=66.4682
t=32535ms polish_tc=66.3261
t=33389ms polish_tc=66.0480
t=33561ms polish_tc=65.6135
t=34389ms polish_tc=65.5124
t=34576ms polish_tc=65.3435
t=35380ms polish_tc=65.3086
t=35546ms polish_tc=65.1296
t=36374ms polish_tc=65.0070
t=36538ms polish_tc=64.9573
t=37372ms polish_tc=64.6961
t=37548ms polish_tc=64.2058
t=37718ms polish_tc=64.1628
t=38398ms polish_tc=63.9291
t=38580ms polish_tc=63.9079
t=39383ms polish_tc=63.8377
t=39562ms polish_tc=63.7164
t=40384ms polish_tc=63.6001
t=40566ms polish_tc=63.5939
t=40753ms polish_tc=63.5263
t=41374ms polish_tc=63.4546
t=41558ms polish_tc=63.3632
t=41763ms polish_tc=63.2907
t=41951ms polish_tc=63.2464
t=42384ms polish_tc=63.2078
t=42573ms polish_tc=63.1983
t=42758ms polish_tc=63.0928
t=42946ms polish_tc=63.0501
t=43384ms polish_tc=63.0291
t=43577ms polish_tc=63.0008
t=43765ms polish_tc=62.9791
t=43956ms polish_tc=62.9131
t=44389ms polish_tc=62.8861
t=44588ms polish_tc=62.8746
t=44774ms polish_tc=62.8681
t=44961ms polish_tc=62.8620
t=45388ms polish_tc=62.8338
t=45577ms polish_tc=62.8146
t=45764ms polish_tc=62.7681
t=46028ms polish_tc=62.7440
t=46393ms polish_tc=62.5950
t=46603ms polish_tc=62.5718
t=46799ms polish_tc=62.5032
t=47384ms polish_tc=62.4609
t=47564ms polish_tc=62.4400
t=47748ms polish_tc=62.4190
t=47932ms polish_tc=62.3157
t=48382ms polish_tc=62.2861
t=48565ms polish_tc=62.2434
t=48747ms polish_tc=62.2093
t=48934ms polish_tc=62.1988
t=49378ms polish_tc=62.1914
t=49570ms polish_tc=62.1765
t=49762ms polish_tc=62.1539
t=49963ms polish_tc=62.1138
t=50387ms polish_tc=62.1057
t=50600ms polish_tc=62.0983
t=50806ms polish_tc=62.0786
t=51023ms polish_tc=62.0704
t=51391ms polish_tc=62.0004
t=51601ms polish_tc=61.9406
t=51810ms polish_tc=61.9219
t=52378ms polish_tc=61.9104
t=52592ms polish_tc=61.8956
t=52807ms polish_tc=61.8920
t=53013ms polish_tc=61.8915
t=53384ms polish_tc=61.8882
t=53591ms polish_tc=61.8696
t=53805ms polish_tc=61.8656
t=54006ms polish_tc=61.8586
t=54397ms polish_tc=61.8548
t=54591ms polish_tc=61.8460
t=54787ms polish_tc=61.8356
t=54981ms polish_tc=61.8323
t=55393ms polish_tc=61.8161
t=55592ms polish_tc=61.7848
t=55782ms polish_tc=61.7548
t=56375ms polish_tc=61.7446
t=56574ms polish_tc=61.7392
t=56774ms polish_tc=61.7156
t=56973ms polish_tc=61.7013
t=57380ms polish_tc=61.6910
t=57576ms polish_tc=61.6778
t=57760ms polish_tc=61.6735
t=57946ms polish_tc=61.6682
t=58380ms polish_tc=61.6640
t=58576ms polish_tc=61.6486
t=58768ms polish_tc=61.6459
t=58961ms polish_tc=61.6419
t=59382ms polish_tc=61.6373
t=59575ms polish_tc=61.6329
t=59768ms polish_tc=61.6264
t=59976ms polish_tc=61.6173
t=60386ms polish_tc=61.6154
t=60575ms polish_tc=61.6154
t=60766ms polish_tc=61.6087
t=60953ms polish_tc=61.6075
t=61383ms polish_tc=61.5961
t=61574ms polish_tc=61.5955
t=61762ms polish_tc=61.5913
t=61943ms polish_tc=61.5913
t=62394ms polish_tc=61.5911
t=62577ms polish_tc=61.5906
t=63393ms polish_tc=61.5796
t=63567ms polish_tc=61.5529
t=64392ms polish_tc=61.5529
t=64568ms polish_tc=61.5468
t=65388ms polish_tc=61.5239
t=65557ms polish_tc=61.5209
t=66380ms polish_tc=61.4942
t=66559ms polish_tc=61.4862
t=67387ms polish_tc=61.4852
t=67573ms polish_tc=61.4782
t=68371ms polish_tc=61.4709
t=68535ms polish_tc=61.4618
t=69381ms polish_tc=61.4536
t=69559ms polish_tc=61.4466
t=70380ms polish_tc=61.4309
t=70551ms polish_tc=61.4204
t=70714ms polish_tc=61.4204
t=71384ms polish_tc=61.4076
t=71557ms polish_tc=61.4072
t=72382ms polish_tc=61.3970
t=72554ms polish_tc=61.3949
t=73390ms polish_tc=61.3852
t=73572ms polish_tc=61.3852
t=74380ms polish_tc=61.3852
t=74556ms polish_tc=61.3723
t=75381ms polish_tc=61.3602
t=75559ms polish_tc=61.3569
t=76392ms polish_tc=61.3559
t=76567ms polish_tc=61.3514
t=77391ms polish_tc=61.3513
t=77595ms polish_tc=61.3425
t=78388ms polish_tc=61.3413
t=78585ms polish_tc=61.3341
t=79380ms polish_tc=61.3262
t=79551ms polish_tc=61.3257
t=80370ms polish_tc=61.3251
t=80549ms polish_tc=61.3251
t=81387ms polish_tc=61.3251
t=81563ms polish_tc=61.3207
t=82395ms polish_tc=61.3116
t=82577ms polish_tc=61.3104
t=83385ms polish_tc=61.3069
t=83547ms polish_tc=61.3069
t=84375ms polish_tc=61.3025
t=84547ms polish_tc=61.3014
t=85381ms polish_tc=61.3014
t=85540ms polish_tc=61.3012
t=86383ms polish_tc=61.2938
t=86544ms polish_tc=61.2933
t=87380ms polish_tc=61.2921
anneal_sweeps=1352 cycles=1 fresh=0
t_final=87392ms tc_greedy=75.2212 tc_mcts=75.2212 tc_final=61.2921 tc_full=61.2921 leaves=3369
