probe: instance=surfacecode_d21 n_orig=2203 n=761 fusible=0.6546 nlabels=798 t=13ms
seed_greedy tc=59.4270 t=520ms
t=840ms iter=1 WAIST cost=52.0000 best_alt=40.0000 gap=12.0000 tried=5 sep_labels=40 clique_frac=0.02
t=1307ms iter=1 REBUILD ACCEPT new_tc=49.3066 (was 52.1235)
t=2295ms iter=1 incumb=49.3066 ratchet=49.2606 best=49.2442 since_improve=0
t=2323ms iter=2 WAIST cost=46.0000 best_alt=39.0000 gap=7.0000 tried=5 sep_labels=39 clique_frac=0.03
t=2623ms iter=2 REBUILD reject new_tc=49.2783 (was 49.2606)
t=5054ms iter=2 incumb=49.2606 ratchet=49.1531 best=49.1406 since_improve=0
t=5077ms iter=3 WAIST cost=46.0000 best_alt=40.0000 gap=6.0000 tried=5 sep_labels=40 clique_frac=0.02
t=5367ms iter=3 REBUILD reject new_tc=52.0854 (was 49.1531)
t=6214ms iter=3 incumb=49.1531 ratchet=49.1559 best=49.1303 since_improve=1
t=6248ms iter=4 WAIST cost=46.0000 best_alt=35.0000 gap=11.0000 tried=5 sep_labels=35 clique_frac=0.02
t=6556ms iter=4 REBUILD reject new_tc=53.4410 (was 49.1531)
t=6801ms iter=4 incumb=49.1531 ratchet=49.2028 best=49.1303 since_improve=2
t=6831ms iter=5 WAIST cost=46.0000 best_alt=40.0000 gap=6.0000 tried=5 sep_labels=40 clique_frac=0.02
t=7287ms iter=5 REBUILD ACCEPT new_tc=48.8530 (was 49.1531)
t=7539ms iter=5 incumb=48.8530 ratchet=48.9338 best=48.8530 since_improve=1
t=7563ms iter=6 WAIST cost=45.0000 best_alt=39.0000 gap=6.0000 tried=5 sep_labels=39 clique_frac=0.01
t=7869ms iter=6 REBUILD reject new_tc=53.2165 (was 48.8530)
t=8281ms iter=6 incumb=48.8530 ratchet=48.8497 best=48.8496 since_improve=0
t=8306ms iter=7 WAIST cost=45.0000 best_alt=37.0000 gap=8.0000 tried=5 sep_labels=37 clique_frac=0.00
t=8603ms iter=7 REBUILD reject new_tc=55.0234 (was 48.8497)
t=8861ms iter=7 incumb=48.8497 ratchet=48.9015 best=48.8496 since_improve=1
t=8891ms iter=8 WAIST cost=45.0000 best_alt=37.0000 gap=8.0000 tried=5 sep_labels=37 clique_frac=0.00
t=9196ms iter=8 REBUILD reject new_tc=49.0905 (was 48.8497)
t=9450ms iter=8 incumb=48.8497 ratchet=48.9047 best=48.8496 since_improve=2
t=9475ms iter=9 WAIST cost=45.0000 best_alt=37.0000 gap=8.0000 tried=5 sep_labels=37 clique_frac=0.00
t=9800ms iter=9 REBUILD reject new_tc=54.1025 (was 48.8497)
t=10060ms iter=9 incumb=48.8497 ratchet=48.9253 best=48.8496 since_improve=3
t=10108ms iter=10 WAIST cost=45.0000 best_alt=37.0000 gap=8.0000 tried=5 sep_labels=37 clique_frac=0.00
t=10435ms iter=10 REBUILD reject new_tc=50.4996 (was 48.8497)
t=10686ms iter=10 incumb=48.8497 ratchet=50.4440 best=48.8496 since_improve=4
t=10716ms iter=11 WAIST cost=45.0000 best_alt=37.0000 gap=8.0000 tried=5 sep_labels=37 clique_frac=0.00
t=11013ms iter=11 REBUILD reject new_tc=52.8928 (was 48.8497)
t=11269ms iter=11 incumb=48.8497 ratchet=48.8986 best=48.8496 since_improve=5
t=11300ms iter=12 WAIST cost=45.0000 best_alt=35.0000 gap=10.0000 tried=5 sep_labels=35 clique_frac=0.02
t=11604ms iter=12 REBUILD reject new_tc=49.3102 (was 48.8497)
t=12456ms iter=12 incumb=48.8497 ratchet=48.8371 best=48.8368 since_improve=0
t=12481ms iter=13 WAIST cost=45.0000 best_alt=40.0000 gap=5.0000 tried=5 sep_labels=40 clique_frac=0.02
t=12784ms iter=13 REBUILD reject new_tc=48.9552 (was 48.8371)
t=13037ms iter=13 incumb=48.8371 ratchet=48.8903 best=48.8368 since_improve=1
t=13060ms iter=14 WAIST cost=45.0000 best_alt=39.0000 gap=6.0000 tried=5 sep_labels=39 clique_frac=0.01
t=13352ms iter=14 REBUILD reject new_tc=55.3609 (was 48.8371)
t=13607ms iter=14 incumb=48.8371 ratchet=48.9038 best=48.8368 since_improve=2
t=13630ms iter=15 WAIST cost=45.0000 best_alt=40.0000 gap=5.0000 tried=5 sep_labels=40 clique_frac=0.02
t=14104ms iter=15 REBUILD ACCEPT new_tc=48.6222 (was 48.8371)
t=14867ms iter=15 incumb=48.6222 ratchet=48.5970 best=48.5950 since_improve=0
t=14899ms iter=16 WAIST cost=45.0000 best_alt=40.0000 gap=5.0000 tried=5 sep_labels=40 clique_frac=0.02
t=15207ms iter=16 REBUILD reject new_tc=49.1360 (was 48.5970)
t=15448ms iter=16 incumb=48.5970 ratchet=48.6121 best=48.5950 since_improve=1
t=15479ms iter=17 WAIST cost=45.0000 best_alt=40.0000 gap=5.0000 tried=5 sep_labels=40 clique_frac=0.02
t=15922ms iter=17 REBUILD ACCEPT new_tc=48.3794 (was 48.5970)
t=16314ms iter=17 incumb=48.3794 ratchet=48.3618 best=48.3618 since_improve=0
t=16344ms iter=18 WAIST cost=45.0000 best_alt=39.0000 gap=6.0000 tried=5 sep_labels=39 clique_frac=0.01
t=16654ms iter=18 REBUILD reject new_tc=53.0660 (was 48.3618)
t=16970ms iter=18 incumb=48.3618 ratchet=48.3972 best=48.3618 since_improve=1
t=16996ms iter=19 WAIST cost=45.0000 best_alt=39.0000 gap=6.0000 tried=5 sep_labels=39 clique_frac=0.03
t=17298ms iter=19 REBUILD reject new_tc=49.4216 (was 48.3618)
t=17551ms iter=19 incumb=48.3618 ratchet=48.4930 best=48.3618 since_improve=2
t=17578ms iter=20 WAIST cost=45.0000 best_alt=37.0000 gap=8.0000 tried=5 sep_labels=37 clique_frac=0.03
t=17873ms iter=20 REBUILD reject new_tc=53.0460 (was 48.3618)
t=18119ms iter=20 incumb=48.3618 ratchet=48.3722 best=48.3618 since_improve=3
t=18149ms iter=21 WAIST cost=45.0000 best_alt=35.0000 gap=10.0000 tried=5 sep_labels=35 clique_frac=0.02
t=18456ms iter=21 REBUILD reject new_tc=49.1631 (was 48.3618)
t=18706ms iter=21 incumb=48.3618 ratchet=48.4083 best=48.3618 since_improve=4
t=18738ms iter=22 WAIST cost=45.0000 best_alt=39.0000 gap=6.0000 tried=5 sep_labels=39 clique_frac=0.02
t=19052ms iter=22 REBUILD reject new_tc=48.8729 (was 48.3618)
t=19295ms iter=22 incumb=48.3618 ratchet=48.7169 best=48.3618 since_improve=5
t=19323ms iter=23 WAIST cost=45.0000 best_alt=35.0000 gap=10.0000 tried=5 sep_labels=35 clique_frac=0.00
t=19626ms iter=23 REBUILD reject new_tc=49.0518 (was 48.3618)
t=19879ms iter=23 incumb=48.3618 ratchet=48.4712 best=48.3618 since_improve=6
t=19911ms iter=24 WAIST cost=45.0000 best_alt=37.0000 gap=8.0000 tried=5 sep_labels=37 clique_frac=0.01
t=20214ms iter=24 REBUILD reject new_tc=50.4679 (was 48.3618)
t=20464ms iter=24 incumb=48.3618 ratchet=48.3956 best=48.3618 since_improve=7
t=20487ms iter=25 WAIST cost=45.0000 best_alt=37.0000 gap=8.0000 tried=5 sep_labels=37 clique_frac=0.03
t=20789ms iter=25 REBUILD reject new_tc=49.4666 (was 48.3618)
t=21040ms iter=25 incumb=48.3618 ratchet=48.4431 best=48.3618 since_improve=8
t=21068ms iter=26 WAIST cost=45.0000 best_alt=40.0000 gap=5.0000 tried=5 sep_labels=40 clique_frac=0.02
t=21361ms iter=26 REBUILD reject new_tc=52.7740 (was 48.3618)
t=21604ms iter=26 incumb=48.3618 ratchet=48.4007 best=48.3618 since_improve=9
t=21628ms iter=27 WAIST cost=45.0000 best_alt=40.0000 gap=5.0000 tried=5 sep_labels=40 clique_frac=0.02
t=21923ms iter=27 REBUILD reject new_tc=48.6668 (was 48.3618)
t=22166ms iter=27 incumb=48.3618 ratchet=48.4035 best=48.3618 since_improve=10
t=22200ms iter=28 WAIST cost=45.0000 best_alt=35.0000 gap=10.0000 tried=5 sep_labels=35 clique_frac=0.01
t=22493ms iter=28 REBUILD reject new_tc=49.8053 (was 48.3618)
t=23060ms iter=28 incumb=48.3618 ratchet=48.3588 best=48.3500 since_improve=0
t=23091ms iter=29 WAIST cost=45.0000 best_alt=37.0000 gap=8.0000 tried=5 sep_labels=37 clique_frac=0.02
t=23554ms iter=29 REBUILD ACCEPT new_tc=48.2716 (was 48.3588)
t=24126ms iter=29 incumb=48.2716 ratchet=48.2771 best=48.2696 since_improve=1
t=24161ms iter=30 WAIST cost=45.0000 best_alt=31.0000 gap=14.0000 tried=5 sep_labels=31 clique_frac=0.00
t=24463ms iter=30 REBUILD reject new_tc=50.0117 (was 48.2716)
t=24718ms iter=30 incumb=48.2716 ratchet=48.3010 best=48.2696 since_improve=2
t=24746ms iter=31 WAIST cost=45.0000 best_alt=35.0000 gap=10.0000 tried=5 sep_labels=35 clique_frac=0.01
t=25048ms iter=31 REBUILD reject new_tc=50.3844 (was 48.2716)
t=25299ms iter=31 incumb=48.2716 ratchet=48.3884 best=48.2696 since_improve=3
t=25328ms iter=32 WAIST cost=45.0000 best_alt=35.0000 gap=10.0000 tried=5 sep_labels=35 clique_frac=0.01
t=25622ms iter=32 REBUILD reject new_tc=49.2820 (was 48.2716)
t=25860ms iter=32 incumb=48.2716 ratchet=48.5628 best=48.2696 since_improve=4
t=25880ms iter=33 WAIST cost=45.0000 best_alt=35.0000 gap=10.0000 tried=5 sep_labels=35 clique_frac=0.01
t=26169ms iter=33 REBUILD reject new_tc=49.8986 (was 48.2716)
t=26413ms iter=33 incumb=48.2716 ratchet=49.6516 best=48.2696 since_improve=5
t=26434ms iter=34 WAIST cost=45.0000 best_alt=35.0000 gap=10.0000 tried=5 sep_labels=35 clique_frac=0.01
t=26738ms iter=34 REBUILD reject new_tc=48.4280 (was 48.2716)
t=27510ms iter=34 incumb=48.2716 ratchet=48.2596 best=48.2550 since_improve=0
t=27533ms iter=35 WAIST cost=45.0000 best_alt=33.0000 gap=12.0000 tried=5 sep_labels=33 clique_frac=0.01
t=27826ms iter=35 REBUILD reject new_tc=52.3809 (was 48.2596)
t=28254ms iter=35 incumb=48.2596 ratchet=48.2331 best=48.2319 since_improve=0
t=28278ms iter=36 WAIST cost=44.0000 best_alt=40.0000 gap=4.0000 tried=5 sep_labels=40 clique_frac=0.02
t=28573ms iter=36 REBUILD reject new_tc=54.6312 (was 48.2331)
t=29184ms iter=36 incumb=48.2331 ratchet=48.2059 best=48.2046 since_improve=0
t=29206ms iter=37 WAIST cost=44.0000 best_alt=37.0000 gap=7.0000 tried=5 sep_labels=37 clique_frac=0.03
t=29507ms iter=37 REBUILD reject new_tc=54.0218 (was 48.2059)
t=32306ms iter=37 incumb=48.2059 ratchet=48.1333 best=48.1333 since_improve=0
t=32335ms iter=38 WAIST cost=44.0000 best_alt=40.0000 gap=4.0000 tried=5 sep_labels=40 clique_frac=0.02
t=32644ms iter=38 REBUILD reject new_tc=48.9670 (was 48.1333)
t=32901ms iter=38 incumb=48.1333 ratchet=48.1395 best=48.1333 since_improve=1
t=32933ms iter=39 WAIST cost=44.0000 best_alt=38.0000 gap=6.0000 tried=5 sep_labels=38 clique_frac=0.02
t=33244ms iter=39 REBUILD reject new_tc=49.0609 (was 48.1333)
t=33496ms iter=39 incumb=48.1333 ratchet=48.1501 best=48.1333 since_improve=2
t=33522ms iter=40 WAIST cost=44.0000 best_alt=35.0000 gap=9.0000 tried=5 sep_labels=35 clique_frac=0.00
t=33820ms iter=40 REBUILD reject new_tc=56.0050 (was 48.1333)
t=34076ms iter=40 incumb=48.1333 ratchet=48.1356 best=48.1333 since_improve=3
t=34104ms iter=41 WAIST cost=44.0000 best_alt=35.0000 gap=9.0000 tried=5 sep_labels=35 clique_frac=0.02
t=34411ms iter=41 REBUILD reject new_tc=49.5052 (was 48.1333)
t=34662ms iter=41 incumb=48.1333 ratchet=48.1427 best=48.1333 since_improve=4
t=34682ms iter=42 WAIST cost=44.0000 best_alt=40.0000 gap=4.0000 tried=5 sep_labels=40 clique_frac=0.02
t=34991ms iter=42 REBUILD reject new_tc=50.2381 (was 48.1333)
t=35243ms iter=42 incumb=48.1333 ratchet=48.1475 best=48.1333 since_improve=5
t=35273ms iter=43 WAIST cost=44.0000 best_alt=40.0000 gap=4.0000 tried=5 sep_labels=40 clique_frac=0.02
t=35586ms iter=43 REBUILD reject new_tc=49.0349 (was 48.1333)
t=35837ms iter=43 incumb=48.1333 ratchet=48.3784 best=48.1333 since_improve=6
t=35873ms iter=44 WAIST cost=44.0000 best_alt=37.0000 gap=7.0000 tried=5 sep_labels=37 clique_frac=0.03
t=36177ms iter=44 REBUILD reject new_tc=49.0938 (was 48.1333)
t=36428ms iter=44 incumb=48.1333 ratchet=48.1836 best=48.1333 since_improve=7
t=36456ms iter=45 WAIST cost=44.0000 best_alt=39.0000 gap=5.0000 tried=5 sep_labels=39 clique_frac=0.02
t=36774ms iter=45 REBUILD reject new_tc=49.1787 (was 48.1333)
t=38466ms iter=45 incumb=48.1333 ratchet=48.1016 best=48.0811 since_improve=0
t=38504ms iter=46 WAIST cost=44.0000 best_alt=37.0000 gap=7.0000 tried=5 sep_labels=37 clique_frac=0.01
t=38797ms iter=46 REBUILD reject new_tc=49.2739 (was 48.1016)
t=39257ms iter=46 incumb=48.1016 ratchet=48.0813 best=48.0607 since_improve=0
t=39294ms iter=47 WAIST cost=44.0000 best_alt=35.0000 gap=9.0000 tried=5 sep_labels=35 clique_frac=0.02
t=39592ms iter=47 REBUILD reject new_tc=53.0489 (was 48.0813)
t=40521ms iter=47 incumb=48.0813 ratchet=48.0428 best=48.0373 since_improve=0
t=40557ms iter=48 WAIST cost=45.0000 best_alt=40.0000 gap=5.0000 tried=5 sep_labels=40 clique_frac=0.02
t=40899ms iter=48 REBUILD reject new_tc=49.6490 (was 48.0428)
t=41154ms iter=48 incumb=48.0428 ratchet=48.2021 best=48.0373 since_improve=1
t=41187ms iter=49 WAIST cost=45.0000 best_alt=40.0000 gap=5.0000 tried=5 sep_labels=40 clique_frac=0.02
t=41526ms iter=49 REBUILD reject new_tc=51.3793 (was 48.0428)
t=42463ms iter=49 incumb=48.0428 ratchet=48.0307 best=48.0162 since_improve=0
t=42494ms iter=50 WAIST cost=44.0000 best_alt=40.0000 gap=4.0000 tried=5 sep_labels=40 clique_frac=0.02
t=42848ms iter=50 REBUILD reject new_tc=50.5757 (was 48.0307)
t=43734ms iter=50 incumb=48.0307 ratchet=48.0412 best=48.0156 since_improve=1
t=43769ms iter=51 WAIST cost=44.0000 best_alt=37.0000 gap=7.0000 tried=5 sep_labels=37 clique_frac=0.00
t=44073ms iter=51 REBUILD reject new_tc=51.3290 (was 48.0307)
t=44318ms iter=51 incumb=48.0307 ratchet=48.0669 best=48.0156 since_improve=2
t=44357ms iter=52 WAIST cost=44.0000 best_alt=39.0000 gap=5.0000 tried=5 sep_labels=39 clique_frac=0.02
t=44645ms iter=52 REBUILD reject new_tc=53.0712 (was 48.0307)
t=44905ms iter=52 incumb=48.0307 ratchet=48.1608 best=48.0156 since_improve=3
t=44937ms iter=53 WAIST cost=44.0000 best_alt=40.0000 gap=4.0000 tried=5 sep_labels=40 clique_frac=0.02
t=45280ms iter=53 REBUILD reject new_tc=49.6810 (was 48.0307)
t=45536ms iter=53 incumb=48.0307 ratchet=48.0176 best=48.0156 since_improve=0
t=45564ms iter=54 WAIST cost=44.0000 best_alt=40.0000 gap=4.0000 tried=5 sep_labels=40 clique_frac=0.02
t=45904ms iter=54 REBUILD reject new_tc=51.1105 (was 48.0176)
t=46157ms iter=54 incumb=48.0176 ratchet=48.1145 best=48.0156 since_improve=1
t=46187ms iter=55 WAIST cost=44.0000 best_alt=35.0000 gap=9.0000 tried=5 sep_labels=35 clique_frac=0.02
t=46488ms iter=55 REBUILD reject new_tc=50.4377 (was 48.0176)
t=46749ms iter=55 incumb=48.0176 ratchet=48.0446 best=48.0156 since_improve=2
t=46789ms iter=56 WAIST cost=44.0000 best_alt=40.0000 gap=4.0000 tried=5 sep_labels=40 clique_frac=0.02
t=47128ms iter=56 REBUILD reject new_tc=49.5164 (was 48.0176)
t=47386ms iter=56 incumb=48.0176 ratchet=48.0845 best=48.0156 since_improve=3
t=47409ms iter=57 WAIST cost=44.0000 best_alt=40.0000 gap=4.0000 tried=5 sep_labels=40 clique_frac=0.02
t=47762ms iter=57 REBUILD reject new_tc=48.6968 (was 48.0176)
t=49452ms iter=57 incumb=48.0176 ratchet=47.9925 best=47.9867 since_improve=0
t=49483ms iter=58 WAIST cost=43.0000 best_alt=37.0000 gap=6.0000 tried=5 sep_labels=37 clique_frac=0.03
t=49789ms iter=58 REBUILD reject new_tc=48.6309 (was 47.9925)
t=50042ms iter=58 incumb=47.9925 ratchet=48.0569 best=47.9867 since_improve=1
t=50070ms iter=59 WAIST cost=43.0000 best_alt=37.0000 gap=6.0000 tried=5 sep_labels=37 clique_frac=0.03
t=50378ms iter=59 REBUILD reject new_tc=49.6700 (was 47.9925)
t=50638ms iter=59 incumb=47.9925 ratchet=48.0081 best=47.9867 since_improve=2
t=50668ms iter=60 WAIST cost=43.0000 best_alt=37.0000 gap=6.0000 tried=5 sep_labels=37 clique_frac=0.03
t=50974ms iter=60 REBUILD reject new_tc=48.7071 (was 47.9925)
t=53867ms iter=60 incumb=47.9925 ratchet=47.9291 best=47.9291 since_improve=0
t=53895ms iter=61 WAIST cost=44.0000 best_alt=40.0000 gap=4.0000 tried=5 sep_labels=40 clique_frac=0.01
t=54233ms iter=61 REBUILD reject new_tc=48.7602 (was 47.9291)
t=54485ms iter=61 incumb=47.9291 ratchet=48.0056 best=47.9291 since_improve=1
t=54523ms iter=62 WAIST cost=44.0000 best_alt=40.0000 gap=4.0000 tried=5 sep_labels=40 clique_frac=0.01
t=54862ms iter=62 REBUILD reject new_tc=48.3004 (was 47.9291)
t=55117ms iter=62 incumb=47.9291 ratchet=47.9676 best=47.9291 since_improve=2
t=55149ms iter=63 WAIST cost=44.0000 best_alt=40.0000 gap=4.0000 tried=5 sep_labels=40 clique_frac=0.01
t=55492ms iter=63 REBUILD reject new_tc=48.5430 (was 47.9291)
t=55746ms iter=63 incumb=47.9291 ratchet=48.2418 best=47.9291 since_improve=3
t=55780ms iter=64 WAIST cost=44.0000 best_alt=37.0000 gap=7.0000 tried=5 sep_labels=37 clique_frac=0.03
t=56093ms iter=64 REBUILD reject new_tc=49.2200 (was 47.9291)
t=57086ms iter=64 incumb=47.9291 ratchet=47.8930 best=47.8817 since_improve=0
t=57116ms iter=65 WAIST cost=44.0000 best_alt=40.0000 gap=4.0000 tried=5 sep_labels=40 clique_frac=0.01
t=57455ms iter=65 REBUILD reject new_tc=52.0181 (was 47.8930)
t=57710ms iter=65 incumb=47.8930 ratchet=47.9507 best=47.8817 since_improve=1
t=57739ms iter=66 WAIST cost=44.0000 best_alt=37.0000 gap=7.0000 tried=5 sep_labels=37 clique_frac=0.01
t=58055ms iter=66 REBUILD reject new_tc=49.0625 (was 47.8930)
t=58320ms iter=66 incumb=47.8930 ratchet=47.9899 best=47.8817 since_improve=2
t=58352ms iter=67 WAIST cost=44.0000 best_alt=40.0000 gap=4.0000 tried=5 sep_labels=40 clique_frac=0.01
t=58667ms iter=67 REBUILD reject new_tc=50.9199 (was 47.8930)
t=58926ms iter=67 incumb=47.8930 ratchet=47.9771 best=47.8817 since_improve=3
t=58952ms iter=68 WAIST cost=44.0000 best_alt=39.0000 gap=5.0000 tried=5 sep_labels=39 clique_frac=0.01
t=59295ms iter=68 REBUILD reject new_tc=49.3957 (was 47.8930)
t=59551ms iter=68 incumb=47.8930 ratchet=47.9689 best=47.8817 since_improve=4
t=59583ms iter=69 WAIST cost=44.0000 best_alt=37.0000 gap=7.0000 tried=5 sep_labels=37 clique_frac=0.02
t=59871ms iter=69 REBUILD reject new_tc=49.7853 (was 47.8930)
t=60121ms iter=69 incumb=47.8930 ratchet=48.0016 best=47.8817 since_improve=5
t=60148ms iter=70 WAIST cost=44.0000 best_alt=37.0000 gap=7.0000 tried=5 sep_labels=37 clique_frac=0.00
t=60442ms iter=70 REBUILD reject new_tc=49.9109 (was 47.8930)
t=60685ms iter=70 incumb=47.8930 ratchet=47.9356 best=47.8817 since_improve=6
t=60712ms iter=71 WAIST cost=44.0000 best_alt=40.0000 gap=4.0000 tried=5 sep_labels=40 clique_frac=0.01
t=61050ms iter=71 REBUILD reject new_tc=50.8155 (was 47.8930)
t=61294ms iter=71 incumb=47.8930 ratchet=47.9304 best=47.8817 since_improve=7
t=61321ms iter=72 WAIST cost=44.0000 best_alt=39.0000 gap=5.0000 tried=5 sep_labels=39 clique_frac=0.02
t=61626ms iter=72 REBUILD reject new_tc=55.0172 (was 47.8930)
t=61880ms iter=72 incumb=47.8930 ratchet=48.0109 best=47.8817 since_improve=8
t=61907ms iter=73 WAIST cost=44.0000 best_alt=39.0000 gap=5.0000 tried=5 sep_labels=39 clique_frac=0.01
t=62238ms iter=73 REBUILD reject new_tc=51.2612 (was 47.8930)
t=62488ms iter=73 incumb=47.8930 ratchet=48.0575 best=47.8817 since_improve=9
t=62518ms iter=74 WAIST cost=44.0000 best_alt=40.0000 gap=4.0000 tried=5 sep_labels=40 clique_frac=0.01
t=62856ms iter=74 REBUILD reject new_tc=48.4767 (was 47.8930)
t=63104ms iter=74 incumb=47.8930 ratchet=47.9599 best=47.8817 since_improve=10
t=63144ms iter=75 WAIST cost=44.0000 best_alt=37.0000 gap=7.0000 tried=5 sep_labels=37 clique_frac=0.04
t=63428ms iter=75 REBUILD reject new_tc=49.7615 (was 47.8930)
t=63671ms iter=75 incumb=47.8930 ratchet=47.9670 best=47.8817 since_improve=11
t=63696ms iter=76 WAIST cost=44.0000 best_alt=40.0000 gap=4.0000 tried=5 sep_labels=40 clique_frac=0.01
t=64027ms iter=76 REBUILD reject new_tc=48.8611 (was 47.8930)
t=64271ms iter=76 incumb=47.8930 ratchet=47.9671 best=47.8817 since_improve=12
t=64292ms iter=77 WAIST cost=44.0000 best_alt=40.0000 gap=4.0000 tried=5 sep_labels=40 clique_frac=0.01
t=64629ms iter=77 REBUILD reject new_tc=48.4585 (was 47.8930)
t=64867ms iter=77 incumb=47.8930 ratchet=47.9577 best=47.8817 since_improve=13
t=64903ms iter=78 WAIST cost=44.0000 best_alt=39.0000 gap=5.0000 tried=5 sep_labels=39 clique_frac=0.00
t=65225ms iter=78 REBUILD reject new_tc=50.0005 (was 47.8930)
t=65473ms iter=78 incumb=47.8930 ratchet=47.9638 best=47.8817 since_improve=14
t=65506ms iter=79 WAIST cost=44.0000 best_alt=40.0000 gap=4.0000 tried=5 sep_labels=40 clique_frac=0.01
t=65838ms iter=79 REBUILD reject new_tc=48.7689 (was 47.8930)
t=66081ms iter=79 incumb=47.8930 ratchet=47.9131 best=47.8817 since_improve=15
t=66109ms iter=80 WAIST cost=44.0000 best_alt=40.0000 gap=4.0000 tried=5 sep_labels=40 clique_frac=0.01
t=66440ms iter=80 REBUILD reject new_tc=48.6631 (was 47.8930)
t=66687ms iter=80 incumb=47.8930 ratchet=47.9791 best=47.8817 since_improve=16
t=66711ms iter=81 WAIST cost=44.0000 best_alt=40.0000 gap=4.0000 tried=5 sep_labels=40 clique_frac=0.01
t=67046ms iter=81 REBUILD reject new_tc=48.7042 (was 47.8930)
t=67294ms iter=81 incumb=47.8930 ratchet=48.0505 best=47.8817 since_improve=17
t=67328ms iter=82 WAIST cost=44.0000 best_alt=39.0000 gap=5.0000 tried=5 sep_labels=39 clique_frac=0.01
t=67661ms iter=82 REBUILD reject new_tc=48.5777 (was 47.8930)
t=67913ms iter=82 incumb=47.8930 ratchet=47.9711 best=47.8817 since_improve=18
t=67943ms iter=83 WAIST cost=44.0000 best_alt=35.0000 gap=9.0000 tried=5 sep_labels=35 clique_frac=0.01
t=68249ms iter=83 REBUILD reject new_tc=48.9655 (was 47.8930)
t=68490ms iter=83 incumb=47.8930 ratchet=47.9937 best=47.8817 since_improve=19
t=68514ms iter=84 WAIST cost=44.0000 best_alt=40.0000 gap=4.0000 tried=5 sep_labels=40 clique_frac=0.01
t=68845ms iter=84 REBUILD reject new_tc=48.5507 (was 47.8930)
t=69083ms iter=84 incumb=47.8930 ratchet=47.9422 best=47.8817 since_improve=20
t=69113ms iter=85 WAIST cost=44.0000 best_alt=40.0000 gap=4.0000 tried=5 sep_labels=40 clique_frac=0.01
t=69443ms iter=85 REBUILD reject new_tc=48.2349 (was 47.8930)
t=69722ms iter=85 incumb=47.8930 ratchet=48.1352 best=47.8817 since_improve=21
t=69753ms iter=86 WAIST cost=44.0000 best_alt=39.0000 gap=5.0000 tried=5 sep_labels=39 clique_frac=0.03
t=70011ms iter=86 REBUILD reject new_tc=53.1386 (was 47.8930)
t=70278ms iter=86 incumb=47.8930 ratchet=48.0385 best=47.8817 since_improve=22
t=70312ms iter=87 WAIST cost=44.0000 best_alt=37.0000 gap=7.0000 tried=5 sep_labels=37 clique_frac=0.03
t=70615ms iter=87 REBUILD reject new_tc=50.6159 (was 47.8930)
t=70875ms iter=87 incumb=47.8930 ratchet=47.9696 best=47.8817 since_improve=23
t=70907ms iter=88 WAIST cost=44.0000 best_alt=40.0000 gap=4.0000 tried=5 sep_labels=40 clique_frac=0.01
t=71252ms iter=88 REBUILD reject new_tc=48.8185 (was 47.8930)
t=71506ms iter=88 incumb=47.8930 ratchet=47.9395 best=47.8817 since_improve=24
t=71536ms iter=89 WAIST cost=44.0000 best_alt=40.0000 gap=4.0000 tried=5 sep_labels=40 clique_frac=0.01
t=71874ms iter=89 REBUILD reject new_tc=51.9317 (was 47.8930)
t=72132ms iter=89 incumb=47.8930 ratchet=47.9486 best=47.8817 since_improve=25
t=72159ms iter=90 WAIST cost=44.0000 best_alt=40.0000 gap=4.0000 tried=5 sep_labels=40 clique_frac=0.01
t=72494ms iter=90 REBUILD reject new_tc=48.9510 (was 47.8930)
t=72730ms iter=90 incumb=47.8930 ratchet=47.9596 best=47.8817 since_improve=26
t=72753ms iter=91 WAIST cost=44.0000 best_alt=39.0000 gap=5.0000 tried=5 sep_labels=39 clique_frac=0.01
t=73055ms iter=91 REBUILD reject new_tc=49.1575 (was 47.8930)
t=73307ms iter=91 incumb=47.8930 ratchet=47.9820 best=47.8817 since_improve=27
t=73330ms iter=92 WAIST cost=44.0000 best_alt=40.0000 gap=4.0000 tried=5 sep_labels=40 clique_frac=0.01
t=73660ms iter=92 REBUILD reject new_tc=52.5739 (was 47.8930)
t=73913ms iter=92 incumb=47.8930 ratchet=47.9700 best=47.8817 since_improve=28
t=73938ms iter=93 WAIST cost=44.0000 best_alt=40.0000 gap=4.0000 tried=5 sep_labels=40 clique_frac=0.01
t=74278ms iter=93 REBUILD reject new_tc=51.2860 (was 47.8930)
t=74526ms iter=93 incumb=47.8930 ratchet=48.1590 best=47.8817 since_improve=29
t=74548ms iter=94 WAIST cost=44.0000 best_alt=40.0000 gap=4.0000 tried=5 sep_labels=40 clique_frac=0.01
t=74880ms iter=94 REBUILD reject new_tc=48.7250 (was 47.8930)
t=75126ms iter=94 incumb=47.8930 ratchet=48.0172 best=47.8817 since_improve=30
t=75156ms iter=95 WAIST cost=44.0000 best_alt=37.0000 gap=7.0000 tried=5 sep_labels=37 clique_frac=0.01
t=75448ms iter=95 REBUILD reject new_tc=48.3175 (was 47.8930)
t=75690ms iter=95 incumb=47.8930 ratchet=47.9403 best=47.8817 since_improve=31
t=75725ms iter=96 WAIST cost=44.0000 best_alt=37.0000 gap=7.0000 tried=5 sep_labels=37 clique_frac=0.00
t=76018ms iter=96 REBUILD reject new_tc=50.4685 (was 47.8930)
t=76264ms iter=96 incumb=47.8930 ratchet=47.9762 best=47.8817 since_improve=32
t=76289ms iter=97 WAIST cost=44.0000 best_alt=39.0000 gap=5.0000 tried=5 sep_labels=39 clique_frac=0.04
t=76578ms iter=97 REBUILD reject new_tc=49.0811 (was 47.8930)
t=76821ms iter=97 incumb=47.8930 ratchet=47.9674 best=47.8817 since_improve=33
t=76846ms iter=98 WAIST cost=44.0000 best_alt=40.0000 gap=4.0000 tried=5 sep_labels=40 clique_frac=0.01
t=77183ms iter=98 REBUILD reject new_tc=48.4484 (was 47.8930)
t=77434ms iter=98 incumb=47.8930 ratchet=47.9098 best=47.8817 since_improve=34
t=77466ms iter=99 WAIST cost=44.0000 best_alt=40.0000 gap=4.0000 tried=5 sep_labels=40 clique_frac=0.01
t=77811ms iter=99 REBUILD reject new_tc=48.6689 (was 47.8930)
t=78057ms iter=99 incumb=47.8930 ratchet=47.9278 best=47.8817 since_improve=35
t=78083ms iter=100 WAIST cost=44.0000 best_alt=40.0000 gap=4.0000 tried=5 sep_labels=40 clique_frac=0.01
t=78429ms iter=100 REBUILD reject new_tc=48.9170 (was 47.8930)
t=78679ms iter=100 incumb=47.8930 ratchet=48.2655 best=47.8817 since_improve=36
t=78708ms iter=101 WAIST cost=44.0000 best_alt=39.0000 gap=5.0000 tried=5 sep_labels=39 clique_frac=0.03
t=79009ms iter=101 REBUILD reject new_tc=49.1018 (was 47.8930)
t=79265ms iter=101 incumb=47.8930 ratchet=47.9471 best=47.8817 since_improve=37
t=79299ms iter=102 WAIST cost=44.0000 best_alt=39.0000 gap=5.0000 tried=5 sep_labels=39 clique_frac=0.03
t=79588ms iter=102 REBUILD reject new_tc=49.5166 (was 47.8930)
t=79831ms iter=102 incumb=47.8930 ratchet=47.9668 best=47.8817 since_improve=38
t=79859ms iter=103 WAIST cost=44.0000 best_alt=40.0000 gap=4.0000 tried=5 sep_labels=40 clique_frac=0.01
t=80201ms iter=103 REBUILD reject new_tc=49.3211 (was 47.8930)
t=80454ms iter=103 incumb=47.8930 ratchet=47.9837 best=47.8817 since_improve=39
t=80492ms iter=104 WAIST cost=44.0000 best_alt=40.0000 gap=4.0000 tried=5 sep_labels=40 clique_frac=0.01
t=80841ms iter=104 REBUILD reject new_tc=48.6457 (was 47.8930)
t=81081ms iter=104 incumb=47.8930 ratchet=47.9439 best=47.8817 since_improve=40
t=81109ms iter=105 WAIST cost=44.0000 best_alt=37.0000 gap=7.0000 tried=5 sep_labels=37 clique_frac=0.02
t=81389ms iter=105 REBUILD reject new_tc=51.7669 (was 47.8930)
t=81636ms iter=105 incumb=47.8930 ratchet=47.9646 best=47.8817 since_improve=41
t=81668ms iter=106 WAIST cost=44.0000 best_alt=40.0000 gap=4.0000 tried=5 sep_labels=40 clique_frac=0.01
t=81992ms iter=106 REBUILD reject new_tc=50.8600 (was 47.8930)
t=82229ms iter=106 incumb=47.8930 ratchet=47.9421 best=47.8817 since_improve=42
t=82260ms iter=107 WAIST cost=44.0000 best_alt=40.0000 gap=4.0000 tried=5 sep_labels=40 clique_frac=0.01
t=82587ms iter=107 REBUILD reject new_tc=50.4140 (was 47.8930)
t=82840ms iter=107 incumb=47.8930 ratchet=47.9756 best=47.8817 since_improve=43
t=82874ms iter=108 WAIST cost=44.0000 best_alt=39.0000 gap=5.0000 tried=5 sep_labels=39 clique_frac=0.04
t=83176ms iter=108 REBUILD reject new_tc=48.9243 (was 47.8930)
t=83432ms iter=108 incumb=47.8930 ratchet=47.9179 best=47.8817 since_improve=44
t=83457ms iter=109 WAIST cost=44.0000 best_alt=40.0000 gap=4.0000 tried=5 sep_labels=40 clique_frac=0.01
t=83781ms iter=109 REBUILD reject new_tc=48.0019 (was 47.8930)
t=84023ms iter=109 incumb=47.8930 ratchet=47.9699 best=47.8817 since_improve=45
t=84050ms iter=110 WAIST cost=44.0000 best_alt=40.0000 gap=4.0000 tried=5 sep_labels=40 clique_frac=0.01
t=84368ms iter=110 REBUILD reject new_tc=59.0010 (was 47.8930)
t=84622ms iter=110 incumb=47.8930 ratchet=47.9824 best=47.8817 since_improve=46
t=84651ms iter=111 WAIST cost=44.0000 best_alt=39.0000 gap=5.0000 tried=5 sep_labels=39 clique_frac=0.02
t=84959ms iter=111 REBUILD reject new_tc=49.1905 (was 47.8930)
t=85210ms iter=111 incumb=47.8930 ratchet=47.9329 best=47.8817 since_improve=47
t=85231ms iter=112 WAIST cost=44.0000 best_alt=39.0000 gap=5.0000 tried=5 sep_labels=39 clique_frac=0.03
t=85510ms iter=112 REBUILD reject new_tc=53.1171 (was 47.8930)
t=85751ms iter=112 incumb=47.8930 ratchet=48.1163 best=47.8817 since_improve=48
t=85785ms iter=113 WAIST cost=44.0000 best_alt=40.0000 gap=4.0000 tried=5 sep_labels=40 clique_frac=0.01
t=86131ms iter=113 REBUILD reject new_tc=48.4701 (was 47.8930)
t=86386ms iter=113 incumb=47.8930 ratchet=47.9911 best=47.8817 since_improve=49
t=86418ms iter=114 WAIST cost=44.0000 best_alt=40.0000 gap=4.0000 tried=5 sep_labels=40 clique_frac=0.01
t=86752ms iter=114 REBUILD reject new_tc=50.5913 (was 47.8930)
t=86996ms iter=114 incumb=47.8930 ratchet=47.9803 best=47.8817 since_improve=50
t=87026ms iter=115 WAIST cost=44.0000 best_alt=35.0000 gap=9.0000 tried=5 sep_labels=35 clique_frac=0.01
t=87310ms iter=115 REBUILD reject new_tc=52.1557 (was 47.8930)
t_final=87537ms tc_reduced=47.8817 tc_full=48.2126 leaves=2203
surgery summary: calls=115 cheaper_cuts=115 rebuild_accepts=5 waist_min_hits=0
