probe: instance=uai_linkage_13 n_orig=2124 n=513 fusible=0.7585 nlabels=470 t=10ms
seed_greedy tc=40.5036 t=509ms
t=582ms iter=1 WAIST cost=24.0000 best_alt=17.0000 gap=7.0000 tried=5 sep_labels=17 clique_frac=0.00
t=826ms iter=1 REBUILD ACCEPT new_tc=25.9722 (was 27.4081)
t=1016ms iter=1 incumb=25.9722 ratchet=25.8492 best=25.8492 since_improve=0
t=1018ms iter=2 WAIST cost=21.0000 best_alt=8.5850 gap=12.4150 tried=5 sep_labels=8 clique_frac=0.00
t=1177ms iter=2 REBUILD reject new_tc=28.5076 (was 25.8492)
t=1274ms iter=2 incumb=25.8492 ratchet=26.0262 best=25.8492 since_improve=1
t=1276ms iter=3 WAIST cost=21.0000 best_alt=8.5850 gap=12.4150 tried=5 sep_labels=8 clique_frac=0.00
t=1439ms iter=3 REBUILD reject new_tc=28.2335 (was 25.8492)
t=1660ms iter=3 incumb=25.8492 ratchet=25.8042 best=25.8042 since_improve=0
t=1671ms iter=4 WAIST cost=21.0000 best_alt=18.0000 gap=3.0000 tried=5 sep_labels=18 clique_frac=0.01
t=1840ms iter=4 REBUILD reject new_tc=26.5776 (was 25.8042)
t=2025ms iter=4 incumb=25.8042 ratchet=25.7729 best=25.7714 since_improve=0
t=2030ms iter=5 WAIST cost=20.0000 best_alt=16.0000 gap=4.0000 tried=5 sep_labels=16 clique_frac=0.07
t=2196ms iter=5 REBUILD reject new_tc=28.0974 (was 25.7729)
t=2291ms iter=5 incumb=25.7729 ratchet=25.9242 best=25.7714 since_improve=1
t=2297ms iter=6 WAIST cost=20.0000 best_alt=14.0000 gap=6.0000 tried=5 sep_labels=14 clique_frac=0.07
t=2454ms iter=6 REBUILD reject new_tc=26.2285 (was 25.7729)
t=2547ms iter=6 incumb=25.7729 ratchet=25.8597 best=25.7714 since_improve=2
t=2552ms iter=7 WAIST cost=20.0000 best_alt=14.5850 gap=5.4150 tried=5 sep_labels=14 clique_frac=0.00
t=2705ms iter=7 REBUILD reject new_tc=28.8016 (was 25.7729)
t=2799ms iter=7 incumb=25.7729 ratchet=25.7998 best=25.7714 since_improve=3
t=2805ms iter=8 WAIST cost=20.0000 best_alt=16.0000 gap=4.0000 tried=5 sep_labels=16 clique_frac=0.07
t=2968ms iter=8 REBUILD reject new_tc=26.1513 (was 25.7729)
t=3063ms iter=8 incumb=25.7729 ratchet=25.8777 best=25.7714 since_improve=4
t=3068ms iter=9 WAIST cost=20.0000 best_alt=16.0000 gap=4.0000 tried=5 sep_labels=16 clique_frac=0.07
t=3237ms iter=9 REBUILD reject new_tc=28.1371 (was 25.7729)
t=3336ms iter=9 incumb=25.7729 ratchet=25.8865 best=25.7714 since_improve=5
t=3341ms iter=10 WAIST cost=20.0000 best_alt=16.0000 gap=4.0000 tried=5 sep_labels=16 clique_frac=0.07
t=3505ms iter=10 REBUILD reject new_tc=28.4777 (was 25.7729)
t=3600ms iter=10 incumb=25.7729 ratchet=25.8028 best=25.7714 since_improve=6
t=3604ms iter=11 WAIST cost=20.0000 best_alt=16.0000 gap=4.0000 tried=5 sep_labels=16 clique_frac=0.07
t=3764ms iter=11 REBUILD reject new_tc=26.7636 (was 25.7729)
t=3860ms iter=11 incumb=25.7729 ratchet=25.7968 best=25.7714 since_improve=7
t=3864ms iter=12 WAIST cost=20.0000 best_alt=16.0000 gap=4.0000 tried=5 sep_labels=16 clique_frac=0.07
t=4028ms iter=12 REBUILD reject new_tc=29.8051 (was 25.7729)
t=4125ms iter=12 incumb=25.7729 ratchet=25.8220 best=25.7714 since_improve=8
t=4131ms iter=13 WAIST cost=20.0000 best_alt=16.0000 gap=4.0000 tried=5 sep_labels=16 clique_frac=0.07
t=4290ms iter=13 REBUILD reject new_tc=30.5715 (was 25.7729)
t=4388ms iter=13 incumb=25.7729 ratchet=25.8285 best=25.7714 since_improve=9
t=4393ms iter=14 WAIST cost=20.0000 best_alt=16.0000 gap=4.0000 tried=5 sep_labels=16 clique_frac=0.07
t=4557ms iter=14 REBUILD reject new_tc=28.1339 (was 25.7729)
t=4655ms iter=14 incumb=25.7729 ratchet=25.8234 best=25.7714 since_improve=10
t=4660ms iter=15 WAIST cost=20.0000 best_alt=16.0000 gap=4.0000 tried=5 sep_labels=16 clique_frac=0.07
t=4821ms iter=15 REBUILD reject new_tc=28.3914 (was 25.7729)
t=4915ms iter=15 incumb=25.7729 ratchet=25.8567 best=25.7714 since_improve=11
t=4920ms iter=16 WAIST cost=20.0000 best_alt=16.0000 gap=4.0000 tried=5 sep_labels=16 clique_frac=0.07
t=5081ms iter=16 REBUILD reject new_tc=26.8438 (was 25.7729)
t=5260ms iter=16 incumb=25.7729 ratchet=25.8185 best=25.7546 since_improve=12
t=5265ms iter=17 WAIST cost=20.0000 best_alt=16.0000 gap=4.0000 tried=5 sep_labels=16 clique_frac=0.07
t=5428ms iter=17 REBUILD reject new_tc=31.7557 (was 25.7729)
t=5526ms iter=17 incumb=25.7729 ratchet=25.9354 best=25.7546 since_improve=13
t=5530ms iter=18 WAIST cost=20.0000 best_alt=16.0000 gap=4.0000 tried=5 sep_labels=16 clique_frac=0.07
t=5691ms iter=18 REBUILD reject new_tc=30.6563 (was 25.7729)
t=5784ms iter=18 incumb=25.7729 ratchet=26.0727 best=25.7546 since_improve=14
t=5788ms iter=19 WAIST cost=20.0000 best_alt=16.0000 gap=4.0000 tried=5 sep_labels=16 clique_frac=0.07
t=5967ms iter=19 REBUILD reject new_tc=26.1678 (was 25.7729)
t=6067ms iter=19 incumb=25.7729 ratchet=25.8393 best=25.7546 since_improve=15
t=6072ms iter=20 WAIST cost=20.0000 best_alt=16.0000 gap=4.0000 tried=5 sep_labels=16 clique_frac=0.07
t=6232ms iter=20 REBUILD reject new_tc=25.8940 (was 25.7729)
t=6330ms iter=20 incumb=25.7729 ratchet=25.7622 best=25.7546 since_improve=0
t=6336ms iter=21 WAIST cost=21.0000 best_alt=15.0000 gap=6.0000 tried=5 sep_labels=15 clique_frac=0.00
t=6500ms iter=21 REBUILD reject new_tc=31.2165 (was 25.7622)
t=6596ms iter=21 incumb=25.7622 ratchet=25.9645 best=25.7546 since_improve=1
t=6604ms iter=22 WAIST cost=21.0000 best_alt=15.0000 gap=6.0000 tried=5 sep_labels=15 clique_frac=0.00
t=6769ms iter=22 REBUILD reject new_tc=26.0842 (was 25.7622)
t=6868ms iter=22 incumb=25.7622 ratchet=25.7612 best=25.7546 since_improve=0
t=6869ms iter=23 WAIST cost=20.0000 best_alt=7.5850 gap=12.4150 tried=5 sep_labels=7 clique_frac=0.00
t=7032ms iter=23 REBUILD reject new_tc=26.1408 (was 25.7612)
t=7128ms iter=23 incumb=25.7612 ratchet=25.8443 best=25.7546 since_improve=1
t=7130ms iter=24 WAIST cost=20.0000 best_alt=5.0000 gap=15.0000 tried=5 sep_labels=5 clique_frac=0.00
t=7296ms iter=24 REBUILD reject new_tc=25.8863 (was 25.7612)
t=7391ms iter=24 incumb=25.7612 ratchet=25.7889 best=25.7546 since_improve=2
t=7393ms iter=25 WAIST cost=20.0000 best_alt=7.0000 gap=13.0000 tried=5 sep_labels=7 clique_frac=0.10
t=7552ms iter=25 REBUILD reject new_tc=31.7008 (was 25.7612)
t=7649ms iter=25 incumb=25.7612 ratchet=25.7717 best=25.7546 since_improve=3
t=7651ms iter=26 WAIST cost=20.0000 best_alt=7.5850 gap=12.4150 tried=5 sep_labels=7 clique_frac=0.00
t=7811ms iter=26 REBUILD reject new_tc=26.0285 (was 25.7612)
t=7907ms iter=26 incumb=25.7612 ratchet=25.7835 best=25.7546 since_improve=4
t=7909ms iter=27 WAIST cost=20.0000 best_alt=6.0000 gap=14.0000 tried=5 sep_labels=6 clique_frac=0.07
t=8059ms iter=27 REBUILD reject new_tc=28.5192 (was 25.7612)
t=8157ms iter=27 incumb=25.7612 ratchet=25.7752 best=25.7546 since_improve=5
t=8159ms iter=28 WAIST cost=20.0000 best_alt=6.0000 gap=14.0000 tried=5 sep_labels=6 clique_frac=0.00
t=8319ms iter=28 REBUILD reject new_tc=29.1814 (was 25.7612)
t=8418ms iter=28 incumb=25.7612 ratchet=25.7625 best=25.7546 since_improve=6
t=8420ms iter=29 WAIST cost=20.0000 best_alt=7.5850 gap=12.4150 tried=5 sep_labels=7 clique_frac=0.00
t=8577ms iter=29 REBUILD reject new_tc=27.6921 (was 25.7612)
t=8672ms iter=29 incumb=25.7612 ratchet=25.8034 best=25.7546 since_improve=7
t=8674ms iter=30 WAIST cost=20.0000 best_alt=7.5850 gap=12.4150 tried=5 sep_labels=7 clique_frac=0.00
t=8836ms iter=30 REBUILD reject new_tc=27.5731 (was 25.7612)
t=8933ms iter=30 incumb=25.7612 ratchet=25.8415 best=25.7546 since_improve=8
t=8935ms iter=31 WAIST cost=20.0000 best_alt=6.0000 gap=14.0000 tried=5 sep_labels=6 clique_frac=0.00
t=9092ms iter=31 REBUILD reject new_tc=28.7712 (was 25.7612)
t=9189ms iter=31 incumb=25.7612 ratchet=25.8293 best=25.7546 since_improve=9
t=9191ms iter=32 WAIST cost=20.0000 best_alt=5.0000 gap=15.0000 tried=5 sep_labels=5 clique_frac=0.00
t=9355ms iter=32 REBUILD reject new_tc=28.3681 (was 25.7612)
t=9452ms iter=32 incumb=25.7612 ratchet=25.9010 best=25.7546 since_improve=10
t=9453ms iter=33 WAIST cost=20.0000 best_alt=7.5850 gap=12.4150 tried=5 sep_labels=7 clique_frac=0.00
t=9612ms iter=33 REBUILD reject new_tc=26.5648 (was 25.7612)
t=9708ms iter=33 incumb=25.7612 ratchet=25.8494 best=25.7546 since_improve=11
t=9710ms iter=34 WAIST cost=20.0000 best_alt=7.5850 gap=12.4150 tried=5 sep_labels=7 clique_frac=0.00
t=9867ms iter=34 REBUILD reject new_tc=32.6049 (was 25.7612)
t=9966ms iter=34 incumb=25.7612 ratchet=25.7732 best=25.7546 since_improve=12
t=9967ms iter=35 WAIST cost=20.0000 best_alt=7.5850 gap=12.4150 tried=5 sep_labels=7 clique_frac=0.00
t=10129ms iter=35 REBUILD reject new_tc=28.6272 (was 25.7612)
t=10224ms iter=35 incumb=25.7612 ratchet=25.7705 best=25.7546 since_improve=13
t=10226ms iter=36 WAIST cost=20.0000 best_alt=5.0000 gap=15.0000 tried=5 sep_labels=5 clique_frac=0.00
t=10383ms iter=36 REBUILD reject new_tc=29.7477 (was 25.7612)
t=10480ms iter=36 incumb=25.7612 ratchet=25.8510 best=25.7546 since_improve=14
t=10482ms iter=37 WAIST cost=20.0000 best_alt=7.5850 gap=12.4150 tried=5 sep_labels=7 clique_frac=0.00
t=10639ms iter=37 REBUILD reject new_tc=36.9544 (was 25.7612)
t=10736ms iter=37 incumb=25.7612 ratchet=25.8004 best=25.7546 since_improve=15
t=10738ms iter=38 WAIST cost=20.0000 best_alt=5.0000 gap=15.0000 tried=5 sep_labels=5 clique_frac=0.00
t=10902ms iter=38 REBUILD reject new_tc=29.1530 (was 25.7612)
t=11092ms iter=38 incumb=25.7612 ratchet=25.7627 best=25.7522 since_improve=16
t=11094ms iter=39 WAIST cost=20.0000 best_alt=7.5850 gap=12.4150 tried=5 sep_labels=7 clique_frac=0.00
t=11252ms iter=39 REBUILD reject new_tc=39.1433 (was 25.7612)
t=11347ms iter=39 incumb=25.7612 ratchet=25.8048 best=25.7522 since_improve=17
t=11349ms iter=40 WAIST cost=20.0000 best_alt=7.5850 gap=12.4150 tried=5 sep_labels=7 clique_frac=0.00
t=11503ms iter=40 REBUILD reject new_tc=33.0794 (was 25.7612)
t=11684ms iter=40 incumb=25.7612 ratchet=25.7633 best=25.7507 since_improve=18
t=11686ms iter=41 WAIST cost=20.0000 best_alt=6.5850 gap=13.4150 tried=5 sep_labels=6 clique_frac=0.07
t=11844ms iter=41 REBUILD reject new_tc=28.4418 (was 25.7612)
t=11939ms iter=41 incumb=25.7612 ratchet=25.8904 best=25.7507 since_improve=19
t=11941ms iter=42 WAIST cost=20.0000 best_alt=7.5850 gap=12.4150 tried=5 sep_labels=7 clique_frac=0.00
t=12101ms iter=42 REBUILD reject new_tc=26.0644 (was 25.7612)
t=12198ms iter=42 incumb=25.7612 ratchet=25.8312 best=25.7507 since_improve=20
t=12200ms iter=43 WAIST cost=20.0000 best_alt=7.0000 gap=13.0000 tried=5 sep_labels=7 clique_frac=0.05
t=12365ms iter=43 REBUILD reject new_tc=28.5180 (was 25.7612)
t=12463ms iter=43 incumb=25.7612 ratchet=25.7810 best=25.7507 since_improve=21
t=12465ms iter=44 WAIST cost=20.0000 best_alt=5.0000 gap=15.0000 tried=5 sep_labels=5 clique_frac=0.00
t=12624ms iter=44 REBUILD reject new_tc=31.1071 (was 25.7612)
t=12720ms iter=44 incumb=25.7612 ratchet=25.8029 best=25.7507 since_improve=22
t=12722ms iter=45 WAIST cost=20.0000 best_alt=7.5850 gap=12.4150 tried=5 sep_labels=7 clique_frac=0.00
t=12880ms iter=45 REBUILD reject new_tc=29.3506 (was 25.7612)
t=12975ms iter=45 incumb=25.7612 ratchet=25.8243 best=25.7507 since_improve=23
t=12977ms iter=46 WAIST cost=20.0000 best_alt=7.5850 gap=12.4150 tried=5 sep_labels=7 clique_frac=0.00
t=13137ms iter=46 REBUILD reject new_tc=28.0180 (was 25.7612)
t=13234ms iter=46 incumb=25.7612 ratchet=25.7961 best=25.7507 since_improve=24
t=13236ms iter=47 WAIST cost=20.0000 best_alt=7.0000 gap=13.0000 tried=5 sep_labels=7 clique_frac=0.00
t=13396ms iter=47 REBUILD reject new_tc=26.4357 (was 25.7612)
t=13491ms iter=47 incumb=25.7612 ratchet=25.8777 best=25.7507 since_improve=25
t=13493ms iter=48 WAIST cost=20.0000 best_alt=5.0000 gap=15.0000 tried=5 sep_labels=5 clique_frac=0.00
t=13661ms iter=48 REBUILD reject new_tc=26.5193 (was 25.7612)
t=13756ms iter=48 incumb=25.7612 ratchet=25.7990 best=25.7507 since_improve=26
t=13758ms iter=49 WAIST cost=20.0000 best_alt=6.5850 gap=13.4150 tried=5 sep_labels=6 clique_frac=0.07
t=13915ms iter=49 REBUILD reject new_tc=37.6067 (was 25.7612)
t=14013ms iter=49 incumb=25.7612 ratchet=25.8442 best=25.7507 since_improve=27
t=14015ms iter=50 WAIST cost=20.0000 best_alt=7.5850 gap=12.4150 tried=5 sep_labels=7 clique_frac=0.00
t=14177ms iter=50 REBUILD reject new_tc=26.2460 (was 25.7612)
t=14274ms iter=50 incumb=25.7612 ratchet=25.7580 best=25.7507 since_improve=0
t=14276ms iter=51 WAIST cost=20.0000 best_alt=6.0000 gap=14.0000 tried=5 sep_labels=6 clique_frac=0.00
t=14433ms iter=51 REBUILD reject new_tc=27.5497 (was 25.7580)
t=14530ms iter=51 incumb=25.7580 ratchet=25.8387 best=25.7507 since_improve=1
t=14532ms iter=52 WAIST cost=20.0000 best_alt=5.0000 gap=15.0000 tried=5 sep_labels=5 clique_frac=0.00
t=14692ms iter=52 REBUILD reject new_tc=26.5497 (was 25.7580)
t=14789ms iter=52 incumb=25.7580 ratchet=25.8105 best=25.7507 since_improve=2
t=14791ms iter=53 WAIST cost=20.0000 best_alt=5.0000 gap=15.0000 tried=5 sep_labels=5 clique_frac=0.00
t=14953ms iter=53 REBUILD reject new_tc=30.5244 (was 25.7580)
t=15051ms iter=53 incumb=25.7580 ratchet=25.7724 best=25.7507 since_improve=3
t=15053ms iter=54 WAIST cost=20.0000 best_alt=7.0000 gap=13.0000 tried=5 sep_labels=7 clique_frac=0.14
t=15213ms iter=54 REBUILD reject new_tc=25.9164 (was 25.7580)
t=15313ms iter=54 incumb=25.7580 ratchet=25.7629 best=25.7507 since_improve=4
t=15315ms iter=55 WAIST cost=20.0000 best_alt=7.5850 gap=12.4150 tried=5 sep_labels=7 clique_frac=0.00
t=15473ms iter=55 REBUILD reject new_tc=28.9578 (was 25.7580)
t=15568ms iter=55 incumb=25.7580 ratchet=25.7686 best=25.7507 since_improve=5
t=15570ms iter=56 WAIST cost=20.0000 best_alt=5.0000 gap=15.0000 tried=5 sep_labels=5 clique_frac=0.00
t=15730ms iter=56 REBUILD reject new_tc=29.5131 (was 25.7580)
t=15829ms iter=56 incumb=25.7580 ratchet=25.7958 best=25.7507 since_improve=6
t=15831ms iter=57 WAIST cost=20.0000 best_alt=7.5850 gap=12.4150 tried=5 sep_labels=7 clique_frac=0.00
t=15992ms iter=57 REBUILD reject new_tc=26.1713 (was 25.7580)
t=16089ms iter=57 incumb=25.7580 ratchet=25.7912 best=25.7507 since_improve=7
t=16091ms iter=58 WAIST cost=20.0000 best_alt=7.5850 gap=12.4150 tried=5 sep_labels=7 clique_frac=0.00
t=16250ms iter=58 REBUILD reject new_tc=28.6559 (was 25.7580)
t=16346ms iter=58 incumb=25.7580 ratchet=25.8275 best=25.7507 since_improve=8
t=16348ms iter=59 WAIST cost=20.0000 best_alt=7.5850 gap=12.4150 tried=5 sep_labels=7 clique_frac=0.00
t=16522ms iter=59 REBUILD reject new_tc=26.0420 (was 25.7580)
t=16620ms iter=59 incumb=25.7580 ratchet=25.7880 best=25.7507 since_improve=9
t=16622ms iter=60 WAIST cost=20.0000 best_alt=7.5850 gap=12.4150 tried=5 sep_labels=7 clique_frac=0.00
t=16779ms iter=60 REBUILD reject new_tc=28.3677 (was 25.7580)
t=16887ms iter=60 incumb=25.7580 ratchet=25.7905 best=25.7507 since_improve=10
t=16888ms iter=61 WAIST cost=20.0000 best_alt=7.5850 gap=12.4150 tried=5 sep_labels=7 clique_frac=0.00
t=17046ms iter=61 REBUILD reject new_tc=27.4815 (was 25.7580)
t=17141ms iter=61 incumb=25.7580 ratchet=25.8098 best=25.7507 since_improve=11
t=17143ms iter=62 WAIST cost=20.0000 best_alt=6.5850 gap=13.4150 tried=5 sep_labels=6 clique_frac=0.00
t=17302ms iter=62 REBUILD reject new_tc=29.3506 (was 25.7580)
t=17399ms iter=62 incumb=25.7580 ratchet=25.8850 best=25.7507 since_improve=12
t=17401ms iter=63 WAIST cost=20.0000 best_alt=7.0000 gap=13.0000 tried=5 sep_labels=7 clique_frac=0.10
t=17560ms iter=63 REBUILD reject new_tc=26.1929 (was 25.7580)
t=17657ms iter=63 incumb=25.7580 ratchet=26.0539 best=25.7507 since_improve=13
t=17659ms iter=64 WAIST cost=20.0000 best_alt=7.5850 gap=12.4150 tried=5 sep_labels=7 clique_frac=0.00
t=17820ms iter=64 REBUILD reject new_tc=31.2192 (was 25.7580)
t=17919ms iter=64 incumb=25.7580 ratchet=25.9054 best=25.7507 since_improve=14
t=17921ms iter=65 WAIST cost=20.0000 best_alt=6.0000 gap=14.0000 tried=5 sep_labels=6 clique_frac=0.00
t=18080ms iter=65 REBUILD reject new_tc=28.5204 (was 25.7580)
t=18174ms iter=65 incumb=25.7580 ratchet=25.8813 best=25.7507 since_improve=15
t=18176ms iter=66 WAIST cost=20.0000 best_alt=6.0000 gap=14.0000 tried=5 sep_labels=6 clique_frac=0.00
t=18334ms iter=66 REBUILD reject new_tc=41.2224 (was 25.7580)
t=18430ms iter=66 incumb=25.7580 ratchet=25.8542 best=25.7507 since_improve=16
t=18432ms iter=67 WAIST cost=20.0000 best_alt=6.0000 gap=14.0000 tried=5 sep_labels=6 clique_frac=0.07
t=18589ms iter=67 REBUILD reject new_tc=27.7906 (was 25.7580)
t=18684ms iter=67 incumb=25.7580 ratchet=25.7935 best=25.7507 since_improve=17
t=18686ms iter=68 WAIST cost=20.0000 best_alt=6.5850 gap=13.4150 tried=5 sep_labels=6 clique_frac=0.07
t=18844ms iter=68 REBUILD reject new_tc=28.0372 (was 25.7580)
t=18938ms iter=68 incumb=25.7580 ratchet=26.0674 best=25.7507 since_improve=18
t=18940ms iter=69 WAIST cost=20.0000 best_alt=7.0000 gap=13.0000 tried=5 sep_labels=7 clique_frac=0.10
t=19099ms iter=69 REBUILD reject new_tc=28.3425 (was 25.7580)
t=19195ms iter=69 incumb=25.7580 ratchet=25.8601 best=25.7507 since_improve=19
t=19197ms iter=70 WAIST cost=20.0000 best_alt=7.5850 gap=12.4150 tried=5 sep_labels=7 clique_frac=0.00
t=19358ms iter=70 REBUILD reject new_tc=28.6248 (was 25.7580)
t=19456ms iter=70 incumb=25.7580 ratchet=25.9068 best=25.7507 since_improve=20
t=19458ms iter=71 WAIST cost=20.0000 best_alt=7.5850 gap=12.4150 tried=5 sep_labels=7 clique_frac=0.00
t=19618ms iter=71 REBUILD reject new_tc=28.6240 (was 25.7580)
t=19713ms iter=71 incumb=25.7580 ratchet=25.8882 best=25.7507 since_improve=21
t=19715ms iter=72 WAIST cost=20.0000 best_alt=5.0000 gap=15.0000 tried=5 sep_labels=5 clique_frac=0.00
t=19874ms iter=72 REBUILD reject new_tc=26.0071 (was 25.7580)
t=19969ms iter=72 incumb=25.7580 ratchet=25.7941 best=25.7507 since_improve=22
t=19971ms iter=73 WAIST cost=20.0000 best_alt=7.5850 gap=12.4150 tried=5 sep_labels=7 clique_frac=0.00
t=20130ms iter=73 REBUILD reject new_tc=28.4319 (was 25.7580)
t=20225ms iter=73 incumb=25.7580 ratchet=25.8114 best=25.7507 since_improve=23
t=20227ms iter=74 WAIST cost=20.0000 best_alt=6.0000 gap=14.0000 tried=5 sep_labels=6 clique_frac=0.00
t=20382ms iter=74 REBUILD reject new_tc=31.2397 (was 25.7580)
t=20477ms iter=74 incumb=25.7580 ratchet=25.8742 best=25.7507 since_improve=24
t=20479ms iter=75 WAIST cost=20.0000 best_alt=7.0000 gap=13.0000 tried=5 sep_labels=7 clique_frac=0.14
t=20637ms iter=75 REBUILD reject new_tc=33.2318 (was 25.7580)
t=20733ms iter=75 incumb=25.7580 ratchet=25.9109 best=25.7507 since_improve=25
t=20735ms iter=76 WAIST cost=20.0000 best_alt=7.5850 gap=12.4150 tried=5 sep_labels=7 clique_frac=0.00
t=20895ms iter=76 REBUILD reject new_tc=37.0367 (was 25.7580)
t=20991ms iter=76 incumb=25.7580 ratchet=25.7881 best=25.7507 since_improve=26
t=20993ms iter=77 WAIST cost=20.0000 best_alt=7.0000 gap=13.0000 tried=5 sep_labels=7 clique_frac=0.00
t=21152ms iter=77 REBUILD reject new_tc=26.8816 (was 25.7580)
t=21248ms iter=77 incumb=25.7580 ratchet=25.8566 best=25.7507 since_improve=27
t=21250ms iter=78 WAIST cost=20.0000 best_alt=6.5850 gap=13.4150 tried=5 sep_labels=6 clique_frac=0.07
t=21410ms iter=78 REBUILD reject new_tc=26.5935 (was 25.7580)
t=21507ms iter=78 incumb=25.7580 ratchet=25.8015 best=25.7507 since_improve=28
t=21509ms iter=79 WAIST cost=20.0000 best_alt=7.5850 gap=12.4150 tried=5 sep_labels=7 clique_frac=0.00
t=21653ms iter=79 REBUILD reject new_tc=37.3631 (was 25.7580)
t=21742ms iter=79 incumb=25.7580 ratchet=25.8282 best=25.7507 since_improve=29
t=21744ms iter=80 WAIST cost=20.0000 best_alt=7.5850 gap=12.4150 tried=5 sep_labels=7 clique_frac=0.00
t=21909ms iter=80 REBUILD reject new_tc=26.9777 (was 25.7580)
t=22010ms iter=80 incumb=25.7580 ratchet=25.7949 best=25.7507 since_improve=30
t=22012ms iter=81 WAIST cost=20.0000 best_alt=5.0000 gap=15.0000 tried=5 sep_labels=5 clique_frac=0.00
t=22179ms iter=81 REBUILD reject new_tc=26.0777 (was 25.7580)
t=22275ms iter=81 incumb=25.7580 ratchet=25.7851 best=25.7507 since_improve=31
t=22277ms iter=82 WAIST cost=20.0000 best_alt=6.0000 gap=14.0000 tried=5 sep_labels=6 clique_frac=0.00
t=22437ms iter=82 REBUILD reject new_tc=28.0410 (was 25.7580)
t=22533ms iter=82 incumb=25.7580 ratchet=25.7937 best=25.7507 since_improve=32
t=22535ms iter=83 WAIST cost=20.0000 best_alt=6.5850 gap=13.4150 tried=5 sep_labels=6 clique_frac=0.07
t=22694ms iter=83 REBUILD reject new_tc=26.7039 (was 25.7580)
t=22790ms iter=83 incumb=25.7580 ratchet=25.9110 best=25.7507 since_improve=33
t=22792ms iter=84 WAIST cost=20.0000 best_alt=7.5850 gap=12.4150 tried=5 sep_labels=7 clique_frac=0.00
t=22945ms iter=84 REBUILD reject new_tc=29.5965 (was 25.7580)
t=23043ms iter=84 incumb=25.7580 ratchet=25.8321 best=25.7507 since_improve=34
t=23044ms iter=85 WAIST cost=20.0000 best_alt=7.0000 gap=13.0000 tried=5 sep_labels=7 clique_frac=0.00
t=23203ms iter=85 REBUILD reject new_tc=26.4781 (was 25.7580)
t=23299ms iter=85 incumb=25.7580 ratchet=25.9321 best=25.7507 since_improve=35
t=23301ms iter=86 WAIST cost=20.0000 best_alt=5.0000 gap=15.0000 tried=5 sep_labels=5 clique_frac=0.00
t=23459ms iter=86 REBUILD reject new_tc=26.9736 (was 25.7580)
t=23551ms iter=86 incumb=25.7580 ratchet=25.8179 best=25.7507 since_improve=36
t=23553ms iter=87 WAIST cost=20.0000 best_alt=7.5850 gap=12.4150 tried=5 sep_labels=7 clique_frac=0.00
t=23712ms iter=87 REBUILD reject new_tc=27.3439 (was 25.7580)
t=23807ms iter=87 incumb=25.7580 ratchet=25.8328 best=25.7507 since_improve=37
t=23809ms iter=88 WAIST cost=20.0000 best_alt=6.5850 gap=13.4150 tried=5 sep_labels=6 clique_frac=0.07
t=23963ms iter=88 REBUILD reject new_tc=26.1886 (was 25.7580)
t=24059ms iter=88 incumb=25.7580 ratchet=25.9149 best=25.7507 since_improve=38
t=24061ms iter=89 WAIST cost=20.0000 best_alt=7.5850 gap=12.4150 tried=5 sep_labels=7 clique_frac=0.00
t=24220ms iter=89 REBUILD reject new_tc=26.1551 (was 25.7580)
t=24316ms iter=89 incumb=25.7580 ratchet=25.7951 best=25.7507 since_improve=39
t=24318ms iter=90 WAIST cost=20.0000 best_alt=7.0000 gap=13.0000 tried=5 sep_labels=7 clique_frac=0.10
t=24476ms iter=90 REBUILD reject new_tc=27.7660 (was 25.7580)
t=24572ms iter=90 incumb=25.7580 ratchet=25.8688 best=25.7507 since_improve=40
t=24574ms iter=91 WAIST cost=20.0000 best_alt=5.0000 gap=15.0000 tried=5 sep_labels=5 clique_frac=0.00
t=24732ms iter=91 REBUILD reject new_tc=29.7025 (was 25.7580)
t=24829ms iter=91 incumb=25.7580 ratchet=25.7750 best=25.7507 since_improve=41
t=24831ms iter=92 WAIST cost=20.0000 best_alt=6.5850 gap=13.4150 tried=5 sep_labels=6 clique_frac=0.00
t=24985ms iter=92 REBUILD reject new_tc=32.9812 (was 25.7580)
t=25081ms iter=92 incumb=25.7580 ratchet=25.7510 best=25.7507 since_improve=0
t=25088ms iter=93 WAIST cost=21.0000 best_alt=17.0000 gap=4.0000 tried=5 sep_labels=17 clique_frac=0.00
t=25244ms iter=93 REBUILD reject new_tc=27.0082 (was 25.7510)
t=25340ms iter=93 incumb=25.7510 ratchet=25.9685 best=25.7507 since_improve=1
t=25347ms iter=94 WAIST cost=21.0000 best_alt=17.0000 gap=4.0000 tried=5 sep_labels=17 clique_frac=0.00
t=25502ms iter=94 REBUILD reject new_tc=26.0622 (was 25.7510)
t=25596ms iter=94 incumb=25.7510 ratchet=25.8258 best=25.7507 since_improve=2
t=25603ms iter=95 WAIST cost=21.0000 best_alt=17.0000 gap=4.0000 tried=5 sep_labels=17 clique_frac=0.00
t=25753ms iter=95 REBUILD reject new_tc=26.1365 (was 25.7510)
t=25849ms iter=95 incumb=25.7510 ratchet=25.8296 best=25.7507 since_improve=3
t=25855ms iter=96 WAIST cost=21.0000 best_alt=17.0000 gap=4.0000 tried=5 sep_labels=17 clique_frac=0.00
t=26013ms iter=96 REBUILD reject new_tc=26.0996 (was 25.7510)
t=26109ms iter=96 incumb=25.7510 ratchet=25.8547 best=25.7507 since_improve=4
t=26115ms iter=97 WAIST cost=21.0000 best_alt=17.0000 gap=4.0000 tried=5 sep_labels=17 clique_frac=0.00
t=26270ms iter=97 REBUILD reject new_tc=35.1671 (was 25.7510)
t=26363ms iter=97 incumb=25.7510 ratchet=25.9058 best=25.7507 since_improve=5
t=26369ms iter=98 WAIST cost=21.0000 best_alt=17.0000 gap=4.0000 tried=5 sep_labels=17 clique_frac=0.00
t=26526ms iter=98 REBUILD reject new_tc=26.0345 (was 25.7510)
t=26622ms iter=98 incumb=25.7510 ratchet=25.8181 best=25.7507 since_improve=6
t=26629ms iter=99 WAIST cost=21.0000 best_alt=17.0000 gap=4.0000 tried=5 sep_labels=17 clique_frac=0.00
t=26786ms iter=99 REBUILD reject new_tc=27.0442 (was 25.7510)
t=26883ms iter=99 incumb=25.7510 ratchet=25.7937 best=25.7507 since_improve=7
t=26889ms iter=100 WAIST cost=21.0000 best_alt=17.0000 gap=4.0000 tried=5 sep_labels=17 clique_frac=0.00
t=27049ms iter=100 REBUILD reject new_tc=25.9401 (was 25.7510)
t=27148ms iter=100 incumb=25.7510 ratchet=25.7995 best=25.7507 since_improve=8
t=27154ms iter=101 WAIST cost=21.0000 best_alt=17.0000 gap=4.0000 tried=5 sep_labels=17 clique_frac=0.00
t=27309ms iter=101 REBUILD reject new_tc=29.5277 (was 25.7510)
t=27406ms iter=101 incumb=25.7510 ratchet=25.8501 best=25.7507 since_improve=9
t=27412ms iter=102 WAIST cost=21.0000 best_alt=17.0000 gap=4.0000 tried=5 sep_labels=17 clique_frac=0.00
t=27564ms iter=102 REBUILD reject new_tc=38.5683 (was 25.7510)
t=27662ms iter=102 incumb=25.7510 ratchet=25.7988 best=25.7507 since_improve=10
t=27670ms iter=103 WAIST cost=21.0000 best_alt=17.0000 gap=4.0000 tried=5 sep_labels=17 clique_frac=0.00
t=27817ms iter=103 REBUILD reject new_tc=35.0045 (was 25.7510)
t=27911ms iter=103 incumb=25.7510 ratchet=25.8951 best=25.7507 since_improve=11
t=27917ms iter=104 WAIST cost=21.0000 best_alt=17.0000 gap=4.0000 tried=5 sep_labels=17 clique_frac=0.00
t=28072ms iter=104 REBUILD reject new_tc=39.4364 (was 25.7510)
t=28167ms iter=104 incumb=25.7510 ratchet=25.8515 best=25.7507 since_improve=12
t=28173ms iter=105 WAIST cost=21.0000 best_alt=17.0000 gap=4.0000 tried=5 sep_labels=17 clique_frac=0.00
t=28326ms iter=105 REBUILD reject new_tc=27.7420 (was 25.7510)
t=28421ms iter=105 incumb=25.7510 ratchet=25.8111 best=25.7507 since_improve=13
t=28427ms iter=106 WAIST cost=21.0000 best_alt=16.0000 gap=5.0000 tried=5 sep_labels=16 clique_frac=0.00
t=28588ms iter=106 REBUILD reject new_tc=30.4967 (was 25.7510)
t=28684ms iter=106 incumb=25.7510 ratchet=25.7643 best=25.7507 since_improve=14
t=28691ms iter=107 WAIST cost=21.0000 best_alt=17.0000 gap=4.0000 tried=5 sep_labels=17 clique_frac=0.00
t=28848ms iter=107 REBUILD reject new_tc=35.0512 (was 25.7510)
t=28943ms iter=107 incumb=25.7510 ratchet=25.7672 best=25.7507 since_improve=15
t=28949ms iter=108 WAIST cost=21.0000 best_alt=17.0000 gap=4.0000 tried=5 sep_labels=17 clique_frac=0.00
t=29106ms iter=108 REBUILD reject new_tc=29.5205 (was 25.7510)
t=29200ms iter=108 incumb=25.7510 ratchet=25.8848 best=25.7507 since_improve=16
t=29206ms iter=109 WAIST cost=21.0000 best_alt=17.0000 gap=4.0000 tried=5 sep_labels=17 clique_frac=0.00
t=29360ms iter=109 REBUILD reject new_tc=31.3027 (was 25.7510)
t=29455ms iter=109 incumb=25.7510 ratchet=25.7855 best=25.7507 since_improve=17
t=29462ms iter=110 WAIST cost=21.0000 best_alt=17.0000 gap=4.0000 tried=5 sep_labels=17 clique_frac=0.00
t=29620ms iter=110 REBUILD reject new_tc=26.3188 (was 25.7510)
t=29715ms iter=110 incumb=25.7510 ratchet=25.8821 best=25.7507 since_improve=18
t=29722ms iter=111 WAIST cost=21.0000 best_alt=17.0000 gap=4.0000 tried=5 sep_labels=17 clique_frac=0.00
t=29880ms iter=111 REBUILD reject new_tc=27.0358 (was 25.7510)
t=29977ms iter=111 incumb=25.7510 ratchet=25.8765 best=25.7507 since_improve=19
t=29982ms iter=112 WAIST cost=21.0000 best_alt=17.0000 gap=4.0000 tried=5 sep_labels=17 clique_frac=0.00
t=30139ms iter=112 REBUILD reject new_tc=26.5559 (was 25.7510)
t=30234ms iter=112 incumb=25.7510 ratchet=25.7852 best=25.7507 since_improve=20
t=30240ms iter=113 WAIST cost=21.0000 best_alt=17.0000 gap=4.0000 tried=5 sep_labels=17 clique_frac=0.00
t=30400ms iter=113 REBUILD reject new_tc=26.0647 (was 25.7510)
t=30497ms iter=113 incumb=25.7510 ratchet=25.8419 best=25.7507 since_improve=21
t=30504ms iter=114 WAIST cost=21.0000 best_alt=17.0000 gap=4.0000 tried=5 sep_labels=17 clique_frac=0.00
t=30659ms iter=114 REBUILD reject new_tc=35.0478 (was 25.7510)
t=30751ms iter=114 incumb=25.7510 ratchet=25.7976 best=25.7507 since_improve=22
t=30758ms iter=115 WAIST cost=21.0000 best_alt=17.0000 gap=4.0000 tried=5 sep_labels=17 clique_frac=0.00
t=30912ms iter=115 REBUILD reject new_tc=26.8655 (was 25.7510)
t=31008ms iter=115 incumb=25.7510 ratchet=25.8347 best=25.7507 since_improve=23
t=31015ms iter=116 WAIST cost=21.0000 best_alt=17.0000 gap=4.0000 tried=5 sep_labels=17 clique_frac=0.00
t=31172ms iter=116 REBUILD reject new_tc=28.9510 (was 25.7510)
t=31267ms iter=116 incumb=25.7510 ratchet=25.7788 best=25.7507 since_improve=24
t=31274ms iter=117 WAIST cost=21.0000 best_alt=17.0000 gap=4.0000 tried=5 sep_labels=17 clique_frac=0.00
t=31431ms iter=117 REBUILD reject new_tc=26.5890 (was 25.7510)
t=31526ms iter=117 incumb=25.7510 ratchet=25.8299 best=25.7507 since_improve=25
t=31533ms iter=118 WAIST cost=21.0000 best_alt=17.0000 gap=4.0000 tried=5 sep_labels=17 clique_frac=0.00
t=31689ms iter=118 REBUILD reject new_tc=26.0139 (was 25.7510)
t=31784ms iter=118 incumb=25.7510 ratchet=25.8434 best=25.7507 since_improve=26
t=31790ms iter=119 WAIST cost=21.0000 best_alt=17.0000 gap=4.0000 tried=5 sep_labels=17 clique_frac=0.00
t=31947ms iter=119 REBUILD reject new_tc=26.1884 (was 25.7510)
t=32041ms iter=119 incumb=25.7510 ratchet=25.8066 best=25.7507 since_improve=27
t=32047ms iter=120 WAIST cost=21.0000 best_alt=17.0000 gap=4.0000 tried=5 sep_labels=17 clique_frac=0.00
t=32201ms iter=120 REBUILD reject new_tc=34.4620 (was 25.7510)
t=32297ms iter=120 incumb=25.7510 ratchet=25.8120 best=25.7507 since_improve=28
t=32304ms iter=121 WAIST cost=21.0000 best_alt=17.0000 gap=4.0000 tried=5 sep_labels=17 clique_frac=0.00
t=32460ms iter=121 REBUILD reject new_tc=29.3332 (was 25.7510)
t=32556ms iter=121 incumb=25.7510 ratchet=25.9620 best=25.7507 since_improve=29
t=32563ms iter=122 WAIST cost=21.0000 best_alt=17.0000 gap=4.0000 tried=5 sep_labels=17 clique_frac=0.00
t=32718ms iter=122 REBUILD reject new_tc=26.4693 (was 25.7510)
t=32813ms iter=122 incumb=25.7510 ratchet=25.7987 best=25.7507 since_improve=30
t=32821ms iter=123 WAIST cost=21.0000 best_alt=17.0000 gap=4.0000 tried=5 sep_labels=17 clique_frac=0.00
t=32977ms iter=123 REBUILD reject new_tc=36.5666 (was 25.7510)
t=33075ms iter=123 incumb=25.7510 ratchet=25.8792 best=25.7507 since_improve=31
t=33081ms iter=124 WAIST cost=21.0000 best_alt=17.0000 gap=4.0000 tried=5 sep_labels=17 clique_frac=0.00
t=33236ms iter=124 REBUILD reject new_tc=26.5142 (was 25.7510)
t=33335ms iter=124 incumb=25.7510 ratchet=25.8692 best=25.7507 since_improve=32
t=33341ms iter=125 WAIST cost=21.0000 best_alt=17.0000 gap=4.0000 tried=5 sep_labels=17 clique_frac=0.00
t=33496ms iter=125 REBUILD reject new_tc=27.7237 (was 25.7510)
t=33594ms iter=125 incumb=25.7510 ratchet=25.8361 best=25.7507 since_improve=33
t=33601ms iter=126 WAIST cost=21.0000 best_alt=17.0000 gap=4.0000 tried=5 sep_labels=17 clique_frac=0.00
t=33756ms iter=126 REBUILD reject new_tc=28.5880 (was 25.7510)
t=33855ms iter=126 incumb=25.7510 ratchet=25.7709 best=25.7507 since_improve=34
t=33861ms iter=127 WAIST cost=21.0000 best_alt=17.0000 gap=4.0000 tried=5 sep_labels=17 clique_frac=0.00
t=34020ms iter=127 REBUILD reject new_tc=27.9112 (was 25.7510)
t=34117ms iter=127 incumb=25.7510 ratchet=25.8095 best=25.7507 since_improve=35
t=34124ms iter=128 WAIST cost=21.0000 best_alt=17.0000 gap=4.0000 tried=5 sep_labels=17 clique_frac=0.00
t=34280ms iter=128 REBUILD reject new_tc=30.4055 (was 25.7510)
t=34373ms iter=128 incumb=25.7510 ratchet=25.7597 best=25.7507 since_improve=36
t=34380ms iter=129 WAIST cost=21.0000 best_alt=17.0000 gap=4.0000 tried=5 sep_labels=17 clique_frac=0.00
t=34535ms iter=129 REBUILD reject new_tc=34.5020 (was 25.7510)
t=34630ms iter=129 incumb=25.7510 ratchet=25.7784 best=25.7507 since_improve=37
t=34636ms iter=130 WAIST cost=21.0000 best_alt=17.0000 gap=4.0000 tried=5 sep_labels=17 clique_frac=0.00
t=34793ms iter=130 REBUILD reject new_tc=29.1826 (was 25.7510)
t=34889ms iter=130 incumb=25.7510 ratchet=25.7973 best=25.7507 since_improve=38
t=34896ms iter=131 WAIST cost=21.0000 best_alt=17.0000 gap=4.0000 tried=5 sep_labels=17 clique_frac=0.00
t=35051ms iter=131 REBUILD reject new_tc=26.3150 (was 25.7510)
t=35149ms iter=131 incumb=25.7510 ratchet=25.7701 best=25.7507 since_improve=39
t=35156ms iter=132 WAIST cost=21.0000 best_alt=17.0000 gap=4.0000 tried=5 sep_labels=17 clique_frac=0.00
t=35314ms iter=132 REBUILD reject new_tc=26.0349 (was 25.7510)
t=35409ms iter=132 incumb=25.7510 ratchet=25.7903 best=25.7507 since_improve=40
t=35416ms iter=133 WAIST cost=21.0000 best_alt=17.0000 gap=4.0000 tried=5 sep_labels=17 clique_frac=0.00
t=35573ms iter=133 REBUILD reject new_tc=26.1997 (was 25.7510)
t=35670ms iter=133 incumb=25.7510 ratchet=25.8471 best=25.7507 since_improve=41
t=35677ms iter=134 WAIST cost=21.0000 best_alt=17.0000 gap=4.0000 tried=5 sep_labels=17 clique_frac=0.00
t=35834ms iter=134 REBUILD reject new_tc=27.6654 (was 25.7510)
t=35931ms iter=134 incumb=25.7510 ratchet=25.8421 best=25.7507 since_improve=42
t=35937ms iter=135 WAIST cost=21.0000 best_alt=17.0000 gap=4.0000 tried=5 sep_labels=17 clique_frac=0.00
t=36094ms iter=135 REBUILD reject new_tc=26.0094 (was 25.7510)
t=36189ms iter=135 incumb=25.7510 ratchet=25.9765 best=25.7507 since_improve=43
t=36196ms iter=136 WAIST cost=21.0000 best_alt=17.0000 gap=4.0000 tried=5 sep_labels=17 clique_frac=0.00
t=36352ms iter=136 REBUILD reject new_tc=26.9189 (was 25.7510)
t=36448ms iter=136 incumb=25.7510 ratchet=25.7916 best=25.7507 since_improve=44
t=36454ms iter=137 WAIST cost=21.0000 best_alt=17.0000 gap=4.0000 tried=5 sep_labels=17 clique_frac=0.00
t=36612ms iter=137 REBUILD reject new_tc=27.8879 (was 25.7510)
t=36707ms iter=137 incumb=25.7510 ratchet=25.7820 best=25.7507 since_improve=45
t=36713ms iter=138 WAIST cost=21.0000 best_alt=17.0000 gap=4.0000 tried=5 sep_labels=17 clique_frac=0.00
t=36870ms iter=138 REBUILD reject new_tc=26.2109 (was 25.7510)
t=36961ms iter=138 incumb=25.7510 ratchet=25.7768 best=25.7507 since_improve=46
t=36965ms iter=139 WAIST cost=21.0000 best_alt=17.0000 gap=4.0000 tried=5 sep_labels=17 clique_frac=0.00
t=37119ms iter=139 REBUILD reject new_tc=36.5963 (was 25.7510)
t=37214ms iter=139 incumb=25.7510 ratchet=25.8594 best=25.7507 since_improve=47
t=37221ms iter=140 WAIST cost=21.0000 best_alt=17.0000 gap=4.0000 tried=5 sep_labels=17 clique_frac=0.00
t=37375ms iter=140 REBUILD reject new_tc=26.8258 (was 25.7510)
t=37470ms iter=140 incumb=25.7510 ratchet=25.8716 best=25.7507 since_improve=48
t=37476ms iter=141 WAIST cost=21.0000 best_alt=17.0000 gap=4.0000 tried=5 sep_labels=17 clique_frac=0.00
t=37624ms iter=141 REBUILD reject new_tc=31.4793 (was 25.7510)
t=37716ms iter=141 incumb=25.7510 ratchet=25.8511 best=25.7507 since_improve=49
t=37722ms iter=142 WAIST cost=21.0000 best_alt=17.0000 gap=4.0000 tried=5 sep_labels=17 clique_frac=0.00
t=37875ms iter=142 REBUILD reject new_tc=38.6673 (was 25.7510)
t=37970ms iter=142 incumb=25.7510 ratchet=25.9233 best=25.7507 since_improve=50
t=37977ms iter=143 WAIST cost=21.0000 best_alt=16.0000 gap=5.0000 tried=5 sep_labels=16 clique_frac=0.00
t=38132ms iter=143 REBUILD reject new_tc=28.8120 (was 25.7510)
t=38225ms iter=143 incumb=25.7510 ratchet=25.7515 best=25.7507 since_improve=51
t=38232ms iter=144 WAIST cost=21.0000 best_alt=17.0000 gap=4.0000 tried=5 sep_labels=17 clique_frac=0.00
t=38388ms iter=144 REBUILD reject new_tc=26.3889 (was 25.7510)
t=38482ms iter=144 incumb=25.7510 ratchet=25.8181 best=25.7507 since_improve=52
t=38489ms iter=145 WAIST cost=21.0000 best_alt=17.0000 gap=4.0000 tried=5 sep_labels=17 clique_frac=0.00
t=38643ms iter=145 REBUILD reject new_tc=26.3158 (was 25.7510)
t=38738ms iter=145 incumb=25.7510 ratchet=25.7722 best=25.7507 since_improve=53
t=38745ms iter=146 WAIST cost=21.0000 best_alt=17.0000 gap=4.0000 tried=5 sep_labels=17 clique_frac=0.00
t=38900ms iter=146 REBUILD reject new_tc=25.9968 (was 25.7510)
t=38998ms iter=146 incumb=25.7510 ratchet=25.7883 best=25.7507 since_improve=54
t=39004ms iter=147 WAIST cost=21.0000 best_alt=17.0000 gap=4.0000 tried=5 sep_labels=17 clique_frac=0.00
t=39159ms iter=147 REBUILD reject new_tc=28.3696 (was 25.7510)
t=39254ms iter=147 incumb=25.7510 ratchet=25.8274 best=25.7507 since_improve=55
t=39261ms iter=148 WAIST cost=21.0000 best_alt=17.0000 gap=4.0000 tried=5 sep_labels=17 clique_frac=0.00
t=39418ms iter=148 REBUILD reject new_tc=26.2153 (was 25.7510)
t=39513ms iter=148 incumb=25.7510 ratchet=25.9128 best=25.7507 since_improve=56
t=39519ms iter=149 WAIST cost=21.0000 best_alt=17.0000 gap=4.0000 tried=5 sep_labels=17 clique_frac=0.00
t=39677ms iter=149 REBUILD reject new_tc=28.4339 (was 25.7510)
t=39771ms iter=149 incumb=25.7510 ratchet=25.8488 best=25.7507 since_improve=57
t=39779ms iter=150 WAIST cost=21.0000 best_alt=17.0000 gap=4.0000 tried=5 sep_labels=17 clique_frac=0.00
t=39936ms iter=150 REBUILD reject new_tc=31.8463 (was 25.7510)
t=40034ms iter=150 incumb=25.7510 ratchet=25.7572 best=25.7507 since_improve=58
t=40041ms iter=151 WAIST cost=21.0000 best_alt=17.0000 gap=4.0000 tried=5 sep_labels=17 clique_frac=0.00
t=40195ms iter=151 REBUILD reject new_tc=26.9411 (was 25.7510)
t=40288ms iter=151 incumb=25.7510 ratchet=25.7901 best=25.7507 since_improve=59
t=40294ms iter=152 WAIST cost=21.0000 best_alt=17.0000 gap=4.0000 tried=5 sep_labels=17 clique_frac=0.00
t=40450ms iter=152 REBUILD reject new_tc=30.1167 (was 25.7510)
t=40545ms iter=152 incumb=25.7510 ratchet=25.8130 best=25.7507 since_improve=60
t=40550ms iter=153 WAIST cost=21.0000 best_alt=17.0000 gap=4.0000 tried=5 sep_labels=17 clique_frac=0.00
t=40708ms iter=153 REBUILD reject new_tc=27.0603 (was 25.7510)
t=40800ms iter=153 incumb=25.7510 ratchet=25.9523 best=25.7507 since_improve=61
t=40808ms iter=154 WAIST cost=21.0000 best_alt=17.0000 gap=4.0000 tried=5 sep_labels=17 clique_frac=0.00
t=40968ms iter=154 REBUILD reject new_tc=26.0080 (was 25.7510)
t=41171ms iter=154 incumb=25.7510 ratchet=25.7415 best=25.7415 since_improve=0
t=41189ms iter=155 WAIST cost=21.0000 best_alt=18.0000 gap=3.0000 tried=5 sep_labels=18 clique_frac=0.01
t=41318ms iter=155 REBUILD reject new_tc=28.4251 (was 25.7415)
t=41417ms iter=155 incumb=25.7415 ratchet=25.8967 best=25.7415 since_improve=1
t=41433ms iter=156 WAIST cost=21.0000 best_alt=17.0000 gap=4.0000 tried=5 sep_labels=17 clique_frac=0.00
t=41559ms iter=156 REBUILD reject new_tc=29.8161 (was 25.7415)
t=41651ms iter=156 incumb=25.7415 ratchet=25.8604 best=25.7415 since_improve=2
t=41665ms iter=157 WAIST cost=21.0000 best_alt=18.0000 gap=3.0000 tried=5 sep_labels=18 clique_frac=0.01
t=41794ms iter=157 REBUILD reject new_tc=27.5163 (was 25.7415)
t=41892ms iter=157 incumb=25.7415 ratchet=25.7887 best=25.7415 since_improve=3
t=41909ms iter=158 WAIST cost=21.0000 best_alt=18.0000 gap=3.0000 tried=5 sep_labels=18 clique_frac=0.01
t=42036ms iter=158 REBUILD reject new_tc=29.9703 (was 25.7415)
t=42133ms iter=158 incumb=25.7415 ratchet=25.8285 best=25.7415 since_improve=4
t=42151ms iter=159 WAIST cost=21.0000 best_alt=17.0000 gap=4.0000 tried=5 sep_labels=17 clique_frac=0.00
t=42280ms iter=159 REBUILD reject new_tc=33.3065 (was 25.7415)
t=42378ms iter=159 incumb=25.7415 ratchet=25.8317 best=25.7415 since_improve=5
t=42401ms iter=160 WAIST cost=21.0000 best_alt=18.0000 gap=3.0000 tried=5 sep_labels=18 clique_frac=0.01
t=42527ms iter=160 REBUILD reject new_tc=28.2617 (was 25.7415)
t=42624ms iter=160 incumb=25.7415 ratchet=25.7721 best=25.7415 since_improve=6
t=42641ms iter=161 WAIST cost=21.0000 best_alt=18.0000 gap=3.0000 tried=5 sep_labels=18 clique_frac=0.01
t=42768ms iter=161 REBUILD reject new_tc=28.2181 (was 25.7415)
t=42869ms iter=161 incumb=25.7415 ratchet=25.8190 best=25.7415 since_improve=7
t=42885ms iter=162 WAIST cost=21.0000 best_alt=18.0000 gap=3.0000 tried=5 sep_labels=18 clique_frac=0.01
t=43014ms iter=162 REBUILD reject new_tc=35.1986 (was 25.7415)
t=43108ms iter=162 incumb=25.7415 ratchet=25.9714 best=25.7415 since_improve=8
t=43129ms iter=163 WAIST cost=21.0000 best_alt=18.0000 gap=3.0000 tried=5 sep_labels=18 clique_frac=0.01
t=43262ms iter=163 REBUILD reject new_tc=29.7259 (was 25.7415)
t=43358ms iter=163 incumb=25.7415 ratchet=25.7519 best=25.7415 since_improve=9
t=43375ms iter=164 WAIST cost=21.0000 best_alt=17.0000 gap=4.0000 tried=5 sep_labels=17 clique_frac=0.00
t=43506ms iter=164 REBUILD reject new_tc=31.9298 (was 25.7415)
t=43602ms iter=164 incumb=25.7415 ratchet=25.7723 best=25.7415 since_improve=10
t=43617ms iter=165 WAIST cost=21.0000 best_alt=18.0000 gap=3.0000 tried=5 sep_labels=18 clique_frac=0.01
t=43745ms iter=165 REBUILD reject new_tc=32.5661 (was 25.7415)
t=43843ms iter=165 incumb=25.7415 ratchet=25.8854 best=25.7415 since_improve=11
t=43864ms iter=166 WAIST cost=21.0000 best_alt=18.0000 gap=3.0000 tried=5 sep_labels=18 clique_frac=0.01
t=43991ms iter=166 REBUILD reject new_tc=29.2244 (was 25.7415)
t=44089ms iter=166 incumb=25.7415 ratchet=25.8003 best=25.7415 since_improve=12
t=44105ms iter=167 WAIST cost=21.0000 best_alt=18.0000 gap=3.0000 tried=5 sep_labels=18 clique_frac=0.01
t=44231ms iter=167 REBUILD reject new_tc=29.8220 (was 25.7415)
t=44325ms iter=167 incumb=25.7415 ratchet=25.8203 best=25.7415 since_improve=13
t=44344ms iter=168 WAIST cost=21.0000 best_alt=18.0000 gap=3.0000 tried=5 sep_labels=18 clique_frac=0.01
t=44476ms iter=168 REBUILD reject new_tc=37.1674 (was 25.7415)
t=44570ms iter=168 incumb=25.7415 ratchet=25.9073 best=25.7415 since_improve=14
t=44585ms iter=169 WAIST cost=21.0000 best_alt=18.0000 gap=3.0000 tried=5 sep_labels=18 clique_frac=0.01
t=44713ms iter=169 REBUILD reject new_tc=29.7685 (was 25.7415)
t=44812ms iter=169 incumb=25.7415 ratchet=25.8586 best=25.7415 since_improve=15
t=44828ms iter=170 WAIST cost=21.0000 best_alt=18.0000 gap=3.0000 tried=5 sep_labels=18 clique_frac=0.01
t=44953ms iter=170 REBUILD reject new_tc=29.2495 (was 25.7415)
t=45050ms iter=170 incumb=25.7415 ratchet=25.8114 best=25.7415 since_improve=16
t=45070ms iter=171 WAIST cost=21.0000 best_alt=18.0000 gap=3.0000 tried=5 sep_labels=18 clique_frac=0.01
t=45198ms iter=171 REBUILD reject new_tc=31.1365 (was 25.7415)
t=45296ms iter=171 incumb=25.7415 ratchet=25.8411 best=25.7415 since_improve=17
t=45313ms iter=172 WAIST cost=21.0000 best_alt=18.0000 gap=3.0000 tried=5 sep_labels=18 clique_frac=0.01
t=45439ms iter=172 REBUILD reject new_tc=29.5709 (was 25.7415)
t=45537ms iter=172 incumb=25.7415 ratchet=25.8878 best=25.7415 since_improve=18
t=45559ms iter=173 WAIST cost=21.0000 best_alt=18.0000 gap=3.0000 tried=5 sep_labels=18 clique_frac=0.01
t=45689ms iter=173 REBUILD reject new_tc=26.1059 (was 25.7415)
t=45784ms iter=173 incumb=25.7415 ratchet=25.8107 best=25.7415 since_improve=19
t=45800ms iter=174 WAIST cost=21.0000 best_alt=18.0000 gap=3.0000 tried=5 sep_labels=18 clique_frac=0.01
t=45929ms iter=174 REBUILD reject new_tc=29.6454 (was 25.7415)
t=46024ms iter=174 incumb=25.7415 ratchet=25.8989 best=25.7415 since_improve=20
t=46043ms iter=175 WAIST cost=21.0000 best_alt=18.0000 gap=3.0000 tried=5 sep_labels=18 clique_frac=0.01
t=46169ms iter=175 REBUILD reject new_tc=28.3932 (was 25.7415)
t=46266ms iter=175 incumb=25.7415 ratchet=25.8031 best=25.7415 since_improve=21
t=46286ms iter=176 WAIST cost=21.0000 best_alt=18.0000 gap=3.0000 tried=5 sep_labels=18 clique_frac=0.01
t=46415ms iter=176 REBUILD reject new_tc=29.2303 (was 25.7415)
t=46513ms iter=176 incumb=25.7415 ratchet=25.7927 best=25.7415 since_improve=22
t=46533ms iter=177 WAIST cost=21.0000 best_alt=18.0000 gap=3.0000 tried=5 sep_labels=18 clique_frac=0.01
t=46661ms iter=177 REBUILD reject new_tc=28.4048 (was 25.7415)
t=46759ms iter=177 incumb=25.7415 ratchet=25.7800 best=25.7415 since_improve=23
t=46775ms iter=178 WAIST cost=21.0000 best_alt=18.0000 gap=3.0000 tried=5 sep_labels=18 clique_frac=0.01
t=46904ms iter=178 REBUILD reject new_tc=27.6103 (was 25.7415)
t=47001ms iter=178 incumb=25.7415 ratchet=25.8123 best=25.7415 since_improve=24
t=47018ms iter=179 WAIST cost=21.0000 best_alt=18.0000 gap=3.0000 tried=5 sep_labels=18 clique_frac=0.01
t=47146ms iter=179 REBUILD reject new_tc=29.1686 (was 25.7415)
t=47242ms iter=179 incumb=25.7415 ratchet=25.8008 best=25.7415 since_improve=25
t=47259ms iter=180 WAIST cost=21.0000 best_alt=18.0000 gap=3.0000 tried=5 sep_labels=18 clique_frac=0.01
t=47388ms iter=180 REBUILD reject new_tc=29.5839 (was 25.7415)
t=47485ms iter=180 incumb=25.7415 ratchet=25.8020 best=25.7415 since_improve=26
t=47500ms iter=181 WAIST cost=21.0000 best_alt=18.0000 gap=3.0000 tried=5 sep_labels=18 clique_frac=0.01
t=47630ms iter=181 REBUILD reject new_tc=32.1637 (was 25.7415)
t=47727ms iter=181 incumb=25.7415 ratchet=25.8466 best=25.7415 since_improve=27
t=47740ms iter=182 WAIST cost=21.0000 best_alt=18.0000 gap=3.0000 tried=5 sep_labels=18 clique_frac=0.01
t=47868ms iter=182 REBUILD reject new_tc=29.8360 (was 25.7415)
t=47966ms iter=182 incumb=25.7415 ratchet=25.8067 best=25.7415 since_improve=28
t=47984ms iter=183 WAIST cost=21.0000 best_alt=18.0000 gap=3.0000 tried=5 sep_labels=18 clique_frac=0.01
t=48115ms iter=183 REBUILD reject new_tc=28.4214 (was 25.7415)
t=48210ms iter=183 incumb=25.7415 ratchet=25.8088 best=25.7415 since_improve=29
t=48226ms iter=184 WAIST cost=21.0000 best_alt=18.0000 gap=3.0000 tried=5 sep_labels=18 clique_frac=0.01
t=48357ms iter=184 REBUILD reject new_tc=29.9138 (was 25.7415)
t=48454ms iter=184 incumb=25.7415 ratchet=25.8652 best=25.7415 since_improve=30
t=48468ms iter=185 WAIST cost=21.0000 best_alt=18.0000 gap=3.0000 tried=5 sep_labels=18 clique_frac=0.01
t=48595ms iter=185 REBUILD reject new_tc=36.0151 (was 25.7415)
t=48690ms iter=185 incumb=25.7415 ratchet=25.7955 best=25.7415 since_improve=31
t=48706ms iter=186 WAIST cost=21.0000 best_alt=18.0000 gap=3.0000 tried=5 sep_labels=18 clique_frac=0.01
t=48839ms iter=186 REBUILD reject new_tc=35.0736 (was 25.7415)
t=48934ms iter=186 incumb=25.7415 ratchet=25.8711 best=25.7415 since_improve=32
t=48955ms iter=187 WAIST cost=21.0000 best_alt=18.0000 gap=3.0000 tried=5 sep_labels=18 clique_frac=0.01
t=49085ms iter=187 REBUILD reject new_tc=29.5605 (was 25.7415)
t=49182ms iter=187 incumb=25.7415 ratchet=25.7703 best=25.7415 since_improve=33
t=49202ms iter=188 WAIST cost=21.0000 best_alt=18.0000 gap=3.0000 tried=5 sep_labels=18 clique_frac=0.01
t=49328ms iter=188 REBUILD reject new_tc=35.0814 (was 25.7415)
t=49424ms iter=188 incumb=25.7415 ratchet=25.7542 best=25.7415 since_improve=34
t=49443ms iter=189 WAIST cost=21.0000 best_alt=18.0000 gap=3.0000 tried=5 sep_labels=18 clique_frac=0.01
t=49570ms iter=189 REBUILD reject new_tc=36.6711 (was 25.7415)
t=49668ms iter=189 incumb=25.7415 ratchet=25.8263 best=25.7415 since_improve=35
t=49689ms iter=190 WAIST cost=21.0000 best_alt=18.0000 gap=3.0000 tried=5 sep_labels=18 clique_frac=0.01
t=49818ms iter=190 REBUILD reject new_tc=27.4792 (was 25.7415)
t=49913ms iter=190 incumb=25.7415 ratchet=25.7709 best=25.7415 since_improve=36
t=49929ms iter=191 WAIST cost=21.0000 best_alt=18.0000 gap=3.0000 tried=5 sep_labels=18 clique_frac=0.01
t=50058ms iter=191 REBUILD reject new_tc=26.1701 (was 25.7415)
t=50154ms iter=191 incumb=25.7415 ratchet=25.8353 best=25.7415 since_improve=37
t=50170ms iter=192 WAIST cost=21.0000 best_alt=18.0000 gap=3.0000 tried=5 sep_labels=18 clique_frac=0.01
t=50298ms iter=192 REBUILD reject new_tc=28.3147 (was 25.7415)
t=50395ms iter=192 incumb=25.7415 ratchet=25.8331 best=25.7415 since_improve=38
t=50409ms iter=193 WAIST cost=21.0000 best_alt=18.0000 gap=3.0000 tried=5 sep_labels=18 clique_frac=0.01
t=50536ms iter=193 REBUILD reject new_tc=30.5350 (was 25.7415)
t=50633ms iter=193 incumb=25.7415 ratchet=25.8560 best=25.7415 since_improve=39
t=50648ms iter=194 WAIST cost=21.0000 best_alt=18.0000 gap=3.0000 tried=5 sep_labels=18 clique_frac=0.01
t=50775ms iter=194 REBUILD reject new_tc=32.5474 (was 25.7415)
t=50871ms iter=194 incumb=25.7415 ratchet=25.8371 best=25.7415 since_improve=40
t=50890ms iter=195 WAIST cost=21.0000 best_alt=18.0000 gap=3.0000 tried=5 sep_labels=18 clique_frac=0.01
t=51019ms iter=195 REBUILD reject new_tc=31.5292 (was 25.7415)
t=51114ms iter=195 incumb=25.7415 ratchet=25.8067 best=25.7415 since_improve=41
t=51131ms iter=196 WAIST cost=21.0000 best_alt=18.0000 gap=3.0000 tried=5 sep_labels=18 clique_frac=0.01
t=51287ms iter=196 REBUILD reject new_tc=28.5869 (was 25.7415)
t=51383ms iter=196 incumb=25.7415 ratchet=25.8057 best=25.7415 since_improve=42
t=51401ms iter=197 WAIST cost=21.0000 best_alt=18.0000 gap=3.0000 tried=5 sep_labels=18 clique_frac=0.01
t=51529ms iter=197 REBUILD reject new_tc=27.5524 (was 25.7415)
t=51626ms iter=197 incumb=25.7415 ratchet=25.8010 best=25.7415 since_improve=43
t=51643ms iter=198 WAIST cost=21.0000 best_alt=18.0000 gap=3.0000 tried=5 sep_labels=18 clique_frac=0.01
t=51774ms iter=198 REBUILD reject new_tc=28.5148 (was 25.7415)
t=51927ms iter=198 incumb=25.7415 ratchet=25.8440 best=25.7415 since_improve=44
t=51944ms iter=199 WAIST cost=21.0000 best_alt=18.0000 gap=3.0000 tried=5 sep_labels=18 clique_frac=0.01
t=52071ms iter=199 REBUILD reject new_tc=29.9259 (was 25.7415)
t=52168ms iter=199 incumb=25.7415 ratchet=25.7953 best=25.7415 since_improve=45
t=52183ms iter=200 WAIST cost=21.0000 best_alt=18.0000 gap=3.0000 tried=5 sep_labels=18 clique_frac=0.01
t=52314ms iter=200 REBUILD reject new_tc=29.6157 (was 25.7415)
t=52410ms iter=200 incumb=25.7415 ratchet=25.8200 best=25.7415 since_improve=46
t=52428ms iter=201 WAIST cost=21.0000 best_alt=18.0000 gap=3.0000 tried=5 sep_labels=18 clique_frac=0.01
t=52552ms iter=201 REBUILD reject new_tc=29.8481 (was 25.7415)
t=52650ms iter=201 incumb=25.7415 ratchet=25.8493 best=25.7415 since_improve=47
t=52669ms iter=202 WAIST cost=21.0000 best_alt=18.0000 gap=3.0000 tried=5 sep_labels=18 clique_frac=0.01
t=52800ms iter=202 REBUILD reject new_tc=28.5519 (was 25.7415)
t=52896ms iter=202 incumb=25.7415 ratchet=25.8341 best=25.7415 since_improve=48
t=52910ms iter=203 WAIST cost=21.0000 best_alt=18.0000 gap=3.0000 tried=5 sep_labels=18 clique_frac=0.01
t=53036ms iter=203 REBUILD reject new_tc=29.2861 (was 25.7415)
t=53133ms iter=203 incumb=25.7415 ratchet=25.8385 best=25.7415 since_improve=49
t=53152ms iter=204 WAIST cost=21.0000 best_alt=18.0000 gap=3.0000 tried=5 sep_labels=18 clique_frac=0.01
t=53282ms iter=204 REBUILD reject new_tc=34.1731 (was 25.7415)
t=53377ms iter=204 incumb=25.7415 ratchet=25.8296 best=25.7415 since_improve=50
t=53398ms iter=205 WAIST cost=21.0000 best_alt=18.0000 gap=3.0000 tried=5 sep_labels=18 clique_frac=0.01
t=53527ms iter=205 REBUILD reject new_tc=28.7967 (was 25.7415)
t=53624ms iter=205 incumb=25.7415 ratchet=25.7606 best=25.7415 since_improve=51
t=53642ms iter=206 WAIST cost=21.0000 best_alt=18.0000 gap=3.0000 tried=5 sep_labels=18 clique_frac=0.01
t=53770ms iter=206 REBUILD reject new_tc=26.7710 (was 25.7415)
t=53867ms iter=206 incumb=25.7415 ratchet=25.8185 best=25.7415 since_improve=52
t=53886ms iter=207 WAIST cost=21.0000 best_alt=18.0000 gap=3.0000 tried=5 sep_labels=18 clique_frac=0.01
t=54015ms iter=207 REBUILD reject new_tc=26.2506 (was 25.7415)
t=54112ms iter=207 incumb=25.7415 ratchet=25.8646 best=25.7415 since_improve=53
t=54133ms iter=208 WAIST cost=21.0000 best_alt=18.0000 gap=3.0000 tried=5 sep_labels=18 clique_frac=0.01
t=54263ms iter=208 REBUILD reject new_tc=28.3750 (was 25.7415)
t=54360ms iter=208 incumb=25.7415 ratchet=25.8027 best=25.7415 since_improve=54
t=54382ms iter=209 WAIST cost=21.0000 best_alt=18.0000 gap=3.0000 tried=5 sep_labels=18 clique_frac=0.01
t=54513ms iter=209 REBUILD reject new_tc=27.8781 (was 25.7415)
t=54612ms iter=209 incumb=25.7415 ratchet=25.8263 best=25.7415 since_improve=55
t=54629ms iter=210 WAIST cost=21.0000 best_alt=18.0000 gap=3.0000 tried=5 sep_labels=18 clique_frac=0.01
t=54757ms iter=210 REBUILD reject new_tc=28.1958 (was 25.7415)
t=54854ms iter=210 incumb=25.7415 ratchet=25.9103 best=25.7415 since_improve=56
t=54869ms iter=211 WAIST cost=21.0000 best_alt=18.0000 gap=3.0000 tried=5 sep_labels=18 clique_frac=0.01
t=54996ms iter=211 REBUILD reject new_tc=29.7363 (was 25.7415)
t=55094ms iter=211 incumb=25.7415 ratchet=25.8068 best=25.7415 since_improve=57
t=55109ms iter=212 WAIST cost=21.0000 best_alt=18.0000 gap=3.0000 tried=5 sep_labels=18 clique_frac=0.01
t=55235ms iter=212 REBUILD reject new_tc=34.5576 (was 25.7415)
t=55333ms iter=212 incumb=25.7415 ratchet=25.9133 best=25.7415 since_improve=58
t=55348ms iter=213 WAIST cost=21.0000 best_alt=18.0000 gap=3.0000 tried=5 sep_labels=18 clique_frac=0.01
t=55475ms iter=213 REBUILD reject new_tc=29.6993 (was 25.7415)
t=55574ms iter=213 incumb=25.7415 ratchet=25.7760 best=25.7415 since_improve=59
t=55588ms iter=214 WAIST cost=21.0000 best_alt=18.0000 gap=3.0000 tried=5 sep_labels=18 clique_frac=0.01
t=55715ms iter=214 REBUILD reject new_tc=30.9772 (was 25.7415)
t=55811ms iter=214 incumb=25.7415 ratchet=25.8675 best=25.7415 since_improve=60
t=55825ms iter=215 WAIST cost=21.0000 best_alt=18.0000 gap=3.0000 tried=5 sep_labels=18 clique_frac=0.01
t=55954ms iter=215 REBUILD reject new_tc=28.5907 (was 25.7415)
t=56052ms iter=215 incumb=25.7415 ratchet=25.8645 best=25.7415 since_improve=61
t=56071ms iter=216 WAIST cost=21.0000 best_alt=18.0000 gap=3.0000 tried=5 sep_labels=18 clique_frac=0.01
t=56200ms iter=216 REBUILD reject new_tc=29.6924 (was 25.7415)
t=56296ms iter=216 incumb=25.7415 ratchet=25.9239 best=25.7415 since_improve=62
t=56310ms iter=217 WAIST cost=21.0000 best_alt=18.0000 gap=3.0000 tried=5 sep_labels=18 clique_frac=0.01
t=56437ms iter=217 REBUILD reject new_tc=25.9980 (was 25.7415)
t=56536ms iter=217 incumb=25.7415 ratchet=25.7995 best=25.7415 since_improve=63
t=56554ms iter=218 WAIST cost=21.0000 best_alt=18.0000 gap=3.0000 tried=5 sep_labels=18 clique_frac=0.01
t=56683ms iter=218 REBUILD reject new_tc=36.0349 (was 25.7415)
t=56780ms iter=218 incumb=25.7415 ratchet=25.7976 best=25.7415 since_improve=64
t=56803ms iter=219 WAIST cost=21.0000 best_alt=17.0000 gap=4.0000 tried=5 sep_labels=17 clique_frac=0.00
t=56932ms iter=219 REBUILD reject new_tc=30.2217 (was 25.7415)
t=57030ms iter=219 incumb=25.7415 ratchet=25.7966 best=25.7415 since_improve=65
t=57044ms iter=220 WAIST cost=21.0000 best_alt=18.0000 gap=3.0000 tried=5 sep_labels=18 clique_frac=0.01
t=57169ms iter=220 REBUILD reject new_tc=31.1456 (was 25.7415)
t=57267ms iter=220 incumb=25.7415 ratchet=25.7682 best=25.7415 since_improve=66
t=57291ms iter=221 WAIST cost=21.0000 best_alt=18.0000 gap=3.0000 tried=5 sep_labels=18 clique_frac=0.01
t=57420ms iter=221 REBUILD reject new_tc=30.0160 (was 25.7415)
t=57518ms iter=221 incumb=25.7415 ratchet=25.7934 best=25.7415 since_improve=67
t=57535ms iter=222 WAIST cost=21.0000 best_alt=18.0000 gap=3.0000 tried=5 sep_labels=18 clique_frac=0.01
t=57665ms iter=222 REBUILD reject new_tc=34.7553 (was 25.7415)
t=57758ms iter=222 incumb=25.7415 ratchet=25.8421 best=25.7415 since_improve=68
t=57774ms iter=223 WAIST cost=21.0000 best_alt=18.0000 gap=3.0000 tried=5 sep_labels=18 clique_frac=0.01
t=57905ms iter=223 REBUILD reject new_tc=28.0764 (was 25.7415)
t=58003ms iter=223 incumb=25.7415 ratchet=25.7719 best=25.7415 since_improve=69
t=58018ms iter=224 WAIST cost=21.0000 best_alt=18.0000 gap=3.0000 tried=5 sep_labels=18 clique_frac=0.01
t=58148ms iter=224 REBUILD reject new_tc=29.2683 (was 25.7415)
t=58243ms iter=224 incumb=25.7415 ratchet=25.8965 best=25.7415 since_improve=70
t=58261ms iter=225 WAIST cost=21.0000 best_alt=18.0000 gap=3.0000 tried=5 sep_labels=18 clique_frac=0.01
t=58390ms iter=225 REBUILD reject new_tc=28.0611 (was 25.7415)
t=58480ms iter=225 incumb=25.7415 ratchet=26.0763 best=25.7415 since_improve=71
t=58501ms iter=226 WAIST cost=21.0000 best_alt=18.0000 gap=3.0000 tried=5 sep_labels=18 clique_frac=0.01
t=58630ms iter=226 REBUILD reject new_tc=28.5359 (was 25.7415)
t=58727ms iter=226 incumb=25.7415 ratchet=25.8433 best=25.7415 since_improve=72
t=58749ms iter=227 WAIST cost=21.0000 best_alt=18.0000 gap=3.0000 tried=5 sep_labels=18 clique_frac=0.01
t=58874ms iter=227 REBUILD reject new_tc=36.7176 (was 25.7415)
t=58973ms iter=227 incumb=25.7415 ratchet=25.8906 best=25.7415 since_improve=73
t=58992ms iter=228 WAIST cost=21.0000 best_alt=18.0000 gap=3.0000 tried=5 sep_labels=18 clique_frac=0.01
t=59121ms iter=228 REBUILD reject new_tc=29.7637 (was 25.7415)
t=59219ms iter=228 incumb=25.7415 ratchet=25.8400 best=25.7415 since_improve=74
t=59236ms iter=229 WAIST cost=21.0000 best_alt=18.0000 gap=3.0000 tried=5 sep_labels=18 clique_frac=0.01
t=59367ms iter=229 REBUILD reject new_tc=29.4154 (was 25.7415)
t=59464ms iter=229 incumb=25.7415 ratchet=25.8149 best=25.7415 since_improve=75
t=59481ms iter=230 WAIST cost=21.0000 best_alt=18.0000 gap=3.0000 tried=5 sep_labels=18 clique_frac=0.01
t=59607ms iter=230 REBUILD reject new_tc=31.5249 (was 25.7415)
t=59702ms iter=230 incumb=25.7415 ratchet=25.8376 best=25.7415 since_improve=76
t=59716ms iter=231 WAIST cost=21.0000 best_alt=18.0000 gap=3.0000 tried=5 sep_labels=18 clique_frac=0.01
t=59849ms iter=231 REBUILD reject new_tc=30.0437 (was 25.7415)
t=59944ms iter=231 incumb=25.7415 ratchet=25.8394 best=25.7415 since_improve=77
t=59966ms iter=232 WAIST cost=21.0000 best_alt=18.0000 gap=3.0000 tried=5 sep_labels=18 clique_frac=0.01
t=60095ms iter=232 REBUILD reject new_tc=27.8108 (was 25.7415)
t=60191ms iter=232 incumb=25.7415 ratchet=25.8213 best=25.7415 since_improve=78
t=60212ms iter=233 WAIST cost=21.0000 best_alt=18.0000 gap=3.0000 tried=5 sep_labels=18 clique_frac=0.01
t=60340ms iter=233 REBUILD reject new_tc=29.7474 (was 25.7415)
t=60436ms iter=233 incumb=25.7415 ratchet=25.7741 best=25.7415 since_improve=79
t=60452ms iter=234 WAIST cost=21.0000 best_alt=18.0000 gap=3.0000 tried=5 sep_labels=18 clique_frac=0.01
t=60583ms iter=234 REBUILD reject new_tc=27.6552 (was 25.7415)
t=60681ms iter=234 incumb=25.7415 ratchet=25.8367 best=25.7415 since_improve=80
t=60696ms iter=235 WAIST cost=21.0000 best_alt=18.0000 gap=3.0000 tried=5 sep_labels=18 clique_frac=0.01
t=60823ms iter=235 REBUILD reject new_tc=34.9035 (was 25.7415)
t=60919ms iter=235 incumb=25.7415 ratchet=25.7916 best=25.7415 since_improve=81
t=60939ms iter=236 WAIST cost=21.0000 best_alt=18.0000 gap=3.0000 tried=5 sep_labels=18 clique_frac=0.01
t=61070ms iter=236 REBUILD reject new_tc=29.1062 (was 25.7415)
t=61165ms iter=236 incumb=25.7415 ratchet=25.7721 best=25.7415 since_improve=82
t=61182ms iter=237 WAIST cost=21.0000 best_alt=17.0000 gap=4.0000 tried=5 sep_labels=17 clique_frac=0.00
t=61312ms iter=237 REBUILD reject new_tc=32.0998 (was 25.7415)
t=61406ms iter=237 incumb=25.7415 ratchet=25.8450 best=25.7415 since_improve=83
t=61424ms iter=238 WAIST cost=21.0000 best_alt=18.0000 gap=3.0000 tried=5 sep_labels=18 clique_frac=0.01
t=61553ms iter=238 REBUILD reject new_tc=28.5010 (was 25.7415)
t=61650ms iter=238 incumb=25.7415 ratchet=25.8065 best=25.7415 since_improve=84
t=61669ms iter=239 WAIST cost=21.0000 best_alt=18.0000 gap=3.0000 tried=5 sep_labels=18 clique_frac=0.01
t=61801ms iter=239 REBUILD reject new_tc=28.6026 (was 25.7415)
t=61899ms iter=239 incumb=25.7415 ratchet=25.8203 best=25.7415 since_improve=85
t=61919ms iter=240 WAIST cost=21.0000 best_alt=17.0000 gap=4.0000 tried=5 sep_labels=17 clique_frac=0.00
t=62062ms iter=240 REBUILD reject new_tc=25.9872 (was 25.7415)
t=62163ms iter=240 incumb=25.7415 ratchet=25.8804 best=25.7415 since_improve=86
t=62213ms iter=241 WAIST cost=21.0000 best_alt=18.0000 gap=3.0000 tried=5 sep_labels=18 clique_frac=0.01
t=62362ms iter=241 REBUILD reject new_tc=29.7489 (was 25.7415)
t=62459ms iter=241 incumb=25.7415 ratchet=25.8267 best=25.7415 since_improve=87
t=62479ms iter=242 WAIST cost=21.0000 best_alt=18.0000 gap=3.0000 tried=5 sep_labels=18 clique_frac=0.01
t=62610ms iter=242 REBUILD reject new_tc=29.6655 (was 25.7415)
t=62704ms iter=242 incumb=25.7415 ratchet=25.7790 best=25.7415 since_improve=88
t=62729ms iter=243 WAIST cost=21.0000 best_alt=17.0000 gap=4.0000 tried=5 sep_labels=17 clique_frac=0.00
t=62857ms iter=243 REBUILD reject new_tc=27.8901 (was 25.7415)
t=62953ms iter=243 incumb=25.7415 ratchet=25.8151 best=25.7415 since_improve=89
t=62968ms iter=244 WAIST cost=21.0000 best_alt=18.0000 gap=3.0000 tried=5 sep_labels=18 clique_frac=0.01
t=63095ms iter=244 REBUILD reject new_tc=28.9201 (was 25.7415)
t=63192ms iter=244 incumb=25.7415 ratchet=25.8051 best=25.7415 since_improve=90
t=63210ms iter=245 WAIST cost=21.0000 best_alt=18.0000 gap=3.0000 tried=5 sep_labels=18 clique_frac=0.01
t=63335ms iter=245 REBUILD reject new_tc=30.8080 (was 25.7415)
t=63430ms iter=245 incumb=25.7415 ratchet=25.8830 best=25.7415 since_improve=91
t=63451ms iter=246 WAIST cost=21.0000 best_alt=18.0000 gap=3.0000 tried=5 sep_labels=18 clique_frac=0.01
t=63577ms iter=246 REBUILD reject new_tc=31.2841 (was 25.7415)
t=63677ms iter=246 incumb=25.7415 ratchet=25.8531 best=25.7415 since_improve=92
t=63693ms iter=247 WAIST cost=21.0000 best_alt=18.0000 gap=3.0000 tried=5 sep_labels=18 clique_frac=0.01
t=63822ms iter=247 REBUILD reject new_tc=28.4595 (was 25.7415)
t=63910ms iter=247 incumb=25.7415 ratchet=25.8254 best=25.7415 since_improve=93
t=63923ms iter=248 WAIST cost=21.0000 best_alt=18.0000 gap=3.0000 tried=5 sep_labels=18 clique_frac=0.01
t=64048ms iter=248 REBUILD reject new_tc=28.4361 (was 25.7415)
t=64144ms iter=248 incumb=25.7415 ratchet=25.7761 best=25.7415 since_improve=94
t=64165ms iter=249 WAIST cost=21.0000 best_alt=18.0000 gap=3.0000 tried=5 sep_labels=18 clique_frac=0.01
t=64289ms iter=249 REBUILD reject new_tc=35.6021 (was 25.7415)
t=64386ms iter=249 incumb=25.7415 ratchet=25.8231 best=25.7415 since_improve=95
t=64404ms iter=250 WAIST cost=21.0000 best_alt=18.0000 gap=3.0000 tried=5 sep_labels=18 clique_frac=0.01
t=64530ms iter=250 REBUILD reject new_tc=28.3977 (was 25.7415)
t=64627ms iter=250 incumb=25.7415 ratchet=25.7834 best=25.7415 since_improve=96
t=64648ms iter=251 WAIST cost=21.0000 best_alt=18.0000 gap=3.0000 tried=5 sep_labels=18 clique_frac=0.01
t=64777ms iter=251 REBUILD reject new_tc=29.7019 (was 25.7415)
t=64873ms iter=251 incumb=25.7415 ratchet=25.8064 best=25.7415 since_improve=97
t=64889ms iter=252 WAIST cost=21.0000 best_alt=18.0000 gap=3.0000 tried=5 sep_labels=18 clique_frac=0.01
t=65013ms iter=252 REBUILD reject new_tc=29.6246 (was 25.7415)
t=65105ms iter=252 incumb=25.7415 ratchet=25.8278 best=25.7415 since_improve=98
t=65126ms iter=253 WAIST cost=21.0000 best_alt=18.0000 gap=3.0000 tried=5 sep_labels=18 clique_frac=0.01
t=65254ms iter=253 REBUILD reject new_tc=28.7312 (was 25.7415)
t=65352ms iter=253 incumb=25.7415 ratchet=25.8122 best=25.7415 since_improve=99
t=65366ms iter=254 WAIST cost=21.0000 best_alt=18.0000 gap=3.0000 tried=5 sep_labels=18 clique_frac=0.01
t=65494ms iter=254 REBUILD reject new_tc=26.3370 (was 25.7415)
t=65590ms iter=254 incumb=25.7415 ratchet=25.8418 best=25.7415 since_improve=100
t=65611ms iter=255 WAIST cost=21.0000 best_alt=18.0000 gap=3.0000 tried=5 sep_labels=18 clique_frac=0.01
t=65735ms iter=255 REBUILD reject new_tc=35.1597 (was 25.7415)
t=65828ms iter=255 incumb=25.7415 ratchet=25.9097 best=25.7415 since_improve=101
t=65844ms iter=256 WAIST cost=21.0000 best_alt=18.0000 gap=3.0000 tried=5 sep_labels=18 clique_frac=0.01
t=65971ms iter=256 REBUILD reject new_tc=29.3982 (was 25.7415)
t=66067ms iter=256 incumb=25.7415 ratchet=25.8891 best=25.7415 since_improve=102
t=66086ms iter=257 WAIST cost=21.0000 best_alt=18.0000 gap=3.0000 tried=5 sep_labels=18 clique_frac=0.01
t=66215ms iter=257 REBUILD reject new_tc=33.2837 (was 25.7415)
t=66312ms iter=257 incumb=25.7415 ratchet=25.8203 best=25.7415 since_improve=103
t=66327ms iter=258 WAIST cost=21.0000 best_alt=18.0000 gap=3.0000 tried=5 sep_labels=18 clique_frac=0.01
t=66457ms iter=258 REBUILD reject new_tc=36.0172 (was 25.7415)
t=66551ms iter=258 incumb=25.7415 ratchet=25.9187 best=25.7415 since_improve=104
t=66570ms iter=259 WAIST cost=21.0000 best_alt=18.0000 gap=3.0000 tried=5 sep_labels=18 clique_frac=0.01
t=66702ms iter=259 REBUILD reject new_tc=28.1797 (was 25.7415)
t=66799ms iter=259 incumb=25.7415 ratchet=25.8144 best=25.7415 since_improve=105
t=66815ms iter=260 WAIST cost=21.0000 best_alt=18.0000 gap=3.0000 tried=5 sep_labels=18 clique_frac=0.01
t=66942ms iter=260 REBUILD reject new_tc=29.2806 (was 25.7415)
t=67038ms iter=260 incumb=25.7415 ratchet=25.7924 best=25.7415 since_improve=106
t=67059ms iter=261 WAIST cost=21.0000 best_alt=18.0000 gap=3.0000 tried=5 sep_labels=18 clique_frac=0.01
t=67192ms iter=261 REBUILD reject new_tc=36.4012 (was 25.7415)
t=67292ms iter=261 incumb=25.7415 ratchet=25.8115 best=25.7415 since_improve=107
t=67314ms iter=262 WAIST cost=21.0000 best_alt=18.0000 gap=3.0000 tried=5 sep_labels=18 clique_frac=0.01
t=67443ms iter=262 REBUILD reject new_tc=29.6105 (was 25.7415)
t=67540ms iter=262 incumb=25.7415 ratchet=25.8580 best=25.7415 since_improve=108
t=67557ms iter=263 WAIST cost=21.0000 best_alt=18.0000 gap=3.0000 tried=5 sep_labels=18 clique_frac=0.01
t=67684ms iter=263 REBUILD reject new_tc=29.7798 (was 25.7415)
t=67780ms iter=263 incumb=25.7415 ratchet=25.7945 best=25.7415 since_improve=109
t=67797ms iter=264 WAIST cost=21.0000 best_alt=18.0000 gap=3.0000 tried=5 sep_labels=18 clique_frac=0.01
t=67926ms iter=264 REBUILD reject new_tc=35.1131 (was 25.7415)
t=68021ms iter=264 incumb=25.7415 ratchet=25.8022 best=25.7415 since_improve=110
t=68041ms iter=265 WAIST cost=21.0000 best_alt=18.0000 gap=3.0000 tried=5 sep_labels=18 clique_frac=0.01
t=68171ms iter=265 REBUILD reject new_tc=29.3997 (was 25.7415)
t=68266ms iter=265 incumb=25.7415 ratchet=25.7707 best=25.7415 since_improve=111
t=68282ms iter=266 WAIST cost=21.0000 best_alt=18.0000 gap=3.0000 tried=5 sep_labels=18 clique_frac=0.01
t=68410ms iter=266 REBUILD reject new_tc=29.5373 (was 25.7415)
t=68507ms iter=266 incumb=25.7415 ratchet=25.7936 best=25.7415 since_improve=112
t=68524ms iter=267 WAIST cost=21.0000 best_alt=18.0000 gap=3.0000 tried=5 sep_labels=18 clique_frac=0.01
t=68653ms iter=267 REBUILD reject new_tc=26.6106 (was 25.7415)
t=68750ms iter=267 incumb=25.7415 ratchet=25.8526 best=25.7415 since_improve=113
t=68767ms iter=268 WAIST cost=21.0000 best_alt=18.0000 gap=3.0000 tried=5 sep_labels=18 clique_frac=0.01
t=68897ms iter=268 REBUILD reject new_tc=27.5153 (was 25.7415)
t=68992ms iter=268 incumb=25.7415 ratchet=25.8011 best=25.7415 since_improve=114
t=69009ms iter=269 WAIST cost=21.0000 best_alt=18.0000 gap=3.0000 tried=5 sep_labels=18 clique_frac=0.01
t=69138ms iter=269 REBUILD reject new_tc=29.3657 (was 25.7415)
t=69230ms iter=269 incumb=25.7415 ratchet=25.8267 best=25.7415 since_improve=115
t=69247ms iter=270 WAIST cost=21.0000 best_alt=18.0000 gap=3.0000 tried=5 sep_labels=18 clique_frac=0.01
t=69373ms iter=270 REBUILD reject new_tc=37.1257 (was 25.7415)
t=69472ms iter=270 incumb=25.7415 ratchet=25.8947 best=25.7415 since_improve=116
t=69491ms iter=271 WAIST cost=21.0000 best_alt=17.0000 gap=4.0000 tried=5 sep_labels=17 clique_frac=0.00
t=69618ms iter=271 REBUILD reject new_tc=33.2451 (was 25.7415)
t=69712ms iter=271 incumb=25.7415 ratchet=25.8455 best=25.7415 since_improve=117
t=69736ms iter=272 WAIST cost=21.0000 best_alt=18.0000 gap=3.0000 tried=5 sep_labels=18 clique_frac=0.01
t=69865ms iter=272 REBUILD reject new_tc=31.1043 (was 25.7415)
t=69961ms iter=272 incumb=25.7415 ratchet=25.8764 best=25.7415 since_improve=118
t=69980ms iter=273 WAIST cost=21.0000 best_alt=18.0000 gap=3.0000 tried=5 sep_labels=18 clique_frac=0.01
t=70102ms iter=273 REBUILD reject new_tc=33.2223 (was 25.7415)
t=70199ms iter=273 incumb=25.7415 ratchet=25.8531 best=25.7415 since_improve=119
t=70220ms iter=274 WAIST cost=21.0000 best_alt=18.0000 gap=3.0000 tried=5 sep_labels=18 clique_frac=0.01
t=70348ms iter=274 REBUILD reject new_tc=29.6040 (was 25.7415)
t=70445ms iter=274 incumb=25.7415 ratchet=25.7695 best=25.7415 since_improve=120
t=70466ms iter=275 WAIST cost=21.0000 best_alt=18.0000 gap=3.0000 tried=5 sep_labels=18 clique_frac=0.01
t=70594ms iter=275 REBUILD reject new_tc=36.4070 (was 25.7415)
t=70688ms iter=275 incumb=25.7415 ratchet=25.8020 best=25.7415 since_improve=121
t=70707ms iter=276 WAIST cost=21.0000 best_alt=18.0000 gap=3.0000 tried=5 sep_labels=18 clique_frac=0.01
t=70835ms iter=276 REBUILD reject new_tc=34.6625 (was 25.7415)
t=70933ms iter=276 incumb=25.7415 ratchet=25.7958 best=25.7415 since_improve=122
t=70954ms iter=277 WAIST cost=21.0000 best_alt=18.0000 gap=3.0000 tried=5 sep_labels=18 clique_frac=0.01
t=71084ms iter=277 REBUILD reject new_tc=34.4784 (was 25.7415)
t=71180ms iter=277 incumb=25.7415 ratchet=25.8096 best=25.7415 since_improve=123
t=71199ms iter=278 WAIST cost=21.0000 best_alt=18.0000 gap=3.0000 tried=5 sep_labels=18 clique_frac=0.01
t=71326ms iter=278 REBUILD reject new_tc=28.0427 (was 25.7415)
t=71420ms iter=278 incumb=25.7415 ratchet=25.7914 best=25.7415 since_improve=124
t=71438ms iter=279 WAIST cost=21.0000 best_alt=18.0000 gap=3.0000 tried=5 sep_labels=18 clique_frac=0.01
t=71569ms iter=279 REBUILD reject new_tc=34.6764 (was 25.7415)
t=71665ms iter=279 incumb=25.7415 ratchet=25.8029 best=25.7415 since_improve=125
t=71683ms iter=280 WAIST cost=21.0000 best_alt=18.0000 gap=3.0000 tried=5 sep_labels=18 clique_frac=0.01
t=71810ms iter=280 REBUILD reject new_tc=35.9830 (was 25.7415)
t=71907ms iter=280 incumb=25.7415 ratchet=25.8421 best=25.7415 since_improve=126
t=71925ms iter=281 WAIST cost=21.0000 best_alt=18.0000 gap=3.0000 tried=5 sep_labels=18 clique_frac=0.01
t=72051ms iter=281 REBUILD reject new_tc=31.0448 (was 25.7415)
t=72148ms iter=281 incumb=25.7415 ratchet=25.7458 best=25.7415 since_improve=127
t=72166ms iter=282 WAIST cost=21.0000 best_alt=18.0000 gap=3.0000 tried=5 sep_labels=18 clique_frac=0.01
t=72299ms iter=282 REBUILD reject new_tc=27.8094 (was 25.7415)
t=72396ms iter=282 incumb=25.7415 ratchet=25.8236 best=25.7415 since_improve=128
t=72416ms iter=283 WAIST cost=21.0000 best_alt=18.0000 gap=3.0000 tried=5 sep_labels=18 clique_frac=0.01
t=72548ms iter=283 REBUILD reject new_tc=29.2799 (was 25.7415)
t=72645ms iter=283 incumb=25.7415 ratchet=25.8094 best=25.7415 since_improve=129
t=72664ms iter=284 WAIST cost=21.0000 best_alt=17.0000 gap=4.0000 tried=5 sep_labels=17 clique_frac=0.00
t=72797ms iter=284 REBUILD reject new_tc=28.5598 (was 25.7415)
t=72895ms iter=284 incumb=25.7415 ratchet=25.8565 best=25.7415 since_improve=130
t=72916ms iter=285 WAIST cost=21.0000 best_alt=18.0000 gap=3.0000 tried=5 sep_labels=18 clique_frac=0.01
t=73044ms iter=285 REBUILD reject new_tc=34.4714 (was 25.7415)
t=73141ms iter=285 incumb=25.7415 ratchet=25.8054 best=25.7415 since_improve=131
t=73161ms iter=286 WAIST cost=21.0000 best_alt=18.0000 gap=3.0000 tried=5 sep_labels=18 clique_frac=0.01
t=73289ms iter=286 REBUILD reject new_tc=28.2230 (was 25.7415)
t=73388ms iter=286 incumb=25.7415 ratchet=25.8995 best=25.7415 since_improve=132
t=73410ms iter=287 WAIST cost=21.0000 best_alt=18.0000 gap=3.0000 tried=5 sep_labels=18 clique_frac=0.01
t=73534ms iter=287 REBUILD reject new_tc=31.2827 (was 25.7415)
t=73631ms iter=287 incumb=25.7415 ratchet=25.8348 best=25.7415 since_improve=133
t=73649ms iter=288 WAIST cost=21.0000 best_alt=18.0000 gap=3.0000 tried=5 sep_labels=18 clique_frac=0.01
t=73780ms iter=288 REBUILD reject new_tc=28.1672 (was 25.7415)
t=73874ms iter=288 incumb=25.7415 ratchet=25.8635 best=25.7415 since_improve=134
t=73892ms iter=289 WAIST cost=21.0000 best_alt=18.0000 gap=3.0000 tried=5 sep_labels=18 clique_frac=0.01
t=74020ms iter=289 REBUILD reject new_tc=27.4993 (was 25.7415)
t=74117ms iter=289 incumb=25.7415 ratchet=25.7880 best=25.7415 since_improve=135
t=74138ms iter=290 WAIST cost=21.0000 best_alt=18.0000 gap=3.0000 tried=5 sep_labels=18 clique_frac=0.01
t=74265ms iter=290 REBUILD reject new_tc=31.1942 (was 25.7415)
t=74360ms iter=290 incumb=25.7415 ratchet=25.7985 best=25.7415 since_improve=136
t=74379ms iter=291 WAIST cost=21.0000 best_alt=18.0000 gap=3.0000 tried=5 sep_labels=18 clique_frac=0.01
t=74506ms iter=291 REBUILD reject new_tc=34.5114 (was 25.7415)
t=74601ms iter=291 incumb=25.7415 ratchet=25.8001 best=25.7415 since_improve=137
t=74620ms iter=292 WAIST cost=21.0000 best_alt=18.0000 gap=3.0000 tried=5 sep_labels=18 clique_frac=0.01
t=74748ms iter=292 REBUILD reject new_tc=31.6170 (was 25.7415)
t=74845ms iter=292 incumb=25.7415 ratchet=25.8320 best=25.7415 since_improve=138
t=74863ms iter=293 WAIST cost=21.0000 best_alt=18.0000 gap=3.0000 tried=5 sep_labels=18 clique_frac=0.01
t=74993ms iter=293 REBUILD reject new_tc=33.3834 (was 25.7415)
t=75089ms iter=293 incumb=25.7415 ratchet=25.8049 best=25.7415 since_improve=139
t=75105ms iter=294 WAIST cost=21.0000 best_alt=18.0000 gap=3.0000 tried=5 sep_labels=18 clique_frac=0.01
t=75233ms iter=294 REBUILD reject new_tc=34.7013 (was 25.7415)
t=75331ms iter=294 incumb=25.7415 ratchet=25.8530 best=25.7415 since_improve=140
t=75348ms iter=295 WAIST cost=21.0000 best_alt=18.0000 gap=3.0000 tried=5 sep_labels=18 clique_frac=0.01
t=75475ms iter=295 REBUILD reject new_tc=31.2441 (was 25.7415)
t=75574ms iter=295 incumb=25.7415 ratchet=25.8136 best=25.7415 since_improve=141
t=75591ms iter=296 WAIST cost=21.0000 best_alt=18.0000 gap=3.0000 tried=5 sep_labels=18 clique_frac=0.01
t=75722ms iter=296 REBUILD reject new_tc=29.6856 (was 25.7415)
t=75819ms iter=296 incumb=25.7415 ratchet=25.7815 best=25.7415 since_improve=142
t=75837ms iter=297 WAIST cost=21.0000 best_alt=18.0000 gap=3.0000 tried=5 sep_labels=18 clique_frac=0.01
t=75966ms iter=297 REBUILD reject new_tc=29.4733 (was 25.7415)
t=76059ms iter=297 incumb=25.7415 ratchet=25.7938 best=25.7415 since_improve=143
t=76076ms iter=298 WAIST cost=21.0000 best_alt=18.0000 gap=3.0000 tried=5 sep_labels=18 clique_frac=0.01
t=76207ms iter=298 REBUILD reject new_tc=28.2256 (was 25.7415)
t=76305ms iter=298 incumb=25.7415 ratchet=25.8430 best=25.7415 since_improve=144
t=76321ms iter=299 WAIST cost=21.0000 best_alt=17.0000 gap=4.0000 tried=5 sep_labels=17 clique_frac=0.00
t=76450ms iter=299 REBUILD reject new_tc=29.7697 (was 25.7415)
t=76549ms iter=299 incumb=25.7415 ratchet=25.8616 best=25.7415 since_improve=145
t=76565ms iter=300 WAIST cost=21.0000 best_alt=18.0000 gap=3.0000 tried=5 sep_labels=18 clique_frac=0.01
t=76691ms iter=300 REBUILD reject new_tc=27.5362 (was 25.7415)
t=76790ms iter=300 incumb=25.7415 ratchet=25.7940 best=25.7415 since_improve=146
t=76807ms iter=301 WAIST cost=21.0000 best_alt=18.0000 gap=3.0000 tried=5 sep_labels=18 clique_frac=0.01
t=76941ms iter=301 REBUILD reject new_tc=28.2076 (was 25.7415)
t=77038ms iter=301 incumb=25.7415 ratchet=25.7998 best=25.7415 since_improve=147
t=77060ms iter=302 WAIST cost=21.0000 best_alt=18.0000 gap=3.0000 tried=5 sep_labels=18 clique_frac=0.01
t=77187ms iter=302 REBUILD reject new_tc=31.1935 (was 25.7415)
t=77283ms iter=302 incumb=25.7415 ratchet=25.8158 best=25.7415 since_improve=148
t=77301ms iter=303 WAIST cost=21.0000 best_alt=18.0000 gap=3.0000 tried=5 sep_labels=18 clique_frac=0.01
t=77431ms iter=303 REBUILD reject new_tc=26.4687 (was 25.7415)
t=77530ms iter=303 incumb=25.7415 ratchet=25.7625 best=25.7415 since_improve=149
t=77551ms iter=304 WAIST cost=21.0000 best_alt=17.0000 gap=4.0000 tried=5 sep_labels=17 clique_frac=0.00
t=77682ms iter=304 REBUILD reject new_tc=28.9782 (was 25.7415)
t=77778ms iter=304 incumb=25.7415 ratchet=25.8105 best=25.7415 since_improve=150
t=77796ms iter=305 WAIST cost=21.0000 best_alt=18.0000 gap=3.0000 tried=5 sep_labels=18 clique_frac=0.01
t=77924ms iter=305 REBUILD reject new_tc=31.5458 (was 25.7415)
t=78024ms iter=305 incumb=25.7415 ratchet=25.7795 best=25.7415 since_improve=151
t=78042ms iter=306 WAIST cost=21.0000 best_alt=18.0000 gap=3.0000 tried=5 sep_labels=18 clique_frac=0.01
t=78171ms iter=306 REBUILD reject new_tc=31.0825 (was 25.7415)
t=78269ms iter=306 incumb=25.7415 ratchet=25.8350 best=25.7415 since_improve=152
t=78285ms iter=307 WAIST cost=21.0000 best_alt=17.0000 gap=4.0000 tried=5 sep_labels=17 clique_frac=0.00
t=78413ms iter=307 REBUILD reject new_tc=28.2555 (was 25.7415)
t=78509ms iter=307 incumb=25.7415 ratchet=25.8318 best=25.7415 since_improve=153
t=78528ms iter=308 WAIST cost=21.0000 best_alt=18.0000 gap=3.0000 tried=5 sep_labels=18 clique_frac=0.01
t=78655ms iter=308 REBUILD reject new_tc=29.8015 (was 25.7415)
t=78755ms iter=308 incumb=25.7415 ratchet=25.8351 best=25.7415 since_improve=154
t=78775ms iter=309 WAIST cost=21.0000 best_alt=18.0000 gap=3.0000 tried=5 sep_labels=18 clique_frac=0.01
t=78902ms iter=309 REBUILD reject new_tc=30.8129 (was 25.7415)
t=78995ms iter=309 incumb=25.7415 ratchet=26.0221 best=25.7415 since_improve=155
t=79015ms iter=310 WAIST cost=21.0000 best_alt=17.0000 gap=4.0000 tried=5 sep_labels=17 clique_frac=0.00
t=79141ms iter=310 REBUILD reject new_tc=33.4825 (was 25.7415)
t=79237ms iter=310 incumb=25.7415 ratchet=25.7659 best=25.7415 since_improve=156
t=79257ms iter=311 WAIST cost=21.0000 best_alt=18.0000 gap=3.0000 tried=5 sep_labels=18 clique_frac=0.01
t=79385ms iter=311 REBUILD reject new_tc=29.6101 (was 25.7415)
t=79481ms iter=311 incumb=25.7415 ratchet=25.8609 best=25.7415 since_improve=157
t=79495ms iter=312 WAIST cost=21.0000 best_alt=18.0000 gap=3.0000 tried=5 sep_labels=18 clique_frac=0.01
t=79623ms iter=312 REBUILD reject new_tc=29.6814 (was 25.7415)
t=79719ms iter=312 incumb=25.7415 ratchet=25.7991 best=25.7415 since_improve=158
t=79733ms iter=313 WAIST cost=21.0000 best_alt=18.0000 gap=3.0000 tried=5 sep_labels=18 clique_frac=0.01
t=79859ms iter=313 REBUILD reject new_tc=36.4020 (was 25.7415)
t=79957ms iter=313 incumb=25.7415 ratchet=25.8164 best=25.7415 since_improve=159
t=79973ms iter=314 WAIST cost=21.0000 best_alt=18.0000 gap=3.0000 tried=5 sep_labels=18 clique_frac=0.01
t=80102ms iter=314 REBUILD reject new_tc=30.0180 (was 25.7415)
t=80200ms iter=314 incumb=25.7415 ratchet=25.8017 best=25.7415 since_improve=160
t=80219ms iter=315 WAIST cost=21.0000 best_alt=18.0000 gap=3.0000 tried=5 sep_labels=18 clique_frac=0.01
t=80349ms iter=315 REBUILD reject new_tc=28.4110 (was 25.7415)
t=80446ms iter=315 incumb=25.7415 ratchet=25.8163 best=25.7415 since_improve=161
t=80462ms iter=316 WAIST cost=21.0000 best_alt=18.0000 gap=3.0000 tried=5 sep_labels=18 clique_frac=0.01
t=80587ms iter=316 REBUILD reject new_tc=31.2391 (was 25.7415)
t=80684ms iter=316 incumb=25.7415 ratchet=25.7990 best=25.7415 since_improve=162
t=80700ms iter=317 WAIST cost=21.0000 best_alt=18.0000 gap=3.0000 tried=5 sep_labels=18 clique_frac=0.01
t=80830ms iter=317 REBUILD reject new_tc=37.0849 (was 25.7415)
t=80928ms iter=317 incumb=25.7415 ratchet=25.8275 best=25.7415 since_improve=163
t=80948ms iter=318 WAIST cost=21.0000 best_alt=18.0000 gap=3.0000 tried=5 sep_labels=18 clique_frac=0.01
t=81076ms iter=318 REBUILD reject new_tc=26.2391 (was 25.7415)
t=81172ms iter=318 incumb=25.7415 ratchet=25.8184 best=25.7415 since_improve=164
t=81192ms iter=319 WAIST cost=21.0000 best_alt=17.0000 gap=4.0000 tried=5 sep_labels=17 clique_frac=0.00
t=81319ms iter=319 REBUILD reject new_tc=29.3513 (was 25.7415)
t=81416ms iter=319 incumb=25.7415 ratchet=25.7883 best=25.7415 since_improve=165
t=81433ms iter=320 WAIST cost=21.0000 best_alt=18.0000 gap=3.0000 tried=5 sep_labels=18 clique_frac=0.01
t=81564ms iter=320 REBUILD reject new_tc=28.5612 (was 25.7415)
t=81661ms iter=320 incumb=25.7415 ratchet=25.7681 best=25.7415 since_improve=166
t=81676ms iter=321 WAIST cost=21.0000 best_alt=18.0000 gap=3.0000 tried=5 sep_labels=18 clique_frac=0.01
t=81800ms iter=321 REBUILD reject new_tc=29.5758 (was 25.7415)
t=81898ms iter=321 incumb=25.7415 ratchet=25.8067 best=25.7415 since_improve=167
t=81915ms iter=322 WAIST cost=21.0000 best_alt=18.0000 gap=3.0000 tried=5 sep_labels=18 clique_frac=0.01
t=82046ms iter=322 REBUILD reject new_tc=34.5503 (was 25.7415)
t=82142ms iter=322 incumb=25.7415 ratchet=25.8109 best=25.7415 since_improve=168
t=82161ms iter=323 WAIST cost=21.0000 best_alt=18.0000 gap=3.0000 tried=5 sep_labels=18 clique_frac=0.01
t=82291ms iter=323 REBUILD reject new_tc=28.9688 (was 25.7415)
t=82389ms iter=323 incumb=25.7415 ratchet=25.8238 best=25.7415 since_improve=169
t=82408ms iter=324 WAIST cost=21.0000 best_alt=18.0000 gap=3.0000 tried=5 sep_labels=18 clique_frac=0.01
t=82536ms iter=324 REBUILD reject new_tc=29.6994 (was 25.7415)
t=82633ms iter=324 incumb=25.7415 ratchet=25.7934 best=25.7415 since_improve=170
t=82651ms iter=325 WAIST cost=21.0000 best_alt=18.0000 gap=3.0000 tried=5 sep_labels=18 clique_frac=0.01
t=82782ms iter=325 REBUILD reject new_tc=25.9351 (was 25.7415)
t=82877ms iter=325 incumb=25.7415 ratchet=25.8227 best=25.7415 since_improve=171
t=82898ms iter=326 WAIST cost=21.0000 best_alt=18.0000 gap=3.0000 tried=5 sep_labels=18 clique_frac=0.01
t=83028ms iter=326 REBUILD reject new_tc=28.1554 (was 25.7415)
t=83127ms iter=326 incumb=25.7415 ratchet=25.8287 best=25.7415 since_improve=172
t=83141ms iter=327 WAIST cost=21.0000 best_alt=18.0000 gap=3.0000 tried=5 sep_labels=18 clique_frac=0.01
t=83269ms iter=327 REBUILD reject new_tc=29.5541 (was 25.7415)
t=83367ms iter=327 incumb=25.7415 ratchet=25.9829 best=25.7415 since_improve=173
t=83381ms iter=328 WAIST cost=21.0000 best_alt=18.0000 gap=3.0000 tried=5 sep_labels=18 clique_frac=0.01
t=83506ms iter=328 REBUILD reject new_tc=33.3841 (was 25.7415)
t=83601ms iter=328 incumb=25.7415 ratchet=25.8073 best=25.7415 since_improve=174
t=83621ms iter=329 WAIST cost=21.0000 best_alt=18.0000 gap=3.0000 tried=5 sep_labels=18 clique_frac=0.01
t=83747ms iter=329 REBUILD reject new_tc=31.4448 (was 25.7415)
t=83845ms iter=329 incumb=25.7415 ratchet=25.8713 best=25.7415 since_improve=175
t=83863ms iter=330 WAIST cost=21.0000 best_alt=18.0000 gap=3.0000 tried=5 sep_labels=18 clique_frac=0.01
t=83990ms iter=330 REBUILD reject new_tc=28.4376 (was 25.7415)
t=84088ms iter=330 incumb=25.7415 ratchet=25.7875 best=25.7415 since_improve=176
t=84104ms iter=331 WAIST cost=21.0000 best_alt=18.0000 gap=3.0000 tried=5 sep_labels=18 clique_frac=0.01
t=84232ms iter=331 REBUILD reject new_tc=28.5436 (was 25.7415)
t=84329ms iter=331 incumb=25.7415 ratchet=25.7659 best=25.7415 since_improve=177
t=84346ms iter=332 WAIST cost=21.0000 best_alt=18.0000 gap=3.0000 tried=5 sep_labels=18 clique_frac=0.01
t=84473ms iter=332 REBUILD reject new_tc=29.4306 (was 25.7415)
t=84570ms iter=332 incumb=25.7415 ratchet=25.8658 best=25.7415 since_improve=178
t=84587ms iter=333 WAIST cost=21.0000 best_alt=18.0000 gap=3.0000 tried=5 sep_labels=18 clique_frac=0.01
t=84717ms iter=333 REBUILD reject new_tc=28.2497 (was 25.7415)
t=84815ms iter=333 incumb=25.7415 ratchet=25.7735 best=25.7415 since_improve=179
t=84834ms iter=334 WAIST cost=21.0000 best_alt=18.0000 gap=3.0000 tried=5 sep_labels=18 clique_frac=0.01
t=84963ms iter=334 REBUILD reject new_tc=28.4765 (was 25.7415)
t=85062ms iter=334 incumb=25.7415 ratchet=25.8454 best=25.7415 since_improve=180
t=85079ms iter=335 WAIST cost=21.0000 best_alt=18.0000 gap=3.0000 tried=5 sep_labels=18 clique_frac=0.01
t=85208ms iter=335 REBUILD reject new_tc=30.5876 (was 25.7415)
t=85307ms iter=335 incumb=25.7415 ratchet=25.7917 best=25.7415 since_improve=181
t=85327ms iter=336 WAIST cost=21.0000 best_alt=18.0000 gap=3.0000 tried=5 sep_labels=18 clique_frac=0.01
t=85457ms iter=336 REBUILD reject new_tc=31.6452 (was 25.7415)
t=85552ms iter=336 incumb=25.7415 ratchet=25.7934 best=25.7415 since_improve=182
t=85564ms iter=337 WAIST cost=21.0000 best_alt=18.0000 gap=3.0000 tried=5 sep_labels=18 clique_frac=0.01
t=85692ms iter=337 REBUILD reject new_tc=27.6510 (was 25.7415)
t=85786ms iter=337 incumb=25.7415 ratchet=25.8020 best=25.7415 since_improve=183
t=85806ms iter=338 WAIST cost=21.0000 best_alt=17.0000 gap=4.0000 tried=5 sep_labels=17 clique_frac=0.00
t=85940ms iter=338 REBUILD reject new_tc=25.9548 (was 25.7415)
t=86035ms iter=338 incumb=25.7415 ratchet=25.8649 best=25.7415 since_improve=184
t=86056ms iter=339 WAIST cost=21.0000 best_alt=18.0000 gap=3.0000 tried=5 sep_labels=18 clique_frac=0.01
t=86182ms iter=339 REBUILD reject new_tc=36.5734 (was 25.7415)
t=86277ms iter=339 incumb=25.7415 ratchet=25.8045 best=25.7415 since_improve=185
t=86296ms iter=340 WAIST cost=21.0000 best_alt=18.0000 gap=3.0000 tried=5 sep_labels=18 clique_frac=0.01
t=86423ms iter=340 REBUILD reject new_tc=29.8785 (was 25.7415)
t=86518ms iter=340 incumb=25.7415 ratchet=25.8425 best=25.7415 since_improve=186
t=86541ms iter=341 WAIST cost=21.0000 best_alt=18.0000 gap=3.0000 tried=5 sep_labels=18 clique_frac=0.01
t=86670ms iter=341 REBUILD reject new_tc=28.8111 (was 25.7415)
t=86767ms iter=341 incumb=25.7415 ratchet=25.7542 best=25.7415 since_improve=187
t=86788ms iter=342 WAIST cost=21.0000 best_alt=18.0000 gap=3.0000 tried=5 sep_labels=18 clique_frac=0.01
t=86915ms iter=342 REBUILD reject new_tc=30.7939 (was 25.7415)
t=87008ms iter=342 incumb=25.7415 ratchet=25.8881 best=25.7415 since_improve=188
t=87026ms iter=343 WAIST cost=21.0000 best_alt=18.0000 gap=3.0000 tried=5 sep_labels=18 clique_frac=0.01
t=87157ms iter=343 REBUILD reject new_tc=30.3144 (was 25.7415)
t=87251ms iter=343 incumb=25.7415 ratchet=25.7915 best=25.7415 since_improve=189
t=87271ms iter=344 WAIST cost=21.0000 best_alt=18.0000 gap=3.0000 tried=5 sep_labels=18 clique_frac=0.01
t=87400ms iter=344 REBUILD reject new_tc=36.3346 (was 25.7415)
t_final=87503ms tc_reduced=25.7415 tc_full=26.0769 leaves=2124
surgery summary: calls=344 cheaper_cuts=344 rebuild_accepts=1 waist_min_hits=0
