simplify: n_orig=3369 n_reduced=381 shrink=0.8869 t_simp=10ms
t_seed=650ms tc_seed=79.7550 seed_trials=13
t_dp=5297ms tc_greedy=76.1738
t_mcts=20622ms mcts: backup=min rollouts=320 rate=16/s depth=3 nodes=321 improves=0 tc_mcts=76.1738
ATTRIBUTION tc_greedy=76.1738 tc_mcts_prepolish=76.1738 mcts_beats_greedy=false
t=20882ms polish_tc=74.1328
t=21095ms polish_tc=74.1193
t=21314ms polish_tc=74.0906
t=21525ms polish_tc=74.0444
t=21738ms polish_tc=74.0394
t=21985ms polish_tc=72.1554
t=22310ms polish_tc=72.1382
t=22527ms polish_tc=72.0889
t=22737ms polish_tc=72.0629
t=23310ms polish_tc=72.0573
t=23505ms polish_tc=72.0507
t=23703ms polish_tc=71.1133
t=23910ms polish_tc=70.2081
t=24314ms polish_tc=70.1996
t=24532ms polish_tc=68.8935
t=24744ms polish_tc=68.7050
t=25297ms polish_tc=68.6175
t=25527ms polish_tc=68.4672
t=25747ms polish_tc=68.4321
t=26319ms polish_tc=67.8462
t=26547ms polish_tc=67.8309
t=26768ms polish_tc=67.7629
t=27312ms polish_tc=67.4138
t=27537ms polish_tc=67.3008
t=27766ms polish_tc=66.9915
t=28300ms polish_tc=66.9791
t=28526ms polish_tc=66.6446
t=28758ms polish_tc=66.5865
t=28996ms polish_tc=66.4627
t=29323ms polish_tc=66.4073
t=29558ms polish_tc=66.0962
t=29783ms polish_tc=66.0406
t=30315ms polish_tc=65.8232
t=30539ms polish_tc=65.7320
t=30767ms polish_tc=65.7078
t=31311ms polish_tc=65.6559
t=31540ms polish_tc=65.5439
t=31774ms polish_tc=65.4712
t=32303ms polish_tc=65.4276
t=32529ms polish_tc=65.3096
t=32766ms polish_tc=65.3066
t=32994ms polish_tc=65.2384
t=33320ms polish_tc=65.1901
t=33562ms polish_tc=65.1114
t=33789ms polish_tc=65.0931
t=34315ms polish_tc=65.0896
t=34542ms polish_tc=64.9321
t=34790ms polish_tc=64.4802
t=35314ms polish_tc=64.2653
t=35547ms polish_tc=64.2267
t=35772ms polish_tc=64.2188
t=36315ms polish_tc=64.1842
t=36543ms polish_tc=64.1440
t=36785ms polish_tc=64.0787
t=37014ms polish_tc=64.0750
t=37324ms polish_tc=63.8199
t=37564ms polish_tc=63.7916
t=37807ms polish_tc=63.5495
t=38323ms polish_tc=63.5434
t=38569ms polish_tc=63.4757
t=38833ms polish_tc=63.4237
t=39319ms polish_tc=63.4212
t=39561ms polish_tc=63.3288
t=39796ms polish_tc=63.3218
t=40319ms polish_tc=63.3184
t=40558ms polish_tc=63.2948
t=40803ms polish_tc=63.2179
t=41306ms polish_tc=63.1703
t=41550ms polish_tc=63.1520
t=41786ms polish_tc=63.0737
t=42309ms polish_tc=63.0482
t=42537ms polish_tc=62.9258
t=43303ms polish_tc=62.9192
t=43548ms polish_tc=62.8502
t=43797ms polish_tc=62.7837
t=44306ms polish_tc=62.7414
t=44567ms polish_tc=62.7040
t=44812ms polish_tc=62.6609
t=45315ms polish_tc=62.6302
t=45555ms polish_tc=62.6235
t=45808ms polish_tc=62.4217
t=46317ms polish_tc=62.3925
t=46573ms polish_tc=62.3752
t=46815ms polish_tc=62.3055
t=47316ms polish_tc=62.2565
t=47558ms polish_tc=62.2422
t=47808ms polish_tc=62.2298
t=48317ms polish_tc=62.2107
t=48560ms polish_tc=62.2106
t=48804ms polish_tc=62.2012
t=49314ms polish_tc=62.1639
t=49564ms polish_tc=62.1419
t=49798ms polish_tc=62.1242
t=50314ms polish_tc=62.0792
t=50559ms polish_tc=62.0740
t=50800ms polish_tc=62.0596
t=51315ms polish_tc=61.9765
t=51558ms polish_tc=61.9240
t=51810ms polish_tc=61.8928
t=52311ms polish_tc=61.8804
t=52561ms polish_tc=61.8562
t=52803ms polish_tc=61.8513
t=53311ms polish_tc=61.8387
t=53574ms polish_tc=61.8365
t=53829ms polish_tc=61.8234
t=54312ms polish_tc=61.8108
t=54562ms polish_tc=61.7848
t=54826ms polish_tc=61.7719
t=55304ms polish_tc=61.7702
t=55556ms polish_tc=61.7616
t=55805ms polish_tc=61.7546
t=56306ms polish_tc=61.7500
t=56556ms polish_tc=61.7430
t=56803ms polish_tc=61.7395
t=57034ms polish_tc=61.7191
t=57315ms polish_tc=61.7159
t=57554ms polish_tc=61.7159
t=57794ms polish_tc=61.7156
t=58309ms polish_tc=61.7058
t=58542ms polish_tc=61.7057
t=58776ms polish_tc=61.7039
t=59302ms polish_tc=61.6824
t=59536ms polish_tc=61.6824
t=59769ms polish_tc=61.6820
t=59985ms polish_tc=61.6738
t=60315ms polish_tc=61.6712
t=60535ms polish_tc=61.6709
t=60750ms polish_tc=61.6692
t=61300ms polish_tc=61.6692
t=61538ms polish_tc=61.6600
t=61760ms polish_tc=61.6576
t=61972ms polish_tc=61.6443
t=62306ms polish_tc=61.6432
t=62522ms polish_tc=61.6414
t=62739ms polish_tc=61.6414
t=63307ms polish_tc=61.6269
t=63518ms polish_tc=61.6269
t=63735ms polish_tc=61.6105
t=63945ms polish_tc=61.6104
t=64312ms polish_tc=61.6087
t=64528ms polish_tc=61.6085
t=64737ms polish_tc=61.5937
t=64946ms polish_tc=61.5937
t=65327ms polish_tc=61.5786
t=65620ms polish_tc=61.5775
t=65812ms polish_tc=61.5756
t=66301ms polish_tc=61.5749
t=66504ms polish_tc=61.5721
t=66699ms polish_tc=61.5721
t=66895ms polish_tc=61.5714
t=67299ms polish_tc=61.5580
t=67497ms polish_tc=61.5561
t=67697ms polish_tc=61.5559
t=67889ms polish_tc=61.5549
t=68299ms polish_tc=61.5530
t=68493ms polish_tc=61.5521
t=68687ms polish_tc=61.5520
t=68876ms polish_tc=61.5501
t=69096ms polish_tc=61.5492
t=69315ms polish_tc=61.5472
t=69514ms polish_tc=61.5445
t=69711ms polish_tc=61.5443
t=69905ms polish_tc=61.5288
t=70309ms polish_tc=61.5131
t=72266ms polish_tc=61.5024
t=72447ms polish_tc=61.5024
t=72636ms polish_tc=61.5019
t=72810ms polish_tc=61.5014
t=73012ms polish_tc=61.4994
t=73187ms polish_tc=61.4984
t=73375ms polish_tc=61.4974
t=73556ms polish_tc=61.4974
t=73764ms polish_tc=61.4894
t=73949ms polish_tc=61.4773
t=74306ms polish_tc=61.4743
t=74494ms polish_tc=61.4712
t=74679ms polish_tc=61.4705
t=74866ms polish_tc=61.4702
t=75300ms polish_tc=61.4702
t=75481ms polish_tc=61.4702
t=75663ms polish_tc=61.4695
t=75842ms polish_tc=61.4692
t=76062ms polish_tc=61.4692
t=76310ms polish_tc=61.4692
t=76490ms polish_tc=61.4692
t=76714ms polish_tc=61.4692
t=76899ms polish_tc=61.4528
t=77299ms polish_tc=61.4435
t=77475ms polish_tc=61.4404
t=77922ms polish_tc=61.4362
t=78105ms polish_tc=61.4361
t=78284ms polish_tc=61.4305
t=78469ms polish_tc=61.4236
t=78711ms polish_tc=61.4208
t=78897ms polish_tc=61.3975
t=79071ms polish_tc=61.3921
t=79316ms polish_tc=61.3842
t=79494ms polish_tc=61.3755
t=79671ms polish_tc=61.3755
t=80295ms polish_tc=61.3679
t=80461ms polish_tc=61.3676
t=80626ms polish_tc=61.3589
t=80797ms polish_tc=61.3498
t=80966ms polish_tc=61.3452
t=81309ms polish_tc=61.3452
t=81480ms polish_tc=61.3449
t=81655ms polish_tc=61.3449
t=81836ms polish_tc=61.3315
t=82006ms polish_tc=61.3275
t=82316ms polish_tc=61.3179
t=82525ms polish_tc=61.3134
t=82709ms polish_tc=61.3100
t=82926ms polish_tc=61.3097
t=83311ms polish_tc=61.3012
t=83483ms polish_tc=61.3012
t=83657ms polish_tc=61.3012
t=83865ms polish_tc=61.2908
t=84059ms polish_tc=61.2830
t=84312ms polish_tc=61.2818
t=84489ms polish_tc=61.2735
t=84657ms polish_tc=61.2700
t=84859ms polish_tc=61.2667
t=85301ms polish_tc=61.2664
t=85464ms polish_tc=61.2629
t=85627ms polish_tc=61.2618
t=85797ms polish_tc=61.2618
t=85962ms polish_tc=61.2523
t=86306ms polish_tc=61.2523
t=86473ms polish_tc=61.2428
t=86754ms polish_tc=61.2418
t=86928ms polish_tc=61.2418
t=87303ms polish_tc=61.2415
anneal_sweeps=9376 cycles=5 fresh=0
t_final=87317ms tc_greedy=76.1738 tc_mcts=76.1738 tc_final=61.2415 tc_full=61.2415 leaves=3369
