probe: instance=uai_Grids_15 n_orig=1560 n=756 fusible=0.5154 nlabels=396 t=5ms
seed_greedy tc=31.4602 t=523ms
t=629ms iter=1 WAIST cost=24.0000 best_alt=19.0000 gap=5.0000 tried=5 sep_labels=19 clique_frac=0.02
t=799ms iter=1 REBUILD reject new_tc=27.4487 (was 26.8620)
t=918ms iter=1 incumb=26.8620 ratchet=26.9558 best=26.8607 since_improve=1
t=939ms iter=2 WAIST cost=24.0000 best_alt=18.0000 gap=6.0000 tried=5 sep_labels=18 clique_frac=0.00
t=1099ms iter=2 REBUILD reject new_tc=27.2902 (was 26.8620)
t=1222ms iter=2 incumb=26.8620 ratchet=27.0285 best=26.8607 since_improve=2
t=1242ms iter=3 WAIST cost=24.0000 best_alt=19.0000 gap=5.0000 tried=5 sep_labels=19 clique_frac=0.02
t=1415ms iter=3 REBUILD reject new_tc=26.9090 (was 26.8620)
t=1551ms iter=3 incumb=26.8620 ratchet=26.9597 best=26.8607 since_improve=3
t=1571ms iter=4 WAIST cost=24.0000 best_alt=18.0000 gap=6.0000 tried=5 sep_labels=18 clique_frac=0.01
t=1735ms iter=4 REBUILD reject new_tc=27.0509 (was 26.8620)
t=1857ms iter=4 incumb=26.8620 ratchet=26.9609 best=26.8607 since_improve=4
t=1871ms iter=5 WAIST cost=24.0000 best_alt=19.0000 gap=5.0000 tried=5 sep_labels=19 clique_frac=0.02
t=2038ms iter=5 REBUILD reject new_tc=27.9369 (was 26.8620)
t=2158ms iter=5 incumb=26.8620 ratchet=27.1417 best=26.8607 since_improve=5
t=2174ms iter=6 WAIST cost=24.0000 best_alt=18.0000 gap=6.0000 tried=5 sep_labels=18 clique_frac=0.00
t=2379ms iter=6 REBUILD ACCEPT new_tc=26.5970 (was 26.8620)
t=2504ms iter=6 incumb=26.5970 ratchet=26.8162 best=26.5970 since_improve=1
t=2517ms iter=7 WAIST cost=24.0000 best_alt=18.0000 gap=6.0000 tried=5 sep_labels=18 clique_frac=0.00
t=2678ms iter=7 REBUILD reject new_tc=26.8349 (was 26.5970)
t=2851ms iter=7 incumb=26.5970 ratchet=26.5803 best=26.5803 since_improve=0
t=2860ms iter=8 WAIST cost=24.0000 best_alt=2.0000 gap=22.0000 tried=5 sep_labels=2 clique_frac=1.00
t=3087ms iter=8 REBUILD reject new_tc=26.9691 (was 26.5803)
t=3263ms iter=8 incumb=26.5803 ratchet=26.5844 best=26.5644 since_improve=1
t=3272ms iter=9 WAIST cost=24.0000 best_alt=2.0000 gap=22.0000 tried=5 sep_labels=2 clique_frac=1.00
t=3495ms iter=9 REBUILD reject new_tc=26.9862 (was 26.5803)
t=3673ms iter=9 incumb=26.5803 ratchet=26.4483 best=26.4483 since_improve=0
t=3682ms iter=10 WAIST cost=24.0000 best_alt=2.0000 gap=22.0000 tried=5 sep_labels=2 clique_frac=1.00
t=3902ms iter=10 REBUILD reject new_tc=26.8986 (was 26.4483)
t=4032ms iter=10 incumb=26.4483 ratchet=26.5982 best=26.4483 since_improve=1
t=4041ms iter=11 WAIST cost=24.0000 best_alt=2.0000 gap=22.0000 tried=5 sep_labels=2 clique_frac=1.00
t=4266ms iter=11 REBUILD reject new_tc=27.1430 (was 26.4483)
t=4392ms iter=11 incumb=26.4483 ratchet=26.5556 best=26.4483 since_improve=2
t=4401ms iter=12 WAIST cost=24.0000 best_alt=2.0000 gap=22.0000 tried=5 sep_labels=2 clique_frac=1.00
t=4624ms iter=12 REBUILD reject new_tc=27.1408 (was 26.4483)
t=4755ms iter=12 incumb=26.4483 ratchet=26.5490 best=26.4483 since_improve=3
t=4764ms iter=13 WAIST cost=24.0000 best_alt=2.0000 gap=22.0000 tried=5 sep_labels=2 clique_frac=1.00
t=4990ms iter=13 REBUILD reject new_tc=27.1235 (was 26.4483)
t=5115ms iter=13 incumb=26.4483 ratchet=26.5771 best=26.4483 since_improve=4
t=5124ms iter=14 WAIST cost=24.0000 best_alt=2.0000 gap=22.0000 tried=5 sep_labels=2 clique_frac=1.00
t=5347ms iter=14 REBUILD reject new_tc=26.9338 (was 26.4483)
t=5473ms iter=14 incumb=26.4483 ratchet=26.6140 best=26.4483 since_improve=5
t=5482ms iter=15 WAIST cost=24.0000 best_alt=2.0000 gap=22.0000 tried=5 sep_labels=2 clique_frac=1.00
t=5705ms iter=15 REBUILD reject new_tc=26.9727 (was 26.4483)
t=5838ms iter=15 incumb=26.4483 ratchet=26.6688 best=26.4483 since_improve=6
t=5848ms iter=16 WAIST cost=24.0000 best_alt=2.0000 gap=22.0000 tried=5 sep_labels=2 clique_frac=1.00
t=6072ms iter=16 REBUILD reject new_tc=27.1737 (was 26.4483)
t=6202ms iter=16 incumb=26.4483 ratchet=26.9188 best=26.4483 since_improve=7
t=6211ms iter=17 WAIST cost=24.0000 best_alt=2.0000 gap=22.0000 tried=5 sep_labels=2 clique_frac=1.00
t=6434ms iter=17 REBUILD reject new_tc=26.9009 (was 26.4483)
t=6559ms iter=17 incumb=26.4483 ratchet=26.4707 best=26.4483 since_improve=8
t=6570ms iter=18 WAIST cost=24.0000 best_alt=2.0000 gap=22.0000 tried=5 sep_labels=2 clique_frac=1.00
t=6798ms iter=18 REBUILD reject new_tc=27.2068 (was 26.4483)
t=6927ms iter=18 incumb=26.4483 ratchet=26.5273 best=26.4483 since_improve=9
t=6936ms iter=19 WAIST cost=24.0000 best_alt=2.0000 gap=22.0000 tried=5 sep_labels=2 clique_frac=1.00
t=7161ms iter=19 REBUILD reject new_tc=27.0845 (was 26.4483)
t=7283ms iter=19 incumb=26.4483 ratchet=26.5839 best=26.4483 since_improve=10
t=7293ms iter=20 WAIST cost=24.0000 best_alt=2.0000 gap=22.0000 tried=5 sep_labels=2 clique_frac=1.00
t=7517ms iter=20 REBUILD reject new_tc=27.0519 (was 26.4483)
t=7646ms iter=20 incumb=26.4483 ratchet=26.5252 best=26.4483 since_improve=11
t=7656ms iter=21 WAIST cost=24.0000 best_alt=2.0000 gap=22.0000 tried=5 sep_labels=2 clique_frac=1.00
t=7882ms iter=21 REBUILD reject new_tc=26.9359 (was 26.4483)
t=8013ms iter=21 incumb=26.4483 ratchet=26.6840 best=26.4483 since_improve=12
t=8022ms iter=22 WAIST cost=24.0000 best_alt=2.0000 gap=22.0000 tried=5 sep_labels=2 clique_frac=1.00
t=8244ms iter=22 REBUILD reject new_tc=26.8659 (was 26.4483)
t=8377ms iter=22 incumb=26.4483 ratchet=26.8310 best=26.4483 since_improve=13
t=8387ms iter=23 WAIST cost=24.0000 best_alt=2.0000 gap=22.0000 tried=5 sep_labels=2 clique_frac=1.00
t=8611ms iter=23 REBUILD reject new_tc=26.6701 (was 26.4483)
t=8740ms iter=23 incumb=26.4483 ratchet=26.5439 best=26.4483 since_improve=14
t=8751ms iter=24 WAIST cost=24.0000 best_alt=2.0000 gap=22.0000 tried=5 sep_labels=2 clique_frac=1.00
t=8975ms iter=24 REBUILD reject new_tc=27.0294 (was 26.4483)
t=9109ms iter=24 incumb=26.4483 ratchet=26.5385 best=26.4483 since_improve=15
t=9119ms iter=25 WAIST cost=24.0000 best_alt=2.0000 gap=22.0000 tried=5 sep_labels=2 clique_frac=1.00
t=9346ms iter=25 REBUILD reject new_tc=27.1646 (was 26.4483)
t=9472ms iter=25 incumb=26.4483 ratchet=26.6307 best=26.4483 since_improve=16
t=9482ms iter=26 WAIST cost=24.0000 best_alt=2.0000 gap=22.0000 tried=5 sep_labels=2 clique_frac=1.00
t=9703ms iter=26 REBUILD reject new_tc=27.0036 (was 26.4483)
t=9833ms iter=26 incumb=26.4483 ratchet=26.6999 best=26.4483 since_improve=17
t=9842ms iter=27 WAIST cost=24.0000 best_alt=2.0000 gap=22.0000 tried=5 sep_labels=2 clique_frac=1.00
t=10067ms iter=27 REBUILD reject new_tc=27.1629 (was 26.4483)
t=10193ms iter=27 incumb=26.4483 ratchet=26.5767 best=26.4483 since_improve=18
t=10203ms iter=28 WAIST cost=24.0000 best_alt=2.0000 gap=22.0000 tried=5 sep_labels=2 clique_frac=1.00
t=10425ms iter=28 REBUILD reject new_tc=26.8909 (was 26.4483)
t=10553ms iter=28 incumb=26.4483 ratchet=26.6883 best=26.4483 since_improve=19
t=10562ms iter=29 WAIST cost=24.0000 best_alt=2.0000 gap=22.0000 tried=5 sep_labels=2 clique_frac=1.00
t=10791ms iter=29 REBUILD reject new_tc=27.0285 (was 26.4483)
t=10917ms iter=29 incumb=26.4483 ratchet=26.6066 best=26.4483 since_improve=20
t=10926ms iter=30 WAIST cost=24.0000 best_alt=2.0000 gap=22.0000 tried=5 sep_labels=2 clique_frac=1.00
t=11150ms iter=30 REBUILD reject new_tc=26.9442 (was 26.4483)
t=11275ms iter=30 incumb=26.4483 ratchet=26.8529 best=26.4483 since_improve=21
t=11285ms iter=31 WAIST cost=24.0000 best_alt=2.0000 gap=22.0000 tried=5 sep_labels=2 clique_frac=1.00
t=11510ms iter=31 REBUILD reject new_tc=26.9658 (was 26.4483)
t=11638ms iter=31 incumb=26.4483 ratchet=26.5978 best=26.4483 since_improve=22
t=11647ms iter=32 WAIST cost=24.0000 best_alt=2.0000 gap=22.0000 tried=5 sep_labels=2 clique_frac=1.00
t=11868ms iter=32 REBUILD reject new_tc=26.9314 (was 26.4483)
t=11996ms iter=32 incumb=26.4483 ratchet=26.8531 best=26.4483 since_improve=23
t=12005ms iter=33 WAIST cost=24.0000 best_alt=2.0000 gap=22.0000 tried=5 sep_labels=2 clique_frac=1.00
t=12231ms iter=33 REBUILD reject new_tc=27.2121 (was 26.4483)
t=12363ms iter=33 incumb=26.4483 ratchet=26.4524 best=26.4483 since_improve=24
t=12374ms iter=34 WAIST cost=24.0000 best_alt=2.0000 gap=22.0000 tried=5 sep_labels=2 clique_frac=1.00
t=12608ms iter=34 REBUILD reject new_tc=27.1859 (was 26.4483)
t=12733ms iter=34 incumb=26.4483 ratchet=26.6512 best=26.4483 since_improve=25
t=12743ms iter=35 WAIST cost=24.0000 best_alt=2.0000 gap=22.0000 tried=5 sep_labels=2 clique_frac=1.00
t=12969ms iter=35 REBUILD reject new_tc=27.3306 (was 26.4483)
t=13102ms iter=35 incumb=26.4483 ratchet=26.7178 best=26.4483 since_improve=26
t=13112ms iter=36 WAIST cost=24.0000 best_alt=2.0000 gap=22.0000 tried=5 sep_labels=2 clique_frac=1.00
t=13336ms iter=36 REBUILD reject new_tc=26.9633 (was 26.4483)
t=13461ms iter=36 incumb=26.4483 ratchet=26.4680 best=26.4483 since_improve=27
t=13472ms iter=37 WAIST cost=24.0000 best_alt=2.0000 gap=22.0000 tried=5 sep_labels=2 clique_frac=1.00
t=13700ms iter=37 REBUILD reject new_tc=26.8805 (was 26.4483)
t=13828ms iter=37 incumb=26.4483 ratchet=26.6173 best=26.4483 since_improve=28
t=13837ms iter=38 WAIST cost=24.0000 best_alt=2.0000 gap=22.0000 tried=5 sep_labels=2 clique_frac=1.00
t=14063ms iter=38 REBUILD reject new_tc=26.9688 (was 26.4483)
t=14189ms iter=38 incumb=26.4483 ratchet=26.4872 best=26.4483 since_improve=29
t=14198ms iter=39 WAIST cost=24.0000 best_alt=2.0000 gap=22.0000 tried=5 sep_labels=2 clique_frac=1.00
t=14424ms iter=39 REBUILD reject new_tc=26.9060 (was 26.4483)
t=14560ms iter=39 incumb=26.4483 ratchet=26.7246 best=26.4483 since_improve=30
t=14569ms iter=40 WAIST cost=24.0000 best_alt=2.0000 gap=22.0000 tried=5 sep_labels=2 clique_frac=1.00
t=14790ms iter=40 REBUILD reject new_tc=26.9611 (was 26.4483)
t=14921ms iter=40 incumb=26.4483 ratchet=26.6036 best=26.4483 since_improve=31
t=14931ms iter=41 WAIST cost=24.0000 best_alt=2.0000 gap=22.0000 tried=5 sep_labels=2 clique_frac=1.00
t=15156ms iter=41 REBUILD reject new_tc=27.1503 (was 26.4483)
t=15284ms iter=41 incumb=26.4483 ratchet=26.6917 best=26.4483 since_improve=32
t=15294ms iter=42 WAIST cost=24.0000 best_alt=2.0000 gap=22.0000 tried=5 sep_labels=2 clique_frac=1.00
t=15521ms iter=42 REBUILD reject new_tc=26.9261 (was 26.4483)
t=15657ms iter=42 incumb=26.4483 ratchet=26.6378 best=26.4483 since_improve=33
t=15667ms iter=43 WAIST cost=24.0000 best_alt=2.0000 gap=22.0000 tried=5 sep_labels=2 clique_frac=1.00
t=15891ms iter=43 REBUILD reject new_tc=27.1414 (was 26.4483)
t=16023ms iter=43 incumb=26.4483 ratchet=26.6416 best=26.4483 since_improve=34
t=16034ms iter=44 WAIST cost=24.0000 best_alt=2.0000 gap=22.0000 tried=5 sep_labels=2 clique_frac=1.00
t=16262ms iter=44 REBUILD reject new_tc=26.7428 (was 26.4483)
t=16390ms iter=44 incumb=26.4483 ratchet=26.7610 best=26.4483 since_improve=35
t=16400ms iter=45 WAIST cost=24.0000 best_alt=2.0000 gap=22.0000 tried=5 sep_labels=2 clique_frac=1.00
t=16618ms iter=45 REBUILD reject new_tc=26.7664 (was 26.4483)
t=16745ms iter=45 incumb=26.4483 ratchet=26.6891 best=26.4483 since_improve=36
t=16755ms iter=46 WAIST cost=24.0000 best_alt=2.0000 gap=22.0000 tried=5 sep_labels=2 clique_frac=1.00
t=16978ms iter=46 REBUILD reject new_tc=27.0445 (was 26.4483)
t=17102ms iter=46 incumb=26.4483 ratchet=26.4869 best=26.4483 since_improve=37
t=17112ms iter=47 WAIST cost=24.0000 best_alt=2.0000 gap=22.0000 tried=5 sep_labels=2 clique_frac=1.00
t=17338ms iter=47 REBUILD reject new_tc=27.1344 (was 26.4483)
t=17516ms iter=47 incumb=26.4483 ratchet=26.4430 best=26.4430 since_improve=0
t=17523ms iter=48 WAIST cost=24.0000 best_alt=2.0000 gap=22.0000 tried=5 sep_labels=2 clique_frac=1.00
t=17752ms iter=48 REBUILD reject new_tc=26.8850 (was 26.4430)
t=17881ms iter=48 incumb=26.4430 ratchet=26.6007 best=26.4430 since_improve=1
t=17889ms iter=49 WAIST cost=24.0000 best_alt=2.0000 gap=22.0000 tried=5 sep_labels=2 clique_frac=1.00
t=18116ms iter=49 REBUILD reject new_tc=26.9446 (was 26.4430)
t=18242ms iter=49 incumb=26.4430 ratchet=26.6876 best=26.4430 since_improve=2
t=18250ms iter=50 WAIST cost=24.0000 best_alt=2.0000 gap=22.0000 tried=5 sep_labels=2 clique_frac=1.00
t=18473ms iter=50 REBUILD reject new_tc=26.9777 (was 26.4430)
t=18599ms iter=50 incumb=26.4430 ratchet=26.6229 best=26.4430 since_improve=3
t=18607ms iter=51 WAIST cost=24.0000 best_alt=2.0000 gap=22.0000 tried=5 sep_labels=2 clique_frac=1.00
t=18832ms iter=51 REBUILD reject new_tc=27.0648 (was 26.4430)
t=18959ms iter=51 incumb=26.4430 ratchet=26.8351 best=26.4430 since_improve=4
t=18967ms iter=52 WAIST cost=24.0000 best_alt=2.0000 gap=22.0000 tried=5 sep_labels=2 clique_frac=1.00
t=19191ms iter=52 REBUILD reject new_tc=27.0206 (was 26.4430)
t=19321ms iter=52 incumb=26.4430 ratchet=26.5343 best=26.4430 since_improve=5
t=19330ms iter=53 WAIST cost=24.0000 best_alt=2.0000 gap=22.0000 tried=5 sep_labels=2 clique_frac=1.00
t=19557ms iter=53 REBUILD reject new_tc=27.0288 (was 26.4430)
t=19683ms iter=53 incumb=26.4430 ratchet=26.5239 best=26.4430 since_improve=6
t=19691ms iter=54 WAIST cost=24.0000 best_alt=2.0000 gap=22.0000 tried=5 sep_labels=2 clique_frac=1.00
t=19918ms iter=54 REBUILD reject new_tc=27.1316 (was 26.4430)
t=20095ms iter=54 incumb=26.4430 ratchet=26.4336 best=26.4170 since_improve=0
t=20110ms iter=55 WAIST cost=24.0000 best_alt=16.0000 gap=8.0000 tried=5 sep_labels=16 clique_frac=0.00
t=20278ms iter=55 REBUILD reject new_tc=26.8039 (was 26.4336)
t=20401ms iter=55 incumb=26.4336 ratchet=26.6656 best=26.4170 since_improve=1
t=20416ms iter=56 WAIST cost=24.0000 best_alt=16.0000 gap=8.0000 tried=5 sep_labels=16 clique_frac=0.02
t=20587ms iter=56 REBUILD reject new_tc=26.8945 (was 26.4336)
t=20710ms iter=56 incumb=26.4336 ratchet=26.5533 best=26.4170 since_improve=2
t=20722ms iter=57 WAIST cost=24.0000 best_alt=15.0000 gap=9.0000 tried=5 sep_labels=15 clique_frac=0.02
t=20897ms iter=57 REBUILD reject new_tc=26.8488 (was 26.4336)
t=21073ms iter=57 incumb=26.4336 ratchet=26.3823 best=26.3737 since_improve=0
t=21090ms iter=58 WAIST cost=24.0000 best_alt=16.0000 gap=8.0000 tried=5 sep_labels=16 clique_frac=0.06
t=21261ms iter=58 REBUILD reject new_tc=27.5517 (was 26.3823)
t=21390ms iter=58 incumb=26.3823 ratchet=26.5714 best=26.3737 since_improve=1
t=21409ms iter=59 WAIST cost=24.0000 best_alt=16.0000 gap=8.0000 tried=5 sep_labels=16 clique_frac=0.06
t=21586ms iter=59 REBUILD reject new_tc=27.0218 (was 26.3823)
t=21713ms iter=59 incumb=26.3823 ratchet=26.4316 best=26.3737 since_improve=2
t=21730ms iter=60 WAIST cost=24.0000 best_alt=16.0000 gap=8.0000 tried=5 sep_labels=16 clique_frac=0.06
t=21903ms iter=60 REBUILD reject new_tc=27.0864 (was 26.3823)
t=22032ms iter=60 incumb=26.3823 ratchet=26.4919 best=26.3737 since_improve=3
t=22054ms iter=61 WAIST cost=24.0000 best_alt=15.0000 gap=9.0000 tried=5 sep_labels=15 clique_frac=0.01
t=22232ms iter=61 REBUILD reject new_tc=26.8325 (was 26.3823)
t=22358ms iter=61 incumb=26.3823 ratchet=26.5157 best=26.3737 since_improve=4
t=22374ms iter=62 WAIST cost=24.0000 best_alt=15.0000 gap=9.0000 tried=5 sep_labels=15 clique_frac=0.04
t=22544ms iter=62 REBUILD reject new_tc=26.9798 (was 26.3823)
t=22671ms iter=62 incumb=26.3823 ratchet=26.6302 best=26.3737 since_improve=5
t=22686ms iter=63 WAIST cost=24.0000 best_alt=14.0000 gap=10.0000 tried=5 sep_labels=14 clique_frac=0.01
t=22855ms iter=63 REBUILD reject new_tc=26.9742 (was 26.3823)
t=22979ms iter=63 incumb=26.3823 ratchet=26.7264 best=26.3737 since_improve=6
t=22998ms iter=64 WAIST cost=24.0000 best_alt=16.0000 gap=8.0000 tried=5 sep_labels=16 clique_frac=0.06
t=23173ms iter=64 REBUILD reject new_tc=27.6717 (was 26.3823)
t=23302ms iter=64 incumb=26.3823 ratchet=26.7869 best=26.3737 since_improve=7
t=23317ms iter=65 WAIST cost=24.0000 best_alt=16.0000 gap=8.0000 tried=5 sep_labels=16 clique_frac=0.06
t=23494ms iter=65 REBUILD reject new_tc=26.6571 (was 26.3823)
t=23620ms iter=65 incumb=26.3823 ratchet=26.6811 best=26.3737 since_improve=8
t=23639ms iter=66 WAIST cost=24.0000 best_alt=16.0000 gap=8.0000 tried=5 sep_labels=16 clique_frac=0.06
t=23817ms iter=66 REBUILD reject new_tc=26.9032 (was 26.3823)
t=23941ms iter=66 incumb=26.3823 ratchet=26.6298 best=26.3737 since_improve=9
t=23955ms iter=67 WAIST cost=24.0000 best_alt=14.0000 gap=10.0000 tried=5 sep_labels=14 clique_frac=0.02
t=24121ms iter=67 REBUILD reject new_tc=26.9616 (was 26.3823)
t=24248ms iter=67 incumb=26.3823 ratchet=26.4216 best=26.3737 since_improve=10
t=24265ms iter=68 WAIST cost=24.0000 best_alt=15.0000 gap=9.0000 tried=5 sep_labels=15 clique_frac=0.00
t=24449ms iter=68 REBUILD reject new_tc=27.7366 (was 26.3823)
t=24578ms iter=68 incumb=26.3823 ratchet=26.7006 best=26.3737 since_improve=11
t=24595ms iter=69 WAIST cost=24.0000 best_alt=14.0000 gap=10.0000 tried=5 sep_labels=14 clique_frac=0.00
t=24761ms iter=69 REBUILD reject new_tc=26.9349 (was 26.3823)
t=24885ms iter=69 incumb=26.3823 ratchet=26.3852 best=26.3737 since_improve=12
t=24902ms iter=70 WAIST cost=24.0000 best_alt=15.0000 gap=9.0000 tried=5 sep_labels=15 clique_frac=0.00
t=25078ms iter=70 REBUILD reject new_tc=26.8693 (was 26.3823)
t=25208ms iter=70 incumb=26.3823 ratchet=26.6319 best=26.3737 since_improve=13
t=25224ms iter=71 WAIST cost=24.0000 best_alt=15.0000 gap=9.0000 tried=5 sep_labels=15 clique_frac=0.04
t=25391ms iter=71 REBUILD reject new_tc=27.6995 (was 26.3823)
t=25522ms iter=71 incumb=26.3823 ratchet=26.5772 best=26.3737 since_improve=14
t=25537ms iter=72 WAIST cost=24.0000 best_alt=14.0000 gap=10.0000 tried=5 sep_labels=14 clique_frac=0.01
t=25703ms iter=72 REBUILD reject new_tc=26.8309 (was 26.3823)
t=25832ms iter=72 incumb=26.3823 ratchet=26.5976 best=26.3737 since_improve=15
t=25850ms iter=73 WAIST cost=24.0000 best_alt=15.0000 gap=9.0000 tried=5 sep_labels=15 clique_frac=0.01
t=26017ms iter=73 REBUILD reject new_tc=27.0444 (was 26.3823)
t=26144ms iter=73 incumb=26.3823 ratchet=26.4371 best=26.3737 since_improve=16
t=26159ms iter=74 WAIST cost=24.0000 best_alt=14.0000 gap=10.0000 tried=5 sep_labels=14 clique_frac=0.02
t=26335ms iter=74 REBUILD reject new_tc=26.8126 (was 26.3823)
t=26467ms iter=74 incumb=26.3823 ratchet=26.4898 best=26.3737 since_improve=17
t=26484ms iter=75 WAIST cost=24.0000 best_alt=14.0000 gap=10.0000 tried=5 sep_labels=14 clique_frac=0.00
t=26702ms iter=75 REBUILD reject new_tc=27.2094 (was 26.3823)
t=26838ms iter=75 incumb=26.3823 ratchet=26.7187 best=26.3737 since_improve=18
t=26855ms iter=76 WAIST cost=24.0000 best_alt=14.0000 gap=10.0000 tried=5 sep_labels=14 clique_frac=0.04
t=27021ms iter=76 REBUILD reject new_tc=26.8441 (was 26.3823)
t=27152ms iter=76 incumb=26.3823 ratchet=26.7143 best=26.3737 since_improve=19
t=27167ms iter=77 WAIST cost=24.0000 best_alt=16.0000 gap=8.0000 tried=5 sep_labels=16 clique_frac=0.06
t=27340ms iter=77 REBUILD reject new_tc=27.0728 (was 26.3823)
t=27467ms iter=77 incumb=26.3823 ratchet=26.6821 best=26.3737 since_improve=20
t=27484ms iter=78 WAIST cost=24.0000 best_alt=16.0000 gap=8.0000 tried=5 sep_labels=16 clique_frac=0.06
t=27662ms iter=78 REBUILD reject new_tc=27.0935 (was 26.3823)
t=27792ms iter=78 incumb=26.3823 ratchet=26.5274 best=26.3737 since_improve=21
t=27809ms iter=79 WAIST cost=24.0000 best_alt=14.0000 gap=10.0000 tried=5 sep_labels=14 clique_frac=0.00
t=27979ms iter=79 REBUILD reject new_tc=27.0639 (was 26.3823)
t=28109ms iter=79 incumb=26.3823 ratchet=26.8075 best=26.3737 since_improve=22
t=28123ms iter=80 WAIST cost=24.0000 best_alt=16.0000 gap=8.0000 tried=5 sep_labels=16 clique_frac=0.06
t=28295ms iter=80 REBUILD reject new_tc=26.9267 (was 26.3823)
t=28423ms iter=80 incumb=26.3823 ratchet=26.5358 best=26.3737 since_improve=23
t=28445ms iter=81 WAIST cost=24.0000 best_alt=14.0000 gap=10.0000 tried=5 sep_labels=14 clique_frac=0.02
t=28616ms iter=81 REBUILD reject new_tc=27.0515 (was 26.3823)
t=28744ms iter=81 incumb=26.3823 ratchet=26.7158 best=26.3737 since_improve=24
t=28759ms iter=82 WAIST cost=24.0000 best_alt=14.0000 gap=10.0000 tried=5 sep_labels=14 clique_frac=0.02
t=28929ms iter=82 REBUILD reject new_tc=26.8800 (was 26.3823)
t=29107ms iter=82 incumb=26.3823 ratchet=26.3495 best=26.3237 since_improve=0
t=29122ms iter=83 WAIST cost=24.0000 best_alt=16.0000 gap=8.0000 tried=5 sep_labels=16 clique_frac=0.06
t=29300ms iter=83 REBUILD reject new_tc=27.1072 (was 26.3495)
t=29425ms iter=83 incumb=26.3495 ratchet=26.4995 best=26.3237 since_improve=1
t=29444ms iter=84 WAIST cost=24.0000 best_alt=15.0000 gap=9.0000 tried=5 sep_labels=15 clique_frac=0.01
t=29613ms iter=84 REBUILD reject new_tc=26.7838 (was 26.3495)
t=29789ms iter=84 incumb=26.3495 ratchet=26.3126 best=26.3126 since_improve=0
t=29804ms iter=85 WAIST cost=24.0000 best_alt=14.0000 gap=10.0000 tried=5 sep_labels=14 clique_frac=0.03
t=29972ms iter=85 REBUILD reject new_tc=26.9125 (was 26.3126)
t=30095ms iter=85 incumb=26.3126 ratchet=26.4563 best=26.3126 since_improve=1
t=30109ms iter=86 WAIST cost=24.0000 best_alt=17.0000 gap=7.0000 tried=5 sep_labels=17 clique_frac=0.01
t=30280ms iter=86 REBUILD reject new_tc=26.5982 (was 26.3126)
t=30407ms iter=86 incumb=26.3126 ratchet=26.5713 best=26.3126 since_improve=2
t=30421ms iter=87 WAIST cost=24.0000 best_alt=16.0000 gap=8.0000 tried=5 sep_labels=16 clique_frac=0.00
t=30592ms iter=87 REBUILD reject new_tc=27.0373 (was 26.3126)
t=30715ms iter=87 incumb=26.3126 ratchet=26.4317 best=26.3126 since_improve=3
t=30730ms iter=88 WAIST cost=24.0000 best_alt=14.0000 gap=10.0000 tried=5 sep_labels=14 clique_frac=0.00
t=30904ms iter=88 REBUILD reject new_tc=26.9383 (was 26.3126)
t=31036ms iter=88 incumb=26.3126 ratchet=26.4694 best=26.3126 since_improve=4
t=31048ms iter=89 WAIST cost=24.0000 best_alt=17.0000 gap=7.0000 tried=5 sep_labels=17 clique_frac=0.01
t=31217ms iter=89 REBUILD reject new_tc=27.0543 (was 26.3126)
t=31341ms iter=89 incumb=26.3126 ratchet=26.5524 best=26.3126 since_improve=5
t=31355ms iter=90 WAIST cost=24.0000 best_alt=17.0000 gap=7.0000 tried=5 sep_labels=17 clique_frac=0.01
t=31526ms iter=90 REBUILD reject new_tc=27.7431 (was 26.3126)
t=31650ms iter=90 incumb=26.3126 ratchet=26.5410 best=26.3126 since_improve=6
t=31666ms iter=91 WAIST cost=24.0000 best_alt=14.0000 gap=10.0000 tried=5 sep_labels=14 clique_frac=0.00
t=31835ms iter=91 REBUILD reject new_tc=27.3675 (was 26.3126)
t=31956ms iter=91 incumb=26.3126 ratchet=26.3241 best=26.3126 since_improve=7
t=31973ms iter=92 WAIST cost=24.0000 best_alt=15.0000 gap=9.0000 tried=5 sep_labels=15 clique_frac=0.01
t=32145ms iter=92 REBUILD reject new_tc=26.8845 (was 26.3126)
t=32269ms iter=92 incumb=26.3126 ratchet=26.5076 best=26.3126 since_improve=8
t=32282ms iter=93 WAIST cost=24.0000 best_alt=17.0000 gap=7.0000 tried=5 sep_labels=17 clique_frac=0.01
t=32455ms iter=93 REBUILD reject new_tc=26.7874 (was 26.3126)
t=32577ms iter=93 incumb=26.3126 ratchet=26.5211 best=26.3126 since_improve=9
t=32592ms iter=94 WAIST cost=24.0000 best_alt=14.0000 gap=10.0000 tried=5 sep_labels=14 clique_frac=0.00
t=32757ms iter=94 REBUILD reject new_tc=26.8908 (was 26.3126)
t=32880ms iter=94 incumb=26.3126 ratchet=26.4809 best=26.3126 since_improve=10
t=32900ms iter=95 WAIST cost=24.0000 best_alt=14.0000 gap=10.0000 tried=5 sep_labels=14 clique_frac=0.00
t=33072ms iter=95 REBUILD reject new_tc=27.0041 (was 26.3126)
t=33239ms iter=95 incumb=26.3126 ratchet=26.3074 best=26.2846 since_improve=0
t=33255ms iter=96 WAIST cost=24.0000 best_alt=18.0000 gap=6.0000 tried=5 sep_labels=18 clique_frac=0.03
t=33421ms iter=96 REBUILD reject new_tc=26.9793 (was 26.3074)
t=33543ms iter=96 incumb=26.3074 ratchet=26.4792 best=26.2846 since_improve=1
t=33561ms iter=97 WAIST cost=24.0000 best_alt=15.0000 gap=9.0000 tried=5 sep_labels=15 clique_frac=0.01
t=33737ms iter=97 REBUILD reject new_tc=27.0262 (was 26.3074)
t=33863ms iter=97 incumb=26.3074 ratchet=26.5876 best=26.2846 since_improve=2
t=33885ms iter=98 WAIST cost=24.0000 best_alt=15.0000 gap=9.0000 tried=5 sep_labels=15 clique_frac=0.02
t=34063ms iter=98 REBUILD reject new_tc=26.8339 (was 26.3074)
t=34189ms iter=98 incumb=26.3074 ratchet=26.6598 best=26.2846 since_improve=3
t=34202ms iter=99 WAIST cost=24.0000 best_alt=15.0000 gap=9.0000 tried=5 sep_labels=15 clique_frac=0.03
t=34377ms iter=99 REBUILD reject new_tc=26.8926 (was 26.3074)
t=34501ms iter=99 incumb=26.3074 ratchet=26.6707 best=26.2846 since_improve=4
t=34518ms iter=100 WAIST cost=24.0000 best_alt=18.0000 gap=6.0000 tried=5 sep_labels=18 clique_frac=0.03
t=34685ms iter=100 REBUILD reject new_tc=26.9397 (was 26.3074)
t=34810ms iter=100 incumb=26.3074 ratchet=26.6435 best=26.2846 since_improve=5
t=34830ms iter=101 WAIST cost=24.0000 best_alt=17.0000 gap=7.0000 tried=5 sep_labels=17 clique_frac=0.01
t=35004ms iter=101 REBUILD reject new_tc=26.7810 (was 26.3074)
t=35125ms iter=101 incumb=26.3074 ratchet=26.7334 best=26.2846 since_improve=6
t=35145ms iter=102 WAIST cost=24.0000 best_alt=15.0000 gap=9.0000 tried=5 sep_labels=15 clique_frac=0.00
t=35320ms iter=102 REBUILD reject new_tc=27.0199 (was 26.3074)
t=35446ms iter=102 incumb=26.3074 ratchet=26.4534 best=26.2846 since_improve=7
t=35463ms iter=103 WAIST cost=24.0000 best_alt=16.0000 gap=8.0000 tried=5 sep_labels=16 clique_frac=0.01
t=35639ms iter=103 REBUILD reject new_tc=26.9424 (was 26.3074)
t=35758ms iter=103 incumb=26.3074 ratchet=26.5002 best=26.2846 since_improve=8
t=35773ms iter=104 WAIST cost=24.0000 best_alt=17.0000 gap=7.0000 tried=5 sep_labels=17 clique_frac=0.01
t=35943ms iter=104 REBUILD reject new_tc=26.9206 (was 26.3074)
t=36070ms iter=104 incumb=26.3074 ratchet=26.4665 best=26.2846 since_improve=9
t=36086ms iter=105 WAIST cost=24.0000 best_alt=17.0000 gap=7.0000 tried=5 sep_labels=17 clique_frac=0.01
t=36262ms iter=105 REBUILD reject new_tc=26.9981 (was 26.3074)
t=36387ms iter=105 incumb=26.3074 ratchet=26.4364 best=26.2846 since_improve=10
t=36401ms iter=106 WAIST cost=24.0000 best_alt=18.0000 gap=6.0000 tried=5 sep_labels=18 clique_frac=0.03
t=36565ms iter=106 REBUILD reject new_tc=27.1147 (was 26.3074)
t=36693ms iter=106 incumb=26.3074 ratchet=26.7409 best=26.2846 since_improve=11
t=36712ms iter=107 WAIST cost=24.0000 best_alt=15.0000 gap=9.0000 tried=5 sep_labels=15 clique_frac=0.00
t=36887ms iter=107 REBUILD reject new_tc=26.9995 (was 26.3074)
t=37014ms iter=107 incumb=26.3074 ratchet=26.5280 best=26.2846 since_improve=12
t=37028ms iter=108 WAIST cost=24.0000 best_alt=18.0000 gap=6.0000 tried=5 sep_labels=18 clique_frac=0.03
t=37196ms iter=108 REBUILD reject new_tc=26.9788 (was 26.3074)
t=37320ms iter=108 incumb=26.3074 ratchet=26.5403 best=26.2846 since_improve=13
t=37343ms iter=109 WAIST cost=24.0000 best_alt=15.0000 gap=9.0000 tried=5 sep_labels=15 clique_frac=0.00
t=37516ms iter=109 REBUILD reject new_tc=27.2242 (was 26.3074)
t=37636ms iter=109 incumb=26.3074 ratchet=26.7015 best=26.2846 since_improve=14
t=37649ms iter=110 WAIST cost=24.0000 best_alt=18.0000 gap=6.0000 tried=5 sep_labels=18 clique_frac=0.03
t=37813ms iter=110 REBUILD reject new_tc=26.9348 (was 26.3074)
t=37940ms iter=110 incumb=26.3074 ratchet=26.6156 best=26.2846 since_improve=15
t=37959ms iter=111 WAIST cost=24.0000 best_alt=15.0000 gap=9.0000 tried=5 sep_labels=15 clique_frac=0.01
t=38135ms iter=111 REBUILD reject new_tc=26.9150 (was 26.3074)
t=38256ms iter=111 incumb=26.3074 ratchet=26.4841 best=26.2846 since_improve=16
t=38275ms iter=112 WAIST cost=24.0000 best_alt=16.0000 gap=8.0000 tried=5 sep_labels=16 clique_frac=0.01
t=38446ms iter=112 REBUILD reject new_tc=26.8592 (was 26.3074)
t=38572ms iter=112 incumb=26.3074 ratchet=26.6433 best=26.2846 since_improve=17
t=38592ms iter=113 WAIST cost=24.0000 best_alt=17.0000 gap=7.0000 tried=5 sep_labels=17 clique_frac=0.01
t=38772ms iter=113 REBUILD reject new_tc=27.0295 (was 26.3074)
t=38916ms iter=113 incumb=26.3074 ratchet=26.3631 best=26.2846 since_improve=18
t=38932ms iter=114 WAIST cost=24.0000 best_alt=16.0000 gap=8.0000 tried=5 sep_labels=16 clique_frac=0.00
t=39101ms iter=114 REBUILD reject new_tc=26.8091 (was 26.3074)
t=39223ms iter=114 incumb=26.3074 ratchet=26.5034 best=26.2846 since_improve=19
t=39246ms iter=115 WAIST cost=24.0000 best_alt=15.0000 gap=9.0000 tried=5 sep_labels=15 clique_frac=0.00
t=39432ms iter=115 REBUILD reject new_tc=26.7996 (was 26.3074)
t=39564ms iter=115 incumb=26.3074 ratchet=26.4696 best=26.2846 since_improve=20
t=39586ms iter=116 WAIST cost=24.0000 best_alt=15.0000 gap=9.0000 tried=5 sep_labels=15 clique_frac=0.03
t=39763ms iter=116 REBUILD reject new_tc=27.1340 (was 26.3074)
t=39886ms iter=116 incumb=26.3074 ratchet=27.3017 best=26.2846 since_improve=21
t=39900ms iter=117 WAIST cost=24.0000 best_alt=16.0000 gap=8.0000 tried=5 sep_labels=16 clique_frac=0.01
t=40070ms iter=117 REBUILD reject new_tc=26.7141 (was 26.3074)
t=40188ms iter=117 incumb=26.3074 ratchet=26.4293 best=26.2846 since_improve=22
t=40206ms iter=118 WAIST cost=24.0000 best_alt=15.0000 gap=9.0000 tried=5 sep_labels=15 clique_frac=0.00
t=40380ms iter=118 REBUILD reject new_tc=26.9193 (was 26.3074)
t=40511ms iter=118 incumb=26.3074 ratchet=26.4862 best=26.2846 since_improve=23
t=40526ms iter=119 WAIST cost=24.0000 best_alt=18.0000 gap=6.0000 tried=5 sep_labels=18 clique_frac=0.03
t=40689ms iter=119 REBUILD reject new_tc=26.9078 (was 26.3074)
t=40815ms iter=119 incumb=26.3074 ratchet=26.4437 best=26.2846 since_improve=24
t=40830ms iter=120 WAIST cost=24.0000 best_alt=17.0000 gap=7.0000 tried=5 sep_labels=17 clique_frac=0.01
t=41000ms iter=120 REBUILD reject new_tc=27.6054 (was 26.3074)
t=41125ms iter=120 incumb=26.3074 ratchet=26.5376 best=26.2846 since_improve=25
t=41141ms iter=121 WAIST cost=24.0000 best_alt=15.0000 gap=9.0000 tried=5 sep_labels=15 clique_frac=0.02
t=41316ms iter=121 REBUILD reject new_tc=27.1285 (was 26.3074)
t=41436ms iter=121 incumb=26.3074 ratchet=26.3621 best=26.2846 since_improve=26
t=41459ms iter=122 WAIST cost=24.0000 best_alt=15.0000 gap=9.0000 tried=5 sep_labels=15 clique_frac=0.00
t=41633ms iter=122 REBUILD reject new_tc=27.1928 (was 26.3074)
t=41759ms iter=122 incumb=26.3074 ratchet=26.4206 best=26.2846 since_improve=27
t=41780ms iter=123 WAIST cost=24.0000 best_alt=15.0000 gap=9.0000 tried=5 sep_labels=15 clique_frac=0.00
t=41954ms iter=123 REBUILD reject new_tc=26.9132 (was 26.3074)
t=42087ms iter=123 incumb=26.3074 ratchet=26.5574 best=26.2846 since_improve=28
t=42105ms iter=124 WAIST cost=24.0000 best_alt=17.0000 gap=7.0000 tried=5 sep_labels=17 clique_frac=0.00
t=42280ms iter=124 REBUILD reject new_tc=27.1505 (was 26.3074)
t=42404ms iter=124 incumb=26.3074 ratchet=26.8471 best=26.2846 since_improve=29
t=42418ms iter=125 WAIST cost=24.0000 best_alt=16.0000 gap=8.0000 tried=5 sep_labels=16 clique_frac=0.03
t=42588ms iter=125 REBUILD reject new_tc=27.0840 (was 26.3074)
t=42714ms iter=125 incumb=26.3074 ratchet=26.3382 best=26.2846 since_improve=30
t=42732ms iter=126 WAIST cost=24.0000 best_alt=15.0000 gap=9.0000 tried=5 sep_labels=15 clique_frac=0.01
t=42907ms iter=126 REBUILD reject new_tc=27.1064 (was 26.3074)
t=43037ms iter=126 incumb=26.3074 ratchet=26.5343 best=26.2846 since_improve=31
t=43052ms iter=127 WAIST cost=24.0000 best_alt=17.0000 gap=7.0000 tried=5 sep_labels=17 clique_frac=0.00
t=43215ms iter=127 REBUILD reject new_tc=26.8361 (was 26.3074)
t=43339ms iter=127 incumb=26.3074 ratchet=26.5056 best=26.2846 since_improve=32
t=43359ms iter=128 WAIST cost=24.0000 best_alt=15.0000 gap=9.0000 tried=5 sep_labels=15 clique_frac=0.00
t=43531ms iter=128 REBUILD reject new_tc=27.8205 (was 26.3074)
t=43653ms iter=128 incumb=26.3074 ratchet=26.4273 best=26.2846 since_improve=33
t=43671ms iter=129 WAIST cost=24.0000 best_alt=16.0000 gap=8.0000 tried=5 sep_labels=16 clique_frac=0.02
t=43847ms iter=129 REBUILD reject new_tc=27.8376 (was 26.3074)
t=43970ms iter=129 incumb=26.3074 ratchet=26.5023 best=26.2846 since_improve=34
t=43986ms iter=130 WAIST cost=24.0000 best_alt=15.0000 gap=9.0000 tried=5 sep_labels=15 clique_frac=0.00
t=44155ms iter=130 REBUILD reject new_tc=26.7742 (was 26.3074)
t=44280ms iter=130 incumb=26.3074 ratchet=26.6577 best=26.2846 since_improve=35
t=44303ms iter=131 WAIST cost=24.0000 best_alt=15.0000 gap=9.0000 tried=5 sep_labels=15 clique_frac=0.03
t=44478ms iter=131 REBUILD reject new_tc=26.8507 (was 26.3074)
t=44610ms iter=131 incumb=26.3074 ratchet=26.4156 best=26.2846 since_improve=36
t=44629ms iter=132 WAIST cost=24.0000 best_alt=18.0000 gap=6.0000 tried=5 sep_labels=18 clique_frac=0.03
t=44792ms iter=132 REBUILD reject new_tc=26.9726 (was 26.3074)
t=44915ms iter=132 incumb=26.3074 ratchet=26.4431 best=26.2846 since_improve=37
t=44931ms iter=133 WAIST cost=24.0000 best_alt=16.0000 gap=8.0000 tried=5 sep_labels=16 clique_frac=0.01
t=45099ms iter=133 REBUILD reject new_tc=27.2617 (was 26.3074)
t=45225ms iter=133 incumb=26.3074 ratchet=26.9565 best=26.2846 since_improve=38
t=45247ms iter=134 WAIST cost=24.0000 best_alt=15.0000 gap=9.0000 tried=5 sep_labels=15 clique_frac=0.02
t=45419ms iter=134 REBUILD reject new_tc=27.5828 (was 26.3074)
t=45548ms iter=134 incumb=26.3074 ratchet=26.3389 best=26.2846 since_improve=39
t=45565ms iter=135 WAIST cost=24.0000 best_alt=16.0000 gap=8.0000 tried=5 sep_labels=16 clique_frac=0.03
t=45737ms iter=135 REBUILD reject new_tc=27.2000 (was 26.3074)
t=45861ms iter=135 incumb=26.3074 ratchet=26.4964 best=26.2846 since_improve=40
t=45879ms iter=136 WAIST cost=24.0000 best_alt=18.0000 gap=6.0000 tried=5 sep_labels=18 clique_frac=0.03
t=46048ms iter=136 REBUILD reject new_tc=26.9060 (was 26.3074)
t=46171ms iter=136 incumb=26.3074 ratchet=26.2987 best=26.2846 since_improve=0
t=46191ms iter=137 WAIST cost=24.0000 best_alt=19.0000 gap=5.0000 tried=5 sep_labels=19 clique_frac=0.00
t=46375ms iter=137 REBUILD reject new_tc=27.1331 (was 26.2987)
t=46500ms iter=137 incumb=26.2987 ratchet=26.5164 best=26.2846 since_improve=1
t=46521ms iter=138 WAIST cost=24.0000 best_alt=19.0000 gap=5.0000 tried=5 sep_labels=19 clique_frac=0.00
t=46706ms iter=138 REBUILD reject new_tc=27.4717 (was 26.2987)
t=46834ms iter=138 incumb=26.2987 ratchet=26.4333 best=26.2846 since_improve=2
t=46852ms iter=139 WAIST cost=24.0000 best_alt=19.0000 gap=5.0000 tried=5 sep_labels=19 clique_frac=0.00
t=47034ms iter=139 REBUILD reject new_tc=27.8768 (was 26.2987)
t=47159ms iter=139 incumb=26.2987 ratchet=26.5964 best=26.2846 since_improve=3
t=47173ms iter=140 WAIST cost=24.0000 best_alt=19.0000 gap=5.0000 tried=5 sep_labels=19 clique_frac=0.00
t=47356ms iter=140 REBUILD reject new_tc=27.2951 (was 26.2987)
t=47479ms iter=140 incumb=26.2987 ratchet=26.5087 best=26.2846 since_improve=4
t=47501ms iter=141 WAIST cost=24.0000 best_alt=19.0000 gap=5.0000 tried=5 sep_labels=19 clique_frac=0.00
t=47688ms iter=141 REBUILD reject new_tc=26.9809 (was 26.2987)
t=47817ms iter=141 incumb=26.2987 ratchet=26.5004 best=26.2846 since_improve=5
t=47833ms iter=142 WAIST cost=24.0000 best_alt=19.0000 gap=5.0000 tried=5 sep_labels=19 clique_frac=0.00
t=48016ms iter=142 REBUILD reject new_tc=27.0420 (was 26.2987)
t=48140ms iter=142 incumb=26.2987 ratchet=26.3619 best=26.2846 since_improve=6
t=48159ms iter=143 WAIST cost=24.0000 best_alt=19.0000 gap=5.0000 tried=5 sep_labels=19 clique_frac=0.00
t=48348ms iter=143 REBUILD reject new_tc=27.1422 (was 26.2987)
t=48469ms iter=143 incumb=26.2987 ratchet=26.3755 best=26.2846 since_improve=7
t=48491ms iter=144 WAIST cost=24.0000 best_alt=19.0000 gap=5.0000 tried=5 sep_labels=19 clique_frac=0.00
t=48677ms iter=144 REBUILD reject new_tc=26.9444 (was 26.2987)
t=48807ms iter=144 incumb=26.2987 ratchet=26.5153 best=26.2846 since_improve=8
t=48823ms iter=145 WAIST cost=24.0000 best_alt=18.0000 gap=6.0000 tried=5 sep_labels=18 clique_frac=0.00
t=48987ms iter=145 REBUILD reject new_tc=26.6098 (was 26.2987)
t=49114ms iter=145 incumb=26.2987 ratchet=26.5549 best=26.2846 since_improve=9
t=49132ms iter=146 WAIST cost=24.0000 best_alt=19.0000 gap=5.0000 tried=5 sep_labels=19 clique_frac=0.00
t=49319ms iter=146 REBUILD reject new_tc=27.3796 (was 26.2987)
t=49444ms iter=146 incumb=26.2987 ratchet=26.9209 best=26.2846 since_improve=10
t=49462ms iter=147 WAIST cost=24.0000 best_alt=19.0000 gap=5.0000 tried=5 sep_labels=19 clique_frac=0.00
t=49647ms iter=147 REBUILD reject new_tc=27.1110 (was 26.2987)
t=49768ms iter=147 incumb=26.2987 ratchet=26.4637 best=26.2846 since_improve=11
t=49788ms iter=148 WAIST cost=24.0000 best_alt=19.0000 gap=5.0000 tried=5 sep_labels=19 clique_frac=0.00
t=49974ms iter=148 REBUILD reject new_tc=27.8825 (was 26.2987)
t=50092ms iter=148 incumb=26.2987 ratchet=26.4423 best=26.2846 since_improve=12
t=50111ms iter=149 WAIST cost=24.0000 best_alt=19.0000 gap=5.0000 tried=5 sep_labels=19 clique_frac=0.00
t=50296ms iter=149 REBUILD reject new_tc=26.8644 (was 26.2987)
t=50416ms iter=149 incumb=26.2987 ratchet=26.3910 best=26.2846 since_improve=13
t=50437ms iter=150 WAIST cost=24.0000 best_alt=19.0000 gap=5.0000 tried=5 sep_labels=19 clique_frac=0.00
t=50620ms iter=150 REBUILD reject new_tc=26.7072 (was 26.2987)
t=50741ms iter=150 incumb=26.2987 ratchet=26.6210 best=26.2846 since_improve=14
t=50759ms iter=151 WAIST cost=24.0000 best_alt=19.0000 gap=5.0000 tried=5 sep_labels=19 clique_frac=0.00
t=50948ms iter=151 REBUILD reject new_tc=26.8343 (was 26.2987)
t=51077ms iter=151 incumb=26.2987 ratchet=26.5070 best=26.2846 since_improve=15
t=51095ms iter=152 WAIST cost=24.0000 best_alt=19.0000 gap=5.0000 tried=5 sep_labels=19 clique_frac=0.00
t=51276ms iter=152 REBUILD reject new_tc=26.6065 (was 26.2987)
t=51402ms iter=152 incumb=26.2987 ratchet=26.3264 best=26.2846 since_improve=16
t=51421ms iter=153 WAIST cost=24.0000 best_alt=19.0000 gap=5.0000 tried=5 sep_labels=19 clique_frac=0.00
t=51607ms iter=153 REBUILD reject new_tc=27.0098 (was 26.2987)
t=51732ms iter=153 incumb=26.2987 ratchet=26.3231 best=26.2846 since_improve=17
t=51752ms iter=154 WAIST cost=24.0000 best_alt=19.0000 gap=5.0000 tried=5 sep_labels=19 clique_frac=0.00
t=51941ms iter=154 REBUILD reject new_tc=27.2890 (was 26.2987)
t=52066ms iter=154 incumb=26.2987 ratchet=26.3849 best=26.2846 since_improve=18
t=52088ms iter=155 WAIST cost=24.0000 best_alt=18.0000 gap=6.0000 tried=5 sep_labels=18 clique_frac=0.00
t=52249ms iter=155 REBUILD reject new_tc=26.6918 (was 26.2987)
t=52377ms iter=155 incumb=26.2987 ratchet=26.4381 best=26.2846 since_improve=19
t=52393ms iter=156 WAIST cost=24.0000 best_alt=19.0000 gap=5.0000 tried=5 sep_labels=19 clique_frac=0.00
t=52580ms iter=156 REBUILD reject new_tc=26.5481 (was 26.2987)
t=52706ms iter=156 incumb=26.2987 ratchet=26.4550 best=26.2846 since_improve=20
t=52725ms iter=157 WAIST cost=24.0000 best_alt=19.0000 gap=5.0000 tried=5 sep_labels=19 clique_frac=0.00
t=52911ms iter=157 REBUILD reject new_tc=27.0952 (was 26.2987)
t=53036ms iter=157 incumb=26.2987 ratchet=26.4094 best=26.2846 since_improve=21
t=53055ms iter=158 WAIST cost=24.0000 best_alt=19.0000 gap=5.0000 tried=5 sep_labels=19 clique_frac=0.00
t=53243ms iter=158 REBUILD reject new_tc=27.2225 (was 26.2987)
t=53373ms iter=158 incumb=26.2987 ratchet=26.6094 best=26.2846 since_improve=22
t=53390ms iter=159 WAIST cost=24.0000 best_alt=19.0000 gap=5.0000 tried=5 sep_labels=19 clique_frac=0.00
t=53575ms iter=159 REBUILD reject new_tc=27.0165 (was 26.2987)
t=53700ms iter=159 incumb=26.2987 ratchet=26.4974 best=26.2846 since_improve=23
t=53720ms iter=160 WAIST cost=24.0000 best_alt=19.0000 gap=5.0000 tried=5 sep_labels=19 clique_frac=0.00
t=53906ms iter=160 REBUILD reject new_tc=27.2802 (was 26.2987)
t=54032ms iter=160 incumb=26.2987 ratchet=26.3787 best=26.2846 since_improve=24
t=54054ms iter=161 WAIST cost=24.0000 best_alt=19.0000 gap=5.0000 tried=5 sep_labels=19 clique_frac=0.00
t=54239ms iter=161 REBUILD reject new_tc=26.8836 (was 26.2987)
t=54367ms iter=161 incumb=26.2987 ratchet=26.5836 best=26.2846 since_improve=25
t=54385ms iter=162 WAIST cost=24.0000 best_alt=19.0000 gap=5.0000 tried=5 sep_labels=19 clique_frac=0.00
t=54573ms iter=162 REBUILD reject new_tc=26.6708 (was 26.2987)
t=54703ms iter=162 incumb=26.2987 ratchet=26.5216 best=26.2846 since_improve=26
t=54717ms iter=163 WAIST cost=24.0000 best_alt=19.0000 gap=5.0000 tried=5 sep_labels=19 clique_frac=0.00
t=54904ms iter=163 REBUILD reject new_tc=26.9943 (was 26.2987)
t=55031ms iter=163 incumb=26.2987 ratchet=26.6976 best=26.2846 since_improve=27
t=55051ms iter=164 WAIST cost=24.0000 best_alt=19.0000 gap=5.0000 tried=5 sep_labels=19 clique_frac=0.00
t=55240ms iter=164 REBUILD reject new_tc=27.2615 (was 26.2987)
t=55366ms iter=164 incumb=26.2987 ratchet=26.3046 best=26.2846 since_improve=28
t=55381ms iter=165 WAIST cost=24.0000 best_alt=19.0000 gap=5.0000 tried=5 sep_labels=19 clique_frac=0.00
t=55567ms iter=165 REBUILD reject new_tc=26.8759 (was 26.2987)
t=55689ms iter=165 incumb=26.2987 ratchet=26.5131 best=26.2846 since_improve=29
t=55703ms iter=166 WAIST cost=24.0000 best_alt=19.0000 gap=5.0000 tried=5 sep_labels=19 clique_frac=0.00
t=55892ms iter=166 REBUILD reject new_tc=26.8969 (was 26.2987)
t=56016ms iter=166 incumb=26.2987 ratchet=26.4232 best=26.2846 since_improve=30
t=56034ms iter=167 WAIST cost=24.0000 best_alt=19.0000 gap=5.0000 tried=5 sep_labels=19 clique_frac=0.00
t=56220ms iter=167 REBUILD reject new_tc=27.9784 (was 26.2987)
t=56348ms iter=167 incumb=26.2987 ratchet=26.4095 best=26.2846 since_improve=31
t=56366ms iter=168 WAIST cost=24.0000 best_alt=19.0000 gap=5.0000 tried=5 sep_labels=19 clique_frac=0.00
t=56553ms iter=168 REBUILD reject new_tc=26.6986 (was 26.2987)
t=56678ms iter=168 incumb=26.2987 ratchet=26.3654 best=26.2846 since_improve=32
t=56696ms iter=169 WAIST cost=24.0000 best_alt=19.0000 gap=5.0000 tried=5 sep_labels=19 clique_frac=0.00
t=56881ms iter=169 REBUILD reject new_tc=26.6616 (was 26.2987)
t=57007ms iter=169 incumb=26.2987 ratchet=26.4965 best=26.2846 since_improve=33
t=57025ms iter=170 WAIST cost=24.0000 best_alt=19.0000 gap=5.0000 tried=5 sep_labels=19 clique_frac=0.00
t=57213ms iter=170 REBUILD reject new_tc=27.2041 (was 26.2987)
t=57336ms iter=170 incumb=26.2987 ratchet=26.5939 best=26.2846 since_improve=34
t=57356ms iter=171 WAIST cost=24.0000 best_alt=19.0000 gap=5.0000 tried=5 sep_labels=19 clique_frac=0.00
t=57543ms iter=171 REBUILD reject new_tc=26.8074 (was 26.2987)
t=57707ms iter=171 incumb=26.2987 ratchet=26.3727 best=26.2758 since_improve=35
t=57728ms iter=172 WAIST cost=24.0000 best_alt=19.0000 gap=5.0000 tried=5 sep_labels=19 clique_frac=0.00
t=57915ms iter=172 REBUILD reject new_tc=27.2672 (was 26.2987)
t=58045ms iter=172 incumb=26.2987 ratchet=26.3848 best=26.2758 since_improve=36
t=58064ms iter=173 WAIST cost=24.0000 best_alt=19.0000 gap=5.0000 tried=5 sep_labels=19 clique_frac=0.00
t=58248ms iter=173 REBUILD reject new_tc=27.1668 (was 26.2987)
t=58372ms iter=173 incumb=26.2987 ratchet=26.5492 best=26.2758 since_improve=37
t=58386ms iter=174 WAIST cost=24.0000 best_alt=19.0000 gap=5.0000 tried=5 sep_labels=19 clique_frac=0.00
t=58570ms iter=174 REBUILD reject new_tc=26.9422 (was 26.2987)
t=58693ms iter=174 incumb=26.2987 ratchet=26.5086 best=26.2758 since_improve=38
t=58713ms iter=175 WAIST cost=24.0000 best_alt=19.0000 gap=5.0000 tried=5 sep_labels=19 clique_frac=0.00
t=58899ms iter=175 REBUILD reject new_tc=27.0658 (was 26.2987)
t=59027ms iter=175 incumb=26.2987 ratchet=26.4896 best=26.2758 since_improve=39
t=59042ms iter=176 WAIST cost=24.0000 best_alt=19.0000 gap=5.0000 tried=5 sep_labels=19 clique_frac=0.00
t=59229ms iter=176 REBUILD reject new_tc=27.2864 (was 26.2987)
t=59356ms iter=176 incumb=26.2987 ratchet=26.6228 best=26.2758 since_improve=40
t=59373ms iter=177 WAIST cost=24.0000 best_alt=19.0000 gap=5.0000 tried=5 sep_labels=19 clique_frac=0.00
t=59562ms iter=177 REBUILD reject new_tc=27.5014 (was 26.2987)
t=59688ms iter=177 incumb=26.2987 ratchet=26.6185 best=26.2758 since_improve=41
t=59709ms iter=178 WAIST cost=24.0000 best_alt=19.0000 gap=5.0000 tried=5 sep_labels=19 clique_frac=0.00
t=59893ms iter=178 REBUILD reject new_tc=27.5433 (was 26.2987)
t=60015ms iter=178 incumb=26.2987 ratchet=26.4124 best=26.2758 since_improve=42
t=60036ms iter=179 WAIST cost=24.0000 best_alt=19.0000 gap=5.0000 tried=5 sep_labels=19 clique_frac=0.00
t=60225ms iter=179 REBUILD reject new_tc=27.0115 (was 26.2987)
t=60353ms iter=179 incumb=26.2987 ratchet=26.5395 best=26.2758 since_improve=43
t=60372ms iter=180 WAIST cost=24.0000 best_alt=19.0000 gap=5.0000 tried=5 sep_labels=19 clique_frac=0.00
t=60559ms iter=180 REBUILD reject new_tc=27.3544 (was 26.2987)
t=60688ms iter=180 incumb=26.2987 ratchet=26.6239 best=26.2758 since_improve=44
t=60712ms iter=181 WAIST cost=24.0000 best_alt=19.0000 gap=5.0000 tried=5 sep_labels=19 clique_frac=0.00
t=60895ms iter=181 REBUILD reject new_tc=27.1851 (was 26.2987)
t=61020ms iter=181 incumb=26.2987 ratchet=26.5668 best=26.2758 since_improve=45
t=61041ms iter=182 WAIST cost=24.0000 best_alt=19.0000 gap=5.0000 tried=5 sep_labels=19 clique_frac=0.00
t=61228ms iter=182 REBUILD reject new_tc=26.9133 (was 26.2987)
t=61358ms iter=182 incumb=26.2987 ratchet=26.5235 best=26.2758 since_improve=46
t=61374ms iter=183 WAIST cost=24.0000 best_alt=19.0000 gap=5.0000 tried=5 sep_labels=19 clique_frac=0.00
t=61560ms iter=183 REBUILD reject new_tc=26.8934 (was 26.2987)
t=61679ms iter=183 incumb=26.2987 ratchet=26.4480 best=26.2758 since_improve=47
t=61704ms iter=184 WAIST cost=24.0000 best_alt=18.0000 gap=6.0000 tried=5 sep_labels=18 clique_frac=0.01
t=61869ms iter=184 REBUILD reject new_tc=26.9274 (was 26.2987)
t=61993ms iter=184 incumb=26.2987 ratchet=26.3472 best=26.2758 since_improve=48
t=62015ms iter=185 WAIST cost=24.0000 best_alt=19.0000 gap=5.0000 tried=5 sep_labels=19 clique_frac=0.00
t=62203ms iter=185 REBUILD reject new_tc=28.2607 (was 26.2987)
t=62331ms iter=185 incumb=26.2987 ratchet=26.6121 best=26.2758 since_improve=49
t=62347ms iter=186 WAIST cost=24.0000 best_alt=19.0000 gap=5.0000 tried=5 sep_labels=19 clique_frac=0.00
t=62538ms iter=186 REBUILD reject new_tc=27.1378 (was 26.2987)
t=62660ms iter=186 incumb=26.2987 ratchet=26.5771 best=26.2758 since_improve=50
t=62677ms iter=187 WAIST cost=24.0000 best_alt=19.0000 gap=5.0000 tried=5 sep_labels=19 clique_frac=0.00
t=62869ms iter=187 REBUILD reject new_tc=26.8070 (was 26.2987)
t=62997ms iter=187 incumb=26.2987 ratchet=26.5878 best=26.2758 since_improve=51
t=63021ms iter=188 WAIST cost=24.0000 best_alt=19.0000 gap=5.0000 tried=5 sep_labels=19 clique_frac=0.00
t=63209ms iter=188 REBUILD reject new_tc=27.1935 (was 26.2987)
t=63331ms iter=188 incumb=26.2987 ratchet=26.8341 best=26.2758 since_improve=52
t=63356ms iter=189 WAIST cost=24.0000 best_alt=18.0000 gap=6.0000 tried=5 sep_labels=18 clique_frac=0.01
t=63520ms iter=189 REBUILD reject new_tc=27.0930 (was 26.2987)
t=63643ms iter=189 incumb=26.2987 ratchet=27.0643 best=26.2758 since_improve=53
t=63660ms iter=190 WAIST cost=24.0000 best_alt=19.0000 gap=5.0000 tried=5 sep_labels=19 clique_frac=0.00
t=63846ms iter=190 REBUILD reject new_tc=26.4845 (was 26.2987)
t=63974ms iter=190 incumb=26.2987 ratchet=26.7889 best=26.2758 since_improve=54
t=63997ms iter=191 WAIST cost=24.0000 best_alt=19.0000 gap=5.0000 tried=5 sep_labels=19 clique_frac=0.00
t=64183ms iter=191 REBUILD reject new_tc=27.1843 (was 26.2987)
t=64305ms iter=191 incumb=26.2987 ratchet=26.5565 best=26.2758 since_improve=55
t=64329ms iter=192 WAIST cost=24.0000 best_alt=18.0000 gap=6.0000 tried=5 sep_labels=18 clique_frac=0.00
t=64489ms iter=192 REBUILD reject new_tc=27.6460 (was 26.2987)
t=64615ms iter=192 incumb=26.2987 ratchet=26.5136 best=26.2758 since_improve=56
t=64634ms iter=193 WAIST cost=24.0000 best_alt=19.0000 gap=5.0000 tried=5 sep_labels=19 clique_frac=0.00
t=64818ms iter=193 REBUILD reject new_tc=26.8871 (was 26.2987)
t=64943ms iter=193 incumb=26.2987 ratchet=26.5989 best=26.2758 since_improve=57
t=64961ms iter=194 WAIST cost=24.0000 best_alt=19.0000 gap=5.0000 tried=5 sep_labels=19 clique_frac=0.00
t=65145ms iter=194 REBUILD reject new_tc=27.0184 (was 26.2987)
t=65271ms iter=194 incumb=26.2987 ratchet=26.5900 best=26.2758 since_improve=58
t=65298ms iter=195 WAIST cost=24.0000 best_alt=19.0000 gap=5.0000 tried=5 sep_labels=19 clique_frac=0.00
t=65486ms iter=195 REBUILD reject new_tc=26.6740 (was 26.2987)
t=65610ms iter=195 incumb=26.2987 ratchet=26.5790 best=26.2758 since_improve=59
t=65638ms iter=196 WAIST cost=24.0000 best_alt=19.0000 gap=5.0000 tried=5 sep_labels=19 clique_frac=0.00
t=65824ms iter=196 REBUILD reject new_tc=26.9605 (was 26.2987)
t=65950ms iter=196 incumb=26.2987 ratchet=26.3763 best=26.2758 since_improve=60
t=65973ms iter=197 WAIST cost=24.0000 best_alt=19.0000 gap=5.0000 tried=5 sep_labels=19 clique_frac=0.00
t=66157ms iter=197 REBUILD reject new_tc=27.7904 (was 26.2987)
t=66283ms iter=197 incumb=26.2987 ratchet=26.4386 best=26.2758 since_improve=61
t=66308ms iter=198 WAIST cost=24.0000 best_alt=19.0000 gap=5.0000 tried=5 sep_labels=19 clique_frac=0.00
t=66491ms iter=198 REBUILD reject new_tc=27.8218 (was 26.2987)
t=66617ms iter=198 incumb=26.2987 ratchet=26.4142 best=26.2758 since_improve=62
t=66634ms iter=199 WAIST cost=24.0000 best_alt=19.0000 gap=5.0000 tried=5 sep_labels=19 clique_frac=0.00
t=66817ms iter=199 REBUILD reject new_tc=27.1527 (was 26.2987)
t=66943ms iter=199 incumb=26.2987 ratchet=26.5124 best=26.2758 since_improve=63
t=66962ms iter=200 WAIST cost=24.0000 best_alt=19.0000 gap=5.0000 tried=5 sep_labels=19 clique_frac=0.00
t=67148ms iter=200 REBUILD reject new_tc=26.9718 (was 26.2987)
t=67271ms iter=200 incumb=26.2987 ratchet=26.3687 best=26.2758 since_improve=64
t=67288ms iter=201 WAIST cost=24.0000 best_alt=19.0000 gap=5.0000 tried=5 sep_labels=19 clique_frac=0.00
t=67471ms iter=201 REBUILD reject new_tc=26.7002 (was 26.2987)
t=67597ms iter=201 incumb=26.2987 ratchet=26.3442 best=26.2758 since_improve=65
t=67618ms iter=202 WAIST cost=24.0000 best_alt=19.0000 gap=5.0000 tried=5 sep_labels=19 clique_frac=0.00
t=67802ms iter=202 REBUILD reject new_tc=27.1321 (was 26.2987)
t=67927ms iter=202 incumb=26.2987 ratchet=26.6978 best=26.2758 since_improve=66
t=67945ms iter=203 WAIST cost=24.0000 best_alt=19.0000 gap=5.0000 tried=5 sep_labels=19 clique_frac=0.00
t=68131ms iter=203 REBUILD reject new_tc=27.1143 (was 26.2987)
t=68257ms iter=203 incumb=26.2987 ratchet=26.4353 best=26.2758 since_improve=67
t=68279ms iter=204 WAIST cost=24.0000 best_alt=19.0000 gap=5.0000 tried=5 sep_labels=19 clique_frac=0.00
t=68467ms iter=204 REBUILD reject new_tc=26.9392 (was 26.2987)
t=68588ms iter=204 incumb=26.2987 ratchet=26.5554 best=26.2758 since_improve=68
t=68605ms iter=205 WAIST cost=24.0000 best_alt=19.0000 gap=5.0000 tried=5 sep_labels=19 clique_frac=0.00
t=68794ms iter=205 REBUILD reject new_tc=27.0597 (was 26.2987)
t=68919ms iter=205 incumb=26.2987 ratchet=27.3522 best=26.2758 since_improve=69
t=68940ms iter=206 WAIST cost=24.0000 best_alt=19.0000 gap=5.0000 tried=5 sep_labels=19 clique_frac=0.00
t=69126ms iter=206 REBUILD reject new_tc=26.7019 (was 26.2987)
t=69251ms iter=206 incumb=26.2987 ratchet=26.3806 best=26.2758 since_improve=70
t=69273ms iter=207 WAIST cost=24.0000 best_alt=18.0000 gap=6.0000 tried=5 sep_labels=18 clique_frac=0.00
t=69439ms iter=207 REBUILD reject new_tc=26.8145 (was 26.2987)
t=69558ms iter=207 incumb=26.2987 ratchet=26.5433 best=26.2758 since_improve=71
t=69576ms iter=208 WAIST cost=24.0000 best_alt=19.0000 gap=5.0000 tried=5 sep_labels=19 clique_frac=0.00
t=69761ms iter=208 REBUILD reject new_tc=26.7343 (was 26.2987)
t=69887ms iter=208 incumb=26.2987 ratchet=26.5941 best=26.2758 since_improve=72
t=69906ms iter=209 WAIST cost=24.0000 best_alt=18.0000 gap=6.0000 tried=5 sep_labels=18 clique_frac=0.00
t=70071ms iter=209 REBUILD reject new_tc=26.6600 (was 26.2987)
t=70199ms iter=209 incumb=26.2987 ratchet=26.5803 best=26.2758 since_improve=73
t=70217ms iter=210 WAIST cost=24.0000 best_alt=19.0000 gap=5.0000 tried=5 sep_labels=19 clique_frac=0.00
t=70403ms iter=210 REBUILD reject new_tc=27.0179 (was 26.2987)
t=70529ms iter=210 incumb=26.2987 ratchet=26.5405 best=26.2758 since_improve=74
t=70543ms iter=211 WAIST cost=24.0000 best_alt=19.0000 gap=5.0000 tried=5 sep_labels=19 clique_frac=0.00
t=70730ms iter=211 REBUILD reject new_tc=26.8601 (was 26.2987)
t=70852ms iter=211 incumb=26.2987 ratchet=27.4052 best=26.2758 since_improve=75
t=70875ms iter=212 WAIST cost=24.0000 best_alt=19.0000 gap=5.0000 tried=5 sep_labels=19 clique_frac=0.00
t=71056ms iter=212 REBUILD reject new_tc=27.1036 (was 26.2987)
t=71184ms iter=212 incumb=26.2987 ratchet=26.6240 best=26.2758 since_improve=76
t=71203ms iter=213 WAIST cost=24.0000 best_alt=18.0000 gap=6.0000 tried=5 sep_labels=18 clique_frac=0.00
t=71367ms iter=213 REBUILD reject new_tc=26.7478 (was 26.2987)
t=71497ms iter=213 incumb=26.2987 ratchet=26.5676 best=26.2758 since_improve=77
t=71520ms iter=214 WAIST cost=24.0000 best_alt=19.0000 gap=5.0000 tried=5 sep_labels=19 clique_frac=0.00
t=71702ms iter=214 REBUILD reject new_tc=26.6229 (was 26.2987)
t=71828ms iter=214 incumb=26.2987 ratchet=26.3865 best=26.2758 since_improve=78
t=71846ms iter=215 WAIST cost=24.0000 best_alt=19.0000 gap=5.0000 tried=5 sep_labels=19 clique_frac=0.00
t=72031ms iter=215 REBUILD reject new_tc=26.7026 (was 26.2987)
t=72157ms iter=215 incumb=26.2987 ratchet=26.5479 best=26.2758 since_improve=79
t=72178ms iter=216 WAIST cost=24.0000 best_alt=19.0000 gap=5.0000 tried=5 sep_labels=19 clique_frac=0.00
t=72363ms iter=216 REBUILD reject new_tc=27.1572 (was 26.2987)
t=72485ms iter=216 incumb=26.2987 ratchet=26.3081 best=26.2758 since_improve=80
t=72505ms iter=217 WAIST cost=24.0000 best_alt=18.0000 gap=6.0000 tried=5 sep_labels=18 clique_frac=0.01
t=72667ms iter=217 REBUILD reject new_tc=26.7299 (was 26.2987)
t=72792ms iter=217 incumb=26.2987 ratchet=26.3919 best=26.2758 since_improve=81
t=72814ms iter=218 WAIST cost=24.0000 best_alt=19.0000 gap=5.0000 tried=5 sep_labels=19 clique_frac=0.00
t=72998ms iter=218 REBUILD reject new_tc=27.0872 (was 26.2987)
t=73122ms iter=218 incumb=26.2987 ratchet=26.5694 best=26.2758 since_improve=82
t=73140ms iter=219 WAIST cost=24.0000 best_alt=19.0000 gap=5.0000 tried=5 sep_labels=19 clique_frac=0.00
t=73328ms iter=219 REBUILD reject new_tc=27.0104 (was 26.2987)
t=73456ms iter=219 incumb=26.2987 ratchet=26.3951 best=26.2758 since_improve=83
t=73474ms iter=220 WAIST cost=24.0000 best_alt=18.0000 gap=6.0000 tried=5 sep_labels=18 clique_frac=0.01
t=73638ms iter=220 REBUILD reject new_tc=27.2583 (was 26.2987)
t=73762ms iter=220 incumb=26.2987 ratchet=27.0085 best=26.2758 since_improve=84
t=73777ms iter=221 WAIST cost=24.0000 best_alt=19.0000 gap=5.0000 tried=5 sep_labels=19 clique_frac=0.00
t=73976ms iter=221 REBUILD reject new_tc=26.9326 (was 26.2987)
t=74105ms iter=221 incumb=26.2987 ratchet=26.4242 best=26.2758 since_improve=85
t=74121ms iter=222 WAIST cost=24.0000 best_alt=19.0000 gap=5.0000 tried=5 sep_labels=19 clique_frac=0.00
t=74308ms iter=222 REBUILD reject new_tc=27.2883 (was 26.2987)
t=74434ms iter=222 incumb=26.2987 ratchet=26.3285 best=26.2758 since_improve=86
t=74452ms iter=223 WAIST cost=24.0000 best_alt=18.0000 gap=6.0000 tried=5 sep_labels=18 clique_frac=0.01
t=74615ms iter=223 REBUILD reject new_tc=26.9191 (was 26.2987)
t=74742ms iter=223 incumb=26.2987 ratchet=26.3984 best=26.2758 since_improve=87
t=74760ms iter=224 WAIST cost=24.0000 best_alt=19.0000 gap=5.0000 tried=5 sep_labels=19 clique_frac=0.00
t=74946ms iter=224 REBUILD reject new_tc=26.9343 (was 26.2987)
t=75068ms iter=224 incumb=26.2987 ratchet=26.7532 best=26.2758 since_improve=88
t=75086ms iter=225 WAIST cost=24.0000 best_alt=19.0000 gap=5.0000 tried=5 sep_labels=19 clique_frac=0.00
t=75273ms iter=225 REBUILD reject new_tc=27.3662 (was 26.2987)
t=75397ms iter=225 incumb=26.2987 ratchet=26.4237 best=26.2758 since_improve=89
t=75413ms iter=226 WAIST cost=24.0000 best_alt=19.0000 gap=5.0000 tried=5 sep_labels=19 clique_frac=0.00
t=75596ms iter=226 REBUILD reject new_tc=27.3719 (was 26.2987)
t=75718ms iter=226 incumb=26.2987 ratchet=26.3261 best=26.2758 since_improve=90
t=75744ms iter=227 WAIST cost=24.0000 best_alt=19.0000 gap=5.0000 tried=5 sep_labels=19 clique_frac=0.00
t=75933ms iter=227 REBUILD reject new_tc=27.4223 (was 26.2987)
t=76067ms iter=227 incumb=26.2987 ratchet=26.6614 best=26.2758 since_improve=91
t=76087ms iter=228 WAIST cost=24.0000 best_alt=19.0000 gap=5.0000 tried=5 sep_labels=19 clique_frac=0.00
t=76275ms iter=228 REBUILD reject new_tc=26.4772 (was 26.2987)
t=76403ms iter=228 incumb=26.2987 ratchet=26.6888 best=26.2758 since_improve=92
t=76424ms iter=229 WAIST cost=24.0000 best_alt=19.0000 gap=5.0000 tried=5 sep_labels=19 clique_frac=0.00
t=76610ms iter=229 REBUILD reject new_tc=27.0668 (was 26.2987)
t=76735ms iter=229 incumb=26.2987 ratchet=26.3878 best=26.2758 since_improve=93
t=76750ms iter=230 WAIST cost=24.0000 best_alt=19.0000 gap=5.0000 tried=5 sep_labels=19 clique_frac=0.00
t=76936ms iter=230 REBUILD reject new_tc=27.4867 (was 26.2987)
t=77057ms iter=230 incumb=26.2987 ratchet=26.4397 best=26.2758 since_improve=94
t=77081ms iter=231 WAIST cost=24.0000 best_alt=19.0000 gap=5.0000 tried=5 sep_labels=19 clique_frac=0.00
t=77271ms iter=231 REBUILD reject new_tc=27.4098 (was 26.2987)
t=77394ms iter=231 incumb=26.2987 ratchet=26.4117 best=26.2758 since_improve=95
t=77418ms iter=232 WAIST cost=24.0000 best_alt=19.0000 gap=5.0000 tried=5 sep_labels=19 clique_frac=0.00
t=77605ms iter=232 REBUILD reject new_tc=26.9178 (was 26.2987)
t=77730ms iter=232 incumb=26.2987 ratchet=26.7871 best=26.2758 since_improve=96
t=77746ms iter=233 WAIST cost=24.0000 best_alt=19.0000 gap=5.0000 tried=5 sep_labels=19 clique_frac=0.00
t=77931ms iter=233 REBUILD reject new_tc=27.3656 (was 26.2987)
t=78052ms iter=233 incumb=26.2987 ratchet=26.3591 best=26.2758 since_improve=97
t=78074ms iter=234 WAIST cost=24.0000 best_alt=19.0000 gap=5.0000 tried=5 sep_labels=19 clique_frac=0.00
t=78261ms iter=234 REBUILD reject new_tc=27.1275 (was 26.2987)
t=78385ms iter=234 incumb=26.2987 ratchet=26.6274 best=26.2758 since_improve=98
t=78401ms iter=235 WAIST cost=24.0000 best_alt=19.0000 gap=5.0000 tried=5 sep_labels=19 clique_frac=0.00
t=78586ms iter=235 REBUILD reject new_tc=26.8172 (was 26.2987)
t=78709ms iter=235 incumb=26.2987 ratchet=26.3952 best=26.2758 since_improve=99
t=78729ms iter=236 WAIST cost=24.0000 best_alt=18.0000 gap=6.0000 tried=5 sep_labels=18 clique_frac=0.00
t=78893ms iter=236 REBUILD reject new_tc=27.1968 (was 26.2987)
t=79016ms iter=236 incumb=26.2987 ratchet=26.4027 best=26.2758 since_improve=100
t=79036ms iter=237 WAIST cost=24.0000 best_alt=18.0000 gap=6.0000 tried=5 sep_labels=18 clique_frac=0.00
t=79200ms iter=237 REBUILD reject new_tc=27.0898 (was 26.2987)
t=79326ms iter=237 incumb=26.2987 ratchet=26.5479 best=26.2758 since_improve=101
t=79346ms iter=238 WAIST cost=24.0000 best_alt=19.0000 gap=5.0000 tried=5 sep_labels=19 clique_frac=0.00
t=79534ms iter=238 REBUILD reject new_tc=26.8746 (was 26.2987)
t=79661ms iter=238 incumb=26.2987 ratchet=26.4831 best=26.2758 since_improve=102
t=79679ms iter=239 WAIST cost=24.0000 best_alt=19.0000 gap=5.0000 tried=5 sep_labels=19 clique_frac=0.00
t=79867ms iter=239 REBUILD reject new_tc=27.1423 (was 26.2987)
t=79994ms iter=239 incumb=26.2987 ratchet=26.3768 best=26.2758 since_improve=103
t=80008ms iter=240 WAIST cost=24.0000 best_alt=19.0000 gap=5.0000 tried=5 sep_labels=19 clique_frac=0.00
t=80195ms iter=240 REBUILD reject new_tc=26.9257 (was 26.2987)
t=80322ms iter=240 incumb=26.2987 ratchet=26.3839 best=26.2758 since_improve=104
t=80344ms iter=241 WAIST cost=24.0000 best_alt=19.0000 gap=5.0000 tried=5 sep_labels=19 clique_frac=0.00
t=80531ms iter=241 REBUILD reject new_tc=27.1894 (was 26.2987)
t=80654ms iter=241 incumb=26.2987 ratchet=26.5035 best=26.2758 since_improve=105
t=80670ms iter=242 WAIST cost=24.0000 best_alt=19.0000 gap=5.0000 tried=5 sep_labels=19 clique_frac=0.00
t=80853ms iter=242 REBUILD reject new_tc=27.0882 (was 26.2987)
t=80978ms iter=242 incumb=26.2987 ratchet=26.5904 best=26.2758 since_improve=106
t=80996ms iter=243 WAIST cost=24.0000 best_alt=19.0000 gap=5.0000 tried=5 sep_labels=19 clique_frac=0.00
t=81184ms iter=243 REBUILD reject new_tc=26.9735 (was 26.2987)
t=81308ms iter=243 incumb=26.2987 ratchet=26.4570 best=26.2758 since_improve=107
t=81332ms iter=244 WAIST cost=24.0000 best_alt=19.0000 gap=5.0000 tried=5 sep_labels=19 clique_frac=0.00
t=81516ms iter=244 REBUILD reject new_tc=27.2980 (was 26.2987)
t=81641ms iter=244 incumb=26.2987 ratchet=26.4183 best=26.2758 since_improve=108
t=81663ms iter=245 WAIST cost=24.0000 best_alt=19.0000 gap=5.0000 tried=5 sep_labels=19 clique_frac=0.00
t=81846ms iter=245 REBUILD reject new_tc=27.0503 (was 26.2987)
t=81973ms iter=245 incumb=26.2987 ratchet=26.4785 best=26.2758 since_improve=109
t=81993ms iter=246 WAIST cost=24.0000 best_alt=19.0000 gap=5.0000 tried=5 sep_labels=19 clique_frac=0.00
t=82175ms iter=246 REBUILD reject new_tc=27.3160 (was 26.2987)
t=82301ms iter=246 incumb=26.2987 ratchet=26.4936 best=26.2758 since_improve=110
t=82325ms iter=247 WAIST cost=24.0000 best_alt=19.0000 gap=5.0000 tried=5 sep_labels=19 clique_frac=0.00
t=82511ms iter=247 REBUILD reject new_tc=27.1970 (was 26.2987)
t=82634ms iter=247 incumb=26.2987 ratchet=27.2953 best=26.2758 since_improve=111
t=82653ms iter=248 WAIST cost=24.0000 best_alt=19.0000 gap=5.0000 tried=5 sep_labels=19 clique_frac=0.00
t=82838ms iter=248 REBUILD reject new_tc=27.8277 (was 26.2987)
t=82962ms iter=248 incumb=26.2987 ratchet=26.4779 best=26.2758 since_improve=112
t=82985ms iter=249 WAIST cost=24.0000 best_alt=19.0000 gap=5.0000 tried=5 sep_labels=19 clique_frac=0.00
t=83166ms iter=249 REBUILD reject new_tc=28.0316 (was 26.2987)
t=83290ms iter=249 incumb=26.2987 ratchet=26.3816 best=26.2758 since_improve=113
t=83311ms iter=250 WAIST cost=24.0000 best_alt=19.0000 gap=5.0000 tried=5 sep_labels=19 clique_frac=0.00
t=83498ms iter=250 REBUILD reject new_tc=27.0018 (was 26.2987)
t=83622ms iter=250 incumb=26.2987 ratchet=26.5749 best=26.2758 since_improve=114
t=83638ms iter=251 WAIST cost=24.0000 best_alt=19.0000 gap=5.0000 tried=5 sep_labels=19 clique_frac=0.00
t=83824ms iter=251 REBUILD reject new_tc=27.1700 (was 26.2987)
t=83949ms iter=251 incumb=26.2987 ratchet=26.6422 best=26.2758 since_improve=115
t=83972ms iter=252 WAIST cost=24.0000 best_alt=19.0000 gap=5.0000 tried=5 sep_labels=19 clique_frac=0.00
t=84156ms iter=252 REBUILD reject new_tc=27.5521 (was 26.2987)
t=84281ms iter=252 incumb=26.2987 ratchet=26.5807 best=26.2758 since_improve=116
t=84295ms iter=253 WAIST cost=24.0000 best_alt=19.0000 gap=5.0000 tried=5 sep_labels=19 clique_frac=0.00
t=84481ms iter=253 REBUILD reject new_tc=27.2207 (was 26.2987)
t=84605ms iter=253 incumb=26.2987 ratchet=26.4724 best=26.2758 since_improve=117
t=84629ms iter=254 WAIST cost=24.0000 best_alt=19.0000 gap=5.0000 tried=5 sep_labels=19 clique_frac=0.00
t=84817ms iter=254 REBUILD reject new_tc=27.1932 (was 26.2987)
t=84945ms iter=254 incumb=26.2987 ratchet=27.7080 best=26.2758 since_improve=118
t=84962ms iter=255 WAIST cost=24.0000 best_alt=19.0000 gap=5.0000 tried=5 sep_labels=19 clique_frac=0.00
t=85149ms iter=255 REBUILD reject new_tc=27.3415 (was 26.2987)
t=85274ms iter=255 incumb=26.2987 ratchet=26.5071 best=26.2758 since_improve=119
t=85294ms iter=256 WAIST cost=24.0000 best_alt=18.0000 gap=6.0000 tried=5 sep_labels=18 clique_frac=0.01
t=85458ms iter=256 REBUILD reject new_tc=26.7215 (was 26.2987)
t=85590ms iter=256 incumb=26.2987 ratchet=26.7801 best=26.2758 since_improve=120
t=85614ms iter=257 WAIST cost=24.0000 best_alt=19.0000 gap=5.0000 tried=5 sep_labels=19 clique_frac=0.00
t=85798ms iter=257 REBUILD reject new_tc=26.9217 (was 26.2987)
t=85922ms iter=257 incumb=26.2987 ratchet=26.3828 best=26.2758 since_improve=121
t=85940ms iter=258 WAIST cost=24.0000 best_alt=18.0000 gap=6.0000 tried=5 sep_labels=18 clique_frac=0.01
t=86107ms iter=258 REBUILD reject new_tc=26.8006 (was 26.2987)
t=86233ms iter=258 incumb=26.2987 ratchet=26.3608 best=26.2758 since_improve=122
t=86255ms iter=259 WAIST cost=24.0000 best_alt=18.0000 gap=6.0000 tried=5 sep_labels=18 clique_frac=0.00
t=86419ms iter=259 REBUILD reject new_tc=27.0478 (was 26.2987)
t=86549ms iter=259 incumb=26.2987 ratchet=26.7656 best=26.2758 since_improve=123
t=86570ms iter=260 WAIST cost=24.0000 best_alt=19.0000 gap=5.0000 tried=5 sep_labels=19 clique_frac=0.00
t=86754ms iter=260 REBUILD reject new_tc=27.3806 (was 26.2987)
t=86879ms iter=260 incumb=26.2987 ratchet=26.4743 best=26.2758 since_improve=124
t=86899ms iter=261 WAIST cost=24.0000 best_alt=19.0000 gap=5.0000 tried=5 sep_labels=19 clique_frac=0.00
t=87087ms iter=261 REBUILD reject new_tc=27.3227 (was 26.2987)
t=87212ms iter=261 incumb=26.2987 ratchet=26.7378 best=26.2758 since_improve=125
t=87234ms iter=262 WAIST cost=24.0000 best_alt=19.0000 gap=5.0000 tried=5 sep_labels=19 clique_frac=0.00
t=87423ms iter=262 REBUILD reject new_tc=26.9750 (was 26.2987)
t_final=87467ms tc_reduced=26.2758 tc_full=26.2761 leaves=1560
surgery summary: calls=262 cheaper_cuts=262 rebuild_accepts=1 waist_min_hits=0
