probe: instance=surfacecode_d21 n_orig=2203 n=761 fusible=0.6546 nlabels=798 t=13ms
seed_greedy tc=60.6445 t=501ms
t=804ms iter=1 WAIST cost=51.0000 best_alt=40.0000 gap=11.0000 tried=5 sep_labels=40 clique_frac=0.02
t=1149ms iter=1 REBUILD reject new_tc=57.0419 (was 51.3294)
t=2167ms iter=1 incumb=51.3294 ratchet=49.0673 best=49.0565 since_improve=0
t=2198ms iter=2 WAIST cost=47.0000 best_alt=35.0000 gap=12.0000 tried=5 sep_labels=35 clique_frac=0.02
t=2668ms iter=2 REBUILD ACCEPT new_tc=48.9472 (was 49.0673)
t=4039ms iter=2 incumb=48.9472 ratchet=48.8306 best=48.8216 since_improve=0
t=4076ms iter=3 WAIST cost=46.0000 best_alt=37.0000 gap=9.0000 tried=5 sep_labels=37 clique_frac=0.01
t=4543ms iter=3 REBUILD ACCEPT new_tc=48.2556 (was 48.8306)
t=5266ms iter=3 incumb=48.2556 ratchet=48.2453 best=48.2325 since_improve=0
t=5302ms iter=4 WAIST cost=43.0000 best_alt=40.0000 gap=3.0000 tried=5 sep_labels=40 clique_frac=0.01
t=5810ms iter=4 REBUILD ACCEPT new_tc=48.2006 (was 48.2453)
t=10740ms iter=4 incumb=48.2006 ratchet=47.9638 best=47.9638 since_improve=0
t=10770ms iter=5 WAIST cost=43.0000 best_alt=39.0000 gap=4.0000 tried=5 sep_labels=39 clique_frac=0.03
t=11095ms iter=5 REBUILD reject new_tc=50.7333 (was 47.9638)
t=11356ms iter=5 incumb=47.9638 ratchet=48.0244 best=47.9638 since_improve=1
t=11393ms iter=6 WAIST cost=43.0000 best_alt=35.0000 gap=8.0000 tried=5 sep_labels=35 clique_frac=0.01
t=11706ms iter=6 REBUILD reject new_tc=48.9616 (was 47.9638)
t=12650ms iter=6 incumb=47.9638 ratchet=47.9272 best=47.9272 since_improve=0
t=12677ms iter=7 WAIST cost=44.0000 best_alt=40.0000 gap=4.0000 tried=5 sep_labels=40 clique_frac=0.02
t=13034ms iter=7 REBUILD reject new_tc=49.3301 (was 47.9272)
t=13892ms iter=7 incumb=47.9272 ratchet=47.7779 best=47.7541 since_improve=0
t=13934ms iter=8 WAIST cost=44.0000 best_alt=39.0000 gap=5.0000 tried=5 sep_labels=39 clique_frac=0.03
t=14255ms iter=8 REBUILD reject new_tc=48.9452 (was 47.7779)
t=14511ms iter=8 incumb=47.7779 ratchet=47.7750 best=47.7541 since_improve=0
t=14535ms iter=9 WAIST cost=44.0000 best_alt=40.0000 gap=4.0000 tried=5 sep_labels=40 clique_frac=0.02
t=14889ms iter=9 REBUILD reject new_tc=49.3126 (was 47.7750)
t=15729ms iter=9 incumb=47.7750 ratchet=47.6509 best=47.6319 since_improve=0
t=15767ms iter=10 WAIST cost=44.0000 best_alt=39.0000 gap=5.0000 tried=5 sep_labels=39 clique_frac=0.02
t=16116ms iter=10 REBUILD reject new_tc=49.1171 (was 47.6509)
t=16372ms iter=10 incumb=47.6509 ratchet=47.6376 best=47.6319 since_improve=0
t=16399ms iter=11 WAIST cost=44.0000 best_alt=39.0000 gap=5.0000 tried=5 sep_labels=39 clique_frac=0.00
t=16755ms iter=11 REBUILD reject new_tc=49.1687 (was 47.6376)
t=17308ms iter=11 incumb=47.6376 ratchet=47.6089 best=47.6016 since_improve=0
t=17342ms iter=12 WAIST cost=43.0000 best_alt=39.0000 gap=4.0000 tried=5 sep_labels=39 clique_frac=0.01
t=17701ms iter=12 REBUILD reject new_tc=48.9061 (was 47.6089)
t=18557ms iter=12 incumb=47.6089 ratchet=47.5917 best=47.5693 since_improve=0
t=18596ms iter=13 WAIST cost=44.0000 best_alt=40.0000 gap=4.0000 tried=5 sep_labels=40 clique_frac=0.02
t=18950ms iter=13 REBUILD reject new_tc=50.4103 (was 47.5917)
t=19979ms iter=13 incumb=47.5917 ratchet=47.4185 best=47.4184 since_improve=0
t=20011ms iter=14 WAIST cost=43.0000 best_alt=39.0000 gap=4.0000 tried=5 sep_labels=39 clique_frac=0.01
t=20367ms iter=14 REBUILD reject new_tc=48.9224 (was 47.4185)
t=20632ms iter=14 incumb=47.4185 ratchet=47.8067 best=47.4184 since_improve=1
t=20664ms iter=15 WAIST cost=43.0000 best_alt=37.0000 gap=6.0000 tried=5 sep_labels=37 clique_frac=0.01
t=20973ms iter=15 REBUILD reject new_tc=50.2050 (was 47.4185)
t=21232ms iter=15 incumb=47.4185 ratchet=47.8625 best=47.4184 since_improve=2
t=21265ms iter=16 WAIST cost=43.0000 best_alt=39.0000 gap=4.0000 tried=5 sep_labels=39 clique_frac=0.01
t=21614ms iter=16 REBUILD reject new_tc=53.0627 (was 47.4185)
t=21870ms iter=16 incumb=47.4185 ratchet=47.5313 best=47.4184 since_improve=3
t=21894ms iter=17 WAIST cost=43.0000 best_alt=39.0000 gap=4.0000 tried=5 sep_labels=39 clique_frac=0.01
t=22244ms iter=17 REBUILD reject new_tc=49.2445 (was 47.4185)
t=22501ms iter=17 incumb=47.4185 ratchet=47.7222 best=47.4184 since_improve=4
t=22537ms iter=18 WAIST cost=43.0000 best_alt=39.0000 gap=4.0000 tried=5 sep_labels=39 clique_frac=0.01
t=22891ms iter=18 REBUILD reject new_tc=48.7849 (was 47.4185)
t=23155ms iter=18 incumb=47.4185 ratchet=47.4774 best=47.4184 since_improve=5
t=23190ms iter=19 WAIST cost=43.0000 best_alt=39.0000 gap=4.0000 tried=5 sep_labels=39 clique_frac=0.01
t=23546ms iter=19 REBUILD reject new_tc=48.3852 (was 47.4185)
t=23803ms iter=19 incumb=47.4185 ratchet=47.5484 best=47.4184 since_improve=6
t=23833ms iter=20 WAIST cost=43.0000 best_alt=39.0000 gap=4.0000 tried=5 sep_labels=39 clique_frac=0.01
t=24194ms iter=20 REBUILD reject new_tc=49.4353 (was 47.4185)
t=24598ms iter=20 incumb=47.4185 ratchet=47.4301 best=47.4175 since_improve=7
t=24633ms iter=21 WAIST cost=43.0000 best_alt=39.0000 gap=4.0000 tried=5 sep_labels=39 clique_frac=0.01
t=24996ms iter=21 REBUILD reject new_tc=48.7938 (was 47.4185)
t=25549ms iter=21 incumb=47.4185 ratchet=47.4062 best=47.4061 since_improve=0
t=25587ms iter=22 WAIST cost=43.0000 best_alt=37.0000 gap=6.0000 tried=5 sep_labels=37 clique_frac=0.01
t=25901ms iter=22 REBUILD reject new_tc=49.1989 (was 47.4062)
t=26301ms iter=22 incumb=47.4062 ratchet=47.4209 best=47.4056 since_improve=1
t=26332ms iter=23 WAIST cost=43.0000 best_alt=39.0000 gap=4.0000 tried=5 sep_labels=39 clique_frac=0.01
t=26682ms iter=23 REBUILD reject new_tc=49.8228 (was 47.4062)
t=26940ms iter=23 incumb=47.4062 ratchet=47.4868 best=47.4056 since_improve=2
t=26968ms iter=24 WAIST cost=43.0000 best_alt=39.0000 gap=4.0000 tried=5 sep_labels=39 clique_frac=0.01
t=27319ms iter=24 REBUILD reject new_tc=55.0198 (was 47.4062)
t=27574ms iter=24 incumb=47.4062 ratchet=47.4675 best=47.4056 since_improve=3
t=27608ms iter=25 WAIST cost=43.0000 best_alt=39.0000 gap=4.0000 tried=5 sep_labels=39 clique_frac=0.01
t=27961ms iter=25 REBUILD reject new_tc=48.8236 (was 47.4062)
t=28220ms iter=25 incumb=47.4062 ratchet=47.4326 best=47.4056 since_improve=4
t=28250ms iter=26 WAIST cost=43.0000 best_alt=39.0000 gap=4.0000 tried=5 sep_labels=39 clique_frac=0.01
t=28601ms iter=26 REBUILD reject new_tc=54.0278 (was 47.4062)
t=28859ms iter=26 incumb=47.4062 ratchet=47.4676 best=47.4056 since_improve=5
t=28891ms iter=27 WAIST cost=43.0000 best_alt=39.0000 gap=4.0000 tried=5 sep_labels=39 clique_frac=0.01
t=29241ms iter=27 REBUILD reject new_tc=51.2246 (was 47.4062)
t=29923ms iter=27 incumb=47.4062 ratchet=47.3809 best=47.3809 since_improve=0
t=29948ms iter=28 WAIST cost=43.0000 best_alt=39.0000 gap=4.0000 tried=5 sep_labels=39 clique_frac=0.01
t=30298ms iter=28 REBUILD reject new_tc=49.2133 (was 47.3809)
t=30556ms iter=28 incumb=47.3809 ratchet=47.7586 best=47.3809 since_improve=1
t=30582ms iter=29 WAIST cost=43.0000 best_alt=39.0000 gap=4.0000 tried=5 sep_labels=39 clique_frac=0.01
t=30944ms iter=29 REBUILD reject new_tc=49.3358 (was 47.3809)
t=31201ms iter=29 incumb=47.3809 ratchet=47.4302 best=47.3809 since_improve=2
t=31233ms iter=30 WAIST cost=43.0000 best_alt=39.0000 gap=4.0000 tried=5 sep_labels=39 clique_frac=0.01
t=31586ms iter=30 REBUILD reject new_tc=49.1638 (was 47.3809)
t=31842ms iter=30 incumb=47.3809 ratchet=47.4607 best=47.3809 since_improve=3
t=31877ms iter=31 WAIST cost=43.0000 best_alt=39.0000 gap=4.0000 tried=5 sep_labels=39 clique_frac=0.01
t=32231ms iter=31 REBUILD reject new_tc=48.7511 (was 47.3809)
t=32486ms iter=31 incumb=47.3809 ratchet=47.5457 best=47.3809 since_improve=4
t=32516ms iter=32 WAIST cost=43.0000 best_alt=39.0000 gap=4.0000 tried=5 sep_labels=39 clique_frac=0.01
t=32876ms iter=32 REBUILD reject new_tc=48.9161 (was 47.3809)
t=33143ms iter=32 incumb=47.3809 ratchet=47.4413 best=47.3809 since_improve=5
t=33176ms iter=33 WAIST cost=43.0000 best_alt=39.0000 gap=4.0000 tried=5 sep_labels=39 clique_frac=0.01
t=33540ms iter=33 REBUILD reject new_tc=48.7252 (was 47.3809)
t=33803ms iter=33 incumb=47.3809 ratchet=47.7184 best=47.3809 since_improve=6
t=33838ms iter=34 WAIST cost=43.0000 best_alt=39.0000 gap=4.0000 tried=5 sep_labels=39 clique_frac=0.01
t=34183ms iter=34 REBUILD reject new_tc=53.0422 (was 47.3809)
t=34438ms iter=34 incumb=47.3809 ratchet=47.4036 best=47.3809 since_improve=7
t=34469ms iter=35 WAIST cost=43.0000 best_alt=39.0000 gap=4.0000 tried=5 sep_labels=39 clique_frac=0.01
t=34818ms iter=35 REBUILD reject new_tc=52.1096 (was 47.3809)
t=35071ms iter=35 incumb=47.3809 ratchet=47.5861 best=47.3809 since_improve=8
t=35105ms iter=36 WAIST cost=43.0000 best_alt=39.0000 gap=4.0000 tried=5 sep_labels=39 clique_frac=0.01
t=35463ms iter=36 REBUILD reject new_tc=48.8432 (was 47.3809)
t=35717ms iter=36 incumb=47.3809 ratchet=47.6510 best=47.3809 since_improve=9
t=35745ms iter=37 WAIST cost=43.0000 best_alt=39.0000 gap=4.0000 tried=5 sep_labels=39 clique_frac=0.01
t=36100ms iter=37 REBUILD reject new_tc=48.8053 (was 47.3809)
t=36353ms iter=37 incumb=47.3809 ratchet=47.8382 best=47.3809 since_improve=10
t=36386ms iter=38 WAIST cost=43.0000 best_alt=39.0000 gap=4.0000 tried=5 sep_labels=39 clique_frac=0.01
t=36746ms iter=38 REBUILD reject new_tc=49.1957 (was 47.3809)
t=37002ms iter=38 incumb=47.3809 ratchet=47.4932 best=47.3809 since_improve=11
t=37026ms iter=39 WAIST cost=43.0000 best_alt=39.0000 gap=4.0000 tried=5 sep_labels=39 clique_frac=0.01
t=37370ms iter=39 REBUILD reject new_tc=49.0340 (was 47.3809)
t=37629ms iter=39 incumb=47.3809 ratchet=47.7130 best=47.3809 since_improve=12
t=37672ms iter=40 WAIST cost=43.0000 best_alt=39.0000 gap=4.0000 tried=5 sep_labels=39 clique_frac=0.01
t=38030ms iter=40 REBUILD reject new_tc=49.5838 (was 47.3809)
t=38293ms iter=40 incumb=47.3809 ratchet=47.4178 best=47.3809 since_improve=13
t=38328ms iter=41 WAIST cost=43.0000 best_alt=39.0000 gap=4.0000 tried=5 sep_labels=39 clique_frac=0.01
t=38686ms iter=41 REBUILD reject new_tc=48.5219 (was 47.3809)
t=38945ms iter=41 incumb=47.3809 ratchet=47.5951 best=47.3809 since_improve=14
t=38977ms iter=42 WAIST cost=43.0000 best_alt=39.0000 gap=4.0000 tried=5 sep_labels=39 clique_frac=0.01
t=39325ms iter=42 REBUILD reject new_tc=50.6078 (was 47.3809)
t=39585ms iter=42 incumb=47.3809 ratchet=47.5574 best=47.3809 since_improve=15
t=39615ms iter=43 WAIST cost=43.0000 best_alt=39.0000 gap=4.0000 tried=5 sep_labels=39 clique_frac=0.01
t=39973ms iter=43 REBUILD reject new_tc=48.3599 (was 47.3809)
t=40232ms iter=43 incumb=47.3809 ratchet=47.4959 best=47.3809 since_improve=16
t=40265ms iter=44 WAIST cost=43.0000 best_alt=39.0000 gap=4.0000 tried=5 sep_labels=39 clique_frac=0.01
t=40626ms iter=44 REBUILD reject new_tc=48.8296 (was 47.3809)
t=40884ms iter=44 incumb=47.3809 ratchet=47.4402 best=47.3809 since_improve=17
t=40921ms iter=45 WAIST cost=43.0000 best_alt=39.0000 gap=4.0000 tried=5 sep_labels=39 clique_frac=0.01
t=41282ms iter=45 REBUILD reject new_tc=48.7373 (was 47.3809)
t=41536ms iter=45 incumb=47.3809 ratchet=47.4292 best=47.3809 since_improve=18
t=41566ms iter=46 WAIST cost=43.0000 best_alt=39.0000 gap=4.0000 tried=5 sep_labels=39 clique_frac=0.01
t=41915ms iter=46 REBUILD reject new_tc=49.1469 (was 47.3809)
t=42173ms iter=46 incumb=47.3809 ratchet=47.4525 best=47.3809 since_improve=19
t=42203ms iter=47 WAIST cost=43.0000 best_alt=37.0000 gap=6.0000 tried=5 sep_labels=37 clique_frac=0.01
t=42502ms iter=47 REBUILD reject new_tc=54.0240 (was 47.3809)
t=42769ms iter=47 incumb=47.3809 ratchet=47.4407 best=47.3809 since_improve=20
t=42806ms iter=48 WAIST cost=43.0000 best_alt=39.0000 gap=4.0000 tried=5 sep_labels=39 clique_frac=0.01
t=43184ms iter=48 REBUILD reject new_tc=50.2597 (was 47.3809)
t=43449ms iter=48 incumb=47.3809 ratchet=47.4356 best=47.3809 since_improve=21
t=43479ms iter=49 WAIST cost=43.0000 best_alt=39.0000 gap=4.0000 tried=5 sep_labels=39 clique_frac=0.01
t=43835ms iter=49 REBUILD reject new_tc=48.9720 (was 47.3809)
t=44095ms iter=49 incumb=47.3809 ratchet=47.4086 best=47.3809 since_improve=22
t=44123ms iter=50 WAIST cost=43.0000 best_alt=39.0000 gap=4.0000 tried=5 sep_labels=39 clique_frac=0.01
t=44478ms iter=50 REBUILD reject new_tc=49.1393 (was 47.3809)
t=44739ms iter=50 incumb=47.3809 ratchet=47.4836 best=47.3809 since_improve=23
t=44767ms iter=51 WAIST cost=43.0000 best_alt=39.0000 gap=4.0000 tried=5 sep_labels=39 clique_frac=0.01
t=45120ms iter=51 REBUILD reject new_tc=49.2761 (was 47.3809)
t=45375ms iter=51 incumb=47.3809 ratchet=47.4339 best=47.3809 since_improve=24
t=45404ms iter=52 WAIST cost=43.0000 best_alt=39.0000 gap=4.0000 tried=5 sep_labels=39 clique_frac=0.01
t=45754ms iter=52 REBUILD reject new_tc=49.2250 (was 47.3809)
t=46011ms iter=52 incumb=47.3809 ratchet=47.4631 best=47.3809 since_improve=25
t=46037ms iter=53 WAIST cost=43.0000 best_alt=39.0000 gap=4.0000 tried=5 sep_labels=39 clique_frac=0.01
t=46389ms iter=53 REBUILD reject new_tc=49.4096 (was 47.3809)
t=46646ms iter=53 incumb=47.3809 ratchet=47.4976 best=47.3809 since_improve=26
t=46676ms iter=54 WAIST cost=43.0000 best_alt=39.0000 gap=4.0000 tried=5 sep_labels=39 clique_frac=0.01
t=47017ms iter=54 REBUILD reject new_tc=54.0402 (was 47.3809)
t=47272ms iter=54 incumb=47.3809 ratchet=47.4083 best=47.3809 since_improve=27
t=47307ms iter=55 WAIST cost=43.0000 best_alt=39.0000 gap=4.0000 tried=5 sep_labels=39 clique_frac=0.01
t=47658ms iter=55 REBUILD reject new_tc=48.9098 (was 47.3809)
t=47914ms iter=55 incumb=47.3809 ratchet=47.4321 best=47.3809 since_improve=28
t=47947ms iter=56 WAIST cost=43.0000 best_alt=37.0000 gap=6.0000 tried=5 sep_labels=37 clique_frac=0.02
t=48241ms iter=56 REBUILD reject new_tc=55.0114 (was 47.3809)
t=48497ms iter=56 incumb=47.3809 ratchet=47.4422 best=47.3809 since_improve=29
t=48532ms iter=57 WAIST cost=43.0000 best_alt=39.0000 gap=4.0000 tried=5 sep_labels=39 clique_frac=0.01
t=48886ms iter=57 REBUILD reject new_tc=48.6819 (was 47.3809)
t=49147ms iter=57 incumb=47.3809 ratchet=47.5256 best=47.3809 since_improve=30
t=49184ms iter=58 WAIST cost=43.0000 best_alt=39.0000 gap=4.0000 tried=5 sep_labels=39 clique_frac=0.01
t=49538ms iter=58 REBUILD reject new_tc=49.1586 (was 47.3809)
t=49795ms iter=58 incumb=47.3809 ratchet=47.4533 best=47.3809 since_improve=31
t=49829ms iter=59 WAIST cost=43.0000 best_alt=39.0000 gap=4.0000 tried=5 sep_labels=39 clique_frac=0.01
t=50181ms iter=59 REBUILD reject new_tc=48.9907 (was 47.3809)
t=50437ms iter=59 incumb=47.3809 ratchet=47.4704 best=47.3809 since_improve=32
t=50470ms iter=60 WAIST cost=43.0000 best_alt=39.0000 gap=4.0000 tried=5 sep_labels=39 clique_frac=0.01
t=50810ms iter=60 REBUILD reject new_tc=49.3607 (was 47.3809)
t=51067ms iter=60 incumb=47.3809 ratchet=47.9042 best=47.3809 since_improve=33
t=51095ms iter=61 WAIST cost=43.0000 best_alt=39.0000 gap=4.0000 tried=5 sep_labels=39 clique_frac=0.01
t=51454ms iter=61 REBUILD reject new_tc=48.8049 (was 47.3809)
t=51710ms iter=61 incumb=47.3809 ratchet=47.4676 best=47.3809 since_improve=34
t=51739ms iter=62 WAIST cost=43.0000 best_alt=39.0000 gap=4.0000 tried=5 sep_labels=39 clique_frac=0.01
t=52085ms iter=62 REBUILD reject new_tc=50.5063 (was 47.3809)
t=52339ms iter=62 incumb=47.3809 ratchet=47.4473 best=47.3809 since_improve=35
t=52371ms iter=63 WAIST cost=43.0000 best_alt=39.0000 gap=4.0000 tried=5 sep_labels=39 clique_frac=0.01
t=52726ms iter=63 REBUILD reject new_tc=48.8905 (was 47.3809)
t=52983ms iter=63 incumb=47.3809 ratchet=47.3859 best=47.3809 since_improve=36
t=53016ms iter=64 WAIST cost=43.0000 best_alt=39.0000 gap=4.0000 tried=5 sep_labels=39 clique_frac=0.01
t=53370ms iter=64 REBUILD reject new_tc=48.9907 (was 47.3809)
t=53626ms iter=64 incumb=47.3809 ratchet=47.4848 best=47.3809 since_improve=37
t=53654ms iter=65 WAIST cost=43.0000 best_alt=39.0000 gap=4.0000 tried=5 sep_labels=39 clique_frac=0.01
t=54011ms iter=65 REBUILD reject new_tc=48.8461 (was 47.3809)
t=54263ms iter=65 incumb=47.3809 ratchet=47.8111 best=47.3809 since_improve=38
t=54292ms iter=66 WAIST cost=43.0000 best_alt=39.0000 gap=4.0000 tried=5 sep_labels=39 clique_frac=0.01
t=54648ms iter=66 REBUILD reject new_tc=48.7301 (was 47.3809)
t=54902ms iter=66 incumb=47.3809 ratchet=47.4103 best=47.3809 since_improve=39
t=54931ms iter=67 WAIST cost=43.0000 best_alt=39.0000 gap=4.0000 tried=5 sep_labels=39 clique_frac=0.01
t=55282ms iter=67 REBUILD reject new_tc=48.4165 (was 47.3809)
t=55542ms iter=67 incumb=47.3809 ratchet=47.4012 best=47.3809 since_improve=40
t=55572ms iter=68 WAIST cost=43.0000 best_alt=39.0000 gap=4.0000 tried=5 sep_labels=39 clique_frac=0.01
t=55924ms iter=68 REBUILD reject new_tc=54.0318 (was 47.3809)
t=56185ms iter=68 incumb=47.3809 ratchet=47.4396 best=47.3809 since_improve=41
t=56216ms iter=69 WAIST cost=43.0000 best_alt=39.0000 gap=4.0000 tried=5 sep_labels=39 clique_frac=0.01
t=56556ms iter=69 REBUILD reject new_tc=53.0329 (was 47.3809)
t=56807ms iter=69 incumb=47.3809 ratchet=47.4590 best=47.3809 since_improve=42
t=56842ms iter=70 WAIST cost=43.0000 best_alt=37.0000 gap=6.0000 tried=5 sep_labels=37 clique_frac=0.03
t=57155ms iter=70 REBUILD reject new_tc=53.0535 (was 47.3809)
t=57415ms iter=70 incumb=47.3809 ratchet=47.4793 best=47.3809 since_improve=43
t=57447ms iter=71 WAIST cost=43.0000 best_alt=37.0000 gap=6.0000 tried=5 sep_labels=37 clique_frac=0.01
t=57757ms iter=71 REBUILD reject new_tc=49.8652 (was 47.3809)
t=58013ms iter=71 incumb=47.3809 ratchet=47.8344 best=47.3809 since_improve=44
t=58041ms iter=72 WAIST cost=43.0000 best_alt=37.0000 gap=6.0000 tried=5 sep_labels=37 clique_frac=0.01
t=58345ms iter=72 REBUILD reject new_tc=49.4670 (was 47.3809)
t=58602ms iter=72 incumb=47.3809 ratchet=47.8018 best=47.3809 since_improve=45
t=58635ms iter=73 WAIST cost=43.0000 best_alt=39.0000 gap=4.0000 tried=5 sep_labels=39 clique_frac=0.01
t=58988ms iter=73 REBUILD reject new_tc=48.5660 (was 47.3809)
t=59247ms iter=73 incumb=47.3809 ratchet=47.5981 best=47.3809 since_improve=46
t=59278ms iter=74 WAIST cost=43.0000 best_alt=39.0000 gap=4.0000 tried=5 sep_labels=39 clique_frac=0.01
t=59639ms iter=74 REBUILD reject new_tc=49.0627 (was 47.3809)
t=59903ms iter=74 incumb=47.3809 ratchet=47.4691 best=47.3809 since_improve=47
t=59940ms iter=75 WAIST cost=43.0000 best_alt=39.0000 gap=4.0000 tried=5 sep_labels=39 clique_frac=0.01
t=60281ms iter=75 REBUILD reject new_tc=52.2555 (was 47.3809)
t=60531ms iter=75 incumb=47.3809 ratchet=47.6581 best=47.3809 since_improve=48
t=60566ms iter=76 WAIST cost=43.0000 best_alt=39.0000 gap=4.0000 tried=5 sep_labels=39 clique_frac=0.01
t=60913ms iter=76 REBUILD reject new_tc=49.0352 (was 47.3809)
t=61341ms iter=76 incumb=47.3809 ratchet=47.4100 best=47.3745 since_improve=49
t=61372ms iter=77 WAIST cost=43.0000 best_alt=39.0000 gap=4.0000 tried=5 sep_labels=39 clique_frac=0.01
t=61722ms iter=77 REBUILD reject new_tc=48.9539 (was 47.3809)
t=61982ms iter=77 incumb=47.3809 ratchet=47.4142 best=47.3745 since_improve=50
t=62021ms iter=78 WAIST cost=43.0000 best_alt=39.0000 gap=4.0000 tried=5 sep_labels=39 clique_frac=0.01
t=62364ms iter=78 REBUILD reject new_tc=49.1762 (was 47.3809)
t=62620ms iter=78 incumb=47.3809 ratchet=47.6957 best=47.3745 since_improve=51
t=62659ms iter=79 WAIST cost=43.0000 best_alt=39.0000 gap=4.0000 tried=5 sep_labels=39 clique_frac=0.01
t=63004ms iter=79 REBUILD reject new_tc=52.1116 (was 47.3809)
t=63267ms iter=79 incumb=47.3809 ratchet=47.4168 best=47.3745 since_improve=52
t=63306ms iter=80 WAIST cost=43.0000 best_alt=39.0000 gap=4.0000 tried=5 sep_labels=39 clique_frac=0.01
t=63653ms iter=80 REBUILD reject new_tc=49.0369 (was 47.3809)
t=63910ms iter=80 incumb=47.3809 ratchet=47.4645 best=47.3745 since_improve=53
t=63940ms iter=81 WAIST cost=43.0000 best_alt=39.0000 gap=4.0000 tried=5 sep_labels=39 clique_frac=0.01
t=64283ms iter=81 REBUILD reject new_tc=48.8500 (was 47.3809)
t=64544ms iter=81 incumb=47.3809 ratchet=47.3864 best=47.3745 since_improve=54
t=64575ms iter=82 WAIST cost=43.0000 best_alt=39.0000 gap=4.0000 tried=5 sep_labels=39 clique_frac=0.01
t=64921ms iter=82 REBUILD reject new_tc=49.2381 (was 47.3809)
t=65176ms iter=82 incumb=47.3809 ratchet=47.6123 best=47.3745 since_improve=55
t=65208ms iter=83 WAIST cost=43.0000 best_alt=39.0000 gap=4.0000 tried=5 sep_labels=39 clique_frac=0.01
t=65550ms iter=83 REBUILD reject new_tc=48.6555 (was 47.3809)
t=65802ms iter=83 incumb=47.3809 ratchet=47.4091 best=47.3745 since_improve=56
t=65837ms iter=84 WAIST cost=43.0000 best_alt=39.0000 gap=4.0000 tried=5 sep_labels=39 clique_frac=0.01
t=66186ms iter=84 REBUILD reject new_tc=49.0295 (was 47.3809)
t=66440ms iter=84 incumb=47.3809 ratchet=47.7898 best=47.3745 since_improve=57
t=66466ms iter=85 WAIST cost=43.0000 best_alt=39.0000 gap=4.0000 tried=5 sep_labels=39 clique_frac=0.01
t=66819ms iter=85 REBUILD reject new_tc=48.6853 (was 47.3809)
t=67077ms iter=85 incumb=47.3809 ratchet=47.3768 best=47.3745 since_improve=0
t=67109ms iter=86 WAIST cost=43.0000 best_alt=39.0000 gap=4.0000 tried=5 sep_labels=39 clique_frac=0.01
t=67462ms iter=86 REBUILD reject new_tc=51.2587 (was 47.3768)
t=67716ms iter=86 incumb=47.3768 ratchet=47.6133 best=47.3745 since_improve=1
t=67747ms iter=87 WAIST cost=43.0000 best_alt=39.0000 gap=4.0000 tried=5 sep_labels=39 clique_frac=0.01
t=68099ms iter=87 REBUILD reject new_tc=50.4857 (was 47.3768)
t=68359ms iter=87 incumb=47.3768 ratchet=47.4257 best=47.3745 since_improve=2
t=68396ms iter=88 WAIST cost=43.0000 best_alt=39.0000 gap=4.0000 tried=5 sep_labels=39 clique_frac=0.01
t=68757ms iter=88 REBUILD reject new_tc=48.5942 (was 47.3768)
t=69014ms iter=88 incumb=47.3768 ratchet=47.4969 best=47.3745 since_improve=3
t=69044ms iter=89 WAIST cost=43.0000 best_alt=39.0000 gap=4.0000 tried=5 sep_labels=39 clique_frac=0.01
t=69387ms iter=89 REBUILD reject new_tc=53.0787 (was 47.3768)
t=69645ms iter=89 incumb=47.3768 ratchet=47.4637 best=47.3745 since_improve=4
t=69673ms iter=90 WAIST cost=43.0000 best_alt=39.0000 gap=4.0000 tried=5 sep_labels=39 clique_frac=0.01
t=70027ms iter=90 REBUILD reject new_tc=48.9685 (was 47.3768)
t=70284ms iter=90 incumb=47.3768 ratchet=47.3904 best=47.3745 since_improve=5
t=70321ms iter=91 WAIST cost=43.0000 best_alt=39.0000 gap=4.0000 tried=5 sep_labels=39 clique_frac=0.01
t=70673ms iter=91 REBUILD reject new_tc=52.0746 (was 47.3768)
t=70932ms iter=91 incumb=47.3768 ratchet=47.7165 best=47.3745 since_improve=6
t=70968ms iter=92 WAIST cost=43.0000 best_alt=39.0000 gap=4.0000 tried=5 sep_labels=39 clique_frac=0.01
t=71324ms iter=92 REBUILD reject new_tc=49.1954 (was 47.3768)
t=71577ms iter=92 incumb=47.3768 ratchet=47.4118 best=47.3745 since_improve=7
t=71609ms iter=93 WAIST cost=43.0000 best_alt=39.0000 gap=4.0000 tried=5 sep_labels=39 clique_frac=0.01
t=71967ms iter=93 REBUILD reject new_tc=48.6831 (was 47.3768)
t=72211ms iter=93 incumb=47.3768 ratchet=47.6410 best=47.3745 since_improve=8
t=72246ms iter=94 WAIST cost=43.0000 best_alt=39.0000 gap=4.0000 tried=5 sep_labels=39 clique_frac=0.01
t=72607ms iter=94 REBUILD reject new_tc=48.8337 (was 47.3768)
t=72860ms iter=94 incumb=47.3768 ratchet=47.4148 best=47.3745 since_improve=9
t=72899ms iter=95 WAIST cost=43.0000 best_alt=39.0000 gap=4.0000 tried=5 sep_labels=39 clique_frac=0.01
t=73237ms iter=95 REBUILD reject new_tc=52.2639 (was 47.3768)
t=73496ms iter=95 incumb=47.3768 ratchet=47.4318 best=47.3745 since_improve=10
t=73524ms iter=96 WAIST cost=43.0000 best_alt=39.0000 gap=4.0000 tried=5 sep_labels=39 clique_frac=0.01
t=73882ms iter=96 REBUILD reject new_tc=48.6436 (was 47.3768)
t=74140ms iter=96 incumb=47.3768 ratchet=47.4667 best=47.3745 since_improve=11
t=74170ms iter=97 WAIST cost=43.0000 best_alt=39.0000 gap=4.0000 tried=5 sep_labels=39 clique_frac=0.01
t=74531ms iter=97 REBUILD reject new_tc=48.4838 (was 47.3768)
t=74789ms iter=97 incumb=47.3768 ratchet=47.5065 best=47.3745 since_improve=12
t=74818ms iter=98 WAIST cost=43.0000 best_alt=39.0000 gap=4.0000 tried=5 sep_labels=39 clique_frac=0.01
t=75160ms iter=98 REBUILD reject new_tc=53.0740 (was 47.3768)
t=75414ms iter=98 incumb=47.3768 ratchet=47.4618 best=47.3745 since_improve=13
t=75449ms iter=99 WAIST cost=43.0000 best_alt=39.0000 gap=4.0000 tried=5 sep_labels=39 clique_frac=0.01
t=75799ms iter=99 REBUILD reject new_tc=49.3511 (was 47.3768)
t=76064ms iter=99 incumb=47.3768 ratchet=47.7352 best=47.3745 since_improve=14
t=76094ms iter=100 WAIST cost=43.0000 best_alt=39.0000 gap=4.0000 tried=5 sep_labels=39 clique_frac=0.01
t=76444ms iter=100 REBUILD reject new_tc=48.9115 (was 47.3768)
t=76698ms iter=100 incumb=47.3768 ratchet=47.4388 best=47.3745 since_improve=15
t=76737ms iter=101 WAIST cost=43.0000 best_alt=39.0000 gap=4.0000 tried=5 sep_labels=39 clique_frac=0.01
t=77099ms iter=101 REBUILD reject new_tc=48.3449 (was 47.3768)
t=77349ms iter=101 incumb=47.3768 ratchet=47.4114 best=47.3745 since_improve=16
t=77377ms iter=102 WAIST cost=43.0000 best_alt=39.0000 gap=4.0000 tried=5 sep_labels=39 clique_frac=0.01
t=77720ms iter=102 REBUILD reject new_tc=49.8954 (was 47.3768)
t=77974ms iter=102 incumb=47.3768 ratchet=47.6626 best=47.3745 since_improve=17
t=78011ms iter=103 WAIST cost=43.0000 best_alt=39.0000 gap=4.0000 tried=5 sep_labels=39 clique_frac=0.01
t=78364ms iter=103 REBUILD reject new_tc=48.6920 (was 47.3768)
t=78624ms iter=103 incumb=47.3768 ratchet=47.4793 best=47.3745 since_improve=18
t=78653ms iter=104 WAIST cost=43.0000 best_alt=39.0000 gap=4.0000 tried=5 sep_labels=39 clique_frac=0.01
t=79009ms iter=104 REBUILD reject new_tc=49.1986 (was 47.3768)
t=79301ms iter=104 incumb=47.3768 ratchet=47.4607 best=47.3745 since_improve=19
t=79335ms iter=105 WAIST cost=43.0000 best_alt=39.0000 gap=4.0000 tried=5 sep_labels=39 clique_frac=0.01
t=79728ms iter=105 REBUILD reject new_tc=48.4384 (was 47.3768)
t=79987ms iter=105 incumb=47.3768 ratchet=47.4191 best=47.3745 since_improve=20
t=80021ms iter=106 WAIST cost=43.0000 best_alt=39.0000 gap=4.0000 tried=5 sep_labels=39 clique_frac=0.01
t=80375ms iter=106 REBUILD reject new_tc=49.0887 (was 47.3768)
t=80634ms iter=106 incumb=47.3768 ratchet=47.3951 best=47.3745 since_improve=21
t=80669ms iter=107 WAIST cost=43.0000 best_alt=39.0000 gap=4.0000 tried=5 sep_labels=39 clique_frac=0.01
t=81013ms iter=107 REBUILD reject new_tc=48.7816 (was 47.3768)
t=81262ms iter=107 incumb=47.3768 ratchet=47.4280 best=47.3745 since_improve=22
t=81296ms iter=108 WAIST cost=43.0000 best_alt=37.0000 gap=6.0000 tried=5 sep_labels=37 clique_frac=0.03
t=81602ms iter=108 REBUILD reject new_tc=49.1915 (was 47.3768)
t=81857ms iter=108 incumb=47.3768 ratchet=47.5459 best=47.3745 since_improve=23
t=81893ms iter=109 WAIST cost=43.0000 best_alt=39.0000 gap=4.0000 tried=5 sep_labels=39 clique_frac=0.01
t=82247ms iter=109 REBUILD reject new_tc=49.2143 (was 47.3768)
t=82503ms iter=109 incumb=47.3768 ratchet=47.6628 best=47.3745 since_improve=24
t=82531ms iter=110 WAIST cost=43.0000 best_alt=39.0000 gap=4.0000 tried=5 sep_labels=39 clique_frac=0.01
t=82881ms iter=110 REBUILD reject new_tc=49.8163 (was 47.3768)
t=83132ms iter=110 incumb=47.3768 ratchet=47.4584 best=47.3745 since_improve=25
t=83165ms iter=111 WAIST cost=43.0000 best_alt=39.0000 gap=4.0000 tried=5 sep_labels=39 clique_frac=0.01
t=83511ms iter=111 REBUILD reject new_tc=49.2421 (was 47.3768)
t=83759ms iter=111 incumb=47.3768 ratchet=47.4950 best=47.3745 since_improve=26
t=83789ms iter=112 WAIST cost=43.0000 best_alt=39.0000 gap=4.0000 tried=5 sep_labels=39 clique_frac=0.01
t=84139ms iter=112 REBUILD reject new_tc=49.3641 (was 47.3768)
t=84396ms iter=112 incumb=47.3768 ratchet=47.4825 best=47.3745 since_improve=27
t=84426ms iter=113 WAIST cost=43.0000 best_alt=39.0000 gap=4.0000 tried=5 sep_labels=39 clique_frac=0.01
t=84776ms iter=113 REBUILD reject new_tc=49.5337 (was 47.3768)
t=85032ms iter=113 incumb=47.3768 ratchet=47.4376 best=47.3745 since_improve=28
t=85071ms iter=114 WAIST cost=43.0000 best_alt=39.0000 gap=4.0000 tried=5 sep_labels=39 clique_frac=0.01
t=85413ms iter=114 REBUILD reject new_tc=53.0661 (was 47.3768)
t=85670ms iter=114 incumb=47.3768 ratchet=47.6324 best=47.3745 since_improve=29
t=85701ms iter=115 WAIST cost=43.0000 best_alt=39.0000 gap=4.0000 tried=5 sep_labels=39 clique_frac=0.01
t=86064ms iter=115 REBUILD reject new_tc=49.7380 (was 47.3768)
t=86319ms iter=115 incumb=47.3768 ratchet=47.4231 best=47.3745 since_improve=30
t=86353ms iter=116 WAIST cost=43.0000 best_alt=37.0000 gap=6.0000 tried=5 sep_labels=37 clique_frac=0.01
t=86655ms iter=116 REBUILD reject new_tc=55.0097 (was 47.3768)
t=86910ms iter=116 incumb=47.3768 ratchet=47.4034 best=47.3745 since_improve=31
t=86948ms iter=117 WAIST cost=43.0000 best_alt=39.0000 gap=4.0000 tried=5 sep_labels=39 clique_frac=0.01
t=87303ms iter=117 REBUILD reject new_tc=50.5530 (was 47.3768)
t_final=87468ms tc_reduced=47.3745 tc_full=47.5247 leaves=2203
surgery summary: calls=117 cheaper_cuts=117 rebuild_accepts=3 waist_min_hits=0
