simplify: n_orig=3369 n_reduced=381 shrink=0.8869 t_simp=10ms
t_seed=616ms tc_seed=91.0558 seed_trials=9
t_dp=5346ms tc_greedy=71.5112
t_mcts=20832ms mcts: backup=min rollouts=384 rate=18/s depth=3 nodes=385 improves=0 tc_mcts=71.5112
ATTRIBUTION tc_greedy=71.5112 tc_mcts_prepolish=71.5112 mcts_beats_greedy=false
t=21354ms polish_tc=71.1359
t=21547ms polish_tc=70.7263
t=22361ms polish_tc=70.2756
t=22549ms polish_tc=68.5479
t=23355ms polish_tc=68.3330
t=23532ms polish_tc=68.2144
t=24361ms polish_tc=67.8612
t=24550ms polish_tc=67.6504
t=25364ms polish_tc=67.5719
t=25563ms polish_tc=67.2861
t=26361ms polish_tc=66.8390
t=26562ms polish_tc=66.3859
t=27363ms polish_tc=66.1041
t=27546ms polish_tc=65.6779
t=28365ms polish_tc=65.6159
t=28567ms polish_tc=64.9981
t=29365ms polish_tc=64.9247
t=29580ms polish_tc=64.8501
t=30367ms polish_tc=64.4154
t=31347ms polish_tc=64.3790
t=31543ms polish_tc=64.1822
t=32365ms polish_tc=63.8813
t=32582ms polish_tc=63.7962
t=33369ms polish_tc=63.6559
t=33578ms polish_tc=63.5199
t=34365ms polish_tc=63.4364
t=34577ms polish_tc=63.3098
t=35368ms polish_tc=63.2868
t=35586ms polish_tc=63.1392
t=36371ms polish_tc=63.0755
t=36576ms polish_tc=63.0598
t=37361ms polish_tc=63.0548
t=37591ms polish_tc=62.9094
t=38356ms polish_tc=62.8386
t=38570ms polish_tc=62.8241
t=39364ms polish_tc=62.7082
t=39603ms polish_tc=62.6609
t=40366ms polish_tc=62.6337
t=40584ms polish_tc=62.4987
t=41361ms polish_tc=62.4575
t=41606ms polish_tc=62.4127
t=41843ms polish_tc=62.4083
t=42362ms polish_tc=62.3840
t=42602ms polish_tc=62.3817
t=42834ms polish_tc=62.3678
t=43362ms polish_tc=62.3499
t=43606ms polish_tc=62.3109
t=43841ms polish_tc=62.2726
t=44353ms polish_tc=62.2631
t=44588ms polish_tc=62.2494
t=44828ms polish_tc=62.2369
t=45355ms polish_tc=62.2097
t=45580ms polish_tc=62.1846
t=45805ms polish_tc=62.1812
t=46026ms polish_tc=62.1658
t=46363ms polish_tc=62.1633
t=46576ms polish_tc=62.1558
t=46804ms polish_tc=62.1318
t=47368ms polish_tc=62.0871
t=47600ms polish_tc=62.0695
t=47830ms polish_tc=62.0421
t=48356ms polish_tc=62.0386
t=48575ms polish_tc=62.0335
t=48794ms polish_tc=62.0190
t=49350ms polish_tc=61.9945
t=49575ms polish_tc=61.9782
t=49786ms polish_tc=61.9695
t=50000ms polish_tc=61.9595
t=50358ms polish_tc=61.9397
t=50582ms polish_tc=61.9351
t=50797ms polish_tc=61.9326
t=51349ms polish_tc=61.9304
t=51576ms polish_tc=61.9229
t=51804ms polish_tc=61.9099
t=52017ms polish_tc=61.9054
t=52360ms polish_tc=61.8811
t=52575ms polish_tc=61.8750
t=52785ms polish_tc=61.8688
t=53348ms polish_tc=61.8525
t=53557ms polish_tc=61.8462
t=53765ms polish_tc=61.8305
t=53985ms polish_tc=61.8288
t=54352ms polish_tc=61.8184
t=54546ms polish_tc=61.8171
t=54777ms polish_tc=61.8076
t=54974ms polish_tc=61.8053
t=55354ms polish_tc=61.7935
t=55564ms polish_tc=61.7899
t=55774ms polish_tc=61.7735
t=55972ms polish_tc=61.7583
t=56359ms polish_tc=61.7552
t=56561ms polish_tc=61.7502
t=56761ms polish_tc=61.7375
t=56957ms polish_tc=61.7370
t=57363ms polish_tc=61.7234
t=57565ms polish_tc=61.7226
t=57775ms polish_tc=61.7221
t=58017ms polish_tc=61.7191
t=58365ms polish_tc=61.7118
t=58584ms polish_tc=61.7015
t=58792ms polish_tc=61.6966
t=59351ms polish_tc=61.6947
t=59556ms polish_tc=61.6847
t=59768ms polish_tc=61.6811
t=59980ms polish_tc=61.6778
t=60354ms polish_tc=61.6659
t=60555ms polish_tc=61.6507
t=60765ms polish_tc=61.6371
t=60962ms polish_tc=61.6297
t=61355ms polish_tc=61.6261
t=61563ms polish_tc=61.6260
t=61762ms polish_tc=61.6260
t=61952ms polish_tc=61.6260
t=62355ms polish_tc=61.6224
t=62548ms polish_tc=61.6096
t=63372ms polish_tc=61.6084
t=64352ms polish_tc=61.6081
t=64553ms polish_tc=61.6025
t=65364ms polish_tc=61.6025
t=65574ms polish_tc=61.6021
t=66352ms polish_tc=61.5947
t=66547ms polish_tc=61.5886
t=67365ms polish_tc=61.5862
t=67560ms polish_tc=61.5859
t=68356ms polish_tc=61.5768
t=68548ms polish_tc=61.5745
t=69370ms polish_tc=61.5726
t=69572ms polish_tc=61.5650
t=70370ms polish_tc=61.5573
t=71348ms polish_tc=61.5535
t=71546ms polish_tc=61.5535
t=72361ms polish_tc=61.5507
t=72553ms polish_tc=61.5507
t=73353ms polish_tc=61.5492
t=73550ms polish_tc=61.5492
t=74356ms polish_tc=61.5487
t=74553ms polish_tc=61.5469
t=75358ms polish_tc=61.5464
t=76348ms polish_tc=61.5425
t=76543ms polish_tc=61.5348
t=77366ms polish_tc=61.5348
t=77565ms polish_tc=61.5270
t=78370ms polish_tc=61.5270
t=78572ms polish_tc=61.5231
t=79372ms polish_tc=61.5191
t=79570ms polish_tc=61.5043
t=80358ms polish_tc=61.5023
t=80540ms polish_tc=61.4933
t=81353ms polish_tc=61.4857
t=81547ms polish_tc=61.4819
t=82365ms polish_tc=61.4779
t=82567ms polish_tc=61.4738
t=83360ms polish_tc=61.4738
t=83548ms polish_tc=61.4657
t=84361ms polish_tc=61.4652
t=84549ms polish_tc=61.4652
t=85366ms polish_tc=61.4570
t=85558ms polish_tc=61.4570
t=86360ms polish_tc=61.4488
t=86565ms polish_tc=61.4368
t=87362ms polish_tc=61.4363
anneal_sweeps=1448 cycles=1 fresh=0
t_final=87374ms tc_greedy=71.5112 tc_mcts=71.5112 tc_final=61.4363 tc_full=61.4363 leaves=3369
