probe: instance=surfacecode_d21 n_orig=2203 n=761 fusible=0.6546 nlabels=798 t=13ms
seed_greedy tc=61.6158 t=520ms
t=712ms iter=1 WAIST cost=50.0000 best_alt=40.0000 gap=10.0000 tried=5 sep_labels=40 clique_frac=0.04
t=1143ms iter=1 REBUILD ACCEPT new_tc=49.6917 (was 50.8652)
t=1813ms iter=1 incumb=49.6917 ratchet=48.9597 best=48.9250 since_improve=0
t=1850ms iter=2 WAIST cost=47.0000 best_alt=39.0000 gap=8.0000 tried=5 sep_labels=39 clique_frac=0.01
t=2148ms iter=2 REBUILD reject new_tc=55.0146 (was 48.9597)
t=2405ms iter=2 incumb=48.9597 ratchet=48.9493 best=48.9250 since_improve=0
t=2432ms iter=3 WAIST cost=47.0000 best_alt=39.0000 gap=8.0000 tried=5 sep_labels=39 clique_frac=0.01
t=2740ms iter=3 REBUILD reject new_tc=52.1444 (was 48.9493)
t=3324ms iter=3 incumb=48.9493 ratchet=48.8153 best=48.8152 since_improve=0
t=3368ms iter=4 WAIST cost=46.0000 best_alt=37.0000 gap=9.0000 tried=5 sep_labels=37 clique_frac=0.03
t=3679ms iter=4 REBUILD reject new_tc=52.1139 (was 48.8153)
t=4420ms iter=4 incumb=48.8153 ratchet=48.7937 best=48.7763 since_improve=0
t=4453ms iter=5 WAIST cost=44.0000 best_alt=35.0000 gap=9.0000 tried=5 sep_labels=35 clique_frac=0.01
t=4771ms iter=5 REBUILD reject new_tc=48.9098 (was 48.7937)
t=5488ms iter=5 incumb=48.7937 ratchet=48.7607 best=48.7607 since_improve=0
t=5523ms iter=6 WAIST cost=45.0000 best_alt=33.0000 gap=12.0000 tried=5 sep_labels=33 clique_frac=0.01
t=5838ms iter=6 REBUILD reject new_tc=48.8913 (was 48.7607)
t=6098ms iter=6 incumb=48.7607 ratchet=48.8608 best=48.7607 since_improve=1
t=6132ms iter=7 WAIST cost=45.0000 best_alt=33.0000 gap=12.0000 tried=5 sep_labels=33 clique_frac=0.01
t=6444ms iter=7 REBUILD reject new_tc=49.6497 (was 48.7607)
t=6701ms iter=7 incumb=48.7607 ratchet=48.8021 best=48.7607 since_improve=2
t=6738ms iter=8 WAIST cost=45.0000 best_alt=33.0000 gap=12.0000 tried=5 sep_labels=33 clique_frac=0.01
t=7047ms iter=8 REBUILD reject new_tc=54.3451 (was 48.7607)
t=7311ms iter=8 incumb=48.7607 ratchet=48.7670 best=48.7607 since_improve=3
t=7341ms iter=9 WAIST cost=45.0000 best_alt=33.0000 gap=12.0000 tried=5 sep_labels=33 clique_frac=0.01
t=7650ms iter=9 REBUILD reject new_tc=53.0374 (was 48.7607)
t=8230ms iter=9 incumb=48.7607 ratchet=48.8262 best=48.7407 since_improve=4
t=8257ms iter=10 WAIST cost=45.0000 best_alt=33.0000 gap=12.0000 tried=5 sep_labels=33 clique_frac=0.01
t=8569ms iter=10 REBUILD reject new_tc=49.1594 (was 48.7607)
t=8833ms iter=10 incumb=48.7607 ratchet=48.7764 best=48.7407 since_improve=5
t=8867ms iter=11 WAIST cost=45.0000 best_alt=33.0000 gap=12.0000 tried=5 sep_labels=33 clique_frac=0.01
t=9182ms iter=11 REBUILD reject new_tc=48.8232 (was 48.7607)
t=9439ms iter=11 incumb=48.7607 ratchet=48.8230 best=48.7407 since_improve=6
t=9469ms iter=12 WAIST cost=45.0000 best_alt=33.0000 gap=12.0000 tried=5 sep_labels=33 clique_frac=0.01
t=9786ms iter=12 REBUILD reject new_tc=48.8112 (was 48.7607)
t=10048ms iter=12 incumb=48.7607 ratchet=48.7738 best=48.7407 since_improve=7
t=10083ms iter=13 WAIST cost=45.0000 best_alt=33.0000 gap=12.0000 tried=5 sep_labels=33 clique_frac=0.01
t=10399ms iter=13 REBUILD reject new_tc=49.1141 (was 48.7607)
t=10664ms iter=13 incumb=48.7607 ratchet=48.7652 best=48.7407 since_improve=8
t=10698ms iter=14 WAIST cost=45.0000 best_alt=33.0000 gap=12.0000 tried=5 sep_labels=33 clique_frac=0.01
t=11012ms iter=14 REBUILD reject new_tc=53.3193 (was 48.7607)
t=11442ms iter=14 incumb=48.7607 ratchet=48.7385 best=48.7378 since_improve=0
t=11466ms iter=15 WAIST cost=45.0000 best_alt=37.0000 gap=8.0000 tried=5 sep_labels=37 clique_frac=0.02
t=11784ms iter=15 REBUILD reject new_tc=48.8432 (was 48.7385)
t=12045ms iter=15 incumb=48.7385 ratchet=48.7656 best=48.7378 since_improve=1
t=12069ms iter=16 WAIST cost=45.0000 best_alt=39.0000 gap=6.0000 tried=5 sep_labels=39 clique_frac=0.01
t=12377ms iter=16 REBUILD reject new_tc=53.0581 (was 48.7385)
t=12637ms iter=16 incumb=48.7385 ratchet=48.7980 best=48.7378 since_improve=2
t=12663ms iter=17 WAIST cost=45.0000 best_alt=35.0000 gap=10.0000 tried=5 sep_labels=35 clique_frac=0.00
t=13138ms iter=17 REBUILD ACCEPT new_tc=48.5514 (was 48.7385)
t=16069ms iter=17 incumb=48.5514 ratchet=48.1069 best=48.1069 since_improve=0
t=16102ms iter=18 WAIST cost=44.0000 best_alt=35.0000 gap=9.0000 tried=5 sep_labels=35 clique_frac=0.03
t=16408ms iter=18 REBUILD reject new_tc=49.3575 (was 48.1069)
t=17767ms iter=18 incumb=48.1069 ratchet=48.0390 best=48.0339 since_improve=0
t=17791ms iter=19 WAIST cost=43.0000 best_alt=40.0000 gap=3.0000 tried=5 sep_labels=40 clique_frac=0.03
t=18137ms iter=19 REBUILD reject new_tc=50.4263 (was 48.0390)
t=18875ms iter=19 incumb=48.0390 ratchet=48.0543 best=48.0137 since_improve=1
t=18899ms iter=20 WAIST cost=43.0000 best_alt=39.0000 gap=4.0000 tried=5 sep_labels=39 clique_frac=0.03
t=19206ms iter=20 REBUILD reject new_tc=49.3699 (was 48.0390)
t=20254ms iter=20 incumb=48.0390 ratchet=47.9917 best=47.9861 since_improve=0
t=20279ms iter=21 WAIST cost=44.0000 best_alt=39.0000 gap=5.0000 tried=5 sep_labels=39 clique_frac=0.02
t=20604ms iter=21 REBUILD reject new_tc=48.7871 (was 47.9917)
t=21924ms iter=21 incumb=47.9917 ratchet=47.8990 best=47.8966 since_improve=0
t=21949ms iter=22 WAIST cost=44.0000 best_alt=40.0000 gap=4.0000 tried=5 sep_labels=40 clique_frac=0.02
t=22308ms iter=22 REBUILD reject new_tc=50.0387 (was 47.8990)
t=22732ms iter=22 incumb=47.8990 ratchet=47.8937 best=47.8937 since_improve=0
t=22761ms iter=23 WAIST cost=43.0000 best_alt=40.0000 gap=3.0000 tried=5 sep_labels=40 clique_frac=0.02
t=23116ms iter=23 REBUILD reject new_tc=48.6931 (was 47.8937)
t=23535ms iter=23 incumb=47.8937 ratchet=47.8775 best=47.8716 since_improve=0
t=23567ms iter=24 WAIST cost=44.0000 best_alt=39.0000 gap=5.0000 tried=5 sep_labels=39 clique_frac=0.03
t=23862ms iter=24 REBUILD reject new_tc=52.0964 (was 47.8775)
t=24118ms iter=24 incumb=47.8775 ratchet=47.9343 best=47.8716 since_improve=1
t=24146ms iter=25 WAIST cost=44.0000 best_alt=39.0000 gap=5.0000 tried=5 sep_labels=39 clique_frac=0.02
t=24459ms iter=25 REBUILD reject new_tc=48.0369 (was 47.8775)
t=24712ms iter=25 incumb=47.8775 ratchet=47.9772 best=47.8716 since_improve=2
t=24740ms iter=26 WAIST cost=44.0000 best_alt=37.0000 gap=7.0000 tried=5 sep_labels=37 clique_frac=0.02
t=25041ms iter=26 REBUILD reject new_tc=55.0125 (was 47.8775)
t=25306ms iter=26 incumb=47.8775 ratchet=47.9287 best=47.8716 since_improve=3
t=25336ms iter=27 WAIST cost=44.0000 best_alt=40.0000 gap=4.0000 tried=5 sep_labels=40 clique_frac=0.02
t=25695ms iter=27 REBUILD reject new_tc=48.9117 (was 47.8775)
t=25956ms iter=27 incumb=47.8775 ratchet=47.9174 best=47.8716 since_improve=4
t=25986ms iter=28 WAIST cost=44.0000 best_alt=39.0000 gap=5.0000 tried=5 sep_labels=39 clique_frac=0.03
t=26292ms iter=28 REBUILD reject new_tc=53.0987 (was 47.8775)
t=26549ms iter=28 incumb=47.8775 ratchet=47.8749 best=47.8716 since_improve=0
t=26583ms iter=29 WAIST cost=43.0000 best_alt=37.0000 gap=6.0000 tried=5 sep_labels=37 clique_frac=0.02
t=26888ms iter=29 REBUILD reject new_tc=50.0328 (was 47.8749)
t=27139ms iter=29 incumb=47.8749 ratchet=47.9005 best=47.8716 since_improve=1
t=27173ms iter=30 WAIST cost=43.0000 best_alt=39.0000 gap=4.0000 tried=5 sep_labels=39 clique_frac=0.03
t=27479ms iter=30 REBUILD reject new_tc=49.0303 (was 47.8749)
t=28789ms iter=30 incumb=47.8749 ratchet=47.8468 best=47.8316 since_improve=0
t=28817ms iter=31 WAIST cost=43.0000 best_alt=40.0000 gap=3.0000 tried=5 sep_labels=40 clique_frac=0.01
t=29172ms iter=31 REBUILD reject new_tc=48.8810 (was 47.8468)
t=29429ms iter=31 incumb=47.8468 ratchet=47.8868 best=47.8316 since_improve=1
t=29470ms iter=32 WAIST cost=43.0000 best_alt=39.0000 gap=4.0000 tried=5 sep_labels=39 clique_frac=0.03
t=29783ms iter=32 REBUILD reject new_tc=49.0469 (was 47.8468)
t=30044ms iter=32 incumb=47.8468 ratchet=47.8716 best=47.8316 since_improve=2
t=30078ms iter=33 WAIST cost=43.0000 best_alt=40.0000 gap=3.0000 tried=5 sep_labels=40 clique_frac=0.01
t=30428ms iter=33 REBUILD reject new_tc=48.8236 (was 47.8468)
t=31176ms iter=33 incumb=47.8468 ratchet=47.8349 best=47.7966 since_improve=0
t=31204ms iter=34 WAIST cost=44.0000 best_alt=35.0000 gap=9.0000 tried=5 sep_labels=35 clique_frac=0.01
t=31501ms iter=34 REBUILD reject new_tc=56.0047 (was 47.8349)
t=32557ms iter=34 incumb=47.8349 ratchet=47.7498 best=47.7498 since_improve=0
t=32589ms iter=35 WAIST cost=43.0000 best_alt=39.0000 gap=4.0000 tried=5 sep_labels=39 clique_frac=0.03
t=32905ms iter=35 REBUILD reject new_tc=53.0653 (was 47.7498)
t=33165ms iter=35 incumb=47.7498 ratchet=47.7759 best=47.7498 since_improve=1
t=33195ms iter=36 WAIST cost=43.0000 best_alt=40.0000 gap=3.0000 tried=5 sep_labels=40 clique_frac=0.01
t=33545ms iter=36 REBUILD reject new_tc=48.9419 (was 47.7498)
t=33803ms iter=36 incumb=47.7498 ratchet=47.8324 best=47.7498 since_improve=2
t=33832ms iter=37 WAIST cost=43.0000 best_alt=40.0000 gap=3.0000 tried=5 sep_labels=40 clique_frac=0.01
t=34190ms iter=37 REBUILD reject new_tc=49.4281 (was 47.7498)
t=35319ms iter=37 incumb=47.7498 ratchet=47.6701 best=47.6629 since_improve=0
t=35347ms iter=38 WAIST cost=43.0000 best_alt=39.0000 gap=4.0000 tried=5 sep_labels=39 clique_frac=0.01
t=35695ms iter=38 REBUILD reject new_tc=56.0059 (was 47.6701)
t=35956ms iter=38 incumb=47.6701 ratchet=47.6696 best=47.6629 since_improve=0
t=35992ms iter=39 WAIST cost=43.0000 best_alt=39.0000 gap=4.0000 tried=5 sep_labels=39 clique_frac=0.03
t=36294ms iter=39 REBUILD reject new_tc=51.6682 (was 47.6696)
t=36551ms iter=39 incumb=47.6696 ratchet=47.6737 best=47.6629 since_improve=1
t=36579ms iter=40 WAIST cost=43.0000 best_alt=40.0000 gap=3.0000 tried=5 sep_labels=40 clique_frac=0.01
t=36939ms iter=40 REBUILD reject new_tc=49.1080 (was 47.6696)
t=37193ms iter=40 incumb=47.6696 ratchet=47.7139 best=47.6629 since_improve=2
t=37223ms iter=41 WAIST cost=43.0000 best_alt=40.0000 gap=3.0000 tried=5 sep_labels=40 clique_frac=0.01
t=37579ms iter=41 REBUILD reject new_tc=48.3366 (was 47.6696)
t=38155ms iter=41 incumb=47.6696 ratchet=47.6568 best=47.6568 since_improve=0
t=38183ms iter=42 WAIST cost=44.0000 best_alt=39.0000 gap=5.0000 tried=5 sep_labels=39 clique_frac=0.01
t=38534ms iter=42 REBUILD reject new_tc=52.0891 (was 47.6568)
t=39851ms iter=42 incumb=47.6568 ratchet=47.5165 best=47.5165 since_improve=0
t=39881ms iter=43 WAIST cost=44.0000 best_alt=40.0000 gap=4.0000 tried=5 sep_labels=40 clique_frac=0.01
t=40234ms iter=43 REBUILD reject new_tc=49.1678 (was 47.5165)
t=40646ms iter=43 incumb=47.5165 ratchet=47.5568 best=47.5155 since_improve=1
t=40686ms iter=44 WAIST cost=44.0000 best_alt=37.0000 gap=7.0000 tried=5 sep_labels=37 clique_frac=0.01
t=40978ms iter=44 REBUILD reject new_tc=53.0435 (was 47.5165)
t=41233ms iter=44 incumb=47.5165 ratchet=47.5802 best=47.5155 since_improve=2
t=41265ms iter=45 WAIST cost=44.0000 best_alt=39.0000 gap=5.0000 tried=5 sep_labels=39 clique_frac=0.00
t=41613ms iter=45 REBUILD reject new_tc=55.0234 (was 47.5165)
t=42031ms iter=45 incumb=47.5165 ratchet=47.4990 best=47.4960 since_improve=0
t=42065ms iter=46 WAIST cost=44.0000 best_alt=40.0000 gap=4.0000 tried=5 sep_labels=40 clique_frac=0.01
t=42421ms iter=46 REBUILD reject new_tc=49.7598 (was 47.4990)
t=42675ms iter=46 incumb=47.4990 ratchet=47.5245 best=47.4960 since_improve=1
t=42714ms iter=47 WAIST cost=44.0000 best_alt=39.0000 gap=5.0000 tried=5 sep_labels=39 clique_frac=0.02
t=43015ms iter=47 REBUILD reject new_tc=48.6517 (was 47.4990)
t=43266ms iter=47 incumb=47.4990 ratchet=47.5086 best=47.4960 since_improve=2
t=43295ms iter=48 WAIST cost=44.0000 best_alt=40.0000 gap=4.0000 tried=5 sep_labels=40 clique_frac=0.01
t=43649ms iter=48 REBUILD reject new_tc=48.7605 (was 47.4990)
t=43897ms iter=48 incumb=47.4990 ratchet=47.5104 best=47.4960 since_improve=3
t=43934ms iter=49 WAIST cost=44.0000 best_alt=40.0000 gap=4.0000 tried=5 sep_labels=40 clique_frac=0.01
t=44291ms iter=49 REBUILD reject new_tc=49.0879 (was 47.4990)
t=44549ms iter=49 incumb=47.4990 ratchet=47.6055 best=47.4960 since_improve=4
t=44575ms iter=50 WAIST cost=44.0000 best_alt=40.0000 gap=4.0000 tried=5 sep_labels=40 clique_frac=0.01
t=44933ms iter=50 REBUILD reject new_tc=49.5029 (was 47.4990)
t=45657ms iter=50 incumb=47.4990 ratchet=47.4994 best=47.4861 since_improve=5
t=45685ms iter=51 WAIST cost=44.0000 best_alt=40.0000 gap=4.0000 tried=5 sep_labels=40 clique_frac=0.01
t=46043ms iter=51 REBUILD reject new_tc=51.0287 (was 47.4990)
t=46299ms iter=51 incumb=47.4990 ratchet=47.5693 best=47.4861 since_improve=6
t=46337ms iter=52 WAIST cost=44.0000 best_alt=37.0000 gap=7.0000 tried=5 sep_labels=37 clique_frac=0.01
t=46654ms iter=52 REBUILD reject new_tc=51.2084 (was 47.4990)
t=46911ms iter=52 incumb=47.4990 ratchet=47.5093 best=47.4861 since_improve=7
t=46943ms iter=53 WAIST cost=44.0000 best_alt=40.0000 gap=4.0000 tried=5 sep_labels=40 clique_frac=0.01
t=47289ms iter=53 REBUILD reject new_tc=53.0586 (was 47.4990)
t=47550ms iter=53 incumb=47.4990 ratchet=47.5293 best=47.4861 since_improve=8
t=47580ms iter=54 WAIST cost=44.0000 best_alt=39.0000 gap=5.0000 tried=5 sep_labels=39 clique_frac=0.03
t=47896ms iter=54 REBUILD reject new_tc=49.3107 (was 47.4990)
t=48149ms iter=54 incumb=47.4990 ratchet=47.6986 best=47.4861 since_improve=9
t=48186ms iter=55 WAIST cost=44.0000 best_alt=40.0000 gap=4.0000 tried=5 sep_labels=40 clique_frac=0.01
t=48527ms iter=55 REBUILD reject new_tc=57.0056 (was 47.4990)
t=48776ms iter=55 incumb=47.4990 ratchet=47.7474 best=47.4861 since_improve=10
t=48813ms iter=56 WAIST cost=44.0000 best_alt=39.0000 gap=5.0000 tried=5 sep_labels=39 clique_frac=0.00
t=49159ms iter=56 REBUILD reject new_tc=49.7791 (was 47.4990)
t=49416ms iter=56 incumb=47.4990 ratchet=47.5199 best=47.4861 since_improve=11
t=49443ms iter=57 WAIST cost=44.0000 best_alt=40.0000 gap=4.0000 tried=5 sep_labels=40 clique_frac=0.01
t=49805ms iter=57 REBUILD reject new_tc=49.4246 (was 47.4990)
t=50068ms iter=57 incumb=47.4990 ratchet=48.1804 best=47.4861 since_improve=12
t=50101ms iter=58 WAIST cost=44.0000 best_alt=40.0000 gap=4.0000 tried=5 sep_labels=40 clique_frac=0.01
t=50451ms iter=58 REBUILD reject new_tc=49.1285 (was 47.4990)
t=50708ms iter=58 incumb=47.4990 ratchet=47.6099 best=47.4861 since_improve=13
t=50744ms iter=59 WAIST cost=44.0000 best_alt=40.0000 gap=4.0000 tried=5 sep_labels=40 clique_frac=0.01
t=51133ms iter=59 REBUILD reject new_tc=50.0493 (was 47.4990)
t=51392ms iter=59 incumb=47.4990 ratchet=47.5136 best=47.4861 since_improve=14
t=51427ms iter=60 WAIST cost=44.0000 best_alt=40.0000 gap=4.0000 tried=5 sep_labels=40 clique_frac=0.01
t=51822ms iter=60 REBUILD reject new_tc=49.1985 (was 47.4990)
t=52078ms iter=60 incumb=47.4990 ratchet=47.6498 best=47.4861 since_improve=15
t=52112ms iter=61 WAIST cost=44.0000 best_alt=37.0000 gap=7.0000 tried=5 sep_labels=37 clique_frac=0.01
t=52415ms iter=61 REBUILD reject new_tc=53.0606 (was 47.4990)
t=52675ms iter=61 incumb=47.4990 ratchet=47.5461 best=47.4861 since_improve=16
t=52708ms iter=62 WAIST cost=44.0000 best_alt=39.0000 gap=5.0000 tried=5 sep_labels=39 clique_frac=0.02
t=53010ms iter=62 REBUILD reject new_tc=50.6256 (was 47.4990)
t=53266ms iter=62 incumb=47.4990 ratchet=47.5733 best=47.4861 since_improve=17
t=53307ms iter=63 WAIST cost=44.0000 best_alt=39.0000 gap=5.0000 tried=5 sep_labels=39 clique_frac=0.03
t=53615ms iter=63 REBUILD reject new_tc=48.5774 (was 47.4990)
t=53867ms iter=63 incumb=47.4990 ratchet=47.9523 best=47.4861 since_improve=18
t=53892ms iter=64 WAIST cost=44.0000 best_alt=40.0000 gap=4.0000 tried=5 sep_labels=40 clique_frac=0.01
t=54250ms iter=64 REBUILD reject new_tc=48.9981 (was 47.4990)
t=54496ms iter=64 incumb=47.4990 ratchet=47.9649 best=47.4861 since_improve=19
t=54535ms iter=65 WAIST cost=44.0000 best_alt=40.0000 gap=4.0000 tried=5 sep_labels=40 clique_frac=0.01
t=54888ms iter=65 REBUILD reject new_tc=49.1026 (was 47.4990)
t=55144ms iter=65 incumb=47.4990 ratchet=47.5849 best=47.4861 since_improve=20
t=55173ms iter=66 WAIST cost=44.0000 best_alt=40.0000 gap=4.0000 tried=5 sep_labels=40 clique_frac=0.01
t=55523ms iter=66 REBUILD reject new_tc=52.1514 (was 47.4990)
t=55775ms iter=66 incumb=47.4990 ratchet=47.5740 best=47.4861 since_improve=21
t=55809ms iter=67 WAIST cost=44.0000 best_alt=40.0000 gap=4.0000 tried=5 sep_labels=40 clique_frac=0.01
t=56163ms iter=67 REBUILD reject new_tc=48.7451 (was 47.4990)
t=56419ms iter=67 incumb=47.4990 ratchet=47.5846 best=47.4861 since_improve=22
t=56452ms iter=68 WAIST cost=44.0000 best_alt=39.0000 gap=5.0000 tried=5 sep_labels=39 clique_frac=0.03
t=56765ms iter=68 REBUILD reject new_tc=49.4298 (was 47.4990)
t=57024ms iter=68 incumb=47.4990 ratchet=47.4944 best=47.4861 since_improve=0
t=57054ms iter=69 WAIST cost=43.0000 best_alt=37.0000 gap=6.0000 tried=5 sep_labels=37 clique_frac=0.03
t=57358ms iter=69 REBUILD reject new_tc=49.3739 (was 47.4944)
t=57615ms iter=69 incumb=47.4944 ratchet=47.5400 best=47.4861 since_improve=1
t=57652ms iter=70 WAIST cost=43.0000 best_alt=39.0000 gap=4.0000 tried=5 sep_labels=39 clique_frac=0.01
t=58006ms iter=70 REBUILD reject new_tc=48.8998 (was 47.4944)
t=58257ms iter=70 incumb=47.4944 ratchet=47.5637 best=47.4861 since_improve=2
t=58285ms iter=71 WAIST cost=43.0000 best_alt=39.0000 gap=4.0000 tried=5 sep_labels=39 clique_frac=0.01
t=58638ms iter=71 REBUILD reject new_tc=49.3821 (was 47.4944)
t=58898ms iter=71 incumb=47.4944 ratchet=47.5241 best=47.4861 since_improve=3
t=58944ms iter=72 WAIST cost=43.0000 best_alt=39.0000 gap=4.0000 tried=5 sep_labels=39 clique_frac=0.01
t=59297ms iter=72 REBUILD reject new_tc=48.4346 (was 47.4944)
t=59551ms iter=72 incumb=47.4944 ratchet=47.7290 best=47.4861 since_improve=4
t=59587ms iter=73 WAIST cost=43.0000 best_alt=37.0000 gap=6.0000 tried=5 sep_labels=37 clique_frac=0.03
t=59895ms iter=73 REBUILD reject new_tc=48.6011 (was 47.4944)
t=60151ms iter=73 incumb=47.4944 ratchet=47.5402 best=47.4861 since_improve=5
t=60183ms iter=74 WAIST cost=43.0000 best_alt=39.0000 gap=4.0000 tried=5 sep_labels=39 clique_frac=0.01
t=60540ms iter=74 REBUILD reject new_tc=48.7842 (was 47.4944)
t=60800ms iter=74 incumb=47.4944 ratchet=47.5351 best=47.4861 since_improve=6
t=60838ms iter=75 WAIST cost=43.0000 best_alt=39.0000 gap=4.0000 tried=5 sep_labels=39 clique_frac=0.01
t=61188ms iter=75 REBUILD reject new_tc=49.5094 (was 47.4944)
t=61440ms iter=75 incumb=47.4944 ratchet=47.5021 best=47.4861 since_improve=7
t=61466ms iter=76 WAIST cost=43.0000 best_alt=39.0000 gap=4.0000 tried=5 sep_labels=39 clique_frac=0.01
t=61817ms iter=76 REBUILD reject new_tc=48.9735 (was 47.4944)
t=62378ms iter=76 incumb=47.4944 ratchet=47.4592 best=47.4592 since_improve=0
t=62402ms iter=77 WAIST cost=43.0000 best_alt=39.0000 gap=4.0000 tried=5 sep_labels=39 clique_frac=0.01
t=62755ms iter=77 REBUILD reject new_tc=48.1352 (was 47.4592)
t=63013ms iter=77 incumb=47.4592 ratchet=47.4733 best=47.4592 since_improve=1
t=63046ms iter=78 WAIST cost=43.0000 best_alt=39.0000 gap=4.0000 tried=5 sep_labels=39 clique_frac=0.01
t=63391ms iter=78 REBUILD reject new_tc=52.1428 (was 47.4592)
t=63653ms iter=78 incumb=47.4592 ratchet=47.5545 best=47.4592 since_improve=2
t=63677ms iter=79 WAIST cost=43.0000 best_alt=39.0000 gap=4.0000 tried=5 sep_labels=39 clique_frac=0.01
t=64035ms iter=79 REBUILD reject new_tc=48.4455 (was 47.4592)
t=64287ms iter=79 incumb=47.4592 ratchet=47.4629 best=47.4592 since_improve=3
t=64319ms iter=80 WAIST cost=43.0000 best_alt=39.0000 gap=4.0000 tried=5 sep_labels=39 clique_frac=0.01
t=64672ms iter=80 REBUILD reject new_tc=51.2026 (was 47.4592)
t=64931ms iter=80 incumb=47.4592 ratchet=47.4923 best=47.4592 since_improve=4
t=64962ms iter=81 WAIST cost=43.0000 best_alt=39.0000 gap=4.0000 tried=5 sep_labels=39 clique_frac=0.01
t=65309ms iter=81 REBUILD reject new_tc=48.9739 (was 47.4592)
t=65568ms iter=81 incumb=47.4592 ratchet=47.4876 best=47.4592 since_improve=5
t=65599ms iter=82 WAIST cost=43.0000 best_alt=39.0000 gap=4.0000 tried=5 sep_labels=39 clique_frac=0.01
t=65946ms iter=82 REBUILD reject new_tc=48.5135 (was 47.4592)
t=66200ms iter=82 incumb=47.4592 ratchet=47.5116 best=47.4592 since_improve=6
t=66230ms iter=83 WAIST cost=43.0000 best_alt=39.0000 gap=4.0000 tried=5 sep_labels=39 clique_frac=0.01
t=66591ms iter=83 REBUILD reject new_tc=49.0242 (was 47.4592)
t=66856ms iter=83 incumb=47.4592 ratchet=47.7309 best=47.4592 since_improve=7
t=66889ms iter=84 WAIST cost=43.0000 best_alt=37.0000 gap=6.0000 tried=5 sep_labels=37 clique_frac=0.01
t=67198ms iter=84 REBUILD reject new_tc=49.7395 (was 47.4592)
t=67784ms iter=84 incumb=47.4592 ratchet=47.4474 best=47.4474 since_improve=0
t=67810ms iter=85 WAIST cost=43.0000 best_alt=39.0000 gap=4.0000 tried=5 sep_labels=39 clique_frac=0.01
t=68161ms iter=85 REBUILD reject new_tc=48.8350 (was 47.4474)
t=68415ms iter=85 incumb=47.4474 ratchet=47.5162 best=47.4474 since_improve=1
t=68451ms iter=86 WAIST cost=43.0000 best_alt=39.0000 gap=4.0000 tried=5 sep_labels=39 clique_frac=0.01
t=68793ms iter=86 REBUILD reject new_tc=49.0705 (was 47.4474)
t=69047ms iter=86 incumb=47.4474 ratchet=47.4899 best=47.4474 since_improve=2
t=69077ms iter=87 WAIST cost=43.0000 best_alt=39.0000 gap=4.0000 tried=5 sep_labels=39 clique_frac=0.01
t=69413ms iter=87 REBUILD reject new_tc=54.1854 (was 47.4474)
t=69982ms iter=87 incumb=47.4474 ratchet=47.5877 best=47.4293 since_improve=3
t=70018ms iter=88 WAIST cost=43.0000 best_alt=37.0000 gap=6.0000 tried=5 sep_labels=37 clique_frac=0.01
t=70324ms iter=88 REBUILD reject new_tc=53.3338 (was 47.4474)
t=70579ms iter=88 incumb=47.4474 ratchet=47.4529 best=47.4293 since_improve=4
t=70610ms iter=89 WAIST cost=43.0000 best_alt=39.0000 gap=4.0000 tried=5 sep_labels=39 clique_frac=0.01
t=70970ms iter=89 REBUILD reject new_tc=49.2489 (was 47.4474)
t=71397ms iter=89 incumb=47.4474 ratchet=47.4110 best=47.4109 since_improve=0
t=71429ms iter=90 WAIST cost=43.0000 best_alt=40.0000 gap=3.0000 tried=5 sep_labels=40 clique_frac=0.01
t=71774ms iter=90 REBUILD reject new_tc=55.0137 (was 47.4110)
t=72030ms iter=90 incumb=47.4110 ratchet=47.4557 best=47.4109 since_improve=1
t=72057ms iter=91 WAIST cost=43.0000 best_alt=40.0000 gap=3.0000 tried=5 sep_labels=40 clique_frac=0.01
t=72402ms iter=91 REBUILD reject new_tc=50.4951 (was 47.4110)
t=72657ms iter=91 incumb=47.4110 ratchet=47.7844 best=47.4109 since_improve=2
t=72687ms iter=92 WAIST cost=43.0000 best_alt=37.0000 gap=6.0000 tried=5 sep_labels=37 clique_frac=0.01
t=72980ms iter=92 REBUILD reject new_tc=55.0112 (was 47.4110)
t=73233ms iter=92 incumb=47.4110 ratchet=47.4524 best=47.4109 since_improve=3
t=73270ms iter=93 WAIST cost=43.0000 best_alt=39.0000 gap=4.0000 tried=5 sep_labels=39 clique_frac=0.02
t=73570ms iter=93 REBUILD reject new_tc=50.4530 (was 47.4110)
t=74140ms iter=93 incumb=47.4110 ratchet=47.4053 best=47.4042 since_improve=0
t=74181ms iter=94 WAIST cost=43.0000 best_alt=39.0000 gap=4.0000 tried=5 sep_labels=39 clique_frac=0.02
t=74528ms iter=94 REBUILD reject new_tc=52.1238 (was 47.4053)
t=74791ms iter=94 incumb=47.4053 ratchet=47.4579 best=47.4042 since_improve=1
t=74824ms iter=95 WAIST cost=43.0000 best_alt=39.0000 gap=4.0000 tried=5 sep_labels=39 clique_frac=0.02
t=75165ms iter=95 REBUILD reject new_tc=54.0326 (was 47.4053)
t=75457ms iter=95 incumb=47.4053 ratchet=47.4424 best=47.4042 since_improve=2
t=75491ms iter=96 WAIST cost=43.0000 best_alt=39.0000 gap=4.0000 tried=5 sep_labels=39 clique_frac=0.02
t=75847ms iter=96 REBUILD reject new_tc=48.6000 (was 47.4053)
t=76103ms iter=96 incumb=47.4053 ratchet=47.5710 best=47.4042 since_improve=3
t=76129ms iter=97 WAIST cost=43.0000 best_alt=39.0000 gap=4.0000 tried=5 sep_labels=39 clique_frac=0.02
t=76467ms iter=97 REBUILD reject new_tc=53.1031 (was 47.4053)
t=76723ms iter=97 incumb=47.4053 ratchet=47.4215 best=47.4042 since_improve=4
t=76753ms iter=98 WAIST cost=43.0000 best_alt=39.0000 gap=4.0000 tried=5 sep_labels=39 clique_frac=0.02
t=77096ms iter=98 REBUILD reject new_tc=55.0102 (was 47.4053)
t=77346ms iter=98 incumb=47.4053 ratchet=47.6017 best=47.4042 since_improve=5
t=77382ms iter=99 WAIST cost=43.0000 best_alt=37.0000 gap=6.0000 tried=5 sep_labels=37 clique_frac=0.01
t=77681ms iter=99 REBUILD reject new_tc=53.0554 (was 47.4053)
t=77939ms iter=99 incumb=47.4053 ratchet=47.4455 best=47.4042 since_improve=6
t=77965ms iter=100 WAIST cost=43.0000 best_alt=39.0000 gap=4.0000 tried=5 sep_labels=39 clique_frac=0.02
t=78321ms iter=100 REBUILD reject new_tc=48.9440 (was 47.4053)
t=78580ms iter=100 incumb=47.4053 ratchet=47.4562 best=47.4042 since_improve=7
t=78606ms iter=101 WAIST cost=43.0000 best_alt=39.0000 gap=4.0000 tried=5 sep_labels=39 clique_frac=0.02
t=78960ms iter=101 REBUILD reject new_tc=48.2505 (was 47.4053)
t=79217ms iter=101 incumb=47.4053 ratchet=47.4358 best=47.4042 since_improve=8
t=79245ms iter=102 WAIST cost=43.0000 best_alt=39.0000 gap=4.0000 tried=5 sep_labels=39 clique_frac=0.02
t=79600ms iter=102 REBUILD reject new_tc=48.7758 (was 47.4053)
t=79852ms iter=102 incumb=47.4053 ratchet=47.4770 best=47.4042 since_improve=9
t=79892ms iter=103 WAIST cost=43.0000 best_alt=37.0000 gap=6.0000 tried=5 sep_labels=37 clique_frac=0.01
t=80195ms iter=103 REBUILD reject new_tc=50.0588 (was 47.4053)
t=80452ms iter=103 incumb=47.4053 ratchet=47.4575 best=47.4042 since_improve=10
t=80488ms iter=104 WAIST cost=43.0000 best_alt=39.0000 gap=4.0000 tried=5 sep_labels=39 clique_frac=0.02
t=80837ms iter=104 REBUILD reject new_tc=49.3673 (was 47.4053)
t=81096ms iter=104 incumb=47.4053 ratchet=47.4371 best=47.4042 since_improve=11
t=81126ms iter=105 WAIST cost=43.0000 best_alt=39.0000 gap=4.0000 tried=5 sep_labels=39 clique_frac=0.02
t=81471ms iter=105 REBUILD reject new_tc=48.6313 (was 47.4053)
t=81727ms iter=105 incumb=47.4053 ratchet=47.4948 best=47.4042 since_improve=12
t=81764ms iter=106 WAIST cost=43.0000 best_alt=39.0000 gap=4.0000 tried=5 sep_labels=39 clique_frac=0.02
t=82101ms iter=106 REBUILD reject new_tc=57.0050 (was 47.4053)
t=82356ms iter=106 incumb=47.4053 ratchet=47.4414 best=47.4042 since_improve=13
t=82389ms iter=107 WAIST cost=43.0000 best_alt=39.0000 gap=4.0000 tried=5 sep_labels=39 clique_frac=0.02
t=82742ms iter=107 REBUILD reject new_tc=49.7583 (was 47.4053)
t=83002ms iter=107 incumb=47.4053 ratchet=47.4696 best=47.4042 since_improve=14
t=83037ms iter=108 WAIST cost=43.0000 best_alt=39.0000 gap=4.0000 tried=5 sep_labels=39 clique_frac=0.02
t=83390ms iter=108 REBUILD reject new_tc=48.7809 (was 47.4053)
t=83637ms iter=108 incumb=47.4053 ratchet=47.5098 best=47.4042 since_improve=15
t=83665ms iter=109 WAIST cost=43.0000 best_alt=39.0000 gap=4.0000 tried=5 sep_labels=39 clique_frac=0.02
t=84002ms iter=109 REBUILD reject new_tc=53.3671 (was 47.4053)
t=84260ms iter=109 incumb=47.4053 ratchet=47.6502 best=47.4042 since_improve=16
t=84289ms iter=110 WAIST cost=43.0000 best_alt=39.0000 gap=4.0000 tried=5 sep_labels=39 clique_frac=0.02
t=84634ms iter=110 REBUILD reject new_tc=49.7124 (was 47.4053)
t=84894ms iter=110 incumb=47.4053 ratchet=47.4189 best=47.4042 since_improve=17
t=84931ms iter=111 WAIST cost=43.0000 best_alt=39.0000 gap=4.0000 tried=5 sep_labels=39 clique_frac=0.02
t=85272ms iter=111 REBUILD reject new_tc=51.2538 (was 47.4053)
t=85525ms iter=111 incumb=47.4053 ratchet=47.4474 best=47.4042 since_improve=18
t=85555ms iter=112 WAIST cost=43.0000 best_alt=39.0000 gap=4.0000 tried=5 sep_labels=39 clique_frac=0.02
t=85897ms iter=112 REBUILD reject new_tc=53.1290 (was 47.4053)
t=86151ms iter=112 incumb=47.4053 ratchet=47.5081 best=47.4042 since_improve=19
t=86184ms iter=113 WAIST cost=43.0000 best_alt=39.0000 gap=4.0000 tried=5 sep_labels=39 clique_frac=0.02
t=86542ms iter=113 REBUILD reject new_tc=48.7578 (was 47.4053)
t=86801ms iter=113 incumb=47.4053 ratchet=47.4247 best=47.4042 since_improve=20
t=86836ms iter=114 WAIST cost=43.0000 best_alt=39.0000 gap=4.0000 tried=5 sep_labels=39 clique_frac=0.02
t=87199ms iter=114 REBUILD reject new_tc=48.5704 (was 47.4053)
t=87302ms iter=114 incumb=47.4053 ratchet=48.8784 best=47.4042 since_improve=21
t_final=87470ms tc_reduced=47.4042 tc_full=47.5405 leaves=2203
surgery summary: calls=114 cheaper_cuts=114 rebuild_accepts=2 waist_min_hits=0
