t=152ms tc=51.9301 (rung cap=inf / full VE)
t_peel=6ms cap=6 peeled=1146/2124 residual=978
t_peel=7ms cap=10 peeled=1589/2124 residual=535
t_peel=10ms cap=16 peeled=1852/2124 residual=272
t_peel=14ms cap=26 peeled=1954/2124 residual=170
t_peel=24ms cap=42 peeled=2055/2124 residual=69
n=2124 n_labels=1062 floor=49.0123 ve=51.9301 best=49.0123 | probe w0=6.0 best_frac=0.032 useful=true caps_residual=[(6, 978), (10, 535), (16, 272), (26, 170), (42, 69)] | t=410ms
t=2045ms tc=32.0941 (residual niters=8 k=1415)
t=5311ms tc=26.1971 (residual niters=16 k=1415)
t=11586ms tc=25.7705 (residual niters=32 k=1415)
residual_rounds=3
t=11587ms rung 1/3 cap=4.8 residual=1415 rtc=25.7705
residual_rounds=5
t=23707ms rung 2/3 cap=6.0 residual=978 rtc=26.8942
residual_rounds=5
t=35859ms rung 3/3 cap=7.5 residual=745 rtc=26.7735
t=46785ms tc=25.7396 (residual niters=32 k=1415)
residual_rounds=6
full_treesa_rounds=3
t_final=84254ms tc_final=25.7396 source=residual residual_won=true
