probe: instance=uai_linkage_13 n_orig=2124 n=513 fusible=0.7585 nlabels=470 t=11ms
seed_greedy tc=39.7766 t=515ms
t=590ms iter=1 WAIST cost=26.0000 best_alt=19.0000 gap=7.0000 tried=5 sep_labels=19 clique_frac=0.04
t=745ms iter=1 REBUILD reject new_tc=29.7135 (was 27.3321)
t=923ms iter=1 incumb=27.3321 ratchet=26.2022 best=26.1990 since_improve=0
t=934ms iter=2 WAIST cost=22.0000 best_alt=19.0000 gap=3.0000 tried=5 sep_labels=19 clique_frac=0.01
t=1071ms iter=2 REBUILD reject new_tc=39.2694 (was 26.2022)
t=1170ms iter=2 incumb=26.2022 ratchet=26.4028 best=26.1990 since_improve=1
t=1180ms iter=3 WAIST cost=22.0000 best_alt=20.0000 gap=2.0000 tried=5 sep_labels=20 clique_frac=0.01
t=1314ms iter=3 REBUILD reject new_tc=27.5078 (was 26.2022)
t=1492ms iter=3 incumb=26.2022 ratchet=26.1471 best=26.1471 since_improve=0
t=1506ms iter=4 WAIST cost=23.0000 best_alt=19.0000 gap=4.0000 tried=5 sep_labels=19 clique_frac=0.01
t=1642ms iter=4 REBUILD reject new_tc=26.7405 (was 26.1471)
t=1825ms iter=4 incumb=26.1471 ratchet=25.9244 best=25.9244 since_improve=0
t=1835ms iter=5 WAIST cost=21.0000 best_alt=17.0000 gap=4.0000 tried=5 sep_labels=17 clique_frac=0.00
t=1998ms iter=5 REBUILD reject new_tc=29.0124 (was 25.9244)
t=2100ms iter=5 incumb=25.9244 ratchet=25.9773 best=25.9244 since_improve=1
t=2109ms iter=6 WAIST cost=21.0000 best_alt=17.0000 gap=4.0000 tried=5 sep_labels=17 clique_frac=0.00
t=2273ms iter=6 REBUILD reject new_tc=28.3439 (was 25.9244)
t=2372ms iter=6 incumb=25.9244 ratchet=25.9800 best=25.9244 since_improve=2
t=2387ms iter=7 WAIST cost=21.0000 best_alt=17.0000 gap=4.0000 tried=5 sep_labels=17 clique_frac=0.00
t=2550ms iter=7 REBUILD reject new_tc=30.9229 (was 25.9244)
t=2647ms iter=7 incumb=25.9244 ratchet=26.3636 best=25.9244 since_improve=3
t=2655ms iter=8 WAIST cost=21.0000 best_alt=17.0000 gap=4.0000 tried=5 sep_labels=17 clique_frac=0.00
t=2819ms iter=8 REBUILD reject new_tc=32.0116 (was 25.9244)
t=3000ms iter=8 incumb=25.9244 ratchet=25.8392 best=25.8349 since_improve=0
t=3006ms iter=9 WAIST cost=22.0000 best_alt=16.0000 gap=6.0000 tried=5 sep_labels=16 clique_frac=0.00
t=3171ms iter=9 REBUILD reject new_tc=25.9036 (was 25.8392)
t=3354ms iter=9 incumb=25.8392 ratchet=25.7494 best=25.7494 since_improve=0
t=3360ms iter=10 WAIST cost=20.0000 best_alt=17.0000 gap=3.0000 tried=5 sep_labels=17 clique_frac=0.00
t=3521ms iter=10 REBUILD reject new_tc=36.5062 (was 25.7494)
t=3619ms iter=10 incumb=25.7494 ratchet=25.7847 best=25.7494 since_improve=1
t=3626ms iter=11 WAIST cost=20.0000 best_alt=17.0000 gap=3.0000 tried=5 sep_labels=17 clique_frac=0.00
t=3789ms iter=11 REBUILD reject new_tc=29.5891 (was 25.7494)
t=3884ms iter=11 incumb=25.7494 ratchet=25.8743 best=25.7494 since_improve=2
t=3891ms iter=12 WAIST cost=20.0000 best_alt=17.0000 gap=3.0000 tried=5 sep_labels=17 clique_frac=0.00
t=4056ms iter=12 REBUILD reject new_tc=33.0647 (was 25.7494)
t=4155ms iter=12 incumb=25.7494 ratchet=25.8310 best=25.7494 since_improve=3
t=4162ms iter=13 WAIST cost=20.0000 best_alt=17.0000 gap=3.0000 tried=5 sep_labels=17 clique_frac=0.00
t=4326ms iter=13 REBUILD reject new_tc=36.5973 (was 25.7494)
t=4423ms iter=13 incumb=25.7494 ratchet=25.9171 best=25.7494 since_improve=4
t=4429ms iter=14 WAIST cost=20.0000 best_alt=17.0000 gap=3.0000 tried=5 sep_labels=17 clique_frac=0.00
t=4594ms iter=14 REBUILD reject new_tc=32.5946 (was 25.7494)
t=4692ms iter=14 incumb=25.7494 ratchet=25.8818 best=25.7494 since_improve=5
t=4700ms iter=15 WAIST cost=20.0000 best_alt=17.0000 gap=3.0000 tried=5 sep_labels=17 clique_frac=0.00
t=4863ms iter=15 REBUILD reject new_tc=29.5402 (was 25.7494)
t=4957ms iter=15 incumb=25.7494 ratchet=25.9415 best=25.7494 since_improve=6
t=4963ms iter=16 WAIST cost=20.0000 best_alt=17.0000 gap=3.0000 tried=5 sep_labels=17 clique_frac=0.00
t=5130ms iter=16 REBUILD reject new_tc=26.0076 (was 25.7494)
t=5227ms iter=16 incumb=25.7494 ratchet=25.9056 best=25.7494 since_improve=7
t=5232ms iter=17 WAIST cost=20.0000 best_alt=17.0000 gap=3.0000 tried=5 sep_labels=17 clique_frac=0.00
t=5392ms iter=17 REBUILD reject new_tc=39.9057 (was 25.7494)
t=5492ms iter=17 incumb=25.7494 ratchet=25.8603 best=25.7494 since_improve=8
t=5498ms iter=18 WAIST cost=20.0000 best_alt=17.0000 gap=3.0000 tried=5 sep_labels=17 clique_frac=0.00
t=5663ms iter=18 REBUILD reject new_tc=26.4469 (was 25.7494)
t=5762ms iter=18 incumb=25.7494 ratchet=25.7867 best=25.7494 since_improve=9
t=5769ms iter=19 WAIST cost=20.0000 best_alt=17.0000 gap=3.0000 tried=5 sep_labels=17 clique_frac=0.00
t=5933ms iter=19 REBUILD reject new_tc=25.9014 (was 25.7494)
t=6033ms iter=19 incumb=25.7494 ratchet=25.7942 best=25.7494 since_improve=10
t=6041ms iter=20 WAIST cost=20.0000 best_alt=17.0000 gap=3.0000 tried=5 sep_labels=17 clique_frac=0.00
t=6203ms iter=20 REBUILD reject new_tc=26.0993 (was 25.7494)
t=6303ms iter=20 incumb=25.7494 ratchet=25.8836 best=25.7494 since_improve=11
t=6309ms iter=21 WAIST cost=20.0000 best_alt=17.0000 gap=3.0000 tried=5 sep_labels=17 clique_frac=0.00
t=6475ms iter=21 REBUILD reject new_tc=26.0278 (was 25.7494)
t=6574ms iter=21 incumb=25.7494 ratchet=25.8274 best=25.7494 since_improve=12
t=6580ms iter=22 WAIST cost=20.0000 best_alt=17.0000 gap=3.0000 tried=5 sep_labels=17 clique_frac=0.00
t=6745ms iter=22 REBUILD reject new_tc=27.0881 (was 25.7494)
t=6846ms iter=22 incumb=25.7494 ratchet=25.7730 best=25.7494 since_improve=13
t=6851ms iter=23 WAIST cost=20.0000 best_alt=17.0000 gap=3.0000 tried=5 sep_labels=17 clique_frac=0.00
t=7019ms iter=23 REBUILD reject new_tc=27.8696 (was 25.7494)
t=7116ms iter=23 incumb=25.7494 ratchet=25.8321 best=25.7494 since_improve=14
t=7123ms iter=24 WAIST cost=20.0000 best_alt=17.0000 gap=3.0000 tried=5 sep_labels=17 clique_frac=0.00
t=7288ms iter=24 REBUILD reject new_tc=26.4856 (was 25.7494)
t=7384ms iter=24 incumb=25.7494 ratchet=25.7824 best=25.7494 since_improve=15
t=7390ms iter=25 WAIST cost=20.0000 best_alt=17.0000 gap=3.0000 tried=5 sep_labels=17 clique_frac=0.00
t=7555ms iter=25 REBUILD reject new_tc=25.9471 (was 25.7494)
t=7657ms iter=25 incumb=25.7494 ratchet=25.8536 best=25.7494 since_improve=16
t=7662ms iter=26 WAIST cost=20.0000 best_alt=16.0000 gap=4.0000 tried=5 sep_labels=16 clique_frac=0.00
t=7823ms iter=26 REBUILD reject new_tc=28.3750 (was 25.7494)
t=7922ms iter=26 incumb=25.7494 ratchet=25.8230 best=25.7494 since_improve=17
t=7929ms iter=27 WAIST cost=20.0000 best_alt=17.0000 gap=3.0000 tried=5 sep_labels=17 clique_frac=0.00
t=8095ms iter=27 REBUILD reject new_tc=26.8212 (was 25.7494)
t=8195ms iter=27 incumb=25.7494 ratchet=25.8451 best=25.7494 since_improve=18
t=8202ms iter=28 WAIST cost=20.0000 best_alt=17.0000 gap=3.0000 tried=5 sep_labels=17 clique_frac=0.00
t=8365ms iter=28 REBUILD reject new_tc=30.1905 (was 25.7494)
t=8466ms iter=28 incumb=25.7494 ratchet=25.8079 best=25.7494 since_improve=19
t=8472ms iter=29 WAIST cost=20.0000 best_alt=17.0000 gap=3.0000 tried=5 sep_labels=17 clique_frac=0.00
t=8636ms iter=29 REBUILD reject new_tc=34.4819 (was 25.7494)
t=8736ms iter=29 incumb=25.7494 ratchet=25.8189 best=25.7494 since_improve=20
t=8741ms iter=30 WAIST cost=20.0000 best_alt=17.0000 gap=3.0000 tried=5 sep_labels=17 clique_frac=0.00
t=8904ms iter=30 REBUILD reject new_tc=26.9754 (was 25.7494)
t=9004ms iter=30 incumb=25.7494 ratchet=25.8040 best=25.7494 since_improve=21
t=9011ms iter=31 WAIST cost=20.0000 best_alt=17.0000 gap=3.0000 tried=5 sep_labels=17 clique_frac=0.00
t=9170ms iter=31 REBUILD reject new_tc=26.1186 (was 25.7494)
t=9268ms iter=31 incumb=25.7494 ratchet=25.8342 best=25.7494 since_improve=22
t=9275ms iter=32 WAIST cost=20.0000 best_alt=17.0000 gap=3.0000 tried=5 sep_labels=17 clique_frac=0.00
t=9438ms iter=32 REBUILD reject new_tc=33.3820 (was 25.7494)
t=9536ms iter=32 incumb=25.7494 ratchet=25.8500 best=25.7494 since_improve=23
t=9542ms iter=33 WAIST cost=20.0000 best_alt=17.0000 gap=3.0000 tried=5 sep_labels=17 clique_frac=0.00
t=9705ms iter=33 REBUILD reject new_tc=27.7002 (was 25.7494)
t=9804ms iter=33 incumb=25.7494 ratchet=26.0036 best=25.7494 since_improve=24
t=9810ms iter=34 WAIST cost=20.0000 best_alt=17.0000 gap=3.0000 tried=5 sep_labels=17 clique_frac=0.00
t=9973ms iter=34 REBUILD reject new_tc=26.1429 (was 25.7494)
t=10072ms iter=34 incumb=25.7494 ratchet=25.9028 best=25.7494 since_improve=25
t=10078ms iter=35 WAIST cost=20.0000 best_alt=17.0000 gap=3.0000 tried=5 sep_labels=17 clique_frac=0.00
t=10242ms iter=35 REBUILD reject new_tc=31.0854 (was 25.7494)
t=10343ms iter=35 incumb=25.7494 ratchet=25.8357 best=25.7494 since_improve=26
t=10350ms iter=36 WAIST cost=20.0000 best_alt=17.0000 gap=3.0000 tried=5 sep_labels=17 clique_frac=0.00
t=10514ms iter=36 REBUILD reject new_tc=28.0355 (was 25.7494)
t=10615ms iter=36 incumb=25.7494 ratchet=25.8488 best=25.7494 since_improve=27
t=10622ms iter=37 WAIST cost=20.0000 best_alt=17.0000 gap=3.0000 tried=5 sep_labels=17 clique_frac=0.00
t=10784ms iter=37 REBUILD reject new_tc=28.6625 (was 25.7494)
t=10885ms iter=37 incumb=25.7494 ratchet=25.8759 best=25.7494 since_improve=28
t=10893ms iter=38 WAIST cost=20.0000 best_alt=17.0000 gap=3.0000 tried=5 sep_labels=17 clique_frac=0.00
t=11059ms iter=38 REBUILD reject new_tc=26.2589 (was 25.7494)
t=11160ms iter=38 incumb=25.7494 ratchet=26.0626 best=25.7494 since_improve=29
t=11167ms iter=39 WAIST cost=20.0000 best_alt=17.0000 gap=3.0000 tried=5 sep_labels=17 clique_frac=0.00
t=11329ms iter=39 REBUILD reject new_tc=32.7839 (was 25.7494)
t=11428ms iter=39 incumb=25.7494 ratchet=25.8602 best=25.7494 since_improve=30
t=11435ms iter=40 WAIST cost=20.0000 best_alt=17.0000 gap=3.0000 tried=5 sep_labels=17 clique_frac=0.00
t=11600ms iter=40 REBUILD reject new_tc=29.1617 (was 25.7494)
t=11701ms iter=40 incumb=25.7494 ratchet=25.8338 best=25.7494 since_improve=31
t=11706ms iter=41 WAIST cost=20.0000 best_alt=17.0000 gap=3.0000 tried=5 sep_labels=17 clique_frac=0.00
t=11874ms iter=41 REBUILD reject new_tc=28.8751 (was 25.7494)
t=11970ms iter=41 incumb=25.7494 ratchet=25.8524 best=25.7494 since_improve=32
t=11976ms iter=42 WAIST cost=20.0000 best_alt=17.0000 gap=3.0000 tried=5 sep_labels=17 clique_frac=0.00
t=12144ms iter=42 REBUILD reject new_tc=27.0153 (was 25.7494)
t=12242ms iter=42 incumb=25.7494 ratchet=26.4536 best=25.7494 since_improve=33
t=12248ms iter=43 WAIST cost=20.0000 best_alt=17.0000 gap=3.0000 tried=5 sep_labels=17 clique_frac=0.00
t=12410ms iter=43 REBUILD reject new_tc=27.2225 (was 25.7494)
t=12509ms iter=43 incumb=25.7494 ratchet=25.8470 best=25.7494 since_improve=34
t=12516ms iter=44 WAIST cost=20.0000 best_alt=17.0000 gap=3.0000 tried=5 sep_labels=17 clique_frac=0.00
t=12678ms iter=44 REBUILD reject new_tc=30.6502 (was 25.7494)
t=12774ms iter=44 incumb=25.7494 ratchet=25.9650 best=25.7494 since_improve=35
t=12781ms iter=45 WAIST cost=20.0000 best_alt=17.0000 gap=3.0000 tried=5 sep_labels=17 clique_frac=0.00
t=12945ms iter=45 REBUILD reject new_tc=26.1279 (was 25.7494)
t=13045ms iter=45 incumb=25.7494 ratchet=25.8303 best=25.7494 since_improve=36
t=13051ms iter=46 WAIST cost=20.0000 best_alt=17.0000 gap=3.0000 tried=5 sep_labels=17 clique_frac=0.00
t=13213ms iter=46 REBUILD reject new_tc=30.7555 (was 25.7494)
t=13311ms iter=46 incumb=25.7494 ratchet=25.8284 best=25.7494 since_improve=37
t=13317ms iter=47 WAIST cost=20.0000 best_alt=17.0000 gap=3.0000 tried=5 sep_labels=17 clique_frac=0.00
t=13482ms iter=47 REBUILD reject new_tc=26.3873 (was 25.7494)
t=13584ms iter=47 incumb=25.7494 ratchet=25.8168 best=25.7494 since_improve=38
t=13590ms iter=48 WAIST cost=20.0000 best_alt=17.0000 gap=3.0000 tried=5 sep_labels=17 clique_frac=0.00
t=13758ms iter=48 REBUILD reject new_tc=26.3670 (was 25.7494)
t=13904ms iter=48 incumb=25.7494 ratchet=25.8107 best=25.7494 since_improve=39
t=13910ms iter=49 WAIST cost=20.0000 best_alt=17.0000 gap=3.0000 tried=5 sep_labels=17 clique_frac=0.00
t=14075ms iter=49 REBUILD reject new_tc=27.0518 (was 25.7494)
t=14178ms iter=49 incumb=25.7494 ratchet=25.7495 best=25.7494 since_improve=40
t=14185ms iter=50 WAIST cost=20.0000 best_alt=17.0000 gap=3.0000 tried=5 sep_labels=17 clique_frac=0.00
t=14348ms iter=50 REBUILD reject new_tc=32.9894 (was 25.7494)
t=14449ms iter=50 incumb=25.7494 ratchet=25.7991 best=25.7494 since_improve=41
t=14456ms iter=51 WAIST cost=20.0000 best_alt=17.0000 gap=3.0000 tried=5 sep_labels=17 clique_frac=0.00
t=14621ms iter=51 REBUILD reject new_tc=27.4135 (was 25.7494)
t=14716ms iter=51 incumb=25.7494 ratchet=25.8215 best=25.7494 since_improve=42
t=14722ms iter=52 WAIST cost=20.0000 best_alt=17.0000 gap=3.0000 tried=5 sep_labels=17 clique_frac=0.00
t=14887ms iter=52 REBUILD reject new_tc=26.1322 (was 25.7494)
t=14987ms iter=52 incumb=25.7494 ratchet=25.8230 best=25.7494 since_improve=43
t=14993ms iter=53 WAIST cost=20.0000 best_alt=17.0000 gap=3.0000 tried=5 sep_labels=17 clique_frac=0.00
t=15155ms iter=53 REBUILD reject new_tc=29.7619 (was 25.7494)
t=15255ms iter=53 incumb=25.7494 ratchet=25.8338 best=25.7494 since_improve=44
t=15263ms iter=54 WAIST cost=20.0000 best_alt=17.0000 gap=3.0000 tried=5 sep_labels=17 clique_frac=0.00
t=15426ms iter=54 REBUILD reject new_tc=26.1987 (was 25.7494)
t=15527ms iter=54 incumb=25.7494 ratchet=25.8293 best=25.7494 since_improve=45
t=15533ms iter=55 WAIST cost=20.0000 best_alt=17.0000 gap=3.0000 tried=5 sep_labels=17 clique_frac=0.00
t=15696ms iter=55 REBUILD reject new_tc=25.9544 (was 25.7494)
t=15794ms iter=55 incumb=25.7494 ratchet=25.7983 best=25.7494 since_improve=46
t=15800ms iter=56 WAIST cost=20.0000 best_alt=17.0000 gap=3.0000 tried=5 sep_labels=17 clique_frac=0.00
t=15962ms iter=56 REBUILD reject new_tc=32.1304 (was 25.7494)
t=16059ms iter=56 incumb=25.7494 ratchet=25.7914 best=25.7494 since_improve=47
t=16065ms iter=57 WAIST cost=20.0000 best_alt=17.0000 gap=3.0000 tried=5 sep_labels=17 clique_frac=0.00
t=16231ms iter=57 REBUILD reject new_tc=26.2176 (was 25.7494)
t=16332ms iter=57 incumb=25.7494 ratchet=25.8118 best=25.7494 since_improve=48
t=16339ms iter=58 WAIST cost=20.0000 best_alt=17.0000 gap=3.0000 tried=5 sep_labels=17 clique_frac=0.00
t=16503ms iter=58 REBUILD reject new_tc=31.1416 (was 25.7494)
t=16602ms iter=58 incumb=25.7494 ratchet=25.8386 best=25.7494 since_improve=49
t=16609ms iter=59 WAIST cost=20.0000 best_alt=17.0000 gap=3.0000 tried=5 sep_labels=17 clique_frac=0.00
t=16771ms iter=59 REBUILD reject new_tc=26.0190 (was 25.7494)
t=16871ms iter=59 incumb=25.7494 ratchet=26.0622 best=25.7494 since_improve=50
t=16877ms iter=60 WAIST cost=20.0000 best_alt=17.0000 gap=3.0000 tried=5 sep_labels=17 clique_frac=0.00
t=17040ms iter=60 REBUILD reject new_tc=29.3477 (was 25.7494)
t=17140ms iter=60 incumb=25.7494 ratchet=25.7961 best=25.7494 since_improve=51
t=17146ms iter=61 WAIST cost=20.0000 best_alt=17.0000 gap=3.0000 tried=5 sep_labels=17 clique_frac=0.00
t=17310ms iter=61 REBUILD reject new_tc=29.4349 (was 25.7494)
t=17412ms iter=61 incumb=25.7494 ratchet=25.9543 best=25.7494 since_improve=52
t=17418ms iter=62 WAIST cost=20.0000 best_alt=17.0000 gap=3.0000 tried=5 sep_labels=17 clique_frac=0.00
t=17582ms iter=62 REBUILD reject new_tc=26.4846 (was 25.7494)
t=17681ms iter=62 incumb=25.7494 ratchet=25.8591 best=25.7494 since_improve=53
t=17689ms iter=63 WAIST cost=20.0000 best_alt=17.0000 gap=3.0000 tried=5 sep_labels=17 clique_frac=0.00
t=17851ms iter=63 REBUILD reject new_tc=37.8188 (was 25.7494)
t=18048ms iter=63 incumb=25.7494 ratchet=25.7594 best=25.7447 since_improve=54
t=18055ms iter=64 WAIST cost=20.0000 best_alt=17.0000 gap=3.0000 tried=5 sep_labels=17 clique_frac=0.00
t=18222ms iter=64 REBUILD reject new_tc=25.9703 (was 25.7494)
t=18323ms iter=64 incumb=25.7494 ratchet=25.8354 best=25.7447 since_improve=55
t=18331ms iter=65 WAIST cost=20.0000 best_alt=17.0000 gap=3.0000 tried=5 sep_labels=17 clique_frac=0.00
t=18495ms iter=65 REBUILD reject new_tc=26.5609 (was 25.7494)
t=18597ms iter=65 incumb=25.7494 ratchet=25.8216 best=25.7447 since_improve=56
t=18603ms iter=66 WAIST cost=20.0000 best_alt=17.0000 gap=3.0000 tried=5 sep_labels=17 clique_frac=0.00
t=18768ms iter=66 REBUILD reject new_tc=31.6565 (was 25.7494)
t=18866ms iter=66 incumb=25.7494 ratchet=25.8626 best=25.7447 since_improve=57
t=18872ms iter=67 WAIST cost=20.0000 best_alt=17.0000 gap=3.0000 tried=5 sep_labels=17 clique_frac=0.00
t=19035ms iter=67 REBUILD reject new_tc=26.1843 (was 25.7494)
t=19167ms iter=67 incumb=25.7494 ratchet=25.8020 best=25.7447 since_improve=58
t=19175ms iter=68 WAIST cost=20.0000 best_alt=17.0000 gap=3.0000 tried=5 sep_labels=17 clique_frac=0.00
t=19337ms iter=68 REBUILD reject new_tc=26.7177 (was 25.7494)
t=19437ms iter=68 incumb=25.7494 ratchet=25.8153 best=25.7447 since_improve=59
t=19443ms iter=69 WAIST cost=20.0000 best_alt=17.0000 gap=3.0000 tried=5 sep_labels=17 clique_frac=0.00
t=19605ms iter=69 REBUILD reject new_tc=29.5979 (was 25.7494)
t=19732ms iter=69 incumb=25.7494 ratchet=25.8279 best=25.7447 since_improve=60
t=19740ms iter=70 WAIST cost=20.0000 best_alt=17.0000 gap=3.0000 tried=5 sep_labels=17 clique_frac=0.00
t=19915ms iter=70 REBUILD reject new_tc=26.3078 (was 25.7494)
t=20018ms iter=70 incumb=25.7494 ratchet=25.8736 best=25.7447 since_improve=61
t=20024ms iter=71 WAIST cost=20.0000 best_alt=17.0000 gap=3.0000 tried=5 sep_labels=17 clique_frac=0.00
t=20295ms iter=71 REBUILD reject new_tc=25.9088 (was 25.7494)
t=20482ms iter=71 incumb=25.7494 ratchet=25.9001 best=25.7447 since_improve=62
t=20495ms iter=72 WAIST cost=20.0000 best_alt=17.0000 gap=3.0000 tried=5 sep_labels=17 clique_frac=0.00
t=20831ms iter=72 REBUILD reject new_tc=26.1661 (was 25.7494)
t=21040ms iter=72 incumb=25.7494 ratchet=25.7586 best=25.7447 since_improve=63
t=21054ms iter=73 WAIST cost=20.0000 best_alt=17.0000 gap=3.0000 tried=5 sep_labels=17 clique_frac=0.00
t=21389ms iter=73 REBUILD reject new_tc=26.2556 (was 25.7494)
t=21595ms iter=73 incumb=25.7494 ratchet=25.8372 best=25.7447 since_improve=64
t=21607ms iter=74 WAIST cost=20.0000 best_alt=17.0000 gap=3.0000 tried=5 sep_labels=17 clique_frac=0.00
t=21775ms iter=74 REBUILD reject new_tc=40.1539 (was 25.7494)
t=21949ms iter=74 incumb=25.7494 ratchet=25.7548 best=25.7419 since_improve=65
t=21955ms iter=75 WAIST cost=20.0000 best_alt=17.0000 gap=3.0000 tried=5 sep_labels=17 clique_frac=0.00
t=22116ms iter=75 REBUILD reject new_tc=26.1428 (was 25.7494)
t=22212ms iter=75 incumb=25.7494 ratchet=25.8307 best=25.7419 since_improve=66
t=22219ms iter=76 WAIST cost=20.0000 best_alt=17.0000 gap=3.0000 tried=5 sep_labels=17 clique_frac=0.00
t=22401ms iter=76 REBUILD reject new_tc=25.9509 (was 25.7494)
t=22580ms iter=76 incumb=25.7494 ratchet=25.8248 best=25.7419 since_improve=67
t=22585ms iter=77 WAIST cost=20.0000 best_alt=17.0000 gap=3.0000 tried=5 sep_labels=17 clique_frac=0.00
t=22745ms iter=77 REBUILD reject new_tc=26.4083 (was 25.7494)
t=22839ms iter=77 incumb=25.7494 ratchet=25.8983 best=25.7419 since_improve=68
t=22845ms iter=78 WAIST cost=20.0000 best_alt=17.0000 gap=3.0000 tried=5 sep_labels=17 clique_frac=0.00
t=22998ms iter=78 REBUILD reject new_tc=29.3506 (was 25.7494)
t=23095ms iter=78 incumb=25.7494 ratchet=25.7923 best=25.7419 since_improve=69
t=23104ms iter=79 WAIST cost=20.0000 best_alt=17.0000 gap=3.0000 tried=5 sep_labels=17 clique_frac=0.00
t=23270ms iter=79 REBUILD reject new_tc=27.0583 (was 25.7494)
t=23367ms iter=79 incumb=25.7494 ratchet=25.7959 best=25.7419 since_improve=70
t=23372ms iter=80 WAIST cost=20.0000 best_alt=17.0000 gap=3.0000 tried=5 sep_labels=17 clique_frac=0.00
t=23530ms iter=80 REBUILD reject new_tc=26.5869 (was 25.7494)
t=23622ms iter=80 incumb=25.7494 ratchet=25.8481 best=25.7419 since_improve=71
t=23629ms iter=81 WAIST cost=20.0000 best_alt=17.0000 gap=3.0000 tried=5 sep_labels=17 clique_frac=0.00
t=23786ms iter=81 REBUILD reject new_tc=29.3427 (was 25.7494)
t=23881ms iter=81 incumb=25.7494 ratchet=25.7935 best=25.7419 since_improve=72
t=23888ms iter=82 WAIST cost=20.0000 best_alt=17.0000 gap=3.0000 tried=5 sep_labels=17 clique_frac=0.00
t=24047ms iter=82 REBUILD reject new_tc=26.5570 (was 25.7494)
t=24143ms iter=82 incumb=25.7494 ratchet=25.9046 best=25.7419 since_improve=73
t=24149ms iter=83 WAIST cost=20.0000 best_alt=17.0000 gap=3.0000 tried=5 sep_labels=17 clique_frac=0.00
t=24308ms iter=83 REBUILD reject new_tc=28.6787 (was 25.7494)
t=24402ms iter=83 incumb=25.7494 ratchet=26.1562 best=25.7419 since_improve=74
t=24408ms iter=84 WAIST cost=20.0000 best_alt=17.0000 gap=3.0000 tried=5 sep_labels=17 clique_frac=0.00
t=24570ms iter=84 REBUILD reject new_tc=25.8507 (was 25.7494)
t=24667ms iter=84 incumb=25.7494 ratchet=25.8331 best=25.7419 since_improve=75
t=24673ms iter=85 WAIST cost=20.0000 best_alt=17.0000 gap=3.0000 tried=5 sep_labels=17 clique_frac=0.00
t=24828ms iter=85 REBUILD reject new_tc=26.2995 (was 25.7494)
t=24923ms iter=85 incumb=25.7494 ratchet=25.7840 best=25.7419 since_improve=76
t=24930ms iter=86 WAIST cost=20.0000 best_alt=17.0000 gap=3.0000 tried=5 sep_labels=17 clique_frac=0.00
t=25090ms iter=86 REBUILD reject new_tc=26.1394 (was 25.7494)
t=25186ms iter=86 incumb=25.7494 ratchet=25.8217 best=25.7419 since_improve=77
t=25192ms iter=87 WAIST cost=20.0000 best_alt=16.0000 gap=4.0000 tried=5 sep_labels=16 clique_frac=0.00
t=25350ms iter=87 REBUILD reject new_tc=27.2052 (was 25.7494)
t=25443ms iter=87 incumb=25.7494 ratchet=25.9000 best=25.7419 since_improve=78
t=25449ms iter=88 WAIST cost=20.0000 best_alt=17.0000 gap=3.0000 tried=5 sep_labels=17 clique_frac=0.00
t=25608ms iter=88 REBUILD reject new_tc=26.0649 (was 25.7494)
t=25701ms iter=88 incumb=25.7494 ratchet=25.8992 best=25.7419 since_improve=79
t=25707ms iter=89 WAIST cost=20.0000 best_alt=17.0000 gap=3.0000 tried=5 sep_labels=17 clique_frac=0.00
t=25863ms iter=89 REBUILD reject new_tc=29.3505 (was 25.7494)
t=25961ms iter=89 incumb=25.7494 ratchet=25.8993 best=25.7419 since_improve=80
t=25968ms iter=90 WAIST cost=20.0000 best_alt=17.0000 gap=3.0000 tried=5 sep_labels=17 clique_frac=0.00
t=26119ms iter=90 REBUILD reject new_tc=28.5654 (was 25.7494)
t=26212ms iter=90 incumb=25.7494 ratchet=25.7879 best=25.7419 since_improve=81
t=26218ms iter=91 WAIST cost=20.0000 best_alt=17.0000 gap=3.0000 tried=5 sep_labels=17 clique_frac=0.00
t=26381ms iter=91 REBUILD reject new_tc=26.1845 (was 25.7494)
t=26476ms iter=91 incumb=25.7494 ratchet=25.7843 best=25.7419 since_improve=82
t=26482ms iter=92 WAIST cost=20.0000 best_alt=17.0000 gap=3.0000 tried=5 sep_labels=17 clique_frac=0.00
t=26649ms iter=92 REBUILD reject new_tc=28.7927 (was 25.7494)
t=26744ms iter=92 incumb=25.7494 ratchet=25.8209 best=25.7419 since_improve=83
t=26752ms iter=93 WAIST cost=20.0000 best_alt=17.0000 gap=3.0000 tried=5 sep_labels=17 clique_frac=0.00
t=26909ms iter=93 REBUILD reject new_tc=39.4427 (was 25.7494)
t=27005ms iter=93 incumb=25.7494 ratchet=25.8339 best=25.7419 since_improve=84
t=27012ms iter=94 WAIST cost=20.0000 best_alt=17.0000 gap=3.0000 tried=5 sep_labels=17 clique_frac=0.00
t=27169ms iter=94 REBUILD reject new_tc=28.5232 (was 25.7494)
t=27267ms iter=94 incumb=25.7494 ratchet=25.8868 best=25.7419 since_improve=85
t=27274ms iter=95 WAIST cost=20.0000 best_alt=17.0000 gap=3.0000 tried=5 sep_labels=17 clique_frac=0.00
t=27431ms iter=95 REBUILD reject new_tc=25.9953 (was 25.7494)
t=27521ms iter=95 incumb=25.7494 ratchet=25.8008 best=25.7419 since_improve=86
t=27526ms iter=96 WAIST cost=20.0000 best_alt=17.0000 gap=3.0000 tried=5 sep_labels=17 clique_frac=0.00
t=27684ms iter=96 REBUILD reject new_tc=29.3454 (was 25.7494)
t=27778ms iter=96 incumb=25.7494 ratchet=25.7804 best=25.7419 since_improve=87
t=27784ms iter=97 WAIST cost=20.0000 best_alt=17.0000 gap=3.0000 tried=5 sep_labels=17 clique_frac=0.00
t=27942ms iter=97 REBUILD reject new_tc=27.9265 (was 25.7494)
t=28037ms iter=97 incumb=25.7494 ratchet=25.8642 best=25.7419 since_improve=88
t=28043ms iter=98 WAIST cost=20.0000 best_alt=17.0000 gap=3.0000 tried=5 sep_labels=17 clique_frac=0.00
t=28276ms iter=98 REBUILD reject new_tc=34.1238 (was 25.7494)
t=28389ms iter=98 incumb=25.7494 ratchet=25.7928 best=25.7419 since_improve=89
t=28396ms iter=99 WAIST cost=20.0000 best_alt=17.0000 gap=3.0000 tried=5 sep_labels=17 clique_frac=0.00
t=28566ms iter=99 REBUILD reject new_tc=26.1545 (was 25.7494)
t=28663ms iter=99 incumb=25.7494 ratchet=25.9314 best=25.7419 since_improve=90
t=28669ms iter=100 WAIST cost=20.0000 best_alt=16.0000 gap=4.0000 tried=5 sep_labels=16 clique_frac=0.00
t=28826ms iter=100 REBUILD reject new_tc=27.3765 (was 25.7494)
t=28918ms iter=100 incumb=25.7494 ratchet=25.9267 best=25.7419 since_improve=91
t=28924ms iter=101 WAIST cost=20.0000 best_alt=17.0000 gap=3.0000 tried=5 sep_labels=17 clique_frac=0.00
t=29081ms iter=101 REBUILD reject new_tc=26.4397 (was 25.7494)
t=29175ms iter=101 incumb=25.7494 ratchet=25.7861 best=25.7419 since_improve=92
t=29180ms iter=102 WAIST cost=20.0000 best_alt=17.0000 gap=3.0000 tried=5 sep_labels=17 clique_frac=0.00
t=29340ms iter=102 REBUILD reject new_tc=26.1232 (was 25.7494)
t=29433ms iter=102 incumb=25.7494 ratchet=25.7649 best=25.7419 since_improve=93
t=29440ms iter=103 WAIST cost=20.0000 best_alt=17.0000 gap=3.0000 tried=5 sep_labels=17 clique_frac=0.00
t=29595ms iter=103 REBUILD reject new_tc=32.7785 (was 25.7494)
t=29683ms iter=103 incumb=25.7494 ratchet=25.8122 best=25.7419 since_improve=94
t=29690ms iter=104 WAIST cost=20.0000 best_alt=17.0000 gap=3.0000 tried=5 sep_labels=17 clique_frac=0.00
t=29847ms iter=104 REBUILD reject new_tc=26.6236 (was 25.7494)
t=29942ms iter=104 incumb=25.7494 ratchet=25.8849 best=25.7419 since_improve=95
t=29949ms iter=105 WAIST cost=20.0000 best_alt=17.0000 gap=3.0000 tried=5 sep_labels=17 clique_frac=0.00
t=30104ms iter=105 REBUILD reject new_tc=30.0656 (was 25.7494)
t=30200ms iter=105 incumb=25.7494 ratchet=25.7988 best=25.7419 since_improve=96
t=30205ms iter=106 WAIST cost=20.0000 best_alt=17.0000 gap=3.0000 tried=5 sep_labels=17 clique_frac=0.00
t=30364ms iter=106 REBUILD reject new_tc=28.0446 (was 25.7494)
t=30458ms iter=106 incumb=25.7494 ratchet=25.9838 best=25.7419 since_improve=97
t=30464ms iter=107 WAIST cost=20.0000 best_alt=17.0000 gap=3.0000 tried=5 sep_labels=17 clique_frac=0.00
t=30624ms iter=107 REBUILD reject new_tc=26.4701 (was 25.7494)
t=30722ms iter=107 incumb=25.7494 ratchet=25.8028 best=25.7419 since_improve=98
t=30729ms iter=108 WAIST cost=20.0000 best_alt=16.0000 gap=4.0000 tried=5 sep_labels=16 clique_frac=0.00
t=30885ms iter=108 REBUILD reject new_tc=27.3614 (was 25.7494)
t=30980ms iter=108 incumb=25.7494 ratchet=25.9065 best=25.7419 since_improve=99
t=30986ms iter=109 WAIST cost=20.0000 best_alt=17.0000 gap=3.0000 tried=5 sep_labels=17 clique_frac=0.00
t=31144ms iter=109 REBUILD reject new_tc=26.6647 (was 25.7494)
t=31240ms iter=109 incumb=25.7494 ratchet=25.7804 best=25.7419 since_improve=100
t=31246ms iter=110 WAIST cost=20.0000 best_alt=17.0000 gap=3.0000 tried=5 sep_labels=17 clique_frac=0.00
t=31405ms iter=110 REBUILD reject new_tc=27.5610 (was 25.7494)
t=31501ms iter=110 incumb=25.7494 ratchet=25.8386 best=25.7419 since_improve=101
t=31508ms iter=111 WAIST cost=20.0000 best_alt=17.0000 gap=3.0000 tried=5 sep_labels=17 clique_frac=0.00
t=31665ms iter=111 REBUILD reject new_tc=26.8343 (was 25.7494)
t=31760ms iter=111 incumb=25.7494 ratchet=25.8911 best=25.7419 since_improve=102
t=31767ms iter=112 WAIST cost=20.0000 best_alt=17.0000 gap=3.0000 tried=5 sep_labels=17 clique_frac=0.00
t=31921ms iter=112 REBUILD reject new_tc=40.4610 (was 25.7494)
t=32014ms iter=112 incumb=25.7494 ratchet=25.8018 best=25.7419 since_improve=103
t=32021ms iter=113 WAIST cost=20.0000 best_alt=17.0000 gap=3.0000 tried=5 sep_labels=17 clique_frac=0.00
t=32179ms iter=113 REBUILD reject new_tc=27.9842 (was 25.7494)
t=32276ms iter=113 incumb=25.7494 ratchet=25.7726 best=25.7419 since_improve=104
t=32281ms iter=114 WAIST cost=20.0000 best_alt=17.0000 gap=3.0000 tried=5 sep_labels=17 clique_frac=0.00
t=32442ms iter=114 REBUILD reject new_tc=27.3504 (was 25.7494)
t=32539ms iter=114 incumb=25.7494 ratchet=25.8314 best=25.7419 since_improve=105
t=32546ms iter=115 WAIST cost=20.0000 best_alt=17.0000 gap=3.0000 tried=5 sep_labels=17 clique_frac=0.00
t=32703ms iter=115 REBUILD reject new_tc=26.5221 (was 25.7494)
t=32859ms iter=115 incumb=25.7494 ratchet=25.8041 best=25.7419 since_improve=106
t=32869ms iter=116 WAIST cost=20.0000 best_alt=17.0000 gap=3.0000 tried=5 sep_labels=17 clique_frac=0.00
t=33055ms iter=116 REBUILD reject new_tc=30.1094 (was 25.7494)
t=33149ms iter=116 incumb=25.7494 ratchet=25.8720 best=25.7419 since_improve=107
t=33155ms iter=117 WAIST cost=20.0000 best_alt=17.0000 gap=3.0000 tried=5 sep_labels=17 clique_frac=0.00
t=33309ms iter=117 REBUILD reject new_tc=27.5610 (was 25.7494)
t=33407ms iter=117 incumb=25.7494 ratchet=25.9187 best=25.7419 since_improve=108
t=33413ms iter=118 WAIST cost=20.0000 best_alt=17.0000 gap=3.0000 tried=5 sep_labels=17 clique_frac=0.00
t=33573ms iter=118 REBUILD reject new_tc=26.1231 (was 25.7494)
t=33667ms iter=118 incumb=25.7494 ratchet=25.7740 best=25.7419 since_improve=109
t=33673ms iter=119 WAIST cost=20.0000 best_alt=17.0000 gap=3.0000 tried=5 sep_labels=17 clique_frac=0.00
t=33824ms iter=119 REBUILD reject new_tc=26.0112 (was 25.7494)
t=33921ms iter=119 incumb=25.7494 ratchet=25.8107 best=25.7419 since_improve=110
t=33927ms iter=120 WAIST cost=20.0000 best_alt=17.0000 gap=3.0000 tried=5 sep_labels=17 clique_frac=0.00
t=34086ms iter=120 REBUILD reject new_tc=26.4135 (was 25.7494)
t=34181ms iter=120 incumb=25.7494 ratchet=25.8748 best=25.7419 since_improve=111
t=34188ms iter=121 WAIST cost=20.0000 best_alt=17.0000 gap=3.0000 tried=5 sep_labels=17 clique_frac=0.00
t=34349ms iter=121 REBUILD reject new_tc=33.2001 (was 25.7494)
t=34444ms iter=121 incumb=25.7494 ratchet=25.8071 best=25.7419 since_improve=112
t=34450ms iter=122 WAIST cost=20.0000 best_alt=17.0000 gap=3.0000 tried=5 sep_labels=17 clique_frac=0.00
t=34610ms iter=122 REBUILD reject new_tc=25.8959 (was 25.7494)
t=34706ms iter=122 incumb=25.7494 ratchet=25.8685 best=25.7419 since_improve=113
t=34713ms iter=123 WAIST cost=20.0000 best_alt=17.0000 gap=3.0000 tried=5 sep_labels=17 clique_frac=0.00
t=34871ms iter=123 REBUILD reject new_tc=27.3597 (was 25.7494)
t=34965ms iter=123 incumb=25.7494 ratchet=25.7750 best=25.7419 since_improve=114
t=34971ms iter=124 WAIST cost=20.0000 best_alt=17.0000 gap=3.0000 tried=5 sep_labels=17 clique_frac=0.00
t=35129ms iter=124 REBUILD reject new_tc=29.5399 (was 25.7494)
t=35225ms iter=124 incumb=25.7494 ratchet=25.7453 best=25.7419 since_improve=0
t=35238ms iter=125 WAIST cost=21.0000 best_alt=18.0000 gap=3.0000 tried=5 sep_labels=18 clique_frac=0.01
t=35372ms iter=125 REBUILD reject new_tc=29.8043 (was 25.7453)
t=35469ms iter=125 incumb=25.7453 ratchet=25.8665 best=25.7419 since_improve=1
t=35484ms iter=126 WAIST cost=21.0000 best_alt=18.0000 gap=3.0000 tried=5 sep_labels=18 clique_frac=0.01
t=35612ms iter=126 REBUILD reject new_tc=31.5146 (was 25.7453)
t=35708ms iter=126 incumb=25.7453 ratchet=25.7960 best=25.7419 since_improve=2
t=35722ms iter=127 WAIST cost=21.0000 best_alt=18.0000 gap=3.0000 tried=5 sep_labels=18 clique_frac=0.01
t=35853ms iter=127 REBUILD reject new_tc=30.7545 (was 25.7453)
t=35948ms iter=127 incumb=25.7453 ratchet=25.7940 best=25.7419 since_improve=3
t=35966ms iter=128 WAIST cost=21.0000 best_alt=18.0000 gap=3.0000 tried=5 sep_labels=18 clique_frac=0.01
t=36102ms iter=128 REBUILD reject new_tc=34.2418 (was 25.7453)
t=36195ms iter=128 incumb=25.7453 ratchet=25.8642 best=25.7419 since_improve=4
t=36213ms iter=129 WAIST cost=21.0000 best_alt=18.0000 gap=3.0000 tried=5 sep_labels=18 clique_frac=0.01
t=36343ms iter=129 REBUILD reject new_tc=29.1784 (was 25.7453)
t=36437ms iter=129 incumb=25.7453 ratchet=25.8533 best=25.7419 since_improve=5
t=36452ms iter=130 WAIST cost=21.0000 best_alt=18.0000 gap=3.0000 tried=5 sep_labels=18 clique_frac=0.01
t=36582ms iter=130 REBUILD reject new_tc=37.2213 (was 25.7453)
t=36680ms iter=130 incumb=25.7453 ratchet=25.8735 best=25.7419 since_improve=6
t=36696ms iter=131 WAIST cost=21.0000 best_alt=18.0000 gap=3.0000 tried=5 sep_labels=18 clique_frac=0.01
t=36825ms iter=131 REBUILD reject new_tc=29.0547 (was 25.7453)
t=36923ms iter=131 incumb=25.7453 ratchet=26.0446 best=25.7419 since_improve=7
t=36936ms iter=132 WAIST cost=21.0000 best_alt=18.0000 gap=3.0000 tried=5 sep_labels=18 clique_frac=0.01
t=37069ms iter=132 REBUILD reject new_tc=26.5074 (was 25.7453)
t=37168ms iter=132 incumb=25.7453 ratchet=25.7795 best=25.7419 since_improve=8
t=37185ms iter=133 WAIST cost=21.0000 best_alt=18.0000 gap=3.0000 tried=5 sep_labels=18 clique_frac=0.01
t=37351ms iter=133 REBUILD reject new_tc=36.7139 (was 25.7453)
t=37447ms iter=133 incumb=25.7453 ratchet=25.8730 best=25.7419 since_improve=9
t=37461ms iter=134 WAIST cost=21.0000 best_alt=18.0000 gap=3.0000 tried=5 sep_labels=18 clique_frac=0.01
t=37593ms iter=134 REBUILD reject new_tc=28.6314 (was 25.7453)
t=37688ms iter=134 incumb=25.7453 ratchet=25.8157 best=25.7419 since_improve=10
t=37700ms iter=135 WAIST cost=21.0000 best_alt=18.0000 gap=3.0000 tried=5 sep_labels=18 clique_frac=0.01
t=37830ms iter=135 REBUILD reject new_tc=28.4383 (was 25.7453)
t=37923ms iter=135 incumb=25.7453 ratchet=25.9907 best=25.7419 since_improve=11
t=37939ms iter=136 WAIST cost=21.0000 best_alt=17.0000 gap=4.0000 tried=5 sep_labels=17 clique_frac=0.00
t=38062ms iter=136 REBUILD reject new_tc=34.5655 (was 25.7453)
t=38157ms iter=136 incumb=25.7453 ratchet=25.8252 best=25.7419 since_improve=12
t=38172ms iter=137 WAIST cost=21.0000 best_alt=18.0000 gap=3.0000 tried=5 sep_labels=18 clique_frac=0.01
t=38299ms iter=137 REBUILD reject new_tc=36.9329 (was 25.7453)
t=38395ms iter=137 incumb=25.7453 ratchet=25.7808 best=25.7419 since_improve=13
t=38415ms iter=138 WAIST cost=21.0000 best_alt=18.0000 gap=3.0000 tried=5 sep_labels=18 clique_frac=0.01
t=38543ms iter=138 REBUILD reject new_tc=36.8165 (was 25.7453)
t=38637ms iter=138 incumb=25.7453 ratchet=25.8843 best=25.7419 since_improve=14
t=38655ms iter=139 WAIST cost=21.0000 best_alt=18.0000 gap=3.0000 tried=5 sep_labels=18 clique_frac=0.01
t=38785ms iter=139 REBUILD reject new_tc=28.5161 (was 25.7453)
t=38881ms iter=139 incumb=25.7453 ratchet=25.8827 best=25.7419 since_improve=15
t=38898ms iter=140 WAIST cost=21.0000 best_alt=18.0000 gap=3.0000 tried=5 sep_labels=18 clique_frac=0.01
t=39027ms iter=140 REBUILD reject new_tc=31.3562 (was 25.7453)
t=39121ms iter=140 incumb=25.7453 ratchet=25.8312 best=25.7419 since_improve=16
t=39139ms iter=141 WAIST cost=21.0000 best_alt=18.0000 gap=3.0000 tried=5 sep_labels=18 clique_frac=0.01
t=39269ms iter=141 REBUILD reject new_tc=34.7906 (was 25.7453)
t=39363ms iter=141 incumb=25.7453 ratchet=25.9125 best=25.7419 since_improve=17
t=39378ms iter=142 WAIST cost=21.0000 best_alt=18.0000 gap=3.0000 tried=5 sep_labels=18 clique_frac=0.01
t=39513ms iter=142 REBUILD reject new_tc=29.6915 (was 25.7453)
t=39606ms iter=142 incumb=25.7453 ratchet=25.8777 best=25.7419 since_improve=18
t=39625ms iter=143 WAIST cost=21.0000 best_alt=18.0000 gap=3.0000 tried=5 sep_labels=18 clique_frac=0.01
t=39752ms iter=143 REBUILD reject new_tc=35.4430 (was 25.7453)
t=39849ms iter=143 incumb=25.7453 ratchet=25.8995 best=25.7419 since_improve=19
t=39866ms iter=144 WAIST cost=21.0000 best_alt=18.0000 gap=3.0000 tried=5 sep_labels=18 clique_frac=0.01
t=39999ms iter=144 REBUILD reject new_tc=31.1443 (was 25.7453)
t=40093ms iter=144 incumb=25.7453 ratchet=25.7973 best=25.7419 since_improve=20
t=40113ms iter=145 WAIST cost=21.0000 best_alt=18.0000 gap=3.0000 tried=5 sep_labels=18 clique_frac=0.01
t=40245ms iter=145 REBUILD reject new_tc=32.1459 (was 25.7453)
t=40366ms iter=145 incumb=25.7453 ratchet=25.7866 best=25.7419 since_improve=21
t=40380ms iter=146 WAIST cost=21.0000 best_alt=18.0000 gap=3.0000 tried=5 sep_labels=18 clique_frac=0.01
t=40515ms iter=146 REBUILD reject new_tc=33.2879 (was 25.7453)
t=40610ms iter=146 incumb=25.7453 ratchet=25.8779 best=25.7419 since_improve=22
t=40631ms iter=147 WAIST cost=21.0000 best_alt=17.0000 gap=4.0000 tried=5 sep_labels=17 clique_frac=0.01
t=40759ms iter=147 REBUILD reject new_tc=26.6896 (was 25.7453)
t=40854ms iter=147 incumb=25.7453 ratchet=25.9486 best=25.7419 since_improve=23
t=40874ms iter=148 WAIST cost=21.0000 best_alt=18.0000 gap=3.0000 tried=5 sep_labels=18 clique_frac=0.01
t=41005ms iter=148 REBUILD reject new_tc=34.3801 (was 25.7453)
t=41101ms iter=148 incumb=25.7453 ratchet=25.8002 best=25.7419 since_improve=24
t=41121ms iter=149 WAIST cost=21.0000 best_alt=18.0000 gap=3.0000 tried=5 sep_labels=18 clique_frac=0.01
t=41251ms iter=149 REBUILD reject new_tc=30.2405 (was 25.7453)
t=41344ms iter=149 incumb=25.7453 ratchet=25.7909 best=25.7419 since_improve=25
t=41361ms iter=150 WAIST cost=21.0000 best_alt=18.0000 gap=3.0000 tried=5 sep_labels=18 clique_frac=0.01
t=41495ms iter=150 REBUILD reject new_tc=27.7919 (was 25.7453)
t=41590ms iter=150 incumb=25.7453 ratchet=25.8171 best=25.7419 since_improve=26
t=41604ms iter=151 WAIST cost=21.0000 best_alt=18.0000 gap=3.0000 tried=5 sep_labels=18 clique_frac=0.01
t=41735ms iter=151 REBUILD reject new_tc=31.1564 (was 25.7453)
t=41830ms iter=151 incumb=25.7453 ratchet=25.7887 best=25.7419 since_improve=27
t=41848ms iter=152 WAIST cost=21.0000 best_alt=18.0000 gap=3.0000 tried=5 sep_labels=18 clique_frac=0.01
t=41974ms iter=152 REBUILD reject new_tc=32.3920 (was 25.7453)
t=42064ms iter=152 incumb=25.7453 ratchet=25.8170 best=25.7419 since_improve=28
t=42083ms iter=153 WAIST cost=21.0000 best_alt=18.0000 gap=3.0000 tried=5 sep_labels=18 clique_frac=0.01
t=42216ms iter=153 REBUILD reject new_tc=29.3538 (was 25.7453)
t=42310ms iter=153 incumb=25.7453 ratchet=25.8192 best=25.7419 since_improve=29
t=42324ms iter=154 WAIST cost=21.0000 best_alt=18.0000 gap=3.0000 tried=5 sep_labels=18 clique_frac=0.01
t=42454ms iter=154 REBUILD reject new_tc=29.6136 (was 25.7453)
t=42550ms iter=154 incumb=25.7453 ratchet=25.8783 best=25.7419 since_improve=30
t=42566ms iter=155 WAIST cost=21.0000 best_alt=18.0000 gap=3.0000 tried=5 sep_labels=18 clique_frac=0.01
t=42697ms iter=155 REBUILD reject new_tc=29.2039 (was 25.7453)
t=42792ms iter=155 incumb=25.7453 ratchet=25.8767 best=25.7419 since_improve=31
t=42806ms iter=156 WAIST cost=21.0000 best_alt=18.0000 gap=3.0000 tried=5 sep_labels=18 clique_frac=0.01
t=42935ms iter=156 REBUILD reject new_tc=30.5534 (was 25.7453)
t=43029ms iter=156 incumb=25.7453 ratchet=25.9233 best=25.7419 since_improve=32
t=43052ms iter=157 WAIST cost=21.0000 best_alt=18.0000 gap=3.0000 tried=5 sep_labels=18 clique_frac=0.01
t=43182ms iter=157 REBUILD reject new_tc=33.7477 (was 25.7453)
t=43275ms iter=157 incumb=25.7453 ratchet=25.8188 best=25.7419 since_improve=33
t=43291ms iter=158 WAIST cost=21.0000 best_alt=18.0000 gap=3.0000 tried=5 sep_labels=18 clique_frac=0.01
t=43422ms iter=158 REBUILD reject new_tc=29.3367 (was 25.7453)
t=43519ms iter=158 incumb=25.7453 ratchet=25.7834 best=25.7419 since_improve=34
t=43536ms iter=159 WAIST cost=21.0000 best_alt=18.0000 gap=3.0000 tried=5 sep_labels=18 clique_frac=0.01
t=43666ms iter=159 REBUILD reject new_tc=28.1391 (was 25.7453)
t=43778ms iter=159 incumb=25.7453 ratchet=25.8726 best=25.7419 since_improve=35
t=43798ms iter=160 WAIST cost=21.0000 best_alt=18.0000 gap=3.0000 tried=5 sep_labels=18 clique_frac=0.01
t=43926ms iter=160 REBUILD reject new_tc=35.9428 (was 25.7453)
t=44020ms iter=160 incumb=25.7453 ratchet=25.8241 best=25.7419 since_improve=36
t=44033ms iter=161 WAIST cost=21.0000 best_alt=18.0000 gap=3.0000 tried=5 sep_labels=18 clique_frac=0.01
t=44163ms iter=161 REBUILD reject new_tc=30.1061 (was 25.7453)
t=44257ms iter=161 incumb=25.7453 ratchet=25.8045 best=25.7419 since_improve=37
t=44270ms iter=162 WAIST cost=21.0000 best_alt=18.0000 gap=3.0000 tried=5 sep_labels=18 clique_frac=0.01
t=44400ms iter=162 REBUILD reject new_tc=34.2209 (was 25.7453)
t=44496ms iter=162 incumb=25.7453 ratchet=25.8889 best=25.7419 since_improve=38
t=44509ms iter=163 WAIST cost=21.0000 best_alt=18.0000 gap=3.0000 tried=5 sep_labels=18 clique_frac=0.01
t=44656ms iter=163 REBUILD reject new_tc=30.0807 (was 25.7453)
t=44751ms iter=163 incumb=25.7453 ratchet=25.7743 best=25.7419 since_improve=39
t=44767ms iter=164 WAIST cost=21.0000 best_alt=18.0000 gap=3.0000 tried=5 sep_labels=18 clique_frac=0.01
t=44896ms iter=164 REBUILD reject new_tc=29.4303 (was 25.7453)
t=44990ms iter=164 incumb=25.7453 ratchet=25.9516 best=25.7419 since_improve=40
t=45002ms iter=165 WAIST cost=21.0000 best_alt=17.0000 gap=4.0000 tried=5 sep_labels=17 clique_frac=0.00
t=45131ms iter=165 REBUILD reject new_tc=28.5135 (was 25.7453)
t=45227ms iter=165 incumb=25.7453 ratchet=25.7723 best=25.7419 since_improve=41
t=45247ms iter=166 WAIST cost=21.0000 best_alt=18.0000 gap=3.0000 tried=5 sep_labels=18 clique_frac=0.01
t=45381ms iter=166 REBUILD reject new_tc=29.8248 (was 25.7453)
t=45478ms iter=166 incumb=25.7453 ratchet=25.8330 best=25.7419 since_improve=42
t=45495ms iter=167 WAIST cost=21.0000 best_alt=18.0000 gap=3.0000 tried=5 sep_labels=18 clique_frac=0.01
t=45627ms iter=167 REBUILD reject new_tc=27.5034 (was 25.7453)
t=45720ms iter=167 incumb=25.7453 ratchet=26.0010 best=25.7419 since_improve=43
t=45735ms iter=168 WAIST cost=21.0000 best_alt=18.0000 gap=3.0000 tried=5 sep_labels=18 clique_frac=0.01
t=45863ms iter=168 REBUILD reject new_tc=30.5654 (was 25.7453)
t=45959ms iter=168 incumb=25.7453 ratchet=25.8316 best=25.7419 since_improve=44
t=45973ms iter=169 WAIST cost=21.0000 best_alt=18.0000 gap=3.0000 tried=5 sep_labels=18 clique_frac=0.01
t=46113ms iter=169 REBUILD reject new_tc=35.2204 (was 25.7453)
t=46283ms iter=169 incumb=25.7453 ratchet=25.7431 best=25.7398 since_improve=0
t=46289ms iter=170 WAIST cost=20.0000 best_alt=17.0000 gap=3.0000 tried=5 sep_labels=17 clique_frac=0.00
t=46451ms iter=170 REBUILD reject new_tc=26.1836 (was 25.7431)
t=46544ms iter=170 incumb=25.7431 ratchet=25.8116 best=25.7398 since_improve=1
t=46549ms iter=171 WAIST cost=20.0000 best_alt=17.0000 gap=3.0000 tried=5 sep_labels=17 clique_frac=0.00
t=46705ms iter=171 REBUILD reject new_tc=34.9472 (was 25.7431)
t=46804ms iter=171 incumb=25.7431 ratchet=25.8215 best=25.7398 since_improve=2
t=46810ms iter=172 WAIST cost=20.0000 best_alt=17.0000 gap=3.0000 tried=5 sep_labels=17 clique_frac=0.00
t=46967ms iter=172 REBUILD reject new_tc=29.5237 (was 25.7431)
t=47060ms iter=172 incumb=25.7431 ratchet=25.8062 best=25.7398 since_improve=3
t=47066ms iter=173 WAIST cost=20.0000 best_alt=16.0000 gap=4.0000 tried=5 sep_labels=16 clique_frac=0.00
t=47226ms iter=173 REBUILD reject new_tc=26.0252 (was 25.7431)
t=47322ms iter=173 incumb=25.7431 ratchet=25.8604 best=25.7398 since_improve=4
t=47329ms iter=174 WAIST cost=20.0000 best_alt=17.0000 gap=3.0000 tried=5 sep_labels=17 clique_frac=0.00
t=47488ms iter=174 REBUILD reject new_tc=27.0771 (was 25.7431)
t=47583ms iter=174 incumb=25.7431 ratchet=25.7502 best=25.7398 since_improve=5
t=47592ms iter=175 WAIST cost=20.0000 best_alt=17.0000 gap=3.0000 tried=5 sep_labels=17 clique_frac=0.00
t=47751ms iter=175 REBUILD reject new_tc=34.9656 (was 25.7431)
t=47843ms iter=175 incumb=25.7431 ratchet=25.8132 best=25.7398 since_improve=6
t=47850ms iter=176 WAIST cost=20.0000 best_alt=16.0000 gap=4.0000 tried=5 sep_labels=16 clique_frac=0.00
t=48006ms iter=176 REBUILD reject new_tc=33.2379 (was 25.7431)
t=48099ms iter=176 incumb=25.7431 ratchet=25.8161 best=25.7398 since_improve=7
t=48105ms iter=177 WAIST cost=20.0000 best_alt=16.0000 gap=4.0000 tried=5 sep_labels=16 clique_frac=0.00
t=48265ms iter=177 REBUILD reject new_tc=25.9949 (was 25.7431)
t=48358ms iter=177 incumb=25.7431 ratchet=25.8903 best=25.7398 since_improve=8
t=48364ms iter=178 WAIST cost=20.0000 best_alt=16.0000 gap=4.0000 tried=5 sep_labels=16 clique_frac=0.00
t=48520ms iter=178 REBUILD reject new_tc=27.7993 (was 25.7431)
t=48614ms iter=178 incumb=25.7431 ratchet=25.8100 best=25.7398 since_improve=9
t=48620ms iter=179 WAIST cost=20.0000 best_alt=16.0000 gap=4.0000 tried=5 sep_labels=16 clique_frac=0.00
t=48781ms iter=179 REBUILD reject new_tc=26.9158 (was 25.7431)
t=48873ms iter=179 incumb=25.7431 ratchet=25.9306 best=25.7398 since_improve=10
t=48879ms iter=180 WAIST cost=20.0000 best_alt=17.0000 gap=3.0000 tried=5 sep_labels=17 clique_frac=0.00
t=49036ms iter=180 REBUILD reject new_tc=26.1874 (was 25.7431)
t=49177ms iter=180 incumb=25.7431 ratchet=25.7894 best=25.7398 since_improve=11
t=49186ms iter=181 WAIST cost=20.0000 best_alt=17.0000 gap=3.0000 tried=5 sep_labels=17 clique_frac=0.00
t=49353ms iter=181 REBUILD reject new_tc=30.5925 (was 25.7431)
t=49448ms iter=181 incumb=25.7431 ratchet=25.7878 best=25.7398 since_improve=12
t=49456ms iter=182 WAIST cost=20.0000 best_alt=17.0000 gap=3.0000 tried=5 sep_labels=17 clique_frac=0.00
t=49610ms iter=182 REBUILD reject new_tc=29.1707 (was 25.7431)
t=49703ms iter=182 incumb=25.7431 ratchet=25.8177 best=25.7398 since_improve=13
t=49710ms iter=183 WAIST cost=20.0000 best_alt=17.0000 gap=3.0000 tried=5 sep_labels=17 clique_frac=0.00
t=49926ms iter=183 REBUILD reject new_tc=26.4114 (was 25.7431)
t=50038ms iter=183 incumb=25.7431 ratchet=25.7885 best=25.7398 since_improve=14
t=50044ms iter=184 WAIST cost=20.0000 best_alt=17.0000 gap=3.0000 tried=5 sep_labels=17 clique_frac=0.00
t=50203ms iter=184 REBUILD reject new_tc=26.1940 (was 25.7431)
t=50298ms iter=184 incumb=25.7431 ratchet=25.7834 best=25.7398 since_improve=15
t=50305ms iter=185 WAIST cost=20.0000 best_alt=17.0000 gap=3.0000 tried=5 sep_labels=17 clique_frac=0.00
t=50463ms iter=185 REBUILD reject new_tc=26.7231 (was 25.7431)
t=50557ms iter=185 incumb=25.7431 ratchet=25.7998 best=25.7398 since_improve=16
t=50563ms iter=186 WAIST cost=20.0000 best_alt=17.0000 gap=3.0000 tried=5 sep_labels=17 clique_frac=0.00
t=50718ms iter=186 REBUILD reject new_tc=31.1718 (was 25.7431)
t=50813ms iter=186 incumb=25.7431 ratchet=25.8173 best=25.7398 since_improve=17
t=50819ms iter=187 WAIST cost=20.0000 best_alt=17.0000 gap=3.0000 tried=5 sep_labels=17 clique_frac=0.00
t=50976ms iter=187 REBUILD reject new_tc=28.6975 (was 25.7431)
t=51071ms iter=187 incumb=25.7431 ratchet=25.7860 best=25.7398 since_improve=18
t=51077ms iter=188 WAIST cost=20.0000 best_alt=17.0000 gap=3.0000 tried=5 sep_labels=17 clique_frac=0.00
t=51237ms iter=188 REBUILD reject new_tc=26.9613 (was 25.7431)
t=51332ms iter=188 incumb=25.7431 ratchet=25.8134 best=25.7398 since_improve=19
t=51341ms iter=189 WAIST cost=20.0000 best_alt=16.0000 gap=4.0000 tried=5 sep_labels=16 clique_frac=0.00
t=51494ms iter=189 REBUILD reject new_tc=29.4195 (was 25.7431)
t=51590ms iter=189 incumb=25.7431 ratchet=25.7893 best=25.7398 since_improve=20
t=51598ms iter=190 WAIST cost=20.0000 best_alt=17.0000 gap=3.0000 tried=5 sep_labels=17 clique_frac=0.00
t=51757ms iter=190 REBUILD reject new_tc=26.0566 (was 25.7431)
t=51852ms iter=190 incumb=25.7431 ratchet=25.7880 best=25.7398 since_improve=21
t=51859ms iter=191 WAIST cost=20.0000 best_alt=17.0000 gap=3.0000 tried=5 sep_labels=17 clique_frac=0.00
t=52018ms iter=191 REBUILD reject new_tc=26.7632 (was 25.7431)
t=52111ms iter=191 incumb=25.7431 ratchet=25.8424 best=25.7398 since_improve=22
t=52117ms iter=192 WAIST cost=20.0000 best_alt=17.0000 gap=3.0000 tried=5 sep_labels=17 clique_frac=0.00
t=52276ms iter=192 REBUILD reject new_tc=27.1476 (was 25.7431)
t=52373ms iter=192 incumb=25.7431 ratchet=25.8975 best=25.7398 since_improve=23
t=52380ms iter=193 WAIST cost=20.0000 best_alt=16.0000 gap=4.0000 tried=5 sep_labels=16 clique_frac=0.00
t=52535ms iter=193 REBUILD reject new_tc=26.1313 (was 25.7431)
t=52631ms iter=193 incumb=25.7431 ratchet=25.8881 best=25.7398 since_improve=24
t=52637ms iter=194 WAIST cost=20.0000 best_alt=17.0000 gap=3.0000 tried=5 sep_labels=17 clique_frac=0.00
t=52799ms iter=194 REBUILD reject new_tc=27.8460 (was 25.7431)
t=52895ms iter=194 incumb=25.7431 ratchet=25.8058 best=25.7398 since_improve=25
t=52901ms iter=195 WAIST cost=20.0000 best_alt=17.0000 gap=3.0000 tried=5 sep_labels=17 clique_frac=0.00
t=53058ms iter=195 REBUILD reject new_tc=30.6327 (was 25.7431)
t=53151ms iter=195 incumb=25.7431 ratchet=25.8624 best=25.7398 since_improve=26
t=53158ms iter=196 WAIST cost=20.0000 best_alt=17.0000 gap=3.0000 tried=5 sep_labels=17 clique_frac=0.00
t=53318ms iter=196 REBUILD reject new_tc=29.5272 (was 25.7431)
t=53416ms iter=196 incumb=25.7431 ratchet=25.8558 best=25.7398 since_improve=27
t=53421ms iter=197 WAIST cost=20.0000 best_alt=17.0000 gap=3.0000 tried=5 sep_labels=17 clique_frac=0.00
t=53576ms iter=197 REBUILD reject new_tc=27.3765 (was 25.7431)
t=53685ms iter=197 incumb=25.7431 ratchet=25.8516 best=25.7398 since_improve=28
t=53691ms iter=198 WAIST cost=20.0000 best_alt=17.0000 gap=3.0000 tried=5 sep_labels=17 clique_frac=0.00
t=53851ms iter=198 REBUILD reject new_tc=26.2547 (was 25.7431)
t=53944ms iter=198 incumb=25.7431 ratchet=25.8135 best=25.7398 since_improve=29
t=53950ms iter=199 WAIST cost=20.0000 best_alt=17.0000 gap=3.0000 tried=5 sep_labels=17 clique_frac=0.00
t=54114ms iter=199 REBUILD reject new_tc=26.1968 (was 25.7431)
t=54207ms iter=199 incumb=25.7431 ratchet=25.8015 best=25.7398 since_improve=30
t=54213ms iter=200 WAIST cost=20.0000 best_alt=17.0000 gap=3.0000 tried=5 sep_labels=17 clique_frac=0.00
t=54375ms iter=200 REBUILD reject new_tc=25.7997 (was 25.7431)
t=54473ms iter=200 incumb=25.7431 ratchet=25.7763 best=25.7398 since_improve=31
t=54478ms iter=201 WAIST cost=20.0000 best_alt=17.0000 gap=3.0000 tried=5 sep_labels=17 clique_frac=0.00
t=54637ms iter=201 REBUILD reject new_tc=26.8938 (was 25.7431)
t=54734ms iter=201 incumb=25.7431 ratchet=25.8268 best=25.7398 since_improve=32
t=54742ms iter=202 WAIST cost=20.0000 best_alt=17.0000 gap=3.0000 tried=5 sep_labels=17 clique_frac=0.00
t=54901ms iter=202 REBUILD reject new_tc=31.9845 (was 25.7431)
t=54997ms iter=202 incumb=25.7431 ratchet=25.9363 best=25.7398 since_improve=33
t=55005ms iter=203 WAIST cost=20.0000 best_alt=17.0000 gap=3.0000 tried=5 sep_labels=17 clique_frac=0.00
t=55161ms iter=203 REBUILD reject new_tc=27.1023 (was 25.7431)
t=55258ms iter=203 incumb=25.7431 ratchet=25.9267 best=25.7398 since_improve=34
t=55266ms iter=204 WAIST cost=20.0000 best_alt=17.0000 gap=3.0000 tried=5 sep_labels=17 clique_frac=0.00
t=55426ms iter=204 REBUILD reject new_tc=26.1834 (was 25.7431)
t=55519ms iter=204 incumb=25.7431 ratchet=25.7948 best=25.7398 since_improve=35
t=55525ms iter=205 WAIST cost=20.0000 best_alt=17.0000 gap=3.0000 tried=5 sep_labels=17 clique_frac=0.00
t=55684ms iter=205 REBUILD reject new_tc=26.0385 (was 25.7431)
t=55777ms iter=205 incumb=25.7431 ratchet=25.9069 best=25.7398 since_improve=36
t=55783ms iter=206 WAIST cost=20.0000 best_alt=17.0000 gap=3.0000 tried=5 sep_labels=17 clique_frac=0.00
t=55944ms iter=206 REBUILD reject new_tc=27.7827 (was 25.7431)
t=56042ms iter=206 incumb=25.7431 ratchet=25.8478 best=25.7398 since_improve=37
t=56049ms iter=207 WAIST cost=20.0000 best_alt=16.0000 gap=4.0000 tried=5 sep_labels=16 clique_frac=0.00
t=56204ms iter=207 REBUILD reject new_tc=29.6044 (was 25.7431)
t=56302ms iter=207 incumb=25.7431 ratchet=25.7910 best=25.7398 since_improve=38
t=56310ms iter=208 WAIST cost=20.0000 best_alt=17.0000 gap=3.0000 tried=5 sep_labels=17 clique_frac=0.00
t=56468ms iter=208 REBUILD reject new_tc=26.5994 (was 25.7431)
t=56561ms iter=208 incumb=25.7431 ratchet=25.8137 best=25.7398 since_improve=39
t=56567ms iter=209 WAIST cost=20.0000 best_alt=17.0000 gap=3.0000 tried=5 sep_labels=17 clique_frac=0.00
t=56724ms iter=209 REBUILD reject new_tc=27.8428 (was 25.7431)
t=56820ms iter=209 incumb=25.7431 ratchet=25.8016 best=25.7398 since_improve=40
t=56827ms iter=210 WAIST cost=20.0000 best_alt=17.0000 gap=3.0000 tried=5 sep_labels=17 clique_frac=0.00
t=56987ms iter=210 REBUILD reject new_tc=26.5968 (was 25.7431)
t=57082ms iter=210 incumb=25.7431 ratchet=25.8933 best=25.7398 since_improve=41
t=57089ms iter=211 WAIST cost=20.0000 best_alt=16.0000 gap=4.0000 tried=5 sep_labels=16 clique_frac=0.00
t=57245ms iter=211 REBUILD reject new_tc=31.3262 (was 25.7431)
t=57342ms iter=211 incumb=25.7431 ratchet=25.8782 best=25.7398 since_improve=42
t=57349ms iter=212 WAIST cost=20.0000 best_alt=17.0000 gap=3.0000 tried=5 sep_labels=17 clique_frac=0.00
t=57510ms iter=212 REBUILD reject new_tc=26.0828 (was 25.7431)
t=57604ms iter=212 incumb=25.7431 ratchet=25.7905 best=25.7398 since_improve=43
t=57611ms iter=213 WAIST cost=20.0000 best_alt=17.0000 gap=3.0000 tried=5 sep_labels=17 clique_frac=0.00
t=57776ms iter=213 REBUILD reject new_tc=29.4259 (was 25.7431)
t=57869ms iter=213 incumb=25.7431 ratchet=25.8979 best=25.7398 since_improve=44
t=57876ms iter=214 WAIST cost=20.0000 best_alt=17.0000 gap=3.0000 tried=5 sep_labels=17 clique_frac=0.00
t=58031ms iter=214 REBUILD reject new_tc=26.6863 (was 25.7431)
t=58127ms iter=214 incumb=25.7431 ratchet=25.8674 best=25.7398 since_improve=45
t=58134ms iter=215 WAIST cost=20.0000 best_alt=17.0000 gap=3.0000 tried=5 sep_labels=17 clique_frac=0.00
t=58295ms iter=215 REBUILD reject new_tc=26.0392 (was 25.7431)
t=58391ms iter=215 incumb=25.7431 ratchet=25.9698 best=25.7398 since_improve=46
t=58399ms iter=216 WAIST cost=20.0000 best_alt=17.0000 gap=3.0000 tried=5 sep_labels=17 clique_frac=0.00
t=58561ms iter=216 REBUILD reject new_tc=26.0540 (was 25.7431)
t=58667ms iter=216 incumb=25.7431 ratchet=25.9030 best=25.7398 since_improve=47
t=58677ms iter=217 WAIST cost=20.0000 best_alt=17.0000 gap=3.0000 tried=5 sep_labels=17 clique_frac=0.00
t=58840ms iter=217 REBUILD reject new_tc=26.0142 (was 25.7431)
t=58936ms iter=217 incumb=25.7431 ratchet=25.8086 best=25.7398 since_improve=48
t=58943ms iter=218 WAIST cost=20.0000 best_alt=17.0000 gap=3.0000 tried=5 sep_labels=17 clique_frac=0.00
t=59102ms iter=218 REBUILD reject new_tc=27.0148 (was 25.7431)
t=59197ms iter=218 incumb=25.7431 ratchet=25.8342 best=25.7398 since_improve=49
t=59202ms iter=219 WAIST cost=20.0000 best_alt=17.0000 gap=3.0000 tried=5 sep_labels=17 clique_frac=0.00
t=59381ms iter=219 REBUILD reject new_tc=26.9449 (was 25.7431)
t=59477ms iter=219 incumb=25.7431 ratchet=25.9644 best=25.7398 since_improve=50
t=59485ms iter=220 WAIST cost=20.0000 best_alt=17.0000 gap=3.0000 tried=5 sep_labels=17 clique_frac=0.00
t=59644ms iter=220 REBUILD reject new_tc=25.8415 (was 25.7431)
t=59738ms iter=220 incumb=25.7431 ratchet=25.9247 best=25.7398 since_improve=51
t=59744ms iter=221 WAIST cost=20.0000 best_alt=17.0000 gap=3.0000 tried=5 sep_labels=17 clique_frac=0.00
t=59902ms iter=221 REBUILD reject new_tc=32.2970 (was 25.7431)
t=60001ms iter=221 incumb=25.7431 ratchet=25.7873 best=25.7398 since_improve=52
t=60007ms iter=222 WAIST cost=20.0000 best_alt=17.0000 gap=3.0000 tried=5 sep_labels=17 clique_frac=0.00
t=60165ms iter=222 REBUILD reject new_tc=30.5842 (was 25.7431)
t=60261ms iter=222 incumb=25.7431 ratchet=25.8390 best=25.7398 since_improve=53
t=60267ms iter=223 WAIST cost=20.0000 best_alt=17.0000 gap=3.0000 tried=5 sep_labels=17 clique_frac=0.00
t=60425ms iter=223 REBUILD reject new_tc=27.7894 (was 25.7431)
t=60522ms iter=223 incumb=25.7431 ratchet=25.8504 best=25.7398 since_improve=54
t=60528ms iter=224 WAIST cost=20.0000 best_alt=17.0000 gap=3.0000 tried=5 sep_labels=17 clique_frac=0.00
t=60688ms iter=224 REBUILD reject new_tc=26.1545 (was 25.7431)
t=60785ms iter=224 incumb=25.7431 ratchet=25.8703 best=25.7398 since_improve=55
t=60792ms iter=225 WAIST cost=20.0000 best_alt=17.0000 gap=3.0000 tried=5 sep_labels=17 clique_frac=0.00
t=60949ms iter=225 REBUILD reject new_tc=26.2712 (was 25.7431)
t=61042ms iter=225 incumb=25.7431 ratchet=25.7823 best=25.7398 since_improve=56
t=61048ms iter=226 WAIST cost=20.0000 best_alt=17.0000 gap=3.0000 tried=5 sep_labels=17 clique_frac=0.00
t=61207ms iter=226 REBUILD reject new_tc=39.4372 (was 25.7431)
t=61301ms iter=226 incumb=25.7431 ratchet=25.8791 best=25.7398 since_improve=57
t=61306ms iter=227 WAIST cost=20.0000 best_alt=17.0000 gap=3.0000 tried=5 sep_labels=17 clique_frac=0.00
t=61466ms iter=227 REBUILD reject new_tc=30.1482 (was 25.7431)
t=61562ms iter=227 incumb=25.7431 ratchet=25.8731 best=25.7398 since_improve=58
t=61567ms iter=228 WAIST cost=20.0000 best_alt=17.0000 gap=3.0000 tried=5 sep_labels=17 clique_frac=0.00
t=61727ms iter=228 REBUILD reject new_tc=26.0883 (was 25.7431)
t=61822ms iter=228 incumb=25.7431 ratchet=25.9008 best=25.7398 since_improve=59
t=61829ms iter=229 WAIST cost=20.0000 best_alt=16.0000 gap=4.0000 tried=5 sep_labels=16 clique_frac=0.00
t=61984ms iter=229 REBUILD reject new_tc=26.4328 (was 25.7431)
t=62081ms iter=229 incumb=25.7431 ratchet=25.8099 best=25.7398 since_improve=60
t=62088ms iter=230 WAIST cost=20.0000 best_alt=17.0000 gap=3.0000 tried=5 sep_labels=17 clique_frac=0.00
t=62247ms iter=230 REBUILD reject new_tc=26.0258 (was 25.7431)
t=62345ms iter=230 incumb=25.7431 ratchet=25.8662 best=25.7398 since_improve=61
t=62351ms iter=231 WAIST cost=20.0000 best_alt=17.0000 gap=3.0000 tried=5 sep_labels=17 clique_frac=0.00
t=62510ms iter=231 REBUILD reject new_tc=29.7409 (was 25.7431)
t=62606ms iter=231 incumb=25.7431 ratchet=25.9558 best=25.7398 since_improve=62
t=62612ms iter=232 WAIST cost=20.0000 best_alt=17.0000 gap=3.0000 tried=5 sep_labels=17 clique_frac=0.00
t=62769ms iter=232 REBUILD reject new_tc=26.6551 (was 25.7431)
t=62863ms iter=232 incumb=25.7431 ratchet=25.9015 best=25.7398 since_improve=63
t=62869ms iter=233 WAIST cost=20.0000 best_alt=17.0000 gap=3.0000 tried=5 sep_labels=17 clique_frac=0.00
t=63026ms iter=233 REBUILD reject new_tc=29.5676 (was 25.7431)
t=63122ms iter=233 incumb=25.7431 ratchet=26.1031 best=25.7398 since_improve=64
t=63129ms iter=234 WAIST cost=20.0000 best_alt=17.0000 gap=3.0000 tried=5 sep_labels=17 clique_frac=0.00
t=63287ms iter=234 REBUILD reject new_tc=26.4965 (was 25.7431)
t=63384ms iter=234 incumb=25.7431 ratchet=25.8154 best=25.7398 since_improve=65
t=63391ms iter=235 WAIST cost=20.0000 best_alt=17.0000 gap=3.0000 tried=5 sep_labels=17 clique_frac=0.00
t=63550ms iter=235 REBUILD reject new_tc=26.9461 (was 25.7431)
t=63648ms iter=235 incumb=25.7431 ratchet=25.8541 best=25.7398 since_improve=66
t=63655ms iter=236 WAIST cost=20.0000 best_alt=17.0000 gap=3.0000 tried=5 sep_labels=17 clique_frac=0.00
t=63811ms iter=236 REBUILD reject new_tc=26.3666 (was 25.7431)
t=63907ms iter=236 incumb=25.7431 ratchet=25.7910 best=25.7398 since_improve=67
t=63914ms iter=237 WAIST cost=20.0000 best_alt=17.0000 gap=3.0000 tried=5 sep_labels=17 clique_frac=0.00
t=64072ms iter=237 REBUILD reject new_tc=30.4040 (was 25.7431)
t=64168ms iter=237 incumb=25.7431 ratchet=25.8376 best=25.7398 since_improve=68
t=64175ms iter=238 WAIST cost=20.0000 best_alt=17.0000 gap=3.0000 tried=5 sep_labels=17 clique_frac=0.00
t=64331ms iter=238 REBUILD reject new_tc=29.2802 (was 25.7431)
t=64425ms iter=238 incumb=25.7431 ratchet=25.8323 best=25.7398 since_improve=69
t=64432ms iter=239 WAIST cost=20.0000 best_alt=17.0000 gap=3.0000 tried=5 sep_labels=17 clique_frac=0.00
t=64592ms iter=239 REBUILD reject new_tc=26.0081 (was 25.7431)
t=64687ms iter=239 incumb=25.7431 ratchet=25.8790 best=25.7398 since_improve=70
t=64693ms iter=240 WAIST cost=20.0000 best_alt=17.0000 gap=3.0000 tried=5 sep_labels=17 clique_frac=0.00
t=64853ms iter=240 REBUILD reject new_tc=26.2078 (was 25.7431)
t=64947ms iter=240 incumb=25.7431 ratchet=25.7709 best=25.7398 since_improve=71
t=64954ms iter=241 WAIST cost=20.0000 best_alt=17.0000 gap=3.0000 tried=5 sep_labels=17 clique_frac=0.00
t=65115ms iter=241 REBUILD reject new_tc=29.4792 (was 25.7431)
t=65212ms iter=241 incumb=25.7431 ratchet=25.8083 best=25.7398 since_improve=72
t=65219ms iter=242 WAIST cost=20.0000 best_alt=17.0000 gap=3.0000 tried=5 sep_labels=17 clique_frac=0.00
t=65374ms iter=242 REBUILD reject new_tc=27.8478 (was 25.7431)
t=65470ms iter=242 incumb=25.7431 ratchet=25.7964 best=25.7398 since_improve=73
t=65478ms iter=243 WAIST cost=20.0000 best_alt=17.0000 gap=3.0000 tried=5 sep_labels=17 clique_frac=0.00
t=65636ms iter=243 REBUILD reject new_tc=26.5674 (was 25.7431)
t=65731ms iter=243 incumb=25.7431 ratchet=25.8235 best=25.7398 since_improve=74
t=65737ms iter=244 WAIST cost=20.0000 best_alt=17.0000 gap=3.0000 tried=5 sep_labels=17 clique_frac=0.00
t=65896ms iter=244 REBUILD reject new_tc=26.0462 (was 25.7431)
t=65995ms iter=244 incumb=25.7431 ratchet=25.9012 best=25.7398 since_improve=75
t=66002ms iter=245 WAIST cost=20.0000 best_alt=17.0000 gap=3.0000 tried=5 sep_labels=17 clique_frac=0.00
t=66163ms iter=245 REBUILD reject new_tc=29.8624 (was 25.7431)
t=66260ms iter=245 incumb=25.7431 ratchet=25.8489 best=25.7398 since_improve=76
t=66267ms iter=246 WAIST cost=20.0000 best_alt=17.0000 gap=3.0000 tried=5 sep_labels=17 clique_frac=0.00
t=66423ms iter=246 REBUILD reject new_tc=31.1172 (was 25.7431)
t=66516ms iter=246 incumb=25.7431 ratchet=25.8710 best=25.7398 since_improve=77
t=66523ms iter=247 WAIST cost=20.0000 best_alt=17.0000 gap=3.0000 tried=5 sep_labels=17 clique_frac=0.00
t=66683ms iter=247 REBUILD reject new_tc=28.6226 (was 25.7431)
t=66779ms iter=247 incumb=25.7431 ratchet=25.8145 best=25.7398 since_improve=78
t=66786ms iter=248 WAIST cost=20.0000 best_alt=17.0000 gap=3.0000 tried=5 sep_labels=17 clique_frac=0.00
t=66946ms iter=248 REBUILD reject new_tc=27.0447 (was 25.7431)
t=67045ms iter=248 incumb=25.7431 ratchet=25.8403 best=25.7398 since_improve=79
t=67050ms iter=249 WAIST cost=20.0000 best_alt=17.0000 gap=3.0000 tried=5 sep_labels=17 clique_frac=0.00
t=67209ms iter=249 REBUILD reject new_tc=37.3340 (was 25.7431)
t=67307ms iter=249 incumb=25.7431 ratchet=25.7730 best=25.7398 since_improve=80
t=67314ms iter=250 WAIST cost=20.0000 best_alt=17.0000 gap=3.0000 tried=5 sep_labels=17 clique_frac=0.00
t=67471ms iter=250 REBUILD reject new_tc=26.8070 (was 25.7431)
t=67565ms iter=250 incumb=25.7431 ratchet=25.8269 best=25.7398 since_improve=81
t=67572ms iter=251 WAIST cost=20.0000 best_alt=17.0000 gap=3.0000 tried=5 sep_labels=17 clique_frac=0.00
t=67733ms iter=251 REBUILD reject new_tc=26.9021 (was 25.7431)
t=67830ms iter=251 incumb=25.7431 ratchet=25.7607 best=25.7398 since_improve=82
t=67837ms iter=252 WAIST cost=20.0000 best_alt=17.0000 gap=3.0000 tried=5 sep_labels=17 clique_frac=0.00
t=67992ms iter=252 REBUILD reject new_tc=28.8157 (was 25.7431)
t=68085ms iter=252 incumb=25.7431 ratchet=25.7662 best=25.7398 since_improve=83
t=68091ms iter=253 WAIST cost=20.0000 best_alt=17.0000 gap=3.0000 tried=5 sep_labels=17 clique_frac=0.00
t=68251ms iter=253 REBUILD reject new_tc=26.3371 (was 25.7431)
t=68438ms iter=253 incumb=25.7431 ratchet=25.7410 best=25.7388 since_improve=0
t=68452ms iter=254 WAIST cost=21.0000 best_alt=18.0000 gap=3.0000 tried=5 sep_labels=18 clique_frac=0.01
t=68583ms iter=254 REBUILD reject new_tc=29.9672 (was 25.7410)
t=68680ms iter=254 incumb=25.7410 ratchet=25.8306 best=25.7388 since_improve=1
t=68694ms iter=255 WAIST cost=21.0000 best_alt=18.0000 gap=3.0000 tried=5 sep_labels=18 clique_frac=0.01
t=68826ms iter=255 REBUILD reject new_tc=30.1255 (was 25.7410)
t=68921ms iter=255 incumb=25.7410 ratchet=25.7734 best=25.7388 since_improve=2
t=68942ms iter=256 WAIST cost=21.0000 best_alt=18.0000 gap=3.0000 tried=5 sep_labels=18 clique_frac=0.01
t=69075ms iter=256 REBUILD reject new_tc=28.3480 (was 25.7410)
t=69172ms iter=256 incumb=25.7410 ratchet=25.7836 best=25.7388 since_improve=3
t=69190ms iter=257 WAIST cost=21.0000 best_alt=18.0000 gap=3.0000 tried=5 sep_labels=18 clique_frac=0.01
t=69319ms iter=257 REBUILD reject new_tc=30.5674 (was 25.7410)
t=69415ms iter=257 incumb=25.7410 ratchet=25.8107 best=25.7388 since_improve=4
t=69434ms iter=258 WAIST cost=21.0000 best_alt=18.0000 gap=3.0000 tried=5 sep_labels=18 clique_frac=0.01
t=69563ms iter=258 REBUILD reject new_tc=30.1789 (was 25.7410)
t=69658ms iter=258 incumb=25.7410 ratchet=25.9116 best=25.7388 since_improve=5
t=69673ms iter=259 WAIST cost=21.0000 best_alt=18.0000 gap=3.0000 tried=5 sep_labels=18 clique_frac=0.01
t=69804ms iter=259 REBUILD reject new_tc=35.2120 (was 25.7410)
t=69901ms iter=259 incumb=25.7410 ratchet=25.9260 best=25.7388 since_improve=6
t=69917ms iter=260 WAIST cost=21.0000 best_alt=18.0000 gap=3.0000 tried=5 sep_labels=18 clique_frac=0.01
t=70046ms iter=260 REBUILD reject new_tc=35.1259 (was 25.7410)
t=70144ms iter=260 incumb=25.7410 ratchet=25.7947 best=25.7388 since_improve=7
t=70159ms iter=261 WAIST cost=21.0000 best_alt=18.0000 gap=3.0000 tried=5 sep_labels=18 clique_frac=0.01
t=70291ms iter=261 REBUILD reject new_tc=30.4765 (was 25.7410)
t=70387ms iter=261 incumb=25.7410 ratchet=25.9086 best=25.7388 since_improve=8
t=70400ms iter=262 WAIST cost=21.0000 best_alt=18.0000 gap=3.0000 tried=5 sep_labels=18 clique_frac=0.01
t=70530ms iter=262 REBUILD reject new_tc=28.6440 (was 25.7410)
t=70624ms iter=262 incumb=25.7410 ratchet=25.8005 best=25.7388 since_improve=9
t=70646ms iter=263 WAIST cost=21.0000 best_alt=18.0000 gap=3.0000 tried=5 sep_labels=18 clique_frac=0.01
t=70774ms iter=263 REBUILD reject new_tc=34.1212 (was 25.7410)
t=70873ms iter=263 incumb=25.7410 ratchet=25.9611 best=25.7388 since_improve=10
t=70892ms iter=264 WAIST cost=21.0000 best_alt=18.0000 gap=3.0000 tried=5 sep_labels=18 clique_frac=0.01
t=71021ms iter=264 REBUILD reject new_tc=30.3576 (was 25.7410)
t=71119ms iter=264 incumb=25.7410 ratchet=25.7662 best=25.7388 since_improve=11
t=71138ms iter=265 WAIST cost=21.0000 best_alt=18.0000 gap=3.0000 tried=5 sep_labels=18 clique_frac=0.01
t=71266ms iter=265 REBUILD reject new_tc=33.3824 (was 25.7410)
t=71363ms iter=265 incumb=25.7410 ratchet=25.7755 best=25.7388 since_improve=12
t=71380ms iter=266 WAIST cost=21.0000 best_alt=18.0000 gap=3.0000 tried=5 sep_labels=18 clique_frac=0.01
t=71511ms iter=266 REBUILD reject new_tc=28.5606 (was 25.7410)
t=71609ms iter=266 incumb=25.7410 ratchet=25.9014 best=25.7388 since_improve=13
t=71626ms iter=267 WAIST cost=21.0000 best_alt=18.0000 gap=3.0000 tried=5 sep_labels=18 clique_frac=0.01
t=71762ms iter=267 REBUILD reject new_tc=28.3729 (was 25.7410)
t=71860ms iter=267 incumb=25.7410 ratchet=25.7970 best=25.7388 since_improve=14
t=71880ms iter=268 WAIST cost=21.0000 best_alt=18.0000 gap=3.0000 tried=5 sep_labels=18 clique_frac=0.01
t=72010ms iter=268 REBUILD reject new_tc=29.2088 (was 25.7410)
t=72107ms iter=268 incumb=25.7410 ratchet=25.8045 best=25.7388 since_improve=15
t=72120ms iter=269 WAIST cost=21.0000 best_alt=17.0000 gap=4.0000 tried=5 sep_labels=17 clique_frac=0.00
t=72248ms iter=269 REBUILD reject new_tc=30.3103 (was 25.7410)
t=72342ms iter=269 incumb=25.7410 ratchet=25.9747 best=25.7388 since_improve=16
t=72360ms iter=270 WAIST cost=21.0000 best_alt=18.0000 gap=3.0000 tried=5 sep_labels=18 clique_frac=0.01
t=72490ms iter=270 REBUILD reject new_tc=34.0577 (was 25.7410)
t=72586ms iter=270 incumb=25.7410 ratchet=25.8328 best=25.7388 since_improve=17
t=72603ms iter=271 WAIST cost=21.0000 best_alt=18.0000 gap=3.0000 tried=5 sep_labels=18 clique_frac=0.01
t=72729ms iter=271 REBUILD reject new_tc=31.0604 (was 25.7410)
t=72830ms iter=271 incumb=25.7410 ratchet=25.8463 best=25.7388 since_improve=18
t=72846ms iter=272 WAIST cost=21.0000 best_alt=18.0000 gap=3.0000 tried=5 sep_labels=18 clique_frac=0.01
t=72972ms iter=272 REBUILD reject new_tc=34.7414 (was 25.7410)
t=73067ms iter=272 incumb=25.7410 ratchet=25.8937 best=25.7388 since_improve=19
t=73087ms iter=273 WAIST cost=21.0000 best_alt=18.0000 gap=3.0000 tried=5 sep_labels=18 clique_frac=0.01
t=73218ms iter=273 REBUILD reject new_tc=28.3013 (was 25.7410)
t=73311ms iter=273 incumb=25.7410 ratchet=25.8714 best=25.7388 since_improve=20
t=73327ms iter=274 WAIST cost=21.0000 best_alt=18.0000 gap=3.0000 tried=5 sep_labels=18 clique_frac=0.01
t=73460ms iter=274 REBUILD reject new_tc=29.4600 (was 25.7410)
t=73554ms iter=274 incumb=25.7410 ratchet=25.9171 best=25.7388 since_improve=21
t=73572ms iter=275 WAIST cost=21.0000 best_alt=18.0000 gap=3.0000 tried=5 sep_labels=18 clique_frac=0.01
t=73702ms iter=275 REBUILD reject new_tc=28.5347 (was 25.7410)
t=73799ms iter=275 incumb=25.7410 ratchet=25.8030 best=25.7388 since_improve=22
t=73819ms iter=276 WAIST cost=21.0000 best_alt=17.0000 gap=4.0000 tried=5 sep_labels=17 clique_frac=0.00
t=73950ms iter=276 REBUILD reject new_tc=28.5716 (was 25.7410)
t=74045ms iter=276 incumb=25.7410 ratchet=25.8213 best=25.7388 since_improve=23
t=74065ms iter=277 WAIST cost=21.0000 best_alt=18.0000 gap=3.0000 tried=5 sep_labels=18 clique_frac=0.01
t=74196ms iter=277 REBUILD reject new_tc=32.5950 (was 25.7410)
t=74291ms iter=277 incumb=25.7410 ratchet=25.9332 best=25.7388 since_improve=24
t=74311ms iter=278 WAIST cost=21.0000 best_alt=18.0000 gap=3.0000 tried=5 sep_labels=18 clique_frac=0.01
t=74442ms iter=278 REBUILD reject new_tc=30.1104 (was 25.7410)
t=74537ms iter=278 incumb=25.7410 ratchet=25.7914 best=25.7388 since_improve=25
t=74554ms iter=279 WAIST cost=21.0000 best_alt=18.0000 gap=3.0000 tried=5 sep_labels=18 clique_frac=0.01
t=74684ms iter=279 REBUILD reject new_tc=28.1711 (was 25.7410)
t=74782ms iter=279 incumb=25.7410 ratchet=25.8711 best=25.7388 since_improve=26
t=74797ms iter=280 WAIST cost=21.0000 best_alt=18.0000 gap=3.0000 tried=5 sep_labels=18 clique_frac=0.01
t=74926ms iter=280 REBUILD reject new_tc=30.1654 (was 25.7410)
t=75018ms iter=280 incumb=25.7410 ratchet=25.7879 best=25.7388 since_improve=27
t=75034ms iter=281 WAIST cost=21.0000 best_alt=18.0000 gap=3.0000 tried=5 sep_labels=18 clique_frac=0.01
t=75161ms iter=281 REBUILD reject new_tc=32.7786 (was 25.7410)
t=75257ms iter=281 incumb=25.7410 ratchet=25.7533 best=25.7388 since_improve=28
t=75275ms iter=282 WAIST cost=21.0000 best_alt=18.0000 gap=3.0000 tried=5 sep_labels=18 clique_frac=0.01
t=75403ms iter=282 REBUILD reject new_tc=31.0808 (was 25.7410)
t=75498ms iter=282 incumb=25.7410 ratchet=25.7825 best=25.7388 since_improve=29
t=75514ms iter=283 WAIST cost=21.0000 best_alt=18.0000 gap=3.0000 tried=5 sep_labels=18 clique_frac=0.01
t=75641ms iter=283 REBUILD reject new_tc=31.9367 (was 25.7410)
t=75736ms iter=283 incumb=25.7410 ratchet=25.8017 best=25.7388 since_improve=30
t=75756ms iter=284 WAIST cost=21.0000 best_alt=18.0000 gap=3.0000 tried=5 sep_labels=18 clique_frac=0.01
t=75884ms iter=284 REBUILD reject new_tc=34.6256 (was 25.7410)
t=75983ms iter=284 incumb=25.7410 ratchet=25.7755 best=25.7388 since_improve=31
t=76000ms iter=285 WAIST cost=21.0000 best_alt=18.0000 gap=3.0000 tried=5 sep_labels=18 clique_frac=0.01
t=76130ms iter=285 REBUILD reject new_tc=30.6356 (was 25.7410)
t=76226ms iter=285 incumb=25.7410 ratchet=25.7874 best=25.7388 since_improve=32
t=76246ms iter=286 WAIST cost=21.0000 best_alt=18.0000 gap=3.0000 tried=5 sep_labels=18 clique_frac=0.01
t=76377ms iter=286 REBUILD reject new_tc=35.0154 (was 25.7410)
t=76471ms iter=286 incumb=25.7410 ratchet=25.8671 best=25.7388 since_improve=33
t=76493ms iter=287 WAIST cost=21.0000 best_alt=17.0000 gap=4.0000 tried=5 sep_labels=17 clique_frac=0.00
t=76621ms iter=287 REBUILD reject new_tc=28.3924 (was 25.7410)
t=76718ms iter=287 incumb=25.7410 ratchet=25.8070 best=25.7388 since_improve=34
t=76738ms iter=288 WAIST cost=21.0000 best_alt=18.0000 gap=3.0000 tried=5 sep_labels=18 clique_frac=0.01
t=76866ms iter=288 REBUILD reject new_tc=29.4447 (was 25.7410)
t=76966ms iter=288 incumb=25.7410 ratchet=25.8768 best=25.7388 since_improve=35
t=76983ms iter=289 WAIST cost=21.0000 best_alt=18.0000 gap=3.0000 tried=5 sep_labels=18 clique_frac=0.01
t=77113ms iter=289 REBUILD reject new_tc=30.2483 (was 25.7410)
t=77210ms iter=289 incumb=25.7410 ratchet=25.7828 best=25.7388 since_improve=36
t=77227ms iter=290 WAIST cost=21.0000 best_alt=18.0000 gap=3.0000 tried=5 sep_labels=18 clique_frac=0.01
t=77356ms iter=290 REBUILD reject new_tc=33.7081 (was 25.7410)
t=77451ms iter=290 incumb=25.7410 ratchet=25.8090 best=25.7388 since_improve=37
t=77462ms iter=291 WAIST cost=21.0000 best_alt=18.0000 gap=3.0000 tried=5 sep_labels=18 clique_frac=0.01
t=77592ms iter=291 REBUILD reject new_tc=29.4408 (was 25.7410)
t=77688ms iter=291 incumb=25.7410 ratchet=25.8671 best=25.7388 since_improve=38
t=77708ms iter=292 WAIST cost=21.0000 best_alt=18.0000 gap=3.0000 tried=5 sep_labels=18 clique_frac=0.01
t=77836ms iter=292 REBUILD reject new_tc=29.4893 (was 25.7410)
t=77934ms iter=292 incumb=25.7410 ratchet=25.8626 best=25.7388 since_improve=39
t=77948ms iter=293 WAIST cost=21.0000 best_alt=18.0000 gap=3.0000 tried=5 sep_labels=18 clique_frac=0.01
t=78078ms iter=293 REBUILD reject new_tc=33.7114 (was 25.7410)
t=78171ms iter=293 incumb=25.7410 ratchet=25.9280 best=25.7388 since_improve=40
t=78189ms iter=294 WAIST cost=21.0000 best_alt=18.0000 gap=3.0000 tried=5 sep_labels=18 clique_frac=0.01
t=78322ms iter=294 REBUILD reject new_tc=27.7737 (was 25.7410)
t=78418ms iter=294 incumb=25.7410 ratchet=25.8446 best=25.7388 since_improve=41
t=78437ms iter=295 WAIST cost=21.0000 best_alt=17.0000 gap=4.0000 tried=5 sep_labels=17 clique_frac=0.00
t=78568ms iter=295 REBUILD reject new_tc=28.1472 (was 25.7410)
t=78664ms iter=295 incumb=25.7410 ratchet=25.7898 best=25.7388 since_improve=42
t=78681ms iter=296 WAIST cost=21.0000 best_alt=18.0000 gap=3.0000 tried=5 sep_labels=18 clique_frac=0.01
t=78813ms iter=296 REBUILD reject new_tc=26.3897 (was 25.7410)
t=78914ms iter=296 incumb=25.7410 ratchet=25.8102 best=25.7388 since_improve=43
t=78936ms iter=297 WAIST cost=21.0000 best_alt=18.0000 gap=3.0000 tried=5 sep_labels=18 clique_frac=0.01
t=79098ms iter=297 REBUILD reject new_tc=28.1747 (was 25.7410)
t=79195ms iter=297 incumb=25.7410 ratchet=25.8022 best=25.7388 since_improve=44
t=79210ms iter=298 WAIST cost=21.0000 best_alt=18.0000 gap=3.0000 tried=5 sep_labels=18 clique_frac=0.01
t=79337ms iter=298 REBUILD reject new_tc=30.9338 (was 25.7410)
t=79434ms iter=298 incumb=25.7410 ratchet=25.7872 best=25.7388 since_improve=45
t=79454ms iter=299 WAIST cost=21.0000 best_alt=17.0000 gap=4.0000 tried=5 sep_labels=17 clique_frac=0.00
t=79583ms iter=299 REBUILD reject new_tc=26.2998 (was 25.7410)
t=79686ms iter=299 incumb=25.7410 ratchet=25.9175 best=25.7388 since_improve=46
t=79715ms iter=300 WAIST cost=21.0000 best_alt=18.0000 gap=3.0000 tried=5 sep_labels=18 clique_frac=0.01
t=79851ms iter=300 REBUILD reject new_tc=30.8627 (was 25.7410)
t=79947ms iter=300 incumb=25.7410 ratchet=25.7877 best=25.7388 since_improve=47
t=79968ms iter=301 WAIST cost=21.0000 best_alt=17.0000 gap=4.0000 tried=5 sep_labels=17 clique_frac=0.00
t=80097ms iter=301 REBUILD reject new_tc=28.0685 (was 25.7410)
t=80194ms iter=301 incumb=25.7410 ratchet=25.7708 best=25.7388 since_improve=48
t=80210ms iter=302 WAIST cost=21.0000 best_alt=18.0000 gap=3.0000 tried=5 sep_labels=18 clique_frac=0.01
t=80342ms iter=302 REBUILD reject new_tc=26.6968 (was 25.7410)
t=80441ms iter=302 incumb=25.7410 ratchet=25.7958 best=25.7388 since_improve=49
t=80454ms iter=303 WAIST cost=21.0000 best_alt=18.0000 gap=3.0000 tried=5 sep_labels=18 clique_frac=0.01
t=80588ms iter=303 REBUILD reject new_tc=28.1870 (was 25.7410)
t=80686ms iter=303 incumb=25.7410 ratchet=25.8275 best=25.7388 since_improve=50
t=80700ms iter=304 WAIST cost=21.0000 best_alt=18.0000 gap=3.0000 tried=5 sep_labels=18 clique_frac=0.01
t=80828ms iter=304 REBUILD reject new_tc=30.5993 (was 25.7410)
t=80922ms iter=304 incumb=25.7410 ratchet=25.8185 best=25.7388 since_improve=51
t=80943ms iter=305 WAIST cost=21.0000 best_alt=18.0000 gap=3.0000 tried=5 sep_labels=18 clique_frac=0.01
t=81072ms iter=305 REBUILD reject new_tc=28.3909 (was 25.7410)
t=81167ms iter=305 incumb=25.7410 ratchet=25.8246 best=25.7388 since_improve=52
t=81187ms iter=306 WAIST cost=21.0000 best_alt=18.0000 gap=3.0000 tried=5 sep_labels=18 clique_frac=0.01
t=81316ms iter=306 REBUILD reject new_tc=30.4989 (was 25.7410)
t=81413ms iter=306 incumb=25.7410 ratchet=25.8912 best=25.7388 since_improve=53
t=81432ms iter=307 WAIST cost=21.0000 best_alt=18.0000 gap=3.0000 tried=5 sep_labels=18 clique_frac=0.01
t=81563ms iter=307 REBUILD reject new_tc=34.8233 (was 25.7410)
t=81660ms iter=307 incumb=25.7410 ratchet=25.8018 best=25.7388 since_improve=54
t=81678ms iter=308 WAIST cost=21.0000 best_alt=18.0000 gap=3.0000 tried=5 sep_labels=18 clique_frac=0.01
t=81805ms iter=308 REBUILD reject new_tc=30.3068 (was 25.7410)
t=81902ms iter=308 incumb=25.7410 ratchet=25.9729 best=25.7388 since_improve=55
t=81919ms iter=309 WAIST cost=21.0000 best_alt=18.0000 gap=3.0000 tried=5 sep_labels=18 clique_frac=0.01
t=82055ms iter=309 REBUILD reject new_tc=29.5181 (was 25.7410)
t=82152ms iter=309 incumb=25.7410 ratchet=26.0208 best=25.7388 since_improve=56
t=82170ms iter=310 WAIST cost=21.0000 best_alt=18.0000 gap=3.0000 tried=5 sep_labels=18 clique_frac=0.01
t=82299ms iter=310 REBUILD reject new_tc=30.9233 (was 25.7410)
t=82397ms iter=310 incumb=25.7410 ratchet=25.8855 best=25.7388 since_improve=57
t=82420ms iter=311 WAIST cost=21.0000 best_alt=18.0000 gap=3.0000 tried=5 sep_labels=18 clique_frac=0.01
t=82550ms iter=311 REBUILD reject new_tc=33.2061 (was 25.7410)
t=82651ms iter=311 incumb=25.7410 ratchet=25.8554 best=25.7388 since_improve=58
t=82669ms iter=312 WAIST cost=21.0000 best_alt=18.0000 gap=3.0000 tried=5 sep_labels=18 clique_frac=0.01
t=82795ms iter=312 REBUILD reject new_tc=36.4053 (was 25.7410)
t=82888ms iter=312 incumb=25.7410 ratchet=25.8275 best=25.7388 since_improve=59
t=82908ms iter=313 WAIST cost=21.0000 best_alt=18.0000 gap=3.0000 tried=5 sep_labels=18 clique_frac=0.01
t=83037ms iter=313 REBUILD reject new_tc=30.4840 (was 25.7410)
t=83132ms iter=313 incumb=25.7410 ratchet=25.9079 best=25.7388 since_improve=60
t=83150ms iter=314 WAIST cost=21.0000 best_alt=18.0000 gap=3.0000 tried=5 sep_labels=18 clique_frac=0.01
t=83277ms iter=314 REBUILD reject new_tc=30.7170 (was 25.7410)
t=83374ms iter=314 incumb=25.7410 ratchet=25.8045 best=25.7388 since_improve=61
t=83392ms iter=315 WAIST cost=21.0000 best_alt=18.0000 gap=3.0000 tried=5 sep_labels=18 clique_frac=0.01
t=83523ms iter=315 REBUILD reject new_tc=30.0997 (was 25.7410)
t=83618ms iter=315 incumb=25.7410 ratchet=25.8436 best=25.7388 since_improve=62
t=83637ms iter=316 WAIST cost=21.0000 best_alt=18.0000 gap=3.0000 tried=5 sep_labels=18 clique_frac=0.01
t=83770ms iter=316 REBUILD reject new_tc=27.7490 (was 25.7410)
t=83867ms iter=316 incumb=25.7410 ratchet=25.7890 best=25.7388 since_improve=63
t=83884ms iter=317 WAIST cost=21.0000 best_alt=17.0000 gap=4.0000 tried=5 sep_labels=17 clique_frac=0.00
t=84015ms iter=317 REBUILD reject new_tc=26.5007 (was 25.7410)
t=84109ms iter=317 incumb=25.7410 ratchet=25.8037 best=25.7388 since_improve=64
t=84125ms iter=318 WAIST cost=21.0000 best_alt=17.0000 gap=4.0000 tried=5 sep_labels=17 clique_frac=0.01
t=84248ms iter=318 REBUILD reject new_tc=27.9767 (was 25.7410)
t=84338ms iter=318 incumb=25.7410 ratchet=25.9071 best=25.7388 since_improve=65
t=84358ms iter=319 WAIST cost=21.0000 best_alt=18.0000 gap=3.0000 tried=5 sep_labels=18 clique_frac=0.01
t=84487ms iter=319 REBUILD reject new_tc=30.8205 (was 25.7410)
t=84583ms iter=319 incumb=25.7410 ratchet=25.8143 best=25.7388 since_improve=66
t=84605ms iter=320 WAIST cost=21.0000 best_alt=18.0000 gap=3.0000 tried=5 sep_labels=18 clique_frac=0.01
t=84736ms iter=320 REBUILD reject new_tc=30.6569 (was 25.7410)
t=84835ms iter=320 incumb=25.7410 ratchet=25.8019 best=25.7388 since_improve=67
t=84853ms iter=321 WAIST cost=21.0000 best_alt=18.0000 gap=3.0000 tried=5 sep_labels=18 clique_frac=0.01
t=84982ms iter=321 REBUILD reject new_tc=30.4958 (was 25.7410)
t=85079ms iter=321 incumb=25.7410 ratchet=25.9387 best=25.7388 since_improve=68
t=85099ms iter=322 WAIST cost=21.0000 best_alt=18.0000 gap=3.0000 tried=5 sep_labels=18 clique_frac=0.01
t=85229ms iter=322 REBUILD reject new_tc=30.5849 (was 25.7410)
t=85326ms iter=322 incumb=25.7410 ratchet=25.7913 best=25.7388 since_improve=69
t=85341ms iter=323 WAIST cost=21.0000 best_alt=18.0000 gap=3.0000 tried=5 sep_labels=18 clique_frac=0.01
t=85471ms iter=323 REBUILD reject new_tc=30.4774 (was 25.7410)
t=85569ms iter=323 incumb=25.7410 ratchet=25.7774 best=25.7388 since_improve=70
t=85594ms iter=324 WAIST cost=21.0000 best_alt=18.0000 gap=3.0000 tried=5 sep_labels=18 clique_frac=0.01
t=85726ms iter=324 REBUILD reject new_tc=31.3433 (was 25.7410)
t=85822ms iter=324 incumb=25.7410 ratchet=25.8008 best=25.7388 since_improve=71
t=85839ms iter=325 WAIST cost=21.0000 best_alt=18.0000 gap=3.0000 tried=5 sep_labels=18 clique_frac=0.01
t=85968ms iter=325 REBUILD reject new_tc=31.4640 (was 25.7410)
t=86065ms iter=325 incumb=25.7410 ratchet=25.7563 best=25.7388 since_improve=72
t=86083ms iter=326 WAIST cost=21.0000 best_alt=18.0000 gap=3.0000 tried=5 sep_labels=18 clique_frac=0.01
t=86214ms iter=326 REBUILD reject new_tc=29.1023 (was 25.7410)
t=86312ms iter=326 incumb=25.7410 ratchet=25.8988 best=25.7388 since_improve=73
t=86328ms iter=327 WAIST cost=21.0000 best_alt=18.0000 gap=3.0000 tried=5 sep_labels=18 clique_frac=0.01
t=86460ms iter=327 REBUILD reject new_tc=28.9679 (was 25.7410)
t=86557ms iter=327 incumb=25.7410 ratchet=25.7617 best=25.7388 since_improve=74
t=86577ms iter=328 WAIST cost=21.0000 best_alt=18.0000 gap=3.0000 tried=5 sep_labels=18 clique_frac=0.01
t=86709ms iter=328 REBUILD reject new_tc=30.2919 (was 25.7410)
t=86808ms iter=328 incumb=25.7410 ratchet=25.7652 best=25.7388 since_improve=75
t=86825ms iter=329 WAIST cost=21.0000 best_alt=18.0000 gap=3.0000 tried=5 sep_labels=18 clique_frac=0.01
t=86960ms iter=329 REBUILD reject new_tc=35.0033 (was 25.7410)
t=87058ms iter=329 incumb=25.7410 ratchet=25.7956 best=25.7388 since_improve=76
t=87074ms iter=330 WAIST cost=21.0000 best_alt=18.0000 gap=3.0000 tried=5 sep_labels=18 clique_frac=0.01
t=87203ms iter=330 REBUILD reject new_tc=29.2717 (was 25.7410)
t=87299ms iter=330 incumb=25.7410 ratchet=25.8269 best=25.7388 since_improve=77
t=87301ms iter=331 WAIST cost=21.0000 best_alt=18.0000 gap=3.0000 tried=1 sep_labels=18 clique_frac=0.01
t=87433ms iter=331 REBUILD reject new_tc=30.9303 (was 25.7410)
t_final=87513ms tc_reduced=25.7388 tc_full=26.1413 leaves=2124
surgery summary: calls=331 cheaper_cuts=331 rebuild_accepts=0 waist_min_hits=0
