probe: instance=uai_linkage_13 n_orig=2124 n=513 fusible=0.7585 nlabels=470 t=11ms
seed_greedy tc=41.6120 t=504ms
t=577ms iter=1 WAIST cost=22.0000 best_alt=17.0000 gap=5.0000 tried=5 sep_labels=17 clique_frac=0.00
t=733ms iter=1 REBUILD reject new_tc=29.5373 (was 26.2132)
t=909ms iter=1 incumb=26.2132 ratchet=26.0105 best=26.0105 since_improve=0
t=916ms iter=2 WAIST cost=22.0000 best_alt=20.0000 gap=2.0000 tried=5 sep_labels=20 clique_frac=0.04
t=1067ms iter=2 REBUILD reject new_tc=35.0170 (was 26.0105)
t=1235ms iter=2 incumb=26.0105 ratchet=25.8907 best=25.8907 since_improve=0
t=1245ms iter=3 WAIST cost=22.0000 best_alt=17.0000 gap=5.0000 tried=5 sep_labels=17 clique_frac=0.00
t=1399ms iter=3 REBUILD reject new_tc=29.6215 (was 25.8907)
t=1572ms iter=3 incumb=25.8907 ratchet=25.8644 best=25.8387 since_improve=0
t=1579ms iter=4 WAIST cost=21.0000 best_alt=17.0000 gap=4.0000 tried=5 sep_labels=17 clique_frac=0.00
t=1741ms iter=4 REBUILD reject new_tc=28.3522 (was 25.8644)
t=1917ms iter=4 incumb=25.8644 ratchet=25.8790 best=25.8375 since_improve=1
t=1923ms iter=5 WAIST cost=21.0000 best_alt=17.0000 gap=4.0000 tried=5 sep_labels=17 clique_frac=0.00
t=2084ms iter=5 REBUILD reject new_tc=26.1238 (was 25.8644)
t=2257ms iter=5 incumb=25.8644 ratchet=25.8547 best=25.8358 since_improve=0
t=2262ms iter=6 WAIST cost=22.0000 best_alt=0.0000 gap=22.0000 tried=5 sep_labels=0 clique_frac=1.00
t=2428ms iter=6 REBUILD reject new_tc=26.5331 (was 25.8547)
t=2523ms iter=6 incumb=25.8547 ratchet=25.8395 best=25.8358 since_improve=0
t=2530ms iter=7 WAIST cost=21.0000 best_alt=16.0000 gap=5.0000 tried=5 sep_labels=16 clique_frac=0.00
t=2686ms iter=7 REBUILD reject new_tc=29.3554 (was 25.8395)
t=2782ms iter=7 incumb=25.8395 ratchet=25.8949 best=25.8358 since_improve=1
t=2790ms iter=8 WAIST cost=21.0000 best_alt=16.0000 gap=5.0000 tried=5 sep_labels=16 clique_frac=0.00
t=2941ms iter=8 REBUILD reject new_tc=26.8937 (was 25.8395)
t=3037ms iter=8 incumb=25.8395 ratchet=25.9523 best=25.8358 since_improve=2
t=3044ms iter=9 WAIST cost=21.0000 best_alt=16.0000 gap=5.0000 tried=5 sep_labels=16 clique_frac=0.00
t=3198ms iter=9 REBUILD reject new_tc=31.1182 (was 25.8395)
t=3294ms iter=9 incumb=25.8395 ratchet=25.9242 best=25.8358 since_improve=3
t=3301ms iter=10 WAIST cost=21.0000 best_alt=16.0000 gap=5.0000 tried=5 sep_labels=16 clique_frac=0.00
t=3458ms iter=10 REBUILD reject new_tc=26.4077 (was 25.8395)
t=3636ms iter=10 incumb=25.8395 ratchet=25.8088 best=25.8088 since_improve=0
t=3641ms iter=11 WAIST cost=21.0000 best_alt=17.0000 gap=4.0000 tried=5 sep_labels=17 clique_frac=0.00
t=3804ms iter=11 REBUILD reject new_tc=28.2499 (was 25.8088)
t=3898ms iter=11 incumb=25.8088 ratchet=25.8908 best=25.8088 since_improve=1
t=3903ms iter=12 WAIST cost=21.0000 best_alt=17.0000 gap=4.0000 tried=5 sep_labels=17 clique_frac=0.00
t=4063ms iter=12 REBUILD reject new_tc=26.6539 (was 25.8088)
t=4160ms iter=12 incumb=25.8088 ratchet=25.8222 best=25.8088 since_improve=2
t=4165ms iter=13 WAIST cost=21.0000 best_alt=17.0000 gap=4.0000 tried=5 sep_labels=17 clique_frac=0.00
t=4323ms iter=13 REBUILD reject new_tc=26.7293 (was 25.8088)
t=4418ms iter=13 incumb=25.8088 ratchet=25.8519 best=25.8088 since_improve=3
t=4425ms iter=14 WAIST cost=21.0000 best_alt=17.0000 gap=4.0000 tried=5 sep_labels=17 clique_frac=0.00
t=4587ms iter=14 REBUILD reject new_tc=30.5120 (was 25.8088)
t=4684ms iter=14 incumb=25.8088 ratchet=25.9058 best=25.8088 since_improve=4
t=4689ms iter=15 WAIST cost=21.0000 best_alt=17.0000 gap=4.0000 tried=5 sep_labels=17 clique_frac=0.00
t=4850ms iter=15 REBUILD reject new_tc=28.8596 (was 25.8088)
t=4946ms iter=15 incumb=25.8088 ratchet=25.8836 best=25.8088 since_improve=5
t=4954ms iter=16 WAIST cost=21.0000 best_alt=17.0000 gap=4.0000 tried=5 sep_labels=17 clique_frac=0.00
t=5116ms iter=16 REBUILD reject new_tc=25.8278 (was 25.8088)
t=5212ms iter=16 incumb=25.8088 ratchet=25.9131 best=25.8088 since_improve=6
t=5218ms iter=17 WAIST cost=21.0000 best_alt=17.0000 gap=4.0000 tried=5 sep_labels=17 clique_frac=0.00
t=5377ms iter=17 REBUILD reject new_tc=26.3603 (was 25.8088)
t=5471ms iter=17 incumb=25.8088 ratchet=25.9837 best=25.8088 since_improve=7
t=5476ms iter=18 WAIST cost=21.0000 best_alt=17.0000 gap=4.0000 tried=5 sep_labels=17 clique_frac=0.00
t=5636ms iter=18 REBUILD reject new_tc=25.9937 (was 25.8088)
t=5816ms iter=18 incumb=25.8088 ratchet=25.7913 best=25.7669 since_improve=0
t=5822ms iter=19 WAIST cost=21.0000 best_alt=17.0000 gap=4.0000 tried=5 sep_labels=17 clique_frac=0.00
t=5983ms iter=19 REBUILD reject new_tc=26.3131 (was 25.7913)
t=6079ms iter=19 incumb=25.7913 ratchet=25.8389 best=25.7669 since_improve=1
t=6084ms iter=20 WAIST cost=21.0000 best_alt=17.0000 gap=4.0000 tried=5 sep_labels=17 clique_frac=0.00
t=6243ms iter=20 REBUILD reject new_tc=26.4453 (was 25.7913)
t=6340ms iter=20 incumb=25.7913 ratchet=25.7940 best=25.7669 since_improve=2
t=6347ms iter=21 WAIST cost=21.0000 best_alt=17.0000 gap=4.0000 tried=5 sep_labels=17 clique_frac=0.00
t=6506ms iter=21 REBUILD reject new_tc=26.5046 (was 25.7913)
t=6603ms iter=21 incumb=25.7913 ratchet=25.8707 best=25.7669 since_improve=3
t=6610ms iter=22 WAIST cost=21.0000 best_alt=17.0000 gap=4.0000 tried=5 sep_labels=17 clique_frac=0.00
t=6768ms iter=22 REBUILD reject new_tc=26.1551 (was 25.7913)
t=6865ms iter=22 incumb=25.7913 ratchet=25.8592 best=25.7669 since_improve=4
t=6872ms iter=23 WAIST cost=21.0000 best_alt=17.0000 gap=4.0000 tried=5 sep_labels=17 clique_frac=0.00
t=7029ms iter=23 REBUILD reject new_tc=25.9455 (was 25.7913)
t=7128ms iter=23 incumb=25.7913 ratchet=25.8014 best=25.7669 since_improve=5
t=7134ms iter=24 WAIST cost=21.0000 best_alt=17.0000 gap=4.0000 tried=5 sep_labels=17 clique_frac=0.00
t=7290ms iter=24 REBUILD reject new_tc=29.4638 (was 25.7913)
t=7387ms iter=24 incumb=25.7913 ratchet=25.8232 best=25.7669 since_improve=6
t=7394ms iter=25 WAIST cost=21.0000 best_alt=17.0000 gap=4.0000 tried=5 sep_labels=17 clique_frac=0.00
t=7549ms iter=25 REBUILD reject new_tc=30.1294 (was 25.7913)
t=7642ms iter=25 incumb=25.7913 ratchet=25.8333 best=25.7669 since_improve=7
t=7648ms iter=26 WAIST cost=21.0000 best_alt=16.0000 gap=5.0000 tried=5 sep_labels=16 clique_frac=0.00
t=7808ms iter=26 REBUILD reject new_tc=27.0049 (was 25.7913)
t=7904ms iter=26 incumb=25.7913 ratchet=25.8084 best=25.7669 since_improve=8
t=7911ms iter=27 WAIST cost=21.0000 best_alt=17.0000 gap=4.0000 tried=5 sep_labels=17 clique_frac=0.00
t=8066ms iter=27 REBUILD reject new_tc=33.2838 (was 25.7913)
t=8163ms iter=27 incumb=25.7913 ratchet=25.7732 best=25.7669 since_improve=0
t=8170ms iter=28 WAIST cost=20.0000 best_alt=17.0000 gap=3.0000 tried=5 sep_labels=17 clique_frac=0.00
t=8328ms iter=28 REBUILD reject new_tc=25.9939 (was 25.7732)
t=8423ms iter=28 incumb=25.7732 ratchet=25.8904 best=25.7669 since_improve=1
t=8429ms iter=29 WAIST cost=20.0000 best_alt=17.0000 gap=3.0000 tried=5 sep_labels=17 clique_frac=0.00
t=8585ms iter=29 REBUILD reject new_tc=26.5475 (was 25.7732)
t=8773ms iter=29 incumb=25.7732 ratchet=25.7631 best=25.7631 since_improve=0
t=8780ms iter=30 WAIST cost=21.0000 best_alt=15.0000 gap=6.0000 tried=5 sep_labels=15 clique_frac=0.00
t=8945ms iter=30 REBUILD reject new_tc=25.9437 (was 25.7631)
t=9040ms iter=30 incumb=25.7631 ratchet=25.8232 best=25.7631 since_improve=1
t=9046ms iter=31 WAIST cost=21.0000 best_alt=15.0000 gap=6.0000 tried=5 sep_labels=15 clique_frac=0.00
t=9210ms iter=31 REBUILD reject new_tc=28.4559 (was 25.7631)
t=9304ms iter=31 incumb=25.7631 ratchet=25.7960 best=25.7631 since_improve=2
t=9311ms iter=32 WAIST cost=21.0000 best_alt=15.0000 gap=6.0000 tried=5 sep_labels=15 clique_frac=0.00
t=9475ms iter=32 REBUILD reject new_tc=25.9258 (was 25.7631)
t=9571ms iter=32 incumb=25.7631 ratchet=25.8883 best=25.7631 since_improve=3
t=9577ms iter=33 WAIST cost=21.0000 best_alt=15.0000 gap=6.0000 tried=5 sep_labels=15 clique_frac=0.00
t=9741ms iter=33 REBUILD reject new_tc=28.2893 (was 25.7631)
t=9835ms iter=33 incumb=25.7631 ratchet=26.0707 best=25.7631 since_improve=4
t=9842ms iter=34 WAIST cost=21.0000 best_alt=15.0000 gap=6.0000 tried=5 sep_labels=15 clique_frac=0.00
t=10002ms iter=34 REBUILD reject new_tc=35.1389 (was 25.7631)
t=10101ms iter=34 incumb=25.7631 ratchet=25.9586 best=25.7631 since_improve=5
t=10107ms iter=35 WAIST cost=21.0000 best_alt=15.0000 gap=6.0000 tried=5 sep_labels=15 clique_frac=0.00
t=10269ms iter=35 REBUILD reject new_tc=27.0267 (was 25.7631)
t=10366ms iter=35 incumb=25.7631 ratchet=25.9072 best=25.7631 since_improve=6
t=10373ms iter=36 WAIST cost=21.0000 best_alt=15.0000 gap=6.0000 tried=5 sep_labels=15 clique_frac=0.00
t=10534ms iter=36 REBUILD reject new_tc=32.5241 (was 25.7631)
t=10632ms iter=36 incumb=25.7631 ratchet=25.8093 best=25.7631 since_improve=7
t=10638ms iter=37 WAIST cost=21.0000 best_alt=15.0000 gap=6.0000 tried=5 sep_labels=15 clique_frac=0.00
t=10800ms iter=37 REBUILD reject new_tc=32.5788 (was 25.7631)
t=10895ms iter=37 incumb=25.7631 ratchet=25.8397 best=25.7631 since_improve=8
t=10901ms iter=38 WAIST cost=21.0000 best_alt=15.0000 gap=6.0000 tried=5 sep_labels=15 clique_frac=0.00
t=11070ms iter=38 REBUILD reject new_tc=30.3199 (was 25.7631)
t=11166ms iter=38 incumb=25.7631 ratchet=25.7886 best=25.7631 since_improve=9
t=11172ms iter=39 WAIST cost=21.0000 best_alt=15.0000 gap=6.0000 tried=5 sep_labels=15 clique_frac=0.00
t=11332ms iter=39 REBUILD reject new_tc=27.7763 (was 25.7631)
t=11428ms iter=39 incumb=25.7631 ratchet=25.7760 best=25.7631 since_improve=10
t=11434ms iter=40 WAIST cost=21.0000 best_alt=15.0000 gap=6.0000 tried=5 sep_labels=15 clique_frac=0.00
t=11593ms iter=40 REBUILD reject new_tc=26.1467 (was 25.7631)
t=11689ms iter=40 incumb=25.7631 ratchet=25.7875 best=25.7631 since_improve=11
t=11695ms iter=41 WAIST cost=21.0000 best_alt=15.0000 gap=6.0000 tried=5 sep_labels=15 clique_frac=0.00
t=11857ms iter=41 REBUILD reject new_tc=28.1628 (was 25.7631)
t=11953ms iter=41 incumb=25.7631 ratchet=25.9894 best=25.7631 since_improve=12
t=11959ms iter=42 WAIST cost=21.0000 best_alt=15.0000 gap=6.0000 tried=5 sep_labels=15 clique_frac=0.00
t=12122ms iter=42 REBUILD reject new_tc=30.4672 (was 25.7631)
t=12220ms iter=42 incumb=25.7631 ratchet=25.8267 best=25.7631 since_improve=13
t=12226ms iter=43 WAIST cost=21.0000 best_alt=15.0000 gap=6.0000 tried=5 sep_labels=15 clique_frac=0.00
t=12392ms iter=43 REBUILD reject new_tc=27.6695 (was 25.7631)
t=12490ms iter=43 incumb=25.7631 ratchet=25.7945 best=25.7631 since_improve=14
t=12496ms iter=44 WAIST cost=21.0000 best_alt=15.0000 gap=6.0000 tried=5 sep_labels=15 clique_frac=0.00
t=12659ms iter=44 REBUILD reject new_tc=28.2126 (was 25.7631)
t=12756ms iter=44 incumb=25.7631 ratchet=25.9135 best=25.7631 since_improve=15
t=12764ms iter=45 WAIST cost=21.0000 best_alt=15.0000 gap=6.0000 tried=5 sep_labels=15 clique_frac=0.00
t=12929ms iter=45 REBUILD reject new_tc=25.9832 (was 25.7631)
t=13025ms iter=45 incumb=25.7631 ratchet=25.9640 best=25.7631 since_improve=16
t=13031ms iter=46 WAIST cost=21.0000 best_alt=15.0000 gap=6.0000 tried=5 sep_labels=15 clique_frac=0.00
t=13193ms iter=46 REBUILD reject new_tc=26.3149 (was 25.7631)
t=13287ms iter=46 incumb=25.7631 ratchet=25.7918 best=25.7631 since_improve=17
t=13293ms iter=47 WAIST cost=21.0000 best_alt=15.0000 gap=6.0000 tried=5 sep_labels=15 clique_frac=0.00
t=13459ms iter=47 REBUILD reject new_tc=25.9633 (was 25.7631)
t=13554ms iter=47 incumb=25.7631 ratchet=25.8709 best=25.7631 since_improve=18
t=13560ms iter=48 WAIST cost=21.0000 best_alt=15.0000 gap=6.0000 tried=5 sep_labels=15 clique_frac=0.00
t=13719ms iter=48 REBUILD reject new_tc=26.0004 (was 25.7631)
t=13814ms iter=48 incumb=25.7631 ratchet=25.8521 best=25.7631 since_improve=19
t=13821ms iter=49 WAIST cost=21.0000 best_alt=15.0000 gap=6.0000 tried=5 sep_labels=15 clique_frac=0.00
t=13988ms iter=49 REBUILD reject new_tc=29.6336 (was 25.7631)
t=14086ms iter=49 incumb=25.7631 ratchet=25.8439 best=25.7631 since_improve=20
t=14092ms iter=50 WAIST cost=21.0000 best_alt=15.0000 gap=6.0000 tried=5 sep_labels=15 clique_frac=0.00
t=14256ms iter=50 REBUILD reject new_tc=26.4109 (was 25.7631)
t=14353ms iter=50 incumb=25.7631 ratchet=25.8353 best=25.7631 since_improve=21
t=14359ms iter=51 WAIST cost=21.0000 best_alt=13.0000 gap=8.0000 tried=5 sep_labels=13 clique_frac=0.03
t=14516ms iter=51 REBUILD reject new_tc=29.4714 (was 25.7631)
t=14614ms iter=51 incumb=25.7631 ratchet=25.8298 best=25.7631 since_improve=22
t=14620ms iter=52 WAIST cost=21.0000 best_alt=15.0000 gap=6.0000 tried=5 sep_labels=15 clique_frac=0.00
t=14784ms iter=52 REBUILD reject new_tc=28.1633 (was 25.7631)
t=14972ms iter=52 incumb=25.7631 ratchet=25.7592 best=25.7551 since_improve=0
t=14979ms iter=53 WAIST cost=21.0000 best_alt=17.0000 gap=4.0000 tried=5 sep_labels=17 clique_frac=0.00
t=15138ms iter=53 REBUILD reject new_tc=26.0996 (was 25.7592)
t=15234ms iter=53 incumb=25.7592 ratchet=25.7853 best=25.7551 since_improve=1
t=15239ms iter=54 WAIST cost=21.0000 best_alt=17.0000 gap=4.0000 tried=5 sep_labels=17 clique_frac=0.00
t=15402ms iter=54 REBUILD reject new_tc=26.3414 (was 25.7592)
t=15574ms iter=54 incumb=25.7592 ratchet=25.7525 best=25.7525 since_improve=0
t=15580ms iter=55 WAIST cost=20.0000 best_alt=17.0000 gap=3.0000 tried=5 sep_labels=17 clique_frac=0.00
t=15735ms iter=55 REBUILD reject new_tc=33.4753 (was 25.7525)
t=15832ms iter=55 incumb=25.7525 ratchet=25.8138 best=25.7525 since_improve=1
t=15838ms iter=56 WAIST cost=20.0000 best_alt=17.0000 gap=3.0000 tried=5 sep_labels=17 clique_frac=0.00
t=15993ms iter=56 REBUILD reject new_tc=29.3653 (was 25.7525)
t=16088ms iter=56 incumb=25.7525 ratchet=25.8111 best=25.7525 since_improve=2
t=16095ms iter=57 WAIST cost=20.0000 best_alt=17.0000 gap=3.0000 tried=5 sep_labels=17 clique_frac=0.00
t=16254ms iter=57 REBUILD reject new_tc=26.3250 (was 25.7525)
t=16350ms iter=57 incumb=25.7525 ratchet=25.9311 best=25.7525 since_improve=3
t=16356ms iter=58 WAIST cost=20.0000 best_alt=17.0000 gap=3.0000 tried=5 sep_labels=17 clique_frac=0.00
t=16514ms iter=58 REBUILD reject new_tc=35.1096 (was 25.7525)
t=16609ms iter=58 incumb=25.7525 ratchet=25.9822 best=25.7525 since_improve=4
t=16616ms iter=59 WAIST cost=20.0000 best_alt=17.0000 gap=3.0000 tried=5 sep_labels=17 clique_frac=0.00
t=16773ms iter=59 REBUILD reject new_tc=30.6284 (was 25.7525)
t=16871ms iter=59 incumb=25.7525 ratchet=25.7761 best=25.7525 since_improve=5
t=16877ms iter=60 WAIST cost=20.0000 best_alt=17.0000 gap=3.0000 tried=5 sep_labels=17 clique_frac=0.00
t=17035ms iter=60 REBUILD reject new_tc=26.3325 (was 25.7525)
t=17131ms iter=60 incumb=25.7525 ratchet=25.8281 best=25.7525 since_improve=6
t=17137ms iter=61 WAIST cost=20.0000 best_alt=17.0000 gap=3.0000 tried=5 sep_labels=17 clique_frac=0.00
t=17296ms iter=61 REBUILD reject new_tc=33.0735 (was 25.7525)
t=17392ms iter=61 incumb=25.7525 ratchet=25.7623 best=25.7525 since_improve=7
t=17399ms iter=62 WAIST cost=20.0000 best_alt=17.0000 gap=3.0000 tried=5 sep_labels=17 clique_frac=0.00
t=17553ms iter=62 REBUILD reject new_tc=26.0413 (was 25.7525)
t=17650ms iter=62 incumb=25.7525 ratchet=25.7814 best=25.7525 since_improve=8
t=17656ms iter=63 WAIST cost=20.0000 best_alt=17.0000 gap=3.0000 tried=5 sep_labels=17 clique_frac=0.00
t=17812ms iter=63 REBUILD reject new_tc=28.7261 (was 25.7525)
t=17906ms iter=63 incumb=25.7525 ratchet=25.8239 best=25.7525 since_improve=9
t=17912ms iter=64 WAIST cost=20.0000 best_alt=17.0000 gap=3.0000 tried=5 sep_labels=17 clique_frac=0.00
t=18070ms iter=64 REBUILD reject new_tc=27.5680 (was 25.7525)
t=18165ms iter=64 incumb=25.7525 ratchet=25.7801 best=25.7525 since_improve=10
t=18171ms iter=65 WAIST cost=20.0000 best_alt=17.0000 gap=3.0000 tried=5 sep_labels=17 clique_frac=0.00
t=18327ms iter=65 REBUILD reject new_tc=36.5804 (was 25.7525)
t=18424ms iter=65 incumb=25.7525 ratchet=25.8254 best=25.7525 since_improve=11
t=18430ms iter=66 WAIST cost=20.0000 best_alt=17.0000 gap=3.0000 tried=5 sep_labels=17 clique_frac=0.00
t=18589ms iter=66 REBUILD reject new_tc=26.1961 (was 25.7525)
t=18682ms iter=66 incumb=25.7525 ratchet=25.8504 best=25.7525 since_improve=12
t=18689ms iter=67 WAIST cost=20.0000 best_alt=17.0000 gap=3.0000 tried=5 sep_labels=17 clique_frac=0.00
t=18847ms iter=67 REBUILD reject new_tc=25.9083 (was 25.7525)
t=18942ms iter=67 incumb=25.7525 ratchet=25.7845 best=25.7525 since_improve=13
t=18948ms iter=68 WAIST cost=20.0000 best_alt=17.0000 gap=3.0000 tried=5 sep_labels=17 clique_frac=0.00
t=19101ms iter=68 REBUILD reject new_tc=26.0452 (was 25.7525)
t=19185ms iter=68 incumb=25.7525 ratchet=25.9430 best=25.7525 since_improve=14
t=19191ms iter=69 WAIST cost=20.0000 best_alt=17.0000 gap=3.0000 tried=5 sep_labels=17 clique_frac=0.00
t=19347ms iter=69 REBUILD reject new_tc=26.3873 (was 25.7525)
t=19446ms iter=69 incumb=25.7525 ratchet=26.0590 best=25.7525 since_improve=15
t=19453ms iter=70 WAIST cost=20.0000 best_alt=17.0000 gap=3.0000 tried=5 sep_labels=17 clique_frac=0.00
t=19609ms iter=70 REBUILD reject new_tc=27.5751 (was 25.7525)
t=19703ms iter=70 incumb=25.7525 ratchet=26.2727 best=25.7525 since_improve=16
t=19710ms iter=71 WAIST cost=20.0000 best_alt=17.0000 gap=3.0000 tried=5 sep_labels=17 clique_frac=0.00
t=19870ms iter=71 REBUILD reject new_tc=25.9274 (was 25.7525)
t=19964ms iter=71 incumb=25.7525 ratchet=25.8345 best=25.7525 since_improve=17
t=19971ms iter=72 WAIST cost=20.0000 best_alt=17.0000 gap=3.0000 tried=5 sep_labels=17 clique_frac=0.00
t=20126ms iter=72 REBUILD reject new_tc=26.4332 (was 25.7525)
t=20222ms iter=72 incumb=25.7525 ratchet=25.8145 best=25.7525 since_improve=18
t=20229ms iter=73 WAIST cost=20.0000 best_alt=17.0000 gap=3.0000 tried=5 sep_labels=17 clique_frac=0.00
t=20385ms iter=73 REBUILD reject new_tc=28.7569 (was 25.7525)
t=20483ms iter=73 incumb=25.7525 ratchet=25.7963 best=25.7525 since_improve=19
t=20489ms iter=74 WAIST cost=20.0000 best_alt=17.0000 gap=3.0000 tried=5 sep_labels=17 clique_frac=0.00
t=20647ms iter=74 REBUILD reject new_tc=30.6322 (was 25.7525)
t=20742ms iter=74 incumb=25.7525 ratchet=25.8139 best=25.7525 since_improve=20
t=20748ms iter=75 WAIST cost=20.0000 best_alt=17.0000 gap=3.0000 tried=5 sep_labels=17 clique_frac=0.00
t=20906ms iter=75 REBUILD reject new_tc=26.0516 (was 25.7525)
t=21000ms iter=75 incumb=25.7525 ratchet=25.8731 best=25.7525 since_improve=21
t=21008ms iter=76 WAIST cost=20.0000 best_alt=17.0000 gap=3.0000 tried=5 sep_labels=17 clique_frac=0.00
t=21164ms iter=76 REBUILD reject new_tc=30.5442 (was 25.7525)
t=21261ms iter=76 incumb=25.7525 ratchet=25.7963 best=25.7525 since_improve=22
t=21266ms iter=77 WAIST cost=20.0000 best_alt=17.0000 gap=3.0000 tried=5 sep_labels=17 clique_frac=0.00
t=21423ms iter=77 REBUILD reject new_tc=25.9491 (was 25.7525)
t=21518ms iter=77 incumb=25.7525 ratchet=25.8498 best=25.7525 since_improve=23
t=21525ms iter=78 WAIST cost=20.0000 best_alt=16.0000 gap=4.0000 tried=5 sep_labels=16 clique_frac=0.00
t=21688ms iter=78 REBUILD reject new_tc=27.1241 (was 25.7525)
t=21783ms iter=78 incumb=25.7525 ratchet=25.8163 best=25.7525 since_improve=24
t=21790ms iter=79 WAIST cost=20.0000 best_alt=17.0000 gap=3.0000 tried=5 sep_labels=17 clique_frac=0.00
t=21947ms iter=79 REBUILD reject new_tc=36.5008 (was 25.7525)
t=22045ms iter=79 incumb=25.7525 ratchet=25.8187 best=25.7525 since_improve=25
t=22051ms iter=80 WAIST cost=20.0000 best_alt=16.0000 gap=4.0000 tried=5 sep_labels=16 clique_frac=0.00
t=22211ms iter=80 REBUILD reject new_tc=31.1885 (was 25.7525)
t=22307ms iter=80 incumb=25.7525 ratchet=25.9186 best=25.7525 since_improve=26
t=22314ms iter=81 WAIST cost=20.0000 best_alt=17.0000 gap=3.0000 tried=5 sep_labels=17 clique_frac=0.00
t=22472ms iter=81 REBUILD reject new_tc=25.8642 (was 25.7525)
t=22566ms iter=81 incumb=25.7525 ratchet=25.8837 best=25.7525 since_improve=27
t=22573ms iter=82 WAIST cost=20.0000 best_alt=17.0000 gap=3.0000 tried=5 sep_labels=17 clique_frac=0.00
t=22733ms iter=82 REBUILD reject new_tc=26.0514 (was 25.7525)
t=22830ms iter=82 incumb=25.7525 ratchet=25.7791 best=25.7525 since_improve=28
t=22836ms iter=83 WAIST cost=20.0000 best_alt=17.0000 gap=3.0000 tried=5 sep_labels=17 clique_frac=0.00
t=22995ms iter=83 REBUILD reject new_tc=27.1017 (was 25.7525)
t=23091ms iter=83 incumb=25.7525 ratchet=25.8149 best=25.7525 since_improve=29
t=23098ms iter=84 WAIST cost=20.0000 best_alt=17.0000 gap=3.0000 tried=5 sep_labels=17 clique_frac=0.00
t=23257ms iter=84 REBUILD reject new_tc=31.6215 (was 25.7525)
t=23353ms iter=84 incumb=25.7525 ratchet=25.8122 best=25.7525 since_improve=30
t=23361ms iter=85 WAIST cost=20.0000 best_alt=17.0000 gap=3.0000 tried=5 sep_labels=17 clique_frac=0.00
t=23515ms iter=85 REBUILD reject new_tc=29.2240 (was 25.7525)
t=23613ms iter=85 incumb=25.7525 ratchet=25.8145 best=25.7525 since_improve=31
t=23620ms iter=86 WAIST cost=20.0000 best_alt=16.0000 gap=4.0000 tried=5 sep_labels=16 clique_frac=0.00
t=23776ms iter=86 REBUILD reject new_tc=29.7925 (was 25.7525)
t=23873ms iter=86 incumb=25.7525 ratchet=25.8342 best=25.7525 since_improve=32
t=23878ms iter=87 WAIST cost=20.0000 best_alt=17.0000 gap=3.0000 tried=5 sep_labels=17 clique_frac=0.00
t=24037ms iter=87 REBUILD reject new_tc=26.2444 (was 25.7525)
t=24132ms iter=87 incumb=25.7525 ratchet=25.8098 best=25.7525 since_improve=33
t=24140ms iter=88 WAIST cost=20.0000 best_alt=17.0000 gap=3.0000 tried=5 sep_labels=17 clique_frac=0.00
t=24295ms iter=88 REBUILD reject new_tc=30.7347 (was 25.7525)
t=24391ms iter=88 incumb=25.7525 ratchet=25.8619 best=25.7525 since_improve=34
t=24397ms iter=89 WAIST cost=20.0000 best_alt=17.0000 gap=3.0000 tried=5 sep_labels=17 clique_frac=0.00
t=24555ms iter=89 REBUILD reject new_tc=26.0065 (was 25.7525)
t=24653ms iter=89 incumb=25.7525 ratchet=25.8627 best=25.7525 since_improve=35
t=24660ms iter=90 WAIST cost=20.0000 best_alt=17.0000 gap=3.0000 tried=5 sep_labels=17 clique_frac=0.00
t=24818ms iter=90 REBUILD reject new_tc=39.5906 (was 25.7525)
t=24913ms iter=90 incumb=25.7525 ratchet=25.7729 best=25.7525 since_improve=36
t=24921ms iter=91 WAIST cost=20.0000 best_alt=17.0000 gap=3.0000 tried=5 sep_labels=17 clique_frac=0.00
t=25079ms iter=91 REBUILD reject new_tc=26.8353 (was 25.7525)
t=25176ms iter=91 incumb=25.7525 ratchet=25.8435 best=25.7525 since_improve=37
t=25182ms iter=92 WAIST cost=20.0000 best_alt=16.0000 gap=4.0000 tried=5 sep_labels=16 clique_frac=0.00
t=25336ms iter=92 REBUILD reject new_tc=30.0707 (was 25.7525)
t=25432ms iter=92 incumb=25.7525 ratchet=25.7872 best=25.7525 since_improve=38
t=25439ms iter=93 WAIST cost=20.0000 best_alt=17.0000 gap=3.0000 tried=5 sep_labels=17 clique_frac=0.00
t=25597ms iter=93 REBUILD reject new_tc=26.0773 (was 25.7525)
t=25692ms iter=93 incumb=25.7525 ratchet=25.7799 best=25.7525 since_improve=39
t=25699ms iter=94 WAIST cost=20.0000 best_alt=17.0000 gap=3.0000 tried=5 sep_labels=17 clique_frac=0.00
t=25857ms iter=94 REBUILD reject new_tc=26.4007 (was 25.7525)
t=25955ms iter=94 incumb=25.7525 ratchet=25.7855 best=25.7525 since_improve=40
t=25961ms iter=95 WAIST cost=20.0000 best_alt=17.0000 gap=3.0000 tried=5 sep_labels=17 clique_frac=0.00
t=26119ms iter=95 REBUILD reject new_tc=25.9536 (was 25.7525)
t=26212ms iter=95 incumb=25.7525 ratchet=25.7804 best=25.7525 since_improve=41
t=26218ms iter=96 WAIST cost=20.0000 best_alt=17.0000 gap=3.0000 tried=5 sep_labels=17 clique_frac=0.00
t=26373ms iter=96 REBUILD reject new_tc=33.5888 (was 25.7525)
t=26467ms iter=96 incumb=25.7525 ratchet=25.9017 best=25.7525 since_improve=42
t=26473ms iter=97 WAIST cost=20.0000 best_alt=17.0000 gap=3.0000 tried=5 sep_labels=17 clique_frac=0.00
t=26629ms iter=97 REBUILD reject new_tc=33.3756 (was 25.7525)
t=26724ms iter=97 incumb=25.7525 ratchet=25.7696 best=25.7525 since_improve=43
t=26731ms iter=98 WAIST cost=20.0000 best_alt=17.0000 gap=3.0000 tried=5 sep_labels=17 clique_frac=0.00
t=26892ms iter=98 REBUILD reject new_tc=29.0487 (was 25.7525)
t=26987ms iter=98 incumb=25.7525 ratchet=25.7993 best=25.7525 since_improve=44
t=26994ms iter=99 WAIST cost=20.0000 best_alt=17.0000 gap=3.0000 tried=5 sep_labels=17 clique_frac=0.00
t=27151ms iter=99 REBUILD reject new_tc=26.1882 (was 25.7525)
t=27245ms iter=99 incumb=25.7525 ratchet=25.7755 best=25.7525 since_improve=45
t=27251ms iter=100 WAIST cost=20.0000 best_alt=17.0000 gap=3.0000 tried=5 sep_labels=17 clique_frac=0.00
t=27409ms iter=100 REBUILD reject new_tc=26.0379 (was 25.7525)
t=27502ms iter=100 incumb=25.7525 ratchet=25.8118 best=25.7525 since_improve=46
t=27509ms iter=101 WAIST cost=20.0000 best_alt=17.0000 gap=3.0000 tried=5 sep_labels=17 clique_frac=0.00
t=27668ms iter=101 REBUILD reject new_tc=26.1015 (was 25.7525)
t=27767ms iter=101 incumb=25.7525 ratchet=25.8469 best=25.7525 since_improve=47
t=27774ms iter=102 WAIST cost=20.0000 best_alt=16.0000 gap=4.0000 tried=5 sep_labels=16 clique_frac=0.00
t=27935ms iter=102 REBUILD reject new_tc=28.2655 (was 25.7525)
t=28027ms iter=102 incumb=25.7525 ratchet=25.7683 best=25.7525 since_improve=48
t=28034ms iter=103 WAIST cost=20.0000 best_alt=17.0000 gap=3.0000 tried=5 sep_labels=17 clique_frac=0.00
t=28195ms iter=103 REBUILD reject new_tc=26.0439 (was 25.7525)
t=28291ms iter=103 incumb=25.7525 ratchet=25.8343 best=25.7525 since_improve=49
t=28297ms iter=104 WAIST cost=20.0000 best_alt=17.0000 gap=3.0000 tried=5 sep_labels=17 clique_frac=0.00
t=28454ms iter=104 REBUILD reject new_tc=28.9722 (was 25.7525)
t=28552ms iter=104 incumb=25.7525 ratchet=25.8195 best=25.7525 since_improve=50
t=28558ms iter=105 WAIST cost=20.0000 best_alt=17.0000 gap=3.0000 tried=5 sep_labels=17 clique_frac=0.00
t=28714ms iter=105 REBUILD reject new_tc=28.1625 (was 25.7525)
t=28811ms iter=105 incumb=25.7525 ratchet=25.8612 best=25.7525 since_improve=51
t=28817ms iter=106 WAIST cost=20.0000 best_alt=17.0000 gap=3.0000 tried=5 sep_labels=17 clique_frac=0.00
t=28973ms iter=106 REBUILD reject new_tc=25.8815 (was 25.7525)
t=29069ms iter=106 incumb=25.7525 ratchet=25.8053 best=25.7525 since_improve=52
t=29075ms iter=107 WAIST cost=20.0000 best_alt=17.0000 gap=3.0000 tried=5 sep_labels=17 clique_frac=0.00
t=29262ms iter=107 REBUILD reject new_tc=26.6897 (was 25.7525)
t=29365ms iter=107 incumb=25.7525 ratchet=26.0743 best=25.7525 since_improve=53
t=29371ms iter=108 WAIST cost=20.0000 best_alt=17.0000 gap=3.0000 tried=5 sep_labels=17 clique_frac=0.00
t=29528ms iter=108 REBUILD reject new_tc=26.8555 (was 25.7525)
t=29623ms iter=108 incumb=25.7525 ratchet=25.8195 best=25.7525 since_improve=54
t=29629ms iter=109 WAIST cost=20.0000 best_alt=17.0000 gap=3.0000 tried=5 sep_labels=17 clique_frac=0.00
t=29790ms iter=109 REBUILD reject new_tc=39.4573 (was 25.7525)
t=29906ms iter=109 incumb=25.7525 ratchet=25.8785 best=25.7525 since_improve=55
t=29913ms iter=110 WAIST cost=20.0000 best_alt=17.0000 gap=3.0000 tried=5 sep_labels=17 clique_frac=0.00
t=30070ms iter=110 REBUILD reject new_tc=38.7127 (was 25.7525)
t=30166ms iter=110 incumb=25.7525 ratchet=25.8595 best=25.7525 since_improve=56
t=30174ms iter=111 WAIST cost=20.0000 best_alt=17.0000 gap=3.0000 tried=5 sep_labels=17 clique_frac=0.00
t=30335ms iter=111 REBUILD reject new_tc=26.1077 (was 25.7525)
t=30430ms iter=111 incumb=25.7525 ratchet=25.9372 best=25.7525 since_improve=57
t=30435ms iter=112 WAIST cost=20.0000 best_alt=17.0000 gap=3.0000 tried=5 sep_labels=17 clique_frac=0.00
t=30594ms iter=112 REBUILD reject new_tc=26.8470 (was 25.7525)
t=30686ms iter=112 incumb=25.7525 ratchet=25.8061 best=25.7525 since_improve=58
t=30692ms iter=113 WAIST cost=20.0000 best_alt=17.0000 gap=3.0000 tried=5 sep_labels=17 clique_frac=0.00
t=30854ms iter=113 REBUILD reject new_tc=36.5739 (was 25.7525)
t=30951ms iter=113 incumb=25.7525 ratchet=25.8873 best=25.7525 since_improve=59
t=30958ms iter=114 WAIST cost=20.0000 best_alt=17.0000 gap=3.0000 tried=5 sep_labels=17 clique_frac=0.00
t=31115ms iter=114 REBUILD reject new_tc=32.2115 (was 25.7525)
t=31211ms iter=114 incumb=25.7525 ratchet=25.7847 best=25.7525 since_improve=60
t=31217ms iter=115 WAIST cost=20.0000 best_alt=17.0000 gap=3.0000 tried=5 sep_labels=17 clique_frac=0.00
t=31375ms iter=115 REBUILD reject new_tc=26.5739 (was 25.7525)
t=31469ms iter=115 incumb=25.7525 ratchet=25.7827 best=25.7525 since_improve=61
t=31475ms iter=116 WAIST cost=20.0000 best_alt=17.0000 gap=3.0000 tried=5 sep_labels=17 clique_frac=0.00
t=31632ms iter=116 REBUILD reject new_tc=30.8659 (was 25.7525)
t=31727ms iter=116 incumb=25.7525 ratchet=25.8954 best=25.7525 since_improve=62
t=31734ms iter=117 WAIST cost=20.0000 best_alt=17.0000 gap=3.0000 tried=5 sep_labels=17 clique_frac=0.00
t=31891ms iter=117 REBUILD reject new_tc=38.5517 (was 25.7525)
t=31992ms iter=117 incumb=25.7525 ratchet=25.8138 best=25.7525 since_improve=63
t=31998ms iter=118 WAIST cost=20.0000 best_alt=17.0000 gap=3.0000 tried=5 sep_labels=17 clique_frac=0.00
t=32156ms iter=118 REBUILD reject new_tc=34.5623 (was 25.7525)
t=32250ms iter=118 incumb=25.7525 ratchet=25.9058 best=25.7525 since_improve=64
t=32257ms iter=119 WAIST cost=20.0000 best_alt=17.0000 gap=3.0000 tried=5 sep_labels=17 clique_frac=0.00
t=32412ms iter=119 REBUILD reject new_tc=35.3838 (was 25.7525)
t=32506ms iter=119 incumb=25.7525 ratchet=25.9066 best=25.7525 since_improve=65
t=32514ms iter=120 WAIST cost=20.0000 best_alt=17.0000 gap=3.0000 tried=5 sep_labels=17 clique_frac=0.00
t=32671ms iter=120 REBUILD reject new_tc=27.6241 (was 25.7525)
t=32763ms iter=120 incumb=25.7525 ratchet=25.8272 best=25.7525 since_improve=66
t=32769ms iter=121 WAIST cost=20.0000 best_alt=17.0000 gap=3.0000 tried=5 sep_labels=17 clique_frac=0.00
t=32927ms iter=121 REBUILD reject new_tc=26.5421 (was 25.7525)
t=33025ms iter=121 incumb=25.7525 ratchet=25.9295 best=25.7525 since_improve=67
t=33032ms iter=122 WAIST cost=20.0000 best_alt=17.0000 gap=3.0000 tried=5 sep_labels=17 clique_frac=0.00
t=33190ms iter=122 REBUILD reject new_tc=26.4038 (was 25.7525)
t=33286ms iter=122 incumb=25.7525 ratchet=25.8602 best=25.7525 since_improve=68
t=33293ms iter=123 WAIST cost=20.0000 best_alt=17.0000 gap=3.0000 tried=5 sep_labels=17 clique_frac=0.00
t=33451ms iter=123 REBUILD reject new_tc=26.2487 (was 25.7525)
t=33542ms iter=123 incumb=25.7525 ratchet=25.8532 best=25.7525 since_improve=69
t=33548ms iter=124 WAIST cost=20.0000 best_alt=17.0000 gap=3.0000 tried=5 sep_labels=17 clique_frac=0.00
t=33705ms iter=124 REBUILD reject new_tc=32.4514 (was 25.7525)
t=33801ms iter=124 incumb=25.7525 ratchet=25.8191 best=25.7525 since_improve=70
t=33807ms iter=125 WAIST cost=20.0000 best_alt=17.0000 gap=3.0000 tried=5 sep_labels=17 clique_frac=0.00
t=33970ms iter=125 REBUILD reject new_tc=25.9018 (was 25.7525)
t=34064ms iter=125 incumb=25.7525 ratchet=25.8237 best=25.7525 since_improve=71
t=34071ms iter=126 WAIST cost=20.0000 best_alt=17.0000 gap=3.0000 tried=5 sep_labels=17 clique_frac=0.00
t=34231ms iter=126 REBUILD reject new_tc=25.9622 (was 25.7525)
t=34327ms iter=126 incumb=25.7525 ratchet=25.7953 best=25.7525 since_improve=72
t=34335ms iter=127 WAIST cost=20.0000 best_alt=17.0000 gap=3.0000 tried=5 sep_labels=17 clique_frac=0.00
t=34492ms iter=127 REBUILD reject new_tc=28.7449 (was 25.7525)
t=34587ms iter=127 incumb=25.7525 ratchet=25.8132 best=25.7525 since_improve=73
t=34593ms iter=128 WAIST cost=20.0000 best_alt=17.0000 gap=3.0000 tried=5 sep_labels=17 clique_frac=0.00
t=34751ms iter=128 REBUILD reject new_tc=26.4631 (was 25.7525)
t=34846ms iter=128 incumb=25.7525 ratchet=25.8362 best=25.7525 since_improve=74
t=34853ms iter=129 WAIST cost=20.0000 best_alt=17.0000 gap=3.0000 tried=5 sep_labels=17 clique_frac=0.00
t=35007ms iter=129 REBUILD reject new_tc=36.6376 (was 25.7525)
t=35102ms iter=129 incumb=25.7525 ratchet=25.7893 best=25.7525 since_improve=75
t=35108ms iter=130 WAIST cost=20.0000 best_alt=17.0000 gap=3.0000 tried=5 sep_labels=17 clique_frac=0.00
t=35265ms iter=130 REBUILD reject new_tc=29.5561 (was 25.7525)
t=35359ms iter=130 incumb=25.7525 ratchet=25.8222 best=25.7525 since_improve=76
t=35366ms iter=131 WAIST cost=20.0000 best_alt=17.0000 gap=3.0000 tried=5 sep_labels=17 clique_frac=0.00
t=35521ms iter=131 REBUILD reject new_tc=28.5772 (was 25.7525)
t=35616ms iter=131 incumb=25.7525 ratchet=25.9827 best=25.7525 since_improve=77
t=35622ms iter=132 WAIST cost=20.0000 best_alt=17.0000 gap=3.0000 tried=5 sep_labels=17 clique_frac=0.00
t=35780ms iter=132 REBUILD reject new_tc=26.2424 (was 25.7525)
t=35875ms iter=132 incumb=25.7525 ratchet=25.8523 best=25.7525 since_improve=78
t=35880ms iter=133 WAIST cost=20.0000 best_alt=17.0000 gap=3.0000 tried=5 sep_labels=17 clique_frac=0.00
t=36037ms iter=133 REBUILD reject new_tc=25.9943 (was 25.7525)
t=36131ms iter=133 incumb=25.7525 ratchet=25.8107 best=25.7525 since_improve=79
t=36137ms iter=134 WAIST cost=20.0000 best_alt=17.0000 gap=3.0000 tried=5 sep_labels=17 clique_frac=0.00
t=36295ms iter=134 REBUILD reject new_tc=26.0562 (was 25.7525)
t=36393ms iter=134 incumb=25.7525 ratchet=25.7655 best=25.7525 since_improve=80
t=36399ms iter=135 WAIST cost=20.0000 best_alt=17.0000 gap=3.0000 tried=5 sep_labels=17 clique_frac=0.00
t=36557ms iter=135 REBUILD reject new_tc=26.3407 (was 25.7525)
t=36655ms iter=135 incumb=25.7525 ratchet=25.8037 best=25.7525 since_improve=81
t=36663ms iter=136 WAIST cost=20.0000 best_alt=17.0000 gap=3.0000 tried=5 sep_labels=17 clique_frac=0.00
t=36819ms iter=136 REBUILD reject new_tc=32.5060 (was 25.7525)
t=36917ms iter=136 incumb=25.7525 ratchet=25.8148 best=25.7525 since_improve=82
t=36923ms iter=137 WAIST cost=20.0000 best_alt=17.0000 gap=3.0000 tried=5 sep_labels=17 clique_frac=0.00
t=37083ms iter=137 REBUILD reject new_tc=26.2967 (was 25.7525)
t=37176ms iter=137 incumb=25.7525 ratchet=25.8174 best=25.7525 since_improve=83
t=37182ms iter=138 WAIST cost=20.0000 best_alt=17.0000 gap=3.0000 tried=5 sep_labels=17 clique_frac=0.00
t=37342ms iter=138 REBUILD reject new_tc=26.7153 (was 25.7525)
t=37436ms iter=138 incumb=25.7525 ratchet=25.9328 best=25.7525 since_improve=84
t=37443ms iter=139 WAIST cost=20.0000 best_alt=17.0000 gap=3.0000 tried=5 sep_labels=17 clique_frac=0.00
t=37599ms iter=139 REBUILD reject new_tc=39.4495 (was 25.7525)
t=37693ms iter=139 incumb=25.7525 ratchet=25.8426 best=25.7525 since_improve=85
t=37699ms iter=140 WAIST cost=20.0000 best_alt=17.0000 gap=3.0000 tried=5 sep_labels=17 clique_frac=0.00
t=37857ms iter=140 REBUILD reject new_tc=36.8900 (was 25.7525)
t=37950ms iter=140 incumb=25.7525 ratchet=25.8683 best=25.7525 since_improve=86
t=37956ms iter=141 WAIST cost=20.0000 best_alt=17.0000 gap=3.0000 tried=5 sep_labels=17 clique_frac=0.00
t=38114ms iter=141 REBUILD reject new_tc=26.6983 (was 25.7525)
t=38209ms iter=141 incumb=25.7525 ratchet=25.8104 best=25.7525 since_improve=87
t=38215ms iter=142 WAIST cost=20.0000 best_alt=17.0000 gap=3.0000 tried=5 sep_labels=17 clique_frac=0.00
t=38375ms iter=142 REBUILD reject new_tc=26.4051 (was 25.7525)
t=38470ms iter=142 incumb=25.7525 ratchet=25.7779 best=25.7525 since_improve=88
t=38477ms iter=143 WAIST cost=20.0000 best_alt=17.0000 gap=3.0000 tried=5 sep_labels=17 clique_frac=0.00
t=38634ms iter=143 REBUILD reject new_tc=26.3355 (was 25.7525)
t=38730ms iter=143 incumb=25.7525 ratchet=25.8646 best=25.7525 since_improve=89
t=38736ms iter=144 WAIST cost=20.0000 best_alt=17.0000 gap=3.0000 tried=5 sep_labels=17 clique_frac=0.00
t=38891ms iter=144 REBUILD reject new_tc=29.3707 (was 25.7525)
t=38988ms iter=144 incumb=25.7525 ratchet=25.8223 best=25.7525 since_improve=90
t=38994ms iter=145 WAIST cost=20.0000 best_alt=17.0000 gap=3.0000 tried=5 sep_labels=17 clique_frac=0.00
t=39152ms iter=145 REBUILD reject new_tc=26.0671 (was 25.7525)
t=39246ms iter=145 incumb=25.7525 ratchet=25.7810 best=25.7525 since_improve=91
t=39253ms iter=146 WAIST cost=20.0000 best_alt=17.0000 gap=3.0000 tried=5 sep_labels=17 clique_frac=0.00
t=39410ms iter=146 REBUILD reject new_tc=26.2819 (was 25.7525)
t=39502ms iter=146 incumb=25.7525 ratchet=25.8438 best=25.7525 since_improve=92
t=39508ms iter=147 WAIST cost=20.0000 best_alt=17.0000 gap=3.0000 tried=5 sep_labels=17 clique_frac=0.00
t=39667ms iter=147 REBUILD reject new_tc=25.9863 (was 25.7525)
t=39764ms iter=147 incumb=25.7525 ratchet=25.7864 best=25.7525 since_improve=93
t=39770ms iter=148 WAIST cost=20.0000 best_alt=16.0000 gap=4.0000 tried=5 sep_labels=16 clique_frac=0.00
t=39929ms iter=148 REBUILD reject new_tc=26.5657 (was 25.7525)
t=40026ms iter=148 incumb=25.7525 ratchet=25.7619 best=25.7525 since_improve=94
t=40033ms iter=149 WAIST cost=20.0000 best_alt=17.0000 gap=3.0000 tried=5 sep_labels=17 clique_frac=0.00
t=40197ms iter=149 REBUILD reject new_tc=26.0691 (was 25.7525)
t=40291ms iter=149 incumb=25.7525 ratchet=25.8379 best=25.7525 since_improve=95
t=40297ms iter=150 WAIST cost=20.0000 best_alt=17.0000 gap=3.0000 tried=5 sep_labels=17 clique_frac=0.00
t=40455ms iter=150 REBUILD reject new_tc=29.1531 (was 25.7525)
t=40551ms iter=150 incumb=25.7525 ratchet=25.8499 best=25.7525 since_improve=96
t=40558ms iter=151 WAIST cost=20.0000 best_alt=17.0000 gap=3.0000 tried=5 sep_labels=17 clique_frac=0.00
t=40711ms iter=151 REBUILD reject new_tc=37.6452 (was 25.7525)
t=40808ms iter=151 incumb=25.7525 ratchet=25.7688 best=25.7525 since_improve=97
t=40815ms iter=152 WAIST cost=20.0000 best_alt=17.0000 gap=3.0000 tried=5 sep_labels=17 clique_frac=0.00
t=40974ms iter=152 REBUILD reject new_tc=25.9901 (was 25.7525)
t=41071ms iter=152 incumb=25.7525 ratchet=25.8297 best=25.7525 since_improve=98
t=41077ms iter=153 WAIST cost=20.0000 best_alt=17.0000 gap=3.0000 tried=5 sep_labels=17 clique_frac=0.00
t=41233ms iter=153 REBUILD reject new_tc=30.0915 (was 25.7525)
t=41328ms iter=153 incumb=25.7525 ratchet=26.0757 best=25.7525 since_improve=99
t=41336ms iter=154 WAIST cost=20.0000 best_alt=17.0000 gap=3.0000 tried=5 sep_labels=17 clique_frac=0.00
t=41492ms iter=154 REBUILD reject new_tc=39.4697 (was 25.7525)
t=41588ms iter=154 incumb=25.7525 ratchet=25.8147 best=25.7525 since_improve=100
t=41594ms iter=155 WAIST cost=20.0000 best_alt=17.0000 gap=3.0000 tried=5 sep_labels=17 clique_frac=0.00
t=41753ms iter=155 REBUILD reject new_tc=39.4541 (was 25.7525)
t=41935ms iter=155 incumb=25.7525 ratchet=25.7790 best=25.7489 since_improve=101
t=41943ms iter=156 WAIST cost=20.0000 best_alt=17.0000 gap=3.0000 tried=5 sep_labels=17 clique_frac=0.00
t=42101ms iter=156 REBUILD reject new_tc=34.2625 (was 25.7525)
t=42197ms iter=156 incumb=25.7525 ratchet=25.8819 best=25.7489 since_improve=102
t=42203ms iter=157 WAIST cost=20.0000 best_alt=17.0000 gap=3.0000 tried=5 sep_labels=17 clique_frac=0.00
t=42360ms iter=157 REBUILD reject new_tc=29.5544 (was 25.7525)
t=42455ms iter=157 incumb=25.7525 ratchet=25.8855 best=25.7489 since_improve=103
t=42462ms iter=158 WAIST cost=20.0000 best_alt=17.0000 gap=3.0000 tried=5 sep_labels=17 clique_frac=0.00
t=42617ms iter=158 REBUILD reject new_tc=34.8901 (was 25.7525)
t=42712ms iter=158 incumb=25.7525 ratchet=25.8182 best=25.7489 since_improve=104
t=42719ms iter=159 WAIST cost=20.0000 best_alt=17.0000 gap=3.0000 tried=5 sep_labels=17 clique_frac=0.00
t=42877ms iter=159 REBUILD reject new_tc=25.9004 (was 25.7525)
t=43059ms iter=159 incumb=25.7525 ratchet=25.7462 best=25.7414 since_improve=0
t=43061ms iter=160 WAIST cost=20.0000 best_alt=7.5850 gap=12.4150 tried=5 sep_labels=7 clique_frac=0.00
t=43220ms iter=160 REBUILD reject new_tc=26.3329 (was 25.7462)
t=43315ms iter=160 incumb=25.7462 ratchet=25.7707 best=25.7414 since_improve=1
t=43317ms iter=161 WAIST cost=20.0000 best_alt=7.0000 gap=13.0000 tried=5 sep_labels=7 clique_frac=0.10
t=43477ms iter=161 REBUILD reject new_tc=28.7346 (was 25.7462)
t=43570ms iter=161 incumb=25.7462 ratchet=25.9004 best=25.7414 since_improve=2
t=43572ms iter=162 WAIST cost=20.0000 best_alt=7.5850 gap=12.4150 tried=5 sep_labels=7 clique_frac=0.00
t=43732ms iter=162 REBUILD reject new_tc=28.1937 (was 25.7462)
t=43826ms iter=162 incumb=25.7462 ratchet=25.7932 best=25.7414 since_improve=3
t=43828ms iter=163 WAIST cost=20.0000 best_alt=7.5850 gap=12.4150 tried=5 sep_labels=7 clique_frac=0.00
t=43987ms iter=163 REBUILD reject new_tc=27.8187 (was 25.7462)
t=44081ms iter=163 incumb=25.7462 ratchet=25.8265 best=25.7414 since_improve=4
t=44083ms iter=164 WAIST cost=20.0000 best_alt=7.5850 gap=12.4150 tried=5 sep_labels=7 clique_frac=0.00
t=44240ms iter=164 REBUILD reject new_tc=26.0522 (was 25.7462)
t=44336ms iter=164 incumb=25.7462 ratchet=25.8694 best=25.7414 since_improve=5
t=44338ms iter=165 WAIST cost=20.0000 best_alt=7.0000 gap=13.0000 tried=5 sep_labels=7 clique_frac=0.14
t=44496ms iter=165 REBUILD reject new_tc=27.2521 (was 25.7462)
t=44591ms iter=165 incumb=25.7462 ratchet=25.8986 best=25.7414 since_improve=6
t=44593ms iter=166 WAIST cost=20.0000 best_alt=6.0000 gap=14.0000 tried=5 sep_labels=6 clique_frac=0.13
t=44754ms iter=166 REBUILD reject new_tc=25.9518 (was 25.7462)
t=44849ms iter=166 incumb=25.7462 ratchet=25.7926 best=25.7414 since_improve=7
t=44851ms iter=167 WAIST cost=20.0000 best_alt=6.0000 gap=14.0000 tried=5 sep_labels=6 clique_frac=0.00
t=45009ms iter=167 REBUILD reject new_tc=26.5335 (was 25.7462)
t=45103ms iter=167 incumb=25.7462 ratchet=25.8310 best=25.7414 since_improve=8
t=45105ms iter=168 WAIST cost=20.0000 best_alt=7.0000 gap=13.0000 tried=5 sep_labels=7 clique_frac=0.10
t=45261ms iter=168 REBUILD reject new_tc=26.1734 (was 25.7462)
t=45359ms iter=168 incumb=25.7462 ratchet=25.9283 best=25.7414 since_improve=9
t=45361ms iter=169 WAIST cost=20.0000 best_alt=7.5850 gap=12.4150 tried=5 sep_labels=7 clique_frac=0.00
t=45519ms iter=169 REBUILD reject new_tc=27.7236 (was 25.7462)
t=45614ms iter=169 incumb=25.7462 ratchet=25.8732 best=25.7414 since_improve=10
t=45616ms iter=170 WAIST cost=20.0000 best_alt=6.0000 gap=14.0000 tried=5 sep_labels=6 clique_frac=0.00
t=45773ms iter=170 REBUILD reject new_tc=26.0330 (was 25.7462)
t=45867ms iter=170 incumb=25.7462 ratchet=25.8377 best=25.7414 since_improve=11
t=45869ms iter=171 WAIST cost=20.0000 best_alt=7.5850 gap=12.4150 tried=5 sep_labels=7 clique_frac=0.00
t=46025ms iter=171 REBUILD reject new_tc=34.0206 (was 25.7462)
t=46119ms iter=171 incumb=25.7462 ratchet=25.7946 best=25.7414 since_improve=12
t=46121ms iter=172 WAIST cost=20.0000 best_alt=5.0000 gap=15.0000 tried=5 sep_labels=5 clique_frac=0.00
t=46290ms iter=172 REBUILD reject new_tc=27.7618 (was 25.7462)
t=46387ms iter=172 incumb=25.7462 ratchet=25.8440 best=25.7414 since_improve=13
t=46389ms iter=173 WAIST cost=20.0000 best_alt=5.0000 gap=15.0000 tried=5 sep_labels=5 clique_frac=0.00
t=46543ms iter=173 REBUILD reject new_tc=28.4289 (was 25.7462)
t=46637ms iter=173 incumb=25.7462 ratchet=25.8567 best=25.7414 since_improve=14
t=46639ms iter=174 WAIST cost=20.0000 best_alt=7.5850 gap=12.4150 tried=5 sep_labels=7 clique_frac=0.00
t=46794ms iter=174 REBUILD reject new_tc=32.2887 (was 25.7462)
t=46887ms iter=174 incumb=25.7462 ratchet=25.8324 best=25.7414 since_improve=15
t=46889ms iter=175 WAIST cost=20.0000 best_alt=7.0000 gap=13.0000 tried=5 sep_labels=7 clique_frac=0.10
t=47048ms iter=175 REBUILD reject new_tc=26.1840 (was 25.7462)
t=47143ms iter=175 incumb=25.7462 ratchet=25.8820 best=25.7414 since_improve=16
t=47145ms iter=176 WAIST cost=20.0000 best_alt=5.0000 gap=15.0000 tried=5 sep_labels=5 clique_frac=0.00
t=47306ms iter=176 REBUILD reject new_tc=33.0548 (was 25.7462)
t=47401ms iter=176 incumb=25.7462 ratchet=25.8553 best=25.7414 since_improve=17
t=47403ms iter=177 WAIST cost=20.0000 best_alt=6.5850 gap=13.4150 tried=5 sep_labels=6 clique_frac=0.00
t=47563ms iter=177 REBUILD reject new_tc=25.9884 (was 25.7462)
t=47659ms iter=177 incumb=25.7462 ratchet=25.7612 best=25.7414 since_improve=18
t=47661ms iter=178 WAIST cost=20.0000 best_alt=7.0000 gap=13.0000 tried=5 sep_labels=7 clique_frac=0.05
t=47819ms iter=178 REBUILD reject new_tc=27.2180 (was 25.7462)
t=47914ms iter=178 incumb=25.7462 ratchet=25.8419 best=25.7414 since_improve=19
t=47916ms iter=179 WAIST cost=20.0000 best_alt=7.5850 gap=12.4150 tried=5 sep_labels=7 clique_frac=0.00
t=48072ms iter=179 REBUILD reject new_tc=29.7842 (was 25.7462)
t=48168ms iter=179 incumb=25.7462 ratchet=25.7700 best=25.7414 since_improve=20
t=48170ms iter=180 WAIST cost=20.0000 best_alt=7.5850 gap=12.4150 tried=5 sep_labels=7 clique_frac=0.00
t=48326ms iter=180 REBUILD reject new_tc=28.9767 (was 25.7462)
t=48423ms iter=180 incumb=25.7462 ratchet=25.7457 best=25.7414 since_improve=0
t=48430ms iter=181 WAIST cost=21.0000 best_alt=17.0000 gap=4.0000 tried=5 sep_labels=17 clique_frac=0.00
t=48588ms iter=181 REBUILD reject new_tc=26.3668 (was 25.7457)
t=48681ms iter=181 incumb=25.7457 ratchet=25.8783 best=25.7414 since_improve=1
t=48688ms iter=182 WAIST cost=21.0000 best_alt=17.0000 gap=4.0000 tried=5 sep_labels=17 clique_frac=0.00
t=48848ms iter=182 REBUILD reject new_tc=28.1489 (was 25.7457)
t=48944ms iter=182 incumb=25.7457 ratchet=25.8706 best=25.7414 since_improve=2
t=48951ms iter=183 WAIST cost=21.0000 best_alt=17.0000 gap=4.0000 tried=5 sep_labels=17 clique_frac=0.00
t=49108ms iter=183 REBUILD reject new_tc=27.8003 (was 25.7457)
t=49202ms iter=183 incumb=25.7457 ratchet=25.8333 best=25.7414 since_improve=3
t=49210ms iter=184 WAIST cost=21.0000 best_alt=17.0000 gap=4.0000 tried=5 sep_labels=17 clique_frac=0.00
t=49366ms iter=184 REBUILD reject new_tc=40.1775 (was 25.7457)
t=49463ms iter=184 incumb=25.7457 ratchet=25.8872 best=25.7414 since_improve=4
t=49469ms iter=185 WAIST cost=21.0000 best_alt=17.0000 gap=4.0000 tried=5 sep_labels=17 clique_frac=0.00
t=49625ms iter=185 REBUILD reject new_tc=30.5798 (was 25.7457)
t=49722ms iter=185 incumb=25.7457 ratchet=25.8209 best=25.7414 since_improve=5
t=49729ms iter=186 WAIST cost=21.0000 best_alt=17.0000 gap=4.0000 tried=5 sep_labels=17 clique_frac=0.00
t=49887ms iter=186 REBUILD reject new_tc=36.4774 (was 25.7457)
t=49982ms iter=186 incumb=25.7457 ratchet=25.7620 best=25.7414 since_improve=6
t=49988ms iter=187 WAIST cost=21.0000 best_alt=17.0000 gap=4.0000 tried=5 sep_labels=17 clique_frac=0.00
t=50148ms iter=187 REBUILD reject new_tc=26.0247 (was 25.7457)
t=50245ms iter=187 incumb=25.7457 ratchet=25.8228 best=25.7414 since_improve=7
t=50251ms iter=188 WAIST cost=21.0000 best_alt=17.0000 gap=4.0000 tried=5 sep_labels=17 clique_frac=0.00
t=50405ms iter=188 REBUILD reject new_tc=34.6004 (was 25.7457)
t=50502ms iter=188 incumb=25.7457 ratchet=25.8725 best=25.7414 since_improve=8
t=50509ms iter=189 WAIST cost=21.0000 best_alt=17.0000 gap=4.0000 tried=5 sep_labels=17 clique_frac=0.00
t=50666ms iter=189 REBUILD reject new_tc=26.9051 (was 25.7457)
t=50760ms iter=189 incumb=25.7457 ratchet=25.8433 best=25.7414 since_improve=9
t=50767ms iter=190 WAIST cost=21.0000 best_alt=17.0000 gap=4.0000 tried=5 sep_labels=17 clique_frac=0.00
t=50927ms iter=190 REBUILD reject new_tc=27.2786 (was 25.7457)
t=51024ms iter=190 incumb=25.7457 ratchet=25.8514 best=25.7414 since_improve=10
t=51030ms iter=191 WAIST cost=21.0000 best_alt=17.0000 gap=4.0000 tried=5 sep_labels=17 clique_frac=0.00
t=51187ms iter=191 REBUILD reject new_tc=33.1771 (was 25.7457)
t=51284ms iter=191 incumb=25.7457 ratchet=25.8151 best=25.7414 since_improve=11
t=51290ms iter=192 WAIST cost=21.0000 best_alt=17.0000 gap=4.0000 tried=5 sep_labels=17 clique_frac=0.00
t=51445ms iter=192 REBUILD reject new_tc=30.5587 (was 25.7457)
t=51539ms iter=192 incumb=25.7457 ratchet=25.8836 best=25.7414 since_improve=12
t=51545ms iter=193 WAIST cost=21.0000 best_alt=17.0000 gap=4.0000 tried=5 sep_labels=17 clique_frac=0.00
t=51702ms iter=193 REBUILD reject new_tc=40.5764 (was 25.7457)
t=51801ms iter=193 incumb=25.7457 ratchet=25.8239 best=25.7414 since_improve=13
t=51806ms iter=194 WAIST cost=21.0000 best_alt=17.0000 gap=4.0000 tried=5 sep_labels=17 clique_frac=0.00
t=51966ms iter=194 REBUILD reject new_tc=32.8801 (was 25.7457)
t=52060ms iter=194 incumb=25.7457 ratchet=25.9316 best=25.7414 since_improve=14
t=52066ms iter=195 WAIST cost=21.0000 best_alt=17.0000 gap=4.0000 tried=5 sep_labels=17 clique_frac=0.00
t=52221ms iter=195 REBUILD reject new_tc=34.8274 (was 25.7457)
t=52316ms iter=195 incumb=25.7457 ratchet=25.8357 best=25.7414 since_improve=15
t=52322ms iter=196 WAIST cost=21.0000 best_alt=17.0000 gap=4.0000 tried=5 sep_labels=17 clique_frac=0.00
t=52479ms iter=196 REBUILD reject new_tc=27.9111 (was 25.7457)
t=52575ms iter=196 incumb=25.7457 ratchet=25.8136 best=25.7414 since_improve=16
t=52582ms iter=197 WAIST cost=21.0000 best_alt=17.0000 gap=4.0000 tried=5 sep_labels=17 clique_frac=0.00
t=52741ms iter=197 REBUILD reject new_tc=26.2569 (was 25.7457)
t=52835ms iter=197 incumb=25.7457 ratchet=25.9582 best=25.7414 since_improve=17
t=52842ms iter=198 WAIST cost=21.0000 best_alt=17.0000 gap=4.0000 tried=5 sep_labels=17 clique_frac=0.00
t=53007ms iter=198 REBUILD reject new_tc=26.5924 (was 25.7457)
t=53103ms iter=198 incumb=25.7457 ratchet=25.7662 best=25.7414 since_improve=18
t=53110ms iter=199 WAIST cost=21.0000 best_alt=17.0000 gap=4.0000 tried=5 sep_labels=17 clique_frac=0.00
t=53269ms iter=199 REBUILD reject new_tc=33.0970 (was 25.7457)
t=53363ms iter=199 incumb=25.7457 ratchet=25.7891 best=25.7414 since_improve=19
t=53370ms iter=200 WAIST cost=21.0000 best_alt=17.0000 gap=4.0000 tried=5 sep_labels=17 clique_frac=0.00
t=53529ms iter=200 REBUILD reject new_tc=25.9904 (was 25.7457)
t=53624ms iter=200 incumb=25.7457 ratchet=25.8251 best=25.7414 since_improve=20
t=53630ms iter=201 WAIST cost=21.0000 best_alt=17.0000 gap=4.0000 tried=5 sep_labels=17 clique_frac=0.00
t=53788ms iter=201 REBUILD reject new_tc=27.0503 (was 25.7457)
t=53885ms iter=201 incumb=25.7457 ratchet=25.8207 best=25.7414 since_improve=21
t=53891ms iter=202 WAIST cost=21.0000 best_alt=17.0000 gap=4.0000 tried=5 sep_labels=17 clique_frac=0.00
t=54048ms iter=202 REBUILD reject new_tc=27.0345 (was 25.7457)
t=54143ms iter=202 incumb=25.7457 ratchet=25.8994 best=25.7414 since_improve=22
t=54150ms iter=203 WAIST cost=21.0000 best_alt=17.0000 gap=4.0000 tried=5 sep_labels=17 clique_frac=0.00
t=54307ms iter=203 REBUILD reject new_tc=28.5956 (was 25.7457)
t=54403ms iter=203 incumb=25.7457 ratchet=25.8954 best=25.7414 since_improve=23
t=54409ms iter=204 WAIST cost=21.0000 best_alt=17.0000 gap=4.0000 tried=5 sep_labels=17 clique_frac=0.00
t=54566ms iter=204 REBUILD reject new_tc=32.7895 (was 25.7457)
t=54659ms iter=204 incumb=25.7457 ratchet=25.8293 best=25.7414 since_improve=24
t=54665ms iter=205 WAIST cost=21.0000 best_alt=17.0000 gap=4.0000 tried=5 sep_labels=17 clique_frac=0.00
t=54825ms iter=205 REBUILD reject new_tc=25.9137 (was 25.7457)
t=54936ms iter=205 incumb=25.7457 ratchet=25.8266 best=25.7414 since_improve=25
t=54943ms iter=206 WAIST cost=21.0000 best_alt=17.0000 gap=4.0000 tried=5 sep_labels=17 clique_frac=0.00
t=55100ms iter=206 REBUILD reject new_tc=29.1674 (was 25.7457)
t=55197ms iter=206 incumb=25.7457 ratchet=25.7849 best=25.7414 since_improve=26
t=55204ms iter=207 WAIST cost=21.0000 best_alt=17.0000 gap=4.0000 tried=5 sep_labels=17 clique_frac=0.00
t=55361ms iter=207 REBUILD reject new_tc=26.5783 (was 25.7457)
t=55455ms iter=207 incumb=25.7457 ratchet=25.7961 best=25.7414 since_improve=27
t=55462ms iter=208 WAIST cost=21.0000 best_alt=17.0000 gap=4.0000 tried=5 sep_labels=17 clique_frac=0.00
t=55618ms iter=208 REBUILD reject new_tc=32.7321 (was 25.7457)
t=55715ms iter=208 incumb=25.7457 ratchet=25.7867 best=25.7414 since_improve=28
t=55721ms iter=209 WAIST cost=21.0000 best_alt=17.0000 gap=4.0000 tried=5 sep_labels=17 clique_frac=0.00
t=55879ms iter=209 REBUILD reject new_tc=26.9169 (was 25.7457)
t=55977ms iter=209 incumb=25.7457 ratchet=25.7767 best=25.7414 since_improve=29
t=55983ms iter=210 WAIST cost=21.0000 best_alt=17.0000 gap=4.0000 tried=5 sep_labels=17 clique_frac=0.00
t=56141ms iter=210 REBUILD reject new_tc=27.7421 (was 25.7457)
t=56236ms iter=210 incumb=25.7457 ratchet=25.8820 best=25.7414 since_improve=30
t=56244ms iter=211 WAIST cost=21.0000 best_alt=16.0000 gap=5.0000 tried=5 sep_labels=16 clique_frac=0.00
t=56407ms iter=211 REBUILD reject new_tc=26.6972 (was 25.7457)
t=56502ms iter=211 incumb=25.7457 ratchet=28.3594 best=25.7414 since_improve=31
t=56509ms iter=212 WAIST cost=21.0000 best_alt=17.0000 gap=4.0000 tried=5 sep_labels=17 clique_frac=0.00
t=56667ms iter=212 REBUILD reject new_tc=39.4318 (was 25.7457)
t=56762ms iter=212 incumb=25.7457 ratchet=25.8180 best=25.7414 since_improve=32
t=56769ms iter=213 WAIST cost=21.0000 best_alt=17.0000 gap=4.0000 tried=5 sep_labels=17 clique_frac=0.00
t=56928ms iter=213 REBUILD reject new_tc=29.1654 (was 25.7457)
t=57020ms iter=213 incumb=25.7457 ratchet=25.8292 best=25.7414 since_improve=33
t=57027ms iter=214 WAIST cost=21.0000 best_alt=17.0000 gap=4.0000 tried=5 sep_labels=17 clique_frac=0.00
t=57186ms iter=214 REBUILD reject new_tc=26.7786 (was 25.7457)
t=57283ms iter=214 incumb=25.7457 ratchet=25.8518 best=25.7414 since_improve=34
t=57289ms iter=215 WAIST cost=21.0000 best_alt=17.0000 gap=4.0000 tried=5 sep_labels=17 clique_frac=0.00
t=57444ms iter=215 REBUILD reject new_tc=29.4581 (was 25.7457)
t=57539ms iter=215 incumb=25.7457 ratchet=25.8433 best=25.7414 since_improve=35
t=57545ms iter=216 WAIST cost=21.0000 best_alt=17.0000 gap=4.0000 tried=5 sep_labels=17 clique_frac=0.00
t=57705ms iter=216 REBUILD reject new_tc=26.7548 (was 25.7457)
t=57801ms iter=216 incumb=25.7457 ratchet=25.8485 best=25.7414 since_improve=36
t=57807ms iter=217 WAIST cost=21.0000 best_alt=17.0000 gap=4.0000 tried=5 sep_labels=17 clique_frac=0.00
t=57966ms iter=217 REBUILD reject new_tc=30.5792 (was 25.7457)
t=58061ms iter=217 incumb=25.7457 ratchet=25.7786 best=25.7414 since_improve=37
t=58067ms iter=218 WAIST cost=21.0000 best_alt=17.0000 gap=4.0000 tried=5 sep_labels=17 clique_frac=0.00
t=58225ms iter=218 REBUILD reject new_tc=29.1903 (was 25.7457)
t=58321ms iter=218 incumb=25.7457 ratchet=25.8820 best=25.7414 since_improve=38
t=58327ms iter=219 WAIST cost=21.0000 best_alt=17.0000 gap=4.0000 tried=5 sep_labels=17 clique_frac=0.00
t=58484ms iter=219 REBUILD reject new_tc=27.8412 (was 25.7457)
t=58581ms iter=219 incumb=25.7457 ratchet=25.8736 best=25.7414 since_improve=39
t=58588ms iter=220 WAIST cost=21.0000 best_alt=17.0000 gap=4.0000 tried=5 sep_labels=17 clique_frac=0.00
t=58747ms iter=220 REBUILD reject new_tc=28.4696 (was 25.7457)
t=58842ms iter=220 incumb=25.7457 ratchet=25.8743 best=25.7414 since_improve=40
t=58848ms iter=221 WAIST cost=21.0000 best_alt=17.0000 gap=4.0000 tried=5 sep_labels=17 clique_frac=0.00
t=59009ms iter=221 REBUILD reject new_tc=27.1146 (was 25.7457)
t=59105ms iter=221 incumb=25.7457 ratchet=25.8405 best=25.7414 since_improve=41
t=59111ms iter=222 WAIST cost=21.0000 best_alt=17.0000 gap=4.0000 tried=5 sep_labels=17 clique_frac=0.00
t=59271ms iter=222 REBUILD reject new_tc=26.5637 (was 25.7457)
t=59366ms iter=222 incumb=25.7457 ratchet=25.9496 best=25.7414 since_improve=42
t=59372ms iter=223 WAIST cost=21.0000 best_alt=17.0000 gap=4.0000 tried=5 sep_labels=17 clique_frac=0.00
t=59530ms iter=223 REBUILD reject new_tc=28.6323 (was 25.7457)
t=59624ms iter=223 incumb=25.7457 ratchet=26.0309 best=25.7414 since_improve=43
t=59632ms iter=224 WAIST cost=21.0000 best_alt=17.0000 gap=4.0000 tried=5 sep_labels=17 clique_frac=0.00
t=59794ms iter=224 REBUILD reject new_tc=26.8347 (was 25.7457)
t=59891ms iter=224 incumb=25.7457 ratchet=25.8064 best=25.7414 since_improve=44
t=59898ms iter=225 WAIST cost=21.0000 best_alt=17.0000 gap=4.0000 tried=5 sep_labels=17 clique_frac=0.00
t=60059ms iter=225 REBUILD reject new_tc=25.9736 (was 25.7457)
t=60159ms iter=225 incumb=25.7457 ratchet=25.8053 best=25.7414 since_improve=45
t=60165ms iter=226 WAIST cost=21.0000 best_alt=17.0000 gap=4.0000 tried=5 sep_labels=17 clique_frac=0.00
t=60327ms iter=226 REBUILD reject new_tc=27.0593 (was 25.7457)
t=60424ms iter=226 incumb=25.7457 ratchet=25.8420 best=25.7414 since_improve=46
t=60431ms iter=227 WAIST cost=21.0000 best_alt=17.0000 gap=4.0000 tried=5 sep_labels=17 clique_frac=0.00
t=60591ms iter=227 REBUILD reject new_tc=35.6363 (was 25.7457)
t=60687ms iter=227 incumb=25.7457 ratchet=25.8092 best=25.7414 since_improve=47
t=60693ms iter=228 WAIST cost=21.0000 best_alt=17.0000 gap=4.0000 tried=5 sep_labels=17 clique_frac=0.00
t=60850ms iter=228 REBUILD reject new_tc=38.3220 (was 25.7457)
t=60946ms iter=228 incumb=25.7457 ratchet=25.8417 best=25.7414 since_improve=48
t=60952ms iter=229 WAIST cost=21.0000 best_alt=17.0000 gap=4.0000 tried=5 sep_labels=17 clique_frac=0.00
t=61115ms iter=229 REBUILD reject new_tc=27.8070 (was 25.7457)
t=61211ms iter=229 incumb=25.7457 ratchet=25.8316 best=25.7414 since_improve=49
t=61217ms iter=230 WAIST cost=21.0000 best_alt=17.0000 gap=4.0000 tried=5 sep_labels=17 clique_frac=0.00
t=61374ms iter=230 REBUILD reject new_tc=34.6190 (was 25.7457)
t=61470ms iter=230 incumb=25.7457 ratchet=26.1712 best=25.7414 since_improve=50
t=61476ms iter=231 WAIST cost=21.0000 best_alt=17.0000 gap=4.0000 tried=5 sep_labels=17 clique_frac=0.00
t=61632ms iter=231 REBUILD reject new_tc=28.3054 (was 25.7457)
t=61726ms iter=231 incumb=25.7457 ratchet=25.8214 best=25.7414 since_improve=51
t=61733ms iter=232 WAIST cost=21.0000 best_alt=17.0000 gap=4.0000 tried=5 sep_labels=17 clique_frac=0.00
t=61895ms iter=232 REBUILD reject new_tc=26.6246 (was 25.7457)
t=61991ms iter=232 incumb=25.7457 ratchet=25.7879 best=25.7414 since_improve=52
t=61997ms iter=233 WAIST cost=21.0000 best_alt=17.0000 gap=4.0000 tried=5 sep_labels=17 clique_frac=0.00
t=62156ms iter=233 REBUILD reject new_tc=25.9477 (was 25.7457)
t=62251ms iter=233 incumb=25.7457 ratchet=25.9247 best=25.7414 since_improve=53
t=62257ms iter=234 WAIST cost=21.0000 best_alt=16.0000 gap=5.0000 tried=5 sep_labels=16 clique_frac=0.00
t=62418ms iter=234 REBUILD reject new_tc=32.5677 (was 25.7457)
t=62512ms iter=234 incumb=25.7457 ratchet=25.8318 best=25.7414 since_improve=54
t=62519ms iter=235 WAIST cost=21.0000 best_alt=17.0000 gap=4.0000 tried=5 sep_labels=17 clique_frac=0.00
t=62681ms iter=235 REBUILD reject new_tc=26.0133 (was 25.7457)
t=62779ms iter=235 incumb=25.7457 ratchet=25.8777 best=25.7414 since_improve=55
t=62785ms iter=236 WAIST cost=21.0000 best_alt=17.0000 gap=4.0000 tried=5 sep_labels=17 clique_frac=0.00
t=62943ms iter=236 REBUILD reject new_tc=30.7411 (was 25.7457)
t=63040ms iter=236 incumb=25.7457 ratchet=25.7788 best=25.7414 since_improve=56
t=63047ms iter=237 WAIST cost=21.0000 best_alt=17.0000 gap=4.0000 tried=5 sep_labels=17 clique_frac=0.00
t=63206ms iter=237 REBUILD reject new_tc=27.0750 (was 25.7457)
t=63302ms iter=237 incumb=25.7457 ratchet=25.7859 best=25.7414 since_improve=57
t=63309ms iter=238 WAIST cost=21.0000 best_alt=17.0000 gap=4.0000 tried=5 sep_labels=17 clique_frac=0.00
t=63470ms iter=238 REBUILD reject new_tc=28.0877 (was 25.7457)
t=63567ms iter=238 incumb=25.7457 ratchet=25.8980 best=25.7414 since_improve=58
t=63573ms iter=239 WAIST cost=21.0000 best_alt=17.0000 gap=4.0000 tried=5 sep_labels=17 clique_frac=0.00
t=63733ms iter=239 REBUILD reject new_tc=26.2153 (was 25.7457)
t=63827ms iter=239 incumb=25.7457 ratchet=25.8154 best=25.7414 since_improve=59
t=63834ms iter=240 WAIST cost=21.0000 best_alt=17.0000 gap=4.0000 tried=5 sep_labels=17 clique_frac=0.00
t=63993ms iter=240 REBUILD reject new_tc=26.5223 (was 25.7457)
t=64087ms iter=240 incumb=25.7457 ratchet=25.7812 best=25.7414 since_improve=60
t=64094ms iter=241 WAIST cost=21.0000 best_alt=17.0000 gap=4.0000 tried=5 sep_labels=17 clique_frac=0.00
t=64255ms iter=241 REBUILD reject new_tc=25.8665 (was 25.7457)
t=64355ms iter=241 incumb=25.7457 ratchet=25.8576 best=25.7414 since_improve=61
t=64363ms iter=242 WAIST cost=21.0000 best_alt=17.0000 gap=4.0000 tried=5 sep_labels=17 clique_frac=0.00
t=64519ms iter=242 REBUILD reject new_tc=32.5480 (was 25.7457)
t=64616ms iter=242 incumb=25.7457 ratchet=25.7758 best=25.7414 since_improve=62
t=64623ms iter=243 WAIST cost=21.0000 best_alt=17.0000 gap=4.0000 tried=5 sep_labels=17 clique_frac=0.00
t=64779ms iter=243 REBUILD reject new_tc=36.4774 (was 25.7457)
t=64876ms iter=243 incumb=25.7457 ratchet=25.7718 best=25.7414 since_improve=63
t=64882ms iter=244 WAIST cost=21.0000 best_alt=17.0000 gap=4.0000 tried=5 sep_labels=17 clique_frac=0.00
t=65041ms iter=244 REBUILD reject new_tc=26.2700 (was 25.7457)
t=65138ms iter=244 incumb=25.7457 ratchet=25.8112 best=25.7414 since_improve=64
t=65145ms iter=245 WAIST cost=21.0000 best_alt=17.0000 gap=4.0000 tried=5 sep_labels=17 clique_frac=0.00
t=65302ms iter=245 REBUILD reject new_tc=27.8991 (was 25.7457)
t=65399ms iter=245 incumb=25.7457 ratchet=26.0743 best=25.7414 since_improve=65
t=65406ms iter=246 WAIST cost=21.0000 best_alt=17.0000 gap=4.0000 tried=5 sep_labels=17 clique_frac=0.00
t=65556ms iter=246 REBUILD reject new_tc=26.2533 (was 25.7457)
t=65653ms iter=246 incumb=25.7457 ratchet=25.9280 best=25.7414 since_improve=66
t=65660ms iter=247 WAIST cost=21.0000 best_alt=17.0000 gap=4.0000 tried=5 sep_labels=17 clique_frac=0.00
t=65826ms iter=247 REBUILD reject new_tc=30.4968 (was 25.7457)
t=65921ms iter=247 incumb=25.7457 ratchet=25.8439 best=25.7414 since_improve=67
t=65929ms iter=248 WAIST cost=21.0000 best_alt=17.0000 gap=4.0000 tried=5 sep_labels=17 clique_frac=0.00
t=66088ms iter=248 REBUILD reject new_tc=25.8801 (was 25.7457)
t=66183ms iter=248 incumb=25.7457 ratchet=25.9219 best=25.7414 since_improve=68
t=66190ms iter=249 WAIST cost=21.0000 best_alt=17.0000 gap=4.0000 tried=5 sep_labels=17 clique_frac=0.00
t=66347ms iter=249 REBUILD reject new_tc=26.9020 (was 25.7457)
t=66444ms iter=249 incumb=25.7457 ratchet=25.9394 best=25.7414 since_improve=69
t=66451ms iter=250 WAIST cost=21.0000 best_alt=17.0000 gap=4.0000 tried=5 sep_labels=17 clique_frac=0.00
t=66609ms iter=250 REBUILD reject new_tc=26.1222 (was 25.7457)
t=66702ms iter=250 incumb=25.7457 ratchet=25.8774 best=25.7414 since_improve=70
t=66708ms iter=251 WAIST cost=21.0000 best_alt=17.0000 gap=4.0000 tried=5 sep_labels=17 clique_frac=0.00
t=66869ms iter=251 REBUILD reject new_tc=26.7961 (was 25.7457)
t=66966ms iter=251 incumb=25.7457 ratchet=25.7618 best=25.7414 since_improve=71
t=66971ms iter=252 WAIST cost=21.0000 best_alt=17.0000 gap=4.0000 tried=5 sep_labels=17 clique_frac=0.00
t=67124ms iter=252 REBUILD reject new_tc=30.9112 (was 25.7457)
t=67219ms iter=252 incumb=25.7457 ratchet=25.8635 best=25.7414 since_improve=72
t=67225ms iter=253 WAIST cost=21.0000 best_alt=17.0000 gap=4.0000 tried=5 sep_labels=17 clique_frac=0.00
t=67385ms iter=253 REBUILD reject new_tc=28.8554 (was 25.7457)
t=67481ms iter=253 incumb=25.7457 ratchet=25.8350 best=25.7414 since_improve=73
t=67487ms iter=254 WAIST cost=21.0000 best_alt=17.0000 gap=4.0000 tried=5 sep_labels=17 clique_frac=0.00
t=67648ms iter=254 REBUILD reject new_tc=26.0330 (was 25.7457)
t=67743ms iter=254 incumb=25.7457 ratchet=25.7979 best=25.7414 since_improve=74
t=67750ms iter=255 WAIST cost=21.0000 best_alt=17.0000 gap=4.0000 tried=5 sep_labels=17 clique_frac=0.00
t=67902ms iter=255 REBUILD reject new_tc=27.8993 (was 25.7457)
t=67995ms iter=255 incumb=25.7457 ratchet=25.9163 best=25.7414 since_improve=75
t=68002ms iter=256 WAIST cost=21.0000 best_alt=17.0000 gap=4.0000 tried=5 sep_labels=17 clique_frac=0.00
t=68163ms iter=256 REBUILD reject new_tc=25.9955 (was 25.7457)
t=68260ms iter=256 incumb=25.7457 ratchet=25.8071 best=25.7414 since_improve=76
t=68267ms iter=257 WAIST cost=21.0000 best_alt=17.0000 gap=4.0000 tried=5 sep_labels=17 clique_frac=0.00
t=68425ms iter=257 REBUILD reject new_tc=29.1601 (was 25.7457)
t=68522ms iter=257 incumb=25.7457 ratchet=25.7803 best=25.7414 since_improve=77
t=68528ms iter=258 WAIST cost=21.0000 best_alt=17.0000 gap=4.0000 tried=5 sep_labels=17 clique_frac=0.00
t=68685ms iter=258 REBUILD reject new_tc=26.6111 (was 25.7457)
t=68781ms iter=258 incumb=25.7457 ratchet=25.8218 best=25.7414 since_improve=78
t=68787ms iter=259 WAIST cost=21.0000 best_alt=17.0000 gap=4.0000 tried=5 sep_labels=17 clique_frac=0.00
t=68944ms iter=259 REBUILD reject new_tc=28.5410 (was 25.7457)
t=69039ms iter=259 incumb=25.7457 ratchet=25.8067 best=25.7414 since_improve=79
t=69047ms iter=260 WAIST cost=21.0000 best_alt=17.0000 gap=4.0000 tried=5 sep_labels=17 clique_frac=0.00
t=69207ms iter=260 REBUILD reject new_tc=25.9827 (was 25.7457)
t=69302ms iter=260 incumb=25.7457 ratchet=25.8118 best=25.7414 since_improve=80
t=69308ms iter=261 WAIST cost=21.0000 best_alt=17.0000 gap=4.0000 tried=5 sep_labels=17 clique_frac=0.00
t=69468ms iter=261 REBUILD reject new_tc=27.2000 (was 25.7457)
t=69561ms iter=261 incumb=25.7457 ratchet=25.8536 best=25.7414 since_improve=81
t=69568ms iter=262 WAIST cost=21.0000 best_alt=17.0000 gap=4.0000 tried=5 sep_labels=17 clique_frac=0.00
t=69726ms iter=262 REBUILD reject new_tc=25.9388 (was 25.7457)
t=69824ms iter=262 incumb=25.7457 ratchet=25.8868 best=25.7414 since_improve=82
t=69831ms iter=263 WAIST cost=21.0000 best_alt=17.0000 gap=4.0000 tried=5 sep_labels=17 clique_frac=0.00
t=69989ms iter=263 REBUILD reject new_tc=26.4270 (was 25.7457)
t=70084ms iter=263 incumb=25.7457 ratchet=25.9413 best=25.7414 since_improve=83
t=70090ms iter=264 WAIST cost=21.0000 best_alt=17.0000 gap=4.0000 tried=5 sep_labels=17 clique_frac=0.00
t=70247ms iter=264 REBUILD reject new_tc=29.6016 (was 25.7457)
t=70345ms iter=264 incumb=25.7457 ratchet=25.8412 best=25.7414 since_improve=84
t=70353ms iter=265 WAIST cost=21.0000 best_alt=17.0000 gap=4.0000 tried=5 sep_labels=17 clique_frac=0.00
t=70510ms iter=265 REBUILD reject new_tc=29.3408 (was 25.7457)
t=70607ms iter=265 incumb=25.7457 ratchet=25.8612 best=25.7414 since_improve=85
t=70614ms iter=266 WAIST cost=21.0000 best_alt=17.0000 gap=4.0000 tried=5 sep_labels=17 clique_frac=0.00
t=70775ms iter=266 REBUILD reject new_tc=25.9459 (was 25.7457)
t=70872ms iter=266 incumb=25.7457 ratchet=25.8140 best=25.7414 since_improve=86
t=70879ms iter=267 WAIST cost=21.0000 best_alt=17.0000 gap=4.0000 tried=5 sep_labels=17 clique_frac=0.00
t=71039ms iter=267 REBUILD reject new_tc=27.4109 (was 25.7457)
t=71135ms iter=267 incumb=25.7457 ratchet=25.9866 best=25.7414 since_improve=87
t=71141ms iter=268 WAIST cost=21.0000 best_alt=17.0000 gap=4.0000 tried=5 sep_labels=17 clique_frac=0.00
t=71297ms iter=268 REBUILD reject new_tc=29.9193 (was 25.7457)
t=71390ms iter=268 incumb=25.7457 ratchet=25.7906 best=25.7414 since_improve=88
t=71397ms iter=269 WAIST cost=21.0000 best_alt=17.0000 gap=4.0000 tried=5 sep_labels=17 clique_frac=0.00
t=71559ms iter=269 REBUILD reject new_tc=26.7529 (was 25.7457)
t=71654ms iter=269 incumb=25.7457 ratchet=25.9296 best=25.7414 since_improve=89
t=71661ms iter=270 WAIST cost=21.0000 best_alt=17.0000 gap=4.0000 tried=5 sep_labels=17 clique_frac=0.00
t=71818ms iter=270 REBUILD reject new_tc=30.1232 (was 25.7457)
t=71914ms iter=270 incumb=25.7457 ratchet=25.9138 best=25.7414 since_improve=90
t=71920ms iter=271 WAIST cost=21.0000 best_alt=17.0000 gap=4.0000 tried=5 sep_labels=17 clique_frac=0.00
t=72079ms iter=271 REBUILD reject new_tc=26.2980 (was 25.7457)
t=72175ms iter=271 incumb=25.7457 ratchet=25.8074 best=25.7414 since_improve=91
t=72180ms iter=272 WAIST cost=21.0000 best_alt=17.0000 gap=4.0000 tried=5 sep_labels=17 clique_frac=0.00
t=72340ms iter=272 REBUILD reject new_tc=27.2792 (was 25.7457)
t=72436ms iter=272 incumb=25.7457 ratchet=25.8675 best=25.7414 since_improve=92
t=72444ms iter=273 WAIST cost=21.0000 best_alt=17.0000 gap=4.0000 tried=5 sep_labels=17 clique_frac=0.00
t=72604ms iter=273 REBUILD reject new_tc=26.0270 (was 25.7457)
t=72703ms iter=273 incumb=25.7457 ratchet=25.8012 best=25.7414 since_improve=93
t=72709ms iter=274 WAIST cost=21.0000 best_alt=17.0000 gap=4.0000 tried=5 sep_labels=17 clique_frac=0.00
t=72866ms iter=274 REBUILD reject new_tc=26.4726 (was 25.7457)
t=72961ms iter=274 incumb=25.7457 ratchet=25.8270 best=25.7414 since_improve=94
t=72968ms iter=275 WAIST cost=21.0000 best_alt=17.0000 gap=4.0000 tried=5 sep_labels=17 clique_frac=0.00
t=73126ms iter=275 REBUILD reject new_tc=28.4025 (was 25.7457)
t=73221ms iter=275 incumb=25.7457 ratchet=25.8268 best=25.7414 since_improve=95
t=73228ms iter=276 WAIST cost=21.0000 best_alt=17.0000 gap=4.0000 tried=5 sep_labels=17 clique_frac=0.00
t=73387ms iter=276 REBUILD reject new_tc=30.0898 (was 25.7457)
t=73482ms iter=276 incumb=25.7457 ratchet=25.8428 best=25.7414 since_improve=96
t=73489ms iter=277 WAIST cost=21.0000 best_alt=17.0000 gap=4.0000 tried=5 sep_labels=17 clique_frac=0.00
t=73649ms iter=277 REBUILD reject new_tc=26.4316 (was 25.7457)
t=73742ms iter=277 incumb=25.7457 ratchet=25.8918 best=25.7414 since_improve=97
t=73748ms iter=278 WAIST cost=21.0000 best_alt=17.0000 gap=4.0000 tried=5 sep_labels=17 clique_frac=0.00
t=73906ms iter=278 REBUILD reject new_tc=26.1139 (was 25.7457)
t=74001ms iter=278 incumb=25.7457 ratchet=25.8591 best=25.7414 since_improve=98
t=74007ms iter=279 WAIST cost=21.0000 best_alt=17.0000 gap=4.0000 tried=5 sep_labels=17 clique_frac=0.00
t=74167ms iter=279 REBUILD reject new_tc=29.4454 (was 25.7457)
t=74262ms iter=279 incumb=25.7457 ratchet=25.7823 best=25.7414 since_improve=99
t=74268ms iter=280 WAIST cost=21.0000 best_alt=17.0000 gap=4.0000 tried=5 sep_labels=17 clique_frac=0.00
t=74429ms iter=280 REBUILD reject new_tc=35.2235 (was 25.7457)
t=74526ms iter=280 incumb=25.7457 ratchet=25.7799 best=25.7414 since_improve=100
t=74533ms iter=281 WAIST cost=21.0000 best_alt=17.0000 gap=4.0000 tried=5 sep_labels=17 clique_frac=0.00
t=74691ms iter=281 REBUILD reject new_tc=31.5440 (was 25.7457)
t=74788ms iter=281 incumb=25.7457 ratchet=25.8272 best=25.7414 since_improve=101
t=74795ms iter=282 WAIST cost=21.0000 best_alt=17.0000 gap=4.0000 tried=5 sep_labels=17 clique_frac=0.00
t=74954ms iter=282 REBUILD reject new_tc=27.8029 (was 25.7457)
t=75050ms iter=282 incumb=25.7457 ratchet=25.9027 best=25.7414 since_improve=102
t=75057ms iter=283 WAIST cost=21.0000 best_alt=17.0000 gap=4.0000 tried=5 sep_labels=17 clique_frac=0.00
t=75210ms iter=283 REBUILD reject new_tc=34.5233 (was 25.7457)
t=75307ms iter=283 incumb=25.7457 ratchet=25.7980 best=25.7414 since_improve=103
t=75313ms iter=284 WAIST cost=21.0000 best_alt=17.0000 gap=4.0000 tried=5 sep_labels=17 clique_frac=0.00
t=75472ms iter=284 REBUILD reject new_tc=36.7311 (was 25.7457)
t=75569ms iter=284 incumb=25.7457 ratchet=25.8702 best=25.7414 since_improve=104
t=75575ms iter=285 WAIST cost=21.0000 best_alt=17.0000 gap=4.0000 tried=5 sep_labels=17 clique_frac=0.00
t=75737ms iter=285 REBUILD reject new_tc=25.8802 (was 25.7457)
t=75834ms iter=285 incumb=25.7457 ratchet=25.8015 best=25.7414 since_improve=105
t=75840ms iter=286 WAIST cost=21.0000 best_alt=17.0000 gap=4.0000 tried=5 sep_labels=17 clique_frac=0.00
t=75997ms iter=286 REBUILD reject new_tc=32.5478 (was 25.7457)
t=76094ms iter=286 incumb=25.7457 ratchet=25.7810 best=25.7414 since_improve=106
t=76101ms iter=287 WAIST cost=21.0000 best_alt=17.0000 gap=4.0000 tried=5 sep_labels=17 clique_frac=0.00
t=76257ms iter=287 REBUILD reject new_tc=30.4056 (was 25.7457)
t=76353ms iter=287 incumb=25.7457 ratchet=25.7568 best=25.7414 since_improve=107
t=76360ms iter=288 WAIST cost=21.0000 best_alt=17.0000 gap=4.0000 tried=5 sep_labels=17 clique_frac=0.00
t=76519ms iter=288 REBUILD reject new_tc=26.0485 (was 25.7457)
t=76615ms iter=288 incumb=25.7457 ratchet=25.8002 best=25.7414 since_improve=108
t=76621ms iter=289 WAIST cost=21.0000 best_alt=16.0000 gap=5.0000 tried=5 sep_labels=16 clique_frac=0.00
t=76782ms iter=289 REBUILD reject new_tc=25.8849 (was 25.7457)
t=76878ms iter=289 incumb=25.7457 ratchet=25.9478 best=25.7414 since_improve=109
t=76885ms iter=290 WAIST cost=21.0000 best_alt=17.0000 gap=4.0000 tried=5 sep_labels=17 clique_frac=0.00
t=77042ms iter=290 REBUILD reject new_tc=25.9497 (was 25.7457)
t=77136ms iter=290 incumb=25.7457 ratchet=25.8429 best=25.7414 since_improve=110
t=77142ms iter=291 WAIST cost=21.0000 best_alt=17.0000 gap=4.0000 tried=5 sep_labels=17 clique_frac=0.00
t=77300ms iter=291 REBUILD reject new_tc=29.3730 (was 25.7457)
t=77397ms iter=291 incumb=25.7457 ratchet=25.8972 best=25.7414 since_improve=111
t=77404ms iter=292 WAIST cost=21.0000 best_alt=17.0000 gap=4.0000 tried=5 sep_labels=17 clique_frac=0.00
t=77561ms iter=292 REBUILD reject new_tc=29.3380 (was 25.7457)
t=77657ms iter=292 incumb=25.7457 ratchet=25.8471 best=25.7414 since_improve=112
t=77663ms iter=293 WAIST cost=21.0000 best_alt=17.0000 gap=4.0000 tried=5 sep_labels=17 clique_frac=0.00
t=77824ms iter=293 REBUILD reject new_tc=25.9757 (was 25.7457)
t=77921ms iter=293 incumb=25.7457 ratchet=25.8809 best=25.7414 since_improve=113
t=77927ms iter=294 WAIST cost=21.0000 best_alt=17.0000 gap=4.0000 tried=5 sep_labels=17 clique_frac=0.00
t=78082ms iter=294 REBUILD reject new_tc=27.8896 (was 25.7457)
t=78182ms iter=294 incumb=25.7457 ratchet=25.9201 best=25.7414 since_improve=114
t=78189ms iter=295 WAIST cost=21.0000 best_alt=17.0000 gap=4.0000 tried=5 sep_labels=17 clique_frac=0.00
t=78351ms iter=295 REBUILD reject new_tc=37.5055 (was 25.7457)
t=78447ms iter=295 incumb=25.7457 ratchet=25.7848 best=25.7414 since_improve=115
t=78454ms iter=296 WAIST cost=21.0000 best_alt=17.0000 gap=4.0000 tried=5 sep_labels=17 clique_frac=0.00
t=78615ms iter=296 REBUILD reject new_tc=26.1346 (was 25.7457)
t=78713ms iter=296 incumb=25.7457 ratchet=25.7573 best=25.7414 since_improve=116
t=78721ms iter=297 WAIST cost=21.0000 best_alt=17.0000 gap=4.0000 tried=5 sep_labels=17 clique_frac=0.00
t=78880ms iter=297 REBUILD reject new_tc=35.5249 (was 25.7457)
t=78978ms iter=297 incumb=25.7457 ratchet=25.8294 best=25.7414 since_improve=117
t=78985ms iter=298 WAIST cost=21.0000 best_alt=17.0000 gap=4.0000 tried=5 sep_labels=17 clique_frac=0.00
t=79145ms iter=298 REBUILD reject new_tc=26.6361 (was 25.7457)
t=79238ms iter=298 incumb=25.7457 ratchet=26.0861 best=25.7414 since_improve=118
t=79244ms iter=299 WAIST cost=21.0000 best_alt=17.0000 gap=4.0000 tried=5 sep_labels=17 clique_frac=0.00
t=79401ms iter=299 REBUILD reject new_tc=31.0011 (was 25.7457)
t=79498ms iter=299 incumb=25.7457 ratchet=25.8900 best=25.7414 since_improve=119
t=79504ms iter=300 WAIST cost=21.0000 best_alt=17.0000 gap=4.0000 tried=5 sep_labels=17 clique_frac=0.00
t=79663ms iter=300 REBUILD reject new_tc=26.8565 (was 25.7457)
t=79761ms iter=300 incumb=25.7457 ratchet=25.8849 best=25.7414 since_improve=120
t=79768ms iter=301 WAIST cost=21.0000 best_alt=17.0000 gap=4.0000 tried=5 sep_labels=17 clique_frac=0.00
t=79926ms iter=301 REBUILD reject new_tc=25.9670 (was 25.7457)
t=80022ms iter=301 incumb=25.7457 ratchet=25.8084 best=25.7414 since_improve=121
t=80029ms iter=302 WAIST cost=21.0000 best_alt=17.0000 gap=4.0000 tried=5 sep_labels=17 clique_frac=0.00
t=80188ms iter=302 REBUILD reject new_tc=25.9583 (was 25.7457)
t=80284ms iter=302 incumb=25.7457 ratchet=25.7935 best=25.7414 since_improve=122
t=80291ms iter=303 WAIST cost=21.0000 best_alt=17.0000 gap=4.0000 tried=5 sep_labels=17 clique_frac=0.00
t=80448ms iter=303 REBUILD reject new_tc=30.1060 (was 25.7457)
t=80542ms iter=303 incumb=25.7457 ratchet=25.7908 best=25.7414 since_improve=123
t=80549ms iter=304 WAIST cost=21.0000 best_alt=17.0000 gap=4.0000 tried=5 sep_labels=17 clique_frac=0.00
t=80706ms iter=304 REBUILD reject new_tc=31.1365 (was 25.7457)
t=80896ms iter=304 incumb=25.7457 ratchet=25.7377 best=25.7377 since_improve=0
t=80903ms iter=305 WAIST cost=20.0000 best_alt=17.0000 gap=3.0000 tried=5 sep_labels=17 clique_frac=0.00
t=81061ms iter=305 REBUILD reject new_tc=40.1512 (was 25.7377)
t=81158ms iter=305 incumb=25.7377 ratchet=25.7802 best=25.7377 since_improve=1
t=81164ms iter=306 WAIST cost=20.0000 best_alt=17.0000 gap=3.0000 tried=5 sep_labels=17 clique_frac=0.00
t=81325ms iter=306 REBUILD reject new_tc=27.9140 (was 25.7377)
t=81423ms iter=306 incumb=25.7377 ratchet=25.8472 best=25.7377 since_improve=2
t=81430ms iter=307 WAIST cost=20.0000 best_alt=17.0000 gap=3.0000 tried=5 sep_labels=17 clique_frac=0.00
t=81589ms iter=307 REBUILD reject new_tc=27.5555 (was 25.7377)
t=81684ms iter=307 incumb=25.7377 ratchet=25.9248 best=25.7377 since_improve=3
t=81692ms iter=308 WAIST cost=20.0000 best_alt=17.0000 gap=3.0000 tried=5 sep_labels=17 clique_frac=0.00
t=81854ms iter=308 REBUILD reject new_tc=26.2729 (was 25.7377)
t=81948ms iter=308 incumb=25.7377 ratchet=25.8027 best=25.7377 since_improve=4
t=81954ms iter=309 WAIST cost=20.0000 best_alt=17.0000 gap=3.0000 tried=5 sep_labels=17 clique_frac=0.00
t=82117ms iter=309 REBUILD reject new_tc=25.8972 (was 25.7377)
t=82214ms iter=309 incumb=25.7377 ratchet=25.7931 best=25.7377 since_improve=5
t=82220ms iter=310 WAIST cost=20.0000 best_alt=17.0000 gap=3.0000 tried=5 sep_labels=17 clique_frac=0.00
t=82379ms iter=310 REBUILD reject new_tc=29.3627 (was 25.7377)
t=82475ms iter=310 incumb=25.7377 ratchet=26.0010 best=25.7377 since_improve=6
t=82481ms iter=311 WAIST cost=20.0000 best_alt=16.0000 gap=4.0000 tried=5 sep_labels=16 clique_frac=0.00
t=82638ms iter=311 REBUILD reject new_tc=38.7699 (was 25.7377)
t=82732ms iter=311 incumb=25.7377 ratchet=25.8374 best=25.7377 since_improve=7
t=82739ms iter=312 WAIST cost=20.0000 best_alt=17.0000 gap=3.0000 tried=5 sep_labels=17 clique_frac=0.00
t=82906ms iter=312 REBUILD reject new_tc=28.7374 (was 25.7377)
t=83001ms iter=312 incumb=25.7377 ratchet=25.7702 best=25.7377 since_improve=8
t=83008ms iter=313 WAIST cost=20.0000 best_alt=17.0000 gap=3.0000 tried=5 sep_labels=17 clique_frac=0.00
t=83165ms iter=313 REBUILD reject new_tc=26.3561 (was 25.7377)
t=83258ms iter=313 incumb=25.7377 ratchet=25.7952 best=25.7377 since_improve=9
t=83264ms iter=314 WAIST cost=20.0000 best_alt=17.0000 gap=3.0000 tried=5 sep_labels=17 clique_frac=0.00
t=83426ms iter=314 REBUILD reject new_tc=26.1739 (was 25.7377)
t=83524ms iter=314 incumb=25.7377 ratchet=25.8238 best=25.7377 since_improve=10
t=83529ms iter=315 WAIST cost=20.0000 best_alt=17.0000 gap=3.0000 tried=5 sep_labels=17 clique_frac=0.00
t=83688ms iter=315 REBUILD reject new_tc=26.1315 (was 25.7377)
t=83783ms iter=315 incumb=25.7377 ratchet=25.8373 best=25.7377 since_improve=11
t=83790ms iter=316 WAIST cost=20.0000 best_alt=17.0000 gap=3.0000 tried=5 sep_labels=17 clique_frac=0.00
t=83950ms iter=316 REBUILD reject new_tc=28.0181 (was 25.7377)
t=84045ms iter=316 incumb=25.7377 ratchet=25.7730 best=25.7377 since_improve=12
t=84052ms iter=317 WAIST cost=20.0000 best_alt=17.0000 gap=3.0000 tried=5 sep_labels=17 clique_frac=0.00
t=84212ms iter=317 REBUILD reject new_tc=26.4660 (was 25.7377)
t=84309ms iter=317 incumb=25.7377 ratchet=25.7864 best=25.7377 since_improve=13
t=84315ms iter=318 WAIST cost=20.0000 best_alt=17.0000 gap=3.0000 tried=5 sep_labels=17 clique_frac=0.00
t=84476ms iter=318 REBUILD reject new_tc=26.6424 (was 25.7377)
t=84567ms iter=318 incumb=25.7377 ratchet=25.8052 best=25.7377 since_improve=14
t=84573ms iter=319 WAIST cost=20.0000 best_alt=16.0000 gap=4.0000 tried=5 sep_labels=16 clique_frac=0.00
t=84732ms iter=319 REBUILD reject new_tc=27.2116 (was 25.7377)
t=84828ms iter=319 incumb=25.7377 ratchet=25.8690 best=25.7377 since_improve=15
t=84834ms iter=320 WAIST cost=20.0000 best_alt=17.0000 gap=3.0000 tried=5 sep_labels=17 clique_frac=0.00
t=84993ms iter=320 REBUILD reject new_tc=29.1859 (was 25.7377)
t=85088ms iter=320 incumb=25.7377 ratchet=25.8674 best=25.7377 since_improve=16
t=85095ms iter=321 WAIST cost=20.0000 best_alt=17.0000 gap=3.0000 tried=5 sep_labels=17 clique_frac=0.00
t=85254ms iter=321 REBUILD reject new_tc=26.5411 (was 25.7377)
t=85349ms iter=321 incumb=25.7377 ratchet=25.9727 best=25.7377 since_improve=17
t=85356ms iter=322 WAIST cost=20.0000 best_alt=17.0000 gap=3.0000 tried=5 sep_labels=17 clique_frac=0.00
t=85518ms iter=322 REBUILD reject new_tc=27.8565 (was 25.7377)
t=85614ms iter=322 incumb=25.7377 ratchet=25.7831 best=25.7377 since_improve=18
t=85621ms iter=323 WAIST cost=20.0000 best_alt=17.0000 gap=3.0000 tried=5 sep_labels=17 clique_frac=0.00
t=85781ms iter=323 REBUILD reject new_tc=25.8965 (was 25.7377)
t=85876ms iter=323 incumb=25.7377 ratchet=25.8108 best=25.7377 since_improve=19
t=85882ms iter=324 WAIST cost=20.0000 best_alt=17.0000 gap=3.0000 tried=5 sep_labels=17 clique_frac=0.00
t=86039ms iter=324 REBUILD reject new_tc=26.5468 (was 25.7377)
t=86134ms iter=324 incumb=25.7377 ratchet=25.8950 best=25.7377 since_improve=20
t=86140ms iter=325 WAIST cost=20.0000 best_alt=17.0000 gap=3.0000 tried=5 sep_labels=17 clique_frac=0.00
t=86301ms iter=325 REBUILD reject new_tc=27.5764 (was 25.7377)
t=86395ms iter=325 incumb=25.7377 ratchet=25.7569 best=25.7377 since_improve=21
t=86402ms iter=326 WAIST cost=20.0000 best_alt=17.0000 gap=3.0000 tried=5 sep_labels=17 clique_frac=0.00
t=86560ms iter=326 REBUILD reject new_tc=25.9943 (was 25.7377)
t=86654ms iter=326 incumb=25.7377 ratchet=25.7826 best=25.7377 since_improve=22
t=86661ms iter=327 WAIST cost=20.0000 best_alt=17.0000 gap=3.0000 tried=5 sep_labels=17 clique_frac=0.00
t=86821ms iter=327 REBUILD reject new_tc=28.2708 (was 25.7377)
t=86915ms iter=327 incumb=25.7377 ratchet=25.8014 best=25.7377 since_improve=23
t=86921ms iter=328 WAIST cost=20.0000 best_alt=17.0000 gap=3.0000 tried=5 sep_labels=17 clique_frac=0.00
t=87090ms iter=328 REBUILD reject new_tc=26.4680 (was 25.7377)
t=87187ms iter=328 incumb=25.7377 ratchet=25.8262 best=25.7377 since_improve=24
t=87193ms iter=329 WAIST cost=20.0000 best_alt=17.0000 gap=3.0000 tried=5 sep_labels=17 clique_frac=0.00
t=87354ms iter=329 REBUILD reject new_tc=26.8410 (was 25.7377)
t_final=87455ms tc_reduced=25.7377 tc_full=26.0882 leaves=2124
surgery summary: calls=329 cheaper_cuts=329 rebuild_accepts=0 waist_min_hits=0
