probe: instance=sycamore_53_20_0 n_orig=3369 n=381 fusible=0.8869 nlabels=754 t=16ms
seed_greedy tc=87.6439 t=504ms
t=608ms iter=1 WAIST cost=59.0000 best_alt=49.0000 gap=10.0000 tried=5 sep_labels=49 clique_frac=0.01
t=971ms iter=1 REBUILD ACCEPT new_tc=61.5934 (was 62.5599)
t=3502ms iter=1 incumb=61.5934 ratchet=61.4264 best=61.4264 since_improve=0
t=3509ms iter=2 WAIST cost=57.0000 best_alt=51.0000 gap=6.0000 tried=5 sep_labels=51 clique_frac=0.01
t=3828ms iter=2 REBUILD ACCEPT new_tc=61.3323 (was 61.4264)
t=5522ms iter=2 incumb=61.3323 ratchet=61.1934 best=61.1829 since_improve=0
t=5533ms iter=3 WAIST cost=56.0000 best_alt=53.0000 gap=3.0000 tried=5 sep_labels=53 clique_frac=0.01
t=5700ms iter=3 REBUILD reject new_tc=61.4247 (was 61.1934)
t=5857ms iter=3 incumb=61.1934 ratchet=61.6047 best=61.1829 since_improve=1
t=5864ms iter=4 WAIST cost=56.0000 best_alt=52.0000 gap=4.0000 tried=5 sep_labels=52 clique_frac=0.01
t=6037ms iter=4 REBUILD reject new_tc=61.7255 (was 61.1934)
t=6728ms iter=4 incumb=61.1934 ratchet=61.1563 best=61.1563 since_improve=0
t=6737ms iter=5 WAIST cost=57.0000 best_alt=49.0000 gap=8.0000 tried=5 sep_labels=49 clique_frac=0.01
t=6890ms iter=5 REBUILD reject new_tc=61.5557 (was 61.1563)
t=7048ms iter=5 incumb=61.1563 ratchet=61.1936 best=61.1563 since_improve=1
t=7055ms iter=6 WAIST cost=57.0000 best_alt=51.0000 gap=6.0000 tried=5 sep_labels=51 clique_frac=0.01
t=7211ms iter=6 REBUILD reject new_tc=61.4611 (was 61.1563)
t=7359ms iter=6 incumb=61.1563 ratchet=61.1900 best=61.1563 since_improve=2
t=7368ms iter=7 WAIST cost=57.0000 best_alt=46.0000 gap=11.0000 tried=5 sep_labels=46 clique_frac=0.02
t=7527ms iter=7 REBUILD reject new_tc=68.7526 (was 61.1563)
t=7683ms iter=7 incumb=61.1563 ratchet=61.2025 best=61.1563 since_improve=3
t=7692ms iter=8 WAIST cost=57.0000 best_alt=50.0000 gap=7.0000 tried=5 sep_labels=50 clique_frac=0.01
t=7845ms iter=8 REBUILD reject new_tc=73.0003 (was 61.1563)
t=8001ms iter=8 incumb=61.1563 ratchet=61.2359 best=61.1563 since_improve=4
t=8009ms iter=9 WAIST cost=57.0000 best_alt=48.0000 gap=9.0000 tried=5 sep_labels=48 clique_frac=0.01
t=8154ms iter=9 REBUILD reject new_tc=76.0287 (was 61.1563)
t=8316ms iter=9 incumb=61.1563 ratchet=61.1583 best=61.1563 since_improve=5
t=8324ms iter=10 WAIST cost=57.0000 best_alt=46.0000 gap=11.0000 tried=5 sep_labels=46 clique_frac=0.02
t=8484ms iter=10 REBUILD reject new_tc=61.5906 (was 61.1563)
t=9215ms iter=10 incumb=61.1563 ratchet=61.1462 best=61.1440 since_improve=0
t=9224ms iter=11 WAIST cost=56.0000 best_alt=51.0000 gap=5.0000 tried=5 sep_labels=51 clique_frac=0.01
t=9370ms iter=11 REBUILD reject new_tc=72.1961 (was 61.1462)
t=9526ms iter=11 incumb=61.1462 ratchet=61.2558 best=61.1440 since_improve=1
t=9534ms iter=12 WAIST cost=56.0000 best_alt=51.0000 gap=5.0000 tried=5 sep_labels=51 clique_frac=0.01
t=9860ms iter=12 REBUILD ACCEPT new_tc=61.1390 (was 61.1462)
t=10029ms iter=12 incumb=61.1390 ratchet=61.1420 best=61.1390 since_improve=1
t=10037ms iter=13 WAIST cost=56.0000 best_alt=44.0000 gap=12.0000 tried=5 sep_labels=44 clique_frac=0.01
t=10197ms iter=13 REBUILD reject new_tc=62.0446 (was 61.1390)
t=10361ms iter=13 incumb=61.1390 ratchet=61.1655 best=61.1390 since_improve=2
t=10369ms iter=14 WAIST cost=56.0000 best_alt=44.0000 gap=12.0000 tried=5 sep_labels=44 clique_frac=0.01
t=10521ms iter=14 REBUILD reject new_tc=65.1247 (was 61.1390)
t=10677ms iter=14 incumb=61.1390 ratchet=61.1976 best=61.1390 since_improve=3
t=10683ms iter=15 WAIST cost=56.0000 best_alt=46.0000 gap=10.0000 tried=5 sep_labels=46 clique_frac=0.01
t=10833ms iter=15 REBUILD reject new_tc=61.3419 (was 61.1390)
t=10987ms iter=15 incumb=61.1390 ratchet=61.1738 best=61.1390 since_improve=4
t=10993ms iter=16 WAIST cost=56.0000 best_alt=41.0000 gap=15.0000 tried=5 sep_labels=41 clique_frac=0.01
t=11146ms iter=16 REBUILD reject new_tc=61.7833 (was 61.1390)
t=11821ms iter=16 incumb=61.1390 ratchet=61.1058 best=61.1058 since_improve=0
t=11832ms iter=17 WAIST cost=56.0000 best_alt=51.0000 gap=5.0000 tried=5 sep_labels=51 clique_frac=0.01
t=12008ms iter=17 REBUILD reject new_tc=61.1756 (was 61.1058)
t=12813ms iter=17 incumb=61.1058 ratchet=61.1019 best=61.0657 since_improve=0
t=12820ms iter=18 WAIST cost=56.0000 best_alt=50.0000 gap=6.0000 tried=5 sep_labels=50 clique_frac=0.01
t=12978ms iter=18 REBUILD reject new_tc=61.6877 (was 61.1019)
t=13145ms iter=18 incumb=61.1019 ratchet=61.0871 best=61.0657 since_improve=0
t=13151ms iter=19 WAIST cost=56.0000 best_alt=46.0000 gap=10.0000 tried=5 sep_labels=46 clique_frac=0.01
t=13296ms iter=19 REBUILD reject new_tc=82.0012 (was 61.0871)
t=14278ms iter=19 incumb=61.0871 ratchet=61.0454 best=61.0454 since_improve=0
t=14286ms iter=20 WAIST cost=56.0000 best_alt=43.0000 gap=13.0000 tried=5 sep_labels=43 clique_frac=0.01
t=14449ms iter=20 REBUILD reject new_tc=61.3964 (was 61.0454)
t=14611ms iter=20 incumb=61.0454 ratchet=61.0485 best=61.0454 since_improve=1
t=14618ms iter=21 WAIST cost=56.0000 best_alt=45.0000 gap=11.0000 tried=5 sep_labels=45 clique_frac=0.02
t=14780ms iter=21 REBUILD reject new_tc=61.7670 (was 61.0454)
t=14941ms iter=21 incumb=61.0454 ratchet=61.0622 best=61.0454 since_improve=2
t=14948ms iter=22 WAIST cost=56.0000 best_alt=45.0000 gap=11.0000 tried=5 sep_labels=45 clique_frac=0.01
t=15111ms iter=22 REBUILD reject new_tc=61.8103 (was 61.0454)
t=15276ms iter=22 incumb=61.0454 ratchet=61.0590 best=61.0454 since_improve=3
t=15282ms iter=23 WAIST cost=56.0000 best_alt=48.0000 gap=8.0000 tried=5 sep_labels=48 clique_frac=0.01
t=15430ms iter=23 REBUILD reject new_tc=77.0000 (was 61.0454)
t=15587ms iter=23 incumb=61.0454 ratchet=61.0953 best=61.0454 since_improve=4
t=15595ms iter=24 WAIST cost=56.0000 best_alt=45.0000 gap=11.0000 tried=5 sep_labels=45 clique_frac=0.02
t=15755ms iter=24 REBUILD reject new_tc=61.7899 (was 61.0454)
t=15911ms iter=24 incumb=61.0454 ratchet=61.0970 best=61.0454 since_improve=5
t=15917ms iter=25 WAIST cost=56.0000 best_alt=49.0000 gap=7.0000 tried=5 sep_labels=49 clique_frac=0.01
t=16082ms iter=25 REBUILD reject new_tc=62.8290 (was 61.0454)
t=18010ms iter=25 incumb=61.0454 ratchet=60.9807 best=60.9807 since_improve=0
t=18020ms iter=26 WAIST cost=56.0000 best_alt=50.0000 gap=6.0000 tried=5 sep_labels=50 clique_frac=0.01
t=18172ms iter=26 REBUILD reject new_tc=66.0583 (was 60.9807)
t=18328ms iter=26 incumb=60.9807 ratchet=61.0867 best=60.9807 since_improve=1
t=18337ms iter=27 WAIST cost=56.0000 best_alt=49.0000 gap=7.0000 tried=5 sep_labels=49 clique_frac=0.01
t=18499ms iter=27 REBUILD reject new_tc=61.3464 (was 60.9807)
t=18648ms iter=27 incumb=60.9807 ratchet=61.0074 best=60.9807 since_improve=2
t=18656ms iter=28 WAIST cost=56.0000 best_alt=51.0000 gap=5.0000 tried=5 sep_labels=51 clique_frac=0.01
t=18813ms iter=28 REBUILD reject new_tc=61.4384 (was 60.9807)
t=18971ms iter=28 incumb=60.9807 ratchet=61.0922 best=60.9807 since_improve=3
t=18979ms iter=29 WAIST cost=56.0000 best_alt=49.0000 gap=7.0000 tried=5 sep_labels=49 clique_frac=0.01
t=19133ms iter=29 REBUILD reject new_tc=61.3098 (was 60.9807)
t=19285ms iter=29 incumb=60.9807 ratchet=61.0132 best=60.9807 since_improve=4
t=19293ms iter=30 WAIST cost=56.0000 best_alt=49.0000 gap=7.0000 tried=5 sep_labels=49 clique_frac=0.01
t=19452ms iter=30 REBUILD reject new_tc=68.0213 (was 60.9807)
t=19605ms iter=30 incumb=60.9807 ratchet=61.0248 best=60.9807 since_improve=5
t=19614ms iter=31 WAIST cost=56.0000 best_alt=49.0000 gap=7.0000 tried=5 sep_labels=49 clique_frac=0.01
t=19758ms iter=31 REBUILD reject new_tc=78.0019 (was 60.9807)
t=19917ms iter=31 incumb=60.9807 ratchet=61.0267 best=60.9807 since_improve=6
t=19929ms iter=32 WAIST cost=56.0000 best_alt=49.0000 gap=7.0000 tried=5 sep_labels=49 clique_frac=0.01
t=20094ms iter=32 REBUILD reject new_tc=61.6943 (was 60.9807)
t=20250ms iter=32 incumb=60.9807 ratchet=61.0839 best=60.9807 since_improve=7
t=20257ms iter=33 WAIST cost=56.0000 best_alt=51.0000 gap=5.0000 tried=5 sep_labels=51 clique_frac=0.01
t=20619ms iter=33 REBUILD ACCEPT new_tc=60.8727 (was 60.9807)
t=21337ms iter=33 incumb=60.8727 ratchet=60.7368 best=60.7368 since_improve=0
t=21351ms iter=34 WAIST cost=57.0000 best_alt=52.0000 gap=5.0000 tried=5 sep_labels=52 clique_frac=0.01
t=21526ms iter=34 REBUILD reject new_tc=61.2663 (was 60.7368)
t=21687ms iter=34 incumb=60.7368 ratchet=60.8455 best=60.7368 since_improve=1
t=21696ms iter=35 WAIST cost=57.0000 best_alt=52.0000 gap=5.0000 tried=5 sep_labels=52 clique_frac=0.01
t=21867ms iter=35 REBUILD reject new_tc=61.2146 (was 60.7368)
t=22225ms iter=35 incumb=60.7368 ratchet=60.7350 best=60.7350 since_improve=0
t=22234ms iter=36 WAIST cost=56.0000 best_alt=52.0000 gap=4.0000 tried=5 sep_labels=52 clique_frac=0.01
t=22408ms iter=36 REBUILD reject new_tc=61.9150 (was 60.7350)
t=22570ms iter=36 incumb=60.7350 ratchet=60.7608 best=60.7350 since_improve=1
t=22578ms iter=37 WAIST cost=56.0000 best_alt=52.0000 gap=4.0000 tried=5 sep_labels=52 clique_frac=0.01
t=22743ms iter=37 REBUILD reject new_tc=62.2224 (was 60.7350)
t=23885ms iter=37 incumb=60.7350 ratchet=60.6624 best=60.6624 since_improve=0
t=23897ms iter=38 WAIST cost=57.0000 best_alt=52.0000 gap=5.0000 tried=5 sep_labels=52 clique_frac=0.01
t=24072ms iter=38 REBUILD reject new_tc=62.0936 (was 60.6624)
t=24600ms iter=38 incumb=60.6624 ratchet=60.6607 best=60.6607 since_improve=0
t=24606ms iter=39 WAIST cost=57.0000 best_alt=52.0000 gap=5.0000 tried=5 sep_labels=52 clique_frac=0.02
t=24764ms iter=39 REBUILD reject new_tc=61.2481 (was 60.6607)
t=26707ms iter=39 incumb=60.6607 ratchet=60.6295 best=60.5681 since_improve=0
t=26718ms iter=40 WAIST cost=57.0000 best_alt=50.0000 gap=7.0000 tried=5 sep_labels=50 clique_frac=0.01
t=26882ms iter=40 REBUILD reject new_tc=61.8080 (was 60.6295)
t=27228ms iter=40 incumb=60.6295 ratchet=60.5666 best=60.5589 since_improve=0
t=27234ms iter=41 WAIST cost=57.0000 best_alt=51.0000 gap=6.0000 tried=5 sep_labels=51 clique_frac=0.01
t=27400ms iter=41 REBUILD reject new_tc=61.6105 (was 60.5666)
t=28287ms iter=41 incumb=60.5666 ratchet=60.6207 best=60.5128 since_improve=1
t=28296ms iter=42 WAIST cost=57.0000 best_alt=49.0000 gap=8.0000 tried=5 sep_labels=49 clique_frac=0.01
t=28459ms iter=42 REBUILD reject new_tc=61.5951 (was 60.5666)
t=28619ms iter=42 incumb=60.5666 ratchet=60.5242 best=60.5128 since_improve=0
t=28629ms iter=43 WAIST cost=57.0000 best_alt=51.0000 gap=6.0000 tried=5 sep_labels=51 clique_frac=0.01
t=28775ms iter=43 REBUILD reject new_tc=76.0094 (was 60.5242)
t=28935ms iter=43 incumb=60.5242 ratchet=60.6175 best=60.5128 since_improve=1
t=28947ms iter=44 WAIST cost=57.0000 best_alt=48.0000 gap=9.0000 tried=5 sep_labels=48 clique_frac=0.01
t=29087ms iter=44 REBUILD reject new_tc=66.1035 (was 60.5242)
t=29253ms iter=44 incumb=60.5242 ratchet=60.6254 best=60.5128 since_improve=2
t=29264ms iter=45 WAIST cost=57.0000 best_alt=51.0000 gap=6.0000 tried=5 sep_labels=51 clique_frac=0.01
t=29418ms iter=45 REBUILD reject new_tc=61.2716 (was 60.5242)
t=29577ms iter=45 incumb=60.5242 ratchet=60.5925 best=60.5128 since_improve=3
t=29587ms iter=46 WAIST cost=57.0000 best_alt=51.0000 gap=6.0000 tried=5 sep_labels=51 clique_frac=0.01
t=29735ms iter=46 REBUILD reject new_tc=60.9556 (was 60.5242)
t=30989ms iter=46 incumb=60.5242 ratchet=60.5275 best=60.4810 since_improve=4
t=30996ms iter=47 WAIST cost=57.0000 best_alt=51.0000 gap=6.0000 tried=5 sep_labels=51 clique_frac=0.01
t=31145ms iter=47 REBUILD reject new_tc=67.7832 (was 60.5242)
t=31309ms iter=47 incumb=60.5242 ratchet=60.6019 best=60.4810 since_improve=5
t=31320ms iter=48 WAIST cost=57.0000 best_alt=51.0000 gap=6.0000 tried=5 sep_labels=51 clique_frac=0.01
t=31473ms iter=48 REBUILD reject new_tc=61.2011 (was 60.5242)
t=31635ms iter=48 incumb=60.5242 ratchet=60.5590 best=60.4810 since_improve=6
t=31644ms iter=49 WAIST cost=57.0000 best_alt=51.0000 gap=6.0000 tried=5 sep_labels=51 clique_frac=0.01
t=31788ms iter=49 REBUILD reject new_tc=60.9595 (was 60.5242)
t=31947ms iter=49 incumb=60.5242 ratchet=60.5237 best=60.4810 since_improve=0
t=31956ms iter=50 WAIST cost=57.0000 best_alt=49.0000 gap=8.0000 tried=5 sep_labels=49 clique_frac=0.01
t=32099ms iter=50 REBUILD reject new_tc=76.0005 (was 60.5237)
t=32253ms iter=50 incumb=60.5237 ratchet=60.5484 best=60.4810 since_improve=1
t=32263ms iter=51 WAIST cost=57.0000 best_alt=49.0000 gap=8.0000 tried=5 sep_labels=49 clique_frac=0.01
t=32403ms iter=51 REBUILD reject new_tc=78.0026 (was 60.5237)
t=32558ms iter=51 incumb=60.5237 ratchet=60.5305 best=60.4810 since_improve=2
t=32565ms iter=52 WAIST cost=57.0000 best_alt=49.0000 gap=8.0000 tried=5 sep_labels=49 clique_frac=0.01
t=32719ms iter=52 REBUILD reject new_tc=61.7011 (was 60.5237)
t=32877ms iter=52 incumb=60.5237 ratchet=60.5494 best=60.4810 since_improve=3
t=32886ms iter=53 WAIST cost=57.0000 best_alt=49.0000 gap=8.0000 tried=5 sep_labels=49 clique_frac=0.01
t=33024ms iter=53 REBUILD reject new_tc=75.0012 (was 60.5237)
t=33185ms iter=53 incumb=60.5237 ratchet=60.6452 best=60.4810 since_improve=4
t=33193ms iter=54 WAIST cost=57.0000 best_alt=49.0000 gap=8.0000 tried=5 sep_labels=49 clique_frac=0.01
t=33349ms iter=54 REBUILD reject new_tc=61.4264 (was 60.5237)
t=33507ms iter=54 incumb=60.5237 ratchet=60.5425 best=60.4810 since_improve=5
t=33515ms iter=55 WAIST cost=57.0000 best_alt=49.0000 gap=8.0000 tried=5 sep_labels=49 clique_frac=0.01
t=33675ms iter=55 REBUILD reject new_tc=61.6089 (was 60.5237)
t=33831ms iter=55 incumb=60.5237 ratchet=60.5743 best=60.4810 since_improve=6
t=33840ms iter=56 WAIST cost=57.0000 best_alt=49.0000 gap=8.0000 tried=5 sep_labels=49 clique_frac=0.01
t=34171ms iter=56 REBUILD ACCEPT new_tc=60.3945 (was 60.5237)
t=39691ms iter=56 incumb=60.3945 ratchet=60.0501 best=60.0501 since_improve=0
t=39701ms iter=57 WAIST cost=56.0000 best_alt=51.0000 gap=5.0000 tried=5 sep_labels=51 clique_frac=0.01
t=39880ms iter=57 REBUILD reject new_tc=66.5106 (was 60.0501)
t=40556ms iter=57 incumb=60.0501 ratchet=59.9588 best=59.9498 since_improve=0
t=40564ms iter=58 WAIST cost=56.0000 best_alt=51.0000 gap=5.0000 tried=5 sep_labels=51 clique_frac=0.01
t=40730ms iter=58 REBUILD reject new_tc=72.0043 (was 59.9588)
t=40886ms iter=58 incumb=59.9588 ratchet=60.0032 best=59.9498 since_improve=1
t=40896ms iter=59 WAIST cost=56.0000 best_alt=51.0000 gap=5.0000 tried=5 sep_labels=51 clique_frac=0.01
t=41073ms iter=59 REBUILD reject new_tc=71.0027 (was 59.9588)
t=41234ms iter=59 incumb=59.9588 ratchet=60.0398 best=59.9498 since_improve=2
t=41243ms iter=60 WAIST cost=56.0000 best_alt=51.0000 gap=5.0000 tried=5 sep_labels=51 clique_frac=0.01
t=41418ms iter=60 REBUILD reject new_tc=64.3461 (was 59.9588)
t=41571ms iter=60 incumb=59.9588 ratchet=59.9573 best=59.9498 since_improve=0
t=41581ms iter=61 WAIST cost=56.0000 best_alt=51.0000 gap=5.0000 tried=5 sep_labels=51 clique_frac=0.01
t=41750ms iter=61 REBUILD reject new_tc=69.0186 (was 59.9573)
t=42427ms iter=61 incumb=59.9573 ratchet=59.9939 best=59.9176 since_improve=1
t=42439ms iter=62 WAIST cost=56.0000 best_alt=50.0000 gap=6.0000 tried=5 sep_labels=50 clique_frac=0.01
t=42578ms iter=62 REBUILD reject new_tc=71.0042 (was 59.9573)
t=42727ms iter=62 incumb=59.9573 ratchet=60.0030 best=59.9176 since_improve=2
t=42739ms iter=63 WAIST cost=56.0000 best_alt=50.0000 gap=6.0000 tried=5 sep_labels=50 clique_frac=0.01
t=42905ms iter=63 REBUILD reject new_tc=61.7221 (was 59.9573)
t=43058ms iter=63 incumb=59.9573 ratchet=60.2006 best=59.9176 since_improve=3
t=43068ms iter=64 WAIST cost=56.0000 best_alt=51.0000 gap=5.0000 tried=5 sep_labels=51 clique_frac=0.01
t=43240ms iter=64 REBUILD reject new_tc=61.0441 (was 59.9573)
t=43394ms iter=64 incumb=59.9573 ratchet=59.9823 best=59.9176 since_improve=4
t=43405ms iter=65 WAIST cost=56.0000 best_alt=51.0000 gap=5.0000 tried=5 sep_labels=51 clique_frac=0.01
t=43574ms iter=65 REBUILD reject new_tc=64.3427 (was 59.9573)
t=43729ms iter=65 incumb=59.9573 ratchet=59.9451 best=59.9176 since_improve=0
t=43738ms iter=66 WAIST cost=56.0000 best_alt=51.0000 gap=5.0000 tried=5 sep_labels=51 clique_frac=0.01
t=43905ms iter=66 REBUILD reject new_tc=65.5474 (was 59.9451)
t=44062ms iter=66 incumb=59.9451 ratchet=60.0802 best=59.9176 since_improve=1
t=44071ms iter=67 WAIST cost=56.0000 best_alt=51.0000 gap=5.0000 tried=5 sep_labels=51 clique_frac=0.01
t=44236ms iter=67 REBUILD reject new_tc=61.0959 (was 59.9451)
t=44389ms iter=67 incumb=59.9451 ratchet=60.0125 best=59.9176 since_improve=2
t=44400ms iter=68 WAIST cost=56.0000 best_alt=51.0000 gap=5.0000 tried=5 sep_labels=51 clique_frac=0.01
t=44576ms iter=68 REBUILD reject new_tc=60.6776 (was 59.9451)
t=44727ms iter=68 incumb=59.9451 ratchet=59.9332 best=59.9176 since_improve=0
t=44733ms iter=69 WAIST cost=56.0000 best_alt=51.0000 gap=5.0000 tried=5 sep_labels=51 clique_frac=0.01
t=44915ms iter=69 REBUILD reject new_tc=60.8043 (was 59.9332)
t=45072ms iter=69 incumb=59.9332 ratchet=59.9899 best=59.9176 since_improve=1
t=45082ms iter=70 WAIST cost=56.0000 best_alt=51.0000 gap=5.0000 tried=5 sep_labels=51 clique_frac=0.01
t=45254ms iter=70 REBUILD reject new_tc=65.3036 (was 59.9332)
t=45408ms iter=70 incumb=59.9332 ratchet=59.9822 best=59.9176 since_improve=2
t=45419ms iter=71 WAIST cost=56.0000 best_alt=51.0000 gap=5.0000 tried=5 sep_labels=51 clique_frac=0.01
t=45595ms iter=71 REBUILD reject new_tc=60.5367 (was 59.9332)
t=45749ms iter=71 incumb=59.9332 ratchet=59.9455 best=59.9176 since_improve=3
t=45758ms iter=72 WAIST cost=56.0000 best_alt=51.0000 gap=5.0000 tried=5 sep_labels=51 clique_frac=0.01
t=45937ms iter=72 REBUILD reject new_tc=61.1202 (was 59.9332)
t=46087ms iter=72 incumb=59.9332 ratchet=60.0018 best=59.9176 since_improve=4
t=46096ms iter=73 WAIST cost=56.0000 best_alt=51.0000 gap=5.0000 tried=5 sep_labels=51 clique_frac=0.01
t=46273ms iter=73 REBUILD reject new_tc=60.7030 (was 59.9332)
t=46430ms iter=73 incumb=59.9332 ratchet=60.0144 best=59.9176 since_improve=5
t=46439ms iter=74 WAIST cost=56.0000 best_alt=51.0000 gap=5.0000 tried=5 sep_labels=51 clique_frac=0.01
t=46614ms iter=74 REBUILD reject new_tc=64.0058 (was 59.9332)
t=46769ms iter=74 incumb=59.9332 ratchet=59.9949 best=59.9176 since_improve=6
t=46779ms iter=75 WAIST cost=56.0000 best_alt=51.0000 gap=5.0000 tried=5 sep_labels=51 clique_frac=0.01
t=46960ms iter=75 REBUILD reject new_tc=60.6743 (was 59.9332)
t=47119ms iter=75 incumb=59.9332 ratchet=59.9821 best=59.9176 since_improve=7
t=47130ms iter=76 WAIST cost=56.0000 best_alt=51.0000 gap=5.0000 tried=5 sep_labels=51 clique_frac=0.01
t=47305ms iter=76 REBUILD reject new_tc=60.1366 (was 59.9332)
t=47460ms iter=76 incumb=59.9332 ratchet=60.0414 best=59.9176 since_improve=8
t=47470ms iter=77 WAIST cost=56.0000 best_alt=51.0000 gap=5.0000 tried=5 sep_labels=51 clique_frac=0.01
t=47644ms iter=77 REBUILD reject new_tc=60.6538 (was 59.9332)
t=47794ms iter=77 incumb=59.9332 ratchet=59.9868 best=59.9176 since_improve=9
t=47805ms iter=78 WAIST cost=56.0000 best_alt=51.0000 gap=5.0000 tried=5 sep_labels=51 clique_frac=0.01
t=47980ms iter=78 REBUILD reject new_tc=61.2085 (was 59.9332)
t=48139ms iter=78 incumb=59.9332 ratchet=59.9377 best=59.9176 since_improve=10
t=48149ms iter=79 WAIST cost=56.0000 best_alt=51.0000 gap=5.0000 tried=5 sep_labels=51 clique_frac=0.01
t=48326ms iter=79 REBUILD reject new_tc=61.3963 (was 59.9332)
t=48475ms iter=79 incumb=59.9332 ratchet=59.9451 best=59.9176 since_improve=11
t=48484ms iter=80 WAIST cost=56.0000 best_alt=51.0000 gap=5.0000 tried=5 sep_labels=51 clique_frac=0.01
t=48661ms iter=80 REBUILD reject new_tc=60.9276 (was 59.9332)
t=48813ms iter=80 incumb=59.9332 ratchet=59.9560 best=59.9176 since_improve=12
t=48823ms iter=81 WAIST cost=56.0000 best_alt=51.0000 gap=5.0000 tried=5 sep_labels=51 clique_frac=0.01
t=48992ms iter=81 REBUILD reject new_tc=61.0811 (was 59.9332)
t=49147ms iter=81 incumb=59.9332 ratchet=60.0488 best=59.9176 since_improve=13
t=49155ms iter=82 WAIST cost=56.0000 best_alt=51.0000 gap=5.0000 tried=5 sep_labels=51 clique_frac=0.01
t=49336ms iter=82 REBUILD reject new_tc=60.3537 (was 59.9332)
t=49491ms iter=82 incumb=59.9332 ratchet=59.9575 best=59.9176 since_improve=14
t=49501ms iter=83 WAIST cost=56.0000 best_alt=51.0000 gap=5.0000 tried=5 sep_labels=51 clique_frac=0.01
t=49673ms iter=83 REBUILD reject new_tc=62.8874 (was 59.9332)
t=49823ms iter=83 incumb=59.9332 ratchet=60.0023 best=59.9176 since_improve=15
t=49833ms iter=84 WAIST cost=56.0000 best_alt=51.0000 gap=5.0000 tried=5 sep_labels=51 clique_frac=0.01
t=50006ms iter=84 REBUILD reject new_tc=62.2428 (was 59.9332)
t=50164ms iter=84 incumb=59.9332 ratchet=60.0548 best=59.9176 since_improve=16
t=50174ms iter=85 WAIST cost=56.0000 best_alt=51.0000 gap=5.0000 tried=5 sep_labels=51 clique_frac=0.01
t=50347ms iter=85 REBUILD reject new_tc=60.5230 (was 59.9332)
t=50505ms iter=85 incumb=59.9332 ratchet=60.0346 best=59.9176 since_improve=17
t=50516ms iter=86 WAIST cost=56.0000 best_alt=51.0000 gap=5.0000 tried=5 sep_labels=51 clique_frac=0.01
t=50689ms iter=86 REBUILD reject new_tc=60.7441 (was 59.9332)
t=51044ms iter=86 incumb=59.9332 ratchet=59.9096 best=59.9081 since_improve=0
t=51054ms iter=87 WAIST cost=56.0000 best_alt=51.0000 gap=5.0000 tried=5 sep_labels=51 clique_frac=0.01
t=51229ms iter=87 REBUILD reject new_tc=61.1237 (was 59.9096)
t=51381ms iter=87 incumb=59.9096 ratchet=60.2829 best=59.9081 since_improve=1
t=51390ms iter=88 WAIST cost=56.0000 best_alt=51.0000 gap=5.0000 tried=5 sep_labels=51 clique_frac=0.01
t=51564ms iter=88 REBUILD reject new_tc=60.7740 (was 59.9096)
t=52100ms iter=88 incumb=59.9096 ratchet=59.8808 best=59.8808 since_improve=0
t=52112ms iter=89 WAIST cost=56.0000 best_alt=51.0000 gap=5.0000 tried=5 sep_labels=51 clique_frac=0.01
t=52289ms iter=89 REBUILD reject new_tc=64.4045 (was 59.8808)
t=52445ms iter=89 incumb=59.8808 ratchet=59.9366 best=59.8808 since_improve=1
t=52455ms iter=90 WAIST cost=56.0000 best_alt=51.0000 gap=5.0000 tried=5 sep_labels=51 clique_frac=0.01
t=52628ms iter=90 REBUILD reject new_tc=62.2453 (was 59.8808)
t=52782ms iter=90 incumb=59.8808 ratchet=60.1809 best=59.8808 since_improve=2
t=52791ms iter=91 WAIST cost=56.0000 best_alt=51.0000 gap=5.0000 tried=5 sep_labels=51 clique_frac=0.01
t=52961ms iter=91 REBUILD reject new_tc=60.6646 (was 59.8808)
t=53111ms iter=91 incumb=59.8808 ratchet=59.9380 best=59.8808 since_improve=3
t=53119ms iter=92 WAIST cost=56.0000 best_alt=51.0000 gap=5.0000 tried=5 sep_labels=51 clique_frac=0.01
t=53288ms iter=92 REBUILD reject new_tc=64.1956 (was 59.8808)
t=53448ms iter=92 incumb=59.8808 ratchet=59.9532 best=59.8808 since_improve=4
t=53457ms iter=93 WAIST cost=56.0000 best_alt=51.0000 gap=5.0000 tried=5 sep_labels=51 clique_frac=0.01
t=53631ms iter=93 REBUILD reject new_tc=60.6191 (was 59.8808)
t=53787ms iter=93 incumb=59.8808 ratchet=59.9199 best=59.8808 since_improve=5
t=53796ms iter=94 WAIST cost=56.0000 best_alt=51.0000 gap=5.0000 tried=5 sep_labels=51 clique_frac=0.01
t=53971ms iter=94 REBUILD reject new_tc=60.5297 (was 59.8808)
t=54128ms iter=94 incumb=59.8808 ratchet=59.9670 best=59.8808 since_improve=6
t=54139ms iter=95 WAIST cost=56.0000 best_alt=50.0000 gap=6.0000 tried=5 sep_labels=50 clique_frac=0.01
t=54308ms iter=95 REBUILD reject new_tc=61.3590 (was 59.8808)
t=54467ms iter=95 incumb=59.8808 ratchet=59.9998 best=59.8808 since_improve=7
t=54478ms iter=96 WAIST cost=56.0000 best_alt=51.0000 gap=5.0000 tried=5 sep_labels=51 clique_frac=0.01
t=54650ms iter=96 REBUILD reject new_tc=66.2118 (was 59.8808)
t=54810ms iter=96 incumb=59.8808 ratchet=59.9423 best=59.8808 since_improve=8
t=54821ms iter=97 WAIST cost=56.0000 best_alt=50.0000 gap=6.0000 tried=5 sep_labels=50 clique_frac=0.01
t=54994ms iter=97 REBUILD reject new_tc=61.2260 (was 59.8808)
t=55147ms iter=97 incumb=59.8808 ratchet=59.9407 best=59.8808 since_improve=9
t=55156ms iter=98 WAIST cost=56.0000 best_alt=51.0000 gap=5.0000 tried=5 sep_labels=51 clique_frac=0.01
t=55330ms iter=98 REBUILD reject new_tc=60.6149 (was 59.8808)
t=55489ms iter=98 incumb=59.8808 ratchet=59.9595 best=59.8808 since_improve=10
t=55500ms iter=99 WAIST cost=56.0000 best_alt=51.0000 gap=5.0000 tried=5 sep_labels=51 clique_frac=0.01
t=55665ms iter=99 REBUILD reject new_tc=71.0056 (was 59.8808)
t=55818ms iter=99 incumb=59.8808 ratchet=60.0424 best=59.8808 since_improve=11
t=55827ms iter=100 WAIST cost=56.0000 best_alt=51.0000 gap=5.0000 tried=5 sep_labels=51 clique_frac=0.01
t=56010ms iter=100 REBUILD reject new_tc=64.3952 (was 59.8808)
t=56165ms iter=100 incumb=59.8808 ratchet=59.9546 best=59.8808 since_improve=12
t=56175ms iter=101 WAIST cost=56.0000 best_alt=51.0000 gap=5.0000 tried=5 sep_labels=51 clique_frac=0.01
t=56346ms iter=101 REBUILD reject new_tc=60.8557 (was 59.8808)
t=56503ms iter=101 incumb=59.8808 ratchet=60.0826 best=59.8808 since_improve=13
t=56514ms iter=102 WAIST cost=56.0000 best_alt=51.0000 gap=5.0000 tried=5 sep_labels=51 clique_frac=0.01
t=56678ms iter=102 REBUILD reject new_tc=77.0000 (was 59.8808)
t=56836ms iter=102 incumb=59.8808 ratchet=59.9864 best=59.8808 since_improve=14
t=56845ms iter=103 WAIST cost=56.0000 best_alt=51.0000 gap=5.0000 tried=5 sep_labels=51 clique_frac=0.01
t=57020ms iter=103 REBUILD reject new_tc=60.4315 (was 59.8808)
t=57176ms iter=103 incumb=59.8808 ratchet=59.8898 best=59.8808 since_improve=15
t=57186ms iter=104 WAIST cost=56.0000 best_alt=51.0000 gap=5.0000 tried=5 sep_labels=51 clique_frac=0.01
t=57359ms iter=104 REBUILD reject new_tc=62.6808 (was 59.8808)
t=57513ms iter=104 incumb=59.8808 ratchet=60.0945 best=59.8808 since_improve=16
t=57523ms iter=105 WAIST cost=56.0000 best_alt=51.0000 gap=5.0000 tried=5 sep_labels=51 clique_frac=0.01
t=57699ms iter=105 REBUILD reject new_tc=60.8569 (was 59.8808)
t=57852ms iter=105 incumb=59.8808 ratchet=59.9809 best=59.8808 since_improve=17
t=57862ms iter=106 WAIST cost=56.0000 best_alt=51.0000 gap=5.0000 tried=5 sep_labels=51 clique_frac=0.01
t=58035ms iter=106 REBUILD reject new_tc=61.1725 (was 59.8808)
t=58191ms iter=106 incumb=59.8808 ratchet=59.9635 best=59.8808 since_improve=18
t=58200ms iter=107 WAIST cost=56.0000 best_alt=51.0000 gap=5.0000 tried=5 sep_labels=51 clique_frac=0.01
t=58377ms iter=107 REBUILD reject new_tc=60.7859 (was 59.8808)
t=58530ms iter=107 incumb=59.8808 ratchet=59.9909 best=59.8808 since_improve=19
t=58540ms iter=108 WAIST cost=56.0000 best_alt=51.0000 gap=5.0000 tried=5 sep_labels=51 clique_frac=0.01
t=58716ms iter=108 REBUILD reject new_tc=60.7813 (was 59.8808)
t=58872ms iter=108 incumb=59.8808 ratchet=60.4847 best=59.8808 since_improve=20
t=58882ms iter=109 WAIST cost=56.0000 best_alt=51.0000 gap=5.0000 tried=5 sep_labels=51 clique_frac=0.01
t=59049ms iter=109 REBUILD reject new_tc=64.1740 (was 59.8808)
t=59206ms iter=109 incumb=59.8808 ratchet=60.0503 best=59.8808 since_improve=21
t=59215ms iter=110 WAIST cost=56.0000 best_alt=51.0000 gap=5.0000 tried=5 sep_labels=51 clique_frac=0.01
t=59387ms iter=110 REBUILD reject new_tc=60.4086 (was 59.8808)
t=59540ms iter=110 incumb=59.8808 ratchet=59.9702 best=59.8808 since_improve=22
t=59550ms iter=111 WAIST cost=56.0000 best_alt=51.0000 gap=5.0000 tried=5 sep_labels=51 clique_frac=0.01
t=59718ms iter=111 REBUILD reject new_tc=62.5272 (was 59.8808)
t=59868ms iter=111 incumb=59.8808 ratchet=60.0501 best=59.8808 since_improve=23
t=59878ms iter=112 WAIST cost=56.0000 best_alt=51.0000 gap=5.0000 tried=5 sep_labels=51 clique_frac=0.01
t=60047ms iter=112 REBUILD reject new_tc=62.1048 (was 59.8808)
t=60203ms iter=112 incumb=59.8808 ratchet=59.9600 best=59.8808 since_improve=24
t=60212ms iter=113 WAIST cost=56.0000 best_alt=51.0000 gap=5.0000 tried=5 sep_labels=51 clique_frac=0.01
t=60383ms iter=113 REBUILD reject new_tc=63.8190 (was 59.8808)
t=60536ms iter=113 incumb=59.8808 ratchet=59.9968 best=59.8808 since_improve=25
t=60547ms iter=114 WAIST cost=56.0000 best_alt=50.0000 gap=6.0000 tried=5 sep_labels=50 clique_frac=0.01
t=60706ms iter=114 REBUILD reject new_tc=69.0057 (was 59.8808)
t=60866ms iter=114 incumb=59.8808 ratchet=59.9877 best=59.8808 since_improve=26
t=60876ms iter=115 WAIST cost=56.0000 best_alt=51.0000 gap=5.0000 tried=5 sep_labels=51 clique_frac=0.01
t=61044ms iter=115 REBUILD reject new_tc=64.5695 (was 59.8808)
t=61202ms iter=115 incumb=59.8808 ratchet=60.4826 best=59.8808 since_improve=27
t=61212ms iter=116 WAIST cost=56.0000 best_alt=51.0000 gap=5.0000 tried=5 sep_labels=51 clique_frac=0.01
t=61385ms iter=116 REBUILD reject new_tc=60.6713 (was 59.8808)
t=61540ms iter=116 incumb=59.8808 ratchet=59.9083 best=59.8808 since_improve=28
t=61552ms iter=117 WAIST cost=56.0000 best_alt=51.0000 gap=5.0000 tried=5 sep_labels=51 clique_frac=0.01
t=61721ms iter=117 REBUILD reject new_tc=60.6977 (was 59.8808)
t=61876ms iter=117 incumb=59.8808 ratchet=60.0062 best=59.8808 since_improve=29
t=61887ms iter=118 WAIST cost=56.0000 best_alt=49.0000 gap=7.0000 tried=5 sep_labels=49 clique_frac=0.01
t=62039ms iter=118 REBUILD reject new_tc=65.6910 (was 59.8808)
t=62195ms iter=118 incumb=59.8808 ratchet=59.9363 best=59.8808 since_improve=30
t=62208ms iter=119 WAIST cost=56.0000 best_alt=51.0000 gap=5.0000 tried=5 sep_labels=51 clique_frac=0.01
t=62384ms iter=119 REBUILD reject new_tc=60.8649 (was 59.8808)
t=62535ms iter=119 incumb=59.8808 ratchet=59.9385 best=59.8808 since_improve=31
t=62546ms iter=120 WAIST cost=56.0000 best_alt=50.0000 gap=6.0000 tried=5 sep_labels=50 clique_frac=0.01
t=62716ms iter=120 REBUILD reject new_tc=65.9012 (was 59.8808)
t=62876ms iter=120 incumb=59.8808 ratchet=59.9608 best=59.8808 since_improve=32
t=62885ms iter=121 WAIST cost=56.0000 best_alt=49.0000 gap=7.0000 tried=5 sep_labels=49 clique_frac=0.01
t=63036ms iter=121 REBUILD reject new_tc=61.7054 (was 59.8808)
t=63191ms iter=121 incumb=59.8808 ratchet=59.9943 best=59.8808 since_improve=33
t=63201ms iter=122 WAIST cost=56.0000 best_alt=51.0000 gap=5.0000 tried=5 sep_labels=51 clique_frac=0.01
t=63373ms iter=122 REBUILD reject new_tc=60.1309 (was 59.8808)
t=63519ms iter=122 incumb=59.8808 ratchet=60.0441 best=59.8808 since_improve=34
t=63531ms iter=123 WAIST cost=56.0000 best_alt=50.0000 gap=6.0000 tried=5 sep_labels=50 clique_frac=0.01
t=63701ms iter=123 REBUILD reject new_tc=65.6014 (was 59.8808)
t=63852ms iter=123 incumb=59.8808 ratchet=59.9029 best=59.8808 since_improve=35
t=63862ms iter=124 WAIST cost=56.0000 best_alt=51.0000 gap=5.0000 tried=5 sep_labels=51 clique_frac=0.01
t=64030ms iter=124 REBUILD reject new_tc=65.4834 (was 59.8808)
t=64189ms iter=124 incumb=59.8808 ratchet=59.9670 best=59.8808 since_improve=36
t=64198ms iter=125 WAIST cost=56.0000 best_alt=51.0000 gap=5.0000 tried=5 sep_labels=51 clique_frac=0.01
t=64369ms iter=125 REBUILD reject new_tc=60.5640 (was 59.8808)
t=64527ms iter=125 incumb=59.8808 ratchet=60.0152 best=59.8808 since_improve=37
t=64536ms iter=126 WAIST cost=56.0000 best_alt=51.0000 gap=5.0000 tried=5 sep_labels=51 clique_frac=0.01
t=64702ms iter=126 REBUILD reject new_tc=66.0392 (was 59.8808)
t=64857ms iter=126 incumb=59.8808 ratchet=60.0742 best=59.8808 since_improve=38
t=64866ms iter=127 WAIST cost=56.0000 best_alt=51.0000 gap=5.0000 tried=5 sep_labels=51 clique_frac=0.01
t=65039ms iter=127 REBUILD reject new_tc=60.3710 (was 59.8808)
t=65194ms iter=127 incumb=59.8808 ratchet=59.9863 best=59.8808 since_improve=39
t=65203ms iter=128 WAIST cost=56.0000 best_alt=51.0000 gap=5.0000 tried=5 sep_labels=51 clique_frac=0.01
t=65365ms iter=128 REBUILD reject new_tc=66.0308 (was 59.8808)
t=65521ms iter=128 incumb=59.8808 ratchet=60.1142 best=59.8808 since_improve=40
t=65530ms iter=129 WAIST cost=56.0000 best_alt=51.0000 gap=5.0000 tried=5 sep_labels=51 clique_frac=0.01
t=65704ms iter=129 REBUILD reject new_tc=60.6323 (was 59.8808)
t=65865ms iter=129 incumb=59.8808 ratchet=59.9783 best=59.8808 since_improve=41
t=65872ms iter=130 WAIST cost=56.0000 best_alt=51.0000 gap=5.0000 tried=5 sep_labels=51 clique_frac=0.01
t=66051ms iter=130 REBUILD reject new_tc=60.9137 (was 59.8808)
t=66201ms iter=130 incumb=59.8808 ratchet=60.1004 best=59.8808 since_improve=42
t=66211ms iter=131 WAIST cost=56.0000 best_alt=51.0000 gap=5.0000 tried=5 sep_labels=51 clique_frac=0.01
t=66388ms iter=131 REBUILD reject new_tc=65.9733 (was 59.8808)
t=66541ms iter=131 incumb=59.8808 ratchet=59.9647 best=59.8808 since_improve=43
t=66549ms iter=132 WAIST cost=56.0000 best_alt=51.0000 gap=5.0000 tried=5 sep_labels=51 clique_frac=0.01
t=66726ms iter=132 REBUILD reject new_tc=65.2790 (was 59.8808)
t=66882ms iter=132 incumb=59.8808 ratchet=60.1099 best=59.8808 since_improve=44
t=66890ms iter=133 WAIST cost=56.0000 best_alt=51.0000 gap=5.0000 tried=5 sep_labels=51 clique_frac=0.01
t=67070ms iter=133 REBUILD reject new_tc=60.8141 (was 59.8808)
t=67226ms iter=133 incumb=59.8808 ratchet=60.3443 best=59.8808 since_improve=45
t=67238ms iter=134 WAIST cost=56.0000 best_alt=51.0000 gap=5.0000 tried=5 sep_labels=51 clique_frac=0.01
t=67408ms iter=134 REBUILD reject new_tc=60.4266 (was 59.8808)
t=67564ms iter=134 incumb=59.8808 ratchet=60.0281 best=59.8808 since_improve=46
t=67574ms iter=135 WAIST cost=56.0000 best_alt=51.0000 gap=5.0000 tried=5 sep_labels=51 clique_frac=0.01
t=67742ms iter=135 REBUILD reject new_tc=61.4601 (was 59.8808)
t=67898ms iter=135 incumb=59.8808 ratchet=59.9726 best=59.8808 since_improve=47
t=67908ms iter=136 WAIST cost=56.0000 best_alt=51.0000 gap=5.0000 tried=5 sep_labels=51 clique_frac=0.01
t=68080ms iter=136 REBUILD reject new_tc=61.0052 (was 59.8808)
t=68234ms iter=136 incumb=59.8808 ratchet=60.0375 best=59.8808 since_improve=48
t=68245ms iter=137 WAIST cost=56.0000 best_alt=51.0000 gap=5.0000 tried=5 sep_labels=51 clique_frac=0.01
t=68417ms iter=137 REBUILD reject new_tc=60.7997 (was 59.8808)
t=68569ms iter=137 incumb=59.8808 ratchet=59.9253 best=59.8808 since_improve=49
t=68578ms iter=138 WAIST cost=56.0000 best_alt=51.0000 gap=5.0000 tried=5 sep_labels=51 clique_frac=0.01
t=68746ms iter=138 REBUILD reject new_tc=64.4390 (was 59.8808)
t=68900ms iter=138 incumb=59.8808 ratchet=60.0772 best=59.8808 since_improve=50
t=68910ms iter=139 WAIST cost=56.0000 best_alt=51.0000 gap=5.0000 tried=5 sep_labels=51 clique_frac=0.01
t=69083ms iter=139 REBUILD reject new_tc=60.9872 (was 59.8808)
t=69239ms iter=139 incumb=59.8808 ratchet=59.9999 best=59.8808 since_improve=51
t=69247ms iter=140 WAIST cost=56.0000 best_alt=51.0000 gap=5.0000 tried=5 sep_labels=51 clique_frac=0.01
t=69425ms iter=140 REBUILD reject new_tc=60.8788 (was 59.8808)
t=69584ms iter=140 incumb=59.8808 ratchet=60.0284 best=59.8808 since_improve=52
t=69595ms iter=141 WAIST cost=56.0000 best_alt=51.0000 gap=5.0000 tried=5 sep_labels=51 clique_frac=0.01
t=69769ms iter=141 REBUILD reject new_tc=60.6224 (was 59.8808)
t=69925ms iter=141 incumb=59.8808 ratchet=60.0813 best=59.8808 since_improve=53
t=69934ms iter=142 WAIST cost=56.0000 best_alt=51.0000 gap=5.0000 tried=5 sep_labels=51 clique_frac=0.01
t=70108ms iter=142 REBUILD reject new_tc=60.3862 (was 59.8808)
t=70262ms iter=142 incumb=59.8808 ratchet=60.0203 best=59.8808 since_improve=54
t=70271ms iter=143 WAIST cost=56.0000 best_alt=51.0000 gap=5.0000 tried=5 sep_labels=51 clique_frac=0.01
t=70446ms iter=143 REBUILD reject new_tc=60.1276 (was 59.8808)
t=70601ms iter=143 incumb=59.8808 ratchet=59.9132 best=59.8808 since_improve=55
t=70611ms iter=144 WAIST cost=56.0000 best_alt=49.0000 gap=7.0000 tried=5 sep_labels=49 clique_frac=0.01
t=70756ms iter=144 REBUILD reject new_tc=68.7455 (was 59.8808)
t=70911ms iter=144 incumb=59.8808 ratchet=59.9096 best=59.8808 since_improve=56
t=70920ms iter=145 WAIST cost=56.0000 best_alt=51.0000 gap=5.0000 tried=5 sep_labels=51 clique_frac=0.01
t=71097ms iter=145 REBUILD reject new_tc=60.9034 (was 59.8808)
t=71256ms iter=145 incumb=59.8808 ratchet=59.9428 best=59.8808 since_improve=57
t=71265ms iter=146 WAIST cost=56.0000 best_alt=51.0000 gap=5.0000 tried=5 sep_labels=51 clique_frac=0.01
t=71445ms iter=146 REBUILD reject new_tc=64.7768 (was 59.8808)
t=71601ms iter=146 incumb=59.8808 ratchet=59.9782 best=59.8808 since_improve=58
t=71611ms iter=147 WAIST cost=56.0000 best_alt=51.0000 gap=5.0000 tried=5 sep_labels=51 clique_frac=0.01
t=71786ms iter=147 REBUILD reject new_tc=60.6131 (was 59.8808)
t=71941ms iter=147 incumb=59.8808 ratchet=60.0475 best=59.8808 since_improve=59
t=71951ms iter=148 WAIST cost=56.0000 best_alt=51.0000 gap=5.0000 tried=5 sep_labels=51 clique_frac=0.01
t=72119ms iter=148 REBUILD reject new_tc=66.1788 (was 59.8808)
t=72276ms iter=148 incumb=59.8808 ratchet=59.9196 best=59.8808 since_improve=60
t=72285ms iter=149 WAIST cost=56.0000 best_alt=51.0000 gap=5.0000 tried=5 sep_labels=51 clique_frac=0.01
t=72461ms iter=149 REBUILD reject new_tc=63.4991 (was 59.8808)
t=72619ms iter=149 incumb=59.8808 ratchet=59.9431 best=59.8808 since_improve=61
t=72627ms iter=150 WAIST cost=56.0000 best_alt=51.0000 gap=5.0000 tried=5 sep_labels=51 clique_frac=0.01
t=72799ms iter=150 REBUILD reject new_tc=64.1487 (was 59.8808)
t=72954ms iter=150 incumb=59.8808 ratchet=60.0483 best=59.8808 since_improve=62
t=72962ms iter=151 WAIST cost=56.0000 best_alt=51.0000 gap=5.0000 tried=5 sep_labels=51 clique_frac=0.01
t=73134ms iter=151 REBUILD reject new_tc=60.8302 (was 59.8808)
t=73290ms iter=151 incumb=59.8808 ratchet=60.1565 best=59.8808 since_improve=63
t=73301ms iter=152 WAIST cost=56.0000 best_alt=51.0000 gap=5.0000 tried=5 sep_labels=51 clique_frac=0.01
t=73473ms iter=152 REBUILD reject new_tc=66.0464 (was 59.8808)
t=73630ms iter=152 incumb=59.8808 ratchet=59.9101 best=59.8808 since_improve=64
t=73639ms iter=153 WAIST cost=56.0000 best_alt=51.0000 gap=5.0000 tried=5 sep_labels=51 clique_frac=0.01
t=73812ms iter=153 REBUILD reject new_tc=60.7344 (was 59.8808)
t=73967ms iter=153 incumb=59.8808 ratchet=59.9684 best=59.8808 since_improve=65
t=73978ms iter=154 WAIST cost=56.0000 best_alt=51.0000 gap=5.0000 tried=5 sep_labels=51 clique_frac=0.01
t=74147ms iter=154 REBUILD reject new_tc=60.7256 (was 59.8808)
t=74300ms iter=154 incumb=59.8808 ratchet=59.9186 best=59.8808 since_improve=66
t=74309ms iter=155 WAIST cost=56.0000 best_alt=51.0000 gap=5.0000 tried=5 sep_labels=51 clique_frac=0.01
t=74488ms iter=155 REBUILD reject new_tc=61.1047 (was 59.8808)
t=74649ms iter=155 incumb=59.8808 ratchet=59.9460 best=59.8808 since_improve=67
t=74658ms iter=156 WAIST cost=56.0000 best_alt=51.0000 gap=5.0000 tried=5 sep_labels=51 clique_frac=0.01
t=74831ms iter=156 REBUILD reject new_tc=60.7195 (was 59.8808)
t=74979ms iter=156 incumb=59.8808 ratchet=59.9241 best=59.8808 since_improve=68
t=74990ms iter=157 WAIST cost=56.0000 best_alt=51.0000 gap=5.0000 tried=5 sep_labels=51 clique_frac=0.01
t=75165ms iter=157 REBUILD reject new_tc=61.1443 (was 59.8808)
t=75321ms iter=157 incumb=59.8808 ratchet=59.9728 best=59.8808 since_improve=69
t=75332ms iter=158 WAIST cost=56.0000 best_alt=51.0000 gap=5.0000 tried=5 sep_labels=51 clique_frac=0.01
t=75506ms iter=158 REBUILD reject new_tc=60.9483 (was 59.8808)
t=75667ms iter=158 incumb=59.8808 ratchet=60.0522 best=59.8808 since_improve=70
t=75675ms iter=159 WAIST cost=56.0000 best_alt=51.0000 gap=5.0000 tried=5 sep_labels=51 clique_frac=0.01
t=75848ms iter=159 REBUILD reject new_tc=60.5774 (was 59.8808)
t=76005ms iter=159 incumb=59.8808 ratchet=60.4551 best=59.8808 since_improve=71
t=76016ms iter=160 WAIST cost=56.0000 best_alt=51.0000 gap=5.0000 tried=5 sep_labels=51 clique_frac=0.01
t=76183ms iter=160 REBUILD reject new_tc=64.0738 (was 59.8808)
t=76341ms iter=160 incumb=59.8808 ratchet=60.0504 best=59.8808 since_improve=72
t=76349ms iter=161 WAIST cost=56.0000 best_alt=51.0000 gap=5.0000 tried=5 sep_labels=51 clique_frac=0.01
t=76526ms iter=161 REBUILD reject new_tc=60.4497 (was 59.8808)
t=76679ms iter=161 incumb=59.8808 ratchet=60.3799 best=59.8808 since_improve=73
t=76690ms iter=162 WAIST cost=56.0000 best_alt=49.0000 gap=7.0000 tried=5 sep_labels=49 clique_frac=0.01
t=76848ms iter=162 REBUILD reject new_tc=61.5333 (was 59.8808)
t=77000ms iter=162 incumb=59.8808 ratchet=60.1937 best=59.8808 since_improve=74
t=77011ms iter=163 WAIST cost=56.0000 best_alt=51.0000 gap=5.0000 tried=5 sep_labels=51 clique_frac=0.01
t=77186ms iter=163 REBUILD reject new_tc=60.0449 (was 59.8808)
t=77341ms iter=163 incumb=59.8808 ratchet=59.9741 best=59.8808 since_improve=75
t=77351ms iter=164 WAIST cost=56.0000 best_alt=51.0000 gap=5.0000 tried=5 sep_labels=51 clique_frac=0.01
t=77528ms iter=164 REBUILD reject new_tc=60.6838 (was 59.8808)
t=77685ms iter=164 incumb=59.8808 ratchet=59.9674 best=59.8808 since_improve=76
t=77694ms iter=165 WAIST cost=56.0000 best_alt=51.0000 gap=5.0000 tried=5 sep_labels=51 clique_frac=0.01
t=77869ms iter=165 REBUILD reject new_tc=61.1015 (was 59.8808)
t=78023ms iter=165 incumb=59.8808 ratchet=59.9810 best=59.8808 since_improve=77
t=78033ms iter=166 WAIST cost=56.0000 best_alt=51.0000 gap=5.0000 tried=5 sep_labels=51 clique_frac=0.01
t=78198ms iter=166 REBUILD reject new_tc=61.0211 (was 59.8808)
t=78353ms iter=166 incumb=59.8808 ratchet=60.0667 best=59.8808 since_improve=78
t=78363ms iter=167 WAIST cost=56.0000 best_alt=51.0000 gap=5.0000 tried=5 sep_labels=51 clique_frac=0.01
t=78526ms iter=167 REBUILD reject new_tc=61.2105 (was 59.8808)
t=78684ms iter=167 incumb=59.8808 ratchet=59.9343 best=59.8808 since_improve=79
t=78694ms iter=168 WAIST cost=56.0000 best_alt=51.0000 gap=5.0000 tried=5 sep_labels=51 clique_frac=0.01
t=78869ms iter=168 REBUILD reject new_tc=60.7196 (was 59.8808)
t=79022ms iter=168 incumb=59.8808 ratchet=60.0033 best=59.8808 since_improve=80
t=79032ms iter=169 WAIST cost=56.0000 best_alt=51.0000 gap=5.0000 tried=5 sep_labels=51 clique_frac=0.01
t=79206ms iter=169 REBUILD reject new_tc=60.7844 (was 59.8808)
t=79358ms iter=169 incumb=59.8808 ratchet=59.9479 best=59.8808 since_improve=81
t=79367ms iter=170 WAIST cost=56.0000 best_alt=51.0000 gap=5.0000 tried=5 sep_labels=51 clique_frac=0.01
t=79542ms iter=170 REBUILD reject new_tc=61.1786 (was 59.8808)
t=79698ms iter=170 incumb=59.8808 ratchet=59.9866 best=59.8808 since_improve=82
t=79708ms iter=171 WAIST cost=56.0000 best_alt=51.0000 gap=5.0000 tried=5 sep_labels=51 clique_frac=0.01
t=79882ms iter=171 REBUILD reject new_tc=60.9014 (was 59.8808)
t=80038ms iter=171 incumb=59.8808 ratchet=59.9371 best=59.8808 since_improve=83
t=80049ms iter=172 WAIST cost=56.0000 best_alt=50.0000 gap=6.0000 tried=5 sep_labels=50 clique_frac=0.01
t=80219ms iter=172 REBUILD reject new_tc=61.3262 (was 59.8808)
t=80375ms iter=172 incumb=59.8808 ratchet=59.9341 best=59.8808 since_improve=84
t=80393ms iter=173 WAIST cost=56.0000 best_alt=51.0000 gap=5.0000 tried=5 sep_labels=51 clique_frac=0.01
t=80567ms iter=173 REBUILD reject new_tc=60.3935 (was 59.8808)
t=80719ms iter=173 incumb=59.8808 ratchet=59.9713 best=59.8808 since_improve=85
t=80730ms iter=174 WAIST cost=56.0000 best_alt=50.0000 gap=6.0000 tried=5 sep_labels=50 clique_frac=0.01
t=80881ms iter=174 REBUILD reject new_tc=77.0002 (was 59.8808)
t=81036ms iter=174 incumb=59.8808 ratchet=59.9514 best=59.8808 since_improve=86
t=81045ms iter=175 WAIST cost=56.0000 best_alt=51.0000 gap=5.0000 tried=5 sep_labels=51 clique_frac=0.01
t=81220ms iter=175 REBUILD reject new_tc=62.4596 (was 59.8808)
t=81376ms iter=175 incumb=59.8808 ratchet=59.9926 best=59.8808 since_improve=87
t=81386ms iter=176 WAIST cost=56.0000 best_alt=49.0000 gap=7.0000 tried=5 sep_labels=49 clique_frac=0.01
t=81532ms iter=176 REBUILD reject new_tc=70.8196 (was 59.8808)
t=81689ms iter=176 incumb=59.8808 ratchet=59.9726 best=59.8808 since_improve=88
t=81701ms iter=177 WAIST cost=56.0000 best_alt=51.0000 gap=5.0000 tried=5 sep_labels=51 clique_frac=0.01
t=81877ms iter=177 REBUILD reject new_tc=60.5909 (was 59.8808)
t=82031ms iter=177 incumb=59.8808 ratchet=60.0501 best=59.8808 since_improve=89
t=82040ms iter=178 WAIST cost=56.0000 best_alt=51.0000 gap=5.0000 tried=5 sep_labels=51 clique_frac=0.01
t=82213ms iter=178 REBUILD reject new_tc=64.2359 (was 59.8808)
t=82367ms iter=178 incumb=59.8808 ratchet=59.9738 best=59.8808 since_improve=90
t=82379ms iter=179 WAIST cost=56.0000 best_alt=51.0000 gap=5.0000 tried=5 sep_labels=51 clique_frac=0.01
t=82553ms iter=179 REBUILD reject new_tc=64.2857 (was 59.8808)
t=82710ms iter=179 incumb=59.8808 ratchet=59.9052 best=59.8808 since_improve=91
t=82720ms iter=180 WAIST cost=56.0000 best_alt=51.0000 gap=5.0000 tried=5 sep_labels=51 clique_frac=0.01
t=82892ms iter=180 REBUILD reject new_tc=67.4099 (was 59.8808)
t=83231ms iter=180 incumb=59.8808 ratchet=59.8800 best=59.8800 since_improve=0
t=83241ms iter=181 WAIST cost=56.0000 best_alt=51.0000 gap=5.0000 tried=5 sep_labels=51 clique_frac=0.01
t=83415ms iter=181 REBUILD reject new_tc=60.5474 (was 59.8800)
t=83570ms iter=181 incumb=59.8800 ratchet=59.9415 best=59.8800 since_improve=1
t=83578ms iter=182 WAIST cost=56.0000 best_alt=51.0000 gap=5.0000 tried=5 sep_labels=51 clique_frac=0.01
t=83752ms iter=182 REBUILD reject new_tc=60.6145 (was 59.8800)
t=83902ms iter=182 incumb=59.8800 ratchet=60.0107 best=59.8800 since_improve=2
t=83912ms iter=183 WAIST cost=56.0000 best_alt=51.0000 gap=5.0000 tried=5 sep_labels=51 clique_frac=0.01
t=84079ms iter=183 REBUILD reject new_tc=61.0629 (was 59.8800)
t=84233ms iter=183 incumb=59.8800 ratchet=60.0003 best=59.8800 since_improve=3
t=84240ms iter=184 WAIST cost=56.0000 best_alt=51.0000 gap=5.0000 tried=5 sep_labels=51 clique_frac=0.01
t=84408ms iter=184 REBUILD reject new_tc=60.6858 (was 59.8800)
t=84562ms iter=184 incumb=59.8800 ratchet=59.9958 best=59.8800 since_improve=4
t=84570ms iter=185 WAIST cost=56.0000 best_alt=51.0000 gap=5.0000 tried=5 sep_labels=51 clique_frac=0.01
t=84737ms iter=185 REBUILD reject new_tc=64.0229 (was 59.8800)
t=84892ms iter=185 incumb=59.8800 ratchet=59.9855 best=59.8800 since_improve=5
t=84900ms iter=186 WAIST cost=56.0000 best_alt=51.0000 gap=5.0000 tried=5 sep_labels=51 clique_frac=0.01
t=85065ms iter=186 REBUILD reject new_tc=71.0058 (was 59.8800)
t=85224ms iter=186 incumb=59.8800 ratchet=59.9869 best=59.8800 since_improve=6
t=85232ms iter=187 WAIST cost=56.0000 best_alt=51.0000 gap=5.0000 tried=5 sep_labels=51 clique_frac=0.01
t=85400ms iter=187 REBUILD reject new_tc=60.3635 (was 59.8800)
t=85554ms iter=187 incumb=59.8800 ratchet=59.9121 best=59.8800 since_improve=7
t=85563ms iter=188 WAIST cost=56.0000 best_alt=51.0000 gap=5.0000 tried=5 sep_labels=51 clique_frac=0.01
t=85735ms iter=188 REBUILD reject new_tc=60.6735 (was 59.8800)
t=86286ms iter=188 incumb=59.8800 ratchet=59.8715 best=59.8715 since_improve=0
t=86293ms iter=189 WAIST cost=56.0000 best_alt=51.0000 gap=5.0000 tried=5 sep_labels=51 clique_frac=0.01
t=86466ms iter=189 REBUILD reject new_tc=61.0547 (was 59.8715)
t=86622ms iter=189 incumb=59.8715 ratchet=59.9398 best=59.8715 since_improve=1
t=86632ms iter=190 WAIST cost=56.0000 best_alt=51.0000 gap=5.0000 tried=5 sep_labels=51 clique_frac=0.01
t=86806ms iter=190 REBUILD reject new_tc=60.2998 (was 59.8715)
t=86965ms iter=190 incumb=59.8715 ratchet=59.9349 best=59.8715 since_improve=2
t=86973ms iter=191 WAIST cost=56.0000 best_alt=51.0000 gap=5.0000 tried=5 sep_labels=51 clique_frac=0.01
t=87134ms iter=191 REBUILD reject new_tc=61.4233 (was 59.8715)
t=87290ms iter=191 incumb=59.8715 ratchet=59.9115 best=59.8715 since_improve=3
t=87299ms iter=192 WAIST cost=56.0000 best_alt=51.0000 gap=5.0000 tried=5 sep_labels=51 clique_frac=0.01
t=87474ms iter=192 REBUILD reject new_tc=63.3435 (was 59.8715)
t=87633ms iter=192 incumb=59.8715 ratchet=59.9024 best=59.8715 since_improve=4
t=87641ms iter=193 WAIST cost=56.0000 best_alt=51.0000 gap=5.0000 tried=5 sep_labels=51 clique_frac=0.01
t=87821ms iter=193 REBUILD reject new_tc=65.9117 (was 59.8715)
t=87972ms iter=193 incumb=59.8715 ratchet=59.9233 best=59.8715 since_improve=5
t=87979ms iter=194 WAIST cost=56.0000 best_alt=51.0000 gap=5.0000 tried=5 sep_labels=51 clique_frac=0.01
t=88151ms iter=194 REBUILD reject new_tc=60.8491 (was 59.8715)
t=88306ms iter=194 incumb=59.8715 ratchet=59.9906 best=59.8715 since_improve=6
t=88313ms iter=195 WAIST cost=56.0000 best_alt=51.0000 gap=5.0000 tried=5 sep_labels=51 clique_frac=0.01
t=88487ms iter=195 REBUILD reject new_tc=60.8100 (was 59.8715)
t=88638ms iter=195 incumb=59.8715 ratchet=59.9333 best=59.8715 since_improve=7
t=88647ms iter=196 WAIST cost=56.0000 best_alt=51.0000 gap=5.0000 tried=5 sep_labels=51 clique_frac=0.01
t=88819ms iter=196 REBUILD reject new_tc=60.4866 (was 59.8715)
t=88977ms iter=196 incumb=59.8715 ratchet=59.9445 best=59.8715 since_improve=8
t=88986ms iter=197 WAIST cost=56.0000 best_alt=51.0000 gap=5.0000 tried=5 sep_labels=51 clique_frac=0.01
t=89156ms iter=197 REBUILD reject new_tc=63.8299 (was 59.8715)
t=89307ms iter=197 incumb=59.8715 ratchet=60.0242 best=59.8715 since_improve=9
t=89316ms iter=198 WAIST cost=56.0000 best_alt=51.0000 gap=5.0000 tried=5 sep_labels=51 clique_frac=0.01
t=89483ms iter=198 REBUILD reject new_tc=71.0114 (was 59.8715)
t=89633ms iter=198 incumb=59.8715 ratchet=59.9793 best=59.8715 since_improve=10
t=89643ms iter=199 WAIST cost=56.0000 best_alt=51.0000 gap=5.0000 tried=5 sep_labels=51 clique_frac=0.01
t=89822ms iter=199 REBUILD reject new_tc=60.6562 (was 59.8715)
t=89981ms iter=199 incumb=59.8715 ratchet=60.0130 best=59.8715 since_improve=11
t=89988ms iter=200 WAIST cost=56.0000 best_alt=51.0000 gap=5.0000 tried=5 sep_labels=51 clique_frac=0.01
t=90167ms iter=200 REBUILD reject new_tc=60.7318 (was 59.8715)
t=90320ms iter=200 incumb=59.8715 ratchet=59.9268 best=59.8715 since_improve=12
t=90330ms iter=201 WAIST cost=56.0000 best_alt=51.0000 gap=5.0000 tried=5 sep_labels=51 clique_frac=0.01
t=90503ms iter=201 REBUILD reject new_tc=63.5722 (was 59.8715)
t=90659ms iter=201 incumb=59.8715 ratchet=60.0241 best=59.8715 since_improve=13
t=90669ms iter=202 WAIST cost=56.0000 best_alt=51.0000 gap=5.0000 tried=5 sep_labels=51 clique_frac=0.01
t=90843ms iter=202 REBUILD reject new_tc=63.5871 (was 59.8715)
t=91000ms iter=202 incumb=59.8715 ratchet=59.9153 best=59.8715 since_improve=14
t=91008ms iter=203 WAIST cost=56.0000 best_alt=51.0000 gap=5.0000 tried=5 sep_labels=51 clique_frac=0.01
t=91179ms iter=203 REBUILD reject new_tc=60.6624 (was 59.8715)
t=91332ms iter=203 incumb=59.8715 ratchet=59.9117 best=59.8715 since_improve=15
t=91340ms iter=204 WAIST cost=56.0000 best_alt=51.0000 gap=5.0000 tried=5 sep_labels=51 clique_frac=0.01
t=91512ms iter=204 REBUILD reject new_tc=64.1306 (was 59.8715)
t=91666ms iter=204 incumb=59.8715 ratchet=60.0619 best=59.8715 since_improve=16
t=91677ms iter=205 WAIST cost=56.0000 best_alt=51.0000 gap=5.0000 tried=5 sep_labels=51 clique_frac=0.01
t=91845ms iter=205 REBUILD reject new_tc=62.7103 (was 59.8715)
t=91995ms iter=205 incumb=59.8715 ratchet=59.8868 best=59.8715 since_improve=17
t=92004ms iter=206 WAIST cost=56.0000 best_alt=51.0000 gap=5.0000 tried=5 sep_labels=51 clique_frac=0.01
t=92173ms iter=206 REBUILD reject new_tc=60.8251 (was 59.8715)
t=92327ms iter=206 incumb=59.8715 ratchet=59.9525 best=59.8715 since_improve=18
t=92334ms iter=207 WAIST cost=56.0000 best_alt=51.0000 gap=5.0000 tried=5 sep_labels=51 clique_frac=0.01
t=92512ms iter=207 REBUILD reject new_tc=63.3222 (was 59.8715)
t=92673ms iter=207 incumb=59.8715 ratchet=59.9591 best=59.8715 since_improve=19
t=92685ms iter=208 WAIST cost=56.0000 best_alt=51.0000 gap=5.0000 tried=5 sep_labels=51 clique_frac=0.01
t=92857ms iter=208 REBUILD reject new_tc=60.9296 (was 59.8715)
t=93016ms iter=208 incumb=59.8715 ratchet=60.0312 best=59.8715 since_improve=20
t=93024ms iter=209 WAIST cost=56.0000 best_alt=51.0000 gap=5.0000 tried=5 sep_labels=51 clique_frac=0.01
t=93205ms iter=209 REBUILD reject new_tc=61.1035 (was 59.8715)
t=93361ms iter=209 incumb=59.8715 ratchet=59.9619 best=59.8715 since_improve=21
t=93370ms iter=210 WAIST cost=56.0000 best_alt=51.0000 gap=5.0000 tried=5 sep_labels=51 clique_frac=0.01
t=93550ms iter=210 REBUILD reject new_tc=61.0862 (was 59.8715)
t=93705ms iter=210 incumb=59.8715 ratchet=59.9294 best=59.8715 since_improve=22
t=93713ms iter=211 WAIST cost=56.0000 best_alt=51.0000 gap=5.0000 tried=5 sep_labels=51 clique_frac=0.01
t=93883ms iter=211 REBUILD reject new_tc=60.6343 (was 59.8715)
t=94047ms iter=211 incumb=59.8715 ratchet=59.8904 best=59.8715 since_improve=23
t=94056ms iter=212 WAIST cost=56.0000 best_alt=51.0000 gap=5.0000 tried=5 sep_labels=51 clique_frac=0.01
t=94225ms iter=212 REBUILD reject new_tc=68.0068 (was 59.8715)
t=94379ms iter=212 incumb=59.8715 ratchet=59.9425 best=59.8715 since_improve=24
t=94391ms iter=213 WAIST cost=56.0000 best_alt=50.0000 gap=6.0000 tried=5 sep_labels=50 clique_frac=0.01
t=94547ms iter=213 REBUILD reject new_tc=60.9588 (was 59.8715)
t=94701ms iter=213 incumb=59.8715 ratchet=59.8748 best=59.8715 since_improve=25
t=94708ms iter=214 WAIST cost=56.0000 best_alt=51.0000 gap=5.0000 tried=5 sep_labels=51 clique_frac=0.01
t=94889ms iter=214 REBUILD reject new_tc=60.8998 (was 59.8715)
t=95046ms iter=214 incumb=59.8715 ratchet=59.9088 best=59.8715 since_improve=26
t=95055ms iter=215 WAIST cost=56.0000 best_alt=51.0000 gap=5.0000 tried=5 sep_labels=51 clique_frac=0.01
t=95231ms iter=215 REBUILD reject new_tc=60.6418 (was 59.8715)
t=95380ms iter=215 incumb=59.8715 ratchet=60.0677 best=59.8715 since_improve=27
t=95390ms iter=216 WAIST cost=56.0000 best_alt=51.0000 gap=5.0000 tried=5 sep_labels=51 clique_frac=0.01
t=95561ms iter=216 REBUILD reject new_tc=60.1980 (was 59.8715)
t=95716ms iter=216 incumb=59.8715 ratchet=60.0288 best=59.8715 since_improve=28
t=95724ms iter=217 WAIST cost=56.0000 best_alt=51.0000 gap=5.0000 tried=5 sep_labels=51 clique_frac=0.01
t=95855ms iter=217 REBUILD reject new_tc=79.0000 (was 59.8715)
t=96011ms iter=217 incumb=59.8715 ratchet=59.9394 best=59.8715 since_improve=29
t=96020ms iter=218 WAIST cost=56.0000 best_alt=51.0000 gap=5.0000 tried=5 sep_labels=51 clique_frac=0.01
t=96212ms iter=218 REBUILD reject new_tc=62.4393 (was 59.8715)
t=96379ms iter=218 incumb=59.8715 ratchet=59.9687 best=59.8715 since_improve=30
t=96386ms iter=219 WAIST cost=56.0000 best_alt=51.0000 gap=5.0000 tried=5 sep_labels=51 clique_frac=0.01
t=96558ms iter=219 REBUILD reject new_tc=60.7677 (was 59.8715)
t=96764ms iter=219 incumb=59.8715 ratchet=59.9536 best=59.8715 since_improve=31
t=96773ms iter=220 WAIST cost=56.0000 best_alt=51.0000 gap=5.0000 tried=5 sep_labels=51 clique_frac=0.01
t=96942ms iter=220 REBUILD reject new_tc=64.3651 (was 59.8715)
t=97091ms iter=220 incumb=59.8715 ratchet=60.0105 best=59.8715 since_improve=32
t=97100ms iter=221 WAIST cost=56.0000 best_alt=51.0000 gap=5.0000 tried=5 sep_labels=51 clique_frac=0.01
t=97266ms iter=221 REBUILD reject new_tc=60.6066 (was 59.8715)
t=97420ms iter=221 incumb=59.8715 ratchet=59.9858 best=59.8715 since_improve=33
t=97429ms iter=222 WAIST cost=56.0000 best_alt=51.0000 gap=5.0000 tried=5 sep_labels=51 clique_frac=0.01
t=97581ms iter=222 REBUILD reject new_tc=76.0001 (was 59.8715)
t=97728ms iter=222 incumb=59.8715 ratchet=59.9265 best=59.8715 since_improve=34
t=97739ms iter=223 WAIST cost=56.0000 best_alt=51.0000 gap=5.0000 tried=5 sep_labels=51 clique_frac=0.01
t=97907ms iter=223 REBUILD reject new_tc=60.6801 (was 59.8715)
t=98054ms iter=223 incumb=59.8715 ratchet=60.0404 best=59.8715 since_improve=35
t=98061ms iter=224 WAIST cost=56.0000 best_alt=51.0000 gap=5.0000 tried=5 sep_labels=51 clique_frac=0.01
t=98226ms iter=224 REBUILD reject new_tc=60.6012 (was 59.8715)
t=98357ms iter=224 incumb=59.8715 ratchet=60.0519 best=59.8715 since_improve=36
t=98362ms iter=225 WAIST cost=56.0000 best_alt=51.0000 gap=5.0000 tried=5 sep_labels=51 clique_frac=0.01
t=98476ms iter=225 REBUILD reject new_tc=60.8306 (was 59.8715)
t=98630ms iter=225 incumb=59.8715 ratchet=60.3548 best=59.8715 since_improve=37
t=98640ms iter=226 WAIST cost=56.0000 best_alt=51.0000 gap=5.0000 tried=5 sep_labels=51 clique_frac=0.01
t=98809ms iter=226 REBUILD reject new_tc=64.3550 (was 59.8715)
t=98957ms iter=226 incumb=59.8715 ratchet=59.9928 best=59.8715 since_improve=38
t=98965ms iter=227 WAIST cost=56.0000 best_alt=51.0000 gap=5.0000 tried=5 sep_labels=51 clique_frac=0.01
t=99127ms iter=227 REBUILD reject new_tc=60.1398 (was 59.8715)
t=99251ms iter=227 incumb=59.8715 ratchet=59.9237 best=59.8715 since_improve=39
t=99256ms iter=228 WAIST cost=56.0000 best_alt=51.0000 gap=5.0000 tried=5 sep_labels=51 clique_frac=0.01
t=99361ms iter=228 REBUILD reject new_tc=75.0001 (was 59.8715)
t=99461ms iter=228 incumb=59.8715 ratchet=59.9652 best=59.8715 since_improve=40
t=99465ms iter=229 WAIST cost=56.0000 best_alt=51.0000 gap=5.0000 tried=5 sep_labels=51 clique_frac=0.01
t=99635ms iter=229 REBUILD reject new_tc=61.1729 (was 59.8715)
t=99783ms iter=229 incumb=59.8715 ratchet=60.4341 best=59.8715 since_improve=41
t=99791ms iter=230 WAIST cost=56.0000 best_alt=51.0000 gap=5.0000 tried=5 sep_labels=51 clique_frac=0.01
t=99961ms iter=230 REBUILD reject new_tc=60.6905 (was 59.8715)
t=100109ms iter=230 incumb=59.8715 ratchet=60.1644 best=59.8715 since_improve=42
t=100119ms iter=231 WAIST cost=56.0000 best_alt=50.0000 gap=6.0000 tried=5 sep_labels=50 clique_frac=0.01
t=100271ms iter=231 REBUILD reject new_tc=61.3025 (was 59.8715)
t=100405ms iter=231 incumb=59.8715 ratchet=59.9883 best=59.8715 since_improve=43
t=100410ms iter=232 WAIST cost=56.0000 best_alt=50.0000 gap=6.0000 tried=5 sep_labels=50 clique_frac=0.01
t=100532ms iter=232 REBUILD reject new_tc=68.7247 (was 59.8715)
t=100684ms iter=232 incumb=59.8715 ratchet=59.9762 best=59.8715 since_improve=44
t=100694ms iter=233 WAIST cost=56.0000 best_alt=49.0000 gap=7.0000 tried=5 sep_labels=49 clique_frac=0.01
t=100848ms iter=233 REBUILD reject new_tc=61.2118 (was 59.8715)
t=100997ms iter=233 incumb=59.8715 ratchet=59.9084 best=59.8715 since_improve=45
t=101006ms iter=234 WAIST cost=56.0000 best_alt=51.0000 gap=5.0000 tried=5 sep_labels=51 clique_frac=0.01
t=101171ms iter=234 REBUILD reject new_tc=61.2658 (was 59.8715)
t=101323ms iter=234 incumb=59.8715 ratchet=59.9401 best=59.8715 since_improve=46
t=101331ms iter=235 WAIST cost=56.0000 best_alt=51.0000 gap=5.0000 tried=5 sep_labels=51 clique_frac=0.01
t=101502ms iter=235 REBUILD reject new_tc=60.7849 (was 59.8715)
t=101655ms iter=235 incumb=59.8715 ratchet=59.9663 best=59.8715 since_improve=47
t=101662ms iter=236 WAIST cost=56.0000 best_alt=51.0000 gap=5.0000 tried=5 sep_labels=51 clique_frac=0.01
t=101828ms iter=236 REBUILD reject new_tc=65.3299 (was 59.8715)
t=101979ms iter=236 incumb=59.8715 ratchet=59.9730 best=59.8715 since_improve=48
t=101991ms iter=237 WAIST cost=56.0000 best_alt=51.0000 gap=5.0000 tried=5 sep_labels=51 clique_frac=0.01
t=102158ms iter=237 REBUILD reject new_tc=60.8735 (was 59.8715)
t=102308ms iter=237 incumb=59.8715 ratchet=59.9824 best=59.8715 since_improve=49
t=102317ms iter=238 WAIST cost=56.0000 best_alt=51.0000 gap=5.0000 tried=5 sep_labels=51 clique_frac=0.01
t=102484ms iter=238 REBUILD reject new_tc=60.8186 (was 59.8715)
t=102633ms iter=238 incumb=59.8715 ratchet=59.9704 best=59.8715 since_improve=50
t=102643ms iter=239 WAIST cost=56.0000 best_alt=51.0000 gap=5.0000 tried=5 sep_labels=51 clique_frac=0.01
t=102808ms iter=239 REBUILD reject new_tc=65.3790 (was 59.8715)
t=102950ms iter=239 incumb=59.8715 ratchet=59.9755 best=59.8715 since_improve=51
t=102960ms iter=240 WAIST cost=56.0000 best_alt=51.0000 gap=5.0000 tried=5 sep_labels=51 clique_frac=0.01
t=103119ms iter=240 REBUILD reject new_tc=65.0678 (was 59.8715)
t=103268ms iter=240 incumb=59.8715 ratchet=59.9328 best=59.8715 since_improve=52
t=103276ms iter=241 WAIST cost=56.0000 best_alt=51.0000 gap=5.0000 tried=5 sep_labels=51 clique_frac=0.01
t=103409ms iter=241 REBUILD reject new_tc=60.6071 (was 59.8715)
t=103531ms iter=241 incumb=59.8715 ratchet=60.0203 best=59.8715 since_improve=53
t=103540ms iter=242 WAIST cost=56.0000 best_alt=51.0000 gap=5.0000 tried=5 sep_labels=51 clique_frac=0.01
t=103711ms iter=242 REBUILD reject new_tc=60.9480 (was 59.8715)
t=103870ms iter=242 incumb=59.8715 ratchet=59.9369 best=59.8715 since_improve=54
t=103880ms iter=243 WAIST cost=56.0000 best_alt=51.0000 gap=5.0000 tried=5 sep_labels=51 clique_frac=0.01
t=104039ms iter=243 REBUILD reject new_tc=60.5705 (was 59.8715)
t=104194ms iter=243 incumb=59.8715 ratchet=59.9358 best=59.8715 since_improve=55
t=104205ms iter=244 WAIST cost=56.0000 best_alt=49.0000 gap=7.0000 tried=5 sep_labels=49 clique_frac=0.01
t=104361ms iter=244 REBUILD reject new_tc=61.2828 (was 59.8715)
t=104514ms iter=244 incumb=59.8715 ratchet=59.9320 best=59.8715 since_improve=56
t=104523ms iter=245 WAIST cost=56.0000 best_alt=51.0000 gap=5.0000 tried=5 sep_labels=51 clique_frac=0.01
t=104687ms iter=245 REBUILD reject new_tc=60.5306 (was 59.8715)
t=104841ms iter=245 incumb=59.8715 ratchet=60.0055 best=59.8715 since_improve=57
t=104850ms iter=246 WAIST cost=56.0000 best_alt=51.0000 gap=5.0000 tried=5 sep_labels=51 clique_frac=0.01
t=105016ms iter=246 REBUILD reject new_tc=60.1797 (was 59.8715)
t=105159ms iter=246 incumb=59.8715 ratchet=59.9186 best=59.8715 since_improve=58
t=105168ms iter=247 WAIST cost=56.0000 best_alt=51.0000 gap=5.0000 tried=5 sep_labels=51 clique_frac=0.01
t=105338ms iter=247 REBUILD reject new_tc=66.5418 (was 59.8715)
t=105465ms iter=247 incumb=59.8715 ratchet=59.9459 best=59.8715 since_improve=59
t=105471ms iter=248 WAIST cost=56.0000 best_alt=51.0000 gap=5.0000 tried=5 sep_labels=51 clique_frac=0.01
t=105644ms iter=248 REBUILD reject new_tc=61.6939 (was 59.8715)
t=105800ms iter=248 incumb=59.8715 ratchet=60.0512 best=59.8715 since_improve=60
t=105808ms iter=249 WAIST cost=56.0000 best_alt=51.0000 gap=5.0000 tried=5 sep_labels=51 clique_frac=0.01
t=105970ms iter=249 REBUILD reject new_tc=60.9999 (was 59.8715)
t=106120ms iter=249 incumb=59.8715 ratchet=60.0665 best=59.8715 since_improve=61
t=106129ms iter=250 WAIST cost=56.0000 best_alt=51.0000 gap=5.0000 tried=5 sep_labels=51 clique_frac=0.01
t=106297ms iter=250 REBUILD reject new_tc=60.7786 (was 59.8715)
t=106440ms iter=250 incumb=59.8715 ratchet=60.0096 best=59.8715 since_improve=62
t=106447ms iter=251 WAIST cost=56.0000 best_alt=51.0000 gap=5.0000 tried=5 sep_labels=51 clique_frac=0.01
t=106612ms iter=251 REBUILD reject new_tc=60.6611 (was 59.8715)
t=106759ms iter=251 incumb=59.8715 ratchet=60.0618 best=59.8715 since_improve=63
t=106767ms iter=252 WAIST cost=56.0000 best_alt=51.0000 gap=5.0000 tried=5 sep_labels=51 clique_frac=0.01
t=106936ms iter=252 REBUILD reject new_tc=60.4308 (was 59.8715)
t=107083ms iter=252 incumb=59.8715 ratchet=59.9234 best=59.8715 since_improve=64
t=107093ms iter=253 WAIST cost=56.0000 best_alt=51.0000 gap=5.0000 tried=5 sep_labels=51 clique_frac=0.01
t=107266ms iter=253 REBUILD reject new_tc=60.6628 (was 59.8715)
t=107420ms iter=253 incumb=59.8715 ratchet=60.0163 best=59.8715 since_improve=65
t=107428ms iter=254 WAIST cost=56.0000 best_alt=51.0000 gap=5.0000 tried=5 sep_labels=51 clique_frac=0.01
t=107602ms iter=254 REBUILD reject new_tc=60.6028 (was 59.8715)
t=107751ms iter=254 incumb=59.8715 ratchet=59.9982 best=59.8715 since_improve=66
t=107758ms iter=255 WAIST cost=56.0000 best_alt=51.0000 gap=5.0000 tried=5 sep_labels=51 clique_frac=0.01
t=107936ms iter=255 REBUILD reject new_tc=63.9006 (was 59.8715)
t=108087ms iter=255 incumb=59.8715 ratchet=59.9919 best=59.8715 since_improve=67
t=108096ms iter=256 WAIST cost=56.0000 best_alt=51.0000 gap=5.0000 tried=5 sep_labels=51 clique_frac=0.01
t=108266ms iter=256 REBUILD reject new_tc=65.3925 (was 59.8715)
t=108413ms iter=256 incumb=59.8715 ratchet=59.9963 best=59.8715 since_improve=68
t=108423ms iter=257 WAIST cost=56.0000 best_alt=51.0000 gap=5.0000 tried=5 sep_labels=51 clique_frac=0.01
t=108600ms iter=257 REBUILD reject new_tc=60.6590 (was 59.8715)
t=108760ms iter=257 incumb=59.8715 ratchet=59.9977 best=59.8715 since_improve=69
t=108769ms iter=258 WAIST cost=56.0000 best_alt=51.0000 gap=5.0000 tried=5 sep_labels=51 clique_frac=0.01
t=108942ms iter=258 REBUILD reject new_tc=60.4711 (was 59.8715)
t=109093ms iter=258 incumb=59.8715 ratchet=59.9673 best=59.8715 since_improve=70
t=109102ms iter=259 WAIST cost=56.0000 best_alt=51.0000 gap=5.0000 tried=5 sep_labels=51 clique_frac=0.01
t=109275ms iter=259 REBUILD reject new_tc=60.9101 (was 59.8715)
t=109433ms iter=259 incumb=59.8715 ratchet=59.9506 best=59.8715 since_improve=71
t=109440ms iter=260 WAIST cost=56.0000 best_alt=49.0000 gap=7.0000 tried=5 sep_labels=49 clique_frac=0.01
t=109589ms iter=260 REBUILD reject new_tc=61.6439 (was 59.8715)
t=109744ms iter=260 incumb=59.8715 ratchet=59.9435 best=59.8715 since_improve=72
t=109753ms iter=261 WAIST cost=56.0000 best_alt=51.0000 gap=5.0000 tried=5 sep_labels=51 clique_frac=0.01
t=109926ms iter=261 REBUILD reject new_tc=60.4304 (was 59.8715)
t=110082ms iter=261 incumb=59.8715 ratchet=60.0010 best=59.8715 since_improve=73
t=110092ms iter=262 WAIST cost=56.0000 best_alt=51.0000 gap=5.0000 tried=5 sep_labels=51 clique_frac=0.01
t=110269ms iter=262 REBUILD reject new_tc=64.5835 (was 59.8715)
t=110425ms iter=262 incumb=59.8715 ratchet=59.9957 best=59.8715 since_improve=74
t=110434ms iter=263 WAIST cost=56.0000 best_alt=51.0000 gap=5.0000 tried=5 sep_labels=51 clique_frac=0.01
t=110610ms iter=263 REBUILD reject new_tc=61.0592 (was 59.8715)
t=110762ms iter=263 incumb=59.8715 ratchet=59.9839 best=59.8715 since_improve=75
t=110770ms iter=264 WAIST cost=56.0000 best_alt=51.0000 gap=5.0000 tried=5 sep_labels=51 clique_frac=0.01
t=110949ms iter=264 REBUILD reject new_tc=60.7892 (was 59.8715)
t=111105ms iter=264 incumb=59.8715 ratchet=59.9927 best=59.8715 since_improve=76
t=111114ms iter=265 WAIST cost=56.0000 best_alt=51.0000 gap=5.0000 tried=5 sep_labels=51 clique_frac=0.01
t=111285ms iter=265 REBUILD reject new_tc=63.9506 (was 59.8715)
t=111438ms iter=265 incumb=59.8715 ratchet=59.9299 best=59.8715 since_improve=77
t=111447ms iter=266 WAIST cost=56.0000 best_alt=51.0000 gap=5.0000 tried=5 sep_labels=51 clique_frac=0.01
t=111622ms iter=266 REBUILD reject new_tc=61.3220 (was 59.8715)
t=111776ms iter=266 incumb=59.8715 ratchet=60.0100 best=59.8715 since_improve=78
t=111785ms iter=267 WAIST cost=56.0000 best_alt=51.0000 gap=5.0000 tried=5 sep_labels=51 clique_frac=0.01
t=111970ms iter=267 REBUILD reject new_tc=64.0637 (was 59.8715)
t=112139ms iter=267 incumb=59.8715 ratchet=59.9955 best=59.8715 since_improve=79
t=112149ms iter=268 WAIST cost=56.0000 best_alt=51.0000 gap=5.0000 tried=5 sep_labels=51 clique_frac=0.01
t=112325ms iter=268 REBUILD reject new_tc=60.7304 (was 59.8715)
t=112479ms iter=268 incumb=59.8715 ratchet=59.9313 best=59.8715 since_improve=80
t=112488ms iter=269 WAIST cost=56.0000 best_alt=51.0000 gap=5.0000 tried=5 sep_labels=51 clique_frac=0.01
t=112657ms iter=269 REBUILD reject new_tc=63.1363 (was 59.8715)
t=112812ms iter=269 incumb=59.8715 ratchet=59.9230 best=59.8715 since_improve=81
t=112819ms iter=270 WAIST cost=56.0000 best_alt=51.0000 gap=5.0000 tried=5 sep_labels=51 clique_frac=0.01
t=112994ms iter=270 REBUILD reject new_tc=60.3393 (was 59.8715)
t=113144ms iter=270 incumb=59.8715 ratchet=60.0012 best=59.8715 since_improve=82
t=113152ms iter=271 WAIST cost=56.0000 best_alt=50.0000 gap=6.0000 tried=5 sep_labels=50 clique_frac=0.01
t=113325ms iter=271 REBUILD reject new_tc=61.6419 (was 59.8715)
t=113481ms iter=271 incumb=59.8715 ratchet=59.9291 best=59.8715 since_improve=83
t=113489ms iter=272 WAIST cost=56.0000 best_alt=51.0000 gap=5.0000 tried=5 sep_labels=51 clique_frac=0.01
t=113656ms iter=272 REBUILD reject new_tc=65.3304 (was 59.8715)
t=113790ms iter=272 incumb=59.8715 ratchet=59.9991 best=59.8715 since_improve=84
t=113798ms iter=273 WAIST cost=56.0000 best_alt=51.0000 gap=5.0000 tried=5 sep_labels=51 clique_frac=0.01
t=113973ms iter=273 REBUILD reject new_tc=60.9047 (was 59.8715)
t=114120ms iter=273 incumb=59.8715 ratchet=60.0277 best=59.8715 since_improve=85
t=114127ms iter=274 WAIST cost=56.0000 best_alt=51.0000 gap=5.0000 tried=5 sep_labels=51 clique_frac=0.01
t=114292ms iter=274 REBUILD reject new_tc=60.6518 (was 59.8715)
t=114440ms iter=274 incumb=59.8715 ratchet=60.0865 best=59.8715 since_improve=86
t=114449ms iter=275 WAIST cost=56.0000 best_alt=51.0000 gap=5.0000 tried=5 sep_labels=51 clique_frac=0.01
t=114614ms iter=275 REBUILD reject new_tc=60.4427 (was 59.8715)
t=114763ms iter=275 incumb=59.8715 ratchet=60.0126 best=59.8715 since_improve=87
t=114773ms iter=276 WAIST cost=56.0000 best_alt=51.0000 gap=5.0000 tried=5 sep_labels=51 clique_frac=0.01
t=114932ms iter=276 REBUILD reject new_tc=60.2974 (was 59.8715)
t=115080ms iter=276 incumb=59.8715 ratchet=60.1631 best=59.8715 since_improve=88
t=115089ms iter=277 WAIST cost=56.0000 best_alt=51.0000 gap=5.0000 tried=5 sep_labels=51 clique_frac=0.01
t=115261ms iter=277 REBUILD reject new_tc=60.9939 (was 59.8715)
t=115414ms iter=277 incumb=59.8715 ratchet=59.9677 best=59.8715 since_improve=89
t=115422ms iter=278 WAIST cost=56.0000 best_alt=51.0000 gap=5.0000 tried=5 sep_labels=51 clique_frac=0.01
t=115590ms iter=278 REBUILD reject new_tc=61.1024 (was 59.8715)
t=115741ms iter=278 incumb=59.8715 ratchet=59.9724 best=59.8715 since_improve=90
t=115749ms iter=279 WAIST cost=56.0000 best_alt=51.0000 gap=5.0000 tried=5 sep_labels=51 clique_frac=0.01
t=115918ms iter=279 REBUILD reject new_tc=60.6612 (was 59.8715)
t=116065ms iter=279 incumb=59.8715 ratchet=59.9212 best=59.8715 since_improve=91
t=116072ms iter=280 WAIST cost=56.0000 best_alt=51.0000 gap=5.0000 tried=5 sep_labels=51 clique_frac=0.01
t=116239ms iter=280 REBUILD reject new_tc=60.1434 (was 59.8715)
t=116377ms iter=280 incumb=59.8715 ratchet=59.8750 best=59.8715 since_improve=92
t=116382ms iter=281 WAIST cost=56.0000 best_alt=51.0000 gap=5.0000 tried=5 sep_labels=51 clique_frac=0.01
t=116507ms iter=281 REBUILD reject new_tc=60.6362 (was 59.8715)
t=116652ms iter=281 incumb=59.8715 ratchet=59.9059 best=59.8715 since_improve=93
t=116659ms iter=282 WAIST cost=56.0000 best_alt=51.0000 gap=5.0000 tried=5 sep_labels=51 clique_frac=0.01
t=116826ms iter=282 REBUILD reject new_tc=60.3128 (was 59.8715)
t=116972ms iter=282 incumb=59.8715 ratchet=59.9614 best=59.8715 since_improve=94
t=116981ms iter=283 WAIST cost=56.0000 best_alt=51.0000 gap=5.0000 tried=5 sep_labels=51 clique_frac=0.01
t=117147ms iter=283 REBUILD reject new_tc=64.2995 (was 59.8715)
t=117674ms iter=283 incumb=59.8715 ratchet=59.8824 best=59.8702 since_improve=95
t=117686ms iter=284 WAIST cost=56.0000 best_alt=51.0000 gap=5.0000 tried=5 sep_labels=51 clique_frac=0.01
t=117851ms iter=284 REBUILD reject new_tc=66.1320 (was 59.8715)
t=117950ms iter=284 incumb=59.8715 ratchet=59.9807 best=59.8702 since_improve=96
t=117955ms iter=285 WAIST cost=56.0000 best_alt=51.0000 gap=5.0000 tried=5 sep_labels=51 clique_frac=0.01
t=118066ms iter=285 REBUILD reject new_tc=63.7134 (was 59.8715)
t=118163ms iter=285 incumb=59.8715 ratchet=60.9048 best=59.8702 since_improve=97
t=118167ms iter=286 WAIST cost=56.0000 best_alt=51.0000 gap=5.0000 tried=5 sep_labels=51 clique_frac=0.01
t=118280ms iter=286 REBUILD reject new_tc=61.1509 (was 59.8715)
t=118379ms iter=286 incumb=59.8715 ratchet=59.9503 best=59.8702 since_improve=98
t=118384ms iter=287 WAIST cost=56.0000 best_alt=51.0000 gap=5.0000 tried=5 sep_labels=51 clique_frac=0.01
t=118519ms iter=287 REBUILD reject new_tc=60.8610 (was 59.8715)
t=118670ms iter=287 incumb=59.8715 ratchet=60.0490 best=59.8702 since_improve=99
t=118677ms iter=288 WAIST cost=56.0000 best_alt=51.0000 gap=5.0000 tried=5 sep_labels=51 clique_frac=0.01
t=118844ms iter=288 REBUILD reject new_tc=66.1690 (was 59.8715)
t=118999ms iter=288 incumb=59.8715 ratchet=59.9634 best=59.8702 since_improve=100
t=119007ms iter=289 WAIST cost=56.0000 best_alt=51.0000 gap=5.0000 tried=5 sep_labels=51 clique_frac=0.01
t=119184ms iter=289 REBUILD reject new_tc=60.7422 (was 59.8715)
t=119333ms iter=289 incumb=59.8715 ratchet=60.0019 best=59.8702 since_improve=101
t=119340ms iter=290 WAIST cost=56.0000 best_alt=51.0000 gap=5.0000 tried=5 sep_labels=51 clique_frac=0.01
t=119505ms iter=290 REBUILD reject new_tc=60.9391 (was 59.8715)
t=119651ms iter=290 incumb=59.8715 ratchet=60.0270 best=59.8702 since_improve=102
t=119659ms iter=291 WAIST cost=56.0000 best_alt=50.0000 gap=6.0000 tried=5 sep_labels=50 clique_frac=0.01
t=119822ms iter=291 REBUILD reject new_tc=61.2506 (was 59.8715)
t=119973ms iter=291 incumb=59.8715 ratchet=59.9765 best=59.8702 since_improve=103
t=119982ms iter=292 WAIST cost=56.0000 best_alt=51.0000 gap=5.0000 tried=5 sep_labels=51 clique_frac=0.01
t=120153ms iter=292 REBUILD reject new_tc=63.5865 (was 59.8715)
t=120306ms iter=292 incumb=59.8715 ratchet=59.9571 best=59.8702 since_improve=104
t=120314ms iter=293 WAIST cost=56.0000 best_alt=51.0000 gap=5.0000 tried=5 sep_labels=51 clique_frac=0.01
t=120430ms iter=293 REBUILD reject new_tc=60.3329 (was 59.8715)
t=120556ms iter=293 incumb=59.8715 ratchet=59.9990 best=59.8702 since_improve=105
t=120564ms iter=294 WAIST cost=56.0000 best_alt=51.0000 gap=5.0000 tried=5 sep_labels=51 clique_frac=0.01
t=120737ms iter=294 REBUILD reject new_tc=65.2988 (was 59.8715)
t=120902ms iter=294 incumb=59.8715 ratchet=59.9102 best=59.8702 since_improve=106
t=120911ms iter=295 WAIST cost=56.0000 best_alt=51.0000 gap=5.0000 tried=5 sep_labels=51 clique_frac=0.01
t=121081ms iter=295 REBUILD reject new_tc=60.7046 (was 59.8715)
t=121227ms iter=295 incumb=59.8715 ratchet=59.9691 best=59.8702 since_improve=107
t=121236ms iter=296 WAIST cost=56.0000 best_alt=51.0000 gap=5.0000 tried=5 sep_labels=51 clique_frac=0.01
t=121409ms iter=296 REBUILD reject new_tc=60.6167 (was 59.8715)
t=121565ms iter=296 incumb=59.8715 ratchet=59.9812 best=59.8702 since_improve=108
t=121574ms iter=297 WAIST cost=56.0000 best_alt=51.0000 gap=5.0000 tried=5 sep_labels=51 clique_frac=0.01
t=121740ms iter=297 REBUILD reject new_tc=60.0988 (was 59.8715)
t=121881ms iter=297 incumb=59.8715 ratchet=60.6989 best=59.8702 since_improve=109
t=121889ms iter=298 WAIST cost=56.0000 best_alt=51.0000 gap=5.0000 tried=5 sep_labels=51 clique_frac=0.01
t=122066ms iter=298 REBUILD reject new_tc=60.7388 (was 59.8715)
t=122219ms iter=298 incumb=59.8715 ratchet=60.2706 best=59.8702 since_improve=110
t=122227ms iter=299 WAIST cost=56.0000 best_alt=51.0000 gap=5.0000 tried=5 sep_labels=51 clique_frac=0.01
t=122396ms iter=299 REBUILD reject new_tc=62.3692 (was 59.8715)
t=122555ms iter=299 incumb=59.8715 ratchet=59.9003 best=59.8702 since_improve=111
t=122563ms iter=300 WAIST cost=56.0000 best_alt=51.0000 gap=5.0000 tried=5 sep_labels=51 clique_frac=0.01
t=122733ms iter=300 REBUILD reject new_tc=60.3819 (was 59.8715)
t=122890ms iter=300 incumb=59.8715 ratchet=59.9362 best=59.8702 since_improve=112
t=122899ms iter=301 WAIST cost=56.0000 best_alt=51.0000 gap=5.0000 tried=5 sep_labels=51 clique_frac=0.01
t=123064ms iter=301 REBUILD reject new_tc=60.4043 (was 59.8715)
t=123210ms iter=301 incumb=59.8715 ratchet=60.0760 best=59.8702 since_improve=113
t=123218ms iter=302 WAIST cost=56.0000 best_alt=50.0000 gap=6.0000 tried=5 sep_labels=50 clique_frac=0.01
t=123359ms iter=302 REBUILD reject new_tc=79.0000 (was 59.8715)
t=123508ms iter=302 incumb=59.8715 ratchet=60.0061 best=59.8702 since_improve=114
t=123517ms iter=303 WAIST cost=56.0000 best_alt=51.0000 gap=5.0000 tried=5 sep_labels=51 clique_frac=0.01
t=123690ms iter=303 REBUILD reject new_tc=60.8613 (was 59.8715)
t=123847ms iter=303 incumb=59.8715 ratchet=59.9238 best=59.8702 since_improve=115
t=123856ms iter=304 WAIST cost=56.0000 best_alt=51.0000 gap=5.0000 tried=5 sep_labels=51 clique_frac=0.01
t=124027ms iter=304 REBUILD reject new_tc=64.1187 (was 59.8715)
t=124177ms iter=304 incumb=59.8715 ratchet=60.0562 best=59.8702 since_improve=116
t=124186ms iter=305 WAIST cost=56.0000 best_alt=51.0000 gap=5.0000 tried=5 sep_labels=51 clique_frac=0.01
t=124359ms iter=305 REBUILD reject new_tc=60.1144 (was 59.8715)
t=124505ms iter=305 incumb=59.8715 ratchet=59.9836 best=59.8702 since_improve=117
t=124514ms iter=306 WAIST cost=56.0000 best_alt=51.0000 gap=5.0000 tried=5 sep_labels=51 clique_frac=0.01
t=124675ms iter=306 REBUILD reject new_tc=60.3159 (was 59.8715)
t=124826ms iter=306 incumb=59.8715 ratchet=60.1217 best=59.8702 since_improve=118
t=124833ms iter=307 WAIST cost=56.0000 best_alt=51.0000 gap=5.0000 tried=5 sep_labels=51 clique_frac=0.01
t=125001ms iter=307 REBUILD reject new_tc=61.0194 (was 59.8715)
t=125153ms iter=307 incumb=59.8715 ratchet=60.0491 best=59.8702 since_improve=119
t=125161ms iter=308 WAIST cost=56.0000 best_alt=51.0000 gap=5.0000 tried=5 sep_labels=51 clique_frac=0.01
t=125328ms iter=308 REBUILD reject new_tc=60.8611 (was 59.8715)
t=125447ms iter=308 incumb=59.8715 ratchet=60.0150 best=59.8702 since_improve=120
t=125451ms iter=309 WAIST cost=56.0000 best_alt=51.0000 gap=5.0000 tried=5 sep_labels=51 clique_frac=0.01
t=125612ms iter=309 REBUILD reject new_tc=60.9784 (was 59.8715)
t=125766ms iter=309 incumb=59.8715 ratchet=59.9927 best=59.8702 since_improve=121
t=125773ms iter=310 WAIST cost=56.0000 best_alt=51.0000 gap=5.0000 tried=5 sep_labels=51 clique_frac=0.01
t=125929ms iter=310 REBUILD reject new_tc=63.7179 (was 59.8715)
t=126077ms iter=310 incumb=59.8715 ratchet=59.9767 best=59.8702 since_improve=122
t=126085ms iter=311 WAIST cost=56.0000 best_alt=51.0000 gap=5.0000 tried=5 sep_labels=51 clique_frac=0.01
t=126249ms iter=311 REBUILD reject new_tc=60.6908 (was 59.8715)
t=126396ms iter=311 incumb=59.8715 ratchet=59.9584 best=59.8702 since_improve=123
t=126406ms iter=312 WAIST cost=56.0000 best_alt=51.0000 gap=5.0000 tried=5 sep_labels=51 clique_frac=0.01
t=126550ms iter=312 REBUILD reject new_tc=60.6808 (was 59.8715)
t=126697ms iter=312 incumb=59.8715 ratchet=59.9238 best=59.8702 since_improve=124
t=126704ms iter=313 WAIST cost=56.0000 best_alt=51.0000 gap=5.0000 tried=5 sep_labels=51 clique_frac=0.01
t=126870ms iter=313 REBUILD reject new_tc=60.5322 (was 59.8715)
t=127012ms iter=313 incumb=59.8715 ratchet=59.9661 best=59.8702 since_improve=125
t=127020ms iter=314 WAIST cost=56.0000 best_alt=51.0000 gap=5.0000 tried=5 sep_labels=51 clique_frac=0.01
t=127154ms iter=314 REBUILD reject new_tc=60.6905 (was 59.8715)
t=127256ms iter=314 incumb=59.8715 ratchet=59.9892 best=59.8702 since_improve=126
t=127260ms iter=315 WAIST cost=56.0000 best_alt=51.0000 gap=5.0000 tried=5 sep_labels=51 clique_frac=0.01
t=127373ms iter=315 REBUILD reject new_tc=60.9714 (was 59.8715)
t=127475ms iter=315 incumb=59.8715 ratchet=59.9899 best=59.8702 since_improve=127
t=127483ms iter=316 WAIST cost=56.0000 best_alt=51.0000 gap=5.0000 tried=5 sep_labels=51 clique_frac=0.01
t=127646ms iter=316 REBUILD reject new_tc=60.4915 (was 59.8715)
t=127795ms iter=316 incumb=59.8715 ratchet=59.8815 best=59.8702 since_improve=128
t=127804ms iter=317 WAIST cost=56.0000 best_alt=51.0000 gap=5.0000 tried=5 sep_labels=51 clique_frac=0.01
t=127970ms iter=317 REBUILD reject new_tc=60.7620 (was 59.8715)
t=128120ms iter=317 incumb=59.8715 ratchet=59.9383 best=59.8702 since_improve=129
t=128127ms iter=318 WAIST cost=56.0000 best_alt=51.0000 gap=5.0000 tried=5 sep_labels=51 clique_frac=0.01
t=128292ms iter=318 REBUILD reject new_tc=61.0864 (was 59.8715)
t=128388ms iter=318 incumb=59.8715 ratchet=60.0059 best=59.8702 since_improve=130
t=128392ms iter=319 WAIST cost=56.0000 best_alt=51.0000 gap=5.0000 tried=5 sep_labels=51 clique_frac=0.01
t=128522ms iter=319 REBUILD reject new_tc=63.9322 (was 59.8715)
t=128674ms iter=319 incumb=59.8715 ratchet=60.0294 best=59.8702 since_improve=131
t=128682ms iter=320 WAIST cost=56.0000 best_alt=51.0000 gap=5.0000 tried=5 sep_labels=51 clique_frac=0.01
t=128850ms iter=320 REBUILD reject new_tc=60.4057 (was 59.8715)
t=128997ms iter=320 incumb=59.8715 ratchet=60.0220 best=59.8702 since_improve=132
t=129006ms iter=321 WAIST cost=56.0000 best_alt=51.0000 gap=5.0000 tried=5 sep_labels=51 clique_frac=0.01
t=129179ms iter=321 REBUILD reject new_tc=63.3974 (was 59.8715)
t=129336ms iter=321 incumb=59.8715 ratchet=59.8895 best=59.8702 since_improve=133
t=129346ms iter=322 WAIST cost=56.0000 best_alt=51.0000 gap=5.0000 tried=5 sep_labels=51 clique_frac=0.01
t=129514ms iter=322 REBUILD reject new_tc=60.8040 (was 59.8715)
t=129676ms iter=322 incumb=59.8715 ratchet=60.3624 best=59.8702 since_improve=134
t=129685ms iter=323 WAIST cost=56.0000 best_alt=51.0000 gap=5.0000 tried=5 sep_labels=51 clique_frac=0.01
t=129859ms iter=323 REBUILD reject new_tc=60.5360 (was 59.8715)
t=130011ms iter=323 incumb=59.8715 ratchet=59.9949 best=59.8702 since_improve=135
t=130019ms iter=324 WAIST cost=56.0000 best_alt=51.0000 gap=5.0000 tried=5 sep_labels=51 clique_frac=0.01
t=130189ms iter=324 REBUILD reject new_tc=62.2363 (was 59.8715)
t=130337ms iter=324 incumb=59.8715 ratchet=59.9778 best=59.8702 since_improve=136
t=130342ms iter=325 WAIST cost=56.0000 best_alt=51.0000 gap=5.0000 tried=5 sep_labels=51 clique_frac=0.01
t=130458ms iter=325 REBUILD reject new_tc=64.3190 (was 59.8715)
t=130605ms iter=325 incumb=59.8715 ratchet=59.9512 best=59.8702 since_improve=137
t=130613ms iter=326 WAIST cost=56.0000 best_alt=51.0000 gap=5.0000 tried=5 sep_labels=51 clique_frac=0.01
t=130777ms iter=326 REBUILD reject new_tc=65.8722 (was 59.8715)
t=130934ms iter=326 incumb=59.8715 ratchet=60.0394 best=59.8702 since_improve=138
t=130943ms iter=327 WAIST cost=56.0000 best_alt=51.0000 gap=5.0000 tried=5 sep_labels=51 clique_frac=0.01
t=131116ms iter=327 REBUILD reject new_tc=61.6068 (was 59.8715)
t=131269ms iter=327 incumb=59.8715 ratchet=60.0203 best=59.8702 since_improve=139
t=131277ms iter=328 WAIST cost=56.0000 best_alt=51.0000 gap=5.0000 tried=5 sep_labels=51 clique_frac=0.01
t=131454ms iter=328 REBUILD reject new_tc=60.2857 (was 59.8715)
t=131607ms iter=328 incumb=59.8715 ratchet=60.0893 best=59.8702 since_improve=140
t=131617ms iter=329 WAIST cost=56.0000 best_alt=51.0000 gap=5.0000 tried=5 sep_labels=51 clique_frac=0.01
t=131788ms iter=329 REBUILD reject new_tc=65.1442 (was 59.8715)
t=131944ms iter=329 incumb=59.8715 ratchet=60.0760 best=59.8702 since_improve=141
t=131954ms iter=330 WAIST cost=56.0000 best_alt=51.0000 gap=5.0000 tried=5 sep_labels=51 clique_frac=0.01
t=132110ms iter=330 REBUILD reject new_tc=66.1063 (was 59.8715)
t=132264ms iter=330 incumb=59.8715 ratchet=59.9117 best=59.8702 since_improve=142
t=132273ms iter=331 WAIST cost=56.0000 best_alt=51.0000 gap=5.0000 tried=5 sep_labels=51 clique_frac=0.01
t=132439ms iter=331 REBUILD reject new_tc=60.6840 (was 59.8715)
t=132595ms iter=331 incumb=59.8715 ratchet=59.9293 best=59.8702 since_improve=143
t=132605ms iter=332 WAIST cost=56.0000 best_alt=50.0000 gap=6.0000 tried=5 sep_labels=50 clique_frac=0.01
t=132776ms iter=332 REBUILD reject new_tc=61.1695 (was 59.8715)
t=132935ms iter=332 incumb=59.8715 ratchet=60.0160 best=59.8702 since_improve=144
t=132943ms iter=333 WAIST cost=56.0000 best_alt=51.0000 gap=5.0000 tried=5 sep_labels=51 clique_frac=0.01
t=133123ms iter=333 REBUILD reject new_tc=60.3974 (was 59.8715)
t=133277ms iter=333 incumb=59.8715 ratchet=59.9957 best=59.8702 since_improve=145
t=133286ms iter=334 WAIST cost=56.0000 best_alt=51.0000 gap=5.0000 tried=5 sep_labels=51 clique_frac=0.01
t=133453ms iter=334 REBUILD reject new_tc=70.9503 (was 59.8715)
t=133603ms iter=334 incumb=59.8715 ratchet=59.9885 best=59.8702 since_improve=146
t=133611ms iter=335 WAIST cost=56.0000 best_alt=51.0000 gap=5.0000 tried=5 sep_labels=51 clique_frac=0.01
t=133785ms iter=335 REBUILD reject new_tc=61.6923 (was 59.8715)
t=133940ms iter=335 incumb=59.8715 ratchet=59.9406 best=59.8702 since_improve=147
t=133949ms iter=336 WAIST cost=56.0000 best_alt=50.0000 gap=6.0000 tried=5 sep_labels=50 clique_frac=0.01
t=134105ms iter=336 REBUILD reject new_tc=62.7792 (was 59.8715)
t=134258ms iter=336 incumb=59.8715 ratchet=59.9366 best=59.8702 since_improve=148
t=134265ms iter=337 WAIST cost=56.0000 best_alt=51.0000 gap=5.0000 tried=5 sep_labels=51 clique_frac=0.01
t=134434ms iter=337 REBUILD reject new_tc=65.7177 (was 59.8715)
t=134588ms iter=337 incumb=59.8715 ratchet=59.9314 best=59.8702 since_improve=149
t=134597ms iter=338 WAIST cost=56.0000 best_alt=51.0000 gap=5.0000 tried=5 sep_labels=51 clique_frac=0.01
t=134767ms iter=338 REBUILD reject new_tc=60.7177 (was 59.8715)
t=134921ms iter=338 incumb=59.8715 ratchet=59.9379 best=59.8702 since_improve=150
t=134929ms iter=339 WAIST cost=56.0000 best_alt=51.0000 gap=5.0000 tried=5 sep_labels=51 clique_frac=0.01
t=135101ms iter=339 REBUILD reject new_tc=61.1438 (was 59.8715)
t=135250ms iter=339 incumb=59.8715 ratchet=59.9153 best=59.8702 since_improve=151
t=135258ms iter=340 WAIST cost=56.0000 best_alt=51.0000 gap=5.0000 tried=5 sep_labels=51 clique_frac=0.01
t=135428ms iter=340 REBUILD reject new_tc=62.6240 (was 59.8715)
t=135581ms iter=340 incumb=59.8715 ratchet=59.9383 best=59.8702 since_improve=152
t=135588ms iter=341 WAIST cost=56.0000 best_alt=51.0000 gap=5.0000 tried=5 sep_labels=51 clique_frac=0.01
t=135764ms iter=341 REBUILD reject new_tc=60.8538 (was 59.8715)
t=135923ms iter=341 incumb=59.8715 ratchet=59.9087 best=59.8702 since_improve=153
t=135932ms iter=342 WAIST cost=56.0000 best_alt=51.0000 gap=5.0000 tried=5 sep_labels=51 clique_frac=0.01
t=136111ms iter=342 REBUILD reject new_tc=60.6322 (was 59.8715)
t=136268ms iter=342 incumb=59.8715 ratchet=59.9952 best=59.8702 since_improve=154
t=136276ms iter=343 WAIST cost=56.0000 best_alt=51.0000 gap=5.0000 tried=5 sep_labels=51 clique_frac=0.01
t=136444ms iter=343 REBUILD reject new_tc=60.6826 (was 59.8715)
t=136596ms iter=343 incumb=59.8715 ratchet=60.0215 best=59.8702 since_improve=155
t=136607ms iter=344 WAIST cost=56.0000 best_alt=51.0000 gap=5.0000 tried=5 sep_labels=51 clique_frac=0.01
t=136782ms iter=344 REBUILD reject new_tc=61.0920 (was 59.8715)
t=136933ms iter=344 incumb=59.8715 ratchet=59.9431 best=59.8702 since_improve=156
t=136939ms iter=345 WAIST cost=56.0000 best_alt=51.0000 gap=5.0000 tried=5 sep_labels=51 clique_frac=0.01
t=137117ms iter=345 REBUILD reject new_tc=60.9328 (was 59.8715)
t=137268ms iter=345 incumb=59.8715 ratchet=59.9949 best=59.8702 since_improve=157
t=137278ms iter=346 WAIST cost=56.0000 best_alt=51.0000 gap=5.0000 tried=5 sep_labels=51 clique_frac=0.01
t=137449ms iter=346 REBUILD reject new_tc=63.2056 (was 59.8715)
t=137605ms iter=346 incumb=59.8715 ratchet=59.9232 best=59.8702 since_improve=158
t=137614ms iter=347 WAIST cost=56.0000 best_alt=51.0000 gap=5.0000 tried=5 sep_labels=51 clique_frac=0.01
t=137794ms iter=347 REBUILD reject new_tc=60.9368 (was 59.8715)
t=137945ms iter=347 incumb=59.8715 ratchet=60.0371 best=59.8702 since_improve=159
t=137955ms iter=348 WAIST cost=56.0000 best_alt=51.0000 gap=5.0000 tried=5 sep_labels=51 clique_frac=0.01
t=138125ms iter=348 REBUILD reject new_tc=61.6847 (was 59.8715)
t=138278ms iter=348 incumb=59.8715 ratchet=59.9729 best=59.8702 since_improve=160
t=138286ms iter=349 WAIST cost=56.0000 best_alt=51.0000 gap=5.0000 tried=5 sep_labels=51 clique_frac=0.01
t=138459ms iter=349 REBUILD reject new_tc=64.0190 (was 59.8715)
t=138611ms iter=349 incumb=59.8715 ratchet=59.9085 best=59.8702 since_improve=161
t=138621ms iter=350 WAIST cost=56.0000 best_alt=51.0000 gap=5.0000 tried=5 sep_labels=51 clique_frac=0.01
t=138793ms iter=350 REBUILD reject new_tc=60.6217 (was 59.8715)
t=138949ms iter=350 incumb=59.8715 ratchet=59.8786 best=59.8702 since_improve=162
t=138956ms iter=351 WAIST cost=56.0000 best_alt=51.0000 gap=5.0000 tried=5 sep_labels=51 clique_frac=0.01
t=139126ms iter=351 REBUILD reject new_tc=60.4351 (was 59.8715)
t=139281ms iter=351 incumb=59.8715 ratchet=59.9144 best=59.8702 since_improve=163
t=139290ms iter=352 WAIST cost=56.0000 best_alt=51.0000 gap=5.0000 tried=5 sep_labels=51 clique_frac=0.01
t=139461ms iter=352 REBUILD reject new_tc=60.5732 (was 59.8715)
t=139614ms iter=352 incumb=59.8715 ratchet=60.0005 best=59.8702 since_improve=164
t=139623ms iter=353 WAIST cost=56.0000 best_alt=51.0000 gap=5.0000 tried=5 sep_labels=51 clique_frac=0.01
t=139795ms iter=353 REBUILD reject new_tc=60.7601 (was 59.8715)
t=139947ms iter=353 incumb=59.8715 ratchet=59.9296 best=59.8702 since_improve=165
t=139957ms iter=354 WAIST cost=56.0000 best_alt=51.0000 gap=5.0000 tried=5 sep_labels=51 clique_frac=0.01
t=140128ms iter=354 REBUILD reject new_tc=60.8395 (was 59.8715)
t=140285ms iter=354 incumb=59.8715 ratchet=59.9141 best=59.8702 since_improve=166
t=140294ms iter=355 WAIST cost=56.0000 best_alt=51.0000 gap=5.0000 tried=5 sep_labels=51 clique_frac=0.01
t=140463ms iter=355 REBUILD reject new_tc=61.1460 (was 59.8715)
t=140614ms iter=355 incumb=59.8715 ratchet=59.9314 best=59.8702 since_improve=167
t=140624ms iter=356 WAIST cost=56.0000 best_alt=51.0000 gap=5.0000 tried=5 sep_labels=51 clique_frac=0.01
t=140790ms iter=356 REBUILD reject new_tc=62.4118 (was 59.8715)
t=140945ms iter=356 incumb=59.8715 ratchet=59.9153 best=59.8702 since_improve=168
t=140953ms iter=357 WAIST cost=56.0000 best_alt=50.0000 gap=6.0000 tried=5 sep_labels=50 clique_frac=0.01
t=141110ms iter=357 REBUILD reject new_tc=65.7358 (was 59.8715)
t=141267ms iter=357 incumb=59.8715 ratchet=59.9533 best=59.8702 since_improve=169
t=141275ms iter=358 WAIST cost=56.0000 best_alt=51.0000 gap=5.0000 tried=5 sep_labels=51 clique_frac=0.01
t=141446ms iter=358 REBUILD reject new_tc=60.6779 (was 59.8715)
t=141594ms iter=358 incumb=59.8715 ratchet=59.9634 best=59.8702 since_improve=170
t=141604ms iter=359 WAIST cost=56.0000 best_alt=51.0000 gap=5.0000 tried=5 sep_labels=51 clique_frac=0.01
t=141778ms iter=359 REBUILD reject new_tc=60.5523 (was 59.8715)
t=141929ms iter=359 incumb=59.8715 ratchet=60.0154 best=59.8702 since_improve=171
t=141939ms iter=360 WAIST cost=56.0000 best_alt=49.0000 gap=7.0000 tried=5 sep_labels=49 clique_frac=0.01
t=142092ms iter=360 REBUILD reject new_tc=61.4100 (was 59.8715)
t=142248ms iter=360 incumb=59.8715 ratchet=59.9727 best=59.8702 since_improve=172
t=142257ms iter=361 WAIST cost=56.0000 best_alt=51.0000 gap=5.0000 tried=5 sep_labels=51 clique_frac=0.01
t=142430ms iter=361 REBUILD reject new_tc=65.3704 (was 59.8715)
t=142584ms iter=361 incumb=59.8715 ratchet=59.9593 best=59.8702 since_improve=173
t=142591ms iter=362 WAIST cost=56.0000 best_alt=51.0000 gap=5.0000 tried=5 sep_labels=51 clique_frac=0.01
t=142760ms iter=362 REBUILD reject new_tc=61.1812 (was 59.8715)
t=142916ms iter=362 incumb=59.8715 ratchet=59.9423 best=59.8702 since_improve=174
t=142927ms iter=363 WAIST cost=56.0000 best_alt=51.0000 gap=5.0000 tried=5 sep_labels=51 clique_frac=0.01
t=143094ms iter=363 REBUILD reject new_tc=61.2274 (was 59.8715)
t=143445ms iter=363 incumb=59.8715 ratchet=59.8753 best=59.8630 since_improve=175
t=143455ms iter=364 WAIST cost=56.0000 best_alt=51.0000 gap=5.0000 tried=5 sep_labels=51 clique_frac=0.01
t=143633ms iter=364 REBUILD reject new_tc=61.5762 (was 59.8715)
t=143790ms iter=364 incumb=59.8715 ratchet=59.9904 best=59.8630 since_improve=176
t=143801ms iter=365 WAIST cost=56.0000 best_alt=50.0000 gap=6.0000 tried=5 sep_labels=50 clique_frac=0.01
t=143973ms iter=365 REBUILD reject new_tc=61.2206 (was 59.8715)
t=144126ms iter=365 incumb=59.8715 ratchet=59.9153 best=59.8630 since_improve=177
t=144135ms iter=366 WAIST cost=56.0000 best_alt=51.0000 gap=5.0000 tried=5 sep_labels=51 clique_frac=0.01
t=144361ms iter=366 REBUILD reject new_tc=63.8890 (was 59.8715)
t=144519ms iter=366 incumb=59.8715 ratchet=60.1265 best=59.8630 since_improve=178
t=144527ms iter=367 WAIST cost=56.0000 best_alt=51.0000 gap=5.0000 tried=5 sep_labels=51 clique_frac=0.01
t=144705ms iter=367 REBUILD reject new_tc=60.2909 (was 59.8715)
t=144864ms iter=367 incumb=59.8715 ratchet=59.9763 best=59.8630 since_improve=179
t=144870ms iter=368 WAIST cost=56.0000 best_alt=51.0000 gap=5.0000 tried=5 sep_labels=51 clique_frac=0.01
t=145039ms iter=368 REBUILD reject new_tc=60.5268 (was 59.8715)
t=145192ms iter=368 incumb=59.8715 ratchet=59.9631 best=59.8630 since_improve=180
t=145200ms iter=369 WAIST cost=56.0000 best_alt=51.0000 gap=5.0000 tried=5 sep_labels=51 clique_frac=0.01
t=145369ms iter=369 REBUILD reject new_tc=68.5662 (was 59.8715)
t=145501ms iter=369 incumb=59.8715 ratchet=59.9741 best=59.8630 since_improve=181
t_final=145675ms tc_reduced=59.8630 tc_full=60.7069 leaves=3369
surgery summary: calls=369 cheaper_cuts=369 rebuild_accepts=5 waist_min_hits=0
