probe: instance=sycamore_53_20_0 n_orig=3369 n=381 fusible=0.8869 nlabels=754 t=17ms
seed_greedy tc=92.0251 t=514ms
t=616ms iter=1 WAIST cost=58.0000 best_alt=50.0000 gap=8.0000 tried=5 sep_labels=50 clique_frac=0.01
t=961ms iter=1 REBUILD ACCEPT new_tc=61.1442 (was 62.6570)
t=3358ms iter=1 incumb=61.1442 ratchet=60.8803 best=60.8803 since_improve=0
t=3370ms iter=2 WAIST cost=57.0000 best_alt=52.0000 gap=5.0000 tried=5 sep_labels=52 clique_frac=0.01
t=3544ms iter=2 REBUILD reject new_tc=62.4453 (was 60.8803)
t=3905ms iter=2 incumb=60.8803 ratchet=60.8565 best=60.8565 since_improve=0
t=3918ms iter=3 WAIST cost=57.0000 best_alt=51.0000 gap=6.0000 tried=5 sep_labels=51 clique_frac=0.01
t=4237ms iter=3 REBUILD ACCEPT new_tc=60.4141 (was 60.8565)
t=4746ms iter=3 incumb=60.4141 ratchet=60.3873 best=60.3809 since_improve=0
t=4754ms iter=4 WAIST cost=56.0000 best_alt=51.0000 gap=5.0000 tried=5 sep_labels=51 clique_frac=0.01
t=4927ms iter=4 REBUILD reject new_tc=64.0093 (was 60.3873)
t=5095ms iter=4 incumb=60.3873 ratchet=60.4093 best=60.3809 since_improve=1
t=5107ms iter=5 WAIST cost=56.0000 best_alt=51.0000 gap=5.0000 tried=5 sep_labels=51 clique_frac=0.01
t=5278ms iter=5 REBUILD reject new_tc=60.9320 (was 60.3873)
t=6300ms iter=5 incumb=60.3873 ratchet=60.3367 best=60.3367 since_improve=0
t=6309ms iter=6 WAIST cost=55.0000 best_alt=49.0000 gap=6.0000 tried=5 sep_labels=49 clique_frac=0.01
t=6449ms iter=6 REBUILD reject new_tc=73.0180 (was 60.3367)
t=6609ms iter=6 incumb=60.3367 ratchet=60.3845 best=60.3367 since_improve=1
t=6619ms iter=7 WAIST cost=55.0000 best_alt=49.0000 gap=6.0000 tried=5 sep_labels=49 clique_frac=0.01
t=6772ms iter=7 REBUILD reject new_tc=61.4209 (was 60.3367)
t=6924ms iter=7 incumb=60.3367 ratchet=60.3491 best=60.3367 since_improve=2
t=6933ms iter=8 WAIST cost=55.0000 best_alt=45.0000 gap=10.0000 tried=5 sep_labels=45 clique_frac=0.01
t=7089ms iter=8 REBUILD reject new_tc=61.2983 (was 60.3367)
t=7241ms iter=8 incumb=60.3367 ratchet=60.4418 best=60.3367 since_improve=3
t=7250ms iter=9 WAIST cost=55.0000 best_alt=49.0000 gap=6.0000 tried=5 sep_labels=49 clique_frac=0.01
t=7393ms iter=9 REBUILD reject new_tc=81.0000 (was 60.3367)
t=7720ms iter=9 incumb=60.3367 ratchet=60.3277 best=60.3255 since_improve=0
t=7728ms iter=10 WAIST cost=56.0000 best_alt=51.0000 gap=5.0000 tried=5 sep_labels=51 clique_frac=0.01
t=7902ms iter=10 REBUILD reject new_tc=60.4342 (was 60.3277)
t=8064ms iter=10 incumb=60.3277 ratchet=60.3674 best=60.3255 since_improve=1
t=8072ms iter=11 WAIST cost=56.0000 best_alt=51.0000 gap=5.0000 tried=5 sep_labels=51 clique_frac=0.01
t=8244ms iter=11 REBUILD reject new_tc=65.8499 (was 60.3277)
t=8403ms iter=11 incumb=60.3277 ratchet=60.3362 best=60.3255 since_improve=2
t=8412ms iter=12 WAIST cost=56.0000 best_alt=51.0000 gap=5.0000 tried=5 sep_labels=51 clique_frac=0.01
t=8588ms iter=12 REBUILD reject new_tc=61.0048 (was 60.3277)
t=8740ms iter=12 incumb=60.3277 ratchet=60.3782 best=60.3255 since_improve=3
t=8750ms iter=13 WAIST cost=56.0000 best_alt=51.0000 gap=5.0000 tried=5 sep_labels=51 clique_frac=0.01
t=8925ms iter=13 REBUILD reject new_tc=61.1783 (was 60.3277)
t=9085ms iter=13 incumb=60.3277 ratchet=60.3445 best=60.3255 since_improve=4
t=9093ms iter=14 WAIST cost=56.0000 best_alt=51.0000 gap=5.0000 tried=5 sep_labels=51 clique_frac=0.01
t=9271ms iter=14 REBUILD reject new_tc=60.9669 (was 60.3277)
t=9430ms iter=14 incumb=60.3277 ratchet=60.4636 best=60.3255 since_improve=5
t=9438ms iter=15 WAIST cost=56.0000 best_alt=50.0000 gap=6.0000 tried=5 sep_labels=50 clique_frac=0.01
t=9600ms iter=15 REBUILD reject new_tc=72.0004 (was 60.3277)
t=9756ms iter=15 incumb=60.3277 ratchet=60.4133 best=60.3255 since_improve=6
t=9763ms iter=16 WAIST cost=56.0000 best_alt=51.0000 gap=5.0000 tried=5 sep_labels=51 clique_frac=0.01
t=9935ms iter=16 REBUILD reject new_tc=62.6196 (was 60.3277)
t=10096ms iter=16 incumb=60.3277 ratchet=60.3503 best=60.3255 since_improve=7
t=10104ms iter=17 WAIST cost=56.0000 best_alt=51.0000 gap=5.0000 tried=5 sep_labels=51 clique_frac=0.01
t=10275ms iter=17 REBUILD reject new_tc=61.0617 (was 60.3277)
t=10428ms iter=17 incumb=60.3277 ratchet=60.3589 best=60.3255 since_improve=8
t=10436ms iter=18 WAIST cost=56.0000 best_alt=51.0000 gap=5.0000 tried=5 sep_labels=51 clique_frac=0.01
t=10614ms iter=18 REBUILD reject new_tc=60.8224 (was 60.3277)
t=10769ms iter=18 incumb=60.3277 ratchet=60.4988 best=60.3255 since_improve=9
t=10778ms iter=19 WAIST cost=56.0000 best_alt=51.0000 gap=5.0000 tried=5 sep_labels=51 clique_frac=0.01
t=10949ms iter=19 REBUILD reject new_tc=61.6664 (was 60.3277)
t=11105ms iter=19 incumb=60.3277 ratchet=60.3947 best=60.3255 since_improve=10
t=11115ms iter=20 WAIST cost=56.0000 best_alt=51.0000 gap=5.0000 tried=5 sep_labels=51 clique_frac=0.01
t=11284ms iter=20 REBUILD reject new_tc=60.5808 (was 60.3277)
t=11446ms iter=20 incumb=60.3277 ratchet=60.3611 best=60.3255 since_improve=11
t=11455ms iter=21 WAIST cost=56.0000 best_alt=51.0000 gap=5.0000 tried=5 sep_labels=51 clique_frac=0.01
t=11630ms iter=21 REBUILD reject new_tc=60.9758 (was 60.3277)
t=11784ms iter=21 incumb=60.3277 ratchet=60.3982 best=60.3255 since_improve=12
t=11791ms iter=22 WAIST cost=56.0000 best_alt=51.0000 gap=5.0000 tried=5 sep_labels=51 clique_frac=0.01
t=11971ms iter=22 REBUILD reject new_tc=60.7953 (was 60.3277)
t=12135ms iter=22 incumb=60.3277 ratchet=60.3375 best=60.3255 since_improve=13
t=12145ms iter=23 WAIST cost=56.0000 best_alt=50.0000 gap=6.0000 tried=5 sep_labels=50 clique_frac=0.01
t=12319ms iter=23 REBUILD reject new_tc=60.6862 (was 60.3277)
t=12477ms iter=23 incumb=60.3277 ratchet=60.4077 best=60.3255 since_improve=14
t=12486ms iter=24 WAIST cost=56.0000 best_alt=50.0000 gap=6.0000 tried=5 sep_labels=50 clique_frac=0.01
t=12641ms iter=24 REBUILD reject new_tc=61.2100 (was 60.3277)
t=12800ms iter=24 incumb=60.3277 ratchet=60.3865 best=60.3255 since_improve=15
t=12809ms iter=25 WAIST cost=56.0000 best_alt=51.0000 gap=5.0000 tried=5 sep_labels=51 clique_frac=0.01
t=12992ms iter=25 REBUILD reject new_tc=60.3896 (was 60.3277)
t=13146ms iter=25 incumb=60.3277 ratchet=60.3906 best=60.3255 since_improve=16
t=13155ms iter=26 WAIST cost=56.0000 best_alt=51.0000 gap=5.0000 tried=5 sep_labels=51 clique_frac=0.01
t=13321ms iter=26 REBUILD reject new_tc=73.0002 (was 60.3277)
t=13481ms iter=26 incumb=60.3277 ratchet=60.3986 best=60.3255 since_improve=17
t=13491ms iter=27 WAIST cost=56.0000 best_alt=51.0000 gap=5.0000 tried=5 sep_labels=51 clique_frac=0.01
t=13666ms iter=27 REBUILD reject new_tc=67.2976 (was 60.3277)
t=13828ms iter=27 incumb=60.3277 ratchet=60.3452 best=60.3255 since_improve=18
t=13837ms iter=28 WAIST cost=56.0000 best_alt=51.0000 gap=5.0000 tried=5 sep_labels=51 clique_frac=0.01
t=14011ms iter=28 REBUILD reject new_tc=60.6181 (was 60.3277)
t=14172ms iter=28 incumb=60.3277 ratchet=60.3658 best=60.3255 since_improve=19
t=14181ms iter=29 WAIST cost=56.0000 best_alt=51.0000 gap=5.0000 tried=5 sep_labels=51 clique_frac=0.01
t=14356ms iter=29 REBUILD reject new_tc=60.4129 (was 60.3277)
t=14516ms iter=29 incumb=60.3277 ratchet=60.3382 best=60.3255 since_improve=20
t=14523ms iter=30 WAIST cost=56.0000 best_alt=51.0000 gap=5.0000 tried=5 sep_labels=51 clique_frac=0.01
t=14693ms iter=30 REBUILD reject new_tc=64.0823 (was 60.3277)
t=15537ms iter=30 incumb=60.3277 ratchet=60.2928 best=60.2928 since_improve=0
t=15545ms iter=31 WAIST cost=56.0000 best_alt=49.0000 gap=7.0000 tried=5 sep_labels=49 clique_frac=0.01
t=15699ms iter=31 REBUILD reject new_tc=61.3747 (was 60.2928)
t=15857ms iter=31 incumb=60.2928 ratchet=60.3832 best=60.2928 since_improve=1
t=15865ms iter=32 WAIST cost=56.0000 best_alt=49.0000 gap=7.0000 tried=5 sep_labels=49 clique_frac=0.01
t=16021ms iter=32 REBUILD reject new_tc=61.3053 (was 60.2928)
t=16179ms iter=32 incumb=60.2928 ratchet=60.3442 best=60.2928 since_improve=2
t=16189ms iter=33 WAIST cost=56.0000 best_alt=49.0000 gap=7.0000 tried=5 sep_labels=49 clique_frac=0.01
t=16343ms iter=33 REBUILD reject new_tc=61.6626 (was 60.2928)
t=16499ms iter=33 incumb=60.2928 ratchet=60.3772 best=60.2928 since_improve=3
t=16507ms iter=34 WAIST cost=56.0000 best_alt=49.0000 gap=7.0000 tried=5 sep_labels=49 clique_frac=0.01
t=16658ms iter=34 REBUILD reject new_tc=60.8438 (was 60.2928)
t=16815ms iter=34 incumb=60.2928 ratchet=60.3666 best=60.2928 since_improve=4
t=16825ms iter=35 WAIST cost=56.0000 best_alt=49.0000 gap=7.0000 tried=5 sep_labels=49 clique_frac=0.01
t=16980ms iter=35 REBUILD reject new_tc=64.0402 (was 60.2928)
t=17133ms iter=35 incumb=60.2928 ratchet=60.4064 best=60.2928 since_improve=5
t=17141ms iter=36 WAIST cost=56.0000 best_alt=49.0000 gap=7.0000 tried=5 sep_labels=49 clique_frac=0.01
t=17297ms iter=36 REBUILD reject new_tc=60.8825 (was 60.2928)
t=17459ms iter=36 incumb=60.2928 ratchet=60.3725 best=60.2928 since_improve=6
t=17468ms iter=37 WAIST cost=56.0000 best_alt=49.0000 gap=7.0000 tried=5 sep_labels=49 clique_frac=0.01
t=17616ms iter=37 REBUILD reject new_tc=65.8454 (was 60.2928)
t=17773ms iter=37 incumb=60.2928 ratchet=60.3408 best=60.2928 since_improve=7
t=17781ms iter=38 WAIST cost=56.0000 best_alt=49.0000 gap=7.0000 tried=5 sep_labels=49 clique_frac=0.01
t=17933ms iter=38 REBUILD reject new_tc=60.6588 (was 60.2928)
t=18090ms iter=38 incumb=60.2928 ratchet=60.4169 best=60.2928 since_improve=8
t=18099ms iter=39 WAIST cost=56.0000 best_alt=49.0000 gap=7.0000 tried=5 sep_labels=49 clique_frac=0.01
t=18258ms iter=39 REBUILD reject new_tc=60.9212 (was 60.2928)
t=18417ms iter=39 incumb=60.2928 ratchet=60.3404 best=60.2928 since_improve=9
t=18426ms iter=40 WAIST cost=56.0000 best_alt=49.0000 gap=7.0000 tried=5 sep_labels=49 clique_frac=0.01
t=18580ms iter=40 REBUILD reject new_tc=66.7483 (was 60.2928)
t=18745ms iter=40 incumb=60.2928 ratchet=60.3342 best=60.2928 since_improve=10
t=18755ms iter=41 WAIST cost=56.0000 best_alt=49.0000 gap=7.0000 tried=5 sep_labels=49 clique_frac=0.01
t=18907ms iter=41 REBUILD reject new_tc=60.4111 (was 60.2928)
t=19064ms iter=41 incumb=60.2928 ratchet=60.3624 best=60.2928 since_improve=11
t=19076ms iter=42 WAIST cost=56.0000 best_alt=49.0000 gap=7.0000 tried=5 sep_labels=49 clique_frac=0.01
t=19233ms iter=42 REBUILD reject new_tc=61.4458 (was 60.2928)
t=19390ms iter=42 incumb=60.2928 ratchet=60.3923 best=60.2928 since_improve=12
t=19400ms iter=43 WAIST cost=56.0000 best_alt=49.0000 gap=7.0000 tried=5 sep_labels=49 clique_frac=0.01
t=19553ms iter=43 REBUILD reject new_tc=61.0653 (was 60.2928)
t=19709ms iter=43 incumb=60.2928 ratchet=60.4132 best=60.2928 since_improve=13
t=19718ms iter=44 WAIST cost=56.0000 best_alt=49.0000 gap=7.0000 tried=5 sep_labels=49 clique_frac=0.01
t=19872ms iter=44 REBUILD reject new_tc=61.3195 (was 60.2928)
t=20029ms iter=44 incumb=60.2928 ratchet=60.3966 best=60.2928 since_improve=14
t=20038ms iter=45 WAIST cost=56.0000 best_alt=49.0000 gap=7.0000 tried=5 sep_labels=49 clique_frac=0.01
t=20191ms iter=45 REBUILD reject new_tc=60.9940 (was 60.2928)
t=20898ms iter=45 incumb=60.2928 ratchet=60.3043 best=60.2859 since_improve=15
t=20912ms iter=46 WAIST cost=56.0000 best_alt=49.0000 gap=7.0000 tried=5 sep_labels=49 clique_frac=0.01
t=21062ms iter=46 REBUILD reject new_tc=67.3345 (was 60.2928)
t=21217ms iter=46 incumb=60.2928 ratchet=60.4861 best=60.2859 since_improve=16
t=21225ms iter=47 WAIST cost=56.0000 best_alt=49.0000 gap=7.0000 tried=5 sep_labels=49 clique_frac=0.01
t=21372ms iter=47 REBUILD reject new_tc=61.3717 (was 60.2928)
t=21529ms iter=47 incumb=60.2928 ratchet=60.3370 best=60.2859 since_improve=17
t=21539ms iter=48 WAIST cost=56.0000 best_alt=49.0000 gap=7.0000 tried=5 sep_labels=49 clique_frac=0.01
t=21696ms iter=48 REBUILD reject new_tc=61.5290 (was 60.2928)
t=21855ms iter=48 incumb=60.2928 ratchet=60.3778 best=60.2859 since_improve=18
t=21864ms iter=49 WAIST cost=56.0000 best_alt=49.0000 gap=7.0000 tried=5 sep_labels=49 clique_frac=0.01
t=22006ms iter=49 REBUILD reject new_tc=72.0178 (was 60.2928)
t=22162ms iter=49 incumb=60.2928 ratchet=60.3456 best=60.2859 since_improve=19
t=22172ms iter=50 WAIST cost=56.0000 best_alt=49.0000 gap=7.0000 tried=5 sep_labels=49 clique_frac=0.01
t=22328ms iter=50 REBUILD reject new_tc=61.3235 (was 60.2928)
t=22488ms iter=50 incumb=60.2928 ratchet=60.3404 best=60.2859 since_improve=20
t=22501ms iter=51 WAIST cost=56.0000 best_alt=49.0000 gap=7.0000 tried=5 sep_labels=49 clique_frac=0.01
t=22650ms iter=51 REBUILD reject new_tc=61.5988 (was 60.2928)
t=22807ms iter=51 incumb=60.2928 ratchet=60.3555 best=60.2859 since_improve=21
t=22815ms iter=52 WAIST cost=56.0000 best_alt=49.0000 gap=7.0000 tried=5 sep_labels=49 clique_frac=0.01
t=22969ms iter=52 REBUILD reject new_tc=61.3516 (was 60.2928)
t=23123ms iter=52 incumb=60.2928 ratchet=60.4512 best=60.2859 since_improve=22
t=23133ms iter=53 WAIST cost=56.0000 best_alt=49.0000 gap=7.0000 tried=5 sep_labels=49 clique_frac=0.01
t=23280ms iter=53 REBUILD reject new_tc=66.1325 (was 60.2928)
t=23436ms iter=53 incumb=60.2928 ratchet=60.3614 best=60.2859 since_improve=23
t=23447ms iter=54 WAIST cost=56.0000 best_alt=49.0000 gap=7.0000 tried=5 sep_labels=49 clique_frac=0.01
t=23589ms iter=54 REBUILD reject new_tc=76.0005 (was 60.2928)
t=23746ms iter=54 incumb=60.2928 ratchet=60.3689 best=60.2859 since_improve=24
t=23754ms iter=55 WAIST cost=56.0000 best_alt=49.0000 gap=7.0000 tried=5 sep_labels=49 clique_frac=0.01
t=23907ms iter=55 REBUILD reject new_tc=60.4152 (was 60.2928)
t=24065ms iter=55 incumb=60.2928 ratchet=60.3309 best=60.2859 since_improve=25
t=24075ms iter=56 WAIST cost=56.0000 best_alt=49.0000 gap=7.0000 tried=5 sep_labels=49 clique_frac=0.01
t=24222ms iter=56 REBUILD reject new_tc=66.3593 (was 60.2928)
t=24379ms iter=56 incumb=60.2928 ratchet=60.3542 best=60.2859 since_improve=26
t=24388ms iter=57 WAIST cost=56.0000 best_alt=49.0000 gap=7.0000 tried=5 sep_labels=49 clique_frac=0.01
t=24531ms iter=57 REBUILD reject new_tc=73.0107 (was 60.2928)
t=24691ms iter=57 incumb=60.2928 ratchet=60.3592 best=60.2859 since_improve=27
t=24701ms iter=58 WAIST cost=56.0000 best_alt=49.0000 gap=7.0000 tried=5 sep_labels=49 clique_frac=0.01
t=24851ms iter=58 REBUILD reject new_tc=68.7507 (was 60.2928)
t=25006ms iter=58 incumb=60.2928 ratchet=60.3348 best=60.2859 since_improve=28
t=25017ms iter=59 WAIST cost=56.0000 best_alt=49.0000 gap=7.0000 tried=5 sep_labels=49 clique_frac=0.01
t=25172ms iter=59 REBUILD reject new_tc=60.9748 (was 60.2928)
t=25331ms iter=59 incumb=60.2928 ratchet=60.4052 best=60.2859 since_improve=29
t=25339ms iter=60 WAIST cost=56.0000 best_alt=49.0000 gap=7.0000 tried=5 sep_labels=49 clique_frac=0.01
t=25477ms iter=60 REBUILD reject new_tc=70.1637 (was 60.2928)
t=25634ms iter=60 incumb=60.2928 ratchet=60.3794 best=60.2859 since_improve=30
t=25643ms iter=61 WAIST cost=56.0000 best_alt=49.0000 gap=7.0000 tried=5 sep_labels=49 clique_frac=0.01
t=25802ms iter=61 REBUILD reject new_tc=60.7621 (was 60.2928)
t=25959ms iter=61 incumb=60.2928 ratchet=60.3304 best=60.2859 since_improve=31
t=25968ms iter=62 WAIST cost=56.0000 best_alt=49.0000 gap=7.0000 tried=5 sep_labels=49 clique_frac=0.01
t=26122ms iter=62 REBUILD reject new_tc=61.3844 (was 60.2928)
t=26283ms iter=62 incumb=60.2928 ratchet=60.3404 best=60.2859 since_improve=32
t=26290ms iter=63 WAIST cost=56.0000 best_alt=49.0000 gap=7.0000 tried=5 sep_labels=49 clique_frac=0.01
t=26448ms iter=63 REBUILD reject new_tc=60.6638 (was 60.2928)
t=26609ms iter=63 incumb=60.2928 ratchet=60.3470 best=60.2859 since_improve=33
t=26620ms iter=64 WAIST cost=56.0000 best_alt=49.0000 gap=7.0000 tried=5 sep_labels=49 clique_frac=0.01
t=26775ms iter=64 REBUILD reject new_tc=61.0858 (was 60.2928)
t=26932ms iter=64 incumb=60.2928 ratchet=60.3608 best=60.2859 since_improve=34
t=26941ms iter=65 WAIST cost=56.0000 best_alt=49.0000 gap=7.0000 tried=5 sep_labels=49 clique_frac=0.01
t=27094ms iter=65 REBUILD reject new_tc=61.0837 (was 60.2928)
t=27251ms iter=65 incumb=60.2928 ratchet=60.4033 best=60.2859 since_improve=35
t=27261ms iter=66 WAIST cost=56.0000 best_alt=49.0000 gap=7.0000 tried=5 sep_labels=49 clique_frac=0.01
t=27420ms iter=66 REBUILD reject new_tc=61.1752 (was 60.2928)
t=27578ms iter=66 incumb=60.2928 ratchet=60.3262 best=60.2859 since_improve=36
t=27588ms iter=67 WAIST cost=56.0000 best_alt=49.0000 gap=7.0000 tried=5 sep_labels=49 clique_frac=0.01
t=27741ms iter=67 REBUILD reject new_tc=63.2380 (was 60.2928)
t=27895ms iter=67 incumb=60.2928 ratchet=60.4162 best=60.2859 since_improve=37
t=27904ms iter=68 WAIST cost=56.0000 best_alt=49.0000 gap=7.0000 tried=5 sep_labels=49 clique_frac=0.01
t=28054ms iter=68 REBUILD reject new_tc=60.9168 (was 60.2928)
t=28213ms iter=68 incumb=60.2928 ratchet=60.3970 best=60.2859 since_improve=38
t=28221ms iter=69 WAIST cost=56.0000 best_alt=49.0000 gap=7.0000 tried=5 sep_labels=49 clique_frac=0.01
t=28373ms iter=69 REBUILD reject new_tc=61.1864 (was 60.2928)
t=28531ms iter=69 incumb=60.2928 ratchet=60.3635 best=60.2859 since_improve=39
t=28543ms iter=70 WAIST cost=56.0000 best_alt=49.0000 gap=7.0000 tried=5 sep_labels=49 clique_frac=0.01
t=28692ms iter=70 REBUILD reject new_tc=61.2696 (was 60.2928)
t=28849ms iter=70 incumb=60.2928 ratchet=60.4361 best=60.2859 since_improve=40
t=28858ms iter=71 WAIST cost=56.0000 best_alt=49.0000 gap=7.0000 tried=5 sep_labels=49 clique_frac=0.01
t=29001ms iter=71 REBUILD reject new_tc=61.9659 (was 60.2928)
t=29160ms iter=71 incumb=60.2928 ratchet=60.3064 best=60.2859 since_improve=41
t=29170ms iter=72 WAIST cost=56.0000 best_alt=49.0000 gap=7.0000 tried=5 sep_labels=49 clique_frac=0.01
t=29328ms iter=72 REBUILD reject new_tc=60.9338 (was 60.2928)
t=29489ms iter=72 incumb=60.2928 ratchet=60.3823 best=60.2859 since_improve=42
t=29497ms iter=73 WAIST cost=56.0000 best_alt=49.0000 gap=7.0000 tried=5 sep_labels=49 clique_frac=0.01
t=29652ms iter=73 REBUILD reject new_tc=60.6684 (was 60.2928)
t=29809ms iter=73 incumb=60.2928 ratchet=60.3359 best=60.2859 since_improve=43
t=29820ms iter=74 WAIST cost=56.0000 best_alt=49.0000 gap=7.0000 tried=5 sep_labels=49 clique_frac=0.01
t=29975ms iter=74 REBUILD reject new_tc=60.8941 (was 60.2928)
t=30139ms iter=74 incumb=60.2928 ratchet=60.3679 best=60.2859 since_improve=44
t=30148ms iter=75 WAIST cost=56.0000 best_alt=49.0000 gap=7.0000 tried=5 sep_labels=49 clique_frac=0.01
t=30300ms iter=75 REBUILD reject new_tc=60.8220 (was 60.2928)
t=30457ms iter=75 incumb=60.2928 ratchet=60.4009 best=60.2859 since_improve=45
t=30466ms iter=76 WAIST cost=56.0000 best_alt=49.0000 gap=7.0000 tried=5 sep_labels=49 clique_frac=0.01
t=30623ms iter=76 REBUILD reject new_tc=60.9205 (was 60.2928)
t=30778ms iter=76 incumb=60.2928 ratchet=60.4579 best=60.2859 since_improve=46
t=30789ms iter=77 WAIST cost=56.0000 best_alt=49.0000 gap=7.0000 tried=5 sep_labels=49 clique_frac=0.01
t=30945ms iter=77 REBUILD reject new_tc=60.8155 (was 60.2928)
t=31105ms iter=77 incumb=60.2928 ratchet=60.3523 best=60.2859 since_improve=47
t=31116ms iter=78 WAIST cost=56.0000 best_alt=49.0000 gap=7.0000 tried=5 sep_labels=49 clique_frac=0.01
t=31270ms iter=78 REBUILD reject new_tc=61.3899 (was 60.2928)
t=31450ms iter=78 incumb=60.2928 ratchet=60.3602 best=60.2859 since_improve=48
t=31461ms iter=79 WAIST cost=56.0000 best_alt=49.0000 gap=7.0000 tried=5 sep_labels=49 clique_frac=0.01
t=31614ms iter=79 REBUILD reject new_tc=60.8094 (was 60.2928)
t=31767ms iter=79 incumb=60.2928 ratchet=60.3462 best=60.2859 since_improve=49
t=31775ms iter=80 WAIST cost=56.0000 best_alt=49.0000 gap=7.0000 tried=5 sep_labels=49 clique_frac=0.01
t=31913ms iter=80 REBUILD reject new_tc=75.0026 (was 60.2928)
t=32126ms iter=80 incumb=60.2928 ratchet=60.3799 best=60.2859 since_improve=50
t=32136ms iter=81 WAIST cost=56.0000 best_alt=49.0000 gap=7.0000 tried=5 sep_labels=49 clique_frac=0.01
t=32293ms iter=81 REBUILD reject new_tc=61.2711 (was 60.2928)
t=32448ms iter=81 incumb=60.2928 ratchet=60.3641 best=60.2859 since_improve=51
t=32457ms iter=82 WAIST cost=56.0000 best_alt=49.0000 gap=7.0000 tried=5 sep_labels=49 clique_frac=0.01
t=32608ms iter=82 REBUILD reject new_tc=66.1398 (was 60.2928)
t=32761ms iter=82 incumb=60.2928 ratchet=60.2868 best=60.2859 since_improve=0
t=32770ms iter=83 WAIST cost=56.0000 best_alt=50.0000 gap=6.0000 tried=5 sep_labels=50 clique_frac=0.01
t=32912ms iter=83 REBUILD reject new_tc=61.4652 (was 60.2868)
t=33070ms iter=83 incumb=60.2868 ratchet=60.3258 best=60.2859 since_improve=1
t=33080ms iter=84 WAIST cost=56.0000 best_alt=51.0000 gap=5.0000 tried=5 sep_labels=51 clique_frac=0.01
t=33261ms iter=84 REBUILD reject new_tc=60.8892 (was 60.2868)
t=33421ms iter=84 incumb=60.2868 ratchet=60.4895 best=60.2859 since_improve=2
t=33429ms iter=85 WAIST cost=56.0000 best_alt=51.0000 gap=5.0000 tried=5 sep_labels=51 clique_frac=0.01
t=33604ms iter=85 REBUILD reject new_tc=60.6284 (was 60.2868)
t=33761ms iter=85 incumb=60.2868 ratchet=60.3954 best=60.2859 since_improve=3
t=33771ms iter=86 WAIST cost=56.0000 best_alt=51.0000 gap=5.0000 tried=5 sep_labels=51 clique_frac=0.01
t=33950ms iter=86 REBUILD reject new_tc=60.7353 (was 60.2868)
t=34104ms iter=86 incumb=60.2868 ratchet=60.4229 best=60.2859 since_improve=4
t=34114ms iter=87 WAIST cost=56.0000 best_alt=51.0000 gap=5.0000 tried=5 sep_labels=51 clique_frac=0.01
t=34293ms iter=87 REBUILD reject new_tc=61.0090 (was 60.2868)
t=34450ms iter=87 incumb=60.2868 ratchet=60.3510 best=60.2859 since_improve=5
t=34458ms iter=88 WAIST cost=56.0000 best_alt=51.0000 gap=5.0000 tried=5 sep_labels=51 clique_frac=0.01
t=34632ms iter=88 REBUILD reject new_tc=60.9673 (was 60.2868)
t=34789ms iter=88 incumb=60.2868 ratchet=60.3177 best=60.2859 since_improve=6
t=34798ms iter=89 WAIST cost=56.0000 best_alt=51.0000 gap=5.0000 tried=5 sep_labels=51 clique_frac=0.01
t=34973ms iter=89 REBUILD reject new_tc=63.5043 (was 60.2868)
t=35133ms iter=89 incumb=60.2868 ratchet=60.3522 best=60.2859 since_improve=7
t=35143ms iter=90 WAIST cost=56.0000 best_alt=51.0000 gap=5.0000 tried=5 sep_labels=51 clique_frac=0.01
t=35314ms iter=90 REBUILD reject new_tc=60.6181 (was 60.2868)
t=35470ms iter=90 incumb=60.2868 ratchet=60.3566 best=60.2859 since_improve=8
t=35477ms iter=91 WAIST cost=56.0000 best_alt=51.0000 gap=5.0000 tried=5 sep_labels=51 clique_frac=0.01
t=35655ms iter=91 REBUILD reject new_tc=60.6879 (was 60.2868)
t=35812ms iter=91 incumb=60.2868 ratchet=60.4110 best=60.2859 since_improve=9
t=35821ms iter=92 WAIST cost=56.0000 best_alt=51.0000 gap=5.0000 tried=5 sep_labels=51 clique_frac=0.01
t=35998ms iter=92 REBUILD reject new_tc=60.8483 (was 60.2868)
t=36158ms iter=92 incumb=60.2868 ratchet=60.5382 best=60.2859 since_improve=10
t=36166ms iter=93 WAIST cost=56.0000 best_alt=51.0000 gap=5.0000 tried=5 sep_labels=51 clique_frac=0.01
t=36331ms iter=93 REBUILD reject new_tc=75.0001 (was 60.2868)
t=36495ms iter=93 incumb=60.2868 ratchet=60.3343 best=60.2859 since_improve=11
t=36504ms iter=94 WAIST cost=56.0000 best_alt=51.0000 gap=5.0000 tried=5 sep_labels=51 clique_frac=0.01
t=36683ms iter=94 REBUILD reject new_tc=60.9018 (was 60.2868)
t=36838ms iter=94 incumb=60.2868 ratchet=60.4342 best=60.2859 since_improve=12
t=36848ms iter=95 WAIST cost=56.0000 best_alt=51.0000 gap=5.0000 tried=5 sep_labels=51 clique_frac=0.01
t=37027ms iter=95 REBUILD reject new_tc=60.9082 (was 60.2868)
t=37188ms iter=95 incumb=60.2868 ratchet=60.3772 best=60.2859 since_improve=13
t=37196ms iter=96 WAIST cost=56.0000 best_alt=51.0000 gap=5.0000 tried=5 sep_labels=51 clique_frac=0.01
t=37362ms iter=96 REBUILD reject new_tc=72.0006 (was 60.2868)
t=37523ms iter=96 incumb=60.2868 ratchet=60.4122 best=60.2859 since_improve=14
t=37533ms iter=97 WAIST cost=56.0000 best_alt=51.0000 gap=5.0000 tried=5 sep_labels=51 clique_frac=0.01
t=37704ms iter=97 REBUILD reject new_tc=65.0804 (was 60.2868)
t=37858ms iter=97 incumb=60.2868 ratchet=60.3816 best=60.2859 since_improve=15
t=37867ms iter=98 WAIST cost=56.0000 best_alt=51.0000 gap=5.0000 tried=5 sep_labels=51 clique_frac=0.01
t=38043ms iter=98 REBUILD reject new_tc=60.3318 (was 60.2868)
t=38194ms iter=98 incumb=60.2868 ratchet=60.3310 best=60.2859 since_improve=16
t=38203ms iter=99 WAIST cost=56.0000 best_alt=51.0000 gap=5.0000 tried=5 sep_labels=51 clique_frac=0.01
t=38358ms iter=99 REBUILD reject new_tc=76.0001 (was 60.2868)
t=38524ms iter=99 incumb=60.2868 ratchet=60.3377 best=60.2859 since_improve=17
t=38532ms iter=100 WAIST cost=56.0000 best_alt=51.0000 gap=5.0000 tried=5 sep_labels=51 clique_frac=0.01
t=38707ms iter=100 REBUILD reject new_tc=60.9963 (was 60.2868)
t=38864ms iter=100 incumb=60.2868 ratchet=60.3800 best=60.2859 since_improve=18
t=38876ms iter=101 WAIST cost=56.0000 best_alt=51.0000 gap=5.0000 tried=5 sep_labels=51 clique_frac=0.01
t=39054ms iter=101 REBUILD reject new_tc=60.9033 (was 60.2868)
t=39207ms iter=101 incumb=60.2868 ratchet=60.3930 best=60.2859 since_improve=19
t=39217ms iter=102 WAIST cost=56.0000 best_alt=51.0000 gap=5.0000 tried=5 sep_labels=51 clique_frac=0.01
t=39388ms iter=102 REBUILD reject new_tc=60.7002 (was 60.2868)
t=39544ms iter=102 incumb=60.2868 ratchet=60.3476 best=60.2859 since_improve=20
t=39554ms iter=103 WAIST cost=56.0000 best_alt=51.0000 gap=5.0000 tried=5 sep_labels=51 clique_frac=0.01
t=39730ms iter=103 REBUILD reject new_tc=60.6800 (was 60.2868)
t=39887ms iter=103 incumb=60.2868 ratchet=60.4110 best=60.2859 since_improve=21
t=39896ms iter=104 WAIST cost=56.0000 best_alt=51.0000 gap=5.0000 tried=5 sep_labels=51 clique_frac=0.01
t=40073ms iter=104 REBUILD reject new_tc=63.5758 (was 60.2868)
t=40221ms iter=104 incumb=60.2868 ratchet=60.4633 best=60.2859 since_improve=22
t=40231ms iter=105 WAIST cost=56.0000 best_alt=51.0000 gap=5.0000 tried=5 sep_labels=51 clique_frac=0.01
t=40404ms iter=105 REBUILD reject new_tc=62.2621 (was 60.2868)
t=40558ms iter=105 incumb=60.2868 ratchet=60.3497 best=60.2859 since_improve=23
t=40567ms iter=106 WAIST cost=56.0000 best_alt=51.0000 gap=5.0000 tried=5 sep_labels=51 clique_frac=0.01
t=40743ms iter=106 REBUILD reject new_tc=61.9026 (was 60.2868)
t=40900ms iter=106 incumb=60.2868 ratchet=60.3236 best=60.2859 since_improve=24
t=40910ms iter=107 WAIST cost=56.0000 best_alt=51.0000 gap=5.0000 tried=5 sep_labels=51 clique_frac=0.01
t=41087ms iter=107 REBUILD reject new_tc=61.3920 (was 60.2868)
t=41244ms iter=107 incumb=60.2868 ratchet=60.3463 best=60.2859 since_improve=25
t=41252ms iter=108 WAIST cost=56.0000 best_alt=51.0000 gap=5.0000 tried=5 sep_labels=51 clique_frac=0.01
t=41425ms iter=108 REBUILD reject new_tc=60.3277 (was 60.2868)
t=41583ms iter=108 incumb=60.2868 ratchet=60.3681 best=60.2859 since_improve=26
t=41593ms iter=109 WAIST cost=56.0000 best_alt=51.0000 gap=5.0000 tried=5 sep_labels=51 clique_frac=0.01
t=41773ms iter=109 REBUILD reject new_tc=63.5594 (was 60.2868)
t=41933ms iter=109 incumb=60.2868 ratchet=60.4007 best=60.2859 since_improve=27
t=41942ms iter=110 WAIST cost=56.0000 best_alt=51.0000 gap=5.0000 tried=5 sep_labels=51 clique_frac=0.01
t=42116ms iter=110 REBUILD reject new_tc=60.7467 (was 60.2868)
t=42278ms iter=110 incumb=60.2868 ratchet=60.3569 best=60.2859 since_improve=28
t=42287ms iter=111 WAIST cost=56.0000 best_alt=51.0000 gap=5.0000 tried=5 sep_labels=51 clique_frac=0.01
t=42456ms iter=111 REBUILD reject new_tc=65.2219 (was 60.2868)
t=42608ms iter=111 incumb=60.2868 ratchet=60.3873 best=60.2859 since_improve=29
t=42618ms iter=112 WAIST cost=56.0000 best_alt=51.0000 gap=5.0000 tried=5 sep_labels=51 clique_frac=0.01
t=42976ms iter=112 REBUILD ACCEPT new_tc=60.2532 (was 60.2868)
t=44952ms iter=112 incumb=60.2532 ratchet=60.1003 best=60.0469 since_improve=0
t=44961ms iter=113 WAIST cost=57.0000 best_alt=52.0000 gap=5.0000 tried=5 sep_labels=52 clique_frac=0.01
t=45131ms iter=113 REBUILD reject new_tc=60.2490 (was 60.1003)
t=46148ms iter=113 incumb=60.1003 ratchet=59.9973 best=59.9852 since_improve=0
t=46156ms iter=114 WAIST cost=57.0000 best_alt=52.0000 gap=5.0000 tried=5 sep_labels=52 clique_frac=0.01
t=46334ms iter=114 REBUILD reject new_tc=60.5146 (was 59.9973)
t=47173ms iter=114 incumb=59.9973 ratchet=59.9795 best=59.9795 since_improve=0
t=47185ms iter=115 WAIST cost=57.0000 best_alt=52.0000 gap=5.0000 tried=5 sep_labels=52 clique_frac=0.01
t=47356ms iter=115 REBUILD reject new_tc=60.4318 (was 59.9795)
t=48011ms iter=115 incumb=59.9795 ratchet=59.9411 best=59.9411 since_improve=0
t=48022ms iter=116 WAIST cost=56.0000 best_alt=52.0000 gap=4.0000 tried=5 sep_labels=52 clique_frac=0.01
t=48201ms iter=116 REBUILD reject new_tc=60.6463 (was 59.9411)
t=48359ms iter=116 incumb=59.9411 ratchet=59.9792 best=59.9411 since_improve=1
t=48366ms iter=117 WAIST cost=56.0000 best_alt=52.0000 gap=4.0000 tried=5 sep_labels=52 clique_frac=0.01
t=48536ms iter=117 REBUILD reject new_tc=61.6546 (was 59.9411)
t=48693ms iter=117 incumb=59.9411 ratchet=59.9568 best=59.9411 since_improve=2
t=48701ms iter=118 WAIST cost=56.0000 best_alt=51.0000 gap=5.0000 tried=5 sep_labels=51 clique_frac=0.01
t=48856ms iter=118 REBUILD reject new_tc=61.4107 (was 59.9411)
t=49011ms iter=118 incumb=59.9411 ratchet=60.0275 best=59.9411 since_improve=3
t=49019ms iter=119 WAIST cost=56.0000 best_alt=52.0000 gap=4.0000 tried=5 sep_labels=52 clique_frac=0.01
t=49190ms iter=119 REBUILD reject new_tc=62.0823 (was 59.9411)
t=50373ms iter=119 incumb=59.9411 ratchet=59.9024 best=59.9024 since_improve=0
t=50383ms iter=120 WAIST cost=56.0000 best_alt=52.0000 gap=4.0000 tried=5 sep_labels=52 clique_frac=0.01
t=50544ms iter=120 REBUILD reject new_tc=68.0120 (was 59.9024)
t=50699ms iter=120 incumb=59.9024 ratchet=59.9089 best=59.9024 since_improve=1
t=50707ms iter=121 WAIST cost=56.0000 best_alt=49.0000 gap=7.0000 tried=5 sep_labels=49 clique_frac=0.01
t=50864ms iter=121 REBUILD reject new_tc=68.7245 (was 59.9024)
t=51021ms iter=121 incumb=59.9024 ratchet=59.9788 best=59.9024 since_improve=2
t=51028ms iter=122 WAIST cost=56.0000 best_alt=52.0000 gap=4.0000 tried=5 sep_labels=52 clique_frac=0.01
t=51200ms iter=122 REBUILD reject new_tc=61.3887 (was 59.9024)
t=51357ms iter=122 incumb=59.9024 ratchet=59.9539 best=59.9024 since_improve=3
t=51367ms iter=123 WAIST cost=56.0000 best_alt=51.0000 gap=5.0000 tried=5 sep_labels=51 clique_frac=0.01
t=51524ms iter=123 REBUILD reject new_tc=61.4771 (was 59.9024)
t=51688ms iter=123 incumb=59.9024 ratchet=60.0404 best=59.9024 since_improve=4
t=51695ms iter=124 WAIST cost=56.0000 best_alt=52.0000 gap=4.0000 tried=5 sep_labels=52 clique_frac=0.01
t=51866ms iter=124 REBUILD reject new_tc=61.3364 (was 59.9024)
t=52025ms iter=124 incumb=59.9024 ratchet=59.9682 best=59.9024 since_improve=5
t=52032ms iter=125 WAIST cost=56.0000 best_alt=51.0000 gap=5.0000 tried=5 sep_labels=51 clique_frac=0.01
t=52195ms iter=125 REBUILD reject new_tc=61.8914 (was 59.9024)
t=52357ms iter=125 incumb=59.9024 ratchet=59.9690 best=59.9024 since_improve=6
t=52364ms iter=126 WAIST cost=56.0000 best_alt=52.0000 gap=4.0000 tried=5 sep_labels=52 clique_frac=0.01
t=52534ms iter=126 REBUILD reject new_tc=61.3474 (was 59.9024)
t=52693ms iter=126 incumb=59.9024 ratchet=59.9091 best=59.9024 since_improve=7
t=52700ms iter=127 WAIST cost=56.0000 best_alt=51.0000 gap=5.0000 tried=5 sep_labels=51 clique_frac=0.01
t=52864ms iter=127 REBUILD reject new_tc=61.6280 (was 59.9024)
t=53017ms iter=127 incumb=59.9024 ratchet=60.0859 best=59.9024 since_improve=8
t=53026ms iter=128 WAIST cost=56.0000 best_alt=51.0000 gap=5.0000 tried=5 sep_labels=51 clique_frac=0.01
t=53188ms iter=128 REBUILD reject new_tc=61.4996 (was 59.9024)
t=53352ms iter=128 incumb=59.9024 ratchet=60.0127 best=59.9024 since_improve=9
t=53360ms iter=129 WAIST cost=56.0000 best_alt=51.0000 gap=5.0000 tried=5 sep_labels=51 clique_frac=0.01
t=53516ms iter=129 REBUILD reject new_tc=61.7571 (was 59.9024)
t=53674ms iter=129 incumb=59.9024 ratchet=60.0370 best=59.9024 since_improve=10
t=53683ms iter=130 WAIST cost=56.0000 best_alt=52.0000 gap=4.0000 tried=5 sep_labels=52 clique_frac=0.01
t=53854ms iter=130 REBUILD reject new_tc=68.5932 (was 59.9024)
t=54014ms iter=130 incumb=59.9024 ratchet=59.9693 best=59.9024 since_improve=11
t=54023ms iter=131 WAIST cost=56.0000 best_alt=52.0000 gap=4.0000 tried=5 sep_labels=52 clique_frac=0.01
t=54190ms iter=131 REBUILD reject new_tc=61.3454 (was 59.9024)
t=54342ms iter=131 incumb=59.9024 ratchet=60.0344 best=59.9024 since_improve=12
t=54350ms iter=132 WAIST cost=56.0000 best_alt=51.0000 gap=5.0000 tried=5 sep_labels=51 clique_frac=0.01
t=54510ms iter=132 REBUILD reject new_tc=61.2971 (was 59.9024)
t=55215ms iter=132 incumb=59.9024 ratchet=59.8951 best=59.8951 since_improve=0
t=55222ms iter=133 WAIST cost=56.0000 best_alt=51.0000 gap=5.0000 tried=5 sep_labels=51 clique_frac=0.01
t=55405ms iter=133 REBUILD reject new_tc=60.6651 (was 59.8951)
t=55561ms iter=133 incumb=59.8951 ratchet=60.0834 best=59.8951 since_improve=1
t=55568ms iter=134 WAIST cost=56.0000 best_alt=51.0000 gap=5.0000 tried=5 sep_labels=51 clique_frac=0.01
t=55739ms iter=134 REBUILD reject new_tc=65.0604 (was 59.8951)
t=55900ms iter=134 incumb=59.8951 ratchet=60.0034 best=59.8951 since_improve=2
t=55909ms iter=135 WAIST cost=56.0000 best_alt=51.0000 gap=5.0000 tried=5 sep_labels=51 clique_frac=0.01
t=56076ms iter=135 REBUILD reject new_tc=77.0000 (was 59.8951)
t=56233ms iter=135 incumb=59.8951 ratchet=60.0734 best=59.8951 since_improve=3
t=56243ms iter=136 WAIST cost=56.0000 best_alt=50.0000 gap=6.0000 tried=5 sep_labels=50 clique_frac=0.01
t=56390ms iter=136 REBUILD reject new_tc=67.0200 (was 59.8951)
t=56550ms iter=136 incumb=59.8951 ratchet=60.2257 best=59.8951 since_improve=4
t=56558ms iter=137 WAIST cost=56.0000 best_alt=51.0000 gap=5.0000 tried=5 sep_labels=51 clique_frac=0.01
t=56726ms iter=137 REBUILD reject new_tc=62.6714 (was 59.8951)
t=56888ms iter=137 incumb=59.8951 ratchet=59.9384 best=59.8951 since_improve=5
t=56898ms iter=138 WAIST cost=56.0000 best_alt=51.0000 gap=5.0000 tried=5 sep_labels=51 clique_frac=0.01
t=57062ms iter=138 REBUILD reject new_tc=62.2649 (was 59.8951)
t=57219ms iter=138 incumb=59.8951 ratchet=60.0697 best=59.8951 since_improve=6
t=57227ms iter=139 WAIST cost=56.0000 best_alt=51.0000 gap=5.0000 tried=5 sep_labels=51 clique_frac=0.01
t=57398ms iter=139 REBUILD reject new_tc=65.2070 (was 59.8951)
t=57557ms iter=139 incumb=59.8951 ratchet=60.0242 best=59.8951 since_improve=7
t=57568ms iter=140 WAIST cost=56.0000 best_alt=51.0000 gap=5.0000 tried=5 sep_labels=51 clique_frac=0.01
t=57745ms iter=140 REBUILD reject new_tc=63.8449 (was 59.8951)
t=57904ms iter=140 incumb=59.8951 ratchet=59.9062 best=59.8951 since_improve=8
t=57916ms iter=141 WAIST cost=56.0000 best_alt=51.0000 gap=5.0000 tried=5 sep_labels=51 clique_frac=0.01
t=58095ms iter=141 REBUILD reject new_tc=64.5522 (was 59.8951)
t=58201ms iter=141 incumb=59.8951 ratchet=60.0052 best=59.8951 since_improve=9
t_final=58396ms tc_reduced=59.8951 tc_full=60.8905 leaves=3369
surgery summary: calls=141 cheaper_cuts=141 rebuild_accepts=3 waist_min_hits=0
