probe: instance=surfacecode_d17 n_orig=1443 n=481 fusible=0.6667 nlabels=510 t=8ms
seed_greedy tc=48.0507 t=551ms
t=636ms iter=1 WAIST cost=37.0000 best_alt=32.0000 gap=5.0000 tried=5 sep_labels=32 clique_frac=0.03
t=841ms iter=1 REBUILD ACCEPT new_tc=39.9436 (was 40.0809)
t=964ms iter=1 incumb=39.9436 ratchet=40.0560 best=39.9436 since_improve=1
t=974ms iter=2 WAIST cost=37.0000 best_alt=32.0000 gap=5.0000 tried=5 sep_labels=32 clique_frac=0.02
t=1127ms iter=2 REBUILD reject new_tc=40.3818 (was 39.9436)
t=1250ms iter=2 incumb=39.9436 ratchet=39.9867 best=39.9436 since_improve=2
t=1260ms iter=3 WAIST cost=37.0000 best_alt=31.0000 gap=6.0000 tried=5 sep_labels=31 clique_frac=0.06
t=1411ms iter=3 REBUILD reject new_tc=40.5968 (was 39.9436)
t=1537ms iter=3 incumb=39.9436 ratchet=39.9843 best=39.9436 since_improve=3
t=1549ms iter=4 WAIST cost=37.0000 best_alt=32.0000 gap=5.0000 tried=5 sep_labels=32 clique_frac=0.02
t=1700ms iter=4 REBUILD reject new_tc=43.6370 (was 39.9436)
t=1820ms iter=4 incumb=39.9436 ratchet=40.0955 best=39.9436 since_improve=4
t=1831ms iter=5 WAIST cost=37.0000 best_alt=31.0000 gap=6.0000 tried=5 sep_labels=31 clique_frac=0.05
t=1981ms iter=5 REBUILD reject new_tc=40.9197 (was 39.9436)
t=2104ms iter=5 incumb=39.9436 ratchet=39.9681 best=39.9436 since_improve=5
t=2115ms iter=6 WAIST cost=37.0000 best_alt=32.0000 gap=5.0000 tried=5 sep_labels=32 clique_frac=0.02
t=2265ms iter=6 REBUILD reject new_tc=46.5194 (was 39.9436)
t=2388ms iter=6 incumb=39.9436 ratchet=40.0467 best=39.9436 since_improve=6
t=2401ms iter=7 WAIST cost=37.0000 best_alt=29.0000 gap=8.0000 tried=5 sep_labels=29 clique_frac=0.03
t=2553ms iter=7 REBUILD reject new_tc=40.3133 (was 39.9436)
t=2676ms iter=7 incumb=39.9436 ratchet=39.9860 best=39.9436 since_improve=7
t=2688ms iter=8 WAIST cost=37.0000 best_alt=32.0000 gap=5.0000 tried=5 sep_labels=32 clique_frac=0.02
t=2850ms iter=8 REBUILD reject new_tc=40.3106 (was 39.9436)
t=2972ms iter=8 incumb=39.9436 ratchet=39.9810 best=39.9436 since_improve=8
t=2983ms iter=9 WAIST cost=37.0000 best_alt=32.0000 gap=5.0000 tried=5 sep_labels=32 clique_frac=0.02
t=3135ms iter=9 REBUILD reject new_tc=40.3682 (was 39.9436)
t=3257ms iter=9 incumb=39.9436 ratchet=39.9877 best=39.9436 since_improve=9
t=3268ms iter=10 WAIST cost=37.0000 best_alt=29.0000 gap=8.0000 tried=5 sep_labels=29 clique_frac=0.04
t=3417ms iter=10 REBUILD reject new_tc=46.0125 (was 39.9436)
t=3543ms iter=10 incumb=39.9436 ratchet=40.0235 best=39.9436 since_improve=10
t=3552ms iter=11 WAIST cost=37.0000 best_alt=32.0000 gap=5.0000 tried=5 sep_labels=32 clique_frac=0.02
t=3704ms iter=11 REBUILD reject new_tc=40.2618 (was 39.9436)
t=3829ms iter=11 incumb=39.9436 ratchet=40.0537 best=39.9436 since_improve=11
t=3838ms iter=12 WAIST cost=37.0000 best_alt=32.0000 gap=5.0000 tried=5 sep_labels=32 clique_frac=0.02
t=3989ms iter=12 REBUILD reject new_tc=40.2771 (was 39.9436)
t=4112ms iter=12 incumb=39.9436 ratchet=39.9847 best=39.9436 since_improve=12
t=4121ms iter=13 WAIST cost=37.0000 best_alt=32.0000 gap=5.0000 tried=5 sep_labels=32 clique_frac=0.02
t=4274ms iter=13 REBUILD reject new_tc=40.4393 (was 39.9436)
t=4397ms iter=13 incumb=39.9436 ratchet=40.0034 best=39.9436 since_improve=13
t=4412ms iter=14 WAIST cost=37.0000 best_alt=27.0000 gap=10.0000 tried=5 sep_labels=27 clique_frac=0.02
t=4564ms iter=14 REBUILD reject new_tc=40.1937 (was 39.9436)
t=4686ms iter=14 incumb=39.9436 ratchet=40.0258 best=39.9436 since_improve=14
t=4695ms iter=15 WAIST cost=37.0000 best_alt=32.0000 gap=5.0000 tried=5 sep_labels=32 clique_frac=0.02
t=4850ms iter=15 REBUILD reject new_tc=40.0142 (was 39.9436)
t=5060ms iter=15 incumb=39.9436 ratchet=39.9055 best=39.8995 since_improve=0
t=5076ms iter=16 WAIST cost=37.0000 best_alt=29.0000 gap=8.0000 tried=5 sep_labels=29 clique_frac=0.02
t=5229ms iter=16 REBUILD reject new_tc=40.7332 (was 39.9055)
t=5429ms iter=16 incumb=39.9055 ratchet=39.8516 best=39.8359 since_improve=0
t=5441ms iter=17 WAIST cost=36.0000 best_alt=29.0000 gap=7.0000 tried=5 sep_labels=29 clique_frac=0.06
t=5591ms iter=17 REBUILD reject new_tc=42.2592 (was 39.8516)
t=5783ms iter=17 incumb=39.8516 ratchet=39.8266 best=39.8236 since_improve=0
t=5797ms iter=18 WAIST cost=36.0000 best_alt=29.0000 gap=7.0000 tried=5 sep_labels=29 clique_frac=0.04
t=5949ms iter=18 REBUILD reject new_tc=40.1140 (was 39.8266)
t=6074ms iter=18 incumb=39.8266 ratchet=39.9723 best=39.8236 since_improve=1
t=6084ms iter=19 WAIST cost=36.0000 best_alt=32.0000 gap=4.0000 tried=5 sep_labels=32 clique_frac=0.03
t=6237ms iter=19 REBUILD reject new_tc=42.0885 (was 39.8266)
t=6363ms iter=19 incumb=39.8266 ratchet=39.8842 best=39.8236 since_improve=2
t=6372ms iter=20 WAIST cost=36.0000 best_alt=32.0000 gap=4.0000 tried=5 sep_labels=32 clique_frac=0.03
t=6526ms iter=20 REBUILD reject new_tc=40.5773 (was 39.8266)
t=6725ms iter=20 incumb=39.8266 ratchet=39.8097 best=39.7895 since_improve=0
t=6740ms iter=21 WAIST cost=36.0000 best_alt=31.0000 gap=5.0000 tried=5 sep_labels=31 clique_frac=0.02
t=6891ms iter=21 REBUILD reject new_tc=44.2365 (was 39.8097)
t=7015ms iter=21 incumb=39.8097 ratchet=39.8595 best=39.7895 since_improve=1
t=7026ms iter=22 WAIST cost=36.0000 best_alt=31.0000 gap=5.0000 tried=5 sep_labels=31 clique_frac=0.02
t=7178ms iter=22 REBUILD reject new_tc=40.3476 (was 39.8097)
t=7308ms iter=22 incumb=39.8097 ratchet=39.8677 best=39.7895 since_improve=2
t=7322ms iter=23 WAIST cost=36.0000 best_alt=31.0000 gap=5.0000 tried=5 sep_labels=31 clique_frac=0.02
t=7480ms iter=23 REBUILD reject new_tc=40.3795 (was 39.8097)
t=7668ms iter=23 incumb=39.8097 ratchet=39.7238 best=39.7230 since_improve=0
t=7684ms iter=24 WAIST cost=36.0000 best_alt=29.0000 gap=7.0000 tried=5 sep_labels=29 clique_frac=0.02
t=7838ms iter=24 REBUILD reject new_tc=40.2991 (was 39.7238)
t=8029ms iter=24 incumb=39.7238 ratchet=39.6905 best=39.6862 since_improve=0
t=8039ms iter=25 WAIST cost=35.0000 best_alt=32.0000 gap=3.0000 tried=5 sep_labels=32 clique_frac=0.02
t=8194ms iter=25 REBUILD reject new_tc=40.3877 (was 39.6905)
t=8382ms iter=25 incumb=39.6905 ratchet=39.6690 best=39.6619 since_improve=0
t=8395ms iter=26 WAIST cost=36.0000 best_alt=32.0000 gap=4.0000 tried=5 sep_labels=32 clique_frac=0.02
t=8545ms iter=26 REBUILD reject new_tc=41.2043 (was 39.6690)
t=8744ms iter=26 incumb=39.6690 ratchet=39.5436 best=39.5387 since_improve=0
t=8756ms iter=27 WAIST cost=35.0000 best_alt=29.0000 gap=6.0000 tried=5 sep_labels=29 clique_frac=0.00
t=8911ms iter=27 REBUILD reject new_tc=40.5580 (was 39.5436)
t=9098ms iter=27 incumb=39.5436 ratchet=39.5140 best=39.5130 since_improve=0
t=9110ms iter=28 WAIST cost=36.0000 best_alt=32.0000 gap=4.0000 tried=5 sep_labels=32 clique_frac=0.01
t=9263ms iter=28 REBUILD reject new_tc=42.2746 (was 39.5140)
t=9386ms iter=28 incumb=39.5140 ratchet=39.5494 best=39.5130 since_improve=1
t=9400ms iter=29 WAIST cost=36.0000 best_alt=32.0000 gap=4.0000 tried=5 sep_labels=32 clique_frac=0.01
t=9555ms iter=29 REBUILD reject new_tc=41.0269 (was 39.5140)
t=9738ms iter=29 incumb=39.5140 ratchet=39.4397 best=39.4397 since_improve=0
t=9751ms iter=30 WAIST cost=36.0000 best_alt=32.0000 gap=4.0000 tried=5 sep_labels=32 clique_frac=0.01
t=9905ms iter=30 REBUILD reject new_tc=41.6951 (was 39.4397)
t=10029ms iter=30 incumb=39.4397 ratchet=39.5777 best=39.4397 since_improve=1
t=10045ms iter=31 WAIST cost=36.0000 best_alt=31.0000 gap=5.0000 tried=5 sep_labels=31 clique_frac=0.03
t=10201ms iter=31 REBUILD reject new_tc=40.3369 (was 39.4397)
t=10383ms iter=31 incumb=39.4397 ratchet=39.3718 best=39.3718 since_improve=0
t=10397ms iter=32 WAIST cost=36.0000 best_alt=31.0000 gap=5.0000 tried=5 sep_labels=31 clique_frac=0.03
t=10550ms iter=32 REBUILD reject new_tc=44.0965 (was 39.3718)
t=10675ms iter=32 incumb=39.3718 ratchet=39.3803 best=39.3718 since_improve=1
t=10687ms iter=33 WAIST cost=36.0000 best_alt=32.0000 gap=4.0000 tried=5 sep_labels=32 clique_frac=0.01
t=10843ms iter=33 REBUILD reject new_tc=40.3276 (was 39.3718)
t=10964ms iter=33 incumb=39.3718 ratchet=39.4283 best=39.3718 since_improve=2
t=10976ms iter=34 WAIST cost=36.0000 best_alt=32.0000 gap=4.0000 tried=5 sep_labels=32 clique_frac=0.01
t=11131ms iter=34 REBUILD reject new_tc=40.3213 (was 39.3718)
t=11314ms iter=34 incumb=39.3718 ratchet=39.4205 best=39.3647 since_improve=3
t=11326ms iter=35 WAIST cost=36.0000 best_alt=29.0000 gap=7.0000 tried=5 sep_labels=29 clique_frac=0.02
t=11480ms iter=35 REBUILD reject new_tc=40.2993 (was 39.3718)
t=11605ms iter=35 incumb=39.3718 ratchet=39.4192 best=39.3647 since_improve=4
t=11617ms iter=36 WAIST cost=36.0000 best_alt=32.0000 gap=4.0000 tried=5 sep_labels=32 clique_frac=0.01
t=11769ms iter=36 REBUILD reject new_tc=40.3178 (was 39.3718)
t=11947ms iter=36 incumb=39.3718 ratchet=39.3629 best=39.3608 since_improve=0
t=11958ms iter=37 WAIST cost=36.0000 best_alt=32.0000 gap=4.0000 tried=5 sep_labels=32 clique_frac=0.03
t=12111ms iter=37 REBUILD reject new_tc=41.8946 (was 39.3629)
t=12301ms iter=37 incumb=39.3629 ratchet=39.3086 best=39.2773 since_improve=0
t=12314ms iter=38 WAIST cost=36.0000 best_alt=29.0000 gap=7.0000 tried=5 sep_labels=29 clique_frac=0.02
t=12466ms iter=38 REBUILD reject new_tc=40.4540 (was 39.3086)
t=12644ms iter=38 incumb=39.3086 ratchet=39.2728 best=39.2507 since_improve=0
t=12660ms iter=39 WAIST cost=35.0000 best_alt=31.0000 gap=4.0000 tried=5 sep_labels=31 clique_frac=0.03
t=12811ms iter=39 REBUILD reject new_tc=40.2717 (was 39.2728)
t=12991ms iter=39 incumb=39.2728 ratchet=39.2554 best=39.2346 since_improve=0
t=13009ms iter=40 WAIST cost=36.0000 best_alt=31.0000 gap=5.0000 tried=5 sep_labels=31 clique_frac=0.03
t=13165ms iter=40 REBUILD reject new_tc=40.0369 (was 39.2554)
t=13352ms iter=40 incumb=39.2554 ratchet=39.2297 best=39.2297 since_improve=0
t=13364ms iter=41 WAIST cost=36.0000 best_alt=32.0000 gap=4.0000 tried=5 sep_labels=32 clique_frac=0.02
t=13518ms iter=41 REBUILD reject new_tc=40.4375 (was 39.2297)
t=13722ms iter=41 incumb=39.2297 ratchet=39.1470 best=39.1464 since_improve=0
t=13736ms iter=42 WAIST cost=36.0000 best_alt=32.0000 gap=4.0000 tried=5 sep_labels=32 clique_frac=0.02
t=13891ms iter=42 REBUILD reject new_tc=40.9502 (was 39.1470)
t=14013ms iter=42 incumb=39.1470 ratchet=39.2308 best=39.1464 since_improve=1
t=14027ms iter=43 WAIST cost=36.0000 best_alt=32.0000 gap=4.0000 tried=5 sep_labels=32 clique_frac=0.02
t=14184ms iter=43 REBUILD reject new_tc=40.4415 (was 39.1470)
t=14310ms iter=43 incumb=39.1470 ratchet=39.2796 best=39.1464 since_improve=2
t=14321ms iter=44 WAIST cost=36.0000 best_alt=32.0000 gap=4.0000 tried=5 sep_labels=32 clique_frac=0.02
t=14476ms iter=44 REBUILD reject new_tc=40.8430 (was 39.1470)
t=14600ms iter=44 incumb=39.1470 ratchet=39.1907 best=39.1464 since_improve=3
t=14613ms iter=45 WAIST cost=36.0000 best_alt=32.0000 gap=4.0000 tried=5 sep_labels=32 clique_frac=0.02
t=14765ms iter=45 REBUILD reject new_tc=42.3885 (was 39.1470)
t=14889ms iter=45 incumb=39.1470 ratchet=39.1820 best=39.1464 since_improve=4
t=14904ms iter=46 WAIST cost=36.0000 best_alt=32.0000 gap=4.0000 tried=5 sep_labels=32 clique_frac=0.02
t=15053ms iter=46 REBUILD reject new_tc=40.0864 (was 39.1470)
t=15248ms iter=46 incumb=39.1470 ratchet=39.1816 best=39.1142 since_improve=5
t=15264ms iter=47 WAIST cost=36.0000 best_alt=32.0000 gap=4.0000 tried=5 sep_labels=32 clique_frac=0.02
t=15422ms iter=47 REBUILD reject new_tc=39.7984 (was 39.1470)
t=15548ms iter=47 incumb=39.1470 ratchet=39.1460 best=39.1142 since_improve=0
t=15562ms iter=48 WAIST cost=35.0000 best_alt=32.0000 gap=3.0000 tried=5 sep_labels=32 clique_frac=0.01
t=15720ms iter=48 REBUILD reject new_tc=40.4563 (was 39.1460)
t=15850ms iter=48 incumb=39.1460 ratchet=39.1366 best=39.1142 since_improve=0
t=15865ms iter=49 WAIST cost=35.0000 best_alt=32.0000 gap=3.0000 tried=5 sep_labels=32 clique_frac=0.02
t=16017ms iter=49 REBUILD reject new_tc=40.4954 (was 39.1366)
t=16140ms iter=49 incumb=39.1366 ratchet=39.1875 best=39.1142 since_improve=1
t=16153ms iter=50 WAIST cost=35.0000 best_alt=32.0000 gap=3.0000 tried=5 sep_labels=32 clique_frac=0.02
t=16310ms iter=50 REBUILD reject new_tc=39.9846 (was 39.1366)
t=16432ms iter=50 incumb=39.1366 ratchet=39.7121 best=39.1142 since_improve=2
t=16448ms iter=51 WAIST cost=35.0000 best_alt=29.0000 gap=6.0000 tried=5 sep_labels=29 clique_frac=0.02
t=16599ms iter=51 REBUILD reject new_tc=40.1731 (was 39.1366)
t=16725ms iter=51 incumb=39.1366 ratchet=39.1701 best=39.1142 since_improve=3
t=16738ms iter=52 WAIST cost=35.0000 best_alt=32.0000 gap=3.0000 tried=5 sep_labels=32 clique_frac=0.02
t=16890ms iter=52 REBUILD reject new_tc=40.8650 (was 39.1366)
t=17016ms iter=52 incumb=39.1366 ratchet=39.1770 best=39.1142 since_improve=4
t=17028ms iter=53 WAIST cost=35.0000 best_alt=32.0000 gap=3.0000 tried=5 sep_labels=32 clique_frac=0.02
t=17186ms iter=53 REBUILD reject new_tc=40.6403 (was 39.1366)
t=17311ms iter=53 incumb=39.1366 ratchet=39.2735 best=39.1142 since_improve=5
t=17326ms iter=54 WAIST cost=35.0000 best_alt=32.0000 gap=3.0000 tried=5 sep_labels=32 clique_frac=0.02
t=17481ms iter=54 REBUILD reject new_tc=40.5222 (was 39.1366)
t=17685ms iter=54 incumb=39.1366 ratchet=39.0928 best=39.0873 since_improve=0
t=17698ms iter=55 WAIST cost=36.0000 best_alt=32.0000 gap=4.0000 tried=5 sep_labels=32 clique_frac=0.01
t=17856ms iter=55 REBUILD reject new_tc=40.4060 (was 39.0928)
t=17981ms iter=55 incumb=39.0928 ratchet=39.3825 best=39.0873 since_improve=1
t=17992ms iter=56 WAIST cost=36.0000 best_alt=32.0000 gap=4.0000 tried=5 sep_labels=32 clique_frac=0.01
t=18147ms iter=56 REBUILD reject new_tc=40.5516 (was 39.0928)
t=18274ms iter=56 incumb=39.0928 ratchet=39.1214 best=39.0873 since_improve=2
t=18288ms iter=57 WAIST cost=36.0000 best_alt=32.0000 gap=4.0000 tried=5 sep_labels=32 clique_frac=0.01
t=18441ms iter=57 REBUILD reject new_tc=40.2941 (was 39.0928)
t=18562ms iter=57 incumb=39.0928 ratchet=39.1122 best=39.0873 since_improve=3
t=18577ms iter=58 WAIST cost=36.0000 best_alt=31.0000 gap=5.0000 tried=5 sep_labels=31 clique_frac=0.02
t=18734ms iter=58 REBUILD reject new_tc=40.0997 (was 39.0928)
t=18861ms iter=58 incumb=39.0928 ratchet=39.1347 best=39.0873 since_improve=4
t=18873ms iter=59 WAIST cost=36.0000 best_alt=31.0000 gap=5.0000 tried=5 sep_labels=31 clique_frac=0.02
t=19027ms iter=59 REBUILD reject new_tc=40.3057 (was 39.0928)
t=19152ms iter=59 incumb=39.0928 ratchet=39.2260 best=39.0873 since_improve=5
t=19165ms iter=60 WAIST cost=36.0000 best_alt=32.0000 gap=4.0000 tried=5 sep_labels=32 clique_frac=0.01
t=19322ms iter=60 REBUILD reject new_tc=40.3905 (was 39.0928)
t=19454ms iter=60 incumb=39.0928 ratchet=39.1772 best=39.0873 since_improve=6
t=19468ms iter=61 WAIST cost=36.0000 best_alt=32.0000 gap=4.0000 tried=5 sep_labels=32 clique_frac=0.01
t=19626ms iter=61 REBUILD reject new_tc=40.6906 (was 39.0928)
t=19746ms iter=61 incumb=39.0928 ratchet=39.2082 best=39.0873 since_improve=7
t=19760ms iter=62 WAIST cost=36.0000 best_alt=31.0000 gap=5.0000 tried=5 sep_labels=31 clique_frac=0.04
t=19913ms iter=62 REBUILD reject new_tc=42.2778 (was 39.0928)
t=20041ms iter=62 incumb=39.0928 ratchet=39.2234 best=39.0873 since_improve=8
t=20057ms iter=63 WAIST cost=36.0000 best_alt=29.0000 gap=7.0000 tried=5 sep_labels=29 clique_frac=0.02
t=20211ms iter=63 REBUILD reject new_tc=41.0132 (was 39.0928)
t=20336ms iter=63 incumb=39.0928 ratchet=39.4485 best=39.0873 since_improve=9
t=20348ms iter=64 WAIST cost=36.0000 best_alt=32.0000 gap=4.0000 tried=5 sep_labels=32 clique_frac=0.01
t=20503ms iter=64 REBUILD reject new_tc=39.9232 (was 39.0928)
t=20627ms iter=64 incumb=39.0928 ratchet=39.2319 best=39.0873 since_improve=10
t=20639ms iter=65 WAIST cost=36.0000 best_alt=29.0000 gap=7.0000 tried=5 sep_labels=29 clique_frac=0.00
t=20792ms iter=65 REBUILD reject new_tc=40.5319 (was 39.0928)
t=20917ms iter=65 incumb=39.0928 ratchet=39.2028 best=39.0873 since_improve=11
t=20929ms iter=66 WAIST cost=36.0000 best_alt=32.0000 gap=4.0000 tried=5 sep_labels=32 clique_frac=0.01
t=21082ms iter=66 REBUILD reject new_tc=40.4706 (was 39.0928)
t=21207ms iter=66 incumb=39.0928 ratchet=39.4685 best=39.0873 since_improve=12
t=21219ms iter=67 WAIST cost=36.0000 best_alt=32.0000 gap=4.0000 tried=5 sep_labels=32 clique_frac=0.01
t=21366ms iter=67 REBUILD reject new_tc=46.0274 (was 39.0928)
t=21489ms iter=67 incumb=39.0928 ratchet=39.0975 best=39.0873 since_improve=13
t=21502ms iter=68 WAIST cost=36.0000 best_alt=31.0000 gap=5.0000 tried=5 sep_labels=31 clique_frac=0.03
t=21655ms iter=68 REBUILD reject new_tc=40.7168 (was 39.0928)
t=21780ms iter=68 incumb=39.0928 ratchet=39.2425 best=39.0873 since_improve=14
t=21792ms iter=69 WAIST cost=36.0000 best_alt=32.0000 gap=4.0000 tried=5 sep_labels=32 clique_frac=0.01
t=21945ms iter=69 REBUILD reject new_tc=42.3044 (was 39.0928)
t=22070ms iter=69 incumb=39.0928 ratchet=39.4879 best=39.0873 since_improve=15
t=22088ms iter=70 WAIST cost=36.0000 best_alt=31.0000 gap=5.0000 tried=5 sep_labels=31 clique_frac=0.00
t=22240ms iter=70 REBUILD reject new_tc=41.6796 (was 39.0928)
t=22363ms iter=70 incumb=39.0928 ratchet=39.1816 best=39.0873 since_improve=16
t=22375ms iter=71 WAIST cost=36.0000 best_alt=32.0000 gap=4.0000 tried=5 sep_labels=32 clique_frac=0.01
t=22527ms iter=71 REBUILD reject new_tc=40.2505 (was 39.0928)
t=22651ms iter=71 incumb=39.0928 ratchet=39.6863 best=39.0873 since_improve=17
t=22663ms iter=72 WAIST cost=36.0000 best_alt=32.0000 gap=4.0000 tried=5 sep_labels=32 clique_frac=0.01
t=22818ms iter=72 REBUILD reject new_tc=40.6061 (was 39.0928)
t=22940ms iter=72 incumb=39.0928 ratchet=39.5349 best=39.0873 since_improve=18
t=22959ms iter=73 WAIST cost=36.0000 best_alt=31.0000 gap=5.0000 tried=5 sep_labels=31 clique_frac=0.00
t=23116ms iter=73 REBUILD reject new_tc=40.3550 (was 39.0928)
t=23241ms iter=73 incumb=39.0928 ratchet=39.2931 best=39.0873 since_improve=19
t=23259ms iter=74 WAIST cost=36.0000 best_alt=31.0000 gap=5.0000 tried=5 sep_labels=31 clique_frac=0.03
t=23413ms iter=74 REBUILD reject new_tc=39.9610 (was 39.0928)
t=23536ms iter=74 incumb=39.0928 ratchet=39.1753 best=39.0873 since_improve=20
t=23549ms iter=75 WAIST cost=36.0000 best_alt=32.0000 gap=4.0000 tried=5 sep_labels=32 clique_frac=0.01
t=23694ms iter=75 REBUILD reject new_tc=46.5972 (was 39.0928)
t=23819ms iter=75 incumb=39.0928 ratchet=39.2267 best=39.0873 since_improve=21
t=23832ms iter=76 WAIST cost=36.0000 best_alt=32.0000 gap=4.0000 tried=5 sep_labels=32 clique_frac=0.01
t=23983ms iter=76 REBUILD reject new_tc=43.2860 (was 39.0928)
t=24110ms iter=76 incumb=39.0928 ratchet=39.2323 best=39.0873 since_improve=22
t=24120ms iter=77 WAIST cost=36.0000 best_alt=32.0000 gap=4.0000 tried=5 sep_labels=32 clique_frac=0.01
t=24275ms iter=77 REBUILD reject new_tc=40.4067 (was 39.0928)
t=24403ms iter=77 incumb=39.0928 ratchet=39.1910 best=39.0873 since_improve=23
t=24419ms iter=78 WAIST cost=36.0000 best_alt=32.0000 gap=4.0000 tried=5 sep_labels=32 clique_frac=0.01
t=24573ms iter=78 REBUILD reject new_tc=40.0802 (was 39.0928)
t=24697ms iter=78 incumb=39.0928 ratchet=39.4281 best=39.0873 since_improve=24
t=24712ms iter=79 WAIST cost=36.0000 best_alt=32.0000 gap=4.0000 tried=5 sep_labels=32 clique_frac=0.01
t=24866ms iter=79 REBUILD reject new_tc=40.7127 (was 39.0928)
t=24990ms iter=79 incumb=39.0928 ratchet=39.2569 best=39.0873 since_improve=25
t=25006ms iter=80 WAIST cost=36.0000 best_alt=31.0000 gap=5.0000 tried=5 sep_labels=31 clique_frac=0.02
t=25153ms iter=80 REBUILD reject new_tc=44.1463 (was 39.0928)
t=25279ms iter=80 incumb=39.0928 ratchet=39.1562 best=39.0873 since_improve=26
t=25292ms iter=81 WAIST cost=36.0000 best_alt=32.0000 gap=4.0000 tried=5 sep_labels=32 clique_frac=0.01
t=25448ms iter=81 REBUILD reject new_tc=40.3392 (was 39.0928)
t=25574ms iter=81 incumb=39.0928 ratchet=39.1184 best=39.0873 since_improve=27
t=25589ms iter=82 WAIST cost=36.0000 best_alt=32.0000 gap=4.0000 tried=5 sep_labels=32 clique_frac=0.01
t=25740ms iter=82 REBUILD reject new_tc=40.3487 (was 39.0928)
t=25943ms iter=82 incumb=39.0928 ratchet=39.1709 best=39.0846 since_improve=28
t=25963ms iter=83 WAIST cost=36.0000 best_alt=29.0000 gap=7.0000 tried=5 sep_labels=29 clique_frac=0.01
t=26118ms iter=83 REBUILD reject new_tc=40.3110 (was 39.0928)
t=26245ms iter=83 incumb=39.0928 ratchet=39.1691 best=39.0846 since_improve=29
t=26260ms iter=84 WAIST cost=36.0000 best_alt=32.0000 gap=4.0000 tried=5 sep_labels=32 clique_frac=0.01
t=26412ms iter=84 REBUILD reject new_tc=40.6852 (was 39.0928)
t=26537ms iter=84 incumb=39.0928 ratchet=39.1192 best=39.0846 since_improve=30
t=26550ms iter=85 WAIST cost=36.0000 best_alt=32.0000 gap=4.0000 tried=5 sep_labels=32 clique_frac=0.01
t=26700ms iter=85 REBUILD reject new_tc=44.0733 (was 39.0928)
t=26824ms iter=85 incumb=39.0928 ratchet=39.1970 best=39.0846 since_improve=31
t=26839ms iter=86 WAIST cost=36.0000 best_alt=29.0000 gap=7.0000 tried=5 sep_labels=29 clique_frac=0.01
t=26992ms iter=86 REBUILD reject new_tc=43.1202 (was 39.0928)
t=27117ms iter=86 incumb=39.0928 ratchet=39.1776 best=39.0846 since_improve=32
t=27132ms iter=87 WAIST cost=36.0000 best_alt=32.0000 gap=4.0000 tried=5 sep_labels=32 clique_frac=0.01
t=27281ms iter=87 REBUILD reject new_tc=43.1535 (was 39.0928)
t=27405ms iter=87 incumb=39.0928 ratchet=39.1155 best=39.0846 since_improve=33
t=27418ms iter=88 WAIST cost=36.0000 best_alt=32.0000 gap=4.0000 tried=5 sep_labels=32 clique_frac=0.01
t=27571ms iter=88 REBUILD reject new_tc=40.5524 (was 39.0928)
t=27700ms iter=88 incumb=39.0928 ratchet=39.4049 best=39.0846 since_improve=34
t=27715ms iter=89 WAIST cost=36.0000 best_alt=32.0000 gap=4.0000 tried=5 sep_labels=32 clique_frac=0.01
t=27868ms iter=89 REBUILD reject new_tc=43.2021 (was 39.0928)
t=27993ms iter=89 incumb=39.0928 ratchet=39.2158 best=39.0846 since_improve=35
t=28005ms iter=90 WAIST cost=36.0000 best_alt=32.0000 gap=4.0000 tried=5 sep_labels=32 clique_frac=0.01
t=28155ms iter=90 REBUILD reject new_tc=43.2417 (was 39.0928)
t=28281ms iter=90 incumb=39.0928 ratchet=39.1616 best=39.0846 since_improve=36
t=28295ms iter=91 WAIST cost=36.0000 best_alt=32.0000 gap=4.0000 tried=5 sep_labels=32 clique_frac=0.01
t=28448ms iter=91 REBUILD reject new_tc=40.8223 (was 39.0928)
t=28572ms iter=91 incumb=39.0928 ratchet=39.2317 best=39.0846 since_improve=37
t=28586ms iter=92 WAIST cost=36.0000 best_alt=32.0000 gap=4.0000 tried=5 sep_labels=32 clique_frac=0.01
t=28741ms iter=92 REBUILD reject new_tc=40.5155 (was 39.0928)
t=28866ms iter=92 incumb=39.0928 ratchet=39.1476 best=39.0846 since_improve=38
t=28879ms iter=93 WAIST cost=36.0000 best_alt=29.0000 gap=7.0000 tried=5 sep_labels=29 clique_frac=0.02
t=29029ms iter=93 REBUILD reject new_tc=45.0237 (was 39.0928)
t=29152ms iter=93 incumb=39.0928 ratchet=39.2619 best=39.0846 since_improve=39
t=29169ms iter=94 WAIST cost=36.0000 best_alt=32.0000 gap=4.0000 tried=5 sep_labels=32 clique_frac=0.01
t=29324ms iter=94 REBUILD reject new_tc=40.3000 (was 39.0928)
t=29448ms iter=94 incumb=39.0928 ratchet=39.1375 best=39.0846 since_improve=40
t=29458ms iter=95 WAIST cost=36.0000 best_alt=32.0000 gap=4.0000 tried=5 sep_labels=32 clique_frac=0.01
t=29610ms iter=95 REBUILD reject new_tc=40.7031 (was 39.0928)
t=29737ms iter=95 incumb=39.0928 ratchet=39.3200 best=39.0846 since_improve=41
t=29755ms iter=96 WAIST cost=36.0000 best_alt=31.0000 gap=5.0000 tried=5 sep_labels=31 clique_frac=0.03
t=29907ms iter=96 REBUILD reject new_tc=40.0168 (was 39.0928)
t=30030ms iter=96 incumb=39.0928 ratchet=39.2368 best=39.0846 since_improve=42
t=30041ms iter=97 WAIST cost=36.0000 best_alt=32.0000 gap=4.0000 tried=5 sep_labels=32 clique_frac=0.01
t=30195ms iter=97 REBUILD reject new_tc=39.9109 (was 39.0928)
t=30320ms iter=97 incumb=39.0928 ratchet=39.1895 best=39.0846 since_improve=43
t=30331ms iter=98 WAIST cost=36.0000 best_alt=32.0000 gap=4.0000 tried=5 sep_labels=32 clique_frac=0.01
t=30486ms iter=98 REBUILD reject new_tc=39.6846 (was 39.0928)
t=30609ms iter=98 incumb=39.0928 ratchet=39.1915 best=39.0846 since_improve=44
t=30621ms iter=99 WAIST cost=36.0000 best_alt=31.0000 gap=5.0000 tried=5 sep_labels=31 clique_frac=0.02
t=30777ms iter=99 REBUILD reject new_tc=39.6101 (was 39.0928)
t=30902ms iter=99 incumb=39.0928 ratchet=39.1340 best=39.0846 since_improve=45
t=30917ms iter=100 WAIST cost=36.0000 best_alt=32.0000 gap=4.0000 tried=5 sep_labels=32 clique_frac=0.01
t=31073ms iter=100 REBUILD reject new_tc=40.9992 (was 39.0928)
t=31198ms iter=100 incumb=39.0928 ratchet=39.2205 best=39.0846 since_improve=46
t=31211ms iter=101 WAIST cost=36.0000 best_alt=32.0000 gap=4.0000 tried=5 sep_labels=32 clique_frac=0.01
t=31366ms iter=101 REBUILD reject new_tc=40.6681 (was 39.0928)
t=31492ms iter=101 incumb=39.0928 ratchet=39.2496 best=39.0846 since_improve=47
t=31505ms iter=102 WAIST cost=36.0000 best_alt=32.0000 gap=4.0000 tried=5 sep_labels=32 clique_frac=0.01
t=31659ms iter=102 REBUILD reject new_tc=40.4941 (was 39.0928)
t=31782ms iter=102 incumb=39.0928 ratchet=39.4614 best=39.0846 since_improve=48
t=31796ms iter=103 WAIST cost=36.0000 best_alt=32.0000 gap=4.0000 tried=5 sep_labels=32 clique_frac=0.01
t=31950ms iter=103 REBUILD reject new_tc=40.3972 (was 39.0928)
t=32075ms iter=103 incumb=39.0928 ratchet=39.2734 best=39.0846 since_improve=49
t=32090ms iter=104 WAIST cost=36.0000 best_alt=31.0000 gap=5.0000 tried=5 sep_labels=31 clique_frac=0.03
t=32242ms iter=104 REBUILD reject new_tc=40.2998 (was 39.0928)
t=32367ms iter=104 incumb=39.0928 ratchet=39.1373 best=39.0846 since_improve=50
t=32380ms iter=105 WAIST cost=36.0000 best_alt=29.0000 gap=7.0000 tried=5 sep_labels=29 clique_frac=0.00
t=32529ms iter=105 REBUILD reject new_tc=40.0870 (was 39.0928)
t=32655ms iter=105 incumb=39.0928 ratchet=39.1631 best=39.0846 since_improve=51
t=32671ms iter=106 WAIST cost=36.0000 best_alt=32.0000 gap=4.0000 tried=5 sep_labels=32 clique_frac=0.01
t=32825ms iter=106 REBUILD reject new_tc=40.6604 (was 39.0928)
t=33022ms iter=106 incumb=39.0928 ratchet=39.0595 best=39.0530 since_improve=0
t=33038ms iter=107 WAIST cost=35.0000 best_alt=32.0000 gap=3.0000 tried=5 sep_labels=32 clique_frac=0.01
t=33190ms iter=107 REBUILD reject new_tc=41.8699 (was 39.0595)
t=33314ms iter=107 incumb=39.0595 ratchet=39.1934 best=39.0530 since_improve=1
t=33331ms iter=108 WAIST cost=35.0000 best_alt=31.0000 gap=4.0000 tried=5 sep_labels=31 clique_frac=0.03
t=33486ms iter=108 REBUILD reject new_tc=40.8525 (was 39.0595)
t=33611ms iter=108 incumb=39.0595 ratchet=39.1916 best=39.0530 since_improve=2
t=33626ms iter=109 WAIST cost=35.0000 best_alt=32.0000 gap=3.0000 tried=5 sep_labels=32 clique_frac=0.01
t=33779ms iter=109 REBUILD reject new_tc=40.6297 (was 39.0595)
t=33975ms iter=109 incumb=39.0595 ratchet=39.0380 best=39.0273 since_improve=0
t=33988ms iter=110 WAIST cost=35.0000 best_alt=31.0000 gap=4.0000 tried=5 sep_labels=31 clique_frac=0.01
t=34141ms iter=110 REBUILD reject new_tc=43.1424 (was 39.0380)
t=34266ms iter=110 incumb=39.0380 ratchet=39.0291 best=39.0273 since_improve=0
t=34282ms iter=111 WAIST cost=35.0000 best_alt=32.0000 gap=3.0000 tried=5 sep_labels=32 clique_frac=0.01
t=34435ms iter=111 REBUILD reject new_tc=40.7322 (was 39.0291)
t=34558ms iter=111 incumb=39.0291 ratchet=39.3075 best=39.0273 since_improve=1
t=34573ms iter=112 WAIST cost=35.0000 best_alt=31.0000 gap=4.0000 tried=5 sep_labels=31 clique_frac=0.02
t=34725ms iter=112 REBUILD reject new_tc=40.5174 (was 39.0291)
t=34846ms iter=112 incumb=39.0291 ratchet=39.0926 best=39.0273 since_improve=2
t=34863ms iter=113 WAIST cost=35.0000 best_alt=32.0000 gap=3.0000 tried=5 sep_labels=32 clique_frac=0.01
t=35017ms iter=113 REBUILD reject new_tc=40.6065 (was 39.0291)
t=35142ms iter=113 incumb=39.0291 ratchet=39.0582 best=39.0273 since_improve=3
t=35158ms iter=114 WAIST cost=35.0000 best_alt=31.0000 gap=4.0000 tried=5 sep_labels=31 clique_frac=0.00
t=35313ms iter=114 REBUILD reject new_tc=40.3609 (was 39.0291)
t=35438ms iter=114 incumb=39.0291 ratchet=39.1629 best=39.0273 since_improve=4
t=35449ms iter=115 WAIST cost=35.0000 best_alt=32.0000 gap=3.0000 tried=5 sep_labels=32 clique_frac=0.01
t=35603ms iter=115 REBUILD reject new_tc=42.5385 (was 39.0291)
t=35725ms iter=115 incumb=39.0291 ratchet=39.1695 best=39.0273 since_improve=5
t=35740ms iter=116 WAIST cost=35.0000 best_alt=32.0000 gap=3.0000 tried=5 sep_labels=32 clique_frac=0.01
t=35892ms iter=116 REBUILD reject new_tc=40.7091 (was 39.0291)
t=36018ms iter=116 incumb=39.0291 ratchet=39.0810 best=39.0273 since_improve=6
t=36035ms iter=117 WAIST cost=35.0000 best_alt=32.0000 gap=3.0000 tried=5 sep_labels=32 clique_frac=0.01
t=36186ms iter=117 REBUILD reject new_tc=41.0818 (was 39.0291)
t=36309ms iter=117 incumb=39.0291 ratchet=39.1879 best=39.0273 since_improve=7
t=36324ms iter=118 WAIST cost=35.0000 best_alt=32.0000 gap=3.0000 tried=5 sep_labels=32 clique_frac=0.01
t=36473ms iter=118 REBUILD reject new_tc=40.5288 (was 39.0291)
t=36598ms iter=118 incumb=39.0291 ratchet=39.0693 best=39.0273 since_improve=8
t=36613ms iter=119 WAIST cost=35.0000 best_alt=32.0000 gap=3.0000 tried=5 sep_labels=32 clique_frac=0.01
t=36765ms iter=119 REBUILD reject new_tc=46.0128 (was 39.0291)
t=36891ms iter=119 incumb=39.0291 ratchet=39.0611 best=39.0273 since_improve=9
t=36904ms iter=120 WAIST cost=35.0000 best_alt=32.0000 gap=3.0000 tried=5 sep_labels=32 clique_frac=0.01
t=37054ms iter=120 REBUILD reject new_tc=41.1132 (was 39.0291)
t=37177ms iter=120 incumb=39.0291 ratchet=39.3543 best=39.0273 since_improve=10
t=37192ms iter=121 WAIST cost=35.0000 best_alt=29.0000 gap=6.0000 tried=5 sep_labels=29 clique_frac=0.02
t=37345ms iter=121 REBUILD reject new_tc=40.2857 (was 39.0291)
t=37471ms iter=121 incumb=39.0291 ratchet=39.0462 best=39.0273 since_improve=11
t=37488ms iter=122 WAIST cost=35.0000 best_alt=32.0000 gap=3.0000 tried=5 sep_labels=32 clique_frac=0.01
t=37643ms iter=122 REBUILD reject new_tc=40.5353 (was 39.0291)
t=37767ms iter=122 incumb=39.0291 ratchet=39.3254 best=39.0273 since_improve=12
t=37780ms iter=123 WAIST cost=35.0000 best_alt=31.0000 gap=4.0000 tried=5 sep_labels=31 clique_frac=0.02
t=37936ms iter=123 REBUILD reject new_tc=39.9336 (was 39.0291)
t=38061ms iter=123 incumb=39.0291 ratchet=39.0913 best=39.0273 since_improve=13
t=38077ms iter=124 WAIST cost=35.0000 best_alt=32.0000 gap=3.0000 tried=5 sep_labels=32 clique_frac=0.01
t=38229ms iter=124 REBUILD reject new_tc=41.0016 (was 39.0291)
t=38354ms iter=124 incumb=39.0291 ratchet=39.3808 best=39.0273 since_improve=14
t=38366ms iter=125 WAIST cost=35.0000 best_alt=32.0000 gap=3.0000 tried=5 sep_labels=32 clique_frac=0.01
t=38519ms iter=125 REBUILD reject new_tc=40.6572 (was 39.0291)
t=38647ms iter=125 incumb=39.0291 ratchet=39.0551 best=39.0273 since_improve=15
t=38664ms iter=126 WAIST cost=35.0000 best_alt=29.0000 gap=6.0000 tried=5 sep_labels=29 clique_frac=0.02
t=38819ms iter=126 REBUILD reject new_tc=40.2954 (was 39.0291)
t=38941ms iter=126 incumb=39.0291 ratchet=39.0281 best=39.0273 since_improve=0
t=38954ms iter=127 WAIST cost=35.0000 best_alt=32.0000 gap=3.0000 tried=5 sep_labels=32 clique_frac=0.01
t=39106ms iter=127 REBUILD reject new_tc=40.5006 (was 39.0281)
t=39231ms iter=127 incumb=39.0281 ratchet=39.0490 best=39.0273 since_improve=1
t=39245ms iter=128 WAIST cost=35.0000 best_alt=31.0000 gap=4.0000 tried=5 sep_labels=31 clique_frac=0.00
t=39400ms iter=128 REBUILD reject new_tc=40.0183 (was 39.0281)
t=39523ms iter=128 incumb=39.0281 ratchet=39.0292 best=39.0273 since_improve=2
t=39537ms iter=129 WAIST cost=35.0000 best_alt=32.0000 gap=3.0000 tried=5 sep_labels=32 clique_frac=0.01
t=39693ms iter=129 REBUILD reject new_tc=40.8991 (was 39.0281)
t=39887ms iter=129 incumb=39.0281 ratchet=39.0325 best=39.0269 since_improve=3
t=39903ms iter=130 WAIST cost=35.0000 best_alt=31.0000 gap=4.0000 tried=5 sep_labels=31 clique_frac=0.02
t=40050ms iter=130 REBUILD reject new_tc=44.0546 (was 39.0281)
t=40173ms iter=130 incumb=39.0281 ratchet=39.1383 best=39.0269 since_improve=4
t=40189ms iter=131 WAIST cost=35.0000 best_alt=32.0000 gap=3.0000 tried=5 sep_labels=32 clique_frac=0.01
t=40341ms iter=131 REBUILD reject new_tc=41.3921 (was 39.0281)
t=40464ms iter=131 incumb=39.0281 ratchet=39.0337 best=39.0269 since_improve=5
t=40479ms iter=132 WAIST cost=35.0000 best_alt=31.0000 gap=4.0000 tried=5 sep_labels=31 clique_frac=0.02
t=40630ms iter=132 REBUILD reject new_tc=43.1417 (was 39.0281)
t=40821ms iter=132 incumb=39.0281 ratchet=39.0443 best=39.0177 since_improve=6
t=40838ms iter=133 WAIST cost=35.0000 best_alt=31.0000 gap=4.0000 tried=5 sep_labels=31 clique_frac=0.03
t=40990ms iter=133 REBUILD reject new_tc=40.5253 (was 39.0281)
t=41114ms iter=133 incumb=39.0281 ratchet=39.0595 best=39.0177 since_improve=7
t=41126ms iter=134 WAIST cost=35.0000 best_alt=32.0000 gap=3.0000 tried=5 sep_labels=32 clique_frac=0.01
t=41285ms iter=134 REBUILD reject new_tc=40.5640 (was 39.0281)
t=41408ms iter=134 incumb=39.0281 ratchet=39.1152 best=39.0177 since_improve=8
t=41424ms iter=135 WAIST cost=35.0000 best_alt=31.0000 gap=4.0000 tried=5 sep_labels=31 clique_frac=0.02
t=41579ms iter=135 REBUILD reject new_tc=40.2912 (was 39.0281)
t=41701ms iter=135 incumb=39.0281 ratchet=39.1291 best=39.0177 since_improve=9
t=41713ms iter=136 WAIST cost=35.0000 best_alt=32.0000 gap=3.0000 tried=5 sep_labels=32 clique_frac=0.01
t=41864ms iter=136 REBUILD reject new_tc=40.9970 (was 39.0281)
t=41988ms iter=136 incumb=39.0281 ratchet=39.0836 best=39.0177 since_improve=10
t=42002ms iter=137 WAIST cost=35.0000 best_alt=32.0000 gap=3.0000 tried=5 sep_labels=32 clique_frac=0.01
t=42157ms iter=137 REBUILD reject new_tc=40.3350 (was 39.0281)
t=42283ms iter=137 incumb=39.0281 ratchet=39.0689 best=39.0177 since_improve=11
t=42298ms iter=138 WAIST cost=35.0000 best_alt=32.0000 gap=3.0000 tried=5 sep_labels=32 clique_frac=0.01
t=42452ms iter=138 REBUILD reject new_tc=39.9134 (was 39.0281)
t=42571ms iter=138 incumb=39.0281 ratchet=39.5224 best=39.0177 since_improve=12
t=42585ms iter=139 WAIST cost=35.0000 best_alt=31.0000 gap=4.0000 tried=5 sep_labels=31 clique_frac=0.04
t=42735ms iter=139 REBUILD reject new_tc=42.4083 (was 39.0281)
t=42858ms iter=139 incumb=39.0281 ratchet=39.1754 best=39.0177 since_improve=13
t=42871ms iter=140 WAIST cost=35.0000 best_alt=32.0000 gap=3.0000 tried=5 sep_labels=32 clique_frac=0.01
t=43026ms iter=140 REBUILD reject new_tc=40.6487 (was 39.0281)
t=43151ms iter=140 incumb=39.0281 ratchet=39.0602 best=39.0177 since_improve=14
t=43165ms iter=141 WAIST cost=35.0000 best_alt=32.0000 gap=3.0000 tried=5 sep_labels=32 clique_frac=0.01
t=43322ms iter=141 REBUILD reject new_tc=39.9363 (was 39.0281)
t=43444ms iter=141 incumb=39.0281 ratchet=39.0442 best=39.0177 since_improve=15
t=43459ms iter=142 WAIST cost=35.0000 best_alt=31.0000 gap=4.0000 tried=5 sep_labels=31 clique_frac=0.00
t=43613ms iter=142 REBUILD reject new_tc=39.9441 (was 39.0281)
t=43737ms iter=142 incumb=39.0281 ratchet=39.0656 best=39.0177 since_improve=16
t=43748ms iter=143 WAIST cost=35.0000 best_alt=32.0000 gap=3.0000 tried=5 sep_labels=32 clique_frac=0.01
t=43904ms iter=143 REBUILD reject new_tc=40.4302 (was 39.0281)
t=44025ms iter=143 incumb=39.0281 ratchet=39.0538 best=39.0177 since_improve=17
t=44039ms iter=144 WAIST cost=35.0000 best_alt=31.0000 gap=4.0000 tried=5 sep_labels=31 clique_frac=0.02
t=44193ms iter=144 REBUILD reject new_tc=40.5471 (was 39.0281)
t=44317ms iter=144 incumb=39.0281 ratchet=39.0612 best=39.0177 since_improve=18
t=44327ms iter=145 WAIST cost=35.0000 best_alt=32.0000 gap=3.0000 tried=5 sep_labels=32 clique_frac=0.01
t=44480ms iter=145 REBUILD reject new_tc=40.1841 (was 39.0281)
t=44606ms iter=145 incumb=39.0281 ratchet=39.0311 best=39.0177 since_improve=19
t=44619ms iter=146 WAIST cost=35.0000 best_alt=32.0000 gap=3.0000 tried=5 sep_labels=32 clique_frac=0.01
t=44768ms iter=146 REBUILD reject new_tc=40.0944 (was 39.0281)
t=44891ms iter=146 incumb=39.0281 ratchet=39.0838 best=39.0177 since_improve=20
t=44901ms iter=147 WAIST cost=35.0000 best_alt=32.0000 gap=3.0000 tried=5 sep_labels=32 clique_frac=0.01
t=45051ms iter=147 REBUILD reject new_tc=45.0383 (was 39.0281)
t=45176ms iter=147 incumb=39.0281 ratchet=39.1537 best=39.0177 since_improve=21
t=45190ms iter=148 WAIST cost=35.0000 best_alt=31.0000 gap=4.0000 tried=5 sep_labels=31 clique_frac=0.04
t=45342ms iter=148 REBUILD reject new_tc=40.3185 (was 39.0281)
t=45466ms iter=148 incumb=39.0281 ratchet=39.4124 best=39.0177 since_improve=22
t=45480ms iter=149 WAIST cost=35.0000 best_alt=32.0000 gap=3.0000 tried=5 sep_labels=32 clique_frac=0.01
t=45634ms iter=149 REBUILD reject new_tc=40.1934 (was 39.0281)
t=45760ms iter=149 incumb=39.0281 ratchet=39.0612 best=39.0177 since_improve=23
t=45773ms iter=150 WAIST cost=35.0000 best_alt=32.0000 gap=3.0000 tried=5 sep_labels=32 clique_frac=0.01
t=45926ms iter=150 REBUILD reject new_tc=40.9880 (was 39.0281)
t=46121ms iter=150 incumb=39.0281 ratchet=39.0100 best=39.0047 since_improve=0
t=46137ms iter=151 WAIST cost=35.0000 best_alt=31.0000 gap=4.0000 tried=5 sep_labels=31 clique_frac=0.01
t=46288ms iter=151 REBUILD reject new_tc=44.0664 (was 39.0100)
t=46411ms iter=151 incumb=39.0100 ratchet=39.0810 best=39.0047 since_improve=1
t=46430ms iter=152 WAIST cost=35.0000 best_alt=31.0000 gap=4.0000 tried=5 sep_labels=31 clique_frac=0.01
t=46580ms iter=152 REBUILD reject new_tc=41.5507 (was 39.0100)
t=46703ms iter=152 incumb=39.0100 ratchet=39.0333 best=39.0047 since_improve=2
t=46718ms iter=153 WAIST cost=35.0000 best_alt=31.0000 gap=4.0000 tried=5 sep_labels=31 clique_frac=0.01
t=46868ms iter=153 REBUILD reject new_tc=40.5319 (was 39.0100)
t=46992ms iter=153 incumb=39.0100 ratchet=39.0115 best=39.0047 since_improve=3
t=47007ms iter=154 WAIST cost=35.0000 best_alt=31.0000 gap=4.0000 tried=5 sep_labels=31 clique_frac=0.01
t=47159ms iter=154 REBUILD reject new_tc=40.3505 (was 39.0100)
t=47285ms iter=154 incumb=39.0100 ratchet=39.0238 best=39.0047 since_improve=4
t=47304ms iter=155 WAIST cost=35.0000 best_alt=29.0000 gap=6.0000 tried=5 sep_labels=29 clique_frac=0.01
t=47454ms iter=155 REBUILD reject new_tc=42.2248 (was 39.0100)
t=47577ms iter=155 incumb=39.0100 ratchet=39.2676 best=39.0047 since_improve=5
t=47593ms iter=156 WAIST cost=35.0000 best_alt=29.0000 gap=6.0000 tried=5 sep_labels=29 clique_frac=0.00
t=47745ms iter=156 REBUILD reject new_tc=40.4007 (was 39.0100)
t=47870ms iter=156 incumb=39.0100 ratchet=39.0312 best=39.0047 since_improve=6
t=47888ms iter=157 WAIST cost=35.0000 best_alt=31.0000 gap=4.0000 tried=5 sep_labels=31 clique_frac=0.01
t=48040ms iter=157 REBUILD reject new_tc=40.6853 (was 39.0100)
t=48163ms iter=157 incumb=39.0100 ratchet=39.0776 best=39.0047 since_improve=7
t=48181ms iter=158 WAIST cost=35.0000 best_alt=31.0000 gap=4.0000 tried=5 sep_labels=31 clique_frac=0.01
t=48335ms iter=158 REBUILD reject new_tc=40.5693 (was 39.0100)
t=48468ms iter=158 incumb=39.0100 ratchet=39.0460 best=39.0047 since_improve=8
t=48483ms iter=159 WAIST cost=35.0000 best_alt=31.0000 gap=4.0000 tried=5 sep_labels=31 clique_frac=0.01
t=48635ms iter=159 REBUILD reject new_tc=44.0796 (was 39.0100)
t=48762ms iter=159 incumb=39.0100 ratchet=39.0767 best=39.0047 since_improve=9
t=48778ms iter=160 WAIST cost=35.0000 best_alt=31.0000 gap=4.0000 tried=5 sep_labels=31 clique_frac=0.01
t=48929ms iter=160 REBUILD reject new_tc=44.0886 (was 39.0100)
t=49054ms iter=160 incumb=39.0100 ratchet=39.0871 best=39.0047 since_improve=10
t=49068ms iter=161 WAIST cost=35.0000 best_alt=31.0000 gap=4.0000 tried=5 sep_labels=31 clique_frac=0.01
t=49215ms iter=161 REBUILD reject new_tc=42.3086 (was 39.0100)
t=49340ms iter=161 incumb=39.0100 ratchet=39.0130 best=39.0047 since_improve=11
t=49355ms iter=162 WAIST cost=35.0000 best_alt=31.0000 gap=4.0000 tried=5 sep_labels=31 clique_frac=0.01
t=49510ms iter=162 REBUILD reject new_tc=40.2944 (was 39.0100)
t=49633ms iter=162 incumb=39.0100 ratchet=39.2542 best=39.0047 since_improve=12
t=49649ms iter=163 WAIST cost=35.0000 best_alt=31.0000 gap=4.0000 tried=5 sep_labels=31 clique_frac=0.01
t=49802ms iter=163 REBUILD reject new_tc=44.1264 (was 39.0100)
t=49929ms iter=163 incumb=39.0100 ratchet=39.0281 best=39.0047 since_improve=13
t=49948ms iter=164 WAIST cost=35.0000 best_alt=31.0000 gap=4.0000 tried=5 sep_labels=31 clique_frac=0.01
t=50105ms iter=164 REBUILD reject new_tc=40.2592 (was 39.0100)
t=50267ms iter=164 incumb=39.0100 ratchet=39.0518 best=39.0047 since_improve=14
t=50281ms iter=165 WAIST cost=35.0000 best_alt=31.0000 gap=4.0000 tried=5 sep_labels=31 clique_frac=0.01
t=50432ms iter=165 REBUILD reject new_tc=40.7673 (was 39.0100)
t=50558ms iter=165 incumb=39.0100 ratchet=39.1238 best=39.0047 since_improve=15
t=50578ms iter=166 WAIST cost=35.0000 best_alt=31.0000 gap=4.0000 tried=5 sep_labels=31 clique_frac=0.01
t=50728ms iter=166 REBUILD reject new_tc=44.0809 (was 39.0100)
t=50894ms iter=166 incumb=39.0100 ratchet=39.2334 best=39.0047 since_improve=16
t=50908ms iter=167 WAIST cost=35.0000 best_alt=31.0000 gap=4.0000 tried=5 sep_labels=31 clique_frac=0.01
t=51060ms iter=167 REBUILD reject new_tc=40.2831 (was 39.0100)
t=51186ms iter=167 incumb=39.0100 ratchet=39.3754 best=39.0047 since_improve=17
t=51204ms iter=168 WAIST cost=35.0000 best_alt=29.0000 gap=6.0000 tried=5 sep_labels=29 clique_frac=0.00
t=51430ms iter=168 REBUILD reject new_tc=41.0654 (was 39.0100)
t=51653ms iter=168 incumb=39.0100 ratchet=39.0102 best=39.0047 since_improve=18
t=51691ms iter=169 WAIST cost=35.0000 best_alt=31.0000 gap=4.0000 tried=5 sep_labels=31 clique_frac=0.01
t=52012ms iter=169 REBUILD reject new_tc=40.5249 (was 39.0100)
t=52265ms iter=169 incumb=39.0100 ratchet=39.1986 best=39.0047 since_improve=19
t=52290ms iter=170 WAIST cost=35.0000 best_alt=31.0000 gap=4.0000 tried=5 sep_labels=31 clique_frac=0.01
t=52614ms iter=170 REBUILD reject new_tc=40.6190 (was 39.0100)
t=52842ms iter=170 incumb=39.0100 ratchet=39.2521 best=39.0047 since_improve=20
t=52856ms iter=171 WAIST cost=35.0000 best_alt=31.0000 gap=4.0000 tried=5 sep_labels=31 clique_frac=0.01
t=53015ms iter=171 REBUILD reject new_tc=41.1775 (was 39.0100)
t=53138ms iter=171 incumb=39.0100 ratchet=39.1023 best=39.0047 since_improve=21
t=53154ms iter=172 WAIST cost=35.0000 best_alt=31.0000 gap=4.0000 tried=5 sep_labels=31 clique_frac=0.01
t=53387ms iter=172 REBUILD reject new_tc=39.9105 (was 39.0100)
t=53607ms iter=172 incumb=39.0100 ratchet=39.0277 best=39.0047 since_improve=22
t=53624ms iter=173 WAIST cost=35.0000 best_alt=31.0000 gap=4.0000 tried=5 sep_labels=31 clique_frac=0.01
t=53780ms iter=173 REBUILD reject new_tc=42.2511 (was 39.0100)
t=53905ms iter=173 incumb=39.0100 ratchet=39.1712 best=39.0047 since_improve=23
t=53922ms iter=174 WAIST cost=35.0000 best_alt=31.0000 gap=4.0000 tried=5 sep_labels=31 clique_frac=0.01
t=54077ms iter=174 REBUILD reject new_tc=40.7994 (was 39.0100)
t=54204ms iter=174 incumb=39.0100 ratchet=39.0706 best=39.0047 since_improve=24
t=54218ms iter=175 WAIST cost=35.0000 best_alt=31.0000 gap=4.0000 tried=5 sep_labels=31 clique_frac=0.01
t=54370ms iter=175 REBUILD reject new_tc=40.0341 (was 39.0100)
t=54496ms iter=175 incumb=39.0100 ratchet=39.1074 best=39.0047 since_improve=25
t=54508ms iter=176 WAIST cost=35.0000 best_alt=31.0000 gap=4.0000 tried=5 sep_labels=31 clique_frac=0.01
t=54657ms iter=176 REBUILD reject new_tc=43.1968 (was 39.0100)
t=54783ms iter=176 incumb=39.0100 ratchet=39.0322 best=39.0047 since_improve=26
t=54798ms iter=177 WAIST cost=35.0000 best_alt=31.0000 gap=4.0000 tried=5 sep_labels=31 clique_frac=0.01
t=54951ms iter=177 REBUILD reject new_tc=40.3992 (was 39.0100)
t=55074ms iter=177 incumb=39.0100 ratchet=39.0706 best=39.0047 since_improve=27
t=55087ms iter=178 WAIST cost=35.0000 best_alt=31.0000 gap=4.0000 tried=5 sep_labels=31 clique_frac=0.01
t=55234ms iter=178 REBUILD reject new_tc=44.0417 (was 39.0100)
t=55355ms iter=178 incumb=39.0100 ratchet=39.0148 best=39.0047 since_improve=28
t=55375ms iter=179 WAIST cost=35.0000 best_alt=29.0000 gap=6.0000 tried=5 sep_labels=29 clique_frac=0.00
t=55527ms iter=179 REBUILD reject new_tc=40.2966 (was 39.0100)
t=55650ms iter=179 incumb=39.0100 ratchet=39.0353 best=39.0047 since_improve=29
t=55668ms iter=180 WAIST cost=35.0000 best_alt=29.0000 gap=6.0000 tried=5 sep_labels=29 clique_frac=0.01
t=55820ms iter=180 REBUILD reject new_tc=40.6587 (was 39.0100)
t=55945ms iter=180 incumb=39.0100 ratchet=39.0491 best=39.0047 since_improve=30
t=55961ms iter=181 WAIST cost=35.0000 best_alt=31.0000 gap=4.0000 tried=5 sep_labels=31 clique_frac=0.01
t=56109ms iter=181 REBUILD reject new_tc=44.0718 (was 39.0100)
t=56231ms iter=181 incumb=39.0100 ratchet=39.1790 best=39.0047 since_improve=31
t=56250ms iter=182 WAIST cost=35.0000 best_alt=31.0000 gap=4.0000 tried=5 sep_labels=31 clique_frac=0.01
t=56405ms iter=182 REBUILD reject new_tc=40.4280 (was 39.0100)
t=56526ms iter=182 incumb=39.0100 ratchet=39.0270 best=39.0047 since_improve=32
t=56543ms iter=183 WAIST cost=35.0000 best_alt=31.0000 gap=4.0000 tried=5 sep_labels=31 clique_frac=0.01
t=56697ms iter=183 REBUILD reject new_tc=40.3635 (was 39.0100)
t=56821ms iter=183 incumb=39.0100 ratchet=39.0186 best=39.0047 since_improve=33
t=56837ms iter=184 WAIST cost=35.0000 best_alt=31.0000 gap=4.0000 tried=5 sep_labels=31 clique_frac=0.01
t=56991ms iter=184 REBUILD reject new_tc=40.0954 (was 39.0100)
t=57114ms iter=184 incumb=39.0100 ratchet=39.3209 best=39.0047 since_improve=34
t=57129ms iter=185 WAIST cost=35.0000 best_alt=29.0000 gap=6.0000 tried=5 sep_labels=29 clique_frac=0.02
t=57282ms iter=185 REBUILD reject new_tc=40.3779 (was 39.0100)
t=57407ms iter=185 incumb=39.0100 ratchet=39.0531 best=39.0047 since_improve=35
t=57422ms iter=186 WAIST cost=35.0000 best_alt=31.0000 gap=4.0000 tried=5 sep_labels=31 clique_frac=0.01
t=57577ms iter=186 REBUILD reject new_tc=40.4871 (was 39.0100)
t=57701ms iter=186 incumb=39.0100 ratchet=39.1281 best=39.0047 since_improve=36
t=57714ms iter=187 WAIST cost=35.0000 best_alt=31.0000 gap=4.0000 tried=5 sep_labels=31 clique_frac=0.01
t=57865ms iter=187 REBUILD reject new_tc=45.0330 (was 39.0100)
t=57988ms iter=187 incumb=39.0100 ratchet=39.4935 best=39.0047 since_improve=37
t=58006ms iter=188 WAIST cost=35.0000 best_alt=31.0000 gap=4.0000 tried=5 sep_labels=31 clique_frac=0.01
t=58162ms iter=188 REBUILD reject new_tc=40.4409 (was 39.0100)
t=58285ms iter=188 incumb=39.0100 ratchet=39.1022 best=39.0047 since_improve=38
t=58300ms iter=189 WAIST cost=35.0000 best_alt=31.0000 gap=4.0000 tried=5 sep_labels=31 clique_frac=0.01
t=58457ms iter=189 REBUILD reject new_tc=40.2851 (was 39.0100)
t=58579ms iter=189 incumb=39.0100 ratchet=39.2566 best=39.0047 since_improve=39
t=58596ms iter=190 WAIST cost=35.0000 best_alt=31.0000 gap=4.0000 tried=5 sep_labels=31 clique_frac=0.01
t=58798ms iter=190 REBUILD reject new_tc=39.8801 (was 39.0100)
t=58936ms iter=190 incumb=39.0100 ratchet=39.2154 best=39.0047 since_improve=40
t=58953ms iter=191 WAIST cost=35.0000 best_alt=29.0000 gap=6.0000 tried=5 sep_labels=29 clique_frac=0.00
t=59107ms iter=191 REBUILD reject new_tc=40.0134 (was 39.0100)
t=59230ms iter=191 incumb=39.0100 ratchet=39.0596 best=39.0047 since_improve=41
t=59245ms iter=192 WAIST cost=35.0000 best_alt=31.0000 gap=4.0000 tried=5 sep_labels=31 clique_frac=0.01
t=59396ms iter=192 REBUILD reject new_tc=42.3197 (was 39.0100)
t=59523ms iter=192 incumb=39.0100 ratchet=39.0689 best=39.0047 since_improve=42
t=59538ms iter=193 WAIST cost=35.0000 best_alt=31.0000 gap=4.0000 tried=5 sep_labels=31 clique_frac=0.01
t=59694ms iter=193 REBUILD reject new_tc=40.5324 (was 39.0100)
t=59819ms iter=193 incumb=39.0100 ratchet=39.2561 best=39.0047 since_improve=43
t=59837ms iter=194 WAIST cost=35.0000 best_alt=31.0000 gap=4.0000 tried=5 sep_labels=31 clique_frac=0.01
t=59988ms iter=194 REBUILD reject new_tc=42.3078 (was 39.0100)
t=60113ms iter=194 incumb=39.0100 ratchet=39.4133 best=39.0047 since_improve=44
t=60127ms iter=195 WAIST cost=35.0000 best_alt=31.0000 gap=4.0000 tried=5 sep_labels=31 clique_frac=0.01
t=60276ms iter=195 REBUILD reject new_tc=42.8198 (was 39.0100)
t=60403ms iter=195 incumb=39.0100 ratchet=39.5664 best=39.0047 since_improve=45
t=60421ms iter=196 WAIST cost=35.0000 best_alt=29.0000 gap=6.0000 tried=5 sep_labels=29 clique_frac=0.02
t=60574ms iter=196 REBUILD reject new_tc=42.2394 (was 39.0100)
t=60774ms iter=196 incumb=39.0100 ratchet=39.0438 best=39.0047 since_improve=46
t=60803ms iter=197 WAIST cost=35.0000 best_alt=31.0000 gap=4.0000 tried=5 sep_labels=31 clique_frac=0.01
t=60973ms iter=197 REBUILD reject new_tc=40.8443 (was 39.0100)
t=61109ms iter=197 incumb=39.0100 ratchet=39.2639 best=39.0047 since_improve=47
t=61125ms iter=198 WAIST cost=35.0000 best_alt=31.0000 gap=4.0000 tried=5 sep_labels=31 clique_frac=0.01
t=61276ms iter=198 REBUILD reject new_tc=43.2021 (was 39.0100)
t=61400ms iter=198 incumb=39.0100 ratchet=39.0380 best=39.0047 since_improve=48
t=61419ms iter=199 WAIST cost=35.0000 best_alt=31.0000 gap=4.0000 tried=5 sep_labels=31 clique_frac=0.01
t=61571ms iter=199 REBUILD reject new_tc=40.7611 (was 39.0100)
t=61694ms iter=199 incumb=39.0100 ratchet=39.0120 best=39.0047 since_improve=49
t=61708ms iter=200 WAIST cost=35.0000 best_alt=29.0000 gap=6.0000 tried=5 sep_labels=29 clique_frac=0.00
t=61860ms iter=200 REBUILD reject new_tc=45.0243 (was 39.0100)
t=61983ms iter=200 incumb=39.0100 ratchet=39.0592 best=39.0047 since_improve=50
t=62002ms iter=201 WAIST cost=35.0000 best_alt=29.0000 gap=6.0000 tried=5 sep_labels=29 clique_frac=0.00
t=62153ms iter=201 REBUILD reject new_tc=40.2241 (was 39.0100)
t=62273ms iter=201 incumb=39.0100 ratchet=39.1219 best=39.0047 since_improve=51
t=62290ms iter=202 WAIST cost=35.0000 best_alt=31.0000 gap=4.0000 tried=5 sep_labels=31 clique_frac=0.01
t=62453ms iter=202 REBUILD reject new_tc=40.3718 (was 39.0100)
t=62576ms iter=202 incumb=39.0100 ratchet=39.0450 best=39.0047 since_improve=52
t=62595ms iter=203 WAIST cost=35.0000 best_alt=29.0000 gap=6.0000 tried=5 sep_labels=29 clique_frac=0.02
t=62745ms iter=203 REBUILD reject new_tc=45.0256 (was 39.0100)
t=62872ms iter=203 incumb=39.0100 ratchet=39.0392 best=39.0047 since_improve=53
t=62890ms iter=204 WAIST cost=35.0000 best_alt=29.0000 gap=6.0000 tried=5 sep_labels=29 clique_frac=0.00
t=63038ms iter=204 REBUILD reject new_tc=41.5482 (was 39.0100)
t=63164ms iter=204 incumb=39.0100 ratchet=39.2031 best=39.0047 since_improve=54
t=63179ms iter=205 WAIST cost=35.0000 best_alt=31.0000 gap=4.0000 tried=5 sep_labels=31 clique_frac=0.01
t=63331ms iter=205 REBUILD reject new_tc=40.4772 (was 39.0100)
t=63457ms iter=205 incumb=39.0100 ratchet=39.0165 best=39.0047 since_improve=55
t=63474ms iter=206 WAIST cost=35.0000 best_alt=31.0000 gap=4.0000 tried=5 sep_labels=31 clique_frac=0.01
t=63627ms iter=206 REBUILD reject new_tc=40.2120 (was 39.0100)
t=63750ms iter=206 incumb=39.0100 ratchet=39.2229 best=39.0047 since_improve=56
t=63768ms iter=207 WAIST cost=35.0000 best_alt=31.0000 gap=4.0000 tried=5 sep_labels=31 clique_frac=0.01
t=63917ms iter=207 REBUILD reject new_tc=42.4844 (was 39.0100)
t=64039ms iter=207 incumb=39.0100 ratchet=39.1919 best=39.0047 since_improve=57
t=64055ms iter=208 WAIST cost=35.0000 best_alt=31.0000 gap=4.0000 tried=5 sep_labels=31 clique_frac=0.01
t=64207ms iter=208 REBUILD reject new_tc=43.0936 (was 39.0100)
t=64330ms iter=208 incumb=39.0100 ratchet=39.0646 best=39.0047 since_improve=58
t=64345ms iter=209 WAIST cost=35.0000 best_alt=31.0000 gap=4.0000 tried=5 sep_labels=31 clique_frac=0.01
t=64497ms iter=209 REBUILD reject new_tc=40.4817 (was 39.0100)
t=64620ms iter=209 incumb=39.0100 ratchet=39.0199 best=39.0047 since_improve=59
t=64638ms iter=210 WAIST cost=35.0000 best_alt=31.0000 gap=4.0000 tried=5 sep_labels=31 clique_frac=0.01
t=64792ms iter=210 REBUILD reject new_tc=40.3176 (was 39.0100)
t=64916ms iter=210 incumb=39.0100 ratchet=39.0837 best=39.0047 since_improve=60
t=64932ms iter=211 WAIST cost=35.0000 best_alt=31.0000 gap=4.0000 tried=5 sep_labels=31 clique_frac=0.01
t=65084ms iter=211 REBUILD reject new_tc=40.7499 (was 39.0100)
t=65270ms iter=211 incumb=39.0100 ratchet=39.4187 best=39.0047 since_improve=61
t=65293ms iter=212 WAIST cost=35.0000 best_alt=31.0000 gap=4.0000 tried=5 sep_labels=31 clique_frac=0.01
t=65497ms iter=212 REBUILD reject new_tc=40.3009 (was 39.0100)
t=65624ms iter=212 incumb=39.0100 ratchet=39.1154 best=39.0047 since_improve=62
t=65641ms iter=213 WAIST cost=35.0000 best_alt=31.0000 gap=4.0000 tried=5 sep_labels=31 clique_frac=0.01
t=65791ms iter=213 REBUILD reject new_tc=40.7022 (was 39.0100)
t=65914ms iter=213 incumb=39.0100 ratchet=39.2347 best=39.0047 since_improve=63
t=65927ms iter=214 WAIST cost=35.0000 best_alt=31.0000 gap=4.0000 tried=5 sep_labels=31 clique_frac=0.01
t=66077ms iter=214 REBUILD reject new_tc=40.5926 (was 39.0100)
t=66203ms iter=214 incumb=39.0100 ratchet=39.4169 best=39.0047 since_improve=64
t=66218ms iter=215 WAIST cost=35.0000 best_alt=31.0000 gap=4.0000 tried=5 sep_labels=31 clique_frac=0.01
t=66368ms iter=215 REBUILD reject new_tc=40.9395 (was 39.0100)
t=66491ms iter=215 incumb=39.0100 ratchet=39.0776 best=39.0047 since_improve=65
t=66506ms iter=216 WAIST cost=35.0000 best_alt=31.0000 gap=4.0000 tried=5 sep_labels=31 clique_frac=0.01
t=66657ms iter=216 REBUILD reject new_tc=41.1271 (was 39.0100)
t=66779ms iter=216 incumb=39.0100 ratchet=39.1346 best=39.0047 since_improve=66
t=66795ms iter=217 WAIST cost=35.0000 best_alt=31.0000 gap=4.0000 tried=5 sep_labels=31 clique_frac=0.01
t=66946ms iter=217 REBUILD reject new_tc=40.7536 (was 39.0100)
t=67068ms iter=217 incumb=39.0100 ratchet=39.0589 best=39.0047 since_improve=67
t=67082ms iter=218 WAIST cost=35.0000 best_alt=31.0000 gap=4.0000 tried=5 sep_labels=31 clique_frac=0.01
t=67230ms iter=218 REBUILD reject new_tc=41.5725 (was 39.0100)
t=67356ms iter=218 incumb=39.0100 ratchet=39.0815 best=39.0047 since_improve=68
t=67370ms iter=219 WAIST cost=35.0000 best_alt=31.0000 gap=4.0000 tried=5 sep_labels=31 clique_frac=0.01
t=67522ms iter=219 REBUILD reject new_tc=40.1143 (was 39.0100)
t=67647ms iter=219 incumb=39.0100 ratchet=39.2182 best=39.0047 since_improve=69
t=67663ms iter=220 WAIST cost=35.0000 best_alt=31.0000 gap=4.0000 tried=5 sep_labels=31 clique_frac=0.01
t=67810ms iter=220 REBUILD reject new_tc=47.0102 (was 39.0100)
t=67938ms iter=220 incumb=39.0100 ratchet=39.4074 best=39.0047 since_improve=70
t=67954ms iter=221 WAIST cost=35.0000 best_alt=29.0000 gap=6.0000 tried=5 sep_labels=29 clique_frac=0.02
t=68109ms iter=221 REBUILD reject new_tc=40.4025 (was 39.0100)
t=68234ms iter=221 incumb=39.0100 ratchet=39.0527 best=39.0047 since_improve=71
t=68249ms iter=222 WAIST cost=35.0000 best_alt=31.0000 gap=4.0000 tried=5 sep_labels=31 clique_frac=0.01
t=68405ms iter=222 REBUILD reject new_tc=40.2881 (was 39.0100)
t=68530ms iter=222 incumb=39.0100 ratchet=39.1245 best=39.0047 since_improve=72
t=68547ms iter=223 WAIST cost=35.0000 best_alt=31.0000 gap=4.0000 tried=5 sep_labels=31 clique_frac=0.01
t=68698ms iter=223 REBUILD reject new_tc=44.0548 (was 39.0100)
t=68821ms iter=223 incumb=39.0100 ratchet=39.0834 best=39.0047 since_improve=73
t=68836ms iter=224 WAIST cost=35.0000 best_alt=31.0000 gap=4.0000 tried=5 sep_labels=31 clique_frac=0.01
t=68988ms iter=224 REBUILD reject new_tc=41.0837 (was 39.0100)
t=69112ms iter=224 incumb=39.0100 ratchet=39.0305 best=39.0047 since_improve=74
t=69129ms iter=225 WAIST cost=35.0000 best_alt=31.0000 gap=4.0000 tried=5 sep_labels=31 clique_frac=0.01
t=69277ms iter=225 REBUILD reject new_tc=44.1093 (was 39.0100)
t=69402ms iter=225 incumb=39.0100 ratchet=39.0098 best=39.0047 since_improve=0
t=69420ms iter=226 WAIST cost=35.0000 best_alt=29.0000 gap=6.0000 tried=5 sep_labels=29 clique_frac=0.01
t=69569ms iter=226 REBUILD reject new_tc=40.1805 (was 39.0098)
t=69693ms iter=226 incumb=39.0098 ratchet=39.2185 best=39.0047 since_improve=1
t=69707ms iter=227 WAIST cost=35.0000 best_alt=32.0000 gap=3.0000 tried=5 sep_labels=32 clique_frac=0.01
t=69864ms iter=227 REBUILD reject new_tc=40.6917 (was 39.0098)
t=70005ms iter=227 incumb=39.0098 ratchet=39.0434 best=39.0047 since_improve=2
t=70022ms iter=228 WAIST cost=35.0000 best_alt=29.0000 gap=6.0000 tried=5 sep_labels=29 clique_frac=0.03
t=70174ms iter=228 REBUILD reject new_tc=42.2478 (was 39.0098)
t=70296ms iter=228 incumb=39.0098 ratchet=39.2287 best=39.0047 since_improve=3
t=70312ms iter=229 WAIST cost=35.0000 best_alt=32.0000 gap=3.0000 tried=5 sep_labels=32 clique_frac=0.01
t=70464ms iter=229 REBUILD reject new_tc=40.7025 (was 39.0098)
t=70588ms iter=229 incumb=39.0098 ratchet=39.0883 best=39.0047 since_improve=4
t=70602ms iter=230 WAIST cost=35.0000 best_alt=31.0000 gap=4.0000 tried=5 sep_labels=31 clique_frac=0.00
t=70753ms iter=230 REBUILD reject new_tc=41.4821 (was 39.0098)
t=70879ms iter=230 incumb=39.0098 ratchet=39.0991 best=39.0047 since_improve=5
t=70891ms iter=231 WAIST cost=35.0000 best_alt=32.0000 gap=3.0000 tried=5 sep_labels=32 clique_frac=0.01
t=71044ms iter=231 REBUILD reject new_tc=41.3471 (was 39.0098)
t=71168ms iter=231 incumb=39.0098 ratchet=39.4593 best=39.0047 since_improve=6
t=71182ms iter=232 WAIST cost=35.0000 best_alt=32.0000 gap=3.0000 tried=5 sep_labels=32 clique_frac=0.01
t=71336ms iter=232 REBUILD reject new_tc=40.1238 (was 39.0098)
t=71460ms iter=232 incumb=39.0098 ratchet=39.0801 best=39.0047 since_improve=7
t=71477ms iter=233 WAIST cost=35.0000 best_alt=31.0000 gap=4.0000 tried=5 sep_labels=31 clique_frac=0.03
t=71634ms iter=233 REBUILD reject new_tc=40.1964 (was 39.0098)
t=71760ms iter=233 incumb=39.0098 ratchet=39.0380 best=39.0047 since_improve=8
t=71771ms iter=234 WAIST cost=35.0000 best_alt=32.0000 gap=3.0000 tried=5 sep_labels=32 clique_frac=0.01
t=71929ms iter=234 REBUILD reject new_tc=40.3254 (was 39.0098)
t=72054ms iter=234 incumb=39.0098 ratchet=39.3072 best=39.0047 since_improve=9
t=72071ms iter=235 WAIST cost=35.0000 best_alt=32.0000 gap=3.0000 tried=5 sep_labels=32 clique_frac=0.01
t=72227ms iter=235 REBUILD reject new_tc=40.6083 (was 39.0098)
t=72350ms iter=235 incumb=39.0098 ratchet=39.0581 best=39.0047 since_improve=10
t=72365ms iter=236 WAIST cost=35.0000 best_alt=32.0000 gap=3.0000 tried=5 sep_labels=32 clique_frac=0.01
t=72523ms iter=236 REBUILD reject new_tc=40.4515 (was 39.0098)
t=72652ms iter=236 incumb=39.0098 ratchet=39.0363 best=39.0047 since_improve=11
t=72665ms iter=237 WAIST cost=35.0000 best_alt=32.0000 gap=3.0000 tried=5 sep_labels=32 clique_frac=0.01
t=72819ms iter=237 REBUILD reject new_tc=41.4900 (was 39.0098)
t=72944ms iter=237 incumb=39.0098 ratchet=39.1218 best=39.0047 since_improve=12
t=72956ms iter=238 WAIST cost=35.0000 best_alt=32.0000 gap=3.0000 tried=5 sep_labels=32 clique_frac=0.01
t=73108ms iter=238 REBUILD reject new_tc=40.9836 (was 39.0098)
t=73234ms iter=238 incumb=39.0098 ratchet=39.3576 best=39.0047 since_improve=13
t=73248ms iter=239 WAIST cost=35.0000 best_alt=32.0000 gap=3.0000 tried=5 sep_labels=32 clique_frac=0.01
t=73394ms iter=239 REBUILD reject new_tc=41.0526 (was 39.0098)
t=73548ms iter=239 incumb=39.0098 ratchet=39.3256 best=39.0047 since_improve=14
t=73583ms iter=240 WAIST cost=35.0000 best_alt=32.0000 gap=3.0000 tried=5 sep_labels=32 clique_frac=0.01
t=73740ms iter=240 REBUILD reject new_tc=40.7807 (was 39.0098)
t=73866ms iter=240 incumb=39.0098 ratchet=39.0831 best=39.0047 since_improve=15
t=73882ms iter=241 WAIST cost=35.0000 best_alt=31.0000 gap=4.0000 tried=5 sep_labels=31 clique_frac=0.03
t=74033ms iter=241 REBUILD reject new_tc=40.0214 (was 39.0098)
t=74157ms iter=241 incumb=39.0098 ratchet=39.2483 best=39.0047 since_improve=16
t=74171ms iter=242 WAIST cost=35.0000 best_alt=31.0000 gap=4.0000 tried=5 sep_labels=31 clique_frac=0.02
t=74382ms iter=242 REBUILD reject new_tc=40.3009 (was 39.0098)
t=74504ms iter=242 incumb=39.0098 ratchet=39.0734 best=39.0047 since_improve=17
t=74517ms iter=243 WAIST cost=35.0000 best_alt=32.0000 gap=3.0000 tried=5 sep_labels=32 clique_frac=0.01
t=74671ms iter=243 REBUILD reject new_tc=40.9437 (was 39.0098)
t=74798ms iter=243 incumb=39.0098 ratchet=39.1937 best=39.0047 since_improve=18
t=74812ms iter=244 WAIST cost=35.0000 best_alt=32.0000 gap=3.0000 tried=5 sep_labels=32 clique_frac=0.01
t=74963ms iter=244 REBUILD reject new_tc=40.6099 (was 39.0098)
t=75086ms iter=244 incumb=39.0098 ratchet=39.0151 best=39.0047 since_improve=19
t=75099ms iter=245 WAIST cost=35.0000 best_alt=32.0000 gap=3.0000 tried=5 sep_labels=32 clique_frac=0.01
t=75254ms iter=245 REBUILD reject new_tc=41.1832 (was 39.0098)
t=75379ms iter=245 incumb=39.0098 ratchet=39.4928 best=39.0047 since_improve=20
t=75392ms iter=246 WAIST cost=35.0000 best_alt=32.0000 gap=3.0000 tried=5 sep_labels=32 clique_frac=0.01
t=75547ms iter=246 REBUILD reject new_tc=40.3739 (was 39.0098)
t=75670ms iter=246 incumb=39.0098 ratchet=39.0505 best=39.0047 since_improve=21
t=75687ms iter=247 WAIST cost=35.0000 best_alt=29.0000 gap=6.0000 tried=5 sep_labels=29 clique_frac=0.02
t=75835ms iter=247 REBUILD reject new_tc=43.1014 (was 39.0098)
t=75963ms iter=247 incumb=39.0098 ratchet=39.1261 best=39.0047 since_improve=22
t=75978ms iter=248 WAIST cost=35.0000 best_alt=32.0000 gap=3.0000 tried=5 sep_labels=32 clique_frac=0.01
t=76128ms iter=248 REBUILD reject new_tc=40.7119 (was 39.0098)
t=76248ms iter=248 incumb=39.0098 ratchet=39.0815 best=39.0047 since_improve=23
t=76261ms iter=249 WAIST cost=35.0000 best_alt=32.0000 gap=3.0000 tried=5 sep_labels=32 clique_frac=0.01
t=76412ms iter=249 REBUILD reject new_tc=40.4993 (was 39.0098)
t=76535ms iter=249 incumb=39.0098 ratchet=39.1115 best=39.0047 since_improve=24
t=76547ms iter=250 WAIST cost=35.0000 best_alt=32.0000 gap=3.0000 tried=5 sep_labels=32 clique_frac=0.01
t=76700ms iter=250 REBUILD reject new_tc=39.7815 (was 39.0098)
t=76826ms iter=250 incumb=39.0098 ratchet=39.3784 best=39.0047 since_improve=25
t=76840ms iter=251 WAIST cost=35.0000 best_alt=32.0000 gap=3.0000 tried=5 sep_labels=32 clique_frac=0.01
t=76988ms iter=251 REBUILD reject new_tc=41.1645 (was 39.0098)
t=77110ms iter=251 incumb=39.0098 ratchet=39.0869 best=39.0047 since_improve=26
t=77124ms iter=252 WAIST cost=35.0000 best_alt=31.0000 gap=4.0000 tried=5 sep_labels=31 clique_frac=0.02
t=77281ms iter=252 REBUILD reject new_tc=39.8179 (was 39.0098)
t=77404ms iter=252 incumb=39.0098 ratchet=39.1265 best=39.0047 since_improve=27
t=77428ms iter=253 WAIST cost=35.0000 best_alt=32.0000 gap=3.0000 tried=5 sep_labels=32 clique_frac=0.01
t=77581ms iter=253 REBUILD reject new_tc=40.7452 (was 39.0098)
t=77705ms iter=253 incumb=39.0098 ratchet=39.1348 best=39.0047 since_improve=28
t=77720ms iter=254 WAIST cost=35.0000 best_alt=32.0000 gap=3.0000 tried=5 sep_labels=32 clique_frac=0.01
t=77871ms iter=254 REBUILD reject new_tc=40.5910 (was 39.0098)
t=77994ms iter=254 incumb=39.0098 ratchet=39.0731 best=39.0047 since_improve=29
t=78007ms iter=255 WAIST cost=35.0000 best_alt=32.0000 gap=3.0000 tried=5 sep_labels=32 clique_frac=0.01
t=78158ms iter=255 REBUILD reject new_tc=46.0226 (was 39.0098)
t=78284ms iter=255 incumb=39.0098 ratchet=39.0519 best=39.0047 since_improve=30
t=78298ms iter=256 WAIST cost=35.0000 best_alt=32.0000 gap=3.0000 tried=5 sep_labels=32 clique_frac=0.01
t=78448ms iter=256 REBUILD reject new_tc=41.2641 (was 39.0098)
t=78570ms iter=256 incumb=39.0098 ratchet=39.2302 best=39.0047 since_improve=31
t=78586ms iter=257 WAIST cost=35.0000 best_alt=32.0000 gap=3.0000 tried=5 sep_labels=32 clique_frac=0.01
t=78740ms iter=257 REBUILD reject new_tc=40.7604 (was 39.0098)
t=78866ms iter=257 incumb=39.0098 ratchet=39.3165 best=39.0047 since_improve=32
t=78880ms iter=258 WAIST cost=35.0000 best_alt=32.0000 gap=3.0000 tried=5 sep_labels=32 clique_frac=0.01
t=79050ms iter=258 REBUILD reject new_tc=41.6580 (was 39.0098)
t=79189ms iter=258 incumb=39.0098 ratchet=39.1066 best=39.0047 since_improve=33
t=79203ms iter=259 WAIST cost=35.0000 best_alt=32.0000 gap=3.0000 tried=5 sep_labels=32 clique_frac=0.01
t=79357ms iter=259 REBUILD reject new_tc=40.4639 (was 39.0098)
t=79479ms iter=259 incumb=39.0098 ratchet=39.3406 best=39.0047 since_improve=34
t=79490ms iter=260 WAIST cost=35.0000 best_alt=32.0000 gap=3.0000 tried=5 sep_labels=32 clique_frac=0.01
t=79644ms iter=260 REBUILD reject new_tc=40.6386 (was 39.0098)
t=79770ms iter=260 incumb=39.0098 ratchet=39.0344 best=39.0047 since_improve=35
t=79785ms iter=261 WAIST cost=35.0000 best_alt=32.0000 gap=3.0000 tried=5 sep_labels=32 clique_frac=0.01
t=79938ms iter=261 REBUILD reject new_tc=44.0512 (was 39.0098)
t=80062ms iter=261 incumb=39.0098 ratchet=39.0715 best=39.0047 since_improve=36
t=80074ms iter=262 WAIST cost=35.0000 best_alt=32.0000 gap=3.0000 tried=5 sep_labels=32 clique_frac=0.01
t=80231ms iter=262 REBUILD reject new_tc=40.0004 (was 39.0098)
t=80359ms iter=262 incumb=39.0098 ratchet=39.0984 best=39.0047 since_improve=37
t=80375ms iter=263 WAIST cost=35.0000 best_alt=32.0000 gap=3.0000 tried=5 sep_labels=32 clique_frac=0.01
t=80527ms iter=263 REBUILD reject new_tc=40.4255 (was 39.0098)
t=80680ms iter=263 incumb=39.0098 ratchet=39.0730 best=39.0047 since_improve=38
t=80699ms iter=264 WAIST cost=35.0000 best_alt=31.0000 gap=4.0000 tried=5 sep_labels=31 clique_frac=0.03
t=80859ms iter=264 REBUILD reject new_tc=41.4514 (was 39.0098)
t=80984ms iter=264 incumb=39.0098 ratchet=39.0660 best=39.0047 since_improve=39
t=81001ms iter=265 WAIST cost=35.0000 best_alt=32.0000 gap=3.0000 tried=5 sep_labels=32 clique_frac=0.01
t=81159ms iter=265 REBUILD reject new_tc=40.5786 (was 39.0098)
t=81280ms iter=265 incumb=39.0098 ratchet=39.1345 best=39.0047 since_improve=40
t=81295ms iter=266 WAIST cost=35.0000 best_alt=32.0000 gap=3.0000 tried=5 sep_labels=32 clique_frac=0.01
t=81451ms iter=266 REBUILD reject new_tc=40.2573 (was 39.0098)
t=81580ms iter=266 incumb=39.0098 ratchet=39.0532 best=39.0047 since_improve=41
t=81593ms iter=267 WAIST cost=35.0000 best_alt=29.0000 gap=6.0000 tried=5 sep_labels=29 clique_frac=0.00
t=81748ms iter=267 REBUILD reject new_tc=40.3547 (was 39.0098)
t=81875ms iter=267 incumb=39.0098 ratchet=39.1393 best=39.0047 since_improve=42
t=81894ms iter=268 WAIST cost=35.0000 best_alt=32.0000 gap=3.0000 tried=5 sep_labels=32 clique_frac=0.01
t=82052ms iter=268 REBUILD reject new_tc=40.3437 (was 39.0098)
t=82178ms iter=268 incumb=39.0098 ratchet=39.0556 best=39.0047 since_improve=43
t=82195ms iter=269 WAIST cost=35.0000 best_alt=32.0000 gap=3.0000 tried=5 sep_labels=32 clique_frac=0.01
t=82347ms iter=269 REBUILD reject new_tc=40.6833 (was 39.0098)
t=82468ms iter=269 incumb=39.0098 ratchet=39.4167 best=39.0047 since_improve=44
t=82482ms iter=270 WAIST cost=35.0000 best_alt=31.0000 gap=4.0000 tried=5 sep_labels=31 clique_frac=0.03
t=82634ms iter=270 REBUILD reject new_tc=40.2094 (was 39.0098)
t=82762ms iter=270 incumb=39.0098 ratchet=39.0597 best=39.0047 since_improve=45
t=82778ms iter=271 WAIST cost=35.0000 best_alt=32.0000 gap=3.0000 tried=5 sep_labels=32 clique_frac=0.01
t=82933ms iter=271 REBUILD reject new_tc=40.7653 (was 39.0098)
t=83055ms iter=271 incumb=39.0098 ratchet=39.0584 best=39.0047 since_improve=46
t=83072ms iter=272 WAIST cost=35.0000 best_alt=32.0000 gap=3.0000 tried=5 sep_labels=32 clique_frac=0.01
t=83227ms iter=272 REBUILD reject new_tc=41.0556 (was 39.0098)
t=83353ms iter=272 incumb=39.0098 ratchet=39.0558 best=39.0047 since_improve=47
t=83368ms iter=273 WAIST cost=35.0000 best_alt=31.0000 gap=4.0000 tried=5 sep_labels=31 clique_frac=0.02
t=83518ms iter=273 REBUILD reject new_tc=44.0617 (was 39.0098)
t=83646ms iter=273 incumb=39.0098 ratchet=39.1076 best=39.0047 since_improve=48
t=83661ms iter=274 WAIST cost=35.0000 best_alt=31.0000 gap=4.0000 tried=5 sep_labels=31 clique_frac=0.03
t=83818ms iter=274 REBUILD reject new_tc=40.1209 (was 39.0098)
t=83944ms iter=274 incumb=39.0098 ratchet=39.1074 best=39.0047 since_improve=49
t=83961ms iter=275 WAIST cost=35.0000 best_alt=32.0000 gap=3.0000 tried=5 sep_labels=32 clique_frac=0.01
t=84117ms iter=275 REBUILD reject new_tc=40.2523 (was 39.0098)
t=84240ms iter=275 incumb=39.0098 ratchet=39.0936 best=39.0047 since_improve=50
t=84250ms iter=276 WAIST cost=35.0000 best_alt=32.0000 gap=3.0000 tried=5 sep_labels=32 clique_frac=0.01
t=84403ms iter=276 REBUILD reject new_tc=41.1123 (was 39.0098)
t=84530ms iter=276 incumb=39.0098 ratchet=39.0599 best=39.0047 since_improve=51
t=84557ms iter=277 WAIST cost=35.0000 best_alt=32.0000 gap=3.0000 tried=5 sep_labels=32 clique_frac=0.01
t=84732ms iter=277 REBUILD reject new_tc=40.1414 (was 39.0098)
t=84857ms iter=277 incumb=39.0098 ratchet=39.0722 best=39.0047 since_improve=52
t=84871ms iter=278 WAIST cost=35.0000 best_alt=32.0000 gap=3.0000 tried=5 sep_labels=32 clique_frac=0.01
t=85025ms iter=278 REBUILD reject new_tc=43.1551 (was 39.0098)
t=85153ms iter=278 incumb=39.0098 ratchet=39.1291 best=39.0047 since_improve=53
t=85171ms iter=279 WAIST cost=35.0000 best_alt=32.0000 gap=3.0000 tried=5 sep_labels=32 clique_frac=0.01
t=85321ms iter=279 REBUILD reject new_tc=41.4994 (was 39.0098)
t=85447ms iter=279 incumb=39.0098 ratchet=39.1094 best=39.0047 since_improve=54
t=85465ms iter=280 WAIST cost=35.0000 best_alt=32.0000 gap=3.0000 tried=5 sep_labels=32 clique_frac=0.01
t=85625ms iter=280 REBUILD reject new_tc=40.5370 (was 39.0098)
t=85752ms iter=280 incumb=39.0098 ratchet=39.1801 best=39.0047 since_improve=55
t=85766ms iter=281 WAIST cost=35.0000 best_alt=32.0000 gap=3.0000 tried=5 sep_labels=32 clique_frac=0.01
t=85917ms iter=281 REBUILD reject new_tc=44.0888 (was 39.0098)
t=86038ms iter=281 incumb=39.0098 ratchet=39.3344 best=39.0047 since_improve=56
t=86053ms iter=282 WAIST cost=35.0000 best_alt=31.0000 gap=4.0000 tried=5 sep_labels=31 clique_frac=0.02
t=86205ms iter=282 REBUILD reject new_tc=40.4079 (was 39.0098)
t=86330ms iter=282 incumb=39.0098 ratchet=39.0435 best=39.0047 since_improve=57
t=86346ms iter=283 WAIST cost=35.0000 best_alt=29.0000 gap=6.0000 tried=5 sep_labels=29 clique_frac=0.02
t=86496ms iter=283 REBUILD reject new_tc=42.2297 (was 39.0098)
t=86622ms iter=283 incumb=39.0098 ratchet=39.0916 best=39.0047 since_improve=58
t=86640ms iter=284 WAIST cost=35.0000 best_alt=29.0000 gap=6.0000 tried=5 sep_labels=29 clique_frac=0.02
t=86790ms iter=284 REBUILD reject new_tc=40.8873 (was 39.0098)
t=86916ms iter=284 incumb=39.0098 ratchet=39.0701 best=39.0047 since_improve=59
t=86929ms iter=285 WAIST cost=35.0000 best_alt=31.0000 gap=4.0000 tried=5 sep_labels=31 clique_frac=0.02
t=87084ms iter=285 REBUILD reject new_tc=41.8267 (was 39.0098)
t=87210ms iter=285 incumb=39.0098 ratchet=39.2740 best=39.0047 since_improve=60
t=87227ms iter=286 WAIST cost=35.0000 best_alt=31.0000 gap=4.0000 tried=5 sep_labels=31 clique_frac=0.03
t=87380ms iter=286 REBUILD reject new_tc=40.3825 (was 39.0098)
t_final=87445ms tc_reduced=39.0047 tc_full=39.1548 leaves=1443
surgery summary: calls=286 cheaper_cuts=286 rebuild_accepts=1 waist_min_hits=0
