simplify: n_orig=3369 n_reduced=381 shrink=0.8869 t_simp=10ms
t_seed=608ms tc_seed=88.0196 seed_trials=17
t_dp=5221ms tc_greedy=81.8348
t_mcts=20677ms mcts: backup=min rollouts=384 rate=19/s depth=3 nodes=385 improves=0 tc_mcts=81.8348
ATTRIBUTION tc_greedy=81.8348 tc_mcts_prepolish=81.8348 mcts_beats_greedy=false
t=21212ms polish_tc=81.7731
t=21498ms polish_tc=81.5442
t=22214ms polish_tc=81.0062
t=23221ms polish_tc=80.8051
t=24212ms polish_tc=80.4110
t=25211ms polish_tc=80.3477
t=26205ms polish_tc=80.2655
t=26484ms polish_tc=79.9127
t=27224ms polish_tc=78.8765
t=28202ms polish_tc=78.6562
t=28480ms polish_tc=78.5451
t=29233ms polish_tc=78.2480
t=30218ms polish_tc=78.0275
t=31203ms polish_tc=77.8129
t=31489ms polish_tc=77.7813
t=32214ms polish_tc=77.7101
t=33219ms polish_tc=76.5712
t=33511ms polish_tc=76.3696
t=34229ms polish_tc=76.2708
t=35218ms polish_tc=76.1355
t=35493ms polish_tc=76.0393
t=36215ms polish_tc=75.7914
t=37213ms polish_tc=75.2473
t=38200ms polish_tc=75.0454
t=39208ms polish_tc=74.4345
t=40205ms polish_tc=74.2678
t=40497ms polish_tc=74.1506
t=41212ms polish_tc=74.1085
t=42226ms polish_tc=74.0055
t=43210ms polish_tc=73.9475
t=44202ms polish_tc=73.8963
t=44504ms polish_tc=73.8475
t=45228ms polish_tc=72.8992
t=46223ms polish_tc=72.7973
t=47198ms polish_tc=72.5224
t=47492ms polish_tc=72.5137
t=48201ms polish_tc=72.4023
t=48505ms polish_tc=72.2744
t=48802ms polish_tc=72.1496
t=49211ms polish_tc=72.0867
t=49521ms polish_tc=72.0635
t=50213ms polish_tc=72.0314
t=50500ms polish_tc=71.8457
t=50774ms polish_tc=71.5936
t=51213ms polish_tc=71.5935
t=51503ms polish_tc=71.5931
t=52196ms polish_tc=71.4218
t=52489ms polish_tc=71.3343
t=52781ms polish_tc=71.2571
t=53220ms polish_tc=71.2157
t=53524ms polish_tc=70.8304
t=54205ms polish_tc=70.7461
t=54502ms polish_tc=70.3381
t=54778ms polish_tc=70.2854
t=55218ms polish_tc=70.2459
t=55518ms polish_tc=70.0047
t=56209ms polish_tc=69.9411
t=56512ms polish_tc=69.9192
t=57202ms polish_tc=69.8592
t=57489ms polish_tc=69.8143
t=57773ms polish_tc=69.7478
t=58207ms polish_tc=69.7118
t=58495ms polish_tc=69.6753
t=58777ms polish_tc=69.6753
t=59219ms polish_tc=69.6356
t=59514ms polish_tc=69.5974
t=60204ms polish_tc=69.5601
t=60491ms polish_tc=69.5279
t=60774ms polish_tc=69.4948
t=61213ms polish_tc=69.4356
t=61486ms polish_tc=69.4354
t=62198ms polish_tc=69.3881
t=62460ms polish_tc=69.3750
t=62738ms polish_tc=69.3749
t=63206ms polish_tc=69.3665
t=63496ms polish_tc=69.3169
t=63771ms polish_tc=69.2331
t=64214ms polish_tc=69.1266
t=64489ms polish_tc=69.1206
t=65198ms polish_tc=69.0538
t=65481ms polish_tc=68.8759
t=65746ms polish_tc=68.7711
t=66205ms polish_tc=68.6636
t=66504ms polish_tc=68.5853
t=66790ms polish_tc=68.5596
t=67213ms polish_tc=68.4309
t=67516ms polish_tc=68.0883
t=68209ms polish_tc=68.0460
t=68490ms polish_tc=67.7026
t=69209ms polish_tc=67.4738
t=70202ms polish_tc=67.4491
t=70489ms polish_tc=67.3701
t=71211ms polish_tc=67.2075
t=71473ms polish_tc=67.1969
t=72223ms polish_tc=67.1961
t=73209ms polish_tc=67.1610
t=74204ms polish_tc=66.9631
t=74468ms polish_tc=66.9421
t=75214ms polish_tc=66.9363
t=76194ms polish_tc=66.9069
t=76447ms polish_tc=66.8635
t=77211ms polish_tc=66.8534
t=77488ms polish_tc=66.8310
t=78211ms polish_tc=66.8234
t=79205ms polish_tc=66.7259
t=80195ms polish_tc=66.6267
t=80468ms polish_tc=66.2307
t=81219ms polish_tc=66.1116
t=81481ms polish_tc=65.4615
t=82221ms polish_tc=65.3490
t=83197ms polish_tc=64.8892
t=83466ms polish_tc=64.3736
t=84207ms polish_tc=64.2983
t=85205ms polish_tc=64.1877
t=85458ms polish_tc=63.5829
t=86205ms polish_tc=63.4171
t=86456ms polish_tc=63.4042
t=87221ms polish_tc=63.3403
t=88211ms polish_tc=63.2321
t=88468ms polish_tc=63.2029
anneal_sweeps=544 cycles=1 fresh=0
t_final=88481ms tc_greedy=81.8348 tc_mcts=81.8348 tc_final=63.2029 tc_full=63.2029 leaves=3369
