simplify: n_orig=480 n_reduced=400 shrink=0.1667 t_simp=6ms
t_seed=601ms tc_seed=40.2162 seed_trials=8
t_dp=3741ms tc_greedy=39.6872
t=5699ms mcts_tc=38.6390
t_mcts=22704ms mcts: backup=min rollouts=128 rate=6/s depth=3 nodes=129 improves=1 tc_mcts=38.6390
ATTRIBUTION tc_greedy=39.6872 tc_mcts_prepolish=38.6390 mcts_beats_greedy=true
t=24617ms polish_tc=38.1199
t=28509ms polish_tc=37.9446
t=28517ms polish_tc=37.9440
t=28524ms polish_tc=37.9440
t=28532ms polish_tc=37.9440
t=28540ms polish_tc=37.9440
t=28548ms polish_tc=37.9438
t=28557ms polish_tc=37.9141
t=28564ms polish_tc=37.8898
t=28571ms polish_tc=37.8776
t=28578ms polish_tc=37.8776
t=28586ms polish_tc=37.8753
t=28594ms polish_tc=37.4369
t=28601ms polish_tc=37.4353
t=28608ms polish_tc=37.3495
t=28616ms polish_tc=37.2785
t=28624ms polish_tc=37.2780
t=28631ms polish_tc=37.2593
t=28638ms polish_tc=37.2593
t=32830ms polish_tc=37.2521
t=32838ms polish_tc=37.2517
t=32847ms polish_tc=37.2517
t=32856ms polish_tc=37.2516
t=32864ms polish_tc=37.2514
t=32872ms polish_tc=37.2513
t=32880ms polish_tc=37.2513
t=32890ms polish_tc=37.2512
t=32908ms polish_tc=37.1233
t=32915ms polish_tc=37.1129
t=32923ms polish_tc=37.1126
t=32931ms polish_tc=37.1126
t=32940ms polish_tc=37.1077
t=32952ms polish_tc=37.1010
t=32960ms polish_tc=37.1007
t=32971ms polish_tc=37.1000
t=32979ms polish_tc=37.1000
t=32988ms polish_tc=37.0980
t=32996ms polish_tc=37.0980
t=33004ms polish_tc=37.0979
t=33012ms polish_tc=37.0979
t=33021ms polish_tc=37.0979
t=39693ms polish_tc=37.0961
t=39701ms polish_tc=37.0802
t=39723ms polish_tc=37.0215
t=39730ms polish_tc=36.9909
t=39738ms polish_tc=36.9909
t=39746ms polish_tc=36.9908
t=39754ms polish_tc=36.9908
t=39762ms polish_tc=36.9897
t=39770ms polish_tc=36.9897
t=39779ms polish_tc=36.9848
t=39787ms polish_tc=36.9847
t=39795ms polish_tc=36.9841
t=39804ms polish_tc=36.9840
t=39811ms polish_tc=36.9839
t=39825ms polish_tc=36.7914
t=39833ms polish_tc=36.6928
t=39843ms polish_tc=36.6798
t=39852ms polish_tc=36.5997
t=39861ms polish_tc=36.5772
t=39869ms polish_tc=36.5583
t=39895ms polish_tc=36.5538
t=39903ms polish_tc=36.5537
t=39912ms polish_tc=36.5431
t=39921ms polish_tc=36.5430
t=39929ms polish_tc=36.5428
t=39937ms polish_tc=36.4795
t=39945ms polish_tc=36.4795
t=39954ms polish_tc=36.4787
t=39962ms polish_tc=36.4763
t=39969ms polish_tc=36.4760
t=39981ms polish_tc=36.4745
t=39990ms polish_tc=36.4701
t=39998ms polish_tc=36.4698
t=40006ms polish_tc=36.4698
t=40014ms polish_tc=36.4696
t=40024ms polish_tc=36.4695
t=40034ms polish_tc=36.4693
t=40043ms polish_tc=36.4102
t=40051ms polish_tc=36.4082
t=40059ms polish_tc=36.4081
t=40067ms polish_tc=36.4080
t=40082ms polish_tc=36.2659
t=40091ms polish_tc=36.2650
t=40100ms polish_tc=36.1898
t=40108ms polish_tc=36.1869
t=40116ms polish_tc=36.0190
t=40125ms polish_tc=36.0190
t=40134ms polish_tc=36.0152
t=40142ms polish_tc=36.0152
t=40150ms polish_tc=36.0114
t=40160ms polish_tc=36.0112
t=40168ms polish_tc=36.0112
t=40176ms polish_tc=35.7682
t=40183ms polish_tc=35.6583
t=40191ms polish_tc=35.5689
t=40198ms polish_tc=35.5684
t=40208ms polish_tc=35.5680
t=40216ms polish_tc=35.5660
t=40233ms polish_tc=35.5657
t=40242ms polish_tc=35.5657
t=40250ms polish_tc=35.5358
t=40259ms polish_tc=35.5357
t=40267ms polish_tc=35.5357
t=40276ms polish_tc=35.4120
t=40285ms polish_tc=35.3964
t=40293ms polish_tc=35.3930
t=40302ms polish_tc=35.3856
t=40310ms polish_tc=35.3853
t=40319ms polish_tc=35.3757
t=40327ms polish_tc=35.3284
t=40335ms polish_tc=35.3266
t=40344ms polish_tc=35.3263
t=40352ms polish_tc=35.3261
t=40360ms polish_tc=35.1751
t=40368ms polish_tc=35.1551
t=40376ms polish_tc=35.1551
t=40385ms polish_tc=35.1480
t=40395ms polish_tc=35.1452
t=40405ms polish_tc=35.0675
t=40413ms polish_tc=35.0001
t=40422ms polish_tc=34.9780
t=40430ms polish_tc=34.9780
t=40440ms polish_tc=34.9013
t=40448ms polish_tc=34.8846
t=40456ms polish_tc=34.7826
t=40464ms polish_tc=34.7810
t=40482ms polish_tc=34.7806
t=40490ms polish_tc=34.7785
t=40498ms polish_tc=34.6115
t=40506ms polish_tc=34.6114
t=40514ms polish_tc=34.5583
t=40522ms polish_tc=34.5575
t=40531ms polish_tc=34.5573
t=40540ms polish_tc=34.5573
t=40548ms polish_tc=34.5508
t=40844ms polish_tc=34.5418
t=40853ms polish_tc=34.5416
t=40862ms polish_tc=34.4799
t=40871ms polish_tc=34.3612
t=40879ms polish_tc=34.2128
t=40888ms polish_tc=34.2122
t=40896ms polish_tc=34.2119
t=40904ms polish_tc=34.1923
t=40913ms polish_tc=34.1918
t=40921ms polish_tc=34.1918
t=40930ms polish_tc=34.0812
t=40939ms polish_tc=34.0795
t=40946ms polish_tc=34.0781
t=40956ms polish_tc=34.0732
t=40964ms polish_tc=34.0725
t=40974ms polish_tc=34.0346
t=40983ms polish_tc=34.0236
t=40991ms polish_tc=34.0235
t=40999ms polish_tc=34.0235
t=41010ms polish_tc=33.9434
t=41017ms polish_tc=33.9351
t=41027ms polish_tc=33.8132
t=41034ms polish_tc=33.7001
t=41042ms polish_tc=33.7001
t=41050ms polish_tc=33.6990
t=41058ms polish_tc=33.6424
t=41066ms polish_tc=33.5224
t=41074ms polish_tc=33.3963
t=41082ms polish_tc=33.3872
t=41090ms polish_tc=33.3549
t=41098ms polish_tc=33.3540
t=41118ms polish_tc=33.2894
t=41126ms polish_tc=33.2251
t=41134ms polish_tc=33.2170
t=41143ms polish_tc=33.2080
t=41151ms polish_tc=33.2061
t=41168ms polish_tc=33.2059
t=41176ms polish_tc=33.2046
t=41186ms polish_tc=33.1807
t=41195ms polish_tc=33.1188
t=41204ms polish_tc=33.0948
t=41212ms polish_tc=33.0754
t=41221ms polish_tc=33.0687
t=41230ms polish_tc=32.9984
t=41238ms polish_tc=32.9852
t=41246ms polish_tc=32.9799
t=41255ms polish_tc=32.9773
t=41265ms polish_tc=32.9488
t=41273ms polish_tc=32.9479
t=41281ms polish_tc=32.9477
t=41290ms polish_tc=32.9393
t=41298ms polish_tc=32.9281
t=41305ms polish_tc=32.9249
t=41319ms polish_tc=32.9248
t=41327ms polish_tc=32.9197
t=41336ms polish_tc=32.8338
t=41346ms polish_tc=32.8331
t=41354ms polish_tc=32.8330
t=41367ms polish_tc=32.8300
t=41374ms polish_tc=32.8298
t=41848ms polish_tc=32.7597
t=41857ms polish_tc=32.7156
t=41865ms polish_tc=32.7155
t=41875ms polish_tc=32.7145
t=41885ms polish_tc=32.6664
t=41894ms polish_tc=32.6506
t=41902ms polish_tc=32.6250
t=41910ms polish_tc=32.6249
t=41918ms polish_tc=32.5993
t=41927ms polish_tc=32.5992
t=41935ms polish_tc=32.5684
t=41945ms polish_tc=32.5453
t=41953ms polish_tc=32.5394
t=41960ms polish_tc=32.5387
t=41968ms polish_tc=32.4885
t=41976ms polish_tc=32.4869
t=41984ms polish_tc=32.4869
t=41993ms polish_tc=32.4858
t=42002ms polish_tc=32.3553
t=42010ms polish_tc=32.3498
t=42018ms polish_tc=32.1019
t=42026ms polish_tc=32.0624
t=42037ms polish_tc=31.9785
t=42044ms polish_tc=31.9785
t=42053ms polish_tc=31.9782
t=42061ms polish_tc=31.8959
t=42070ms polish_tc=31.8741
t=42077ms polish_tc=31.8734
t=42085ms polish_tc=31.8558
t=42093ms polish_tc=31.8546
t=42101ms polish_tc=31.8545
t=42109ms polish_tc=31.8545
t=42117ms polish_tc=31.8541
t=42124ms polish_tc=31.8541
t=42133ms polish_tc=31.8412
t=42140ms polish_tc=31.8354
t=42148ms polish_tc=31.8353
t=42155ms polish_tc=31.8352
t=42163ms polish_tc=31.8352
t=42177ms polish_tc=31.8339
t=42188ms polish_tc=31.7936
t=42196ms polish_tc=31.7911
t=42203ms polish_tc=31.7903
t=42211ms polish_tc=31.7380
t=42219ms polish_tc=31.7365
t=42227ms polish_tc=31.7335
t=42235ms polish_tc=31.7310
t=42243ms polish_tc=31.7303
t=42251ms polish_tc=31.7300
t=42258ms polish_tc=31.7292
t=42266ms polish_tc=31.7228
t=42278ms polish_tc=31.6498
t=42285ms polish_tc=31.6491
t=42293ms polish_tc=31.6382
t=42300ms polish_tc=31.5176
t=42309ms polish_tc=31.5095
t=42318ms polish_tc=31.5025
t=42325ms polish_tc=31.4967
t=42333ms polish_tc=31.4945
t=42340ms polish_tc=31.4886
t=42348ms polish_tc=31.4885
t=42359ms polish_tc=31.4881
t=42367ms polish_tc=31.4861
t=42376ms polish_tc=31.4858
t=42385ms polish_tc=31.4841
t=42397ms polish_tc=31.4825
t=42404ms polish_tc=31.4797
t=42412ms polish_tc=31.4779
t=42420ms polish_tc=31.4760
t=42431ms polish_tc=31.4727
t=42439ms polish_tc=31.4727
t=42454ms polish_tc=31.4273
t=42461ms polish_tc=31.3758
t=42469ms polish_tc=31.3505
t=42480ms polish_tc=31.3022
t=42487ms polish_tc=31.2319
t=42494ms polish_tc=31.2313
t=42501ms polish_tc=31.2194
t=42508ms polish_tc=31.2194
t=42524ms polish_tc=31.1929
t=42532ms polish_tc=31.1926
t=42546ms polish_tc=31.1792
t=42554ms polish_tc=31.1426
t=42561ms polish_tc=31.1143
t=42569ms polish_tc=31.1142
t=42577ms polish_tc=31.1114
t=42597ms polish_tc=31.1050
t=42605ms polish_tc=31.1042
t=42625ms polish_tc=31.0229
t=42639ms polish_tc=30.8556
t=42646ms polish_tc=30.8057
t=42653ms polish_tc=30.7419
t=42661ms polish_tc=30.7418
t=42668ms polish_tc=30.7401
t=42675ms polish_tc=30.7400
t=42682ms polish_tc=30.7397
t=42696ms polish_tc=30.7385
t=42703ms polish_tc=30.7378
t=42712ms polish_tc=30.7376
t=42722ms polish_tc=30.7185
t=42729ms polish_tc=30.7160
t=42736ms polish_tc=30.7160
t=42742ms polish_tc=30.7159
t=42750ms polish_tc=30.7131
t=42757ms polish_tc=30.7129
t=42767ms polish_tc=30.7112
t=42845ms polish_tc=30.6567
t=42853ms polish_tc=30.6535
t=42860ms polish_tc=30.6535
t=42869ms polish_tc=30.6414
t=42877ms polish_tc=30.6403
t=42885ms polish_tc=30.5279
t=42893ms polish_tc=30.5261
t=42901ms polish_tc=30.5261
t=42914ms polish_tc=30.5260
t=42924ms polish_tc=30.4283
t=42932ms polish_tc=30.4282
t=42940ms polish_tc=30.4199
t=42949ms polish_tc=30.4198
t=42958ms polish_tc=30.4038
t=42966ms polish_tc=30.4026
t=42974ms polish_tc=30.4026
t=42982ms polish_tc=30.4014
t=42991ms polish_tc=30.4006
t=43000ms polish_tc=30.3931
t=43009ms polish_tc=30.3585
t=43018ms polish_tc=30.3582
t=43027ms polish_tc=30.3550
t=43035ms polish_tc=30.3541
t=43043ms polish_tc=30.3533
t=43052ms polish_tc=30.3533
t=43060ms polish_tc=30.3505
t=43087ms polish_tc=30.3469
t=43095ms polish_tc=30.3469
t=43103ms polish_tc=30.3452
t=43112ms polish_tc=30.3451
t=43120ms polish_tc=30.2775
t=43128ms polish_tc=30.2479
t=43136ms polish_tc=30.2437
t=43144ms polish_tc=30.1821
t=43152ms polish_tc=30.1817
t=43160ms polish_tc=30.1704
t=43169ms polish_tc=30.1617
t=43177ms polish_tc=30.1567
t=43185ms polish_tc=30.1234
t=43195ms polish_tc=30.1121
t=43204ms polish_tc=30.0912
t=43212ms polish_tc=30.0808
t=43220ms polish_tc=30.0757
t=43231ms polish_tc=30.0733
t=43240ms polish_tc=30.0628
t=43250ms polish_tc=30.0625
t=43261ms polish_tc=30.0625
t=43275ms polish_tc=30.0589
t=43283ms polish_tc=30.0578
t=43301ms polish_tc=30.0498
t=43309ms polish_tc=30.0498
t=43317ms polish_tc=30.0498
t=43335ms polish_tc=30.0164
t=43343ms polish_tc=30.0143
t=43352ms polish_tc=29.9977
t=43360ms polish_tc=29.9975
t=43368ms polish_tc=29.9974
t=43376ms polish_tc=29.9974
t=43403ms polish_tc=29.9809
t=43411ms polish_tc=29.9751
t=43419ms polish_tc=29.9740
t=43429ms polish_tc=29.9719
t=43438ms polish_tc=29.9719
t=43446ms polish_tc=29.9719
t=43456ms polish_tc=29.9717
t=43483ms polish_tc=29.9712
t=43498ms polish_tc=29.9309
t=43505ms polish_tc=29.9309
t=43513ms polish_tc=29.9265
t=43520ms polish_tc=29.9264
t=43532ms polish_tc=29.9182
t=43540ms polish_tc=29.9181
t=43549ms polish_tc=29.9168
t=43556ms polish_tc=29.9168
t=43590ms polish_tc=29.7720
t=43598ms polish_tc=29.7719
t=43605ms polish_tc=29.7719
t=43615ms polish_tc=29.7556
t=43622ms polish_tc=29.7556
t=43630ms polish_tc=29.7551
t=43639ms polish_tc=29.7546
t=43649ms polish_tc=29.7497
t=43658ms polish_tc=29.7325
t=43666ms polish_tc=29.7272
t=43673ms polish_tc=29.7211
t=43688ms polish_tc=29.7200
t=43696ms polish_tc=29.7166
t=43705ms polish_tc=29.7151
anneal_sweeps=362936 cycles=84 fresh=21
t_final=87303ms tc_greedy=39.6872 tc_mcts=38.6390 tc_final=29.7151 tc_full=29.7151 leaves=480
