probe: instance=surfacecode_d21 n_orig=2203 n=761 fusible=0.6546 nlabels=798 t=14ms
seed_greedy tc=59.0925 t=545ms
t=869ms iter=1 WAIST cost=50.0000 best_alt=40.0000 gap=10.0000 tried=5 sep_labels=40 clique_frac=0.03
t=1197ms iter=1 REBUILD reject new_tc=52.0867 (was 50.4630)
t=2712ms iter=1 incumb=50.4630 ratchet=49.1806 best=49.1633 since_improve=0
t=2736ms iter=2 WAIST cost=47.0000 best_alt=40.0000 gap=7.0000 tried=5 sep_labels=40 clique_frac=0.02
t=3035ms iter=2 REBUILD reject new_tc=49.2142 (was 49.1806)
t=4160ms iter=2 incumb=49.1806 ratchet=49.0561 best=49.0561 since_improve=0
t=4191ms iter=3 WAIST cost=46.0000 best_alt=37.0000 gap=9.0000 tried=5 sep_labels=37 clique_frac=0.03
t=4491ms iter=3 REBUILD reject new_tc=52.1205 (was 49.0561)
t=4747ms iter=3 incumb=49.0561 ratchet=49.0589 best=49.0561 since_improve=1
t=4770ms iter=4 WAIST cost=46.0000 best_alt=37.0000 gap=9.0000 tried=5 sep_labels=37 clique_frac=0.03
t=5071ms iter=4 REBUILD reject new_tc=49.3188 (was 49.0561)
t=5924ms iter=4 incumb=49.0561 ratchet=49.0722 best=49.0452 since_improve=2
t=5952ms iter=5 WAIST cost=46.0000 best_alt=37.0000 gap=9.0000 tried=5 sep_labels=37 clique_frac=0.03
t=6247ms iter=5 REBUILD reject new_tc=54.0267 (was 49.0561)
t=6500ms iter=5 incumb=49.0561 ratchet=49.0779 best=49.0452 since_improve=3
t=6535ms iter=6 WAIST cost=46.0000 best_alt=37.0000 gap=9.0000 tried=5 sep_labels=37 clique_frac=0.03
t=6836ms iter=6 REBUILD reject new_tc=51.2389 (was 49.0561)
t=7091ms iter=6 incumb=49.0561 ratchet=49.1295 best=49.0452 since_improve=4
t=7120ms iter=7 WAIST cost=46.0000 best_alt=37.0000 gap=9.0000 tried=5 sep_labels=37 clique_frac=0.03
t=7425ms iter=7 REBUILD reject new_tc=49.9594 (was 49.0561)
t=7684ms iter=7 incumb=49.0561 ratchet=49.0587 best=49.0452 since_improve=5
t=7717ms iter=8 WAIST cost=46.0000 best_alt=37.0000 gap=9.0000 tried=5 sep_labels=37 clique_frac=0.03
t=8019ms iter=8 REBUILD reject new_tc=53.0655 (was 49.0561)
t=8274ms iter=8 incumb=49.0561 ratchet=49.1295 best=49.0452 since_improve=6
t=8298ms iter=9 WAIST cost=46.0000 best_alt=37.0000 gap=9.0000 tried=5 sep_labels=37 clique_frac=0.03
t=8605ms iter=9 REBUILD reject new_tc=49.1444 (was 49.0561)
t=8855ms iter=9 incumb=49.0561 ratchet=49.1035 best=49.0452 since_improve=7
t=8881ms iter=10 WAIST cost=46.0000 best_alt=37.0000 gap=9.0000 tried=5 sep_labels=37 clique_frac=0.03
t=9185ms iter=10 REBUILD reject new_tc=49.2718 (was 49.0561)
t=10235ms iter=10 incumb=49.0561 ratchet=49.0261 best=49.0233 since_improve=0
t=10267ms iter=11 WAIST cost=45.0000 best_alt=33.0000 gap=12.0000 tried=5 sep_labels=33 clique_frac=0.02
t=10572ms iter=11 REBUILD reject new_tc=53.0939 (was 49.0261)
t=10828ms iter=11 incumb=49.0261 ratchet=49.1295 best=49.0233 since_improve=1
t=10860ms iter=12 WAIST cost=45.0000 best_alt=31.0000 gap=14.0000 tried=5 sep_labels=31 clique_frac=0.02
t=11172ms iter=12 REBUILD reject new_tc=52.1518 (was 49.0261)
t=11422ms iter=12 incumb=49.0261 ratchet=49.1321 best=49.0233 since_improve=2
t=11453ms iter=13 WAIST cost=45.0000 best_alt=33.0000 gap=12.0000 tried=5 sep_labels=33 clique_frac=0.02
t=11767ms iter=13 REBUILD reject new_tc=51.2325 (was 49.0261)
t=12016ms iter=13 incumb=49.0261 ratchet=49.0508 best=49.0233 since_improve=3
t=12038ms iter=14 WAIST cost=45.0000 best_alt=33.0000 gap=12.0000 tried=5 sep_labels=33 clique_frac=0.02
t=12338ms iter=14 REBUILD reject new_tc=50.4121 (was 49.0261)
t=12596ms iter=14 incumb=49.0261 ratchet=49.2192 best=49.0233 since_improve=4
t=12625ms iter=15 WAIST cost=45.0000 best_alt=33.0000 gap=12.0000 tried=5 sep_labels=33 clique_frac=0.02
t=12938ms iter=15 REBUILD reject new_tc=49.7845 (was 49.0261)
t=13186ms iter=15 incumb=49.0261 ratchet=49.0994 best=49.0233 since_improve=5
t=13221ms iter=16 WAIST cost=45.0000 best_alt=31.0000 gap=14.0000 tried=5 sep_labels=31 clique_frac=0.00
t=13511ms iter=16 REBUILD reject new_tc=53.0481 (was 49.0261)
t=14034ms iter=16 incumb=49.0261 ratchet=49.0260 best=48.9897 since_improve=0
t=14065ms iter=17 WAIST cost=45.0000 best_alt=33.0000 gap=12.0000 tried=5 sep_labels=33 clique_frac=0.02
t=14373ms iter=17 REBUILD reject new_tc=49.4523 (was 49.0260)
t=14618ms iter=17 incumb=49.0260 ratchet=49.0010 best=48.9897 since_improve=0
t=14640ms iter=18 WAIST cost=45.0000 best_alt=33.0000 gap=12.0000 tried=5 sep_labels=33 clique_frac=0.01
t=15079ms iter=18 REBUILD ACCEPT new_tc=48.6238 (was 49.0010)
t=15324ms iter=18 incumb=48.6238 ratchet=48.6924 best=48.6238 since_improve=1
t=15350ms iter=19 WAIST cost=45.0000 best_alt=35.0000 gap=10.0000 tried=5 sep_labels=35 clique_frac=0.02
t=15648ms iter=19 REBUILD reject new_tc=53.3948 (was 48.6238)
t=15905ms iter=19 incumb=48.6238 ratchet=48.6672 best=48.6238 since_improve=2
t=15931ms iter=20 WAIST cost=45.0000 best_alt=35.0000 gap=10.0000 tried=5 sep_labels=35 clique_frac=0.01
t=16232ms iter=20 REBUILD reject new_tc=50.4593 (was 48.6238)
t=16656ms iter=20 incumb=48.6238 ratchet=48.6237 best=48.6237 since_improve=0
t=16696ms iter=21 WAIST cost=45.0000 best_alt=37.0000 gap=8.0000 tried=5 sep_labels=37 clique_frac=0.04
t=16986ms iter=21 REBUILD reject new_tc=53.0499 (was 48.6237)
t=17244ms iter=21 incumb=48.6237 ratchet=48.6937 best=48.6237 since_improve=1
t=17274ms iter=22 WAIST cost=45.0000 best_alt=37.0000 gap=8.0000 tried=5 sep_labels=37 clique_frac=0.02
t=17566ms iter=22 REBUILD reject new_tc=52.1036 (was 48.6237)
t=18129ms iter=22 incumb=48.6237 ratchet=48.5641 best=48.5641 since_improve=0
t=18154ms iter=23 WAIST cost=44.0000 best_alt=35.0000 gap=9.0000 tried=5 sep_labels=35 clique_frac=0.00
t=18379ms iter=23 REBUILD reject new_tc=48.9990 (was 48.5641)
t=18552ms iter=23 incumb=48.5641 ratchet=48.5925 best=48.5641 since_improve=1
t=18566ms iter=24 WAIST cost=44.0000 best_alt=39.0000 gap=5.0000 tried=5 sep_labels=39 clique_frac=0.04
t=18819ms iter=24 REBUILD reject new_tc=49.2420 (was 48.5641)
t=19073ms iter=24 incumb=48.5641 ratchet=48.6344 best=48.5641 since_improve=2
t=19097ms iter=25 WAIST cost=44.0000 best_alt=39.0000 gap=5.0000 tried=5 sep_labels=39 clique_frac=0.03
t=19390ms iter=25 REBUILD reject new_tc=48.6912 (was 48.5641)
t=19628ms iter=25 incumb=48.5641 ratchet=49.2759 best=48.5641 since_improve=3
t=19655ms iter=26 WAIST cost=44.0000 best_alt=37.0000 gap=7.0000 tried=5 sep_labels=37 clique_frac=0.02
t=19964ms iter=26 REBUILD reject new_tc=49.4422 (was 48.5641)
t=20227ms iter=26 incumb=48.5641 ratchet=48.5713 best=48.5641 since_improve=4
t=20257ms iter=27 WAIST cost=44.0000 best_alt=39.0000 gap=5.0000 tried=5 sep_labels=39 clique_frac=0.05
t=20576ms iter=27 REBUILD reject new_tc=49.5005 (was 48.5641)
t=21488ms iter=27 incumb=48.5641 ratchet=48.5395 best=48.5387 since_improve=0
t=21513ms iter=28 WAIST cost=44.0000 best_alt=39.0000 gap=5.0000 tried=5 sep_labels=39 clique_frac=0.03
t=21809ms iter=28 REBUILD reject new_tc=50.3819 (was 48.5395)
t=22223ms iter=28 incumb=48.5395 ratchet=48.5630 best=48.5257 since_improve=1
t=22245ms iter=29 WAIST cost=44.0000 best_alt=39.0000 gap=5.0000 tried=5 sep_labels=39 clique_frac=0.04
t=22548ms iter=29 REBUILD reject new_tc=50.7187 (was 48.5395)
t=22811ms iter=29 incumb=48.5395 ratchet=48.5827 best=48.5257 since_improve=2
t=22837ms iter=30 WAIST cost=44.0000 best_alt=40.0000 gap=4.0000 tried=5 sep_labels=40 clique_frac=0.02
t=23140ms iter=30 REBUILD reject new_tc=50.3235 (was 48.5395)
t=23395ms iter=30 incumb=48.5395 ratchet=48.5489 best=48.5257 since_improve=3
t=23415ms iter=31 WAIST cost=44.0000 best_alt=39.0000 gap=5.0000 tried=5 sep_labels=39 clique_frac=0.03
t=23721ms iter=31 REBUILD reject new_tc=49.9424 (was 48.5395)
t=24287ms iter=31 incumb=48.5395 ratchet=48.5090 best=48.5005 since_improve=0
t=24314ms iter=32 WAIST cost=45.0000 best_alt=35.0000 gap=10.0000 tried=5 sep_labels=35 clique_frac=0.00
t=24507ms iter=32 REBUILD reject new_tc=51.6477 (was 48.5090)
t=24696ms iter=32 incumb=48.5090 ratchet=48.5787 best=48.5005 since_improve=1
t=24727ms iter=33 WAIST cost=45.0000 best_alt=40.0000 gap=5.0000 tried=5 sep_labels=40 clique_frac=0.02
t=25027ms iter=33 REBUILD reject new_tc=48.6423 (was 48.5090)
t=25284ms iter=33 incumb=48.5090 ratchet=48.5982 best=48.5005 since_improve=2
t=25310ms iter=34 WAIST cost=45.0000 best_alt=39.0000 gap=6.0000 tried=5 sep_labels=39 clique_frac=0.03
t=25601ms iter=34 REBUILD reject new_tc=49.7801 (was 48.5090)
t=25989ms iter=34 incumb=48.5090 ratchet=48.5060 best=48.4963 since_improve=0
t=26010ms iter=35 WAIST cost=45.0000 best_alt=39.0000 gap=6.0000 tried=5 sep_labels=39 clique_frac=0.03
t=26322ms iter=35 REBUILD reject new_tc=53.0700 (was 48.5060)
t=26562ms iter=35 incumb=48.5060 ratchet=48.6116 best=48.4963 since_improve=1
t=26584ms iter=36 WAIST cost=45.0000 best_alt=39.0000 gap=6.0000 tried=5 sep_labels=39 clique_frac=0.02
t=26875ms iter=36 REBUILD reject new_tc=51.3172 (was 48.5060)
t=27132ms iter=36 incumb=48.5060 ratchet=48.5527 best=48.4963 since_improve=2
t=27158ms iter=37 WAIST cost=45.0000 best_alt=35.0000 gap=10.0000 tried=5 sep_labels=35 clique_frac=0.01
t=27446ms iter=37 REBUILD reject new_tc=51.3124 (was 48.5060)
t=27693ms iter=37 incumb=48.5060 ratchet=48.5216 best=48.4963 since_improve=3
t=27717ms iter=38 WAIST cost=45.0000 best_alt=39.0000 gap=6.0000 tried=5 sep_labels=39 clique_frac=0.02
t=28016ms iter=38 REBUILD reject new_tc=51.1204 (was 48.5060)
t=28269ms iter=38 incumb=48.5060 ratchet=48.5297 best=48.4963 since_improve=4
t=28299ms iter=39 WAIST cost=45.0000 best_alt=40.0000 gap=5.0000 tried=5 sep_labels=40 clique_frac=0.02
t=28589ms iter=39 REBUILD reject new_tc=48.9077 (was 48.5060)
t=28826ms iter=39 incumb=48.5060 ratchet=48.5326 best=48.4963 since_improve=5
t=28856ms iter=40 WAIST cost=45.0000 best_alt=40.0000 gap=5.0000 tried=5 sep_labels=40 clique_frac=0.02
t=29137ms iter=40 REBUILD reject new_tc=52.1035 (was 48.5060)
t=29384ms iter=40 incumb=48.5060 ratchet=48.4998 best=48.4963 since_improve=0
t=29402ms iter=41 WAIST cost=45.0000 best_alt=40.0000 gap=5.0000 tried=5 sep_labels=40 clique_frac=0.02
t=29638ms iter=41 REBUILD reject new_tc=49.1155 (was 48.4998)
t=30669ms iter=41 incumb=48.4998 ratchet=48.4296 best=48.4296 since_improve=0
t=30690ms iter=42 WAIST cost=45.0000 best_alt=39.0000 gap=6.0000 tried=5 sep_labels=39 clique_frac=0.02
t=30987ms iter=42 REBUILD reject new_tc=49.1103 (was 48.4296)
t=31885ms iter=42 incumb=48.4296 ratchet=48.3991 best=48.3842 since_improve=0
t=31911ms iter=43 WAIST cost=44.0000 best_alt=40.0000 gap=4.0000 tried=5 sep_labels=40 clique_frac=0.02
t=32360ms iter=43 REBUILD ACCEPT new_tc=48.0997 (was 48.3991)
t=35982ms iter=43 incumb=48.0997 ratchet=47.8369 best=47.8369 since_improve=0
t=36002ms iter=44 WAIST cost=44.0000 best_alt=37.0000 gap=7.0000 tried=5 sep_labels=37 clique_frac=0.01
t=36196ms iter=44 REBUILD reject new_tc=55.0811 (was 47.8369)
t=39945ms iter=44 incumb=47.8369 ratchet=47.7902 best=47.7771 since_improve=0
t=39975ms iter=45 WAIST cost=44.0000 best_alt=40.0000 gap=4.0000 tried=5 sep_labels=40 clique_frac=0.01
t=40320ms iter=45 REBUILD reject new_tc=48.4085 (was 47.7902)
t=41749ms iter=45 incumb=47.7902 ratchet=47.7734 best=47.7541 since_improve=0
t=41785ms iter=46 WAIST cost=44.0000 best_alt=40.0000 gap=4.0000 tried=5 sep_labels=40 clique_frac=0.01
t=42119ms iter=46 REBUILD reject new_tc=54.0347 (was 47.7734)
t=43842ms iter=46 incumb=47.7734 ratchet=47.6688 best=47.6546 since_improve=0
t=43875ms iter=47 WAIST cost=44.0000 best_alt=39.0000 gap=5.0000 tried=5 sep_labels=39 clique_frac=0.03
t=44157ms iter=47 REBUILD reject new_tc=49.7658 (was 47.6688)
t=44328ms iter=47 incumb=47.6688 ratchet=47.9903 best=47.6546 since_improve=1
t=44347ms iter=48 WAIST cost=44.0000 best_alt=40.0000 gap=4.0000 tried=5 sep_labels=40 clique_frac=0.01
t=44570ms iter=48 REBUILD reject new_tc=49.7497 (was 47.6688)
t=45838ms iter=48 incumb=47.6688 ratchet=47.6053 best=47.6042 since_improve=0
t=45871ms iter=49 WAIST cost=44.0000 best_alt=40.0000 gap=4.0000 tried=5 sep_labels=40 clique_frac=0.01
t=46181ms iter=49 REBUILD reject new_tc=49.4720 (was 47.6053)
t=46347ms iter=49 incumb=47.6053 ratchet=47.6726 best=47.6042 since_improve=1
t=46361ms iter=50 WAIST cost=44.0000 best_alt=40.0000 gap=4.0000 tried=5 sep_labels=40 clique_frac=0.01
t=46591ms iter=50 REBUILD reject new_tc=48.6390 (was 47.6053)
t=46818ms iter=50 incumb=47.6053 ratchet=47.6498 best=47.6042 since_improve=2
t=46845ms iter=51 WAIST cost=44.0000 best_alt=39.0000 gap=5.0000 tried=5 sep_labels=39 clique_frac=0.01
t=47210ms iter=51 REBUILD reject new_tc=48.1563 (was 47.6053)
t=47470ms iter=51 incumb=47.6053 ratchet=47.6739 best=47.6042 since_improve=3
t=47500ms iter=52 WAIST cost=44.0000 best_alt=40.0000 gap=4.0000 tried=5 sep_labels=40 clique_frac=0.01
t=47757ms iter=52 REBUILD reject new_tc=49.8981 (was 47.6053)
t=48023ms iter=52 incumb=47.6053 ratchet=47.6798 best=47.6042 since_improve=4
t=48064ms iter=53 WAIST cost=44.0000 best_alt=40.0000 gap=4.0000 tried=5 sep_labels=40 clique_frac=0.01
t=48413ms iter=53 REBUILD reject new_tc=49.6040 (was 47.6053)
t=48954ms iter=53 incumb=47.6053 ratchet=47.5968 best=47.5968 since_improve=0
t=48988ms iter=54 WAIST cost=44.0000 best_alt=37.0000 gap=7.0000 tried=5 sep_labels=37 clique_frac=0.01
t=49271ms iter=54 REBUILD reject new_tc=54.0268 (was 47.5968)
t=49439ms iter=54 incumb=47.5968 ratchet=47.6384 best=47.5968 since_improve=1
t=49456ms iter=55 WAIST cost=44.0000 best_alt=40.0000 gap=4.0000 tried=5 sep_labels=40 clique_frac=0.01
t=49704ms iter=55 REBUILD reject new_tc=48.5059 (was 47.5968)
t=49946ms iter=55 incumb=47.5968 ratchet=47.6999 best=47.5968 since_improve=2
t=49974ms iter=56 WAIST cost=44.0000 best_alt=40.0000 gap=4.0000 tried=5 sep_labels=40 clique_frac=0.01
t=50305ms iter=56 REBUILD reject new_tc=48.7722 (was 47.5968)
t=50548ms iter=56 incumb=47.5968 ratchet=47.7775 best=47.5968 since_improve=3
t=50584ms iter=57 WAIST cost=44.0000 best_alt=40.0000 gap=4.0000 tried=5 sep_labels=40 clique_frac=0.01
t=50925ms iter=57 REBUILD reject new_tc=48.7487 (was 47.5968)
t=51164ms iter=57 incumb=47.5968 ratchet=47.7436 best=47.5968 since_improve=4
t=51199ms iter=58 WAIST cost=44.0000 best_alt=40.0000 gap=4.0000 tried=5 sep_labels=40 clique_frac=0.01
t=51521ms iter=58 REBUILD reject new_tc=48.6470 (was 47.5968)
t=52065ms iter=58 incumb=47.5968 ratchet=47.5882 best=47.5871 since_improve=0
t=52095ms iter=59 WAIST cost=43.0000 best_alt=37.0000 gap=6.0000 tried=5 sep_labels=37 clique_frac=0.01
t=52392ms iter=59 REBUILD reject new_tc=52.1100 (was 47.5882)
t=52644ms iter=59 incumb=47.5882 ratchet=47.6860 best=47.5871 since_improve=1
t=52672ms iter=60 WAIST cost=43.0000 best_alt=39.0000 gap=4.0000 tried=5 sep_labels=39 clique_frac=0.01
t=53009ms iter=60 REBUILD reject new_tc=53.0683 (was 47.5882)
t=53388ms iter=60 incumb=47.5882 ratchet=47.5745 best=47.5586 since_improve=0
t=53423ms iter=61 WAIST cost=43.0000 best_alt=39.0000 gap=4.0000 tried=5 sep_labels=39 clique_frac=0.01
t=53747ms iter=61 REBUILD reject new_tc=55.0166 (was 47.5745)
t=54141ms iter=61 incumb=47.5745 ratchet=47.5962 best=47.5530 since_improve=1
t=54169ms iter=62 WAIST cost=43.0000 best_alt=39.0000 gap=4.0000 tried=5 sep_labels=39 clique_frac=0.01
t=54491ms iter=62 REBUILD reject new_tc=48.8163 (was 47.5745)
t=55821ms iter=62 incumb=47.5745 ratchet=47.5128 best=47.5128 since_improve=0
t=55864ms iter=63 WAIST cost=44.0000 best_alt=40.0000 gap=4.0000 tried=5 sep_labels=40 clique_frac=0.01
t=56201ms iter=63 REBUILD reject new_tc=49.0580 (was 47.5128)
t=57664ms iter=63 incumb=47.5128 ratchet=47.4916 best=47.4916 since_improve=0
t=57697ms iter=64 WAIST cost=44.0000 best_alt=40.0000 gap=4.0000 tried=5 sep_labels=40 clique_frac=0.01
t=58040ms iter=64 REBUILD reject new_tc=49.1078 (was 47.4916)
t=58283ms iter=64 incumb=47.4916 ratchet=47.9295 best=47.4916 since_improve=1
t=58315ms iter=65 WAIST cost=44.0000 best_alt=40.0000 gap=4.0000 tried=5 sep_labels=40 clique_frac=0.01
t=58651ms iter=65 REBUILD reject new_tc=48.7446 (was 47.4916)
t=58882ms iter=65 incumb=47.4916 ratchet=47.8931 best=47.4916 since_improve=2
t=58923ms iter=66 WAIST cost=44.0000 best_alt=39.0000 gap=5.0000 tried=5 sep_labels=39 clique_frac=0.02
t=59212ms iter=66 REBUILD reject new_tc=53.0597 (was 47.4916)
t=59461ms iter=66 incumb=47.4916 ratchet=47.5028 best=47.4916 since_improve=3
t=59499ms iter=67 WAIST cost=44.0000 best_alt=37.0000 gap=7.0000 tried=5 sep_labels=37 clique_frac=0.01
t=59810ms iter=67 REBUILD reject new_tc=50.4550 (was 47.4916)
t=60677ms iter=67 incumb=47.4916 ratchet=47.5058 best=47.4423 since_improve=4
t=60713ms iter=68 WAIST cost=44.0000 best_alt=39.0000 gap=5.0000 tried=5 sep_labels=39 clique_frac=0.01
t=61051ms iter=68 REBUILD reject new_tc=50.3132 (was 47.4916)
t=61296ms iter=68 incumb=47.4916 ratchet=47.4955 best=47.4423 since_improve=5
t=61330ms iter=69 WAIST cost=44.0000 best_alt=40.0000 gap=4.0000 tried=5 sep_labels=40 clique_frac=0.01
t=61678ms iter=69 REBUILD reject new_tc=48.8580 (was 47.4916)
t=61936ms iter=69 incumb=47.4916 ratchet=47.5101 best=47.4423 since_improve=6
t=61966ms iter=70 WAIST cost=44.0000 best_alt=40.0000 gap=4.0000 tried=5 sep_labels=40 clique_frac=0.01
t=62311ms iter=70 REBUILD reject new_tc=48.4839 (was 47.4916)
t=62857ms iter=70 incumb=47.4916 ratchet=47.4197 best=47.4197 since_improve=0
t=62889ms iter=71 WAIST cost=43.0000 best_alt=37.0000 gap=6.0000 tried=5 sep_labels=37 clique_frac=0.01
t=63182ms iter=71 REBUILD reject new_tc=50.4888 (was 47.4197)
t=63437ms iter=71 incumb=47.4197 ratchet=47.4525 best=47.4197 since_improve=1
t=63466ms iter=72 WAIST cost=43.0000 best_alt=40.0000 gap=3.0000 tried=5 sep_labels=40 clique_frac=0.02
t=63797ms iter=72 REBUILD reject new_tc=58.0021 (was 47.4197)
t=64033ms iter=72 incumb=47.4197 ratchet=47.9129 best=47.4197 since_improve=2
t=64057ms iter=73 WAIST cost=43.0000 best_alt=40.0000 gap=3.0000 tried=5 sep_labels=40 clique_frac=0.02
t=64381ms iter=73 REBUILD reject new_tc=58.0021 (was 47.4197)
t=64602ms iter=73 incumb=47.4197 ratchet=47.4575 best=47.4197 since_improve=3
t=64618ms iter=74 WAIST cost=43.0000 best_alt=39.0000 gap=4.0000 tried=5 sep_labels=39 clique_frac=0.02
t=64901ms iter=74 REBUILD reject new_tc=49.4845 (was 47.4197)
t=65157ms iter=74 incumb=47.4197 ratchet=47.5064 best=47.4197 since_improve=4
t=65192ms iter=75 WAIST cost=43.0000 best_alt=40.0000 gap=3.0000 tried=5 sep_labels=40 clique_frac=0.02
t=65529ms iter=75 REBUILD reject new_tc=50.5768 (was 47.4197)
t=65780ms iter=75 incumb=47.4197 ratchet=47.4644 best=47.4197 since_improve=5
t=65810ms iter=76 WAIST cost=43.0000 best_alt=40.0000 gap=3.0000 tried=5 sep_labels=40 clique_frac=0.02
t=66141ms iter=76 REBUILD reject new_tc=48.9247 (was 47.4197)
t=66375ms iter=76 incumb=47.4197 ratchet=47.5136 best=47.4197 since_improve=6
t=66408ms iter=77 WAIST cost=43.0000 best_alt=40.0000 gap=3.0000 tried=5 sep_labels=40 clique_frac=0.02
t=66747ms iter=77 REBUILD reject new_tc=49.0306 (was 47.4197)
t=66992ms iter=77 incumb=47.4197 ratchet=47.4407 best=47.4197 since_improve=7
t=67022ms iter=78 WAIST cost=43.0000 best_alt=40.0000 gap=3.0000 tried=5 sep_labels=40 clique_frac=0.02
t=67357ms iter=78 REBUILD reject new_tc=48.9108 (was 47.4197)
t=67607ms iter=78 incumb=47.4197 ratchet=47.4487 best=47.4197 since_improve=8
t=67636ms iter=79 WAIST cost=43.0000 best_alt=40.0000 gap=3.0000 tried=5 sep_labels=40 clique_frac=0.02
t=67991ms iter=79 REBUILD reject new_tc=48.8403 (was 47.4197)
t=68237ms iter=79 incumb=47.4197 ratchet=47.4689 best=47.4197 since_improve=9
t=68263ms iter=80 WAIST cost=43.0000 best_alt=40.0000 gap=3.0000 tried=5 sep_labels=40 clique_frac=0.02
t=68594ms iter=80 REBUILD reject new_tc=48.5900 (was 47.4197)
t=69285ms iter=80 incumb=47.4197 ratchet=47.4381 best=47.4022 since_improve=10
t=69312ms iter=81 WAIST cost=43.0000 best_alt=40.0000 gap=3.0000 tried=5 sep_labels=40 clique_frac=0.02
t=69652ms iter=81 REBUILD reject new_tc=48.9701 (was 47.4197)
t=69903ms iter=81 incumb=47.4197 ratchet=47.4408 best=47.4022 since_improve=11
t=69936ms iter=82 WAIST cost=43.0000 best_alt=40.0000 gap=3.0000 tried=5 sep_labels=40 clique_frac=0.02
t=70285ms iter=82 REBUILD reject new_tc=48.6155 (was 47.4197)
t=70533ms iter=82 incumb=47.4197 ratchet=47.4125 best=47.4022 since_improve=0
t=70564ms iter=83 WAIST cost=43.0000 best_alt=39.0000 gap=4.0000 tried=5 sep_labels=39 clique_frac=0.01
t=70894ms iter=83 REBUILD reject new_tc=49.0092 (was 47.4125)
t=71143ms iter=83 incumb=47.4125 ratchet=47.4776 best=47.4022 since_improve=1
t=71175ms iter=84 WAIST cost=43.0000 best_alt=39.0000 gap=4.0000 tried=5 sep_labels=39 clique_frac=0.01
t=71510ms iter=84 REBUILD reject new_tc=48.5861 (was 47.4125)
t=71752ms iter=84 incumb=47.4125 ratchet=47.4077 best=47.4022 since_improve=0
t=71780ms iter=85 WAIST cost=43.0000 best_alt=39.0000 gap=4.0000 tried=5 sep_labels=39 clique_frac=0.01
t=72114ms iter=85 REBUILD reject new_tc=57.0033 (was 47.4077)
t=72361ms iter=85 incumb=47.4077 ratchet=47.4100 best=47.4022 since_improve=1
t=72388ms iter=86 WAIST cost=43.0000 best_alt=39.0000 gap=4.0000 tried=5 sep_labels=39 clique_frac=0.01
t=72725ms iter=86 REBUILD reject new_tc=49.3996 (was 47.4077)
t=72981ms iter=86 incumb=47.4077 ratchet=47.5019 best=47.4022 since_improve=2
t=73009ms iter=87 WAIST cost=43.0000 best_alt=39.0000 gap=4.0000 tried=5 sep_labels=39 clique_frac=0.01
t=73349ms iter=87 REBUILD reject new_tc=48.7500 (was 47.4077)
t=73581ms iter=87 incumb=47.4077 ratchet=47.7225 best=47.4022 since_improve=3
t=73604ms iter=88 WAIST cost=43.0000 best_alt=39.0000 gap=4.0000 tried=5 sep_labels=39 clique_frac=0.01
t=73936ms iter=88 REBUILD reject new_tc=57.0105 (was 47.4077)
t=74179ms iter=88 incumb=47.4077 ratchet=47.4556 best=47.4022 since_improve=4
t=74214ms iter=89 WAIST cost=43.0000 best_alt=39.0000 gap=4.0000 tried=5 sep_labels=39 clique_frac=0.01
t=74535ms iter=89 REBUILD reject new_tc=48.8108 (was 47.4077)
t=75667ms iter=89 incumb=47.4077 ratchet=47.3893 best=47.3827 since_improve=0
t=75697ms iter=90 WAIST cost=43.0000 best_alt=39.0000 gap=4.0000 tried=5 sep_labels=39 clique_frac=0.01
t=76030ms iter=90 REBUILD reject new_tc=50.5249 (was 47.3893)
t=76275ms iter=90 incumb=47.3893 ratchet=47.5497 best=47.3827 since_improve=1
t=76305ms iter=91 WAIST cost=43.0000 best_alt=39.0000 gap=4.0000 tried=5 sep_labels=39 clique_frac=0.01
t=76639ms iter=91 REBUILD reject new_tc=48.7192 (was 47.3893)
t=76889ms iter=91 incumb=47.3893 ratchet=47.5383 best=47.3827 since_improve=2
t=76918ms iter=92 WAIST cost=43.0000 best_alt=39.0000 gap=4.0000 tried=5 sep_labels=39 clique_frac=0.01
t=77269ms iter=92 REBUILD reject new_tc=48.6065 (was 47.3893)
t=77575ms iter=92 incumb=47.3893 ratchet=47.7340 best=47.3827 since_improve=3
t=77606ms iter=93 WAIST cost=43.0000 best_alt=39.0000 gap=4.0000 tried=5 sep_labels=39 clique_frac=0.01
t=77951ms iter=93 REBUILD reject new_tc=48.6206 (was 47.3893)
t=78199ms iter=93 incumb=47.3893 ratchet=47.4267 best=47.3827 since_improve=4
t=78230ms iter=94 WAIST cost=43.0000 best_alt=39.0000 gap=4.0000 tried=5 sep_labels=39 clique_frac=0.01
t=78570ms iter=94 REBUILD reject new_tc=50.4401 (was 47.3893)
t=78830ms iter=94 incumb=47.3893 ratchet=47.4555 best=47.3827 since_improve=5
t=78854ms iter=95 WAIST cost=43.0000 best_alt=39.0000 gap=4.0000 tried=5 sep_labels=39 clique_frac=0.01
t=79195ms iter=95 REBUILD reject new_tc=48.9674 (was 47.3893)
t=79452ms iter=95 incumb=47.3893 ratchet=47.4273 best=47.3827 since_improve=6
t=79485ms iter=96 WAIST cost=43.0000 best_alt=39.0000 gap=4.0000 tried=5 sep_labels=39 clique_frac=0.01
t=79820ms iter=96 REBUILD reject new_tc=52.1378 (was 47.3893)
t=80072ms iter=96 incumb=47.3893 ratchet=47.3983 best=47.3827 since_improve=7
t=80098ms iter=97 WAIST cost=43.0000 best_alt=39.0000 gap=4.0000 tried=5 sep_labels=39 clique_frac=0.01
t=80437ms iter=97 REBUILD reject new_tc=49.0851 (was 47.3893)
t=80693ms iter=97 incumb=47.3893 ratchet=47.5357 best=47.3827 since_improve=8
t=80728ms iter=98 WAIST cost=43.0000 best_alt=39.0000 gap=4.0000 tried=5 sep_labels=39 clique_frac=0.01
t=81073ms iter=98 REBUILD reject new_tc=49.1221 (was 47.3893)
t=81317ms iter=98 incumb=47.3893 ratchet=47.4371 best=47.3827 since_improve=9
t=81340ms iter=99 WAIST cost=43.0000 best_alt=39.0000 gap=4.0000 tried=5 sep_labels=39 clique_frac=0.01
t=81653ms iter=99 REBUILD reject new_tc=49.2718 (was 47.3893)
t=81910ms iter=99 incumb=47.3893 ratchet=47.4856 best=47.3827 since_improve=10
t=81941ms iter=100 WAIST cost=43.0000 best_alt=39.0000 gap=4.0000 tried=5 sep_labels=39 clique_frac=0.01
t=82287ms iter=100 REBUILD reject new_tc=48.8027 (was 47.3893)
t=82548ms iter=100 incumb=47.3893 ratchet=47.4732 best=47.3827 since_improve=11
t=82583ms iter=101 WAIST cost=43.0000 best_alt=39.0000 gap=4.0000 tried=5 sep_labels=39 clique_frac=0.01
t=82929ms iter=101 REBUILD reject new_tc=48.1802 (was 47.3893)
t=83184ms iter=101 incumb=47.3893 ratchet=47.4776 best=47.3827 since_improve=12
t=83214ms iter=102 WAIST cost=43.0000 best_alt=39.0000 gap=4.0000 tried=5 sep_labels=39 clique_frac=0.01
t=83546ms iter=102 REBUILD reject new_tc=50.4296 (was 47.3893)
t=83800ms iter=102 incumb=47.3893 ratchet=47.4767 best=47.3827 since_improve=13
t=83830ms iter=103 WAIST cost=43.0000 best_alt=39.0000 gap=4.0000 tried=5 sep_labels=39 clique_frac=0.01
t=84163ms iter=103 REBUILD reject new_tc=49.5060 (was 47.3893)
t=84420ms iter=103 incumb=47.3893 ratchet=47.6996 best=47.3827 since_improve=14
t=84447ms iter=104 WAIST cost=43.0000 best_alt=39.0000 gap=4.0000 tried=5 sep_labels=39 clique_frac=0.01
t=84784ms iter=104 REBUILD reject new_tc=49.5881 (was 47.3893)
t=85028ms iter=104 incumb=47.3893 ratchet=47.4216 best=47.3827 since_improve=15
t=85067ms iter=105 WAIST cost=43.0000 best_alt=39.0000 gap=4.0000 tried=5 sep_labels=39 clique_frac=0.01
t=85397ms iter=105 REBUILD reject new_tc=51.3086 (was 47.3893)
t=85657ms iter=105 incumb=47.3893 ratchet=47.4164 best=47.3827 since_improve=16
t=85694ms iter=106 WAIST cost=43.0000 best_alt=39.0000 gap=4.0000 tried=5 sep_labels=39 clique_frac=0.01
t=86025ms iter=106 REBUILD reject new_tc=55.0141 (was 47.3893)
t=86278ms iter=106 incumb=47.3893 ratchet=47.7153 best=47.3827 since_improve=17
t=86313ms iter=107 WAIST cost=43.0000 best_alt=39.0000 gap=4.0000 tried=5 sep_labels=39 clique_frac=0.01
t=86646ms iter=107 REBUILD reject new_tc=50.4604 (was 47.3893)
t=86898ms iter=107 incumb=47.3893 ratchet=47.4940 best=47.3827 since_improve=18
t=86926ms iter=108 WAIST cost=43.0000 best_alt=39.0000 gap=4.0000 tried=5 sep_labels=39 clique_frac=0.01
t=87268ms iter=108 REBUILD reject new_tc=48.9572 (was 47.3893)
t=87523ms iter=108 incumb=47.3893 ratchet=47.4383 best=47.3827 since_improve=19
t=87560ms iter=109 WAIST cost=43.0000 best_alt=39.0000 gap=4.0000 tried=5 sep_labels=39 clique_frac=0.01
t=87893ms iter=109 REBUILD reject new_tc=52.1565 (was 47.3893)
t=88140ms iter=109 incumb=47.3893 ratchet=47.4325 best=47.3827 since_improve=20
t=88179ms iter=110 WAIST cost=43.0000 best_alt=39.0000 gap=4.0000 tried=5 sep_labels=39 clique_frac=0.01
t=88522ms iter=110 REBUILD reject new_tc=48.3481 (was 47.3893)
t=88772ms iter=110 incumb=47.3893 ratchet=47.4499 best=47.3827 since_improve=21
t=88805ms iter=111 WAIST cost=43.0000 best_alt=39.0000 gap=4.0000 tried=5 sep_labels=39 clique_frac=0.01
t=89152ms iter=111 REBUILD reject new_tc=48.6301 (was 47.3893)
t=89413ms iter=111 incumb=47.3893 ratchet=47.4016 best=47.3827 since_improve=22
t=89447ms iter=112 WAIST cost=43.0000 best_alt=39.0000 gap=4.0000 tried=5 sep_labels=39 clique_frac=0.01
t=89775ms iter=112 REBUILD reject new_tc=53.0587 (was 47.3893)
t=90034ms iter=112 incumb=47.3893 ratchet=47.4294 best=47.3827 since_improve=23
t=90077ms iter=113 WAIST cost=43.0000 best_alt=39.0000 gap=4.0000 tried=5 sep_labels=39 clique_frac=0.01
t=90425ms iter=113 REBUILD reject new_tc=48.6542 (was 47.3893)
t=90681ms iter=113 incumb=47.3893 ratchet=47.4423 best=47.3827 since_improve=24
t=90709ms iter=114 WAIST cost=43.0000 best_alt=39.0000 gap=4.0000 tried=5 sep_labels=39 clique_frac=0.01
t=91057ms iter=114 REBUILD reject new_tc=49.1604 (was 47.3893)
t=91315ms iter=114 incumb=47.3893 ratchet=47.9627 best=47.3827 since_improve=25
t=91348ms iter=115 WAIST cost=43.0000 best_alt=37.0000 gap=6.0000 tried=5 sep_labels=37 clique_frac=0.01
t=91640ms iter=115 REBUILD reject new_tc=55.0776 (was 47.3893)
t=91890ms iter=115 incumb=47.3893 ratchet=47.4581 best=47.3827 since_improve=26
t=91929ms iter=116 WAIST cost=43.0000 best_alt=37.0000 gap=6.0000 tried=5 sep_labels=37 clique_frac=0.03
t=92225ms iter=116 REBUILD reject new_tc=51.1587 (was 47.3893)
t=92480ms iter=116 incumb=47.3893 ratchet=47.7145 best=47.3827 since_improve=27
t=92510ms iter=117 WAIST cost=43.0000 best_alt=39.0000 gap=4.0000 tried=5 sep_labels=39 clique_frac=0.01
t=92851ms iter=117 REBUILD reject new_tc=48.6356 (was 47.3893)
t=93105ms iter=117 incumb=47.3893 ratchet=47.4511 best=47.3827 since_improve=28
t=93135ms iter=118 WAIST cost=43.0000 best_alt=37.0000 gap=6.0000 tried=5 sep_labels=37 clique_frac=0.01
t=93422ms iter=118 REBUILD reject new_tc=53.1599 (was 47.3893)
t=93667ms iter=118 incumb=47.3893 ratchet=47.4190 best=47.3827 since_improve=29
t=93700ms iter=119 WAIST cost=43.0000 best_alt=39.0000 gap=4.0000 tried=5 sep_labels=39 clique_frac=0.01
t=94037ms iter=119 REBUILD reject new_tc=50.3827 (was 47.3893)
t=94289ms iter=119 incumb=47.3893 ratchet=47.4035 best=47.3827 since_improve=30
t=94320ms iter=120 WAIST cost=43.0000 best_alt=39.0000 gap=4.0000 tried=5 sep_labels=39 clique_frac=0.01
t=94660ms iter=120 REBUILD reject new_tc=48.5102 (was 47.3893)
t=94910ms iter=120 incumb=47.3893 ratchet=47.6880 best=47.3827 since_improve=31
t=94940ms iter=121 WAIST cost=43.0000 best_alt=39.0000 gap=4.0000 tried=5 sep_labels=39 clique_frac=0.01
t=95292ms iter=121 REBUILD reject new_tc=48.3445 (was 47.3893)
t=95541ms iter=121 incumb=47.3893 ratchet=47.4757 best=47.3827 since_improve=32
t=95570ms iter=122 WAIST cost=43.0000 best_alt=39.0000 gap=4.0000 tried=5 sep_labels=39 clique_frac=0.01
t=95922ms iter=122 REBUILD reject new_tc=49.0024 (was 47.3893)
t=96183ms iter=122 incumb=47.3893 ratchet=47.4464 best=47.3827 since_improve=33
t=96218ms iter=123 WAIST cost=43.0000 best_alt=39.0000 gap=4.0000 tried=5 sep_labels=39 clique_frac=0.01
t=96543ms iter=123 REBUILD reject new_tc=57.0035 (was 47.3893)
t=96792ms iter=123 incumb=47.3893 ratchet=47.4446 best=47.3827 since_improve=34
t=96818ms iter=124 WAIST cost=43.0000 best_alt=39.0000 gap=4.0000 tried=5 sep_labels=39 clique_frac=0.01
t=97157ms iter=124 REBUILD reject new_tc=49.4405 (was 47.3893)
t=97584ms iter=124 incumb=47.3893 ratchet=47.4017 best=47.3820 since_improve=35
t=97618ms iter=125 WAIST cost=43.0000 best_alt=39.0000 gap=4.0000 tried=5 sep_labels=39 clique_frac=0.01
t=97950ms iter=125 REBUILD reject new_tc=53.1023 (was 47.3893)
t=98203ms iter=125 incumb=47.3893 ratchet=47.4124 best=47.3820 since_improve=36
t=98238ms iter=126 WAIST cost=43.0000 best_alt=37.0000 gap=6.0000 tried=5 sep_labels=37 clique_frac=0.01
t=98530ms iter=126 REBUILD reject new_tc=56.0042 (was 47.3893)
t=98781ms iter=126 incumb=47.3893 ratchet=47.4049 best=47.3820 since_improve=37
t=98808ms iter=127 WAIST cost=43.0000 best_alt=39.0000 gap=4.0000 tried=5 sep_labels=39 clique_frac=0.01
t=99147ms iter=127 REBUILD reject new_tc=48.6086 (was 47.3893)
t=99403ms iter=127 incumb=47.3893 ratchet=47.4688 best=47.3820 since_improve=38
t=99437ms iter=128 WAIST cost=43.0000 best_alt=39.0000 gap=4.0000 tried=5 sep_labels=39 clique_frac=0.01
t=99779ms iter=128 REBUILD reject new_tc=49.6416 (was 47.3893)
t=100033ms iter=128 incumb=47.3893 ratchet=47.4774 best=47.3820 since_improve=39
t=100063ms iter=129 WAIST cost=43.0000 best_alt=39.0000 gap=4.0000 tried=5 sep_labels=39 clique_frac=0.01
t=100388ms iter=129 REBUILD reject new_tc=51.1425 (was 47.3893)
t=100642ms iter=129 incumb=47.3893 ratchet=47.4726 best=47.3820 since_improve=40
t=100672ms iter=130 WAIST cost=43.0000 best_alt=37.0000 gap=6.0000 tried=5 sep_labels=37 clique_frac=0.01
t=100968ms iter=130 REBUILD reject new_tc=49.7325 (was 47.3893)
t=101377ms iter=130 incumb=47.3893 ratchet=47.3784 best=47.3784 since_improve=0
t=101409ms iter=131 WAIST cost=43.0000 best_alt=39.0000 gap=4.0000 tried=5 sep_labels=39 clique_frac=0.01
t=101750ms iter=131 REBUILD reject new_tc=49.4050 (was 47.3784)
t=102003ms iter=131 incumb=47.3784 ratchet=47.4027 best=47.3784 since_improve=1
t=102039ms iter=132 WAIST cost=43.0000 best_alt=39.0000 gap=4.0000 tried=5 sep_labels=39 clique_frac=0.01
t=102371ms iter=132 REBUILD reject new_tc=50.0422 (was 47.3784)
t=102614ms iter=132 incumb=47.3784 ratchet=47.7666 best=47.3784 since_improve=2
t=102650ms iter=133 WAIST cost=43.0000 best_alt=39.0000 gap=4.0000 tried=5 sep_labels=39 clique_frac=0.01
t=102990ms iter=133 REBUILD reject new_tc=48.6550 (was 47.3784)
t=103243ms iter=133 incumb=47.3784 ratchet=47.6665 best=47.3784 since_improve=3
t=103272ms iter=134 WAIST cost=43.0000 best_alt=39.0000 gap=4.0000 tried=5 sep_labels=39 clique_frac=0.01
t=103616ms iter=134 REBUILD reject new_tc=49.0472 (was 47.3784)
t=103869ms iter=134 incumb=47.3784 ratchet=47.9414 best=47.3784 since_improve=4
t=103901ms iter=135 WAIST cost=43.0000 best_alt=39.0000 gap=4.0000 tried=5 sep_labels=39 clique_frac=0.01
t=104233ms iter=135 REBUILD reject new_tc=54.0276 (was 47.3784)
t=104488ms iter=135 incumb=47.3784 ratchet=47.6499 best=47.3784 since_improve=5
t=104524ms iter=136 WAIST cost=43.0000 best_alt=39.0000 gap=4.0000 tried=5 sep_labels=39 clique_frac=0.01
t=104854ms iter=136 REBUILD reject new_tc=51.2204 (was 47.3784)
t=105104ms iter=136 incumb=47.3784 ratchet=47.4080 best=47.3784 since_improve=6
t=105136ms iter=137 WAIST cost=43.0000 best_alt=39.0000 gap=4.0000 tried=5 sep_labels=39 clique_frac=0.01
t=105473ms iter=137 REBUILD reject new_tc=49.6962 (was 47.3784)
t=105731ms iter=137 incumb=47.3784 ratchet=47.7406 best=47.3784 since_improve=7
t=105759ms iter=138 WAIST cost=43.0000 best_alt=39.0000 gap=4.0000 tried=5 sep_labels=39 clique_frac=0.01
t=106100ms iter=138 REBUILD reject new_tc=49.1962 (was 47.3784)
t=106357ms iter=138 incumb=47.3784 ratchet=47.4371 best=47.3784 since_improve=8
t=106386ms iter=139 WAIST cost=43.0000 best_alt=39.0000 gap=4.0000 tried=5 sep_labels=39 clique_frac=0.01
t=106728ms iter=139 REBUILD reject new_tc=48.8791 (was 47.3784)
t=106983ms iter=139 incumb=47.3784 ratchet=47.4347 best=47.3784 since_improve=9
t=107013ms iter=140 WAIST cost=43.0000 best_alt=39.0000 gap=4.0000 tried=5 sep_labels=39 clique_frac=0.01
t=107391ms iter=140 REBUILD reject new_tc=48.7966 (was 47.3784)
t=107642ms iter=140 incumb=47.3784 ratchet=47.4368 best=47.3784 since_improve=10
t=107677ms iter=141 WAIST cost=43.0000 best_alt=37.0000 gap=6.0000 tried=5 sep_labels=37 clique_frac=0.01
t=108023ms iter=141 REBUILD reject new_tc=53.0582 (was 47.3784)
t=108276ms iter=141 incumb=47.3784 ratchet=47.4332 best=47.3784 since_improve=11
t=108310ms iter=142 WAIST cost=43.0000 best_alt=39.0000 gap=4.0000 tried=5 sep_labels=39 clique_frac=0.01
t=108650ms iter=142 REBUILD reject new_tc=49.0224 (was 47.3784)
t=108902ms iter=142 incumb=47.3784 ratchet=47.7984 best=47.3784 since_improve=12
t=108929ms iter=143 WAIST cost=43.0000 best_alt=39.0000 gap=4.0000 tried=5 sep_labels=39 clique_frac=0.01
t=109265ms iter=143 REBUILD reject new_tc=49.9621 (was 47.3784)
t=109519ms iter=143 incumb=47.3784 ratchet=47.4123 best=47.3784 since_improve=13
t=109549ms iter=144 WAIST cost=43.0000 best_alt=39.0000 gap=4.0000 tried=5 sep_labels=39 clique_frac=0.01
t=109873ms iter=144 REBUILD reject new_tc=53.1347 (was 47.3784)
t=110123ms iter=144 incumb=47.3784 ratchet=47.4477 best=47.3784 since_improve=14
t=110157ms iter=145 WAIST cost=43.0000 best_alt=39.0000 gap=4.0000 tried=5 sep_labels=39 clique_frac=0.01
t=110512ms iter=145 REBUILD reject new_tc=49.1169 (was 47.3784)
t=110764ms iter=145 incumb=47.3784 ratchet=47.8840 best=47.3784 since_improve=15
t=110797ms iter=146 WAIST cost=43.0000 best_alt=39.0000 gap=4.0000 tried=5 sep_labels=39 clique_frac=0.01
t=111135ms iter=146 REBUILD reject new_tc=49.5051 (was 47.3784)
t=111390ms iter=146 incumb=47.3784 ratchet=47.8456 best=47.3784 since_improve=16
t=111416ms iter=147 WAIST cost=43.0000 best_alt=39.0000 gap=4.0000 tried=5 sep_labels=39 clique_frac=0.01
t=111749ms iter=147 REBUILD reject new_tc=49.9986 (was 47.3784)
t=111998ms iter=147 incumb=47.3784 ratchet=47.4154 best=47.3784 since_improve=17
t=112030ms iter=148 WAIST cost=43.0000 best_alt=39.0000 gap=4.0000 tried=5 sep_labels=39 clique_frac=0.01
t=112359ms iter=148 REBUILD reject new_tc=49.3080 (was 47.3784)
t=112607ms iter=148 incumb=47.3784 ratchet=47.4860 best=47.3784 since_improve=18
t=112643ms iter=149 WAIST cost=43.0000 best_alt=37.0000 gap=6.0000 tried=5 sep_labels=37 clique_frac=0.01
t=112936ms iter=149 REBUILD reject new_tc=55.0108 (was 47.3784)
t=113187ms iter=149 incumb=47.3784 ratchet=47.7065 best=47.3784 since_improve=19
t=113215ms iter=150 WAIST cost=43.0000 best_alt=39.0000 gap=4.0000 tried=5 sep_labels=39 clique_frac=0.01
t=113548ms iter=150 REBUILD reject new_tc=54.0222 (was 47.3784)
t=113799ms iter=150 incumb=47.3784 ratchet=47.3875 best=47.3784 since_improve=20
t=113829ms iter=151 WAIST cost=43.0000 best_alt=39.0000 gap=4.0000 tried=5 sep_labels=39 clique_frac=0.01
t=114176ms iter=151 REBUILD reject new_tc=48.5727 (was 47.3784)
t=114428ms iter=151 incumb=47.3784 ratchet=47.4306 best=47.3784 since_improve=21
t=114456ms iter=152 WAIST cost=43.0000 best_alt=39.0000 gap=4.0000 tried=5 sep_labels=39 clique_frac=0.01
t=114801ms iter=152 REBUILD reject new_tc=48.9061 (was 47.3784)
t=115052ms iter=152 incumb=47.3784 ratchet=47.4495 best=47.3784 since_improve=22
t=115082ms iter=153 WAIST cost=43.0000 best_alt=39.0000 gap=4.0000 tried=5 sep_labels=39 clique_frac=0.01
t=115414ms iter=153 REBUILD reject new_tc=50.4553 (was 47.3784)
t=115662ms iter=153 incumb=47.3784 ratchet=47.4253 best=47.3784 since_improve=23
t=115692ms iter=154 WAIST cost=43.0000 best_alt=39.0000 gap=4.0000 tried=5 sep_labels=39 clique_frac=0.01
t=116024ms iter=154 REBUILD reject new_tc=51.2392 (was 47.3784)
t=116273ms iter=154 incumb=47.3784 ratchet=47.4107 best=47.3784 since_improve=24
t=116307ms iter=155 WAIST cost=43.0000 best_alt=39.0000 gap=4.0000 tried=5 sep_labels=39 clique_frac=0.01
t=116640ms iter=155 REBUILD reject new_tc=50.5246 (was 47.3784)
t=116893ms iter=155 incumb=47.3784 ratchet=47.4369 best=47.3784 since_improve=25
t=116925ms iter=156 WAIST cost=43.0000 best_alt=39.0000 gap=4.0000 tried=5 sep_labels=39 clique_frac=0.01
t=117259ms iter=156 REBUILD reject new_tc=48.9517 (was 47.3784)
t=117509ms iter=156 incumb=47.3784 ratchet=47.4493 best=47.3784 since_improve=26
t=117541ms iter=157 WAIST cost=43.0000 best_alt=39.0000 gap=4.0000 tried=5 sep_labels=39 clique_frac=0.01
t=117887ms iter=157 REBUILD reject new_tc=48.5236 (was 47.3784)
t=118136ms iter=157 incumb=47.3784 ratchet=47.6127 best=47.3784 since_improve=27
t=118173ms iter=158 WAIST cost=43.0000 best_alt=39.0000 gap=4.0000 tried=5 sep_labels=39 clique_frac=0.01
t=118518ms iter=158 REBUILD reject new_tc=49.3503 (was 47.3784)
t=118771ms iter=158 incumb=47.3784 ratchet=47.7568 best=47.3784 since_improve=28
t=118802ms iter=159 WAIST cost=43.0000 best_alt=37.0000 gap=6.0000 tried=5 sep_labels=37 clique_frac=0.01
t=119103ms iter=159 REBUILD reject new_tc=52.9298 (was 47.3784)
t=119357ms iter=159 incumb=47.3784 ratchet=47.4702 best=47.3784 since_improve=29
t=119385ms iter=160 WAIST cost=43.0000 best_alt=39.0000 gap=4.0000 tried=5 sep_labels=39 clique_frac=0.01
t=119719ms iter=160 REBUILD reject new_tc=54.0328 (was 47.3784)
t=119967ms iter=160 incumb=47.3784 ratchet=47.4242 best=47.3784 since_improve=30
t=120003ms iter=161 WAIST cost=43.0000 best_alt=39.0000 gap=4.0000 tried=5 sep_labels=39 clique_frac=0.01
t=120347ms iter=161 REBUILD reject new_tc=48.3333 (was 47.3784)
t=120600ms iter=161 incumb=47.3784 ratchet=47.6522 best=47.3784 since_improve=31
t=120637ms iter=162 WAIST cost=43.0000 best_alt=39.0000 gap=4.0000 tried=5 sep_labels=39 clique_frac=0.01
t=120981ms iter=162 REBUILD reject new_tc=48.6645 (was 47.3784)
t=121230ms iter=162 incumb=47.3784 ratchet=47.4317 best=47.3784 since_improve=32
t=121265ms iter=163 WAIST cost=43.0000 best_alt=39.0000 gap=4.0000 tried=5 sep_labels=39 clique_frac=0.01
t=121609ms iter=163 REBUILD reject new_tc=49.2229 (was 47.3784)
t=121855ms iter=163 incumb=47.3784 ratchet=47.6932 best=47.3784 since_improve=33
t=121890ms iter=164 WAIST cost=43.0000 best_alt=39.0000 gap=4.0000 tried=5 sep_labels=39 clique_frac=0.01
t=122236ms iter=164 REBUILD reject new_tc=48.5716 (was 47.3784)
t=122487ms iter=164 incumb=47.3784 ratchet=47.7312 best=47.3784 since_improve=34
t=122523ms iter=165 WAIST cost=43.0000 best_alt=39.0000 gap=4.0000 tried=5 sep_labels=39 clique_frac=0.01
t=122861ms iter=165 REBUILD reject new_tc=49.4575 (was 47.3784)
t=123111ms iter=165 incumb=47.3784 ratchet=47.4415 best=47.3784 since_improve=35
t=123137ms iter=166 WAIST cost=43.0000 best_alt=39.0000 gap=4.0000 tried=5 sep_labels=39 clique_frac=0.01
t=123473ms iter=166 REBUILD reject new_tc=48.7599 (was 47.3784)
t=123717ms iter=166 incumb=47.3784 ratchet=47.5830 best=47.3784 since_improve=36
t=123758ms iter=167 WAIST cost=43.0000 best_alt=39.0000 gap=4.0000 tried=5 sep_labels=39 clique_frac=0.01
t=124097ms iter=167 REBUILD reject new_tc=49.0418 (was 47.3784)
t=124345ms iter=167 incumb=47.3784 ratchet=47.4527 best=47.3784 since_improve=37
t=124374ms iter=168 WAIST cost=43.0000 best_alt=39.0000 gap=4.0000 tried=5 sep_labels=39 clique_frac=0.01
t=124716ms iter=168 REBUILD reject new_tc=48.4001 (was 47.3784)
t=124961ms iter=168 incumb=47.3784 ratchet=47.4242 best=47.3784 since_improve=38
t=124995ms iter=169 WAIST cost=43.0000 best_alt=39.0000 gap=4.0000 tried=5 sep_labels=39 clique_frac=0.01
t=125337ms iter=169 REBUILD reject new_tc=48.8717 (was 47.3784)
t=125586ms iter=169 incumb=47.3784 ratchet=47.5778 best=47.3784 since_improve=39
t=125616ms iter=170 WAIST cost=43.0000 best_alt=39.0000 gap=4.0000 tried=5 sep_labels=39 clique_frac=0.01
t=125956ms iter=170 REBUILD reject new_tc=48.9139 (was 47.3784)
t=126206ms iter=170 incumb=47.3784 ratchet=47.7440 best=47.3784 since_improve=40
t=126238ms iter=171 WAIST cost=43.0000 best_alt=39.0000 gap=4.0000 tried=5 sep_labels=39 clique_frac=0.01
t=126567ms iter=171 REBUILD reject new_tc=52.1240 (was 47.3784)
t=126820ms iter=171 incumb=47.3784 ratchet=47.4509 best=47.3784 since_improve=41
t=126856ms iter=172 WAIST cost=43.0000 best_alt=39.0000 gap=4.0000 tried=5 sep_labels=39 clique_frac=0.01
t=127191ms iter=172 REBUILD reject new_tc=48.6883 (was 47.3784)
t=127602ms iter=172 incumb=47.3784 ratchet=47.4156 best=47.3771 since_improve=42
t=127637ms iter=173 WAIST cost=43.0000 best_alt=39.0000 gap=4.0000 tried=5 sep_labels=39 clique_frac=0.01
t=127987ms iter=173 REBUILD reject new_tc=48.9867 (was 47.3784)
t=128241ms iter=173 incumb=47.3784 ratchet=47.4431 best=47.3771 since_improve=43
t=128269ms iter=174 WAIST cost=43.0000 best_alt=39.0000 gap=4.0000 tried=5 sep_labels=39 clique_frac=0.01
t=128608ms iter=174 REBUILD reject new_tc=50.1178 (was 47.3784)
t=128865ms iter=174 incumb=47.3784 ratchet=47.4458 best=47.3771 since_improve=44
t=128908ms iter=175 WAIST cost=43.0000 best_alt=37.0000 gap=6.0000 tried=5 sep_labels=37 clique_frac=0.02
t=129199ms iter=175 REBUILD reject new_tc=51.3009 (was 47.3784)
t=129453ms iter=175 incumb=47.3784 ratchet=47.4270 best=47.3771 since_improve=45
t=129482ms iter=176 WAIST cost=43.0000 best_alt=39.0000 gap=4.0000 tried=5 sep_labels=39 clique_frac=0.01
t=129833ms iter=176 REBUILD reject new_tc=49.0190 (was 47.3784)
t=130091ms iter=176 incumb=47.3784 ratchet=47.4353 best=47.3771 since_improve=46
t=130121ms iter=177 WAIST cost=43.0000 best_alt=39.0000 gap=4.0000 tried=5 sep_labels=39 clique_frac=0.01
t=130463ms iter=177 REBUILD reject new_tc=47.8710 (was 47.3784)
t=130715ms iter=177 incumb=47.3784 ratchet=47.4243 best=47.3771 since_improve=47
t=130746ms iter=178 WAIST cost=43.0000 best_alt=39.0000 gap=4.0000 tried=5 sep_labels=39 clique_frac=0.01
t=131084ms iter=178 REBUILD reject new_tc=49.3037 (was 47.3784)
t=131334ms iter=178 incumb=47.3784 ratchet=47.6417 best=47.3771 since_improve=48
t=131364ms iter=179 WAIST cost=43.0000 best_alt=39.0000 gap=4.0000 tried=5 sep_labels=39 clique_frac=0.01
t=131699ms iter=179 REBUILD reject new_tc=57.0018 (was 47.3784)
t=131953ms iter=179 incumb=47.3784 ratchet=47.4491 best=47.3771 since_improve=49
t=131988ms iter=180 WAIST cost=43.0000 best_alt=39.0000 gap=4.0000 tried=5 sep_labels=39 clique_frac=0.01
t=132329ms iter=180 REBUILD reject new_tc=48.8145 (was 47.3784)
t=132578ms iter=180 incumb=47.3784 ratchet=47.6233 best=47.3771 since_improve=50
t=132614ms iter=181 WAIST cost=43.0000 best_alt=37.0000 gap=6.0000 tried=5 sep_labels=37 clique_frac=0.02
t=132897ms iter=181 REBUILD reject new_tc=54.0283 (was 47.3784)
t=133149ms iter=181 incumb=47.3784 ratchet=47.9590 best=47.3771 since_improve=51
t=133175ms iter=182 WAIST cost=43.0000 best_alt=39.0000 gap=4.0000 tried=5 sep_labels=39 clique_frac=0.01
t=133510ms iter=182 REBUILD reject new_tc=53.0439 (was 47.3784)
t=133756ms iter=182 incumb=47.3784 ratchet=47.4246 best=47.3771 since_improve=52
t=133783ms iter=183 WAIST cost=43.0000 best_alt=39.0000 gap=4.0000 tried=5 sep_labels=39 clique_frac=0.01
t=134123ms iter=183 REBUILD reject new_tc=48.8336 (was 47.3784)
t=134378ms iter=183 incumb=47.3784 ratchet=47.4240 best=47.3771 since_improve=53
t=134406ms iter=184 WAIST cost=43.0000 best_alt=39.0000 gap=4.0000 tried=5 sep_labels=39 clique_frac=0.01
t=134744ms iter=184 REBUILD reject new_tc=48.7524 (was 47.3784)
t=134998ms iter=184 incumb=47.3784 ratchet=47.4374 best=47.3771 since_improve=54
t=135031ms iter=185 WAIST cost=43.0000 best_alt=39.0000 gap=4.0000 tried=5 sep_labels=39 clique_frac=0.01
t=135364ms iter=185 REBUILD reject new_tc=55.0158 (was 47.3784)
t=135608ms iter=185 incumb=47.3784 ratchet=47.4152 best=47.3771 since_improve=55
t=135641ms iter=186 WAIST cost=43.0000 best_alt=39.0000 gap=4.0000 tried=5 sep_labels=39 clique_frac=0.01
t=135978ms iter=186 REBUILD reject new_tc=48.8484 (was 47.3784)
t=136230ms iter=186 incumb=47.3784 ratchet=47.4035 best=47.3771 since_improve=56
t=136265ms iter=187 WAIST cost=43.0000 best_alt=39.0000 gap=4.0000 tried=5 sep_labels=39 clique_frac=0.01
t=136604ms iter=187 REBUILD reject new_tc=48.6345 (was 47.3784)
t=136862ms iter=187 incumb=47.3784 ratchet=47.6561 best=47.3771 since_improve=57
t=136890ms iter=188 WAIST cost=43.0000 best_alt=39.0000 gap=4.0000 tried=5 sep_labels=39 clique_frac=0.01
t=137232ms iter=188 REBUILD reject new_tc=49.6399 (was 47.3784)
t=137486ms iter=188 incumb=47.3784 ratchet=47.4450 best=47.3771 since_improve=58
t=137518ms iter=189 WAIST cost=43.0000 best_alt=39.0000 gap=4.0000 tried=5 sep_labels=39 clique_frac=0.01
t=137859ms iter=189 REBUILD reject new_tc=48.8811 (was 47.3784)
t=138106ms iter=189 incumb=47.3784 ratchet=47.5218 best=47.3771 since_improve=59
t=138131ms iter=190 WAIST cost=43.0000 best_alt=39.0000 gap=4.0000 tried=5 sep_labels=39 clique_frac=0.01
t=138468ms iter=190 REBUILD reject new_tc=49.0698 (was 47.3784)
t=138723ms iter=190 incumb=47.3784 ratchet=47.9808 best=47.3771 since_improve=60
t=138751ms iter=191 WAIST cost=43.0000 best_alt=37.0000 gap=6.0000 tried=5 sep_labels=37 clique_frac=0.01
t=139046ms iter=191 REBUILD reject new_tc=49.3265 (was 47.3784)
t=139293ms iter=191 incumb=47.3784 ratchet=47.5156 best=47.3771 since_improve=61
t=139331ms iter=192 WAIST cost=43.0000 best_alt=39.0000 gap=4.0000 tried=5 sep_labels=39 clique_frac=0.01
t=139677ms iter=192 REBUILD reject new_tc=48.7134 (was 47.3784)
t=139931ms iter=192 incumb=47.3784 ratchet=47.5789 best=47.3771 since_improve=62
t=139964ms iter=193 WAIST cost=43.0000 best_alt=37.0000 gap=6.0000 tried=5 sep_labels=37 clique_frac=0.01
t=140255ms iter=193 REBUILD reject new_tc=49.1718 (was 47.3784)
t=140516ms iter=193 incumb=47.3784 ratchet=47.4131 best=47.3771 since_improve=63
t=140544ms iter=194 WAIST cost=43.0000 best_alt=39.0000 gap=4.0000 tried=5 sep_labels=39 clique_frac=0.01
t=140879ms iter=194 REBUILD reject new_tc=50.4729 (was 47.3784)
t=141125ms iter=194 incumb=47.3784 ratchet=47.4507 best=47.3771 since_improve=64
t=141152ms iter=195 WAIST cost=43.0000 best_alt=39.0000 gap=4.0000 tried=5 sep_labels=39 clique_frac=0.01
t=141496ms iter=195 REBUILD reject new_tc=49.1662 (was 47.3784)
t=141749ms iter=195 incumb=47.3784 ratchet=47.4490 best=47.3771 since_improve=65
t=141780ms iter=196 WAIST cost=43.0000 best_alt=39.0000 gap=4.0000 tried=5 sep_labels=39 clique_frac=0.01
t=142116ms iter=196 REBUILD reject new_tc=48.5581 (was 47.3784)
t=142369ms iter=196 incumb=47.3784 ratchet=47.4484 best=47.3771 since_improve=66
t=142400ms iter=197 WAIST cost=43.0000 best_alt=39.0000 gap=4.0000 tried=5 sep_labels=39 clique_frac=0.01
t=142736ms iter=197 REBUILD reject new_tc=48.8405 (was 47.3784)
t=142986ms iter=197 incumb=47.3784 ratchet=48.0244 best=47.3771 since_improve=67
t=143018ms iter=198 WAIST cost=43.0000 best_alt=39.0000 gap=4.0000 tried=5 sep_labels=39 clique_frac=0.01
t=143361ms iter=198 REBUILD reject new_tc=48.8378 (was 47.3784)
t=143612ms iter=198 incumb=47.3784 ratchet=47.4071 best=47.3771 since_improve=68
t=143640ms iter=199 WAIST cost=43.0000 best_alt=37.0000 gap=6.0000 tried=5 sep_labels=37 clique_frac=0.01
t=143933ms iter=199 REBUILD reject new_tc=52.1106 (was 47.3784)
t=144180ms iter=199 incumb=47.3784 ratchet=47.4589 best=47.3771 since_improve=69
t=144213ms iter=200 WAIST cost=43.0000 best_alt=39.0000 gap=4.0000 tried=5 sep_labels=39 clique_frac=0.01
t=144536ms iter=200 REBUILD reject new_tc=58.0460 (was 47.3784)
t=144789ms iter=200 incumb=47.3784 ratchet=47.4046 best=47.3771 since_improve=70
t=144819ms iter=201 WAIST cost=43.0000 best_alt=39.0000 gap=4.0000 tried=5 sep_labels=39 clique_frac=0.01
t=145155ms iter=201 REBUILD reject new_tc=52.1083 (was 47.3784)
t=145402ms iter=201 incumb=47.3784 ratchet=47.4179 best=47.3771 since_improve=71
t=145430ms iter=202 WAIST cost=43.0000 best_alt=39.0000 gap=4.0000 tried=5 sep_labels=39 clique_frac=0.01
t=145771ms iter=202 REBUILD reject new_tc=48.8433 (was 47.3784)
t_final=145922ms tc_reduced=47.3771 tc_full=47.5128 leaves=2203
surgery summary: calls=202 cheaper_cuts=202 rebuild_accepts=2 waist_min_hits=0
