probe: instance=surfacecode_d21 n_orig=2203 n=761 fusible=0.6546 nlabels=798 t=13ms
seed_greedy tc=57.8979 t=519ms
t=830ms iter=1 WAIST cost=51.0000 best_alt=40.0000 gap=11.0000 tried=5 sep_labels=40 clique_frac=0.03
t=1311ms iter=1 REBUILD ACCEPT new_tc=50.0567 (was 51.3474)
t=3093ms iter=1 incumb=50.0567 ratchet=49.5893 best=49.5893 since_improve=0
t=3124ms iter=2 WAIST cost=48.0000 best_alt=37.0000 gap=11.0000 tried=5 sep_labels=37 clique_frac=0.02
t=3424ms iter=2 REBUILD reject new_tc=51.2219 (was 49.5893)
t=5018ms iter=2 incumb=49.5893 ratchet=49.2534 best=49.2524 since_improve=0
t=5042ms iter=3 WAIST cost=46.0000 best_alt=37.0000 gap=9.0000 tried=5 sep_labels=37 clique_frac=0.02
t=5348ms iter=3 REBUILD reject new_tc=49.8149 (was 49.2534)
t=6829ms iter=3 incumb=49.2534 ratchet=49.1766 best=49.1685 since_improve=0
t=6856ms iter=4 WAIST cost=46.0000 best_alt=33.0000 gap=13.0000 tried=5 sep_labels=33 clique_frac=0.02
t=7159ms iter=4 REBUILD reject new_tc=49.4463 (was 49.1766)
t=8220ms iter=4 incumb=49.1766 ratchet=49.1244 best=49.1076 since_improve=0
t=8246ms iter=5 WAIST cost=44.0000 best_alt=29.0000 gap=15.0000 tried=5 sep_labels=29 clique_frac=0.00
t=8554ms iter=5 REBUILD reject new_tc=52.0689 (was 49.1244)
t=9374ms iter=5 incumb=49.1244 ratchet=49.1393 best=49.1040 since_improve=1
t=9402ms iter=6 WAIST cost=44.0000 best_alt=33.0000 gap=11.0000 tried=5 sep_labels=33 clique_frac=0.05
t=9708ms iter=6 REBUILD reject new_tc=50.0228 (was 49.1244)
t=9964ms iter=6 incumb=49.1244 ratchet=49.1680 best=49.1040 since_improve=2
t=9986ms iter=7 WAIST cost=44.0000 best_alt=31.0000 gap=13.0000 tried=5 sep_labels=31 clique_frac=0.03
t=10295ms iter=7 REBUILD reject new_tc=54.0452 (was 49.1244)
t=10561ms iter=7 incumb=49.1244 ratchet=49.1591 best=49.1040 since_improve=3
t=10582ms iter=8 WAIST cost=44.0000 best_alt=29.0000 gap=15.0000 tried=5 sep_labels=29 clique_frac=0.02
t=11052ms iter=8 REBUILD ACCEPT new_tc=49.0554 (was 49.1244)
t=11311ms iter=8 incumb=49.0554 ratchet=49.0662 best=49.0554 since_improve=1
t=11335ms iter=9 WAIST cost=46.0000 best_alt=21.0000 gap=25.0000 tried=5 sep_labels=21 clique_frac=0.05
t=11658ms iter=9 REBUILD reject new_tc=50.4508 (was 49.0554)
t=11907ms iter=9 incumb=49.0554 ratchet=49.0981 best=49.0554 since_improve=2
t=11925ms iter=10 WAIST cost=46.0000 best_alt=21.0000 gap=25.0000 tried=5 sep_labels=21 clique_frac=0.05
t=12238ms iter=10 REBUILD reject new_tc=50.3462 (was 49.0554)
t=12493ms iter=10 incumb=49.0554 ratchet=49.1319 best=49.0554 since_improve=3
t=12512ms iter=11 WAIST cost=46.0000 best_alt=21.0000 gap=25.0000 tried=5 sep_labels=21 clique_frac=0.05
t=12825ms iter=11 REBUILD reject new_tc=49.2194 (was 49.0554)
t=13075ms iter=11 incumb=49.0554 ratchet=49.0769 best=49.0554 since_improve=4
t=13094ms iter=12 WAIST cost=46.0000 best_alt=21.0000 gap=25.0000 tried=5 sep_labels=21 clique_frac=0.05
t=13555ms iter=12 REBUILD ACCEPT new_tc=48.8971 (was 49.0554)
t=14648ms iter=12 incumb=48.8971 ratchet=48.7075 best=48.6795 since_improve=0
t=14682ms iter=13 WAIST cost=46.0000 best_alt=29.0000 gap=17.0000 tried=5 sep_labels=29 clique_frac=0.02
t=15046ms iter=13 REBUILD reject new_tc=49.7704 (was 48.7075)
t=15303ms iter=13 incumb=48.7075 ratchet=48.7066 best=48.6795 since_improve=0
t=15333ms iter=14 WAIST cost=45.0000 best_alt=35.0000 gap=10.0000 tried=5 sep_labels=35 clique_frac=0.00
t=15799ms iter=14 REBUILD ACCEPT new_tc=48.3074 (was 48.7066)
t=16058ms iter=14 incumb=48.3074 ratchet=48.4118 best=48.3074 since_improve=1
t=16090ms iter=15 WAIST cost=45.0000 best_alt=35.0000 gap=10.0000 tried=5 sep_labels=35 clique_frac=0.00
t=16389ms iter=15 REBUILD reject new_tc=48.6171 (was 48.3074)
t=16650ms iter=15 incumb=48.3074 ratchet=48.3752 best=48.3074 since_improve=2
t=16682ms iter=16 WAIST cost=45.0000 best_alt=33.0000 gap=12.0000 tried=5 sep_labels=33 clique_frac=0.03
t=16998ms iter=16 REBUILD reject new_tc=50.4620 (was 48.3074)
t=17430ms iter=16 incumb=48.3074 ratchet=48.3138 best=48.2849 since_improve=3
t=17461ms iter=17 WAIST cost=45.0000 best_alt=35.0000 gap=10.0000 tried=5 sep_labels=35 clique_frac=0.00
t=17762ms iter=17 REBUILD reject new_tc=49.0655 (was 48.3074)
t=18020ms iter=17 incumb=48.3074 ratchet=48.5084 best=48.2849 since_improve=4
t=18045ms iter=18 WAIST cost=45.0000 best_alt=35.0000 gap=10.0000 tried=5 sep_labels=35 clique_frac=0.00
t=18353ms iter=18 REBUILD reject new_tc=48.7308 (was 48.3074)
t=18596ms iter=18 incumb=48.3074 ratchet=48.3380 best=48.2849 since_improve=5
t=18621ms iter=19 WAIST cost=45.0000 best_alt=35.0000 gap=10.0000 tried=5 sep_labels=35 clique_frac=0.00
t=18918ms iter=19 REBUILD reject new_tc=48.9873 (was 48.3074)
t=19170ms iter=19 incumb=48.3074 ratchet=48.3672 best=48.2849 since_improve=6
t=19189ms iter=20 WAIST cost=45.0000 best_alt=35.0000 gap=10.0000 tried=5 sep_labels=35 clique_frac=0.00
t=19483ms iter=20 REBUILD reject new_tc=49.5009 (was 48.3074)
t=19737ms iter=20 incumb=48.3074 ratchet=48.3633 best=48.2849 since_improve=7
t=19764ms iter=21 WAIST cost=45.0000 best_alt=31.0000 gap=14.0000 tried=5 sep_labels=31 clique_frac=0.01
t=20071ms iter=21 REBUILD reject new_tc=51.2266 (was 48.3074)
t=20322ms iter=21 incumb=48.3074 ratchet=48.6594 best=48.2849 since_improve=8
t=20343ms iter=22 WAIST cost=45.0000 best_alt=35.0000 gap=10.0000 tried=5 sep_labels=35 clique_frac=0.00
t=20637ms iter=22 REBUILD reject new_tc=48.7509 (was 48.3074)
t=20890ms iter=22 incumb=48.3074 ratchet=48.3214 best=48.2849 since_improve=9
t=20911ms iter=23 WAIST cost=45.0000 best_alt=35.0000 gap=10.0000 tried=5 sep_labels=35 clique_frac=0.00
t=21205ms iter=23 REBUILD reject new_tc=49.1194 (was 48.3074)
t=21459ms iter=23 incumb=48.3074 ratchet=48.3780 best=48.2849 since_improve=10
t=21481ms iter=24 WAIST cost=45.0000 best_alt=35.0000 gap=10.0000 tried=5 sep_labels=35 clique_frac=0.00
t=21776ms iter=24 REBUILD reject new_tc=51.2239 (was 48.3074)
t=22083ms iter=24 incumb=48.3074 ratchet=48.3540 best=48.2849 since_improve=11
t=22114ms iter=25 WAIST cost=45.0000 best_alt=31.0000 gap=14.0000 tried=5 sep_labels=31 clique_frac=0.01
t=22424ms iter=25 REBUILD reject new_tc=49.0910 (was 48.3074)
t=22676ms iter=25 incumb=48.3074 ratchet=48.3596 best=48.2849 since_improve=12
t=22702ms iter=26 WAIST cost=45.0000 best_alt=35.0000 gap=10.0000 tried=5 sep_labels=35 clique_frac=0.00
t=22994ms iter=26 REBUILD reject new_tc=48.8728 (was 48.3074)
t=23243ms iter=26 incumb=48.3074 ratchet=48.7019 best=48.2849 since_improve=13
t=23270ms iter=27 WAIST cost=45.0000 best_alt=31.0000 gap=14.0000 tried=5 sep_labels=31 clique_frac=0.02
t=23576ms iter=27 REBUILD reject new_tc=49.5028 (was 48.3074)
t=23832ms iter=27 incumb=48.3074 ratchet=48.3067 best=48.2849 since_improve=0
t=23867ms iter=28 WAIST cost=45.0000 best_alt=35.0000 gap=10.0000 tried=5 sep_labels=35 clique_frac=0.01
t=24164ms iter=28 REBUILD reject new_tc=52.2850 (was 48.3067)
t=24916ms iter=28 incumb=48.3067 ratchet=48.2998 best=48.2729 since_improve=0
t=24944ms iter=29 WAIST cost=44.0000 best_alt=37.0000 gap=7.0000 tried=5 sep_labels=37 clique_frac=0.02
t=25253ms iter=29 REBUILD reject new_tc=52.1147 (was 48.2998)
t=25506ms iter=29 incumb=48.2998 ratchet=48.3520 best=48.2729 since_improve=1
t=25530ms iter=30 WAIST cost=44.0000 best_alt=39.0000 gap=5.0000 tried=5 sep_labels=39 clique_frac=0.03
t=25829ms iter=30 REBUILD reject new_tc=53.0664 (was 48.2998)
t=26568ms iter=30 incumb=48.2998 ratchet=48.2767 best=48.2493 since_improve=0
t=26596ms iter=31 WAIST cost=44.0000 best_alt=35.0000 gap=9.0000 tried=5 sep_labels=35 clique_frac=0.01
t=26899ms iter=31 REBUILD reject new_tc=53.0496 (was 48.2767)
t=27149ms iter=31 incumb=48.2767 ratchet=48.3056 best=48.2493 since_improve=1
t=27179ms iter=32 WAIST cost=44.0000 best_alt=35.0000 gap=9.0000 tried=5 sep_labels=35 clique_frac=0.02
t=27501ms iter=32 REBUILD reject new_tc=49.5770 (was 48.2767)
t=27767ms iter=32 incumb=48.2767 ratchet=48.3415 best=48.2493 since_improve=2
t=27791ms iter=33 WAIST cost=44.0000 best_alt=40.0000 gap=4.0000 tried=5 sep_labels=40 clique_frac=0.02
t=28084ms iter=33 REBUILD reject new_tc=48.5314 (was 48.2767)
t=28341ms iter=33 incumb=48.2767 ratchet=48.3857 best=48.2493 since_improve=3
t=28373ms iter=34 WAIST cost=44.0000 best_alt=37.0000 gap=7.0000 tried=5 sep_labels=37 clique_frac=0.01
t=28657ms iter=34 REBUILD reject new_tc=54.0227 (was 48.2767)
t=28898ms iter=34 incumb=48.2767 ratchet=48.3421 best=48.2493 since_improve=4
t=28925ms iter=35 WAIST cost=44.0000 best_alt=40.0000 gap=4.0000 tried=5 sep_labels=40 clique_frac=0.02
t=29232ms iter=35 REBUILD reject new_tc=49.0288 (was 48.2767)
t=29497ms iter=35 incumb=48.2767 ratchet=48.3171 best=48.2493 since_improve=5
t=29521ms iter=36 WAIST cost=44.0000 best_alt=40.0000 gap=4.0000 tried=5 sep_labels=40 clique_frac=0.02
t=29808ms iter=36 REBUILD reject new_tc=48.7940 (was 48.2767)
t=30643ms iter=36 incumb=48.2767 ratchet=48.2214 best=48.2214 since_improve=0
t=30667ms iter=37 WAIST cost=45.0000 best_alt=37.0000 gap=8.0000 tried=5 sep_labels=37 clique_frac=0.03
t=30976ms iter=37 REBUILD reject new_tc=49.4626 (was 48.2214)
t=31211ms iter=37 incumb=48.2214 ratchet=48.2290 best=48.2214 since_improve=1
t=31235ms iter=38 WAIST cost=45.0000 best_alt=40.0000 gap=5.0000 tried=5 sep_labels=40 clique_frac=0.02
t=31554ms iter=38 REBUILD reject new_tc=48.4254 (was 48.2214)
t=32997ms iter=38 incumb=48.2214 ratchet=48.1813 best=48.1788 since_improve=0
t=33011ms iter=39 WAIST cost=45.0000 best_alt=40.0000 gap=5.0000 tried=5 sep_labels=40 clique_frac=0.02
t=33213ms iter=39 REBUILD reject new_tc=48.8610 (was 48.1813)
t=35650ms iter=39 incumb=48.1813 ratchet=48.1613 best=48.1463 since_improve=0
t=35674ms iter=40 WAIST cost=44.0000 best_alt=40.0000 gap=4.0000 tried=5 sep_labels=40 clique_frac=0.02
t=35967ms iter=40 REBUILD reject new_tc=48.9414 (was 48.1613)
t=36202ms iter=40 incumb=48.1613 ratchet=48.1827 best=48.1463 since_improve=1
t=36228ms iter=41 WAIST cost=44.0000 best_alt=39.0000 gap=5.0000 tried=5 sep_labels=39 clique_frac=0.03
t=36427ms iter=41 REBUILD reject new_tc=51.2442 (was 48.1613)
t=36595ms iter=41 incumb=48.1613 ratchet=48.1990 best=48.1463 since_improve=2
t=36609ms iter=42 WAIST cost=44.0000 best_alt=39.0000 gap=5.0000 tried=5 sep_labels=39 clique_frac=0.02
t=36884ms iter=42 REBUILD reject new_tc=55.0189 (was 48.1613)
t=37132ms iter=42 incumb=48.1613 ratchet=48.2040 best=48.1463 since_improve=3
t=37159ms iter=43 WAIST cost=44.0000 best_alt=40.0000 gap=4.0000 tried=5 sep_labels=40 clique_frac=0.02
t=37471ms iter=43 REBUILD reject new_tc=50.8377 (was 48.1613)
t=37724ms iter=43 incumb=48.1613 ratchet=48.1706 best=48.1463 since_improve=4
t=37755ms iter=44 WAIST cost=44.0000 best_alt=39.0000 gap=5.0000 tried=5 sep_labels=39 clique_frac=0.00
t=38102ms iter=44 REBUILD reject new_tc=49.3189 (was 48.1613)
t=38353ms iter=44 incumb=48.1613 ratchet=48.2621 best=48.1463 since_improve=5
t=38379ms iter=45 WAIST cost=44.0000 best_alt=40.0000 gap=4.0000 tried=5 sep_labels=40 clique_frac=0.02
t=38684ms iter=45 REBUILD reject new_tc=48.9478 (was 48.1613)
t=38920ms iter=45 incumb=48.1613 ratchet=48.2073 best=48.1463 since_improve=6
t=38951ms iter=46 WAIST cost=44.0000 best_alt=39.0000 gap=5.0000 tried=5 sep_labels=39 clique_frac=0.02
t=39247ms iter=46 REBUILD reject new_tc=52.2932 (was 48.1613)
t=39495ms iter=46 incumb=48.1613 ratchet=48.1886 best=48.1463 since_improve=7
t=39523ms iter=47 WAIST cost=44.0000 best_alt=40.0000 gap=4.0000 tried=5 sep_labels=40 clique_frac=0.02
t=39823ms iter=47 REBUILD reject new_tc=48.7938 (was 48.1613)
t=40078ms iter=47 incumb=48.1613 ratchet=48.2313 best=48.1463 since_improve=8
t=40115ms iter=48 WAIST cost=44.0000 best_alt=40.0000 gap=4.0000 tried=5 sep_labels=40 clique_frac=0.02
t=40412ms iter=48 REBUILD reject new_tc=55.0132 (was 48.1613)
t=40655ms iter=48 incumb=48.1613 ratchet=48.2731 best=48.1463 since_improve=9
t=40681ms iter=49 WAIST cost=44.0000 best_alt=40.0000 gap=4.0000 tried=5 sep_labels=40 clique_frac=0.02
t=40994ms iter=49 REBUILD reject new_tc=49.7801 (was 48.1613)
t=41254ms iter=49 incumb=48.1613 ratchet=48.2280 best=48.1463 since_improve=10
t=41281ms iter=50 WAIST cost=44.0000 best_alt=39.0000 gap=5.0000 tried=5 sep_labels=39 clique_frac=0.03
t=41588ms iter=50 REBUILD reject new_tc=52.1068 (was 48.1613)
t=41826ms iter=50 incumb=48.1613 ratchet=48.2283 best=48.1463 since_improve=11
t=41849ms iter=51 WAIST cost=44.0000 best_alt=40.0000 gap=4.0000 tried=5 sep_labels=40 clique_frac=0.02
t=42150ms iter=51 REBUILD reject new_tc=52.2100 (was 48.1613)
t=42727ms iter=51 incumb=48.1613 ratchet=48.1352 best=48.1310 since_improve=0
t=42751ms iter=52 WAIST cost=43.0000 best_alt=37.0000 gap=6.0000 tried=5 sep_labels=37 clique_frac=0.02
t=43048ms iter=52 REBUILD reject new_tc=51.2552 (was 48.1352)
t=44005ms iter=52 incumb=48.1352 ratchet=48.0958 best=48.0958 since_improve=0
t=44033ms iter=53 WAIST cost=44.0000 best_alt=40.0000 gap=4.0000 tried=5 sep_labels=40 clique_frac=0.02
t=44343ms iter=53 REBUILD reject new_tc=51.4111 (was 48.0958)
t=45060ms iter=53 incumb=48.0958 ratchet=48.0660 best=48.0660 since_improve=0
t=45093ms iter=54 WAIST cost=44.0000 best_alt=39.0000 gap=5.0000 tried=5 sep_labels=39 clique_frac=0.01
t=45381ms iter=54 REBUILD reject new_tc=53.0676 (was 48.0660)
t=46421ms iter=54 incumb=48.0660 ratchet=48.0178 best=48.0178 since_improve=0
t=46455ms iter=55 WAIST cost=44.0000 best_alt=40.0000 gap=4.0000 tried=5 sep_labels=40 clique_frac=0.02
t=46808ms iter=55 REBUILD reject new_tc=48.5441 (was 48.0178)
t=47059ms iter=55 incumb=48.0178 ratchet=48.0707 best=48.0178 since_improve=1
t=47090ms iter=56 WAIST cost=44.0000 best_alt=35.0000 gap=9.0000 tried=5 sep_labels=35 clique_frac=0.01
t=47396ms iter=56 REBUILD reject new_tc=48.8727 (was 48.0178)
t=47639ms iter=56 incumb=48.0178 ratchet=48.1040 best=48.0178 since_improve=2
t=47667ms iter=57 WAIST cost=44.0000 best_alt=40.0000 gap=4.0000 tried=5 sep_labels=40 clique_frac=0.02
t=48014ms iter=57 REBUILD reject new_tc=48.6552 (was 48.0178)
t=48263ms iter=57 incumb=48.0178 ratchet=48.0256 best=48.0178 since_improve=3
t=48305ms iter=58 WAIST cost=44.0000 best_alt=37.0000 gap=7.0000 tried=5 sep_labels=37 clique_frac=0.03
t=48608ms iter=58 REBUILD reject new_tc=48.6463 (was 48.0178)
t=49996ms iter=58 incumb=48.0178 ratchet=47.9669 best=47.9575 since_improve=0
t=50021ms iter=59 WAIST cost=44.0000 best_alt=40.0000 gap=4.0000 tried=5 sep_labels=40 clique_frac=0.02
t=50263ms iter=59 REBUILD reject new_tc=51.2311 (was 47.9669)
t=50432ms iter=59 incumb=47.9669 ratchet=47.9851 best=47.9575 since_improve=1
t=50446ms iter=60 WAIST cost=44.0000 best_alt=40.0000 gap=4.0000 tried=5 sep_labels=40 clique_frac=0.02
t=50691ms iter=60 REBUILD reject new_tc=48.5389 (was 47.9669)
t=51078ms iter=60 incumb=47.9669 ratchet=47.9705 best=47.9443 since_improve=2
t=51121ms iter=61 WAIST cost=44.0000 best_alt=39.0000 gap=5.0000 tried=5 sep_labels=39 clique_frac=0.03
t=51409ms iter=61 REBUILD reject new_tc=51.2602 (was 47.9669)
t=51663ms iter=61 incumb=47.9669 ratchet=48.0099 best=47.9443 since_improve=3
t=51693ms iter=62 WAIST cost=44.0000 best_alt=40.0000 gap=4.0000 tried=5 sep_labels=40 clique_frac=0.02
t=52036ms iter=62 REBUILD reject new_tc=48.8396 (was 47.9669)
t=52289ms iter=62 incumb=47.9669 ratchet=47.9506 best=47.9443 since_improve=0
t=52329ms iter=63 WAIST cost=44.0000 best_alt=33.0000 gap=11.0000 tried=5 sep_labels=33 clique_frac=0.03
t=52630ms iter=63 REBUILD reject new_tc=50.6735 (was 47.9506)
t=53356ms iter=63 incumb=47.9506 ratchet=47.9356 best=47.9092 since_improve=0
t=53391ms iter=64 WAIST cost=45.0000 best_alt=40.0000 gap=5.0000 tried=5 sep_labels=40 clique_frac=0.01
t=53732ms iter=64 REBUILD reject new_tc=48.1724 (was 47.9356)
t=53984ms iter=64 incumb=47.9356 ratchet=48.0069 best=47.9092 since_improve=1
t=54017ms iter=65 WAIST cost=45.0000 best_alt=39.0000 gap=6.0000 tried=5 sep_labels=39 clique_frac=0.00
t=54353ms iter=65 REBUILD reject new_tc=49.4961 (was 47.9356)
t=55307ms iter=65 incumb=47.9356 ratchet=47.8511 best=47.8460 since_improve=0
t=55337ms iter=66 WAIST cost=44.0000 best_alt=40.0000 gap=4.0000 tried=5 sep_labels=40 clique_frac=0.01
t=55679ms iter=66 REBUILD reject new_tc=49.9976 (was 47.8511)
t=55924ms iter=66 incumb=47.8511 ratchet=47.8792 best=47.8460 since_improve=1
t=55957ms iter=67 WAIST cost=44.0000 best_alt=40.0000 gap=4.0000 tried=5 sep_labels=40 clique_frac=0.01
t=56296ms iter=67 REBUILD reject new_tc=51.2290 (was 47.8511)
t=56547ms iter=67 incumb=47.8511 ratchet=47.9271 best=47.8460 since_improve=2
t=56573ms iter=68 WAIST cost=44.0000 best_alt=40.0000 gap=4.0000 tried=5 sep_labels=40 clique_frac=0.01
t=56930ms iter=68 REBUILD reject new_tc=48.9355 (was 47.8511)
t=57181ms iter=68 incumb=47.8511 ratchet=48.0305 best=47.8460 since_improve=3
t=57216ms iter=69 WAIST cost=44.0000 best_alt=40.0000 gap=4.0000 tried=5 sep_labels=40 clique_frac=0.01
t=57542ms iter=69 REBUILD reject new_tc=48.8805 (was 47.8511)
t=58314ms iter=69 incumb=47.8511 ratchet=47.8613 best=47.8302 since_improve=4
t=58351ms iter=70 WAIST cost=44.0000 best_alt=37.0000 gap=7.0000 tried=5 sep_labels=37 clique_frac=0.03
t=58645ms iter=70 REBUILD reject new_tc=51.2185 (was 47.8511)
t=59082ms iter=70 incumb=47.8511 ratchet=47.8394 best=47.8235 since_improve=0
t=59117ms iter=71 WAIST cost=43.0000 best_alt=40.0000 gap=3.0000 tried=5 sep_labels=40 clique_frac=0.01
t=59456ms iter=71 REBUILD reject new_tc=49.1920 (was 47.8394)
t=60261ms iter=71 incumb=47.8394 ratchet=47.8214 best=47.8075 since_improve=0
t=60284ms iter=72 WAIST cost=44.0000 best_alt=40.0000 gap=4.0000 tried=5 sep_labels=40 clique_frac=0.01
t=60636ms iter=72 REBUILD reject new_tc=48.6295 (was 47.8214)
t=61067ms iter=72 incumb=47.8214 ratchet=47.8104 best=47.8045 since_improve=0
t=61091ms iter=73 WAIST cost=43.0000 best_alt=40.0000 gap=3.0000 tried=5 sep_labels=40 clique_frac=0.01
t=61432ms iter=73 REBUILD reject new_tc=49.0227 (was 47.8104)
t=62046ms iter=73 incumb=47.8104 ratchet=47.8148 best=47.7946 since_improve=1
t=62076ms iter=74 WAIST cost=43.0000 best_alt=35.0000 gap=8.0000 tried=5 sep_labels=35 clique_frac=0.00
t=62370ms iter=74 REBUILD reject new_tc=53.0529 (was 47.8104)
t=62621ms iter=74 incumb=47.8104 ratchet=47.9574 best=47.7946 since_improve=2
t=62649ms iter=75 WAIST cost=43.0000 best_alt=40.0000 gap=3.0000 tried=5 sep_labels=40 clique_frac=0.01
t=62991ms iter=75 REBUILD reject new_tc=48.3952 (was 47.8104)
t=63246ms iter=75 incumb=47.8104 ratchet=47.8376 best=47.7946 since_improve=3
t=63278ms iter=76 WAIST cost=43.0000 best_alt=40.0000 gap=3.0000 tried=5 sep_labels=40 clique_frac=0.01
t=63621ms iter=76 REBUILD reject new_tc=52.0267 (was 47.8104)
t=63877ms iter=76 incumb=47.8104 ratchet=47.8394 best=47.7946 since_improve=4
t=63907ms iter=77 WAIST cost=43.0000 best_alt=40.0000 gap=3.0000 tried=5 sep_labels=40 clique_frac=0.01
t=64250ms iter=77 REBUILD reject new_tc=50.3270 (was 47.8104)
t=65237ms iter=77 incumb=47.8104 ratchet=47.7658 best=47.7658 since_improve=0
t=65268ms iter=78 WAIST cost=43.0000 best_alt=36.0000 gap=7.0000 tried=5 sep_labels=36 clique_frac=0.01
t=65572ms iter=78 REBUILD reject new_tc=51.3846 (was 47.7658)
t=67242ms iter=78 incumb=47.7658 ratchet=47.7627 best=47.7280 since_improve=0
t=67268ms iter=79 WAIST cost=43.0000 best_alt=40.0000 gap=3.0000 tried=5 sep_labels=40 clique_frac=0.01
t=67617ms iter=79 REBUILD reject new_tc=48.7763 (was 47.7627)
t=67869ms iter=79 incumb=47.7627 ratchet=47.7479 best=47.7280 since_improve=0
t=67898ms iter=80 WAIST cost=45.0000 best_alt=37.0000 gap=8.0000 tried=5 sep_labels=37 clique_frac=0.01
t=68181ms iter=80 REBUILD reject new_tc=50.3655 (was 47.7479)
t=68428ms iter=80 incumb=47.7479 ratchet=47.7426 best=47.7280 since_improve=0
t=68456ms iter=81 WAIST cost=44.0000 best_alt=40.0000 gap=4.0000 tried=5 sep_labels=40 clique_frac=0.01
t=68801ms iter=81 REBUILD reject new_tc=48.7741 (was 47.7426)
t=69055ms iter=81 incumb=47.7426 ratchet=47.7918 best=47.7280 since_improve=1
t=69083ms iter=82 WAIST cost=44.0000 best_alt=40.0000 gap=4.0000 tried=5 sep_labels=40 clique_frac=0.01
t=69421ms iter=82 REBUILD reject new_tc=48.8465 (was 47.7426)
t=69660ms iter=82 incumb=47.7426 ratchet=47.8157 best=47.7280 since_improve=2
t=69692ms iter=83 WAIST cost=44.0000 best_alt=40.0000 gap=4.0000 tried=5 sep_labels=40 clique_frac=0.01
t=70029ms iter=83 REBUILD reject new_tc=50.1726 (was 47.7426)
t=70271ms iter=83 incumb=47.7426 ratchet=47.7797 best=47.7280 since_improve=3
t=70301ms iter=84 WAIST cost=44.0000 best_alt=40.0000 gap=4.0000 tried=5 sep_labels=40 clique_frac=0.01
t=70611ms iter=84 REBUILD reject new_tc=48.5008 (was 47.7426)
t=70865ms iter=84 incumb=47.7426 ratchet=47.8331 best=47.7280 since_improve=4
t=70891ms iter=85 WAIST cost=44.0000 best_alt=40.0000 gap=4.0000 tried=5 sep_labels=40 clique_frac=0.01
t=71220ms iter=85 REBUILD reject new_tc=49.0972 (was 47.7426)
t=71458ms iter=85 incumb=47.7426 ratchet=48.0712 best=47.7280 since_improve=5
t=71486ms iter=86 WAIST cost=44.0000 best_alt=40.0000 gap=4.0000 tried=5 sep_labels=40 clique_frac=0.01
t=71757ms iter=86 REBUILD reject new_tc=49.4678 (was 47.7426)
t=72000ms iter=86 incumb=47.7426 ratchet=47.7390 best=47.7280 since_improve=0
t=72033ms iter=87 WAIST cost=43.0000 best_alt=39.0000 gap=4.0000 tried=5 sep_labels=39 clique_frac=0.03
t=72331ms iter=87 REBUILD reject new_tc=49.0887 (was 47.7390)
t=72579ms iter=87 incumb=47.7390 ratchet=47.8380 best=47.7280 since_improve=1
t=72615ms iter=88 WAIST cost=43.0000 best_alt=37.0000 gap=6.0000 tried=5 sep_labels=37 clique_frac=0.02
t=72892ms iter=88 REBUILD reject new_tc=49.8874 (was 47.7390)
t=73130ms iter=88 incumb=47.7390 ratchet=47.7535 best=47.7280 since_improve=2
t=73158ms iter=89 WAIST cost=43.0000 best_alt=40.0000 gap=3.0000 tried=5 sep_labels=40 clique_frac=0.01
t=73491ms iter=89 REBUILD reject new_tc=53.2381 (was 47.7390)
t=73736ms iter=89 incumb=47.7390 ratchet=47.7814 best=47.7280 since_improve=3
t=73766ms iter=90 WAIST cost=43.0000 best_alt=39.0000 gap=4.0000 tried=5 sep_labels=39 clique_frac=0.02
t=74054ms iter=90 REBUILD reject new_tc=52.1259 (was 47.7390)
t=74324ms iter=90 incumb=47.7390 ratchet=47.8245 best=47.7280 since_improve=4
t=74349ms iter=91 WAIST cost=43.0000 best_alt=40.0000 gap=3.0000 tried=5 sep_labels=40 clique_frac=0.01
t=74623ms iter=91 REBUILD reject new_tc=49.2533 (was 47.7390)
t=74864ms iter=91 incumb=47.7390 ratchet=47.7604 best=47.7280 since_improve=5
t=74915ms iter=92 WAIST cost=43.0000 best_alt=40.0000 gap=3.0000 tried=5 sep_labels=40 clique_frac=0.01
t=75252ms iter=92 REBUILD reject new_tc=48.9943 (was 47.7390)
t=75499ms iter=92 incumb=47.7390 ratchet=47.8383 best=47.7280 since_improve=6
t=75536ms iter=93 WAIST cost=43.0000 best_alt=40.0000 gap=3.0000 tried=5 sep_labels=40 clique_frac=0.01
t=75877ms iter=93 REBUILD reject new_tc=48.8412 (was 47.7390)
t=76805ms iter=93 incumb=47.7390 ratchet=47.7023 best=47.6953 since_improve=0
t=76834ms iter=94 WAIST cost=43.0000 best_alt=39.0000 gap=4.0000 tried=5 sep_labels=39 clique_frac=0.01
t=77174ms iter=94 REBUILD reject new_tc=50.0231 (was 47.7023)
t=77404ms iter=94 incumb=47.7023 ratchet=47.7658 best=47.6953 since_improve=1
t=77422ms iter=95 WAIST cost=43.0000 best_alt=39.0000 gap=4.0000 tried=5 sep_labels=39 clique_frac=0.01
t=77657ms iter=95 REBUILD reject new_tc=51.2433 (was 47.7023)
t=77901ms iter=95 incumb=47.7023 ratchet=47.9504 best=47.6953 since_improve=2
t=77933ms iter=96 WAIST cost=43.0000 best_alt=37.0000 gap=6.0000 tried=5 sep_labels=37 clique_frac=0.02
t=78224ms iter=96 REBUILD reject new_tc=49.0298 (was 47.7023)
t=78835ms iter=96 incumb=47.7023 ratchet=47.6774 best=47.6483 since_improve=0
t=78868ms iter=97 WAIST cost=43.0000 best_alt=39.0000 gap=4.0000 tried=5 sep_labels=39 clique_frac=0.01
t=79125ms iter=97 REBUILD reject new_tc=48.6714 (was 47.6774)
t=79295ms iter=97 incumb=47.6774 ratchet=47.6898 best=47.6483 since_improve=1
t=79311ms iter=98 WAIST cost=43.0000 best_alt=39.0000 gap=4.0000 tried=5 sep_labels=39 clique_frac=0.01
t=79534ms iter=98 REBUILD reject new_tc=50.5226 (was 47.6774)
t=79733ms iter=98 incumb=47.6774 ratchet=47.6903 best=47.6483 since_improve=2
t=79770ms iter=99 WAIST cost=43.0000 best_alt=37.0000 gap=6.0000 tried=5 sep_labels=37 clique_frac=0.01
t=80059ms iter=99 REBUILD reject new_tc=48.7604 (was 47.6774)
t=80843ms iter=99 incumb=47.6774 ratchet=47.6129 best=47.6112 since_improve=0
t=80874ms iter=100 WAIST cost=44.0000 best_alt=40.0000 gap=4.0000 tried=5 sep_labels=40 clique_frac=0.01
t=81197ms iter=100 REBUILD reject new_tc=49.1698 (was 47.6129)
t=81437ms iter=100 incumb=47.6129 ratchet=47.6438 best=47.6112 since_improve=1
t=81471ms iter=101 WAIST cost=44.0000 best_alt=40.0000 gap=4.0000 tried=5 sep_labels=40 clique_frac=0.01
t=81805ms iter=101 REBUILD reject new_tc=48.5309 (was 47.6129)
t=82039ms iter=101 incumb=47.6129 ratchet=47.6433 best=47.6112 since_improve=2
t=82073ms iter=102 WAIST cost=44.0000 best_alt=40.0000 gap=4.0000 tried=5 sep_labels=40 clique_frac=0.01
t=82417ms iter=102 REBUILD reject new_tc=48.6374 (was 47.6129)
t=82711ms iter=102 incumb=47.6129 ratchet=47.9748 best=47.6112 since_improve=3
t=82743ms iter=103 WAIST cost=44.0000 best_alt=39.0000 gap=5.0000 tried=5 sep_labels=39 clique_frac=0.03
t=83034ms iter=103 REBUILD reject new_tc=49.1110 (was 47.6129)
t=83441ms iter=103 incumb=47.6129 ratchet=47.6007 best=47.6006 since_improve=0
t=83461ms iter=104 WAIST cost=43.0000 best_alt=39.0000 gap=4.0000 tried=5 sep_labels=39 clique_frac=0.01
t=83717ms iter=104 REBUILD reject new_tc=53.0775 (was 47.6007)
t=83973ms iter=104 incumb=47.6007 ratchet=47.8097 best=47.6006 since_improve=1
t=84005ms iter=105 WAIST cost=43.0000 best_alt=39.0000 gap=4.0000 tried=5 sep_labels=39 clique_frac=0.01
t=84331ms iter=105 REBUILD reject new_tc=49.0127 (was 47.6007)
t=87638ms iter=105 incumb=47.6007 ratchet=47.5458 best=47.5458 since_improve=0
t_final=87818ms tc_reduced=47.5458 tc_full=47.7138 leaves=2203
surgery summary: calls=105 cheaper_cuts=105 rebuild_accepts=4 waist_min_hits=0
