simplify: n_orig=525 n_reduced=441 shrink=0.1600 t_simp=7ms
t_seed=616ms tc_seed=42.0747 seed_trials=7
t_dp=4806ms tc_greedy=41.8533
t=8991ms mcts_tc=41.6615
t=10963ms mcts_tc=41.4831
t=21411ms mcts_tc=41.0930
t_mcts=29285ms mcts: backup=min rollouts=128 rate=4/s depth=3 nodes=129 improves=3 tc_mcts=41.0930
ATTRIBUTION tc_greedy=41.8533 tc_mcts_prepolish=41.0930 mcts_beats_greedy=true
t=30331ms polish_tc=41.0477
t=32080ms polish_tc=40.9641
t=33499ms polish_tc=40.9637
t=33507ms polish_tc=40.9405
t=33517ms polish_tc=40.9204
t=33525ms polish_tc=40.9147
t=33533ms polish_tc=40.9039
t=33541ms polish_tc=40.9036
t=33549ms polish_tc=40.9034
t=33560ms polish_tc=40.9010
t=33568ms polish_tc=40.8950
t=33908ms polish_tc=40.8374
t=33916ms polish_tc=40.8371
t=33926ms polish_tc=40.8272
t=33934ms polish_tc=40.8150
t=33943ms polish_tc=40.7860
t=33950ms polish_tc=40.7647
t=33959ms polish_tc=40.7618
t=33967ms polish_tc=40.7617
t=33974ms polish_tc=40.7614
t=33994ms polish_tc=40.7593
t=34010ms polish_tc=40.7590
t=34025ms polish_tc=40.7589
t=34033ms polish_tc=40.7481
t=34042ms polish_tc=40.7475
t=34051ms polish_tc=40.7466
t=34063ms polish_tc=40.7463
t=34072ms polish_tc=40.7463
t=34081ms polish_tc=40.7090
t=34089ms polish_tc=40.6969
t=34098ms polish_tc=40.6952
t=34107ms polish_tc=40.6934
t=34115ms polish_tc=40.6933
t=37009ms polish_tc=40.5600
t=37018ms polish_tc=40.5599
t=37027ms polish_tc=40.5522
t=37036ms polish_tc=40.5503
t=37046ms polish_tc=40.5466
t=37055ms polish_tc=40.5465
t=37065ms polish_tc=40.5463
t=37078ms polish_tc=40.5076
t=37087ms polish_tc=40.5075
t=37097ms polish_tc=40.5064
t=37106ms polish_tc=40.5064
t=37115ms polish_tc=40.4890
t=37124ms polish_tc=40.4888
t=37132ms polish_tc=40.4855
t=37141ms polish_tc=40.4852
t=37151ms polish_tc=40.4833
t=37166ms polish_tc=40.4820
t=37174ms polish_tc=40.4818
t=37183ms polish_tc=40.4815
t=37195ms polish_tc=40.4786
t=37209ms polish_tc=40.3543
t=37218ms polish_tc=40.2824
t=37226ms polish_tc=40.2755
t=37235ms polish_tc=40.2732
t=37244ms polish_tc=40.2372
t=37252ms polish_tc=40.2359
t=37261ms polish_tc=40.2355
t=37270ms polish_tc=40.2348
t=37278ms polish_tc=40.2346
t=37287ms polish_tc=40.2333
t=37295ms polish_tc=40.2327
t=37303ms polish_tc=40.2320
t=37311ms polish_tc=40.2319
t=37319ms polish_tc=40.2309
t=44807ms polish_tc=40.2223
t=44816ms polish_tc=40.1868
t=44825ms polish_tc=40.1830
t=44834ms polish_tc=40.1818
t=44847ms polish_tc=40.1814
t=44857ms polish_tc=40.1775
t=44866ms polish_tc=40.0562
t=44875ms polish_tc=40.0543
t=44883ms polish_tc=40.0514
t=44892ms polish_tc=40.0334
t=44902ms polish_tc=40.0310
t=44921ms polish_tc=40.0299
t=44929ms polish_tc=40.0166
t=44991ms polish_tc=40.0119
t=45000ms polish_tc=40.0118
t=45010ms polish_tc=39.9983
t=45024ms polish_tc=39.9847
t=45032ms polish_tc=39.9847
t=45040ms polish_tc=39.9846
t=45048ms polish_tc=39.9813
t=45057ms polish_tc=39.9802
t=45083ms polish_tc=39.6828
t=45092ms polish_tc=39.6828
t=45100ms polish_tc=39.6828
t=45108ms polish_tc=39.4836
t=45116ms polish_tc=39.4833
t=45125ms polish_tc=39.4763
t=45133ms polish_tc=39.4438
t=45140ms polish_tc=39.4437
t=45148ms polish_tc=39.4429
t=45156ms polish_tc=39.3420
t=45163ms polish_tc=39.3419
t=45171ms polish_tc=39.3359
t=45203ms polish_tc=39.2008
t=45211ms polish_tc=39.1213
t=45219ms polish_tc=39.1188
t=45227ms polish_tc=39.1136
t=45237ms polish_tc=39.1109
t=45246ms polish_tc=39.1101
t=45254ms polish_tc=39.1100
t=45264ms polish_tc=39.0973
t=45274ms polish_tc=39.0874
t=45283ms polish_tc=39.0873
t=45292ms polish_tc=39.0873
t=45300ms polish_tc=39.0847
t=45308ms polish_tc=39.0844
t=45317ms polish_tc=39.0828
t=45326ms polish_tc=39.0734
t=45334ms polish_tc=39.0715
t=45345ms polish_tc=39.0699
t=45354ms polish_tc=39.0671
t=45362ms polish_tc=39.0668
t=45376ms polish_tc=39.0656
t=45384ms polish_tc=39.0415
t=45392ms polish_tc=39.0414
t=45400ms polish_tc=39.0413
t=45409ms polish_tc=39.0413
t=45417ms polish_tc=39.0407
t=45424ms polish_tc=39.0406
t=45432ms polish_tc=39.0400
t=45442ms polish_tc=39.0395
t=45452ms polish_tc=39.0298
t=45460ms polish_tc=38.8304
t=45468ms polish_tc=38.8263
t=45477ms polish_tc=38.7211
t=45486ms polish_tc=38.7211
t=45494ms polish_tc=38.7146
t=45502ms polish_tc=38.6868
t=45510ms polish_tc=38.6867
t=45517ms polish_tc=38.6727
t=45525ms polish_tc=38.6724
t=45533ms polish_tc=38.4615
t=45540ms polish_tc=38.4605
t=45549ms polish_tc=38.4536
t=45559ms polish_tc=38.4495
t=45570ms polish_tc=38.4461
t=45577ms polish_tc=38.4460
t=45587ms polish_tc=38.3359
t=45595ms polish_tc=38.3283
t=45603ms polish_tc=38.3275
t=45614ms polish_tc=38.3274
t=45626ms polish_tc=38.3272
t=45633ms polish_tc=38.3272
t=45641ms polish_tc=38.3272
t=45665ms polish_tc=38.3214
t=45673ms polish_tc=38.1338
t=45699ms polish_tc=37.8952
t=45707ms polish_tc=37.8742
t=45715ms polish_tc=37.8739
t=45728ms polish_tc=37.8572
t=45735ms polish_tc=37.8541
t=45744ms polish_tc=37.8442
t=45751ms polish_tc=37.8438
t=45761ms polish_tc=37.7755
t=45769ms polish_tc=37.7752
t=45778ms polish_tc=37.7659
t=45786ms polish_tc=37.7651
t=45793ms polish_tc=37.7643
t=45810ms polish_tc=37.7437
t=45819ms polish_tc=37.7409
t=45826ms polish_tc=37.7357
t=45902ms polish_tc=37.7242
t=45910ms polish_tc=37.7241
t=45919ms polish_tc=37.7239
t=45931ms polish_tc=37.7113
t=45939ms polish_tc=37.7113
t=45947ms polish_tc=37.7092
t=45955ms polish_tc=37.6565
t=45963ms polish_tc=37.6556
t=45972ms polish_tc=37.6556
t=45988ms polish_tc=37.4075
t=45998ms polish_tc=37.4072
t=46008ms polish_tc=37.4069
t=46017ms polish_tc=37.4065
t=46026ms polish_tc=37.4064
t=46038ms polish_tc=37.4062
t=46052ms polish_tc=37.2243
t=46060ms polish_tc=37.2144
t=46067ms polish_tc=37.2120
t=46076ms polish_tc=37.1313
t=46086ms polish_tc=37.0989
t=46094ms polish_tc=37.0987
t=46103ms polish_tc=37.0971
t=46110ms polish_tc=37.0938
t=46121ms polish_tc=37.0724
t=46129ms polish_tc=37.0724
t=46137ms polish_tc=36.8958
t=46145ms polish_tc=36.8894
t=46154ms polish_tc=36.8888
t=46163ms polish_tc=36.8735
t=46172ms polish_tc=36.8734
t=46181ms polish_tc=36.8728
t=46189ms polish_tc=36.8728
t=46198ms polish_tc=36.8723
t=46206ms polish_tc=36.8723
t=46221ms polish_tc=36.8722
t=46229ms polish_tc=36.8719
t=46236ms polish_tc=36.8719
t=46246ms polish_tc=36.8718
t=46257ms polish_tc=36.8714
t=46265ms polish_tc=36.8623
t=46274ms polish_tc=36.8621
t=46282ms polish_tc=36.8114
t=46292ms polish_tc=36.7726
t=46300ms polish_tc=36.7718
t=46310ms polish_tc=36.7661
t=46318ms polish_tc=36.7661
t=46355ms polish_tc=36.7617
t=46363ms polish_tc=36.7615
t=46371ms polish_tc=36.7615
t=46379ms polish_tc=36.7615
t=46405ms polish_tc=36.7464
t=46413ms polish_tc=36.7463
t=46421ms polish_tc=36.5747
t=46430ms polish_tc=36.5745
t=46438ms polish_tc=36.5744
t=46446ms polish_tc=36.5534
t=46455ms polish_tc=36.5533
t=46463ms polish_tc=36.5525
t=46472ms polish_tc=36.5385
t=46480ms polish_tc=36.5367
t=46492ms polish_tc=36.4979
t=46501ms polish_tc=36.4978
t=46509ms polish_tc=36.4974
t=46518ms polish_tc=36.4652
t=46528ms polish_tc=36.3590
t=46536ms polish_tc=36.3590
t=46544ms polish_tc=36.2857
t=46552ms polish_tc=36.2792
t=46564ms polish_tc=36.2526
t=46574ms polish_tc=36.2276
t=46582ms polish_tc=36.2258
t=46593ms polish_tc=36.2181
t=46603ms polish_tc=36.1809
t=46611ms polish_tc=36.1795
t=46620ms polish_tc=36.1794
t=46637ms polish_tc=36.1792
t=46649ms polish_tc=36.1788
t=46657ms polish_tc=36.1788
t=46665ms polish_tc=36.1785
t=46672ms polish_tc=36.1785
t=46715ms polish_tc=36.1633
t=46723ms polish_tc=36.1627
t=46731ms polish_tc=36.1601
t=46740ms polish_tc=36.1598
t=46748ms polish_tc=36.1597
t=46757ms polish_tc=36.1596
t=46764ms polish_tc=36.1596
t=46781ms polish_tc=36.1266
t=46789ms polish_tc=36.0167
t=46797ms polish_tc=35.9734
t=46805ms polish_tc=35.9707
t=46812ms polish_tc=35.9707
t=46821ms polish_tc=35.9705
t=46829ms polish_tc=35.9244
t=46836ms polish_tc=35.9236
t=46849ms polish_tc=35.9193
t=46857ms polish_tc=35.9193
t=46865ms polish_tc=35.9186
t=46874ms polish_tc=35.9083
t=46883ms polish_tc=35.8871
t=46891ms polish_tc=35.8870
t=46900ms polish_tc=35.8851
t=46909ms polish_tc=35.8847
t=46917ms polish_tc=35.8846
t=46925ms polish_tc=35.8812
t=46933ms polish_tc=35.6876
t=46941ms polish_tc=35.6592
t=46950ms polish_tc=35.6592
t=46958ms polish_tc=35.6591
t=46967ms polish_tc=35.6591
t=46975ms polish_tc=35.5419
t=46983ms polish_tc=35.5395
t=46992ms polish_tc=35.5394
t=47000ms polish_tc=35.4843
t=47009ms polish_tc=35.4842
t=47019ms polish_tc=35.4804
t=47028ms polish_tc=35.3465
t=47036ms polish_tc=35.1950
t=47044ms polish_tc=35.1703
t=47052ms polish_tc=35.1699
t=47062ms polish_tc=35.1299
t=47070ms polish_tc=35.1299
t=47078ms polish_tc=35.1292
t=47086ms polish_tc=35.1192
t=47094ms polish_tc=35.1189
t=47102ms polish_tc=35.1186
t=47124ms polish_tc=35.0593
t=47132ms polish_tc=35.0568
t=47143ms polish_tc=35.0565
t=47152ms polish_tc=35.0563
t=47160ms polish_tc=35.0562
t=47173ms polish_tc=35.0561
t=47180ms polish_tc=35.0561
t=47188ms polish_tc=35.0561
t=47198ms polish_tc=35.0538
t=47206ms polish_tc=35.0538
t=47215ms polish_tc=35.0536
t=47229ms polish_tc=35.0415
t=47237ms polish_tc=35.0412
t=47245ms polish_tc=35.0399
t=47260ms polish_tc=35.0398
t=47268ms polish_tc=35.0394
t=47276ms polish_tc=35.0393
t=47289ms polish_tc=35.0388
t=47300ms polish_tc=35.0292
t=47311ms polish_tc=35.0270
t=47319ms polish_tc=35.0270
t=47328ms polish_tc=35.0269
t=47339ms polish_tc=35.0219
t=47346ms polish_tc=35.0217
t=47355ms polish_tc=35.0165
t=47363ms polish_tc=34.9245
t=47371ms polish_tc=34.9244
t=47379ms polish_tc=34.9244
t=47386ms polish_tc=34.9199
t=47396ms polish_tc=34.9199
t=47404ms polish_tc=34.9184
t=47412ms polish_tc=34.9183
t=47420ms polish_tc=34.9178
t=47438ms polish_tc=34.9124
t=47446ms polish_tc=34.9117
t=47455ms polish_tc=34.8332
t=47466ms polish_tc=34.8234
t=47474ms polish_tc=34.8206
t=47482ms polish_tc=34.8206
t=47492ms polish_tc=34.8146
t=47500ms polish_tc=34.8145
t=47508ms polish_tc=34.8144
t=47519ms polish_tc=34.8144
t=47529ms polish_tc=34.8138
t=47538ms polish_tc=34.7918
t=47549ms polish_tc=34.7873
t=47557ms polish_tc=34.7866
t=47566ms polish_tc=34.7864
t=47591ms polish_tc=34.7780
t=47605ms polish_tc=34.7741
t=47613ms polish_tc=34.7708
t=47620ms polish_tc=34.7708
t=47628ms polish_tc=34.7704
t=47636ms polish_tc=34.7671
t=47645ms polish_tc=34.7671
t=47653ms polish_tc=34.7670
t=47665ms polish_tc=34.7396
t=47673ms polish_tc=34.7394
t=47681ms polish_tc=34.7394
t=47689ms polish_tc=34.7252
t=47697ms polish_tc=34.7242
t=47705ms polish_tc=34.6218
t=47713ms polish_tc=34.6210
t=47721ms polish_tc=34.6201
t=47729ms polish_tc=34.6198
t=47743ms polish_tc=34.6102
t=47752ms polish_tc=34.6097
t=47760ms polish_tc=34.6097
t=47780ms polish_tc=34.5987
t=47788ms polish_tc=34.5977
t=47796ms polish_tc=34.5977
t=47804ms polish_tc=34.5977
t=47819ms polish_tc=34.5970
t=47827ms polish_tc=34.5968
t=47838ms polish_tc=34.5880
t=47847ms polish_tc=34.5871
t=47855ms polish_tc=34.5810
t=47863ms polish_tc=34.5806
t=47871ms polish_tc=34.5804
t=47881ms polish_tc=34.5738
t=47890ms polish_tc=34.5723
t=47898ms polish_tc=34.5722
t=47911ms polish_tc=34.5668
t=47920ms polish_tc=34.5668
t=47929ms polish_tc=34.5662
t=47937ms polish_tc=34.5662
t=47948ms polish_tc=34.5351
t=47957ms polish_tc=34.5214
t=47965ms polish_tc=34.5095
t=47972ms polish_tc=34.5087
t=47980ms polish_tc=34.5087
t=47987ms polish_tc=34.5087
t=47994ms polish_tc=34.5046
t=48003ms polish_tc=34.3759
t=48011ms polish_tc=34.3756
t=48019ms polish_tc=34.3753
t=48026ms polish_tc=34.3057
t=48036ms polish_tc=34.3031
t=48048ms polish_tc=34.3023
t=48056ms polish_tc=34.3021
t=48065ms polish_tc=34.3021
t=48073ms polish_tc=34.3020
t=48085ms polish_tc=34.3009
t=48094ms polish_tc=34.3007
t=48117ms polish_tc=34.2911
t=48125ms polish_tc=34.2906
t=60552ms polish_tc=34.2799
t=60559ms polish_tc=34.2796
t=60579ms polish_tc=34.2796
t=60587ms polish_tc=34.2791
t=60594ms polish_tc=34.2695
t=60603ms polish_tc=34.1123
t=60611ms polish_tc=34.1104
t=60618ms polish_tc=34.1104
t=60625ms polish_tc=33.9800
t=60632ms polish_tc=33.9771
t=60640ms polish_tc=33.9755
t=60648ms polish_tc=33.9750
t=60655ms polish_tc=33.9355
t=60664ms polish_tc=33.9340
t=60672ms polish_tc=33.9338
t=60679ms polish_tc=33.9338
t=60686ms polish_tc=33.9334
t=60706ms polish_tc=33.9311
t=60714ms polish_tc=33.9281
t=60722ms polish_tc=33.9281
t=60747ms polish_tc=33.9275
t=60759ms polish_tc=33.8908
t=60766ms polish_tc=33.8905
t=60774ms polish_tc=33.8891
t=60781ms polish_tc=33.8890
t=60790ms polish_tc=33.8879
t=60805ms polish_tc=33.8879
t=60818ms polish_tc=33.8696
t=60829ms polish_tc=33.8665
t=60837ms polish_tc=33.8514
t=60844ms polish_tc=33.8446
t=60852ms polish_tc=33.8431
t=60859ms polish_tc=33.8428
t=60867ms polish_tc=33.8418
t=60875ms polish_tc=33.7918
t=60883ms polish_tc=33.7913
t=60890ms polish_tc=33.5779
t=60898ms polish_tc=33.5701
t=60906ms polish_tc=33.5107
t=60914ms polish_tc=33.5052
t=60921ms polish_tc=33.4890
t=60928ms polish_tc=33.4738
t=60936ms polish_tc=33.3378
t=60943ms polish_tc=33.3368
t=60950ms polish_tc=33.3367
t=60958ms polish_tc=33.3363
t=60965ms polish_tc=33.3362
t=60977ms polish_tc=33.3360
t=61001ms polish_tc=33.3010
t=61009ms polish_tc=33.2996
t=61017ms polish_tc=33.2972
t=61025ms polish_tc=33.2972
t=61034ms polish_tc=33.2965
t=61041ms polish_tc=33.2214
t=61050ms polish_tc=33.1822
t=61058ms polish_tc=33.1820
t=61065ms polish_tc=33.1345
t=61074ms polish_tc=33.1340
t=61082ms polish_tc=33.1329
t=61090ms polish_tc=33.1323
t=61098ms polish_tc=33.1308
t=61109ms polish_tc=33.1306
t=61121ms polish_tc=32.9338
t=61128ms polish_tc=32.9338
t=61136ms polish_tc=32.9309
t=61144ms polish_tc=32.9303
t=61152ms polish_tc=32.9275
t=61159ms polish_tc=32.9263
t=61167ms polish_tc=32.9068
t=61175ms polish_tc=32.7547
t=61183ms polish_tc=32.5350
t=61192ms polish_tc=32.5350
t=61200ms polish_tc=32.5291
t=61208ms polish_tc=32.4651
t=61217ms polish_tc=32.4630
t=61225ms polish_tc=32.4627
t=61234ms polish_tc=32.4107
t=61243ms polish_tc=32.4076
t=61250ms polish_tc=32.4053
t=61258ms polish_tc=32.3985
t=61265ms polish_tc=32.3891
t=61281ms polish_tc=32.3890
t=61289ms polish_tc=32.3888
t=61297ms polish_tc=32.3885
t=61306ms polish_tc=32.3884
t=61319ms polish_tc=32.3818
t=61327ms polish_tc=32.3814
t=61337ms polish_tc=32.3811
t=61348ms polish_tc=32.3808
t=61355ms polish_tc=32.3805
t=84634ms polish_tc=32.3640
t=84641ms polish_tc=32.3553
t=84651ms polish_tc=32.3549
t=84658ms polish_tc=32.3548
t=84669ms polish_tc=32.3529
t=84691ms polish_tc=32.3416
t=84700ms polish_tc=32.3416
t=84722ms polish_tc=32.3377
anneal_sweeps=290512 cycles=89 fresh=12
t_final=87305ms tc_greedy=41.8533 tc_mcts=41.0930 tc_final=32.3377 tc_full=32.3377 leaves=525
