simplify: n_orig=572 n_reduced=484 shrink=0.1538 t_simp=8ms
t_seed=645ms tc_seed=43.7215 seed_trials=6
t_dp=6870ms tc_greedy=43.6340
t=21729ms mcts_tc=43.0674
t_mcts=22437ms mcts: backup=min rollouts=64 rate=3/s depth=2 nodes=65 improves=1 tc_mcts=43.0674
ATTRIBUTION tc_greedy=43.6340 tc_mcts_prepolish=43.0674 mcts_beats_greedy=true
t=27290ms polish_tc=43.0571
t=31708ms polish_tc=43.0384
t=31717ms polish_tc=43.0383
t=31727ms polish_tc=43.0382
t=31737ms polish_tc=43.0355
t=31755ms polish_tc=43.0295
t=31765ms polish_tc=43.0293
t=31775ms polish_tc=43.0293
t=31791ms polish_tc=43.0278
t=31801ms polish_tc=43.0271
t=31815ms polish_tc=43.0270
t=31824ms polish_tc=43.0270
t=31833ms polish_tc=43.0270
t=31844ms polish_tc=43.0270
t=31853ms polish_tc=43.0269
t=31863ms polish_tc=43.0268
t=31875ms polish_tc=43.0259
t=31886ms polish_tc=42.9522
t=34729ms polish_tc=42.9521
t=34738ms polish_tc=42.9489
t=34750ms polish_tc=42.9489
t=34760ms polish_tc=42.9488
t=34775ms polish_tc=42.9398
t=34786ms polish_tc=42.8821
t=34796ms polish_tc=42.8760
t=34806ms polish_tc=42.8745
t=43195ms polish_tc=42.8496
t=43204ms polish_tc=42.8467
t=43215ms polish_tc=42.8387
t=43225ms polish_tc=42.8385
t=43242ms polish_tc=42.8094
t=43252ms polish_tc=42.8074
t=43262ms polish_tc=42.8071
t=43273ms polish_tc=42.8039
t=43284ms polish_tc=42.7802
t=43296ms polish_tc=42.7663
t=43305ms polish_tc=42.7659
t=43315ms polish_tc=42.7654
t=43326ms polish_tc=42.7642
t=43339ms polish_tc=42.7574
t=43350ms polish_tc=42.7560
t=43362ms polish_tc=42.7560
t=43371ms polish_tc=42.7558
t=43380ms polish_tc=42.7555
t=43390ms polish_tc=42.7552
t=43400ms polish_tc=42.7512
t=43410ms polish_tc=42.7503
t=43421ms polish_tc=42.7503
t=43431ms polish_tc=42.7502
t=43443ms polish_tc=42.7502
t=43463ms polish_tc=42.7499
t=43473ms polish_tc=42.7498
t=43490ms polish_tc=42.6787
t=43499ms polish_tc=42.6778
t=43510ms polish_tc=42.6731
t=43524ms polish_tc=42.6728
t=43534ms polish_tc=42.6721
t=43545ms polish_tc=42.6721
t=43557ms polish_tc=42.5584
t=43567ms polish_tc=42.5577
t=43577ms polish_tc=42.5558
t=43639ms polish_tc=42.4212
t=43650ms polish_tc=42.4169
t=43662ms polish_tc=42.3144
t=43677ms polish_tc=42.3063
t=43692ms polish_tc=42.3041
t=43707ms polish_tc=42.3038
t=43717ms polish_tc=42.3038
t=43727ms polish_tc=42.3035
t=43738ms polish_tc=42.3034
t=43751ms polish_tc=42.3034
t=43760ms polish_tc=42.3034
t=43769ms polish_tc=42.3034
t=43780ms polish_tc=42.3023
t=43802ms polish_tc=42.0843
t=43812ms polish_tc=42.0842
t=43821ms polish_tc=42.0840
t=43832ms polish_tc=42.0748
t=43842ms polish_tc=42.0747
t=43852ms polish_tc=42.0745
t=43861ms polish_tc=42.0738
t=43870ms polish_tc=42.0735
t=43880ms polish_tc=42.0707
t=43891ms polish_tc=42.0656
t=43901ms polish_tc=42.0654
t=43911ms polish_tc=42.0490
t=43921ms polish_tc=42.0488
t=43933ms polish_tc=42.0454
t=43942ms polish_tc=42.0454
t=43954ms polish_tc=42.0364
t=43965ms polish_tc=42.0362
t=43975ms polish_tc=42.0359
t=43984ms polish_tc=42.0359
t=44004ms polish_tc=41.9840
t=44014ms polish_tc=41.9840
t=44024ms polish_tc=41.9804
t=44035ms polish_tc=41.9803
t=44047ms polish_tc=41.9739
t=44057ms polish_tc=41.9738
t=44069ms polish_tc=41.8035
t=44079ms polish_tc=41.8035
t=44088ms polish_tc=41.7776
t=44097ms polish_tc=41.7774
t=44115ms polish_tc=41.6980
t=44126ms polish_tc=41.6959
t=44136ms polish_tc=41.6392
t=44149ms polish_tc=41.6391
t=44159ms polish_tc=41.6354
t=44168ms polish_tc=41.5776
t=44178ms polish_tc=41.5769
t=44187ms polish_tc=41.5769
t=44201ms polish_tc=41.5527
t=44211ms polish_tc=41.5491
t=44220ms polish_tc=41.5328
t=44230ms polish_tc=41.5323
t=44245ms polish_tc=41.5220
t=44255ms polish_tc=41.5220
t=44264ms polish_tc=41.5204
t=44274ms polish_tc=41.5171
t=44284ms polish_tc=41.5171
t=44296ms polish_tc=41.5158
t=44305ms polish_tc=41.5158
t=44314ms polish_tc=41.5137
t=44323ms polish_tc=41.5089
t=44333ms polish_tc=41.5061
t=44343ms polish_tc=41.5051
t=44354ms polish_tc=41.5040
t=44364ms polish_tc=41.5040
t=44382ms polish_tc=41.4986
t=44391ms polish_tc=41.4916
t=44404ms polish_tc=41.4910
t=44413ms polish_tc=41.4905
t=44423ms polish_tc=41.4897
t=44432ms polish_tc=41.4897
t=44443ms polish_tc=41.4847
t=44453ms polish_tc=41.4832
t=44464ms polish_tc=41.4817
t=44474ms polish_tc=41.4809
t=44491ms polish_tc=41.4035
t=44500ms polish_tc=41.4028
t=44510ms polish_tc=41.4028
t=44519ms polish_tc=41.4025
t=44529ms polish_tc=41.4014
t=44539ms polish_tc=41.4008
t=44550ms polish_tc=41.3998
t=44580ms polish_tc=41.3987
t=44590ms polish_tc=41.3987
t=44599ms polish_tc=41.3984
t=44609ms polish_tc=41.3955
t=44619ms polish_tc=41.3953
t=44632ms polish_tc=41.3933
t=44663ms polish_tc=41.2726
t=44678ms polish_tc=41.2719
t=44688ms polish_tc=41.2719
t=44698ms polish_tc=41.2695
t=44715ms polish_tc=41.2682
t=44725ms polish_tc=41.2682
t=44734ms polish_tc=41.2602
t=44754ms polish_tc=41.2321
t=44764ms polish_tc=41.1531
t=44774ms polish_tc=41.1507
t=44784ms polish_tc=41.1506
t=44794ms polish_tc=41.1505
t=44805ms polish_tc=41.1145
t=44815ms polish_tc=41.1142
t=44825ms polish_tc=41.1117
t=44835ms polish_tc=41.1116
t=44845ms polish_tc=41.1113
t=44858ms polish_tc=41.1092
t=44867ms polish_tc=41.1092
t=44878ms polish_tc=41.1092
t=44906ms polish_tc=40.9741
t=44920ms polish_tc=40.9737
t=44933ms polish_tc=40.9723
t=44944ms polish_tc=40.9718
t=44955ms polish_tc=40.9704
t=44967ms polish_tc=40.9669
t=44977ms polish_tc=40.9669
t=44987ms polish_tc=40.9655
t=45005ms polish_tc=40.9268
t=45018ms polish_tc=40.9228
t=45028ms polish_tc=40.9228
t=45039ms polish_tc=40.9203
t=45048ms polish_tc=40.9201
t=45058ms polish_tc=40.9200
t=45071ms polish_tc=40.8838
t=45082ms polish_tc=40.8743
t=45093ms polish_tc=40.8253
t=45103ms polish_tc=40.8248
t=45112ms polish_tc=40.8215
t=45123ms polish_tc=40.8214
t=45134ms polish_tc=40.8210
t=45159ms polish_tc=40.7795
t=45183ms polish_tc=40.7658
t=45194ms polish_tc=40.7195
t=45205ms polish_tc=40.5451
t=45215ms polish_tc=40.4859
t=45225ms polish_tc=40.4210
t=45235ms polish_tc=40.3586
t=45246ms polish_tc=40.2912
t=45256ms polish_tc=40.2889
t=45267ms polish_tc=40.2840
t=45276ms polish_tc=40.2745
t=45286ms polish_tc=40.2743
t=45296ms polish_tc=40.2719
t=45306ms polish_tc=40.2719
t=45316ms polish_tc=40.2700
t=45332ms polish_tc=40.2227
t=45342ms polish_tc=40.2224
t=45352ms polish_tc=40.2222
t=45362ms polish_tc=40.2171
t=45372ms polish_tc=40.2162
t=45384ms polish_tc=40.2132
t=45394ms polish_tc=40.2095
t=45404ms polish_tc=40.2095
t=45414ms polish_tc=40.2084
t=45426ms polish_tc=40.2066
t=45447ms polish_tc=40.0439
t=45456ms polish_tc=40.0428
t=45467ms polish_tc=40.0414
t=45479ms polish_tc=40.0378
t=45488ms polish_tc=40.0372
t=45498ms polish_tc=40.0372
t=45509ms polish_tc=40.0370
t=45518ms polish_tc=40.0367
t=45527ms polish_tc=40.0367
t=45538ms polish_tc=40.0363
t=45559ms polish_tc=39.8614
t=45569ms polish_tc=39.8560
t=45579ms polish_tc=39.8554
t=45589ms polish_tc=39.8553
t=45598ms polish_tc=39.8548
t=45608ms polish_tc=39.8546
t=45618ms polish_tc=39.8546
t=45628ms polish_tc=39.8545
t=45638ms polish_tc=39.8541
t=45648ms polish_tc=39.8404
t=45658ms polish_tc=39.8402
t=45667ms polish_tc=39.8400
t=45695ms polish_tc=39.8003
t=45705ms polish_tc=39.7977
t=45715ms polish_tc=39.7914
t=45738ms polish_tc=39.7474
t=45749ms polish_tc=39.7458
t=45760ms polish_tc=39.7444
t=45775ms polish_tc=39.7435
t=45785ms polish_tc=39.7433
t=45795ms polish_tc=39.7431
t=45806ms polish_tc=39.7431
t=45820ms polish_tc=39.7430
t=45831ms polish_tc=39.7300
t=45844ms polish_tc=39.7296
t=45857ms polish_tc=39.6752
t=45868ms polish_tc=39.6622
t=45878ms polish_tc=39.6613
t=45890ms polish_tc=39.6605
t=45900ms polish_tc=39.6551
t=45910ms polish_tc=39.6537
t=45920ms polish_tc=39.6527
t=45930ms polish_tc=39.6525
t=45939ms polish_tc=39.6525
t=45950ms polish_tc=39.6509
t=45960ms polish_tc=39.6509
t=45970ms polish_tc=39.6506
t=45980ms polish_tc=39.6505
t=45993ms polish_tc=39.5608
t=46006ms polish_tc=39.5598
t=46016ms polish_tc=39.5522
t=46033ms polish_tc=39.4273
t=46042ms polish_tc=39.4264
t=46052ms polish_tc=39.4261
t=46063ms polish_tc=39.3224
t=46073ms polish_tc=39.3224
t=46083ms polish_tc=39.3221
t=46092ms polish_tc=39.3214
t=46103ms polish_tc=39.3213
t=46114ms polish_tc=39.3140
t=46124ms polish_tc=39.3136
t=46133ms polish_tc=39.3136
t=46145ms polish_tc=39.3135
t=46161ms polish_tc=39.3125
t=46177ms polish_tc=39.3086
t=46186ms polish_tc=39.3086
t=46195ms polish_tc=39.3063
t=46251ms polish_tc=39.0112
t=46260ms polish_tc=38.9901
t=46270ms polish_tc=38.9837
t=46279ms polish_tc=38.9827
t=46307ms polish_tc=38.9744
t=46318ms polish_tc=38.9713
t=46336ms polish_tc=38.9575
t=46345ms polish_tc=38.9556
t=46354ms polish_tc=38.9556
t=46363ms polish_tc=38.9554
t=46372ms polish_tc=38.9554
t=46381ms polish_tc=38.9551
t=46390ms polish_tc=38.9551
t=46425ms polish_tc=38.8984
t=46435ms polish_tc=38.7461
t=46444ms polish_tc=38.7455
t=46454ms polish_tc=38.7454
t=46463ms polish_tc=38.7448
t=46473ms polish_tc=38.6941
t=46482ms polish_tc=38.6933
t=46492ms polish_tc=38.6933
t=46502ms polish_tc=38.6714
t=46512ms polish_tc=38.6692
t=46525ms polish_tc=38.6676
t=46535ms polish_tc=38.6669
t=46545ms polish_tc=38.6668
t=46556ms polish_tc=38.6668
t=46568ms polish_tc=38.6663
t=46577ms polish_tc=38.6662
t=46587ms polish_tc=38.6660
t=46597ms polish_tc=38.6660
t=46608ms polish_tc=38.5572
t=46618ms polish_tc=38.5572
t=46628ms polish_tc=38.5539
t=46638ms polish_tc=38.5537
t=46648ms polish_tc=38.5535
t=46658ms polish_tc=38.5535
t=46669ms polish_tc=38.5469
t=46680ms polish_tc=38.5374
t=46690ms polish_tc=38.4817
t=46699ms polish_tc=38.4817
t=46709ms polish_tc=38.4738
t=46720ms polish_tc=38.3433
t=46730ms polish_tc=38.3073
t=46740ms polish_tc=38.3014
t=46750ms polish_tc=38.2819
t=46762ms polish_tc=38.2255
t=46773ms polish_tc=38.2255
t=46782ms polish_tc=38.2062
t=46793ms polish_tc=38.1514
t=46804ms polish_tc=38.1509
t=46813ms polish_tc=38.1472
t=46823ms polish_tc=38.1471
t=46833ms polish_tc=38.1462
t=46845ms polish_tc=38.1460
t=46855ms polish_tc=38.1455
t=46871ms polish_tc=38.0684
t=46881ms polish_tc=38.0682
t=46890ms polish_tc=38.0681
t=46899ms polish_tc=38.0678
t=46909ms polish_tc=38.0541
t=46925ms polish_tc=38.0524
t=46934ms polish_tc=38.0523
t=46944ms polish_tc=38.0523
t=46953ms polish_tc=38.0517
t=46973ms polish_tc=38.0486
t=46983ms polish_tc=38.0481
t=46993ms polish_tc=38.0457
t=47003ms polish_tc=38.0453
t=47014ms polish_tc=38.0429
t=47024ms polish_tc=37.9619
t=47034ms polish_tc=37.9618
t=47043ms polish_tc=37.9613
t=47053ms polish_tc=37.9613
t=47063ms polish_tc=37.9496
t=47078ms polish_tc=37.9150
t=47088ms polish_tc=37.9137
t=47104ms polish_tc=37.8590
t=47114ms polish_tc=37.8488
t=47124ms polish_tc=37.8484
t=47135ms polish_tc=37.8445
t=47145ms polish_tc=37.8445
t=47156ms polish_tc=37.8431
t=47167ms polish_tc=37.8430
t=47180ms polish_tc=37.8321
t=47191ms polish_tc=37.7381
t=47201ms polish_tc=37.7332
t=47211ms polish_tc=37.7327
t=47221ms polish_tc=37.7325
t=47231ms polish_tc=37.7321
t=47240ms polish_tc=37.7321
t=47250ms polish_tc=37.7320
t=47260ms polish_tc=37.7320
t=47275ms polish_tc=37.6212
t=47286ms polish_tc=37.6200
t=47296ms polish_tc=37.5668
t=47306ms polish_tc=37.5043
t=47317ms polish_tc=37.5024
t=47328ms polish_tc=37.5018
t=47338ms polish_tc=37.5017
t=47368ms polish_tc=37.4100
t=47379ms polish_tc=37.4073
t=47389ms polish_tc=37.4033
t=47398ms polish_tc=37.4032
t=47409ms polish_tc=37.3572
t=47419ms polish_tc=37.3060
t=47429ms polish_tc=37.3057
t=47438ms polish_tc=37.3055
t=47448ms polish_tc=37.3000
t=47459ms polish_tc=37.2989
t=47470ms polish_tc=37.2604
t=47480ms polish_tc=37.2290
t=47490ms polish_tc=37.2290
t=47499ms polish_tc=37.2267
t=47508ms polish_tc=37.2264
t=47518ms polish_tc=37.2252
t=47528ms polish_tc=37.2199
t=47536ms polish_tc=37.2194
t=47545ms polish_tc=37.2194
t=47554ms polish_tc=37.2192
t=47563ms polish_tc=37.2179
t=47573ms polish_tc=37.2168
t=47584ms polish_tc=37.0982
t=47594ms polish_tc=37.0981
t=47604ms polish_tc=37.0585
t=47614ms polish_tc=37.0571
t=61903ms polish_tc=37.0469
t=61918ms polish_tc=37.0468
t=61927ms polish_tc=37.0465
t=61937ms polish_tc=37.0131
t=61946ms polish_tc=37.0128
t=61955ms polish_tc=37.0128
t=61965ms polish_tc=37.0128
t=61983ms polish_tc=37.0047
t=61993ms polish_tc=37.0045
t=62003ms polish_tc=37.0043
t=62013ms polish_tc=37.0038
t=62023ms polish_tc=37.0032
t=62032ms polish_tc=37.0031
t=62042ms polish_tc=37.0023
t=62052ms polish_tc=36.9996
t=62062ms polish_tc=36.9996
t=62071ms polish_tc=36.9996
t=62081ms polish_tc=36.9886
t=62104ms polish_tc=36.9293
t=62113ms polish_tc=36.9291
t=62122ms polish_tc=36.9286
t=62131ms polish_tc=36.9286
t=62166ms polish_tc=36.7188
t=62176ms polish_tc=36.7188
t=62188ms polish_tc=36.7131
t=62198ms polish_tc=36.6634
t=62207ms polish_tc=36.6567
t=62217ms polish_tc=36.6564
t=62226ms polish_tc=36.6563
t=62238ms polish_tc=36.6441
t=62247ms polish_tc=36.6426
t=62256ms polish_tc=36.5227
t=62265ms polish_tc=36.4078
t=62275ms polish_tc=36.1068
t=62284ms polish_tc=36.0928
t=62294ms polish_tc=36.0921
t=62304ms polish_tc=36.0921
t=62313ms polish_tc=36.0908
t=62322ms polish_tc=36.0907
anneal_sweeps=282280 cycles=90 fresh=12
t_final=87302ms tc_greedy=43.6340 tc_mcts=43.0674 tc_final=36.0907 tc_full=36.0907 leaves=572
