[build] attempt-057
   Compiling proc-macro2 v1.0.106
   Compiling quote v1.0.46
   Compiling unicode-ident v1.0.24
   Compiling autocfg v1.5.1
   Compiling libc v0.2.186
   Compiling cfg-if v1.0.4
   Compiling zerocopy v0.8.54
   Compiling syn v2.0.118
   Compiling crossbeam-utils v0.8.22
   Compiling serde_core v1.0.228
   Compiling num-traits v0.2.19
   Compiling crossbeam-epoch v0.9.20
   Compiling zerocopy-derive v0.8.54
   Compiling getrandom v0.3.4
   Compiling crossbeam-deque v0.8.7
   Compiling serde v1.0.228
   Compiling zmij v1.0.21
   Compiling serde_derive v1.0.228
   Compiling rayon-core v1.13.0
   Compiling either v1.16.0
   Compiling serde_json v1.0.150
   Compiling equivalent v1.0.2
   Compiling itoa v1.0.18
   Compiling memchr v2.8.3
   Compiling hashbrown v0.17.1
   Compiling indexmap v2.14.0
   Compiling rand_core v0.9.5
   Compiling ppv-lite86 v0.2.21
   Compiling half v2.7.1
   Compiling matrixmultiply v0.3.10
   Compiling plotters-backend v0.3.7
   Compiling regex-syntax v0.8.11
   Compiling getrandom v0.4.3
   Compiling anstyle v1.0.14
   Compiling rustix v1.1.4
   Compiling thiserror v2.0.18
   Compiling ciborium-io v0.2.2
   Compiling clap_lex v1.1.0
   Compiling regex-automata v0.4.15
   Compiling clap_builder v4.6.0
   Compiling ciborium-ll v0.2.2
   Compiling plotters-svg v0.3.7
   Compiling rand_chacha v0.9.0
   Compiling rayon v1.12.0
   Compiling itertools v0.10.5
   Compiling thiserror-impl v2.0.18
   Compiling same-file v1.0.6
   Compiling cast v0.3.0
   Compiling rawpointer v0.2.1
   Compiling once_cell v1.21.4
   Compiling linux-raw-sys v0.12.1
   Compiling bitflags v2.13.0
   Compiling criterion-plot v0.5.0
   Compiling walkdir v2.5.0
   Compiling rand v0.9.4
   Compiling clap v4.6.1
   Compiling plotters v0.3.7
   Compiling ciborium v0.2.2
   Compiling regex v1.13.0
   Compiling tinytemplate v1.2.1
   Compiling priority-queue v2.7.0
   Compiling num-integer v0.1.46
   Compiling num-complex v0.4.6
   Compiling is-terminal v0.4.17
   Compiling anes v0.1.6
   Compiling fixedbitset v0.5.7
   Compiling fastrand v2.4.1
   Compiling oorandom v11.1.5
   Compiling criterion v0.5.1
   Compiling tempfile v3.27.0
   Compiling petgraph v0.7.1
   Compiling ndarray v0.15.6
   Compiling omeco v0.2.6 (/root/omeco_campaign/worktrees/attempt-057/omeco)
    Finished `release` profile [optimized] target(s) in 2m 05s
[build] attempt-058
   Compiling proc-macro2 v1.0.106
   Compiling quote v1.0.46
   Compiling unicode-ident v1.0.24
   Compiling cfg-if v1.0.4
   Compiling autocfg v1.5.1
   Compiling libc v0.2.186
   Compiling zerocopy v0.8.54
   Compiling syn v2.0.118
   Compiling serde_core v1.0.228
   Compiling crossbeam-utils v0.8.22
   Compiling num-traits v0.2.19
   Compiling crossbeam-epoch v0.9.20
   Compiling zerocopy-derive v0.8.54
   Compiling getrandom v0.3.4
   Compiling serde v1.0.228
   Compiling zmij v1.0.21
   Compiling crossbeam-deque v0.8.7
   Compiling serde_derive v1.0.228
   Compiling serde_json v1.0.150
   Compiling rayon-core v1.13.0
   Compiling either v1.16.0
   Compiling memchr v2.8.3
   Compiling itoa v1.0.18
   Compiling equivalent v1.0.2
   Compiling hashbrown v0.17.1
   Compiling indexmap v2.14.0
   Compiling rand_core v0.9.5
   Compiling ppv-lite86 v0.2.21
   Compiling half v2.7.1
   Compiling matrixmultiply v0.3.10
   Compiling thiserror v2.0.18
   Compiling clap_lex v1.1.0
   Compiling ciborium-io v0.2.2
   Compiling anstyle v1.0.14
   Compiling rustix v1.1.4
   Compiling getrandom v0.4.3
   Compiling regex-syntax v0.8.11
   Compiling plotters-backend v0.3.7
   Compiling plotters-svg v0.3.7
   Compiling clap_builder v4.6.0
   Compiling regex-automata v0.4.15
   Compiling ciborium-ll v0.2.2
   Compiling rand_chacha v0.9.0
   Compiling rayon v1.12.0
   Compiling itertools v0.10.5
   Compiling thiserror-impl v2.0.18
   Compiling rawpointer v0.2.1
   Compiling bitflags v2.13.0
   Compiling linux-raw-sys v0.12.1
   Compiling once_cell v1.21.4
   Compiling cast v0.3.0
   Compiling same-file v1.0.6
   Compiling criterion-plot v0.5.0
   Compiling walkdir v2.5.0
   Compiling rand v0.9.4
   Compiling ciborium v0.2.2
   Compiling regex v1.13.0
   Compiling clap v4.6.1
   Compiling plotters v0.3.7
   Compiling tinytemplate v1.2.1
   Compiling priority-queue v2.7.0
   Compiling num-integer v0.1.46
   Compiling num-complex v0.4.6
   Compiling is-terminal v0.4.17
   Compiling anes v0.1.6
   Compiling oorandom v11.1.5
   Compiling fastrand v2.4.1
   Compiling fixedbitset v0.5.7
   Compiling tempfile v3.27.0
   Compiling petgraph v0.7.1
   Compiling criterion v0.5.1
   Compiling ndarray v0.15.6
   Compiling omeco v0.2.6 (/root/omeco_campaign/worktrees/attempt-058/omeco)
    Finished `release` profile [optimized] target(s) in 2m 02s
[build] done
170 jobs total, 170 to run, lanes=2
[09:37:45] uai_relational_3 a057 90s r0: tc=16.781 sc=7.0
[09:37:45] uai_relational_3 a057 90s r1: tc=16.783 sc=7.0
[09:39:12] uai_relational_3 a057 90s r2: tc=16.781 sc=8.0
[09:42:36] uai_relational_3 a057 300s r0: tc=16.779 sc=7.0
[09:44:04] uai_relational_3 a057 300s r1: tc=16.779 sc=7.0
[09:47:27] uai_relational_3 a057 300s r2: tc=16.780 sc=7.0
[09:58:37] uai_relational_3 a057 900s r0: tc=16.779 sc=7.0
[09:58:37] uai_relational_3 a058 90s r0: tc=16.781 sc=8.0
[09:58:37] uai_relational_3 a058 90s r1: tc=16.778 sc=7.0
[09:58:37] uai_relational_3 a058 90s r2: tc=16.777 sc=7.0
[09:58:37] uai_relational_3 a058 300s r0: tc=16.778 sc=7.0
[10:01:11] uai_relational_3 a058 300s r1: tc=16.779 sc=8.0
[10:03:22] uai_relational_3 a058 300s r2: tc=16.774 sc=7.0
[10:15:26] uai_relational_3 a058 900s r0: tc=16.778 sc=7.0
[10:15:26] uai_relational_2 a057 90s r0: tc=17.439 sc=3.0
[10:15:26] uai_relational_2 a057 90s r1: tc=17.439 sc=3.0
[10:15:26] uai_relational_2 a057 90s r2: tc=17.439 sc=3.0
[10:15:26] uai_relational_2 a057 300s r0: tc=17.439 sc=3.0
[10:19:20] uai_relational_2 a057 300s r1: tc=17.439 sc=3.0
[10:20:39] uai_relational_2 a057 300s r2: tc=17.439 sc=3.0
[10:34:16] uai_relational_2 a057 900s r0: tc=17.439 sc=3.0
[10:34:16] uai_relational_2 a058 90s r0: tc=17.439 sc=3.0
[10:34:16] uai_relational_2 a058 90s r1: tc=17.439 sc=3.0
[10:34:16] uai_relational_2 a058 90s r2: tc=17.439 sc=3.0
[10:34:16] uai_relational_2 a058 300s r0: tc=17.439 sc=3.0
[10:34:16] uai_relational_2 a058 300s r1: tc=17.439 sc=3.0
[10:34:16] uai_relational_2 a058 300s r2: tc=17.439 sc=3.0
[10:37:05] uai_relational_2 a058 900s r0: tc=17.439 sc=3.0
[10:37:05] uai_relational_5 a057 90s r0: tc=24.025 sc=10.0
[10:39:04] uai_relational_5 a057 90s r1: tc=24.025 sc=10.0
[10:39:41] uai_relational_5 a057 90s r2: tc=24.025 sc=10.0
[10:44:53] uai_relational_5 a057 300s r0: tc=24.025 sc=10.0
[10:45:33] uai_relational_5 a057 300s r1: tc=24.025 sc=10.0
[10:50:45] uai_relational_5 a057 300s r2: tc=24.025 sc=10.0
[11:01:17] uai_relational_5 a057 900s r0: tc=24.025 sc=10.0
[11:01:17] uai_relational_5 a058 90s r0: tc=24.025 sc=10.0
[11:01:17] uai_relational_5 a058 90s r1: tc=24.025 sc=10.0
[11:01:17] uai_relational_5 a058 90s r2: tc=24.025 sc=10.0
[11:01:17] uai_relational_5 a058 300s r0: tc=24.025 sc=10.0
[11:01:17] uai_relational_5 a058 300s r1: tc=24.025 sc=10.0
[11:04:06] uai_relational_5 a058 300s r2: tc=24.025 sc=10.0
[11:08:22] uai_relational_5 a058 900s r0: tc=24.025 sc=10.0
[11:08:22] uai_relational_4 a057 90s r0: tc=108.969 sc=100.0
[11:08:22] uai_relational_4 a057 90s r1: tc=108.969 sc=100.0
[11:09:27] uai_relational_4 a057 90s r2: tc=108.969 sc=100.0
[11:13:33] uai_relational_4 a057 300s r0: tc=108.969 sc=100.0
[11:14:38] uai_relational_4 a057 300s r1: tc=108.969 sc=100.0
[11:18:45] uai_relational_4 a057 300s r2: tc=108.969 sc=100.0
[11:29:54] uai_relational_4 a057 900s r0: tc=108.969 sc=100.0
[11:29:54] uai_relational_4 a058 90s r0: tc=108.969 sc=100.0
[11:29:54] uai_relational_4 a058 90s r1: tc=108.969 sc=100.0
[11:29:54] uai_relational_4 a058 90s r2: tc=108.969 sc=100.0
[11:29:54] uai_relational_4 a058 300s r0: tc=108.969 sc=100.0
[11:29:54] uai_relational_4 a058 300s r1: tc=108.969 sc=100.0
[11:29:54] uai_relational_4 a058 300s r2: tc=108.969 sc=100.0
[11:29:54] uai_relational_4 a058 900s r0: tc=108.969 sc=100.0
[11:29:54] uai_relational_1 a057 90s r0: no-output (persisted)
[11:29:54] uai_relational_1 a057 90s r1: no-output (persisted)
[11:29:54] uai_relational_1 a057 90s r2: no-output (persisted)
[11:29:54] uai_relational_1 a057 300s r0: no-output (persisted)
[11:29:54] uai_relational_1 a057 300s r1: no-output (persisted)
[11:29:54] uai_relational_1 a057 300s r2: no-output (persisted)
[11:29:54] uai_relational_1 a057 900s r0: no-output (persisted)
[11:29:54] uai_relational_1 a058 90s r0: no-output (persisted)
[11:29:54] uai_relational_1 a058 90s r1: no-output (persisted)
[11:30:36] uai_relational_1 a058 90s r2: no-output (persisted)
[11:31:24] uai_relational_1 a058 300s r0: no-output (persisted)
[11:32:04] uai_relational_1 a058 300s r1: no-output (persisted)
[11:32:50] uai_relational_1 a058 300s r2: no-output (persisted)
[11:33:41] uai_relational_1 a058 900s r0: no-output (persisted)
[11:34:18] uai_DBN_16 a057 90s r0: tc=28.764 sc=24.0
[11:35:09] uai_DBN_16 a057 90s r1: tc=28.772 sc=23.0
[11:35:45] uai_DBN_16 a057 90s r2: tc=28.773 sc=23.0
[11:36:36] uai_DBN_16 a057 90s r3: tc=28.676 sc=23.0
[11:37:13] uai_DBN_16 a057 90s r4: tc=28.715 sc=24.0
[11:38:02] uai_DBN_16 a058 90s r0: tc=28.794 sc=22.0
[11:38:38] uai_DBN_16 a058 90s r1: tc=28.794 sc=22.0
[11:39:27] uai_DBN_16 a058 90s r2: tc=28.794 sc=22.0
[11:40:04] uai_DBN_16 a058 90s r3: tc=28.794 sc=22.0
[11:40:53] uai_DBN_16 a058 90s r4: tc=28.794 sc=22.0
[11:41:31] uai_DBN_12 a057 90s r0: tc=27.721 sc=22.0
[11:42:20] uai_DBN_12 a057 90s r1: tc=27.614 sc=22.0
[11:42:58] uai_DBN_12 a057 90s r2: tc=27.713 sc=22.0
[11:43:47] uai_DBN_12 a057 90s r3: tc=27.652 sc=22.0
[11:44:26] uai_DBN_12 a057 90s r4: tc=27.710 sc=22.0
[11:45:13] uai_DBN_12 a058 90s r0: tc=27.728 sc=21.0
[11:45:51] uai_DBN_12 a058 90s r1: tc=27.390 sc=23.0
[11:46:38] uai_DBN_12 a058 90s r2: tc=27.728 sc=21.0
[11:47:16] uai_DBN_12 a058 90s r3: tc=27.693 sc=23.0
[11:48:04] uai_DBN_12 a058 90s r4: tc=27.728 sc=21.0
[11:48:44] uai_DBN_14 a057 90s r0: tc=26.620 sc=21.0
[11:49:31] uai_DBN_14 a057 90s r1: tc=26.631 sc=21.0
[11:50:11] uai_DBN_14 a057 90s r2: tc=26.646 sc=21.0
[11:50:58] uai_DBN_14 a057 90s r3: tc=26.553 sc=21.0
[11:51:39] uai_DBN_14 a057 90s r4: tc=26.618 sc=22.0
[11:52:24] uai_DBN_14 a058 90s r0: tc=26.503 sc=21.0
[11:53:04] uai_DBN_14 a058 90s r1: tc=26.566 sc=21.0
[11:53:50] uai_DBN_14 a058 90s r2: tc=26.492 sc=21.0
[11:54:30] uai_DBN_14 a058 90s r3: tc=26.222 sc=20.0
[11:55:15] uai_DBN_14 a058 90s r4: tc=26.658 sc=20.0
[11:55:58] uai_linkage_15 a057 90s r0: tc=30.490 sc=23.0
[11:56:43] uai_linkage_15 a057 90s r1: tc=30.892 sc=24.0
[11:57:26] uai_linkage_15 a057 90s r2: tc=30.683 sc=24.0
[11:58:11] uai_linkage_15 a057 90s r3: tc=30.545 sc=23.0
[11:58:48] uai_linkage_15 a057 90s r4: tc=30.481 sc=23.0
[11:59:36] uai_linkage_15 a058 90s r0: tc=30.497 sc=24.0
[12:00:13] uai_linkage_15 a058 90s r1: tc=30.580 sc=23.0
[12:01:00] uai_linkage_15 a058 90s r2: tc=30.459 sc=23.0
[12:01:38] uai_linkage_15 a058 90s r3: tc=30.512 sc=24.0
[12:02:25] uai_linkage_15 a058 90s r4: tc=30.429 sc=23.0
[12:03:00] uai_linkage_13 a057 90s r0: tc=25.750 sc=18.0
[12:03:47] uai_linkage_13 a057 90s r1: tc=25.736 sc=18.0
[12:04:22] uai_linkage_13 a057 90s r2: tc=25.745 sc=18.0
[12:05:09] uai_linkage_13 a057 90s r3: tc=25.775 sc=18.0
[12:05:50] uai_linkage_13 a057 90s r4: tc=25.747 sc=18.0
[12:06:34] uai_linkage_13 a058 90s r0: tc=25.767 sc=18.0
[12:07:14] uai_linkage_13 a058 90s r1: tc=25.759 sc=18.0
[12:07:59] uai_linkage_13 a058 90s r2: tc=25.802 sc=18.0
[12:08:39] uai_linkage_13 a058 90s r3: tc=25.879 sc=20.0
[12:09:24] uai_linkage_13 a058 90s r4: tc=25.740 sc=18.0
[12:10:06] uai_linkage_23 a057 90s r0: tc=35.328 sc=31.1
[12:10:52] uai_linkage_23 a057 90s r1: tc=35.328 sc=31.1
[12:11:34] uai_linkage_23 a057 90s r2: tc=35.328 sc=31.1
[12:12:19] uai_linkage_23 a057 90s r3: tc=35.328 sc=31.1
[12:13:02] uai_linkage_23 a057 90s r4: tc=35.328 sc=31.1
[12:13:44] uai_linkage_23 a058 90s r0: tc=32.904 sc=29.1
[12:14:26] uai_linkage_23 a058 90s r1: tc=32.891 sc=29.1
[12:15:08] uai_linkage_23 a058 90s r2: tc=32.911 sc=29.1
[12:15:51] uai_linkage_23 a058 90s r3: tc=32.891 sc=29.1
[12:16:33] uai_linkage_23 a058 90s r4: tc=32.891 sc=29.1
[12:17:13] uai_linkage_17 a057 90s r0: tc=25.409 sc=19.0
[12:17:55] uai_linkage_17 a057 90s r1: tc=25.381 sc=19.0
[12:18:35] uai_linkage_17 a057 90s r2: tc=25.397 sc=19.0
[12:19:16] uai_linkage_17 a057 90s r3: tc=25.374 sc=19.0
[12:19:57] uai_linkage_17 a057 90s r4: tc=25.424 sc=19.0
[12:20:41] uai_linkage_17 a058 90s r0: tc=25.444 sc=19.0
[12:21:22] uai_linkage_17 a058 90s r1: tc=25.432 sc=19.0
[12:22:06] uai_linkage_17 a058 90s r2: tc=25.552 sc=19.0
[12:22:47] uai_linkage_17 a058 90s r3: tc=25.526 sc=19.0
[12:23:30] uai_linkage_17 a058 90s r4: tc=25.428 sc=19.0
[12:24:14] uai_CSP_11 a057 90s r0: tc=26.195 sc=22.0
[12:24:58] uai_CSP_11 a057 90s r1: tc=26.032 sc=22.0
[12:25:42] uai_CSP_11 a057 90s r2: tc=26.047 sc=21.0
[12:26:25] uai_CSP_11 a057 90s r3: tc=26.266 sc=21.0
[12:27:09] uai_CSP_11 a057 90s r4: tc=26.024 sc=21.0
[12:27:51] uai_CSP_11 a058 90s r0: tc=26.005 sc=21.0
[12:28:35] uai_CSP_11 a058 90s r1: tc=25.991 sc=21.0
[12:29:16] uai_CSP_11 a058 90s r2: tc=26.005 sc=21.0
[12:30:00] uai_CSP_11 a058 90s r3: tc=25.989 sc=21.0
[12:30:42] uai_CSP_11 a058 90s r4: tc=25.991 sc=21.0
[12:31:28] uai_Grids_15 a057 90s r0: tc=26.464 sc=20.0
[12:32:09] uai_Grids_15 a057 90s r1: tc=26.667 sc=20.0
[12:32:55] uai_Grids_15 a057 90s r2: tc=26.746 sc=20.0
[12:33:37] uai_Grids_15 a057 90s r3: tc=26.709 sc=20.0
[12:34:23] uai_Grids_15 a057 90s r4: tc=26.432 sc=20.0
[12:35:02] uai_Grids_15 a058 90s r0: tc=26.525 sc=20.0
[12:35:48] uai_Grids_15 a058 90s r1: tc=26.394 sc=20.0
[12:36:27] uai_Grids_15 a058 90s r2: tc=26.475 sc=20.0
[12:37:13] uai_Grids_15 a058 90s r3: tc=26.448 sc=20.0
[12:37:52] uai_Grids_15 a058 90s r4: tc=26.291 sc=20.0
[12:38:36] uai_Promedus_14 a057 90s r0: tc=23.345 sc=17.0
[12:39:19] uai_Promedus_14 a057 90s r1: tc=23.302 sc=17.0
[12:39:59] uai_Promedus_14 a057 90s r2: tc=23.328 sc=17.0
[12:40:42] uai_Promedus_14 a057 90s r3: tc=23.332 sc=17.0
[12:41:26] uai_Promedus_14 a057 90s r4: tc=23.301 sc=17.0
[12:42:07] uai_Promedus_14 a058 90s r0: tc=23.326 sc=17.0
[12:42:51] uai_Promedus_14 a058 90s r1: tc=23.327 sc=17.0
[12:43:33] uai_Promedus_14 a058 90s r2: tc=23.326 sc=17.0
[12:44:17] uai_Promedus_14 a058 90s r3: tc=23.308 sc=17.0
[12:44:58] uai_Promedus_14 a058 90s r4: tc=23.329 sc=17.0
ATTEMPTS57-CAMPAIGN-COMPLETE
ATTEMPTS57-CHAIN-DONE
