305 jobs total, 305 to run, lanes=2
[22:18:26] sycamore_53_20_0 ref 90s p2_r0: tc=60.683
[22:18:26] sycamore_53_20_0 ref 90s p2_r1: tc=61.499
[22:19:46] sycamore_53_20_0 ref 90s p2_r2: tc=61.128
[22:19:54] sycamore_53_20_0 a054 90s p2_r0: tc=60.099
[22:21:14] sycamore_53_20_0 a054 90s p2_r1: tc=59.869
[22:21:22] sycamore_53_20_0 a054 90s p2_r2: tc=59.856
[22:22:43] sycamore_53_20_0 a050 90s p2_r0: tc=61.456
[22:22:51] sycamore_53_20_0 a050 90s p2_r1: tc=61.165
[22:24:10] sycamore_53_20_0 a050 90s p2_r2: tc=61.242
[22:26:45] sycamore_53_20_0 ref 300s p2_r0: tc=60.894
[22:28:08] sycamore_53_20_0 ref 300s p2_r1: tc=61.384
[22:30:46] sycamore_53_20_0 ref 300s p2_r2: tc=60.675
[22:33:00] sycamore_53_20_0 a054 300s p2_r0: tc=59.855
[22:35:38] sycamore_53_20_0 a054 300s p2_r1: tc=59.856
[22:37:52] sycamore_53_20_0 a054 300s p2_r2: tc=59.903
[22:40:29] sycamore_53_20_0 a050 300s p2_r0: tc=59.855
[22:42:44] sycamore_53_20_0 a050 300s p2_r1: tc=60.122
[22:45:21] sycamore_53_20_0 a050 300s p2_r2: tc=59.860
[22:54:48] sycamore_53_20_0 ref 900s p2_r0: tc=60.503
[22:57:18] sycamore_53_20_0 ref 900s p2_r1: tc=60.480
[23:06:50] sycamore_53_20_0 ref 900s p2_r2: tc=60.738
[23:11:52] sycamore_53_20_0 a054 900s p2_r0: tc=59.860
[23:21:24] sycamore_53_20_0 a054 900s p2_r1: tc=59.852
[23:26:26] sycamore_53_20_0 a054 900s p2_r2: tc=59.852
[23:35:58] sycamore_53_20_0 a050 900s p2_r0: tc=59.851
[23:40:59] sycamore_53_20_0 a050 900s p2_r1: tc=59.857
[23:50:32] sycamore_53_20_0 a050 900s p2_r2: tc=59.864
[23:50:32] surfacecode_d21 ref 90s p2_r0: tc=48.769
[23:50:32] surfacecode_d21 ref 90s p2_r1: tc=47.721
[23:50:32] surfacecode_d21 ref 90s p2_r2: tc=48.659
[23:50:32] surfacecode_d21 a054 90s p2_r0: tc=47.387
[23:50:32] surfacecode_d21 a054 90s p2_r1: tc=47.375
[23:50:32] surfacecode_d21 a054 90s p2_r2: tc=47.404
[23:50:32] surfacecode_d21 a050 90s p2_r0: tc=48.640
[23:51:31] surfacecode_d21 a050 90s p2_r1: tc=48.805
[23:52:00] surfacecode_d21 a050 90s p2_r2: tc=48.797
[23:55:08] surfacecode_d21 ref 300s p2_r0: tc=48.266
[23:55:40] surfacecode_d21 ref 300s p2_r1: tc=47.411
[23:58:47] surfacecode_d21 ref 300s p2_r2: tc=47.368
[00:00:32] surfacecode_d21 a054 300s p2_r0: tc=47.373
[00:03:39] surfacecode_d21 a054 300s p2_r1: tc=47.377
[00:05:24] surfacecode_d21 a054 300s p2_r2: tc=47.464
[00:08:30] surfacecode_d21 a050 300s p2_r0: tc=47.463
[00:10:15] surfacecode_d21 a050 300s p2_r1: tc=47.373
[00:13:22] surfacecode_d21 a050 300s p2_r2: tc=47.377
[00:22:43] surfacecode_d21 ref 900s p2_r0: tc=47.390
[00:25:56] surfacecode_d21 ref 900s p2_r1: tc=47.377
[00:35:25] surfacecode_d21 ref 900s p2_r2: tc=47.364
[00:40:30] surfacecode_d21 a054 900s p2_r0: tc=47.416
[00:49:58] surfacecode_d21 a054 900s p2_r1: tc=47.365
[00:55:03] surfacecode_d21 a054 900s p2_r2: tc=47.374
[01:04:32] surfacecode_d21 a050 900s p2_r0: tc=47.373
[01:09:37] surfacecode_d21 a050 900s p2_r1: tc=47.422
[01:19:05] surfacecode_d21 a050 900s p2_r2: tc=47.378
[01:19:05] reg3_1000 ref 90s p2_r0: tc=142.931
[01:19:05] reg3_1000 ref 90s p2_r1: tc=133.811
[01:19:05] reg3_1000 ref 90s p2_r2: tc=139.966
[01:19:05] reg3_1000 a054 90s p2_r0: tc=135.262
[01:19:05] reg3_1000 a054 90s p2_r1: tc=133.822
[01:19:05] reg3_1000 a054 90s p2_r2: tc=139.428
[01:19:11] reg3_1000 a050 90s p2_r0: tc=185.700
[01:20:35] reg3_1000 a050 90s p2_r1: tc=205.978
[01:20:39] reg3_1000 a050 90s p2_r2: tc=196.905
[01:23:38] reg3_1000 ref 300s p2_r0: tc=136.889
[01:23:42] reg3_1000 ref 300s p2_r1: tc=136.054
[01:26:40] reg3_1000 ref 300s p2_r2: tc=131.639
[01:28:34] reg3_1000 a054 300s p2_r0: tc=131.161
[01:31:32] reg3_1000 a054 300s p2_r1: tc=132.030
[01:33:26] reg3_1000 a054 300s p2_r2: tc=133.391
[01:36:24] reg3_1000 a050 300s p2_r0: tc=156.576
[01:38:20] reg3_1000 a050 300s p2_r1: tc=171.578
[01:41:17] reg3_1000 a050 300s p2_r2: tc=152.978
[01:50:10] reg3_1000 ref 900s p2_r0: tc=129.817
[01:53:36] reg3_1000 ref 900s p2_r1: tc=132.935
[02:02:22] reg3_1000 ref 900s p2_r2: tc=128.972
[02:08:10] reg3_1000 a054 900s p2_r0: tc=133.596
[02:16:56] reg3_1000 a054 900s p2_r1: tc=134.417
[02:22:43] reg3_1000 a054 900s p2_r2: tc=134.501
[02:31:29] reg3_1000 a050 900s p2_r0: tc=133.492
[02:37:18] reg3_1000 a050 900s p2_r1: tc=135.542
[02:46:03] reg3_1000 a050 900s p2_r2: tc=132.485
[02:46:03] sycamore_53_20_0 ref 90s p3_r0: tc=63.343
[02:46:03] sycamore_53_20_0 ref 90s p3_r1: tc=60.866
[02:46:03] sycamore_53_20_0 ref 90s p3_r2: tc=60.689
[02:46:03] sycamore_53_20_0 ref 90s p3_r3: tc=61.729
[02:46:03] sycamore_53_20_0 ref 90s p3_r4: tc=60.870
[02:46:03] sycamore_53_20_0 ref 90s p3_r5: tc=61.254
[02:46:03] sycamore_53_20_0 ref 90s p3_r6: tc=61.875
[02:46:31] sycamore_53_20_0 ref 90s p3_r7: tc=60.708
[02:47:19] sycamore_53_20_0 ref 90s p3_r8: tc=61.215
[02:47:47] sycamore_53_20_0 ref 90s p3_r9: tc=63.841
[02:48:35] sycamore_53_20_0 ref 90s p3_r10: tc=60.549
[02:49:05] sycamore_53_20_0 ref 90s p3_r11: tc=60.168
[02:49:53] sycamore_53_20_0 ref 90s p3_r12: tc=60.577
[02:50:21] sycamore_53_20_0 ref 90s p3_r13: tc=60.465
[02:51:08] sycamore_53_20_0 ref 90s p3_r14: tc=61.137
[02:51:48] sycamore_53_20_0 a050 90s p3_r0: tc=61.200
[02:52:36] sycamore_53_20_0 a050 90s p3_r1: tc=60.206
[02:53:17] sycamore_53_20_0 a050 90s p3_r2: tc=60.727
[02:54:04] sycamore_53_20_0 a050 90s p3_r3: tc=61.292
[02:54:46] sycamore_53_20_0 a050 90s p3_r4: tc=60.098
[02:55:32] sycamore_53_20_0 a050 90s p3_r5: tc=61.436
[02:56:15] sycamore_53_20_0 a050 90s p3_r6: tc=63.203
[02:57:01] sycamore_53_20_0 a050 90s p3_r7: tc=60.847
[02:57:44] sycamore_53_20_0 a050 90s p3_r8: tc=61.637
[02:58:30] sycamore_53_20_0 a050 90s p3_r9: tc=61.572
[02:59:13] sycamore_53_20_0 a050 90s p3_r10: tc=62.444
[02:59:59] sycamore_53_20_0 a050 90s p3_r11: tc=60.950
[03:00:42] sycamore_53_20_0 a050 90s p3_r12: tc=61.389
[03:01:27] sycamore_53_20_0 a050 90s p3_r13: tc=61.798
[03:02:10] sycamore_53_20_0 a050 90s p3_r14: tc=61.698
[03:02:42] surfacecode_d21 ref 90s p3_r0: tc=48.936
[03:03:31] surfacecode_d21 ref 90s p3_r1: tc=48.746
[03:03:38] surfacecode_d21 ref 90s p3_r2: tc=48.189
[03:04:26] surfacecode_d21 ref 90s p3_r3: tc=49.039
[03:04:33] surfacecode_d21 ref 90s p3_r4: tc=48.910
[03:05:21] surfacecode_d21 ref 90s p3_r5: tc=48.797
[03:05:53] surfacecode_d21 ref 90s p3_r6: tc=48.293
[03:06:16] surfacecode_d21 ref 90s p3_r7: tc=48.967
[03:07:14] surfacecode_d21 ref 90s p3_r8: tc=48.780
[03:07:37] surfacecode_d21 ref 90s p3_r9: tc=48.652
[03:08:08] surfacecode_d21 ref 90s p3_r10: tc=49.052
[03:08:59] surfacecode_d21 ref 90s p3_r11: tc=48.977
[03:09:29] surfacecode_d21 ref 90s p3_r12: tc=48.704
[03:10:20] surfacecode_d21 ref 90s p3_r13: tc=48.181
[03:10:49] surfacecode_d21 ref 90s p3_r14: tc=48.967
[03:11:48] surfacecode_d21 a054 90s p3_r0: tc=47.377
[03:12:17] surfacecode_d21 a054 90s p3_r1: tc=47.882
[03:13:16] surfacecode_d21 a054 90s p3_r2: tc=47.635
[03:13:45] surfacecode_d21 a054 90s p3_r3: tc=47.639
[03:14:44] surfacecode_d21 a054 90s p3_r4: tc=47.384
[03:15:14] surfacecode_d21 a054 90s p3_r5: tc=47.907
[03:16:13] surfacecode_d21 a054 90s p3_r6: tc=47.546
[03:16:42] surfacecode_d21 a054 90s p3_r7: tc=47.408
[03:17:41] surfacecode_d21 a054 90s p3_r8: tc=47.481
[03:18:10] surfacecode_d21 a054 90s p3_r9: tc=47.375
[03:19:09] surfacecode_d21 a054 90s p3_r10: tc=47.787
[03:19:38] surfacecode_d21 a054 90s p3_r11: tc=47.518
[03:20:37] surfacecode_d21 a054 90s p3_r12: tc=47.661
[03:21:06] surfacecode_d21 a054 90s p3_r13: tc=47.395
[03:22:06] surfacecode_d21 a054 90s p3_r14: tc=47.399
[03:22:06] ksg ref 90s p3_r0: tc=39.422
[03:22:59] ksg ref 90s p3_r1: tc=41.453
[03:23:02] ksg ref 90s p3_r2: tc=42.271
[03:23:56] ksg ref 90s p3_r3: tc=40.166
[03:23:59] ksg ref 90s p3_r4: tc=41.419
[03:24:55] ksg ref 90s p3_r5: tc=37.886
[03:24:55] ksg ref 90s p3_r6: tc=40.454
[03:25:52] ksg ref 90s p3_r7: tc=38.908
[03:25:52] ksg ref 90s p3_r8: tc=40.407
[03:26:49] ksg ref 90s p3_r9: tc=40.608
[03:26:50] ksg ref 90s p3_r10: tc=37.877
[03:27:47] ksg ref 90s p3_r11: tc=39.042
[03:27:47] ksg ref 90s p3_r12: tc=40.758
[03:28:44] ksg ref 90s p3_r13: tc=41.268
[03:28:44] ksg ref 90s p3_r14: tc=39.051
[03:30:13] ksg a054 90s p3_r0: tc=36.921
[03:30:13] ksg a054 90s p3_r1: tc=36.357
[03:31:43] ksg a054 90s p3_r2: tc=38.946
[03:31:43] ksg a054 90s p3_r3: tc=37.678
[03:33:10] ksg a054 90s p3_r4: tc=37.358
[03:33:12] ksg a054 90s p3_r5: tc=37.511
[03:34:40] ksg a054 90s p3_r6: tc=36.356
[03:34:41] ksg a054 90s p3_r7: tc=37.303
[03:36:08] ksg a054 90s p3_r8: tc=37.229
[03:36:11] ksg a054 90s p3_r9: tc=36.874
[03:37:36] ksg a054 90s p3_r10: tc=37.906
[03:37:40] ksg a054 90s p3_r11: tc=38.271
[03:39:05] ksg a054 90s p3_r12: tc=38.272
[03:39:10] ksg a054 90s p3_r13: tc=38.943
[03:40:34] ksg a054 90s p3_r14: tc=37.152
[03:40:34] reg3_1000 ref 90s p3_r0: tc=135.644
[03:41:29] reg3_1000 ref 90s p3_r1: tc=138.540
[03:41:46] reg3_1000 ref 90s p3_r2: tc=138.716
[03:42:41] reg3_1000 ref 90s p3_r3: tc=136.229
[03:42:56] reg3_1000 ref 90s p3_r4: tc=136.455
[03:43:51] reg3_1000 ref 90s p3_r5: tc=137.799
[03:44:06] reg3_1000 ref 90s p3_r6: tc=136.502
[03:45:02] reg3_1000 ref 90s p3_r7: tc=140.736
[03:45:17] reg3_1000 ref 90s p3_r8: tc=139.299
[03:46:13] reg3_1000 ref 90s p3_r9: tc=138.406
[03:46:28] reg3_1000 ref 90s p3_r10: tc=141.944
[03:47:25] reg3_1000 ref 90s p3_r11: tc=136.005
[03:47:40] reg3_1000 ref 90s p3_r12: tc=143.219
[03:48:36] reg3_1000 ref 90s p3_r13: tc=140.428
[03:48:51] reg3_1000 ref 90s p3_r14: tc=139.269
[03:50:04] reg3_1000 a054 90s p3_r0: tc=136.601
[03:50:19] reg3_1000 a054 90s p3_r1: tc=136.239
[03:51:32] reg3_1000 a054 90s p3_r2: tc=132.603
[03:51:47] reg3_1000 a054 90s p3_r3: tc=135.946
[03:53:01] reg3_1000 a054 90s p3_r4: tc=136.097
[03:53:15] reg3_1000 a054 90s p3_r5: tc=138.134
[03:54:29] reg3_1000 a054 90s p3_r6: tc=134.675
[03:54:43] reg3_1000 a054 90s p3_r7: tc=138.492
[03:55:56] reg3_1000 a054 90s p3_r8: tc=130.774
[03:56:11] reg3_1000 a054 90s p3_r9: tc=140.501
[03:57:25] reg3_1000 a054 90s p3_r10: tc=138.088
[03:57:40] reg3_1000 a054 90s p3_r11: tc=138.532
[03:58:53] reg3_1000 a054 90s p3_r12: tc=128.900
[03:59:08] reg3_1000 a054 90s p3_r13: tc=136.175
[04:00:21] reg3_1000 a054 90s p3_r14: tc=130.704
[04:00:21] dbn_13 ref 90s p3_r0: tc=30.002
[04:01:22] dbn_13 ref 90s p3_r1: tc=29.468
[04:01:31] dbn_13 ref 90s p3_r2: tc=29.520
[04:02:31] dbn_13 ref 90s p3_r3: tc=29.706
[04:02:39] dbn_13 ref 90s p3_r4: tc=28.973
[04:03:39] dbn_13 ref 90s p3_r5: tc=28.936
[04:03:47] dbn_13 ref 90s p3_r6: tc=29.119
[04:04:48] dbn_13 ref 90s p3_r7: tc=30.052
[04:04:55] dbn_13 ref 90s p3_r8: tc=29.450
[04:05:56] dbn_13 ref 90s p3_r9: tc=29.553
[04:06:03] dbn_13 ref 90s p3_r10: tc=28.756
[04:07:04] dbn_13 ref 90s p3_r11: tc=29.013
[04:07:11] dbn_13 ref 90s p3_r12: tc=29.316
[04:08:12] dbn_13 ref 90s p3_r13: tc=29.149
[04:08:18] dbn_13 ref 90s p3_r14: tc=28.835
[04:09:40] dbn_13 a038 90s p3_r0: tc=28.721
[04:09:46] dbn_13 a038 90s p3_r1: tc=28.741
[04:11:07] dbn_13 a038 90s p3_r2: tc=28.705
[04:11:13] dbn_13 a038 90s p3_r3: tc=28.748
[04:12:35] dbn_13 a038 90s p3_r4: tc=28.741
[04:12:41] dbn_13 a038 90s p3_r5: tc=28.716
[04:14:02] dbn_13 a038 90s p3_r6: tc=28.690
[04:14:08] dbn_13 a038 90s p3_r7: tc=28.781
[04:15:29] dbn_13 a038 90s p3_r8: tc=28.768
[04:15:35] dbn_13 a038 90s p3_r9: tc=28.725
[04:16:57] dbn_13 a038 90s p3_r10: tc=28.752
[04:17:03] dbn_13 a038 90s p3_r11: tc=28.771
[04:18:24] dbn_13 a038 90s p3_r12: tc=28.731
[04:18:30] dbn_13 a038 90s p3_r13: tc=28.773
[04:19:52] dbn_13 a038 90s p3_r14: tc=28.783
[04:19:52] rqc_97_m24 ref 90s p3_r0: tc=107.088
[04:20:44] rqc_97_m24 ref 90s p3_r1: tc=106.933
[04:20:58] rqc_97_m24 ref 90s p3_r2: tc=106.572
[04:21:47] rqc_97_m24 ref 90s p3_r3: tc=107.794
[04:22:08] rqc_97_m24 ref 90s p3_r4: tc=106.986
[04:22:57] rqc_97_m24 ref 90s p3_r5: tc=106.812
[04:23:14] rqc_97_m24 ref 90s p3_r6: tc=111.697
[04:24:04] rqc_97_m24 ref 90s p3_r7: tc=106.667
[04:24:19] rqc_97_m24 ref 90s p3_r8: tc=107.147
[04:25:11] rqc_97_m24 ref 90s p3_r9: tc=107.622
[04:25:28] rqc_97_m24 ref 90s p3_r10: tc=106.581
[04:26:22] rqc_97_m24 ref 90s p3_r11: tc=106.670
[04:26:32] rqc_97_m24 ref 90s p3_r12: tc=106.098
[04:27:31] rqc_97_m24 ref 90s p3_r13: tc=106.736
[04:27:37] rqc_97_m24 ref 90s p3_r14: tc=115.605
[04:29:00] rqc_97_m24 a054 90s p3_r0: tc=107.153
[04:29:07] rqc_97_m24 a054 90s p3_r1: tc=106.854
[04:30:30] rqc_97_m24 a054 90s p3_r2: tc=106.438
[04:30:37] rqc_97_m24 a054 90s p3_r3: tc=106.891
[04:31:59] rqc_97_m24 a054 90s p3_r4: tc=107.000
[04:32:07] rqc_97_m24 a054 90s p3_r5: tc=106.811
[04:33:28] rqc_97_m24 a054 90s p3_r6: tc=106.526
[04:33:36] rqc_97_m24 a054 90s p3_r7: tc=106.084
[04:34:58] rqc_97_m24 a054 90s p3_r8: tc=107.444
[04:35:05] rqc_97_m24 a054 90s p3_r9: tc=106.813
[04:36:28] rqc_97_m24 a054 90s p3_r10: tc=106.792
[04:36:35] rqc_97_m24 a054 90s p3_r11: tc=107.075
[04:37:59] rqc_97_m24 a054 90s p3_r12: tc=112.615
[04:38:04] rqc_97_m24 a054 90s p3_r13: tc=106.662
[04:39:28] rqc_97_m24 a054 90s p3_r14: tc=107.610
[04:39:28] surfacecode_d9 ref 90s p4_r0: tc=21.744
[04:40:26] surfacecode_d9 ref 90s p4_r1: tc=21.755
[04:40:35] surfacecode_d9 ref 90s p4_r2: tc=21.754
[04:41:32] surfacecode_d9 ref 90s p4_r3: tc=21.767
[04:41:42] surfacecode_d9 ref 90s p4_r4: tc=21.729
[04:43:00] surfacecode_d9 a054 90s p4_r0: tc=21.715
[04:43:09] surfacecode_d9 a054 90s p4_r1: tc=21.714
[04:44:27] surfacecode_d9 a054 90s p4_r2: tc=21.715
[04:44:37] surfacecode_d9 a054 90s p4_r3: tc=21.715
[04:45:55] surfacecode_d9 a054 90s p4_r4: tc=21.714
[04:45:55] surfacecode_d13 ref 90s p4_r0: tc=30.509
[04:46:58] surfacecode_d13 ref 90s p4_r1: tc=30.517
[04:47:04] surfacecode_d13 ref 90s p4_r2: tc=30.509
[04:48:07] surfacecode_d13 ref 90s p4_r3: tc=30.485
[04:48:14] surfacecode_d13 ref 90s p4_r4: tc=30.501
[04:49:34] surfacecode_d13 a054 90s p4_r0: tc=30.495
[04:49:42] surfacecode_d13 a054 90s p4_r1: tc=30.496
[04:51:02] surfacecode_d13 a054 90s p4_r2: tc=30.485
[04:51:09] surfacecode_d13 a054 90s p4_r3: tc=30.493
[04:52:29] surfacecode_d13 a054 90s p4_r4: tc=30.493
[04:52:29] surfacecode_d17 ref 90s p4_r0: tc=40.219
[04:53:22] surfacecode_d17 ref 90s p4_r1: tc=39.021
[04:53:35] surfacecode_d17 ref 90s p4_r2: tc=39.091
[04:54:26] surfacecode_d17 ref 90s p4_r3: tc=39.428
[04:54:41] surfacecode_d17 ref 90s p4_r4: tc=39.110
[04:55:54] surfacecode_d17 a054 90s p4_r0: tc=39.004
[04:56:08] surfacecode_d17 a054 90s p4_r1: tc=39.017
[04:57:22] surfacecode_d17 a054 90s p4_r2: tc=39.000
[04:57:36] surfacecode_d17 a054 90s p4_r3: tc=39.005
[04:58:50] surfacecode_d17 a054 90s p4_r4: tc=39.001
[04:58:50] surfacecode_d21 ref 90s p4_r0: tc=49.022
[04:59:51] surfacecode_d21 ref 90s p4_r1: tc=48.677
[05:00:10] surfacecode_d21 ref 90s p4_r2: tc=48.793
[05:01:11] surfacecode_d21 ref 90s p4_r3: tc=48.636
[05:01:11] surfacecode_d21 ref 90s p4_r4: tc=48.017
[05:02:33] surfacecode_d21 a054 90s p4_r0: tc=47.938
[05:02:40] surfacecode_d21 a054 90s p4_r1: tc=48.083
[05:04:01] surfacecode_d21 a054 90s p4_r2: tc=47.529
[05:04:07] surfacecode_d21 a054 90s p4_r3: tc=47.642
[05:05:29] surfacecode_d21 a054 90s p4_r4: tc=47.414
[05:05:35] reg3_250 a054 90s p5_r0: tc=40.429
[05:06:57] reg3_250 a054 90s p5_r1: tc=39.882
[05:07:02] sycamore_m20 a054 90s p5_r0: tc=61.635
[05:08:24] sycamore_m20 a054 90s p5_r1: tc=61.524
CAMPAIGN COMPLETE
