200 jobs total, 200 to run, lanes=2
[07:54:03] uai_DBN_16 ref 90s r0: tc=29.965
[07:54:03] uai_DBN_16 ref 90s r1: tc=28.986
[07:55:12] uai_DBN_16 ref 90s r2: tc=29.464
[07:55:12] uai_DBN_16 ref 90s r3: tc=29.123
[07:56:21] uai_DBN_16 ref 90s r4: tc=30.080
[07:56:39] uai_DBN_16 a038 90s r0: tc=28.765
[07:57:49] uai_DBN_16 a038 90s r1: tc=28.792
[07:58:07] uai_DBN_16 a038 90s r2: tc=28.775
[07:59:16] uai_DBN_16 a038 90s r3: tc=28.629
[07:59:34] uai_DBN_16 a038 90s r4: tc=28.785
[08:00:43] uai_DBN_16 a050 90s r0: tc=34.692
[08:01:02] uai_DBN_16 a050 90s r1: tc=34.585
[08:02:11] uai_DBN_16 a050 90s r2: tc=36.364
[08:02:29] uai_DBN_16 a050 90s r3: tc=35.795
[08:03:38] uai_DBN_16 a050 90s r4: tc=36.091
[08:03:56] uai_DBN_16 a054 90s r0: tc=34.646
[08:05:06] uai_DBN_16 a054 90s r1: tc=34.509
[08:05:24] uai_DBN_16 a054 90s r2: tc=34.294
[08:06:33] uai_DBN_16 a054 90s r3: tc=34.714
[08:06:51] uai_DBN_16 a054 90s r4: tc=34.448
[08:07:35] uai_DBN_12 ref 90s r0: tc=28.344
[08:07:53] uai_DBN_12 ref 90s r1: tc=28.030
[08:08:56] uai_DBN_12 ref 90s r2: tc=27.760
[08:08:56] uai_DBN_12 ref 90s r3: tc=27.302
[08:09:58] uai_DBN_12 ref 90s r4: tc=28.612
[08:10:23] uai_DBN_12 a038 90s r0: tc=27.701
[08:11:25] uai_DBN_12 a038 90s r1: tc=27.674
[08:11:51] uai_DBN_12 a038 90s r2: tc=27.654
[08:12:53] uai_DBN_12 a038 90s r3: tc=27.716
[08:13:18] uai_DBN_12 a038 90s r4: tc=27.628
[08:14:20] uai_DBN_12 a050 90s r0: tc=31.842
[08:14:46] uai_DBN_12 a050 90s r1: tc=32.338
[08:15:47] uai_DBN_12 a050 90s r2: tc=34.128
[08:16:13] uai_DBN_12 a050 90s r3: tc=32.938
[08:17:15] uai_DBN_12 a050 90s r4: tc=31.824
[08:17:40] uai_DBN_12 a054 90s r0: tc=32.923
[08:18:42] uai_DBN_12 a054 90s r1: tc=32.793
[08:19:08] uai_DBN_12 a054 90s r2: tc=31.538
[08:20:10] uai_DBN_12 a054 90s r3: tc=32.623
[08:20:36] uai_DBN_12 a054 90s r4: tc=32.762
[08:21:10] uai_DBN_14 ref 90s r0: tc=26.672
[08:21:35] uai_DBN_14 ref 90s r1: tc=27.022
[08:22:09] uai_DBN_14 ref 90s r2: tc=26.315
[08:22:34] uai_DBN_14 ref 90s r3: tc=26.442
[08:23:10] uai_DBN_14 ref 90s r4: tc=26.349
[08:24:02] uai_DBN_14 a038 90s r0: tc=26.646
[08:24:37] uai_DBN_14 a038 90s r1: tc=26.646
[08:25:29] uai_DBN_14 a038 90s r2: tc=26.650
[08:26:05] uai_DBN_14 a038 90s r3: tc=26.627
[08:26:57] uai_DBN_14 a038 90s r4: tc=26.605
[08:27:32] uai_DBN_14 a050 90s r0: tc=29.882
[08:28:24] uai_DBN_14 a050 90s r1: tc=28.072
[08:28:59] uai_DBN_14 a050 90s r2: tc=29.715
[08:29:51] uai_DBN_14 a050 90s r3: tc=30.274
[08:30:27] uai_DBN_14 a050 90s r4: tc=29.905
[08:31:19] uai_DBN_14 a054 90s r0: tc=31.839
[08:31:54] uai_DBN_14 a054 90s r1: tc=30.974
[08:32:46] uai_DBN_14 a054 90s r2: tc=31.271
[08:33:22] uai_DBN_14 a054 90s r3: tc=30.884
[08:34:14] uai_DBN_14 a054 90s r4: tc=30.941
[08:34:28] uai_linkage_15 ref 90s r0: tc=30.521
[08:35:18] uai_linkage_15 ref 90s r1: tc=30.532
[08:35:34] uai_linkage_15 ref 90s r2: tc=30.525
[08:36:24] uai_linkage_15 ref 90s r3: tc=30.550
[08:36:38] uai_linkage_15 ref 90s r4: tc=30.657
[08:37:46] uai_linkage_15 a038 90s r0: tc=30.553
[08:38:00] uai_linkage_15 a038 90s r1: tc=30.468
[08:39:08] uai_linkage_15 a038 90s r2: tc=30.530
[08:39:22] uai_linkage_15 a038 90s r3: tc=30.634
[08:40:30] uai_linkage_15 a038 90s r4: tc=30.622
[08:40:50] uai_linkage_15 a050 90s r0: tc=30.421
[08:41:58] uai_linkage_15 a050 90s r1: tc=30.425
[08:42:17] uai_linkage_15 a050 90s r2: tc=30.441
[08:43:26] uai_linkage_15 a050 90s r3: tc=30.418
[08:43:45] uai_linkage_15 a050 90s r4: tc=30.443
[08:44:54] uai_linkage_15 a054 90s r0: tc=30.426
[08:45:13] uai_linkage_15 a054 90s r1: tc=30.416
[08:46:22] uai_linkage_15 a054 90s r2: tc=30.425
[08:46:41] uai_linkage_15 a054 90s r3: tc=30.434
[08:47:50] uai_linkage_15 a054 90s r4: tc=30.426
[08:47:50] uai_linkage_13 ref 90s r0: tc=25.744
[08:48:31] uai_linkage_13 ref 90s r1: tc=25.819
[08:48:43] uai_linkage_13 ref 90s r2: tc=25.762
[08:49:53] uai_linkage_13 ref 90s r3: tc=25.736
[08:49:53] uai_linkage_13 ref 90s r4: tc=25.738
[08:51:00] uai_linkage_13 a038 90s r0: tc=25.754
[08:51:15] uai_linkage_13 a038 90s r1: tc=25.741
[08:52:22] uai_linkage_13 a038 90s r2: tc=25.757
[08:52:38] uai_linkage_13 a038 90s r3: tc=25.755
[08:53:44] uai_linkage_13 a038 90s r4: tc=25.737
[08:54:06] uai_linkage_13 a050 90s r0: tc=25.727
[08:55:12] uai_linkage_13 a050 90s r1: tc=25.731
[08:55:34] uai_linkage_13 a050 90s r2: tc=25.734
[08:56:39] uai_linkage_13 a050 90s r3: tc=25.726
[08:57:01] uai_linkage_13 a050 90s r4: tc=25.729
[08:58:07] uai_linkage_13 a054 90s r0: tc=25.739
[08:58:29] uai_linkage_13 a054 90s r1: tc=25.739
[08:59:35] uai_linkage_13 a054 90s r2: tc=25.742
[08:59:57] uai_linkage_13 a054 90s r3: tc=25.738
[09:01:03] uai_linkage_13 a054 90s r4: tc=25.739
[09:01:03] uai_linkage_23 ref 90s r0: tc=32.883
[09:01:47] uai_linkage_23 ref 90s r1: tc=33.187
[09:01:58] uai_linkage_23 ref 90s r2: tc=32.891
[09:03:09] uai_linkage_23 ref 90s r3: tc=33.188
[09:03:09] uai_linkage_23 ref 90s r4: tc=32.909
[09:04:14] uai_linkage_23 a038 90s r0: tc=33.115
[09:04:31] uai_linkage_23 a038 90s r1: tc=32.980
[09:05:37] uai_linkage_23 a038 90s r2: tc=33.185
[09:05:53] uai_linkage_23 a038 90s r3: tc=33.133
[09:07:05] uai_linkage_23 a038 90s r4: tc=35.328
[09:07:20] uai_linkage_23 a050 90s r0: tc=32.856
[09:08:32] uai_linkage_23 a050 90s r1: tc=32.890
[09:08:48] uai_linkage_23 a050 90s r2: tc=32.890
[09:10:00] uai_linkage_23 a050 90s r3: tc=32.856
[09:10:15] uai_linkage_23 a050 90s r4: tc=32.890
[09:11:27] uai_linkage_23 a054 90s r0: tc=32.856
[09:11:43] uai_linkage_23 a054 90s r1: tc=32.856
[09:12:55] uai_linkage_23 a054 90s r2: tc=32.856
[09:13:10] uai_linkage_23 a054 90s r3: tc=32.856
[09:14:22] uai_linkage_23 a054 90s r4: tc=32.888
[09:14:22] uai_linkage_17 ref 90s r0: tc=25.418
[09:15:02] uai_linkage_17 ref 90s r1: tc=25.407
[09:15:18] uai_linkage_17 ref 90s r2: tc=25.401
[09:15:57] uai_linkage_17 ref 90s r3: tc=25.405
[09:16:13] uai_linkage_17 ref 90s r4: tc=25.400
[09:17:19] uai_linkage_17 a038 90s r0: tc=25.424
[09:17:35] uai_linkage_17 a038 90s r1: tc=25.376
[09:18:41] uai_linkage_17 a038 90s r2: tc=25.370
[09:18:57] uai_linkage_17 a038 90s r3: tc=25.383
[09:20:03] uai_linkage_17 a038 90s r4: tc=25.406
[09:20:25] uai_linkage_17 a050 90s r0: tc=25.363
[09:21:31] uai_linkage_17 a050 90s r1: tc=25.363
[09:21:53] uai_linkage_17 a050 90s r2: tc=25.369
[09:22:59] uai_linkage_17 a050 90s r3: tc=25.363
[09:23:20] uai_linkage_17 a050 90s r4: tc=25.370
[09:24:26] uai_linkage_17 a054 90s r0: tc=25.378
[09:24:48] uai_linkage_17 a054 90s r1: tc=25.386
[09:25:54] uai_linkage_17 a054 90s r2: tc=25.384
[09:26:16] uai_linkage_17 a054 90s r3: tc=25.394
[09:27:22] uai_linkage_17 a054 90s r4: tc=25.379
[09:27:23] uai_CSP_11 ref 90s r0: tc=25.917
[09:28:26] uai_CSP_11 ref 90s r1: tc=25.928
[09:28:27] uai_CSP_11 ref 90s r2: tc=26.024
[09:29:29] uai_CSP_11 ref 90s r3: tc=25.971
[09:29:30] uai_CSP_11 ref 90s r4: tc=25.969
[09:30:57] uai_CSP_11 a038 90s r0: tc=26.291
[09:30:58] uai_CSP_11 a038 90s r1: tc=26.069
[09:32:24] uai_CSP_11 a038 90s r2: tc=26.138
[09:32:25] uai_CSP_11 a038 90s r3: tc=26.115
[09:33:51] uai_CSP_11 a038 90s r4: tc=26.294
[09:33:53] uai_CSP_11 a050 90s r0: tc=25.936
[09:35:19] uai_CSP_11 a050 90s r1: tc=25.921
[09:35:20] uai_CSP_11 a050 90s r2: tc=25.922
[09:36:46] uai_CSP_11 a050 90s r3: tc=25.927
[09:36:47] uai_CSP_11 a050 90s r4: tc=25.936
[09:38:14] uai_CSP_11 a054 90s r0: tc=26.170
[09:38:15] uai_CSP_11 a054 90s r1: tc=26.191
[09:39:41] uai_CSP_11 a054 90s r2: tc=26.219
[09:39:42] uai_CSP_11 a054 90s r3: tc=26.161
[09:41:08] uai_CSP_11 a054 90s r4: tc=26.176
[09:41:08] uai_Grids_15 ref 90s r0: tc=26.247
[09:41:40] uai_Grids_15 ref 90s r1: tc=26.350
[09:42:07] uai_Grids_15 ref 90s r2: tc=26.358
[09:42:37] uai_Grids_15 ref 90s r3: tc=26.197
[09:43:02] uai_Grids_15 ref 90s r4: tc=26.180
[09:44:05] uai_Grids_15 a038 90s r0: tc=26.698
[09:44:29] uai_Grids_15 a038 90s r1: tc=27.045
[09:45:32] uai_Grids_15 a038 90s r2: tc=26.802
[09:45:57] uai_Grids_15 a038 90s r3: tc=26.857
[09:47:00] uai_Grids_15 a038 90s r4: tc=26.372
[09:47:25] uai_Grids_15 a050 90s r0: tc=26.316
[09:48:27] uai_Grids_15 a050 90s r1: tc=26.239
[09:48:52] uai_Grids_15 a050 90s r2: tc=26.182
[09:49:55] uai_Grids_15 a050 90s r3: tc=26.289
[09:50:20] uai_Grids_15 a050 90s r4: tc=26.397
[09:51:23] uai_Grids_15 a054 90s r0: tc=26.235
[09:51:47] uai_Grids_15 a054 90s r1: tc=26.276
[09:52:50] uai_Grids_15 a054 90s r2: tc=26.431
[09:53:15] uai_Grids_15 a054 90s r3: tc=26.202
[09:54:18] uai_Grids_15 a054 90s r4: tc=26.382
[09:54:18] uai_Promedus_14 ref 90s r0: tc=23.311
[09:55:20] uai_Promedus_14 ref 90s r1: tc=23.310
[09:55:20] uai_Promedus_14 ref 90s r2: tc=23.314
[09:56:22] uai_Promedus_14 ref 90s r3: tc=23.327
[09:56:22] uai_Promedus_14 ref 90s r4: tc=23.345
[09:57:45] uai_Promedus_14 a038 90s r0: tc=23.346
[09:57:45] uai_Promedus_14 a038 90s r1: tc=23.319
[09:59:07] uai_Promedus_14 a038 90s r2: tc=23.328
[09:59:07] uai_Promedus_14 a038 90s r3: tc=23.410
[10:00:30] uai_Promedus_14 a038 90s r4: tc=23.326
[10:00:35] uai_Promedus_14 a050 90s r0: tc=23.301
[10:01:58] uai_Promedus_14 a050 90s r1: tc=23.301
[10:02:02] uai_Promedus_14 a050 90s r2: tc=23.301
[10:03:25] uai_Promedus_14 a050 90s r3: tc=23.302
[10:03:30] uai_Promedus_14 a050 90s r4: tc=23.301
[10:04:52] uai_Promedus_14 a054 90s r0: tc=23.301
[10:04:57] uai_Promedus_14 a054 90s r1: tc=23.301
[10:06:20] uai_Promedus_14 a054 90s r2: tc=23.301
[10:06:25] uai_Promedus_14 a054 90s r3: tc=23.301
[10:07:47] uai_Promedus_14 a054 90s r4: tc=23.301
UAI-CAMPAIGN-COMPLETE
