probe: instance=uai_linkage_17 n_orig=2136 n=458 fusible=0.7856 nlabels=383 t=10ms
seed_greedy tc=41.1313 t=535ms
t=598ms iter=1 WAIST cost=31.5850 best_alt=18.0000 gap=13.5850 tried=5 sep_labels=18 clique_frac=0.01
t=783ms iter=1 REBUILD ACCEPT new_tc=26.0914 (was 33.9073)
t=956ms iter=1 incumb=26.0914 ratchet=25.4574 best=25.4494 since_improve=0
t=960ms iter=2 WAIST cost=20.0000 best_alt=18.0000 gap=2.0000 tried=5 sep_labels=18 clique_frac=0.02
t=1095ms iter=2 REBUILD reject new_tc=25.5388 (was 25.4574)
t=1264ms iter=2 incumb=25.4574 ratchet=25.4388 best=25.4388 since_improve=0
t=1272ms iter=3 WAIST cost=21.0000 best_alt=18.0000 gap=3.0000 tried=5 sep_labels=18 clique_frac=0.01
t=1375ms iter=3 REBUILD reject new_tc=28.1564 (was 25.4388)
t=1462ms iter=3 incumb=25.4388 ratchet=25.4784 best=25.4388 since_improve=1
t=1469ms iter=4 WAIST cost=21.0000 best_alt=18.0000 gap=3.0000 tried=5 sep_labels=18 clique_frac=0.01
t=1574ms iter=4 REBUILD reject new_tc=26.0707 (was 25.4388)
t=1737ms iter=4 incumb=25.4388 ratchet=25.4351 best=25.4198 since_improve=0
t=1742ms iter=5 WAIST cost=20.0000 best_alt=17.0000 gap=3.0000 tried=5 sep_labels=17 clique_frac=0.01
t=1876ms iter=5 REBUILD reject new_tc=30.5174 (was 25.4351)
t=1965ms iter=5 incumb=25.4351 ratchet=25.4234 best=25.4198 since_improve=0
t=1973ms iter=6 WAIST cost=21.0000 best_alt=17.5850 gap=3.4150 tried=5 sep_labels=17 clique_frac=0.03
t=2107ms iter=6 REBUILD reject new_tc=25.6142 (was 25.4234)
t=2193ms iter=6 incumb=25.4234 ratchet=25.4427 best=25.4198 since_improve=1
t=2199ms iter=7 WAIST cost=21.0000 best_alt=17.5850 gap=3.4150 tried=5 sep_labels=17 clique_frac=0.03
t=2352ms iter=7 REBUILD reject new_tc=26.1897 (was 25.4234)
t=2445ms iter=7 incumb=25.4234 ratchet=25.4441 best=25.4198 since_improve=2
t=2450ms iter=8 WAIST cost=21.0000 best_alt=17.5850 gap=3.4150 tried=5 sep_labels=17 clique_frac=0.03
t=2588ms iter=8 REBUILD reject new_tc=33.3005 (was 25.4234)
t=2676ms iter=8 incumb=25.4234 ratchet=25.4651 best=25.4198 since_improve=3
t=2681ms iter=9 WAIST cost=21.0000 best_alt=17.5850 gap=3.4150 tried=5 sep_labels=17 clique_frac=0.03
t=2804ms iter=9 REBUILD reject new_tc=33.7751 (was 25.4234)
t=2892ms iter=9 incumb=25.4234 ratchet=25.4397 best=25.4198 since_improve=4
t=2897ms iter=10 WAIST cost=21.0000 best_alt=17.5850 gap=3.4150 tried=5 sep_labels=17 clique_frac=0.03
t=3054ms iter=10 REBUILD reject new_tc=25.5535 (was 25.4234)
t=3140ms iter=10 incumb=25.4234 ratchet=25.4428 best=25.4198 since_improve=5
t=3145ms iter=11 WAIST cost=21.0000 best_alt=17.5850 gap=3.4150 tried=5 sep_labels=17 clique_frac=0.03
t=3280ms iter=11 REBUILD reject new_tc=25.8925 (was 25.4234)
t=3447ms iter=11 incumb=25.4234 ratchet=25.4131 best=25.4066 since_improve=0
t=3452ms iter=12 WAIST cost=20.0000 best_alt=18.0000 gap=2.0000 tried=5 sep_labels=18 clique_frac=0.01
t=3607ms iter=12 REBUILD reject new_tc=25.8882 (was 25.4131)
t=3693ms iter=12 incumb=25.4131 ratchet=25.4192 best=25.4066 since_improve=1
t=3698ms iter=13 WAIST cost=20.0000 best_alt=17.0000 gap=3.0000 tried=5 sep_labels=17 clique_frac=0.02
t=3846ms iter=13 REBUILD reject new_tc=25.5416 (was 25.4131)
t=3931ms iter=13 incumb=25.4131 ratchet=25.4734 best=25.4066 since_improve=2
t=3937ms iter=14 WAIST cost=20.0000 best_alt=17.0000 gap=3.0000 tried=5 sep_labels=17 clique_frac=0.04
t=4071ms iter=14 REBUILD reject new_tc=30.7783 (was 25.4131)
t=4159ms iter=14 incumb=25.4131 ratchet=25.4121 best=25.4066 since_improve=0
t=4165ms iter=15 WAIST cost=20.0000 best_alt=18.0000 gap=2.0000 tried=5 sep_labels=18 clique_frac=0.01
t=4321ms iter=15 REBUILD reject new_tc=26.0715 (was 25.4121)
t=4417ms iter=15 incumb=25.4121 ratchet=25.4264 best=25.4066 since_improve=1
t=4426ms iter=16 WAIST cost=20.0000 best_alt=18.0000 gap=2.0000 tried=5 sep_labels=18 clique_frac=0.01
t=4576ms iter=16 REBUILD reject new_tc=29.7382 (was 25.4121)
t=4664ms iter=16 incumb=25.4121 ratchet=25.4458 best=25.4066 since_improve=2
t=4669ms iter=17 WAIST cost=20.0000 best_alt=18.0000 gap=2.0000 tried=5 sep_labels=18 clique_frac=0.01
t=4804ms iter=17 REBUILD reject new_tc=26.1978 (was 25.4121)
t=4893ms iter=17 incumb=25.4121 ratchet=25.4587 best=25.4066 since_improve=3
t=4899ms iter=18 WAIST cost=20.0000 best_alt=18.0000 gap=2.0000 tried=5 sep_labels=18 clique_frac=0.01
t=5066ms iter=18 REBUILD reject new_tc=30.8103 (was 25.4121)
t=5155ms iter=18 incumb=25.4121 ratchet=26.0197 best=25.4066 since_improve=4
t=5160ms iter=19 WAIST cost=20.0000 best_alt=18.0000 gap=2.0000 tried=5 sep_labels=18 clique_frac=0.01
t=5301ms iter=19 REBUILD reject new_tc=26.2292 (was 25.4121)
t=5389ms iter=19 incumb=25.4121 ratchet=25.4153 best=25.4066 since_improve=5
t=5395ms iter=20 WAIST cost=20.0000 best_alt=18.0000 gap=2.0000 tried=5 sep_labels=18 clique_frac=0.01
t=5533ms iter=20 REBUILD reject new_tc=25.8517 (was 25.4121)
t=5629ms iter=20 incumb=25.4121 ratchet=25.4408 best=25.4066 since_improve=6
t=5635ms iter=21 WAIST cost=20.0000 best_alt=16.0000 gap=4.0000 tried=5 sep_labels=16 clique_frac=0.01
t=5773ms iter=21 REBUILD reject new_tc=25.9631 (was 25.4121)
t=5858ms iter=21 incumb=25.4121 ratchet=25.4499 best=25.4066 since_improve=7
t=5864ms iter=22 WAIST cost=20.0000 best_alt=13.0000 gap=7.0000 tried=5 sep_labels=13 clique_frac=0.05
t=6005ms iter=22 REBUILD reject new_tc=29.5859 (was 25.4121)
t=6091ms iter=22 incumb=25.4121 ratchet=25.4574 best=25.4066 since_improve=8
t=6095ms iter=23 WAIST cost=20.0000 best_alt=18.0000 gap=2.0000 tried=5 sep_labels=18 clique_frac=0.01
t=6253ms iter=23 REBUILD reject new_tc=25.5693 (was 25.4121)
t=6342ms iter=23 incumb=25.4121 ratchet=25.4943 best=25.4066 since_improve=9
t=6348ms iter=24 WAIST cost=20.0000 best_alt=18.0000 gap=2.0000 tried=5 sep_labels=18 clique_frac=0.01
t=6512ms iter=24 REBUILD reject new_tc=35.3034 (was 25.4121)
t=6601ms iter=24 incumb=25.4121 ratchet=25.4681 best=25.4066 since_improve=10
t=6606ms iter=25 WAIST cost=20.0000 best_alt=18.0000 gap=2.0000 tried=5 sep_labels=18 clique_frac=0.01
t=6761ms iter=25 REBUILD reject new_tc=25.5015 (was 25.4121)
t=6851ms iter=25 incumb=25.4121 ratchet=25.4554 best=25.4066 since_improve=11
t=6856ms iter=26 WAIST cost=20.0000 best_alt=18.0000 gap=2.0000 tried=5 sep_labels=18 clique_frac=0.01
t=7009ms iter=26 REBUILD reject new_tc=26.1816 (was 25.4121)
t=7100ms iter=26 incumb=25.4121 ratchet=25.5319 best=25.4066 since_improve=12
t=7106ms iter=27 WAIST cost=20.0000 best_alt=12.0000 gap=8.0000 tried=5 sep_labels=12 clique_frac=0.06
t=7244ms iter=27 REBUILD reject new_tc=26.9646 (was 25.4121)
t=7333ms iter=27 incumb=25.4121 ratchet=25.5119 best=25.4066 since_improve=13
t=7338ms iter=28 WAIST cost=20.0000 best_alt=17.5850 gap=2.4150 tried=5 sep_labels=17 clique_frac=0.04
t=7477ms iter=28 REBUILD reject new_tc=28.7428 (was 25.4121)
t=7563ms iter=28 incumb=25.4121 ratchet=25.4715 best=25.4066 since_improve=14
t=7567ms iter=29 WAIST cost=20.0000 best_alt=18.0000 gap=2.0000 tried=5 sep_labels=18 clique_frac=0.01
t=7723ms iter=29 REBUILD reject new_tc=25.9805 (was 25.4121)
t=7809ms iter=29 incumb=25.4121 ratchet=25.4536 best=25.4066 since_improve=15
t=7813ms iter=30 WAIST cost=20.0000 best_alt=18.0000 gap=2.0000 tried=5 sep_labels=18 clique_frac=0.01
t=7946ms iter=30 REBUILD reject new_tc=25.9295 (was 25.4121)
t=8033ms iter=30 incumb=25.4121 ratchet=25.4491 best=25.4066 since_improve=16
t=8037ms iter=31 WAIST cost=20.0000 best_alt=13.0000 gap=7.0000 tried=5 sep_labels=13 clique_frac=0.04
t=8180ms iter=31 REBUILD reject new_tc=26.8657 (was 25.4121)
t=8265ms iter=31 incumb=25.4121 ratchet=25.4534 best=25.4066 since_improve=17
t=8272ms iter=32 WAIST cost=20.0000 best_alt=12.0000 gap=8.0000 tried=5 sep_labels=12 clique_frac=0.06
t=8410ms iter=32 REBUILD reject new_tc=26.7067 (was 25.4121)
t=8496ms iter=32 incumb=25.4121 ratchet=25.4307 best=25.4066 since_improve=18
t=8501ms iter=33 WAIST cost=20.0000 best_alt=13.5850 gap=6.4150 tried=5 sep_labels=13 clique_frac=0.01
t=8645ms iter=33 REBUILD reject new_tc=29.2083 (was 25.4121)
t=8734ms iter=33 incumb=25.4121 ratchet=25.4572 best=25.4066 since_improve=19
t=8739ms iter=34 WAIST cost=20.0000 best_alt=18.0000 gap=2.0000 tried=5 sep_labels=18 clique_frac=0.01
t=8880ms iter=34 REBUILD reject new_tc=26.0100 (was 25.4121)
t=8967ms iter=34 incumb=25.4121 ratchet=25.4609 best=25.4066 since_improve=20
t=8973ms iter=35 WAIST cost=20.0000 best_alt=16.0000 gap=4.0000 tried=5 sep_labels=16 clique_frac=0.02
t=9121ms iter=35 REBUILD reject new_tc=25.7668 (was 25.4121)
t=9209ms iter=35 incumb=25.4121 ratchet=25.4384 best=25.4066 since_improve=21
t=9215ms iter=36 WAIST cost=20.0000 best_alt=17.0000 gap=3.0000 tried=5 sep_labels=17 clique_frac=0.02
t=9364ms iter=36 REBUILD reject new_tc=25.7141 (was 25.4121)
t=9453ms iter=36 incumb=25.4121 ratchet=25.4825 best=25.4066 since_improve=22
t=9458ms iter=37 WAIST cost=20.0000 best_alt=18.0000 gap=2.0000 tried=5 sep_labels=18 clique_frac=0.01
t=9597ms iter=37 REBUILD reject new_tc=25.5697 (was 25.4121)
t=9684ms iter=37 incumb=25.4121 ratchet=25.6269 best=25.4066 since_improve=23
t=9686ms iter=38 WAIST cost=20.0000 best_alt=18.0000 gap=2.0000 tried=5 sep_labels=18 clique_frac=0.01
t=9823ms iter=38 REBUILD reject new_tc=25.9515 (was 25.4121)
t=9911ms iter=38 incumb=25.4121 ratchet=25.4527 best=25.4066 since_improve=24
t=9916ms iter=39 WAIST cost=20.0000 best_alt=18.0000 gap=2.0000 tried=5 sep_labels=18 clique_frac=0.01
t=10065ms iter=39 REBUILD reject new_tc=27.0706 (was 25.4121)
t=10151ms iter=39 incumb=25.4121 ratchet=25.4396 best=25.4066 since_improve=25
t=10158ms iter=40 WAIST cost=20.0000 best_alt=12.0000 gap=8.0000 tried=5 sep_labels=12 clique_frac=0.06
t=10295ms iter=40 REBUILD reject new_tc=27.1261 (was 25.4121)
t=10385ms iter=40 incumb=25.4121 ratchet=25.4615 best=25.4066 since_improve=26
t=10390ms iter=41 WAIST cost=20.0000 best_alt=18.0000 gap=2.0000 tried=5 sep_labels=18 clique_frac=0.01
t=10541ms iter=41 REBUILD reject new_tc=26.0150 (was 25.4121)
t=10707ms iter=41 incumb=25.4121 ratchet=25.4016 best=25.4016 since_improve=0
t=10716ms iter=42 WAIST cost=21.0000 best_alt=18.0000 gap=3.0000 tried=5 sep_labels=18 clique_frac=0.01
t=10834ms iter=42 REBUILD reject new_tc=28.7998 (was 25.4016)
t=10922ms iter=42 incumb=25.4016 ratchet=25.4548 best=25.4016 since_improve=1
t=10931ms iter=43 WAIST cost=21.0000 best_alt=18.0000 gap=3.0000 tried=5 sep_labels=18 clique_frac=0.01
t=11052ms iter=43 REBUILD reject new_tc=30.9784 (was 25.4016)
t=11137ms iter=43 incumb=25.4016 ratchet=25.4571 best=25.4016 since_improve=2
t=11148ms iter=44 WAIST cost=21.0000 best_alt=18.0000 gap=3.0000 tried=5 sep_labels=18 clique_frac=0.01
t=11264ms iter=44 REBUILD reject new_tc=32.0496 (was 25.4016)
t=11348ms iter=44 incumb=25.4016 ratchet=25.4326 best=25.4016 since_improve=3
t=11357ms iter=45 WAIST cost=21.0000 best_alt=18.0000 gap=3.0000 tried=5 sep_labels=18 clique_frac=0.01
t=11472ms iter=45 REBUILD reject new_tc=30.8604 (was 25.4016)
t=11561ms iter=45 incumb=25.4016 ratchet=25.5258 best=25.4016 since_improve=4
t=11571ms iter=46 WAIST cost=21.0000 best_alt=18.0000 gap=3.0000 tried=5 sep_labels=18 clique_frac=0.01
t=11692ms iter=46 REBUILD reject new_tc=33.2107 (was 25.4016)
t=11781ms iter=46 incumb=25.4016 ratchet=25.4529 best=25.4016 since_improve=5
t=11791ms iter=47 WAIST cost=21.0000 best_alt=18.0000 gap=3.0000 tried=5 sep_labels=18 clique_frac=0.01
t=11908ms iter=47 REBUILD reject new_tc=26.2219 (was 25.4016)
t=11995ms iter=47 incumb=25.4016 ratchet=25.4175 best=25.4016 since_improve=6
t=12005ms iter=48 WAIST cost=21.0000 best_alt=18.0000 gap=3.0000 tried=5 sep_labels=18 clique_frac=0.01
t=12128ms iter=48 REBUILD reject new_tc=28.3084 (was 25.4016)
t=12214ms iter=48 incumb=25.4016 ratchet=25.4365 best=25.4016 since_improve=7
t=12223ms iter=49 WAIST cost=21.0000 best_alt=18.0000 gap=3.0000 tried=5 sep_labels=18 clique_frac=0.01
t=12340ms iter=49 REBUILD reject new_tc=29.1693 (was 25.4016)
t=12427ms iter=49 incumb=25.4016 ratchet=25.5022 best=25.4016 since_improve=8
t=12435ms iter=50 WAIST cost=21.0000 best_alt=18.0000 gap=3.0000 tried=5 sep_labels=18 clique_frac=0.01
t=12555ms iter=50 REBUILD reject new_tc=31.5247 (was 25.4016)
t=12644ms iter=50 incumb=25.4016 ratchet=25.4704 best=25.4016 since_improve=9
t=12653ms iter=51 WAIST cost=21.0000 best_alt=18.0000 gap=3.0000 tried=5 sep_labels=18 clique_frac=0.01
t=12773ms iter=51 REBUILD reject new_tc=26.7395 (was 25.4016)
t=12861ms iter=51 incumb=25.4016 ratchet=25.4613 best=25.4016 since_improve=10
t=12871ms iter=52 WAIST cost=21.0000 best_alt=18.0000 gap=3.0000 tried=5 sep_labels=18 clique_frac=0.01
t=12989ms iter=52 REBUILD reject new_tc=25.5496 (was 25.4016)
t=13074ms iter=52 incumb=25.4016 ratchet=25.4234 best=25.4016 since_improve=11
t=13082ms iter=53 WAIST cost=21.0000 best_alt=18.0000 gap=3.0000 tried=5 sep_labels=18 clique_frac=0.01
t=13202ms iter=53 REBUILD reject new_tc=27.8223 (was 25.4016)
t=13290ms iter=53 incumb=25.4016 ratchet=25.4530 best=25.4016 since_improve=12
t=13300ms iter=54 WAIST cost=21.0000 best_alt=17.0000 gap=4.0000 tried=5 sep_labels=17 clique_frac=0.01
t=13425ms iter=54 REBUILD reject new_tc=26.4543 (was 25.4016)
t=13513ms iter=54 incumb=25.4016 ratchet=25.4801 best=25.4016 since_improve=13
t=13523ms iter=55 WAIST cost=21.0000 best_alt=18.0000 gap=3.0000 tried=5 sep_labels=18 clique_frac=0.01
t=13639ms iter=55 REBUILD reject new_tc=30.7729 (was 25.4016)
t=13724ms iter=55 incumb=25.4016 ratchet=25.4282 best=25.4016 since_improve=14
t=13733ms iter=56 WAIST cost=21.0000 best_alt=18.0000 gap=3.0000 tried=5 sep_labels=18 clique_frac=0.01
t=13849ms iter=56 REBUILD reject new_tc=34.8671 (was 25.4016)
t=13937ms iter=56 incumb=25.4016 ratchet=25.4389 best=25.4016 since_improve=15
t=13945ms iter=57 WAIST cost=21.0000 best_alt=18.0000 gap=3.0000 tried=5 sep_labels=18 clique_frac=0.01
t=14064ms iter=57 REBUILD reject new_tc=28.1194 (was 25.4016)
t=14153ms iter=57 incumb=25.4016 ratchet=25.5196 best=25.4016 since_improve=16
t=14165ms iter=58 WAIST cost=21.0000 best_alt=16.0000 gap=5.0000 tried=5 sep_labels=16 clique_frac=0.02
t=14280ms iter=58 REBUILD reject new_tc=33.3273 (was 25.4016)
t=14368ms iter=58 incumb=25.4016 ratchet=25.4905 best=25.4016 since_improve=17
t=14379ms iter=59 WAIST cost=21.0000 best_alt=18.0000 gap=3.0000 tried=5 sep_labels=18 clique_frac=0.01
t=14497ms iter=59 REBUILD reject new_tc=30.4482 (was 25.4016)
t=14582ms iter=59 incumb=25.4016 ratchet=25.4303 best=25.4016 since_improve=18
t=14591ms iter=60 WAIST cost=21.0000 best_alt=18.0000 gap=3.0000 tried=5 sep_labels=18 clique_frac=0.01
t=14707ms iter=60 REBUILD reject new_tc=28.4824 (was 25.4016)
t=14796ms iter=60 incumb=25.4016 ratchet=25.4125 best=25.4016 since_improve=19
t=14804ms iter=61 WAIST cost=21.0000 best_alt=18.0000 gap=3.0000 tried=5 sep_labels=18 clique_frac=0.01
t=14922ms iter=61 REBUILD reject new_tc=27.8194 (was 25.4016)
t=15009ms iter=61 incumb=25.4016 ratchet=25.4298 best=25.4016 since_improve=20
t=15017ms iter=62 WAIST cost=21.0000 best_alt=18.0000 gap=3.0000 tried=5 sep_labels=18 clique_frac=0.01
t=15132ms iter=62 REBUILD reject new_tc=34.9189 (was 25.4016)
t=15220ms iter=62 incumb=25.4016 ratchet=25.4817 best=25.4016 since_improve=21
t=15229ms iter=63 WAIST cost=21.0000 best_alt=18.0000 gap=3.0000 tried=5 sep_labels=18 clique_frac=0.01
t=15349ms iter=63 REBUILD reject new_tc=29.1768 (was 25.4016)
t=15437ms iter=63 incumb=25.4016 ratchet=25.4868 best=25.4016 since_improve=22
t=15447ms iter=64 WAIST cost=21.0000 best_alt=18.0000 gap=3.0000 tried=5 sep_labels=18 clique_frac=0.01
t=15561ms iter=64 REBUILD reject new_tc=30.9839 (was 25.4016)
t=15648ms iter=64 incumb=25.4016 ratchet=25.4614 best=25.4016 since_improve=23
t=15658ms iter=65 WAIST cost=21.0000 best_alt=18.0000 gap=3.0000 tried=5 sep_labels=18 clique_frac=0.01
t=15776ms iter=65 REBUILD reject new_tc=25.9265 (was 25.4016)
t=15862ms iter=65 incumb=25.4016 ratchet=25.4543 best=25.4016 since_improve=24
t=15871ms iter=66 WAIST cost=21.0000 best_alt=18.0000 gap=3.0000 tried=5 sep_labels=18 clique_frac=0.01
t=15991ms iter=66 REBUILD reject new_tc=29.4706 (was 25.4016)
t=16077ms iter=66 incumb=25.4016 ratchet=25.4788 best=25.4016 since_improve=25
t=16087ms iter=67 WAIST cost=21.0000 best_alt=18.0000 gap=3.0000 tried=5 sep_labels=18 clique_frac=0.01
t=16202ms iter=67 REBUILD reject new_tc=28.3741 (was 25.4016)
t=16289ms iter=67 incumb=25.4016 ratchet=25.4407 best=25.4016 since_improve=26
t=16299ms iter=68 WAIST cost=21.0000 best_alt=18.0000 gap=3.0000 tried=5 sep_labels=18 clique_frac=0.01
t=16421ms iter=68 REBUILD reject new_tc=29.8408 (was 25.4016)
t=16507ms iter=68 incumb=25.4016 ratchet=25.4732 best=25.4016 since_improve=27
t=16514ms iter=69 WAIST cost=21.0000 best_alt=18.0000 gap=3.0000 tried=5 sep_labels=18 clique_frac=0.01
t=16637ms iter=69 REBUILD reject new_tc=26.6607 (was 25.4016)
t=16723ms iter=69 incumb=25.4016 ratchet=25.4136 best=25.4016 since_improve=28
t=16733ms iter=70 WAIST cost=21.0000 best_alt=16.0000 gap=5.0000 tried=5 sep_labels=16 clique_frac=0.02
t=16851ms iter=70 REBUILD reject new_tc=38.8950 (was 25.4016)
t=16939ms iter=70 incumb=25.4016 ratchet=25.4493 best=25.4016 since_improve=29
t=16949ms iter=71 WAIST cost=21.0000 best_alt=18.0000 gap=3.0000 tried=5 sep_labels=18 clique_frac=0.01
t=17076ms iter=71 REBUILD reject new_tc=26.0594 (was 25.4016)
t=17164ms iter=71 incumb=25.4016 ratchet=25.4518 best=25.4016 since_improve=30
t=17172ms iter=72 WAIST cost=21.0000 best_alt=18.0000 gap=3.0000 tried=5 sep_labels=18 clique_frac=0.01
t=17287ms iter=72 REBUILD reject new_tc=30.0088 (was 25.4016)
t=17374ms iter=72 incumb=25.4016 ratchet=25.4116 best=25.4016 since_improve=31
t=17384ms iter=73 WAIST cost=21.0000 best_alt=18.0000 gap=3.0000 tried=5 sep_labels=18 clique_frac=0.01
t=17501ms iter=73 REBUILD reject new_tc=30.7600 (was 25.4016)
t=17587ms iter=73 incumb=25.4016 ratchet=25.4553 best=25.4016 since_improve=32
t=17596ms iter=74 WAIST cost=21.0000 best_alt=18.0000 gap=3.0000 tried=5 sep_labels=18 clique_frac=0.01
t=17720ms iter=74 REBUILD reject new_tc=29.2347 (was 25.4016)
t=17806ms iter=74 incumb=25.4016 ratchet=25.5407 best=25.4016 since_improve=33
t=17817ms iter=75 WAIST cost=21.0000 best_alt=18.0000 gap=3.0000 tried=5 sep_labels=18 clique_frac=0.01
t=17932ms iter=75 REBUILD reject new_tc=29.2013 (was 25.4016)
t=18018ms iter=75 incumb=25.4016 ratchet=25.4913 best=25.4016 since_improve=34
t=18027ms iter=76 WAIST cost=21.0000 best_alt=18.0000 gap=3.0000 tried=5 sep_labels=18 clique_frac=0.01
t=18152ms iter=76 REBUILD reject new_tc=33.0236 (was 25.4016)
t=18242ms iter=76 incumb=25.4016 ratchet=25.4908 best=25.4016 since_improve=35
t=18251ms iter=77 WAIST cost=21.0000 best_alt=18.0000 gap=3.0000 tried=5 sep_labels=18 clique_frac=0.01
t=18362ms iter=77 REBUILD reject new_tc=28.0871 (was 25.4016)
t=18452ms iter=77 incumb=25.4016 ratchet=25.4334 best=25.4016 since_improve=36
t=18462ms iter=78 WAIST cost=21.0000 best_alt=18.0000 gap=3.0000 tried=5 sep_labels=18 clique_frac=0.01
t=18584ms iter=78 REBUILD reject new_tc=29.5036 (was 25.4016)
t=18670ms iter=78 incumb=25.4016 ratchet=25.4468 best=25.4016 since_improve=37
t=18678ms iter=79 WAIST cost=21.0000 best_alt=18.0000 gap=3.0000 tried=5 sep_labels=18 clique_frac=0.01
t=18795ms iter=79 REBUILD reject new_tc=29.2949 (was 25.4016)
t=18966ms iter=79 incumb=25.4016 ratchet=25.4005 best=25.4005 since_improve=0
t=18973ms iter=80 WAIST cost=21.0000 best_alt=17.5850 gap=3.4150 tried=5 sep_labels=17 clique_frac=0.03
t=19076ms iter=80 REBUILD reject new_tc=26.4332 (was 25.4005)
t=19164ms iter=80 incumb=25.4005 ratchet=25.4629 best=25.4005 since_improve=1
t=19169ms iter=81 WAIST cost=21.0000 best_alt=17.5850 gap=3.4150 tried=5 sep_labels=17 clique_frac=0.03
t=19280ms iter=81 REBUILD reject new_tc=32.2954 (was 25.4005)
t=19368ms iter=81 incumb=25.4005 ratchet=25.4240 best=25.4005 since_improve=2
t=19374ms iter=82 WAIST cost=21.0000 best_alt=17.5850 gap=3.4150 tried=5 sep_labels=17 clique_frac=0.03
t=19481ms iter=82 REBUILD reject new_tc=25.6334 (was 25.4005)
t=19570ms iter=82 incumb=25.4005 ratchet=25.4366 best=25.4005 since_improve=3
t=19576ms iter=83 WAIST cost=21.0000 best_alt=17.5850 gap=3.4150 tried=5 sep_labels=17 clique_frac=0.03
t=19690ms iter=83 REBUILD reject new_tc=26.4589 (was 25.4005)
t=19776ms iter=83 incumb=25.4005 ratchet=25.4342 best=25.4005 since_improve=4
t=19782ms iter=84 WAIST cost=21.0000 best_alt=17.5850 gap=3.4150 tried=5 sep_labels=17 clique_frac=0.03
t=19903ms iter=84 REBUILD reject new_tc=33.7250 (was 25.4005)
t=19989ms iter=84 incumb=25.4005 ratchet=25.4734 best=25.4005 since_improve=5
t=19994ms iter=85 WAIST cost=21.0000 best_alt=17.5850 gap=3.4150 tried=5 sep_labels=17 clique_frac=0.03
t=20125ms iter=85 REBUILD reject new_tc=25.6283 (was 25.4005)
t=20214ms iter=85 incumb=25.4005 ratchet=25.4393 best=25.4005 since_improve=6
t=20221ms iter=86 WAIST cost=21.0000 best_alt=17.5850 gap=3.4150 tried=5 sep_labels=17 clique_frac=0.03
t=20357ms iter=86 REBUILD reject new_tc=25.5179 (was 25.4005)
t=20443ms iter=86 incumb=25.4005 ratchet=25.4226 best=25.4005 since_improve=7
t=20451ms iter=87 WAIST cost=21.0000 best_alt=17.5850 gap=3.4150 tried=5 sep_labels=17 clique_frac=0.03
t=20572ms iter=87 REBUILD reject new_tc=33.3431 (was 25.4005)
t=20657ms iter=87 incumb=25.4005 ratchet=25.4036 best=25.4005 since_improve=8
t=20664ms iter=88 WAIST cost=21.0000 best_alt=17.5850 gap=3.4150 tried=5 sep_labels=17 clique_frac=0.03
t=20781ms iter=88 REBUILD reject new_tc=28.0671 (was 25.4005)
t=20868ms iter=88 incumb=25.4005 ratchet=25.4474 best=25.4005 since_improve=9
t=20876ms iter=89 WAIST cost=21.0000 best_alt=17.5850 gap=3.4150 tried=5 sep_labels=17 clique_frac=0.03
t=21048ms iter=89 REBUILD reject new_tc=26.5736 (was 25.4005)
t=21135ms iter=89 incumb=25.4005 ratchet=25.4176 best=25.4005 since_improve=10
t=21142ms iter=90 WAIST cost=21.0000 best_alt=15.0000 gap=6.0000 tried=5 sep_labels=15 clique_frac=0.01
t=21274ms iter=90 REBUILD reject new_tc=26.0878 (was 25.4005)
t=21361ms iter=90 incumb=25.4005 ratchet=25.4302 best=25.4005 since_improve=11
t=21368ms iter=91 WAIST cost=21.0000 best_alt=17.5850 gap=3.4150 tried=5 sep_labels=17 clique_frac=0.03
t=21465ms iter=91 REBUILD reject new_tc=25.6292 (was 25.4005)
t=21542ms iter=91 incumb=25.4005 ratchet=25.4679 best=25.4005 since_improve=12
t=21546ms iter=92 WAIST cost=21.0000 best_alt=17.5850 gap=3.4150 tried=5 sep_labels=17 clique_frac=0.03
t=21655ms iter=92 REBUILD reject new_tc=27.9079 (was 25.4005)
t=21745ms iter=92 incumb=25.4005 ratchet=25.4671 best=25.4005 since_improve=13
t=21754ms iter=93 WAIST cost=21.0000 best_alt=17.5850 gap=3.4150 tried=5 sep_labels=17 clique_frac=0.03
t=21859ms iter=93 REBUILD reject new_tc=33.1522 (was 25.4005)
t=21950ms iter=93 incumb=25.4005 ratchet=25.4586 best=25.4005 since_improve=14
t=21956ms iter=94 WAIST cost=21.0000 best_alt=17.5850 gap=3.4150 tried=5 sep_labels=17 clique_frac=0.03
t=22071ms iter=94 REBUILD reject new_tc=32.4397 (was 25.4005)
t=22162ms iter=94 incumb=25.4005 ratchet=25.4318 best=25.4005 since_improve=15
t=22168ms iter=95 WAIST cost=21.0000 best_alt=16.0000 gap=5.0000 tried=5 sep_labels=16 clique_frac=0.03
t=22292ms iter=95 REBUILD reject new_tc=33.7925 (was 25.4005)
t=22383ms iter=95 incumb=25.4005 ratchet=25.9972 best=25.4005 since_improve=16
t=22389ms iter=96 WAIST cost=21.0000 best_alt=17.5850 gap=3.4150 tried=5 sep_labels=17 clique_frac=0.03
t=22510ms iter=96 REBUILD reject new_tc=26.1614 (was 25.4005)
t=22599ms iter=96 incumb=25.4005 ratchet=26.5269 best=25.4005 since_improve=17
t=22606ms iter=97 WAIST cost=21.0000 best_alt=17.5850 gap=3.4150 tried=5 sep_labels=17 clique_frac=0.03
t=22711ms iter=97 REBUILD reject new_tc=28.4492 (was 25.4005)
t=22800ms iter=97 incumb=25.4005 ratchet=25.4371 best=25.4005 since_improve=18
t=22806ms iter=98 WAIST cost=21.0000 best_alt=17.5850 gap=3.4150 tried=5 sep_labels=17 clique_frac=0.03
t=22910ms iter=98 REBUILD reject new_tc=33.6371 (was 25.4005)
t=22996ms iter=98 incumb=25.4005 ratchet=25.4753 best=25.4005 since_improve=19
t=23005ms iter=99 WAIST cost=21.0000 best_alt=16.0000 gap=5.0000 tried=5 sep_labels=16 clique_frac=0.01
t=23115ms iter=99 REBUILD reject new_tc=26.8421 (was 25.4005)
t=23203ms iter=99 incumb=25.4005 ratchet=25.4168 best=25.4005 since_improve=20
t=23208ms iter=100 WAIST cost=21.0000 best_alt=17.5850 gap=3.4150 tried=5 sep_labels=17 clique_frac=0.03
t=23321ms iter=100 REBUILD reject new_tc=27.1630 (was 25.4005)
t=23412ms iter=100 incumb=25.4005 ratchet=25.4403 best=25.4005 since_improve=21
t=23419ms iter=101 WAIST cost=21.0000 best_alt=17.5850 gap=3.4150 tried=5 sep_labels=17 clique_frac=0.03
t=23538ms iter=101 REBUILD reject new_tc=26.2424 (was 25.4005)
t=23627ms iter=101 incumb=25.4005 ratchet=25.4800 best=25.4005 since_improve=22
t=23634ms iter=102 WAIST cost=21.0000 best_alt=17.5850 gap=3.4150 tried=5 sep_labels=17 clique_frac=0.03
t=23758ms iter=102 REBUILD reject new_tc=32.6154 (was 25.4005)
t=23847ms iter=102 incumb=25.4005 ratchet=25.4178 best=25.4005 since_improve=23
t=23854ms iter=103 WAIST cost=21.0000 best_alt=17.5850 gap=3.4150 tried=5 sep_labels=17 clique_frac=0.03
t=23966ms iter=103 REBUILD reject new_tc=26.3900 (was 25.4005)
t=24057ms iter=103 incumb=25.4005 ratchet=25.4315 best=25.4005 since_improve=24
t=24064ms iter=104 WAIST cost=21.0000 best_alt=17.5850 gap=3.4150 tried=5 sep_labels=17 clique_frac=0.03
t=24168ms iter=104 REBUILD reject new_tc=34.2868 (was 25.4005)
t=24255ms iter=104 incumb=25.4005 ratchet=25.4575 best=25.4005 since_improve=25
t=24262ms iter=105 WAIST cost=21.0000 best_alt=17.5850 gap=3.4150 tried=5 sep_labels=17 clique_frac=0.03
t=24374ms iter=105 REBUILD reject new_tc=25.5380 (was 25.4005)
t=24465ms iter=105 incumb=25.4005 ratchet=25.4465 best=25.4005 since_improve=26
t=24473ms iter=106 WAIST cost=21.0000 best_alt=17.5850 gap=3.4150 tried=5 sep_labels=17 clique_frac=0.03
t=24588ms iter=106 REBUILD reject new_tc=27.4023 (was 25.4005)
t=24677ms iter=106 incumb=25.4005 ratchet=25.4731 best=25.4005 since_improve=27
t=24683ms iter=107 WAIST cost=21.0000 best_alt=17.5850 gap=3.4150 tried=5 sep_labels=17 clique_frac=0.03
t=24798ms iter=107 REBUILD reject new_tc=25.9132 (was 25.4005)
t=24890ms iter=107 incumb=25.4005 ratchet=25.4683 best=25.4005 since_improve=28
t=24895ms iter=108 WAIST cost=21.0000 best_alt=17.5850 gap=3.4150 tried=5 sep_labels=17 clique_frac=0.03
t=25002ms iter=108 REBUILD reject new_tc=25.7046 (was 25.4005)
t=25092ms iter=108 incumb=25.4005 ratchet=25.4697 best=25.4005 since_improve=29
t=25099ms iter=109 WAIST cost=21.0000 best_alt=17.5850 gap=3.4150 tried=5 sep_labels=17 clique_frac=0.03
t=25209ms iter=109 REBUILD reject new_tc=25.8018 (was 25.4005)
t=25300ms iter=109 incumb=25.4005 ratchet=25.5178 best=25.4005 since_improve=30
t=25308ms iter=110 WAIST cost=21.0000 best_alt=17.5850 gap=3.4150 tried=5 sep_labels=17 clique_frac=0.03
t=25422ms iter=110 REBUILD reject new_tc=29.1987 (was 25.4005)
t=25513ms iter=110 incumb=25.4005 ratchet=25.5408 best=25.4005 since_improve=31
t=25519ms iter=111 WAIST cost=21.0000 best_alt=17.5850 gap=3.4150 tried=5 sep_labels=17 clique_frac=0.03
t=25630ms iter=111 REBUILD reject new_tc=26.1726 (was 25.4005)
t=25720ms iter=111 incumb=25.4005 ratchet=25.8136 best=25.4005 since_improve=32
t=25727ms iter=112 WAIST cost=21.0000 best_alt=17.5850 gap=3.4150 tried=5 sep_labels=17 clique_frac=0.03
t=25868ms iter=112 REBUILD reject new_tc=25.8104 (was 25.4005)
t=25957ms iter=112 incumb=25.4005 ratchet=25.4536 best=25.4005 since_improve=33
t=25964ms iter=113 WAIST cost=21.0000 best_alt=17.5850 gap=3.4150 tried=5 sep_labels=17 clique_frac=0.03
t=26068ms iter=113 REBUILD reject new_tc=33.0793 (was 25.4005)
t=26154ms iter=113 incumb=25.4005 ratchet=25.4296 best=25.4005 since_improve=34
t=26160ms iter=114 WAIST cost=21.0000 best_alt=17.5850 gap=3.4150 tried=5 sep_labels=17 clique_frac=0.03
t=26284ms iter=114 REBUILD reject new_tc=25.5138 (was 25.4005)
t=26373ms iter=114 incumb=25.4005 ratchet=25.4466 best=25.4005 since_improve=35
t=26379ms iter=115 WAIST cost=21.0000 best_alt=17.5850 gap=3.4150 tried=5 sep_labels=17 clique_frac=0.03
t=26494ms iter=115 REBUILD reject new_tc=32.7542 (was 25.4005)
t=26583ms iter=115 incumb=25.4005 ratchet=25.4284 best=25.4005 since_improve=36
t=26590ms iter=116 WAIST cost=21.0000 best_alt=17.5850 gap=3.4150 tried=5 sep_labels=17 clique_frac=0.03
t=26695ms iter=116 REBUILD reject new_tc=26.0235 (was 25.4005)
t=26784ms iter=116 incumb=25.4005 ratchet=25.4246 best=25.4005 since_improve=37
t=26793ms iter=117 WAIST cost=21.0000 best_alt=17.5850 gap=3.4150 tried=5 sep_labels=17 clique_frac=0.03
t=26907ms iter=117 REBUILD reject new_tc=25.8365 (was 25.4005)
t=26996ms iter=117 incumb=25.4005 ratchet=25.4404 best=25.4005 since_improve=38
t=27004ms iter=118 WAIST cost=21.0000 best_alt=16.0000 gap=5.0000 tried=5 sep_labels=16 clique_frac=0.03
t=27116ms iter=118 REBUILD reject new_tc=26.1750 (was 25.4005)
t=27204ms iter=118 incumb=25.4005 ratchet=25.4685 best=25.4005 since_improve=39
t=27212ms iter=119 WAIST cost=21.0000 best_alt=17.5850 gap=3.4150 tried=5 sep_labels=17 clique_frac=0.03
t=27350ms iter=119 REBUILD reject new_tc=26.6740 (was 25.4005)
t=27440ms iter=119 incumb=25.4005 ratchet=25.4212 best=25.4005 since_improve=40
t=27445ms iter=120 WAIST cost=21.0000 best_alt=17.5850 gap=3.4150 tried=5 sep_labels=17 clique_frac=0.03
t=27562ms iter=120 REBUILD reject new_tc=25.7076 (was 25.4005)
t=27651ms iter=120 incumb=25.4005 ratchet=25.4605 best=25.4005 since_improve=41
t=27660ms iter=121 WAIST cost=21.0000 best_alt=17.5850 gap=3.4150 tried=5 sep_labels=17 clique_frac=0.03
t=27771ms iter=121 REBUILD reject new_tc=26.1490 (was 25.4005)
t=27862ms iter=121 incumb=25.4005 ratchet=25.4536 best=25.4005 since_improve=42
t=27869ms iter=122 WAIST cost=21.0000 best_alt=17.5850 gap=3.4150 tried=5 sep_labels=17 clique_frac=0.03
t=28005ms iter=122 REBUILD reject new_tc=25.6344 (was 25.4005)
t=28096ms iter=122 incumb=25.4005 ratchet=25.4471 best=25.4005 since_improve=43
t=28102ms iter=123 WAIST cost=21.0000 best_alt=17.5850 gap=3.4150 tried=5 sep_labels=17 clique_frac=0.03
t=28213ms iter=123 REBUILD reject new_tc=29.6655 (was 25.4005)
t=28303ms iter=123 incumb=25.4005 ratchet=25.4855 best=25.4005 since_improve=44
t=28310ms iter=124 WAIST cost=21.0000 best_alt=17.5850 gap=3.4150 tried=5 sep_labels=17 clique_frac=0.03
t=28425ms iter=124 REBUILD reject new_tc=35.5902 (was 25.4005)
t=28514ms iter=124 incumb=25.4005 ratchet=25.4018 best=25.4005 since_improve=45
t=28521ms iter=125 WAIST cost=21.0000 best_alt=17.5850 gap=3.4150 tried=5 sep_labels=17 clique_frac=0.03
t=28632ms iter=125 REBUILD reject new_tc=25.9902 (was 25.4005)
t=28724ms iter=125 incumb=25.4005 ratchet=25.4323 best=25.4005 since_improve=46
t=28732ms iter=126 WAIST cost=21.0000 best_alt=15.0000 gap=6.0000 tried=5 sep_labels=15 clique_frac=0.01
t=28847ms iter=126 REBUILD reject new_tc=26.2149 (was 25.4005)
t=28936ms iter=126 incumb=25.4005 ratchet=25.4486 best=25.4005 since_improve=47
t=28942ms iter=127 WAIST cost=21.0000 best_alt=17.5850 gap=3.4150 tried=5 sep_labels=17 clique_frac=0.03
t=29058ms iter=127 REBUILD reject new_tc=30.2297 (was 25.4005)
t=29146ms iter=127 incumb=25.4005 ratchet=25.4272 best=25.4005 since_improve=48
t=29154ms iter=128 WAIST cost=21.0000 best_alt=16.0000 gap=5.0000 tried=5 sep_labels=16 clique_frac=0.02
t=29260ms iter=128 REBUILD reject new_tc=33.8214 (was 25.4005)
t=29347ms iter=128 incumb=25.4005 ratchet=25.4264 best=25.4005 since_improve=49
t=29354ms iter=129 WAIST cost=21.0000 best_alt=17.5850 gap=3.4150 tried=5 sep_labels=17 clique_frac=0.03
t=29462ms iter=129 REBUILD reject new_tc=26.0522 (was 25.4005)
t=29550ms iter=129 incumb=25.4005 ratchet=25.4454 best=25.4005 since_improve=50
t=29558ms iter=130 WAIST cost=21.0000 best_alt=17.5850 gap=3.4150 tried=5 sep_labels=17 clique_frac=0.03
t=29676ms iter=130 REBUILD reject new_tc=25.7781 (was 25.4005)
t=29765ms iter=130 incumb=25.4005 ratchet=25.4276 best=25.4005 since_improve=51
t=29774ms iter=131 WAIST cost=21.0000 best_alt=17.5850 gap=3.4150 tried=5 sep_labels=17 clique_frac=0.03
t=29880ms iter=131 REBUILD reject new_tc=29.8492 (was 25.4005)
t=29969ms iter=131 incumb=25.4005 ratchet=25.4189 best=25.4005 since_improve=52
t=29976ms iter=132 WAIST cost=21.0000 best_alt=17.5850 gap=3.4150 tried=5 sep_labels=17 clique_frac=0.03
t=30085ms iter=132 REBUILD reject new_tc=33.3208 (was 25.4005)
t=30264ms iter=132 incumb=25.4005 ratchet=25.3852 best=25.3852 since_improve=0
t=30271ms iter=133 WAIST cost=20.0000 best_alt=18.0000 gap=2.0000 tried=5 sep_labels=18 clique_frac=0.01
t=30392ms iter=133 REBUILD reject new_tc=26.8877 (was 25.3852)
t=30481ms iter=133 incumb=25.3852 ratchet=25.4526 best=25.3852 since_improve=1
t=30492ms iter=134 WAIST cost=20.0000 best_alt=18.0000 gap=2.0000 tried=5 sep_labels=18 clique_frac=0.01
t=30617ms iter=134 REBUILD reject new_tc=29.6525 (was 25.3852)
t=30708ms iter=134 incumb=25.3852 ratchet=25.4354 best=25.3852 since_improve=2
t=30716ms iter=135 WAIST cost=20.0000 best_alt=18.0000 gap=2.0000 tried=5 sep_labels=18 clique_frac=0.01
t=30832ms iter=135 REBUILD reject new_tc=33.1541 (was 25.3852)
t=30921ms iter=135 incumb=25.3852 ratchet=25.4361 best=25.3852 since_improve=3
t=30930ms iter=136 WAIST cost=20.0000 best_alt=16.0000 gap=4.0000 tried=5 sep_labels=16 clique_frac=0.03
t=31046ms iter=136 REBUILD reject new_tc=35.2247 (was 25.3852)
t=31213ms iter=136 incumb=25.3852 ratchet=25.3850 best=25.3850 since_improve=0
t=31222ms iter=137 WAIST cost=20.0000 best_alt=18.0000 gap=2.0000 tried=5 sep_labels=18 clique_frac=0.01
t=31348ms iter=137 REBUILD reject new_tc=28.1307 (was 25.3850)
t=31436ms iter=137 incumb=25.3850 ratchet=25.4757 best=25.3850 since_improve=1
t=31445ms iter=138 WAIST cost=20.0000 best_alt=18.0000 gap=2.0000 tried=5 sep_labels=18 clique_frac=0.01
t=31569ms iter=138 REBUILD reject new_tc=31.5719 (was 25.3850)
t=31660ms iter=138 incumb=25.3850 ratchet=25.4008 best=25.3850 since_improve=2
t=31669ms iter=139 WAIST cost=20.0000 best_alt=18.0000 gap=2.0000 tried=5 sep_labels=18 clique_frac=0.01
t=31792ms iter=139 REBUILD reject new_tc=33.1188 (was 25.3850)
t=31883ms iter=139 incumb=25.3850 ratchet=25.4306 best=25.3850 since_improve=3
t=31891ms iter=140 WAIST cost=20.0000 best_alt=16.0000 gap=4.0000 tried=5 sep_labels=16 clique_frac=0.03
t=32007ms iter=140 REBUILD reject new_tc=25.8730 (was 25.3850)
t=32096ms iter=140 incumb=25.3850 ratchet=25.3963 best=25.3850 since_improve=4
t=32105ms iter=141 WAIST cost=20.0000 best_alt=18.0000 gap=2.0000 tried=5 sep_labels=18 clique_frac=0.01
t=32227ms iter=141 REBUILD reject new_tc=25.4983 (was 25.3850)
t=32313ms iter=141 incumb=25.3850 ratchet=25.4087 best=25.3850 since_improve=5
t=32323ms iter=142 WAIST cost=20.0000 best_alt=18.0000 gap=2.0000 tried=5 sep_labels=18 clique_frac=0.01
t=32455ms iter=142 REBUILD reject new_tc=25.5008 (was 25.3850)
t=32546ms iter=142 incumb=25.3850 ratchet=25.4846 best=25.3850 since_improve=6
t=32555ms iter=143 WAIST cost=20.0000 best_alt=16.0000 gap=4.0000 tried=5 sep_labels=16 clique_frac=0.03
t=32674ms iter=143 REBUILD reject new_tc=35.2497 (was 25.3850)
t=32763ms iter=143 incumb=25.3850 ratchet=25.5086 best=25.3850 since_improve=7
t=32773ms iter=144 WAIST cost=20.0000 best_alt=18.0000 gap=2.0000 tried=5 sep_labels=18 clique_frac=0.01
t=32895ms iter=144 REBUILD reject new_tc=31.4906 (was 25.3850)
t=32985ms iter=144 incumb=25.3850 ratchet=25.4857 best=25.3850 since_improve=8
t=32997ms iter=145 WAIST cost=20.0000 best_alt=16.0000 gap=4.0000 tried=5 sep_labels=16 clique_frac=0.01
t=33109ms iter=145 REBUILD reject new_tc=25.5371 (was 25.3850)
t=33199ms iter=145 incumb=25.3850 ratchet=25.4505 best=25.3850 since_improve=9
t=33208ms iter=146 WAIST cost=20.0000 best_alt=18.0000 gap=2.0000 tried=5 sep_labels=18 clique_frac=0.01
t=33339ms iter=146 REBUILD reject new_tc=32.5510 (was 25.3850)
t=33428ms iter=146 incumb=25.3850 ratchet=25.4596 best=25.3850 since_improve=10
t=33438ms iter=147 WAIST cost=20.0000 best_alt=18.0000 gap=2.0000 tried=5 sep_labels=18 clique_frac=0.01
t=33566ms iter=147 REBUILD reject new_tc=27.9447 (was 25.3850)
t=33656ms iter=147 incumb=25.3850 ratchet=25.4659 best=25.3850 since_improve=11
t=33668ms iter=148 WAIST cost=20.0000 best_alt=18.0000 gap=2.0000 tried=5 sep_labels=18 clique_frac=0.01
t=33789ms iter=148 REBUILD reject new_tc=28.1965 (was 25.3850)
t=33882ms iter=148 incumb=25.3850 ratchet=25.4275 best=25.3850 since_improve=12
t=33891ms iter=149 WAIST cost=20.0000 best_alt=18.0000 gap=2.0000 tried=5 sep_labels=18 clique_frac=0.01
t=34015ms iter=149 REBUILD reject new_tc=33.5139 (was 25.3850)
t=34104ms iter=149 incumb=25.3850 ratchet=25.4308 best=25.3850 since_improve=13
t=34113ms iter=150 WAIST cost=20.0000 best_alt=18.0000 gap=2.0000 tried=5 sep_labels=18 clique_frac=0.01
t=34232ms iter=150 REBUILD reject new_tc=25.5250 (was 25.3850)
t=34322ms iter=150 incumb=25.3850 ratchet=25.4052 best=25.3850 since_improve=14
t=34333ms iter=151 WAIST cost=20.0000 best_alt=18.0000 gap=2.0000 tried=5 sep_labels=18 clique_frac=0.01
t=34455ms iter=151 REBUILD reject new_tc=25.9510 (was 25.3850)
t=34544ms iter=151 incumb=25.3850 ratchet=25.4382 best=25.3850 since_improve=15
t=34555ms iter=152 WAIST cost=20.0000 best_alt=18.0000 gap=2.0000 tried=5 sep_labels=18 clique_frac=0.01
t=34682ms iter=152 REBUILD reject new_tc=26.5706 (was 25.3850)
t=34768ms iter=152 incumb=25.3850 ratchet=25.4202 best=25.3850 since_improve=16
t=34776ms iter=153 WAIST cost=20.0000 best_alt=18.0000 gap=2.0000 tried=5 sep_labels=18 clique_frac=0.01
t=34896ms iter=153 REBUILD reject new_tc=32.8742 (was 25.3850)
t=34985ms iter=153 incumb=25.3850 ratchet=25.4116 best=25.3850 since_improve=17
t=34993ms iter=154 WAIST cost=20.0000 best_alt=18.0000 gap=2.0000 tried=5 sep_labels=18 clique_frac=0.01
t=35111ms iter=154 REBUILD reject new_tc=30.8968 (was 25.3850)
t=35199ms iter=154 incumb=25.3850 ratchet=25.5249 best=25.3850 since_improve=18
t=35210ms iter=155 WAIST cost=20.0000 best_alt=18.0000 gap=2.0000 tried=5 sep_labels=18 clique_frac=0.01
t=35334ms iter=155 REBUILD reject new_tc=28.8851 (was 25.3850)
t=35422ms iter=155 incumb=25.3850 ratchet=25.4075 best=25.3850 since_improve=19
t=35430ms iter=156 WAIST cost=20.0000 best_alt=18.0000 gap=2.0000 tried=5 sep_labels=18 clique_frac=0.01
t=35554ms iter=156 REBUILD reject new_tc=30.3813 (was 25.3850)
t=35643ms iter=156 incumb=25.3850 ratchet=25.5650 best=25.3850 since_improve=20
t=35651ms iter=157 WAIST cost=20.0000 best_alt=18.0000 gap=2.0000 tried=5 sep_labels=18 clique_frac=0.01
t=35767ms iter=157 REBUILD reject new_tc=26.1177 (was 25.3850)
t=35855ms iter=157 incumb=25.3850 ratchet=25.4559 best=25.3850 since_improve=21
t=35864ms iter=158 WAIST cost=20.0000 best_alt=18.0000 gap=2.0000 tried=5 sep_labels=18 clique_frac=0.01
t=35988ms iter=158 REBUILD reject new_tc=32.8874 (was 25.3850)
t=36077ms iter=158 incumb=25.3850 ratchet=25.4271 best=25.3850 since_improve=22
t=36088ms iter=159 WAIST cost=20.0000 best_alt=18.0000 gap=2.0000 tried=5 sep_labels=18 clique_frac=0.01
t=36216ms iter=159 REBUILD reject new_tc=27.1525 (was 25.3850)
t=36306ms iter=159 incumb=25.3850 ratchet=25.4203 best=25.3850 since_improve=23
t=36316ms iter=160 WAIST cost=20.0000 best_alt=18.0000 gap=2.0000 tried=5 sep_labels=18 clique_frac=0.01
t=36433ms iter=160 REBUILD reject new_tc=30.5910 (was 25.3850)
t=36522ms iter=160 incumb=25.3850 ratchet=25.4367 best=25.3850 since_improve=24
t=36530ms iter=161 WAIST cost=20.0000 best_alt=18.0000 gap=2.0000 tried=5 sep_labels=18 clique_frac=0.01
t=36651ms iter=161 REBUILD reject new_tc=28.0600 (was 25.3850)
t=36740ms iter=161 incumb=25.3850 ratchet=25.4399 best=25.3850 since_improve=25
t=36748ms iter=162 WAIST cost=20.0000 best_alt=18.0000 gap=2.0000 tried=5 sep_labels=18 clique_frac=0.01
t=36866ms iter=162 REBUILD reject new_tc=26.1331 (was 25.3850)
t=36957ms iter=162 incumb=25.3850 ratchet=25.4151 best=25.3850 since_improve=26
t=36965ms iter=163 WAIST cost=20.0000 best_alt=16.0000 gap=4.0000 tried=5 sep_labels=16 clique_frac=0.03
t=37080ms iter=163 REBUILD reject new_tc=26.0257 (was 25.3850)
t=37171ms iter=163 incumb=25.3850 ratchet=25.4015 best=25.3850 since_improve=27
t=37179ms iter=164 WAIST cost=20.0000 best_alt=18.0000 gap=2.0000 tried=5 sep_labels=18 clique_frac=0.01
t=37299ms iter=164 REBUILD reject new_tc=26.0453 (was 25.3850)
t=37389ms iter=164 incumb=25.3850 ratchet=25.4699 best=25.3850 since_improve=28
t=37398ms iter=165 WAIST cost=20.0000 best_alt=18.0000 gap=2.0000 tried=5 sep_labels=18 clique_frac=0.01
t=37516ms iter=165 REBUILD reject new_tc=31.2413 (was 25.3850)
t=37605ms iter=165 incumb=25.3850 ratchet=25.4613 best=25.3850 since_improve=29
t=37613ms iter=166 WAIST cost=20.0000 best_alt=18.0000 gap=2.0000 tried=5 sep_labels=18 clique_frac=0.01
t=37729ms iter=166 REBUILD reject new_tc=33.0706 (was 25.3850)
t=37816ms iter=166 incumb=25.3850 ratchet=25.3958 best=25.3850 since_improve=30
t=37826ms iter=167 WAIST cost=20.0000 best_alt=18.0000 gap=2.0000 tried=5 sep_labels=18 clique_frac=0.01
t=37941ms iter=167 REBUILD reject new_tc=26.2524 (was 25.3850)
t=38030ms iter=167 incumb=25.3850 ratchet=25.4417 best=25.3850 since_improve=31
t=38041ms iter=168 WAIST cost=20.0000 best_alt=18.0000 gap=2.0000 tried=5 sep_labels=18 clique_frac=0.01
t=38160ms iter=168 REBUILD reject new_tc=27.2477 (was 25.3850)
t=38247ms iter=168 incumb=25.3850 ratchet=25.4171 best=25.3850 since_improve=32
t=38255ms iter=169 WAIST cost=20.0000 best_alt=16.0000 gap=4.0000 tried=5 sep_labels=16 clique_frac=0.02
t=38375ms iter=169 REBUILD reject new_tc=34.8046 (was 25.3850)
t=38463ms iter=169 incumb=25.3850 ratchet=25.4472 best=25.3850 since_improve=33
t=38472ms iter=170 WAIST cost=20.0000 best_alt=18.0000 gap=2.0000 tried=5 sep_labels=18 clique_frac=0.01
t=38596ms iter=170 REBUILD reject new_tc=30.1039 (was 25.3850)
t=38688ms iter=170 incumb=25.3850 ratchet=25.4545 best=25.3850 since_improve=34
t=38696ms iter=171 WAIST cost=20.0000 best_alt=18.0000 gap=2.0000 tried=5 sep_labels=18 clique_frac=0.01
t=38812ms iter=171 REBUILD reject new_tc=26.8867 (was 25.3850)
t=38903ms iter=171 incumb=25.3850 ratchet=25.4920 best=25.3850 since_improve=35
t=38910ms iter=172 WAIST cost=20.0000 best_alt=18.0000 gap=2.0000 tried=5 sep_labels=18 clique_frac=0.01
t=39026ms iter=172 REBUILD reject new_tc=33.0227 (was 25.3850)
t=39118ms iter=172 incumb=25.3850 ratchet=25.4179 best=25.3850 since_improve=36
t=39128ms iter=173 WAIST cost=20.0000 best_alt=18.0000 gap=2.0000 tried=5 sep_labels=18 clique_frac=0.01
t=39251ms iter=173 REBUILD reject new_tc=25.9503 (was 25.3850)
t=39340ms iter=173 incumb=25.3850 ratchet=25.4039 best=25.3850 since_improve=37
t=39350ms iter=174 WAIST cost=20.0000 best_alt=18.0000 gap=2.0000 tried=5 sep_labels=18 clique_frac=0.01
t=39470ms iter=174 REBUILD reject new_tc=34.0182 (was 25.3850)
t=39559ms iter=174 incumb=25.3850 ratchet=25.4342 best=25.3850 since_improve=38
t=39568ms iter=175 WAIST cost=20.0000 best_alt=18.0000 gap=2.0000 tried=5 sep_labels=18 clique_frac=0.01
t=39691ms iter=175 REBUILD reject new_tc=32.9468 (was 25.3850)
t=39779ms iter=175 incumb=25.3850 ratchet=25.4433 best=25.3850 since_improve=39
t=39789ms iter=176 WAIST cost=20.0000 best_alt=18.0000 gap=2.0000 tried=5 sep_labels=18 clique_frac=0.01
t=39915ms iter=176 REBUILD reject new_tc=32.4777 (was 25.3850)
t=40002ms iter=176 incumb=25.3850 ratchet=25.4569 best=25.3850 since_improve=40
t=40009ms iter=177 WAIST cost=20.0000 best_alt=16.0000 gap=4.0000 tried=5 sep_labels=16 clique_frac=0.03
t=40120ms iter=177 REBUILD reject new_tc=32.9138 (was 25.3850)
t=40211ms iter=177 incumb=25.3850 ratchet=25.4537 best=25.3850 since_improve=41
t=40219ms iter=178 WAIST cost=20.0000 best_alt=18.0000 gap=2.0000 tried=5 sep_labels=18 clique_frac=0.01
t=40341ms iter=178 REBUILD reject new_tc=27.0537 (was 25.3850)
t=40431ms iter=178 incumb=25.3850 ratchet=25.4274 best=25.3850 since_improve=42
t=40439ms iter=179 WAIST cost=20.0000 best_alt=18.0000 gap=2.0000 tried=5 sep_labels=18 clique_frac=0.01
t=40550ms iter=179 REBUILD reject new_tc=31.6020 (was 25.3850)
t=40639ms iter=179 incumb=25.3850 ratchet=25.5101 best=25.3850 since_improve=43
t=40650ms iter=180 WAIST cost=20.0000 best_alt=18.0000 gap=2.0000 tried=5 sep_labels=18 clique_frac=0.01
t=40769ms iter=180 REBUILD reject new_tc=27.6862 (was 25.3850)
t=40856ms iter=180 incumb=25.3850 ratchet=25.4223 best=25.3850 since_improve=44
t=40866ms iter=181 WAIST cost=20.0000 best_alt=18.0000 gap=2.0000 tried=5 sep_labels=18 clique_frac=0.01
t=40989ms iter=181 REBUILD reject new_tc=25.5629 (was 25.3850)
t=41076ms iter=181 incumb=25.3850 ratchet=25.4574 best=25.3850 since_improve=45
t=41084ms iter=182 WAIST cost=20.0000 best_alt=18.0000 gap=2.0000 tried=5 sep_labels=18 clique_frac=0.01
t=41210ms iter=182 REBUILD reject new_tc=26.0298 (was 25.3850)
t=41300ms iter=182 incumb=25.3850 ratchet=25.4478 best=25.3850 since_improve=46
t=41310ms iter=183 WAIST cost=20.0000 best_alt=16.0000 gap=4.0000 tried=5 sep_labels=16 clique_frac=0.03
t=41423ms iter=183 REBUILD reject new_tc=32.2701 (was 25.3850)
t=41511ms iter=183 incumb=25.3850 ratchet=25.4658 best=25.3850 since_improve=47
t=41521ms iter=184 WAIST cost=20.0000 best_alt=18.0000 gap=2.0000 tried=5 sep_labels=18 clique_frac=0.01
t=41651ms iter=184 REBUILD reject new_tc=27.9599 (was 25.3850)
t=41740ms iter=184 incumb=25.3850 ratchet=25.4138 best=25.3850 since_improve=48
t=41748ms iter=185 WAIST cost=20.0000 best_alt=18.0000 gap=2.0000 tried=5 sep_labels=18 clique_frac=0.01
t=41877ms iter=185 REBUILD reject new_tc=30.8611 (was 25.3850)
t=41965ms iter=185 incumb=25.3850 ratchet=25.4084 best=25.3850 since_improve=49
t=41974ms iter=186 WAIST cost=20.0000 best_alt=17.0000 gap=3.0000 tried=5 sep_labels=17 clique_frac=0.01
t=42089ms iter=186 REBUILD reject new_tc=26.5743 (was 25.3850)
t=42178ms iter=186 incumb=25.3850 ratchet=25.4448 best=25.3850 since_improve=50
t=42189ms iter=187 WAIST cost=20.0000 best_alt=18.0000 gap=2.0000 tried=5 sep_labels=18 clique_frac=0.01
t=42308ms iter=187 REBUILD reject new_tc=26.1005 (was 25.3850)
t=42396ms iter=187 incumb=25.3850 ratchet=25.4250 best=25.3850 since_improve=51
t=42405ms iter=188 WAIST cost=20.0000 best_alt=17.0000 gap=3.0000 tried=5 sep_labels=17 clique_frac=0.03
t=42513ms iter=188 REBUILD reject new_tc=37.4242 (was 25.3850)
t=42604ms iter=188 incumb=25.3850 ratchet=25.5021 best=25.3850 since_improve=52
t=42614ms iter=189 WAIST cost=20.0000 best_alt=18.0000 gap=2.0000 tried=5 sep_labels=18 clique_frac=0.01
t=42738ms iter=189 REBUILD reject new_tc=25.5765 (was 25.3850)
t=42828ms iter=189 incumb=25.3850 ratchet=25.4494 best=25.3850 since_improve=53
t=42838ms iter=190 WAIST cost=20.0000 best_alt=18.0000 gap=2.0000 tried=5 sep_labels=18 clique_frac=0.01
t=42969ms iter=190 REBUILD reject new_tc=29.8331 (was 25.3850)
t=43062ms iter=190 incumb=25.3850 ratchet=25.4310 best=25.3850 since_improve=54
t=43074ms iter=191 WAIST cost=20.0000 best_alt=18.0000 gap=2.0000 tried=5 sep_labels=18 clique_frac=0.01
t=43202ms iter=191 REBUILD reject new_tc=33.8407 (was 25.3850)
t=43294ms iter=191 incumb=25.3850 ratchet=25.4459 best=25.3850 since_improve=55
t=43302ms iter=192 WAIST cost=20.0000 best_alt=18.0000 gap=2.0000 tried=5 sep_labels=18 clique_frac=0.01
t=43428ms iter=192 REBUILD reject new_tc=25.8971 (was 25.3850)
t=43517ms iter=192 incumb=25.3850 ratchet=25.4667 best=25.3850 since_improve=56
t=43527ms iter=193 WAIST cost=20.0000 best_alt=18.0000 gap=2.0000 tried=5 sep_labels=18 clique_frac=0.01
t=43647ms iter=193 REBUILD reject new_tc=26.8155 (was 25.3850)
t=43737ms iter=193 incumb=25.3850 ratchet=25.4082 best=25.3850 since_improve=57
t=43746ms iter=194 WAIST cost=20.0000 best_alt=18.0000 gap=2.0000 tried=5 sep_labels=18 clique_frac=0.01
t=43869ms iter=194 REBUILD reject new_tc=26.8083 (was 25.3850)
t=43959ms iter=194 incumb=25.3850 ratchet=25.4497 best=25.3850 since_improve=58
t=43968ms iter=195 WAIST cost=20.0000 best_alt=18.0000 gap=2.0000 tried=5 sep_labels=18 clique_frac=0.01
t=44088ms iter=195 REBUILD reject new_tc=30.1061 (was 25.3850)
t=44177ms iter=195 incumb=25.3850 ratchet=25.4338 best=25.3850 since_improve=59
t=44186ms iter=196 WAIST cost=20.0000 best_alt=17.0000 gap=3.0000 tried=5 sep_labels=17 clique_frac=0.03
t=44300ms iter=196 REBUILD reject new_tc=30.6153 (was 25.3850)
t=44392ms iter=196 incumb=25.3850 ratchet=25.3970 best=25.3850 since_improve=60
t=44402ms iter=197 WAIST cost=20.0000 best_alt=18.0000 gap=2.0000 tried=5 sep_labels=18 clique_frac=0.01
t=44522ms iter=197 REBUILD reject new_tc=27.4611 (was 25.3850)
t=44612ms iter=197 incumb=25.3850 ratchet=25.3977 best=25.3850 since_improve=61
t=44622ms iter=198 WAIST cost=20.0000 best_alt=18.0000 gap=2.0000 tried=5 sep_labels=18 clique_frac=0.01
t=44749ms iter=198 REBUILD reject new_tc=30.9888 (was 25.3850)
t=44839ms iter=198 incumb=25.3850 ratchet=25.4323 best=25.3850 since_improve=62
t=44848ms iter=199 WAIST cost=20.0000 best_alt=16.0000 gap=4.0000 tried=5 sep_labels=16 clique_frac=0.03
t=44960ms iter=199 REBUILD reject new_tc=28.9559 (was 25.3850)
t=45052ms iter=199 incumb=25.3850 ratchet=25.4165 best=25.3850 since_improve=63
t=45062ms iter=200 WAIST cost=20.0000 best_alt=18.0000 gap=2.0000 tried=5 sep_labels=18 clique_frac=0.01
t=45186ms iter=200 REBUILD reject new_tc=25.8539 (was 25.3850)
t=45273ms iter=200 incumb=25.3850 ratchet=25.4323 best=25.3850 since_improve=64
t=45285ms iter=201 WAIST cost=20.0000 best_alt=18.0000 gap=2.0000 tried=5 sep_labels=18 clique_frac=0.01
t=45409ms iter=201 REBUILD reject new_tc=30.2363 (was 25.3850)
t=45500ms iter=201 incumb=25.3850 ratchet=25.6003 best=25.3850 since_improve=65
t=45508ms iter=202 WAIST cost=20.0000 best_alt=18.0000 gap=2.0000 tried=5 sep_labels=18 clique_frac=0.01
t=45637ms iter=202 REBUILD reject new_tc=28.4416 (was 25.3850)
t=45728ms iter=202 incumb=25.3850 ratchet=25.4266 best=25.3850 since_improve=66
t=45737ms iter=203 WAIST cost=20.0000 best_alt=18.0000 gap=2.0000 tried=5 sep_labels=18 clique_frac=0.01
t=45858ms iter=203 REBUILD reject new_tc=26.0091 (was 25.3850)
t=45947ms iter=203 incumb=25.3850 ratchet=25.4532 best=25.3850 since_improve=67
t=45956ms iter=204 WAIST cost=20.0000 best_alt=18.0000 gap=2.0000 tried=5 sep_labels=18 clique_frac=0.01
t=46078ms iter=204 REBUILD reject new_tc=33.5700 (was 25.3850)
t=46166ms iter=204 incumb=25.3850 ratchet=25.4232 best=25.3850 since_improve=68
t=46178ms iter=205 WAIST cost=20.0000 best_alt=18.0000 gap=2.0000 tried=5 sep_labels=18 clique_frac=0.01
t=46300ms iter=205 REBUILD reject new_tc=25.6450 (was 25.3850)
t=46391ms iter=205 incumb=25.3850 ratchet=25.4311 best=25.3850 since_improve=69
t=46402ms iter=206 WAIST cost=20.0000 best_alt=18.0000 gap=2.0000 tried=5 sep_labels=18 clique_frac=0.01
t=46532ms iter=206 REBUILD reject new_tc=28.3047 (was 25.3850)
t=46621ms iter=206 incumb=25.3850 ratchet=25.4373 best=25.3850 since_improve=70
t=46631ms iter=207 WAIST cost=20.0000 best_alt=18.0000 gap=2.0000 tried=5 sep_labels=18 clique_frac=0.01
t=46749ms iter=207 REBUILD reject new_tc=34.9743 (was 25.3850)
t=46838ms iter=207 incumb=25.3850 ratchet=25.4329 best=25.3850 since_improve=71
t=46848ms iter=208 WAIST cost=20.0000 best_alt=18.0000 gap=2.0000 tried=5 sep_labels=18 clique_frac=0.01
t=46969ms iter=208 REBUILD reject new_tc=28.3024 (was 25.3850)
t=47061ms iter=208 incumb=25.3850 ratchet=25.4652 best=25.3850 since_improve=72
t=47070ms iter=209 WAIST cost=20.0000 best_alt=18.0000 gap=2.0000 tried=5 sep_labels=18 clique_frac=0.01
t=47192ms iter=209 REBUILD reject new_tc=28.1463 (was 25.3850)
t=47281ms iter=209 incumb=25.3850 ratchet=25.4720 best=25.3850 since_improve=73
t=47290ms iter=210 WAIST cost=20.0000 best_alt=18.0000 gap=2.0000 tried=5 sep_labels=18 clique_frac=0.01
t=47412ms iter=210 REBUILD reject new_tc=28.0658 (was 25.3850)
t=47501ms iter=210 incumb=25.3850 ratchet=25.4170 best=25.3850 since_improve=74
t=47510ms iter=211 WAIST cost=20.0000 best_alt=18.0000 gap=2.0000 tried=5 sep_labels=18 clique_frac=0.01
t=47627ms iter=211 REBUILD reject new_tc=32.8653 (was 25.3850)
t=47717ms iter=211 incumb=25.3850 ratchet=25.4504 best=25.3850 since_improve=75
t=47725ms iter=212 WAIST cost=20.0000 best_alt=18.0000 gap=2.0000 tried=5 sep_labels=18 clique_frac=0.01
t=47845ms iter=212 REBUILD reject new_tc=30.8158 (was 25.3850)
t=47934ms iter=212 incumb=25.3850 ratchet=25.4606 best=25.3850 since_improve=76
t=47943ms iter=213 WAIST cost=20.0000 best_alt=18.0000 gap=2.0000 tried=5 sep_labels=18 clique_frac=0.01
t=48063ms iter=213 REBUILD reject new_tc=32.1658 (was 25.3850)
t=48150ms iter=213 incumb=25.3850 ratchet=25.4392 best=25.3850 since_improve=77
t=48161ms iter=214 WAIST cost=20.0000 best_alt=18.0000 gap=2.0000 tried=5 sep_labels=18 clique_frac=0.01
t=48291ms iter=214 REBUILD reject new_tc=30.2247 (was 25.3850)
t=48381ms iter=214 incumb=25.3850 ratchet=25.9581 best=25.3850 since_improve=78
t=48389ms iter=215 WAIST cost=20.0000 best_alt=18.0000 gap=2.0000 tried=5 sep_labels=18 clique_frac=0.01
t=48509ms iter=215 REBUILD reject new_tc=32.0325 (was 25.3850)
t=48595ms iter=215 incumb=25.3850 ratchet=25.4284 best=25.3850 since_improve=79
t=48604ms iter=216 WAIST cost=20.0000 best_alt=18.0000 gap=2.0000 tried=5 sep_labels=18 clique_frac=0.01
t=48720ms iter=216 REBUILD reject new_tc=26.9104 (was 25.3850)
t=48810ms iter=216 incumb=25.3850 ratchet=25.4515 best=25.3850 since_improve=80
t=48819ms iter=217 WAIST cost=20.0000 best_alt=18.0000 gap=2.0000 tried=5 sep_labels=18 clique_frac=0.01
t=48952ms iter=217 REBUILD reject new_tc=33.2665 (was 25.3850)
t=49038ms iter=217 incumb=25.3850 ratchet=25.4212 best=25.3850 since_improve=81
t=49049ms iter=218 WAIST cost=20.0000 best_alt=18.0000 gap=2.0000 tried=5 sep_labels=18 clique_frac=0.01
t=49171ms iter=218 REBUILD reject new_tc=32.7078 (was 25.3850)
t=49262ms iter=218 incumb=25.3850 ratchet=25.4422 best=25.3850 since_improve=82
t=49270ms iter=219 WAIST cost=20.0000 best_alt=18.0000 gap=2.0000 tried=5 sep_labels=18 clique_frac=0.01
t=49399ms iter=219 REBUILD reject new_tc=29.7299 (was 25.3850)
t=49487ms iter=219 incumb=25.3850 ratchet=25.4173 best=25.3850 since_improve=83
t=49498ms iter=220 WAIST cost=20.0000 best_alt=18.0000 gap=2.0000 tried=5 sep_labels=18 clique_frac=0.01
t=49617ms iter=220 REBUILD reject new_tc=31.5828 (was 25.3850)
t=49708ms iter=220 incumb=25.3850 ratchet=25.4575 best=25.3850 since_improve=84
t=49719ms iter=221 WAIST cost=20.0000 best_alt=18.0000 gap=2.0000 tried=5 sep_labels=18 clique_frac=0.01
t=49841ms iter=221 REBUILD reject new_tc=31.3293 (was 25.3850)
t=49930ms iter=221 incumb=25.3850 ratchet=25.4301 best=25.3850 since_improve=85
t=49940ms iter=222 WAIST cost=20.0000 best_alt=18.0000 gap=2.0000 tried=5 sep_labels=18 clique_frac=0.01
t=50068ms iter=222 REBUILD reject new_tc=27.9479 (was 25.3850)
t=50159ms iter=222 incumb=25.3850 ratchet=25.4553 best=25.3850 since_improve=86
t=50168ms iter=223 WAIST cost=20.0000 best_alt=16.0000 gap=4.0000 tried=5 sep_labels=16 clique_frac=0.03
t=50280ms iter=223 REBUILD reject new_tc=26.6550 (was 25.3850)
t=50370ms iter=223 incumb=25.3850 ratchet=25.4146 best=25.3850 since_improve=87
t=50381ms iter=224 WAIST cost=20.0000 best_alt=18.0000 gap=2.0000 tried=5 sep_labels=18 clique_frac=0.01
t=50502ms iter=224 REBUILD reject new_tc=25.9908 (was 25.3850)
t=50591ms iter=224 incumb=25.3850 ratchet=25.4327 best=25.3850 since_improve=88
t=50602ms iter=225 WAIST cost=20.0000 best_alt=18.0000 gap=2.0000 tried=5 sep_labels=18 clique_frac=0.01
t=50719ms iter=225 REBUILD reject new_tc=25.9272 (was 25.3850)
t=50807ms iter=225 incumb=25.3850 ratchet=25.4062 best=25.3850 since_improve=89
t=50817ms iter=226 WAIST cost=20.0000 best_alt=16.0000 gap=4.0000 tried=5 sep_labels=16 clique_frac=0.02
t=50933ms iter=226 REBUILD reject new_tc=25.6327 (was 25.3850)
t=51023ms iter=226 incumb=25.3850 ratchet=25.4495 best=25.3850 since_improve=90
t=51032ms iter=227 WAIST cost=20.0000 best_alt=18.0000 gap=2.0000 tried=5 sep_labels=18 clique_frac=0.01
t=51163ms iter=227 REBUILD reject new_tc=26.0771 (was 25.3850)
t=51252ms iter=227 incumb=25.3850 ratchet=25.4495 best=25.3850 since_improve=91
t=51261ms iter=228 WAIST cost=20.0000 best_alt=18.0000 gap=2.0000 tried=5 sep_labels=18 clique_frac=0.01
t=51378ms iter=228 REBUILD reject new_tc=28.9420 (was 25.3850)
t=51466ms iter=228 incumb=25.3850 ratchet=25.4407 best=25.3850 since_improve=92
t=51476ms iter=229 WAIST cost=20.0000 best_alt=18.0000 gap=2.0000 tried=5 sep_labels=18 clique_frac=0.01
t=51597ms iter=229 REBUILD reject new_tc=29.9739 (was 25.3850)
t=51685ms iter=229 incumb=25.3850 ratchet=25.4518 best=25.3850 since_improve=93
t=51692ms iter=230 WAIST cost=20.0000 best_alt=18.0000 gap=2.0000 tried=5 sep_labels=18 clique_frac=0.01
t=51807ms iter=230 REBUILD reject new_tc=33.1883 (was 25.3850)
t=51898ms iter=230 incumb=25.3850 ratchet=25.3927 best=25.3850 since_improve=94
t=51908ms iter=231 WAIST cost=20.0000 best_alt=18.0000 gap=2.0000 tried=5 sep_labels=18 clique_frac=0.01
t=52029ms iter=231 REBUILD reject new_tc=26.2422 (was 25.3850)
t=52119ms iter=231 incumb=25.3850 ratchet=25.5434 best=25.3850 since_improve=95
t=52127ms iter=232 WAIST cost=20.0000 best_alt=16.0000 gap=4.0000 tried=5 sep_labels=16 clique_frac=0.03
t=52245ms iter=232 REBUILD reject new_tc=26.4057 (was 25.3850)
t=52334ms iter=232 incumb=25.3850 ratchet=25.4844 best=25.3850 since_improve=96
t=52343ms iter=233 WAIST cost=20.0000 best_alt=18.0000 gap=2.0000 tried=5 sep_labels=18 clique_frac=0.01
t=52463ms iter=233 REBUILD reject new_tc=26.0465 (was 25.3850)
t=52552ms iter=233 incumb=25.3850 ratchet=25.4608 best=25.3850 since_improve=97
t=52561ms iter=234 WAIST cost=20.0000 best_alt=18.0000 gap=2.0000 tried=5 sep_labels=18 clique_frac=0.01
t=52682ms iter=234 REBUILD reject new_tc=27.9684 (was 25.3850)
t=52770ms iter=234 incumb=25.3850 ratchet=25.4409 best=25.3850 since_improve=98
t=52780ms iter=235 WAIST cost=20.0000 best_alt=18.0000 gap=2.0000 tried=5 sep_labels=18 clique_frac=0.01
t=52901ms iter=235 REBUILD reject new_tc=25.9261 (was 25.3850)
t=52989ms iter=235 incumb=25.3850 ratchet=25.4819 best=25.3850 since_improve=99
t=53000ms iter=236 WAIST cost=20.0000 best_alt=18.0000 gap=2.0000 tried=5 sep_labels=18 clique_frac=0.01
t=53122ms iter=236 REBUILD reject new_tc=35.0640 (was 25.3850)
t=53209ms iter=236 incumb=25.3850 ratchet=25.4232 best=25.3850 since_improve=100
t=53218ms iter=237 WAIST cost=20.0000 best_alt=16.0000 gap=4.0000 tried=5 sep_labels=16 clique_frac=0.03
t=53339ms iter=237 REBUILD reject new_tc=26.5085 (was 25.3850)
t=53426ms iter=237 incumb=25.3850 ratchet=25.4997 best=25.3850 since_improve=101
t=53436ms iter=238 WAIST cost=20.0000 best_alt=18.0000 gap=2.0000 tried=5 sep_labels=18 clique_frac=0.01
t=53555ms iter=238 REBUILD reject new_tc=33.1601 (was 25.3850)
t=53639ms iter=238 incumb=25.3850 ratchet=25.4512 best=25.3850 since_improve=102
t=53650ms iter=239 WAIST cost=20.0000 best_alt=18.0000 gap=2.0000 tried=5 sep_labels=18 clique_frac=0.01
t=53776ms iter=239 REBUILD reject new_tc=28.2434 (was 25.3850)
t=53867ms iter=239 incumb=25.3850 ratchet=25.4178 best=25.3850 since_improve=103
t=53875ms iter=240 WAIST cost=20.0000 best_alt=18.0000 gap=2.0000 tried=5 sep_labels=18 clique_frac=0.01
t=53998ms iter=240 REBUILD reject new_tc=30.8840 (was 25.3850)
t=54085ms iter=240 incumb=25.3850 ratchet=25.4224 best=25.3850 since_improve=104
t=54094ms iter=241 WAIST cost=20.0000 best_alt=18.0000 gap=2.0000 tried=5 sep_labels=18 clique_frac=0.01
t=54207ms iter=241 REBUILD reject new_tc=30.7205 (was 25.3850)
t=54296ms iter=241 incumb=25.3850 ratchet=25.4927 best=25.3850 since_improve=105
t=54305ms iter=242 WAIST cost=20.0000 best_alt=18.0000 gap=2.0000 tried=5 sep_labels=18 clique_frac=0.01
t=54422ms iter=242 REBUILD reject new_tc=27.7938 (was 25.3850)
t=54511ms iter=242 incumb=25.3850 ratchet=25.4138 best=25.3850 since_improve=106
t=54519ms iter=243 WAIST cost=20.0000 best_alt=18.0000 gap=2.0000 tried=5 sep_labels=18 clique_frac=0.01
t=54649ms iter=243 REBUILD reject new_tc=30.7995 (was 25.3850)
t=54737ms iter=243 incumb=25.3850 ratchet=25.4026 best=25.3850 since_improve=107
t=54747ms iter=244 WAIST cost=20.0000 best_alt=18.0000 gap=2.0000 tried=5 sep_labels=18 clique_frac=0.01
t=54870ms iter=244 REBUILD reject new_tc=33.7017 (was 25.3850)
t=54959ms iter=244 incumb=25.3850 ratchet=25.4005 best=25.3850 since_improve=108
t=54969ms iter=245 WAIST cost=20.0000 best_alt=18.0000 gap=2.0000 tried=5 sep_labels=18 clique_frac=0.01
t=55087ms iter=245 REBUILD reject new_tc=28.0666 (was 25.3850)
t=55177ms iter=245 incumb=25.3850 ratchet=25.4625 best=25.3850 since_improve=109
t=55187ms iter=246 WAIST cost=20.0000 best_alt=18.0000 gap=2.0000 tried=5 sep_labels=18 clique_frac=0.01
t=55308ms iter=246 REBUILD reject new_tc=34.0883 (was 25.3850)
t=55397ms iter=246 incumb=25.3850 ratchet=25.4460 best=25.3850 since_improve=110
t=55406ms iter=247 WAIST cost=20.0000 best_alt=18.0000 gap=2.0000 tried=5 sep_labels=18 clique_frac=0.01
t=55531ms iter=247 REBUILD reject new_tc=30.0096 (was 25.3850)
t=55621ms iter=247 incumb=25.3850 ratchet=25.4285 best=25.3850 since_improve=111
t=55632ms iter=248 WAIST cost=20.0000 best_alt=18.0000 gap=2.0000 tried=5 sep_labels=18 clique_frac=0.01
t=55756ms iter=248 REBUILD reject new_tc=27.1955 (was 25.3850)
t=55845ms iter=248 incumb=25.3850 ratchet=25.4182 best=25.3850 since_improve=112
t=55852ms iter=249 WAIST cost=20.0000 best_alt=18.0000 gap=2.0000 tried=5 sep_labels=18 clique_frac=0.01
t=55972ms iter=249 REBUILD reject new_tc=32.5552 (was 25.3850)
t=56061ms iter=249 incumb=25.3850 ratchet=25.4227 best=25.3850 since_improve=113
t=56068ms iter=250 WAIST cost=20.0000 best_alt=16.0000 gap=4.0000 tried=5 sep_labels=16 clique_frac=0.02
t=56187ms iter=250 REBUILD reject new_tc=25.4875 (was 25.3850)
t=56277ms iter=250 incumb=25.3850 ratchet=25.4596 best=25.3850 since_improve=114
t=56285ms iter=251 WAIST cost=20.0000 best_alt=18.0000 gap=2.0000 tried=5 sep_labels=18 clique_frac=0.01
t=56398ms iter=251 REBUILD reject new_tc=28.0532 (was 25.3850)
t=56488ms iter=251 incumb=25.3850 ratchet=25.4369 best=25.3850 since_improve=115
t=56499ms iter=252 WAIST cost=20.0000 best_alt=18.0000 gap=2.0000 tried=5 sep_labels=18 clique_frac=0.01
t=56624ms iter=252 REBUILD reject new_tc=29.9799 (was 25.3850)
t=56710ms iter=252 incumb=25.3850 ratchet=25.4670 best=25.3850 since_improve=116
t=56718ms iter=253 WAIST cost=20.0000 best_alt=18.0000 gap=2.0000 tried=5 sep_labels=18 clique_frac=0.01
t=56836ms iter=253 REBUILD reject new_tc=25.7604 (was 25.3850)
t=56925ms iter=253 incumb=25.3850 ratchet=25.4445 best=25.3850 since_improve=117
t=56934ms iter=254 WAIST cost=20.0000 best_alt=18.0000 gap=2.0000 tried=5 sep_labels=18 clique_frac=0.01
t=57062ms iter=254 REBUILD reject new_tc=28.1050 (was 25.3850)
t=57151ms iter=254 incumb=25.3850 ratchet=25.4200 best=25.3850 since_improve=118
t=57164ms iter=255 WAIST cost=20.0000 best_alt=18.0000 gap=2.0000 tried=5 sep_labels=18 clique_frac=0.01
t=57289ms iter=255 REBUILD reject new_tc=32.8450 (was 25.3850)
t=57377ms iter=255 incumb=25.3850 ratchet=25.4609 best=25.3850 since_improve=119
t=57389ms iter=256 WAIST cost=20.0000 best_alt=18.0000 gap=2.0000 tried=5 sep_labels=18 clique_frac=0.01
t=57515ms iter=256 REBUILD reject new_tc=25.8547 (was 25.3850)
t=57604ms iter=256 incumb=25.3850 ratchet=25.4703 best=25.3850 since_improve=120
t=57611ms iter=257 WAIST cost=20.0000 best_alt=18.0000 gap=2.0000 tried=5 sep_labels=18 clique_frac=0.01
t=57726ms iter=257 REBUILD reject new_tc=28.1564 (was 25.3850)
t=57816ms iter=257 incumb=25.3850 ratchet=25.4143 best=25.3850 since_improve=121
t=57826ms iter=258 WAIST cost=20.0000 best_alt=18.0000 gap=2.0000 tried=5 sep_labels=18 clique_frac=0.01
t=57946ms iter=258 REBUILD reject new_tc=33.2814 (was 25.3850)
t=58038ms iter=258 incumb=25.3850 ratchet=25.3931 best=25.3850 since_improve=122
t=58049ms iter=259 WAIST cost=20.0000 best_alt=18.0000 gap=2.0000 tried=5 sep_labels=18 clique_frac=0.01
t=58177ms iter=259 REBUILD reject new_tc=34.9449 (was 25.3850)
t=58265ms iter=259 incumb=25.3850 ratchet=25.4532 best=25.3850 since_improve=123
t=58273ms iter=260 WAIST cost=20.0000 best_alt=18.0000 gap=2.0000 tried=5 sep_labels=18 clique_frac=0.01
t=58395ms iter=260 REBUILD reject new_tc=32.7901 (was 25.3850)
t=58484ms iter=260 incumb=25.3850 ratchet=25.4486 best=25.3850 since_improve=124
t=58491ms iter=261 WAIST cost=20.0000 best_alt=18.0000 gap=2.0000 tried=5 sep_labels=18 clique_frac=0.01
t=58616ms iter=261 REBUILD reject new_tc=25.5353 (was 25.3850)
t=58704ms iter=261 incumb=25.3850 ratchet=25.4285 best=25.3850 since_improve=125
t=58712ms iter=262 WAIST cost=20.0000 best_alt=18.0000 gap=2.0000 tried=5 sep_labels=18 clique_frac=0.01
t=58835ms iter=262 REBUILD reject new_tc=33.6768 (was 25.3850)
t=58922ms iter=262 incumb=25.3850 ratchet=25.6047 best=25.3850 since_improve=126
t=58930ms iter=263 WAIST cost=20.0000 best_alt=18.0000 gap=2.0000 tried=5 sep_labels=18 clique_frac=0.01
t=59051ms iter=263 REBUILD reject new_tc=27.7724 (was 25.3850)
t=59139ms iter=263 incumb=25.3850 ratchet=25.4397 best=25.3850 since_improve=127
t=59147ms iter=264 WAIST cost=20.0000 best_alt=18.0000 gap=2.0000 tried=5 sep_labels=18 clique_frac=0.01
t=59269ms iter=264 REBUILD reject new_tc=31.7929 (was 25.3850)
t=59360ms iter=264 incumb=25.3850 ratchet=25.4789 best=25.3850 since_improve=128
t=59372ms iter=265 WAIST cost=20.0000 best_alt=18.0000 gap=2.0000 tried=5 sep_labels=18 clique_frac=0.01
t=59485ms iter=265 REBUILD reject new_tc=29.2718 (was 25.3850)
t=59575ms iter=265 incumb=25.3850 ratchet=25.4580 best=25.3850 since_improve=129
t=59585ms iter=266 WAIST cost=20.0000 best_alt=18.0000 gap=2.0000 tried=5 sep_labels=18 clique_frac=0.01
t=59703ms iter=266 REBUILD reject new_tc=34.1415 (was 25.3850)
t=59793ms iter=266 incumb=25.3850 ratchet=25.4379 best=25.3850 since_improve=130
t=59801ms iter=267 WAIST cost=20.0000 best_alt=18.0000 gap=2.0000 tried=5 sep_labels=18 clique_frac=0.01
t=59925ms iter=267 REBUILD reject new_tc=32.1719 (was 25.3850)
t=60016ms iter=267 incumb=25.3850 ratchet=25.4561 best=25.3850 since_improve=131
t=60024ms iter=268 WAIST cost=20.0000 best_alt=16.0000 gap=4.0000 tried=5 sep_labels=16 clique_frac=0.03
t=60145ms iter=268 REBUILD reject new_tc=27.3865 (was 25.3850)
t=60235ms iter=268 incumb=25.3850 ratchet=25.4135 best=25.3850 since_improve=132
t=60244ms iter=269 WAIST cost=20.0000 best_alt=18.0000 gap=2.0000 tried=5 sep_labels=18 clique_frac=0.01
t=60368ms iter=269 REBUILD reject new_tc=28.0745 (was 25.3850)
t=60455ms iter=269 incumb=25.3850 ratchet=25.4624 best=25.3850 since_improve=133
t=60463ms iter=270 WAIST cost=20.0000 best_alt=18.0000 gap=2.0000 tried=5 sep_labels=18 clique_frac=0.01
t=60589ms iter=270 REBUILD reject new_tc=30.5517 (was 25.3850)
t=60679ms iter=270 incumb=25.3850 ratchet=25.4090 best=25.3850 since_improve=134
t=60689ms iter=271 WAIST cost=20.0000 best_alt=18.0000 gap=2.0000 tried=5 sep_labels=18 clique_frac=0.01
t=60810ms iter=271 REBUILD reject new_tc=31.9868 (was 25.3850)
t=60899ms iter=271 incumb=25.3850 ratchet=25.4595 best=25.3850 since_improve=135
t=60907ms iter=272 WAIST cost=20.0000 best_alt=18.0000 gap=2.0000 tried=5 sep_labels=18 clique_frac=0.01
t=61032ms iter=272 REBUILD reject new_tc=28.3399 (was 25.3850)
t=61122ms iter=272 incumb=25.3850 ratchet=25.5110 best=25.3850 since_improve=136
t=61131ms iter=273 WAIST cost=20.0000 best_alt=18.0000 gap=2.0000 tried=5 sep_labels=18 clique_frac=0.01
t=61249ms iter=273 REBUILD reject new_tc=29.3181 (was 25.3850)
t=61338ms iter=273 incumb=25.3850 ratchet=25.4448 best=25.3850 since_improve=137
t=61346ms iter=274 WAIST cost=20.0000 best_alt=18.0000 gap=2.0000 tried=5 sep_labels=18 clique_frac=0.01
t=61465ms iter=274 REBUILD reject new_tc=26.0849 (was 25.3850)
t=61552ms iter=274 incumb=25.3850 ratchet=25.4564 best=25.3850 since_improve=138
t=61560ms iter=275 WAIST cost=20.0000 best_alt=18.0000 gap=2.0000 tried=5 sep_labels=18 clique_frac=0.01
t=61678ms iter=275 REBUILD reject new_tc=33.7343 (was 25.3850)
t=61766ms iter=275 incumb=25.3850 ratchet=25.4527 best=25.3850 since_improve=139
t=61775ms iter=276 WAIST cost=20.0000 best_alt=17.0000 gap=3.0000 tried=5 sep_labels=17 clique_frac=0.05
t=61877ms iter=276 REBUILD reject new_tc=31.3771 (was 25.3850)
t=61966ms iter=276 incumb=25.3850 ratchet=25.8520 best=25.3850 since_improve=140
t=61975ms iter=277 WAIST cost=20.0000 best_alt=18.0000 gap=2.0000 tried=5 sep_labels=18 clique_frac=0.01
t=62096ms iter=277 REBUILD reject new_tc=26.8756 (was 25.3850)
t=62280ms iter=277 incumb=25.3850 ratchet=25.3782 best=25.3782 since_improve=0
t=62289ms iter=278 WAIST cost=20.0000 best_alt=18.0000 gap=2.0000 tried=5 sep_labels=18 clique_frac=0.01
t=62413ms iter=278 REBUILD reject new_tc=31.3027 (was 25.3782)
t=62500ms iter=278 incumb=25.3782 ratchet=25.4558 best=25.3782 since_improve=1
t=62508ms iter=279 WAIST cost=20.0000 best_alt=18.0000 gap=2.0000 tried=5 sep_labels=18 clique_frac=0.01
t=62629ms iter=279 REBUILD reject new_tc=27.9823 (was 25.3782)
t=62723ms iter=279 incumb=25.3782 ratchet=25.4305 best=25.3782 since_improve=2
t=62732ms iter=280 WAIST cost=20.0000 best_alt=18.0000 gap=2.0000 tried=5 sep_labels=18 clique_frac=0.01
t=62852ms iter=280 REBUILD reject new_tc=27.9486 (was 25.3782)
t=62944ms iter=280 incumb=25.3782 ratchet=25.6189 best=25.3782 since_improve=3
t=62955ms iter=281 WAIST cost=20.0000 best_alt=18.0000 gap=2.0000 tried=5 sep_labels=18 clique_frac=0.01
t=63082ms iter=281 REBUILD reject new_tc=25.7389 (was 25.3782)
t=63173ms iter=281 incumb=25.3782 ratchet=25.4633 best=25.3782 since_improve=4
t=63181ms iter=282 WAIST cost=20.0000 best_alt=18.0000 gap=2.0000 tried=5 sep_labels=18 clique_frac=0.01
t=63298ms iter=282 REBUILD reject new_tc=28.3905 (was 25.3782)
t=63392ms iter=282 incumb=25.3782 ratchet=25.3915 best=25.3782 since_improve=5
t=63401ms iter=283 WAIST cost=20.0000 best_alt=18.0000 gap=2.0000 tried=5 sep_labels=18 clique_frac=0.01
t=63528ms iter=283 REBUILD reject new_tc=32.8540 (was 25.3782)
t=63622ms iter=283 incumb=25.3782 ratchet=25.4434 best=25.3782 since_improve=6
t=63631ms iter=284 WAIST cost=20.0000 best_alt=18.0000 gap=2.0000 tried=5 sep_labels=18 clique_frac=0.01
t=63750ms iter=284 REBUILD reject new_tc=33.8948 (was 25.3782)
t=63841ms iter=284 incumb=25.3782 ratchet=25.4644 best=25.3782 since_improve=7
t=63851ms iter=285 WAIST cost=20.0000 best_alt=18.0000 gap=2.0000 tried=5 sep_labels=18 clique_frac=0.01
t=63980ms iter=285 REBUILD reject new_tc=30.9680 (was 25.3782)
t=64072ms iter=285 incumb=25.3782 ratchet=25.4520 best=25.3782 since_improve=8
t=64082ms iter=286 WAIST cost=20.0000 best_alt=18.0000 gap=2.0000 tried=5 sep_labels=18 clique_frac=0.01
t=64207ms iter=286 REBUILD reject new_tc=28.9632 (was 25.3782)
t=64296ms iter=286 incumb=25.3782 ratchet=25.4258 best=25.3782 since_improve=9
t=64306ms iter=287 WAIST cost=20.0000 best_alt=18.0000 gap=2.0000 tried=5 sep_labels=18 clique_frac=0.01
t=64457ms iter=287 REBUILD reject new_tc=28.1852 (was 25.3782)
t=64549ms iter=287 incumb=25.3782 ratchet=25.4150 best=25.3782 since_improve=10
t=64559ms iter=288 WAIST cost=20.0000 best_alt=18.0000 gap=2.0000 tried=5 sep_labels=18 clique_frac=0.01
t=64682ms iter=288 REBUILD reject new_tc=25.4722 (was 25.3782)
t=64772ms iter=288 incumb=25.3782 ratchet=25.5064 best=25.3782 since_improve=11
t=64782ms iter=289 WAIST cost=20.0000 best_alt=18.0000 gap=2.0000 tried=5 sep_labels=18 clique_frac=0.01
t=64906ms iter=289 REBUILD reject new_tc=33.9607 (was 25.3782)
t=65015ms iter=289 incumb=25.3782 ratchet=25.4649 best=25.3782 since_improve=12
t=65025ms iter=290 WAIST cost=20.0000 best_alt=16.0000 gap=4.0000 tried=5 sep_labels=16 clique_frac=0.03
t=65151ms iter=290 REBUILD reject new_tc=25.7068 (was 25.3782)
t=65242ms iter=290 incumb=25.3782 ratchet=25.4415 best=25.3782 since_improve=13
t=65252ms iter=291 WAIST cost=20.0000 best_alt=18.0000 gap=2.0000 tried=5 sep_labels=18 clique_frac=0.01
t=65372ms iter=291 REBUILD reject new_tc=32.1707 (was 25.3782)
t=65507ms iter=291 incumb=25.3782 ratchet=25.4565 best=25.3782 since_improve=14
t=65521ms iter=292 WAIST cost=20.0000 best_alt=18.0000 gap=2.0000 tried=5 sep_labels=18 clique_frac=0.01
t=65803ms iter=292 REBUILD reject new_tc=28.9577 (was 25.3782)
t=65991ms iter=292 incumb=25.3782 ratchet=25.4961 best=25.3782 since_improve=15
t=66007ms iter=293 WAIST cost=20.0000 best_alt=18.0000 gap=2.0000 tried=5 sep_labels=18 clique_frac=0.01
t=66267ms iter=293 REBUILD reject new_tc=33.0283 (was 25.3782)
t=66450ms iter=293 incumb=25.3782 ratchet=25.4313 best=25.3782 since_improve=16
t=66467ms iter=294 WAIST cost=20.0000 best_alt=18.0000 gap=2.0000 tried=5 sep_labels=18 clique_frac=0.01
t=66724ms iter=294 REBUILD reject new_tc=34.5844 (was 25.3782)
t=66914ms iter=294 incumb=25.3782 ratchet=25.4741 best=25.3782 since_improve=17
t=66937ms iter=295 WAIST cost=20.0000 best_alt=16.0000 gap=4.0000 tried=5 sep_labels=16 clique_frac=0.02
t=67084ms iter=295 REBUILD reject new_tc=35.0808 (was 25.3782)
t=67175ms iter=295 incumb=25.3782 ratchet=25.5367 best=25.3782 since_improve=18
t=67184ms iter=296 WAIST cost=20.0000 best_alt=18.0000 gap=2.0000 tried=5 sep_labels=18 clique_frac=0.01
t=67305ms iter=296 REBUILD reject new_tc=32.3507 (was 25.3782)
t=67399ms iter=296 incumb=25.3782 ratchet=25.4377 best=25.3782 since_improve=19
t=67407ms iter=297 WAIST cost=20.0000 best_alt=18.0000 gap=2.0000 tried=5 sep_labels=18 clique_frac=0.01
t=67606ms iter=297 REBUILD reject new_tc=25.7379 (was 25.3782)
t=67763ms iter=297 incumb=25.3782 ratchet=25.4167 best=25.3782 since_improve=20
t=67771ms iter=298 WAIST cost=20.0000 best_alt=17.0000 gap=3.0000 tried=5 sep_labels=17 clique_frac=0.03
t=67890ms iter=298 REBUILD reject new_tc=25.6622 (was 25.3782)
t=67981ms iter=298 incumb=25.3782 ratchet=25.4711 best=25.3782 since_improve=21
t=67992ms iter=299 WAIST cost=20.0000 best_alt=18.0000 gap=2.0000 tried=5 sep_labels=18 clique_frac=0.01
t=68114ms iter=299 REBUILD reject new_tc=34.8171 (was 25.3782)
t=68210ms iter=299 incumb=25.3782 ratchet=25.4690 best=25.3782 since_improve=22
t=68231ms iter=300 WAIST cost=20.0000 best_alt=16.0000 gap=4.0000 tried=5 sep_labels=16 clique_frac=0.03
t=68338ms iter=300 REBUILD reject new_tc=25.5160 (was 25.3782)
t=68429ms iter=300 incumb=25.3782 ratchet=25.4332 best=25.3782 since_improve=23
t=68440ms iter=301 WAIST cost=20.0000 best_alt=18.0000 gap=2.0000 tried=5 sep_labels=18 clique_frac=0.01
t=68560ms iter=301 REBUILD reject new_tc=35.7425 (was 25.3782)
t=68652ms iter=301 incumb=25.3782 ratchet=25.4140 best=25.3782 since_improve=24
t=68663ms iter=302 WAIST cost=20.0000 best_alt=18.0000 gap=2.0000 tried=5 sep_labels=18 clique_frac=0.01
t=68785ms iter=302 REBUILD reject new_tc=32.8963 (was 25.3782)
t=68876ms iter=302 incumb=25.3782 ratchet=25.4536 best=25.3782 since_improve=25
t=68884ms iter=303 WAIST cost=20.0000 best_alt=18.0000 gap=2.0000 tried=5 sep_labels=18 clique_frac=0.01
t=69005ms iter=303 REBUILD reject new_tc=28.6784 (was 25.3782)
t=69096ms iter=303 incumb=25.3782 ratchet=25.4663 best=25.3782 since_improve=26
t=69108ms iter=304 WAIST cost=20.0000 best_alt=18.0000 gap=2.0000 tried=5 sep_labels=18 clique_frac=0.01
t=69225ms iter=304 REBUILD reject new_tc=26.0111 (was 25.3782)
t=69317ms iter=304 incumb=25.3782 ratchet=25.4519 best=25.3782 since_improve=27
t=69324ms iter=305 WAIST cost=20.0000 best_alt=18.0000 gap=2.0000 tried=5 sep_labels=18 clique_frac=0.01
t=69445ms iter=305 REBUILD reject new_tc=32.9488 (was 25.3782)
t=69533ms iter=305 incumb=25.3782 ratchet=25.4752 best=25.3782 since_improve=28
t=69542ms iter=306 WAIST cost=20.0000 best_alt=18.0000 gap=2.0000 tried=5 sep_labels=18 clique_frac=0.01
t=69658ms iter=306 REBUILD reject new_tc=25.5184 (was 25.3782)
t=69748ms iter=306 incumb=25.3782 ratchet=25.4447 best=25.3782 since_improve=29
t=69757ms iter=307 WAIST cost=20.0000 best_alt=18.0000 gap=2.0000 tried=5 sep_labels=18 clique_frac=0.01
t=69877ms iter=307 REBUILD reject new_tc=30.3414 (was 25.3782)
t=69966ms iter=307 incumb=25.3782 ratchet=25.4487 best=25.3782 since_improve=30
t=69974ms iter=308 WAIST cost=20.0000 best_alt=16.0000 gap=4.0000 tried=5 sep_labels=16 clique_frac=0.03
t=70090ms iter=308 REBUILD reject new_tc=25.6188 (was 25.3782)
t=70180ms iter=308 incumb=25.3782 ratchet=25.5143 best=25.3782 since_improve=31
t=70190ms iter=309 WAIST cost=20.0000 best_alt=18.0000 gap=2.0000 tried=5 sep_labels=18 clique_frac=0.01
t=70307ms iter=309 REBUILD reject new_tc=28.4714 (was 25.3782)
t=70400ms iter=309 incumb=25.3782 ratchet=25.4644 best=25.3782 since_improve=32
t=70408ms iter=310 WAIST cost=20.0000 best_alt=18.0000 gap=2.0000 tried=5 sep_labels=18 clique_frac=0.01
t=70530ms iter=310 REBUILD reject new_tc=26.5237 (was 25.3782)
t=70620ms iter=310 incumb=25.3782 ratchet=25.4422 best=25.3782 since_improve=33
t=70630ms iter=311 WAIST cost=20.0000 best_alt=18.0000 gap=2.0000 tried=5 sep_labels=18 clique_frac=0.01
t=70753ms iter=311 REBUILD reject new_tc=28.4217 (was 25.3782)
t=70840ms iter=311 incumb=25.3782 ratchet=25.4347 best=25.3782 since_improve=34
t=70849ms iter=312 WAIST cost=20.0000 best_alt=18.0000 gap=2.0000 tried=5 sep_labels=18 clique_frac=0.01
t=70967ms iter=312 REBUILD reject new_tc=33.4490 (was 25.3782)
t=71058ms iter=312 incumb=25.3782 ratchet=25.4097 best=25.3782 since_improve=35
t=71067ms iter=313 WAIST cost=20.0000 best_alt=18.0000 gap=2.0000 tried=5 sep_labels=18 clique_frac=0.01
t=71188ms iter=313 REBUILD reject new_tc=28.2035 (was 25.3782)
t=71279ms iter=313 incumb=25.3782 ratchet=25.4627 best=25.3782 since_improve=36
t=71288ms iter=314 WAIST cost=20.0000 best_alt=18.0000 gap=2.0000 tried=5 sep_labels=18 clique_frac=0.01
t=71411ms iter=314 REBUILD reject new_tc=27.8134 (was 25.3782)
t=71561ms iter=314 incumb=25.3782 ratchet=25.4037 best=25.3782 since_improve=37
t=71572ms iter=315 WAIST cost=20.0000 best_alt=18.0000 gap=2.0000 tried=5 sep_labels=18 clique_frac=0.01
t=71689ms iter=315 REBUILD reject new_tc=27.8738 (was 25.3782)
t=71778ms iter=315 incumb=25.3782 ratchet=25.4632 best=25.3782 since_improve=38
t=71786ms iter=316 WAIST cost=20.0000 best_alt=18.0000 gap=2.0000 tried=5 sep_labels=18 clique_frac=0.01
t=71910ms iter=316 REBUILD reject new_tc=33.0302 (was 25.3782)
t=72000ms iter=316 incumb=25.3782 ratchet=25.4284 best=25.3782 since_improve=39
t=72009ms iter=317 WAIST cost=20.0000 best_alt=18.0000 gap=2.0000 tried=5 sep_labels=18 clique_frac=0.01
t=72125ms iter=317 REBUILD reject new_tc=25.6646 (was 25.3782)
t=72214ms iter=317 incumb=25.3782 ratchet=25.4381 best=25.3782 since_improve=40
t=72222ms iter=318 WAIST cost=20.0000 best_alt=18.0000 gap=2.0000 tried=5 sep_labels=18 clique_frac=0.01
t=72347ms iter=318 REBUILD reject new_tc=27.2107 (was 25.3782)
t=72437ms iter=318 incumb=25.3782 ratchet=25.5172 best=25.3782 since_improve=41
t=72445ms iter=319 WAIST cost=20.0000 best_alt=18.0000 gap=2.0000 tried=5 sep_labels=18 clique_frac=0.01
t=72567ms iter=319 REBUILD reject new_tc=27.8936 (was 25.3782)
t=72658ms iter=319 incumb=25.3782 ratchet=25.4039 best=25.3782 since_improve=42
t=72668ms iter=320 WAIST cost=20.0000 best_alt=18.0000 gap=2.0000 tried=5 sep_labels=18 clique_frac=0.01
t=72780ms iter=320 REBUILD reject new_tc=34.3477 (was 25.3782)
t=72872ms iter=320 incumb=25.3782 ratchet=25.4208 best=25.3782 since_improve=43
t=72883ms iter=321 WAIST cost=20.0000 best_alt=18.0000 gap=2.0000 tried=5 sep_labels=18 clique_frac=0.01
t=72997ms iter=321 REBUILD reject new_tc=32.8427 (was 25.3782)
t=73107ms iter=321 incumb=25.3782 ratchet=25.5009 best=25.3782 since_improve=44
t=73126ms iter=322 WAIST cost=20.0000 best_alt=18.0000 gap=2.0000 tried=5 sep_labels=18 clique_frac=0.01
t=73282ms iter=322 REBUILD reject new_tc=34.7129 (was 25.3782)
t=73377ms iter=322 incumb=25.3782 ratchet=25.4452 best=25.3782 since_improve=45
t=73385ms iter=323 WAIST cost=20.0000 best_alt=18.0000 gap=2.0000 tried=5 sep_labels=18 clique_frac=0.01
t=73511ms iter=323 REBUILD reject new_tc=26.4092 (was 25.3782)
t=73599ms iter=323 incumb=25.3782 ratchet=25.4369 best=25.3782 since_improve=46
t=73610ms iter=324 WAIST cost=20.0000 best_alt=18.0000 gap=2.0000 tried=5 sep_labels=18 clique_frac=0.01
t=73729ms iter=324 REBUILD reject new_tc=26.8521 (was 25.3782)
t=73822ms iter=324 incumb=25.3782 ratchet=25.4404 best=25.3782 since_improve=47
t=73832ms iter=325 WAIST cost=20.0000 best_alt=18.0000 gap=2.0000 tried=5 sep_labels=18 clique_frac=0.01
t=73950ms iter=325 REBUILD reject new_tc=28.0665 (was 25.3782)
t=74038ms iter=325 incumb=25.3782 ratchet=25.4308 best=25.3782 since_improve=48
t=74048ms iter=326 WAIST cost=20.0000 best_alt=18.0000 gap=2.0000 tried=5 sep_labels=18 clique_frac=0.01
t=74169ms iter=326 REBUILD reject new_tc=28.1085 (was 25.3782)
t=74261ms iter=326 incumb=25.3782 ratchet=25.4103 best=25.3782 since_improve=49
t=74271ms iter=327 WAIST cost=20.0000 best_alt=18.0000 gap=2.0000 tried=5 sep_labels=18 clique_frac=0.01
t=74391ms iter=327 REBUILD reject new_tc=25.8190 (was 25.3782)
t=74481ms iter=327 incumb=25.3782 ratchet=25.5112 best=25.3782 since_improve=50
t=74489ms iter=328 WAIST cost=20.0000 best_alt=18.0000 gap=2.0000 tried=5 sep_labels=18 clique_frac=0.01
t=74620ms iter=328 REBUILD reject new_tc=32.8531 (was 25.3782)
t=74710ms iter=328 incumb=25.3782 ratchet=25.5059 best=25.3782 since_improve=51
t=74718ms iter=329 WAIST cost=20.0000 best_alt=18.0000 gap=2.0000 tried=5 sep_labels=18 clique_frac=0.01
t=74838ms iter=329 REBUILD reject new_tc=32.6806 (was 25.3782)
t=74929ms iter=329 incumb=25.3782 ratchet=25.4334 best=25.3782 since_improve=52
t=74938ms iter=330 WAIST cost=20.0000 best_alt=18.0000 gap=2.0000 tried=5 sep_labels=18 clique_frac=0.01
t=75058ms iter=330 REBUILD reject new_tc=34.0162 (was 25.3782)
t=75146ms iter=330 incumb=25.3782 ratchet=25.4374 best=25.3782 since_improve=53
t=75157ms iter=331 WAIST cost=20.0000 best_alt=18.0000 gap=2.0000 tried=5 sep_labels=18 clique_frac=0.01
t=75283ms iter=331 REBUILD reject new_tc=28.1865 (was 25.3782)
t=75375ms iter=331 incumb=25.3782 ratchet=25.4293 best=25.3782 since_improve=54
t=75385ms iter=332 WAIST cost=20.0000 best_alt=18.0000 gap=2.0000 tried=5 sep_labels=18 clique_frac=0.01
t=75498ms iter=332 REBUILD reject new_tc=27.1586 (was 25.3782)
t=75587ms iter=332 incumb=25.3782 ratchet=25.5101 best=25.3782 since_improve=55
t=75595ms iter=333 WAIST cost=20.0000 best_alt=18.0000 gap=2.0000 tried=5 sep_labels=18 clique_frac=0.01
t=75722ms iter=333 REBUILD reject new_tc=29.8347 (was 25.3782)
t=75813ms iter=333 incumb=25.3782 ratchet=25.4543 best=25.3782 since_improve=56
t=75824ms iter=334 WAIST cost=20.0000 best_alt=16.0000 gap=4.0000 tried=5 sep_labels=16 clique_frac=0.03
t=75941ms iter=334 REBUILD reject new_tc=27.9675 (was 25.3782)
t=76029ms iter=334 incumb=25.3782 ratchet=25.4420 best=25.3782 since_improve=57
t=76037ms iter=335 WAIST cost=20.0000 best_alt=18.0000 gap=2.0000 tried=5 sep_labels=18 clique_frac=0.01
t=76155ms iter=335 REBUILD reject new_tc=26.0816 (was 25.3782)
t=76246ms iter=335 incumb=25.3782 ratchet=25.6154 best=25.3782 since_improve=58
t=76254ms iter=336 WAIST cost=20.0000 best_alt=18.0000 gap=2.0000 tried=5 sep_labels=18 clique_frac=0.01
t=76382ms iter=336 REBUILD reject new_tc=25.5724 (was 25.3782)
t=76471ms iter=336 incumb=25.3782 ratchet=25.5344 best=25.3782 since_improve=59
t=76483ms iter=337 WAIST cost=20.0000 best_alt=18.0000 gap=2.0000 tried=5 sep_labels=18 clique_frac=0.01
t=76605ms iter=337 REBUILD reject new_tc=28.3745 (was 25.3782)
t=76695ms iter=337 incumb=25.3782 ratchet=25.4471 best=25.3782 since_improve=60
t=76706ms iter=338 WAIST cost=20.0000 best_alt=18.0000 gap=2.0000 tried=5 sep_labels=18 clique_frac=0.01
t=76833ms iter=338 REBUILD reject new_tc=31.3184 (was 25.3782)
t=76922ms iter=338 incumb=25.3782 ratchet=25.4354 best=25.3782 since_improve=61
t=76932ms iter=339 WAIST cost=20.0000 best_alt=18.0000 gap=2.0000 tried=5 sep_labels=18 clique_frac=0.01
t=77140ms iter=339 REBUILD reject new_tc=25.6418 (was 25.3782)
t=77231ms iter=339 incumb=25.3782 ratchet=25.4230 best=25.3782 since_improve=62
t=77240ms iter=340 WAIST cost=20.0000 best_alt=16.0000 gap=4.0000 tried=5 sep_labels=16 clique_frac=0.03
t=77356ms iter=340 REBUILD reject new_tc=26.1372 (was 25.3782)
t=77445ms iter=340 incumb=25.3782 ratchet=25.4888 best=25.3782 since_improve=63
t=77455ms iter=341 WAIST cost=20.0000 best_alt=18.0000 gap=2.0000 tried=5 sep_labels=18 clique_frac=0.01
t=77578ms iter=341 REBUILD reject new_tc=30.4915 (was 25.3782)
t=77669ms iter=341 incumb=25.3782 ratchet=25.4152 best=25.3782 since_improve=64
t=77680ms iter=342 WAIST cost=20.0000 best_alt=18.0000 gap=2.0000 tried=5 sep_labels=18 clique_frac=0.01
t=77814ms iter=342 REBUILD reject new_tc=33.1906 (was 25.3782)
t=77903ms iter=342 incumb=25.3782 ratchet=25.4487 best=25.3782 since_improve=65
t=77915ms iter=343 WAIST cost=20.0000 best_alt=18.0000 gap=2.0000 tried=5 sep_labels=18 clique_frac=0.01
t=78037ms iter=343 REBUILD reject new_tc=32.1216 (was 25.3782)
t=78126ms iter=343 incumb=25.3782 ratchet=25.4255 best=25.3782 since_improve=66
t=78136ms iter=344 WAIST cost=20.0000 best_alt=18.0000 gap=2.0000 tried=5 sep_labels=18 clique_frac=0.01
t=78253ms iter=344 REBUILD reject new_tc=27.7368 (was 25.3782)
t=78343ms iter=344 incumb=25.3782 ratchet=25.4693 best=25.3782 since_improve=67
t=78353ms iter=345 WAIST cost=20.0000 best_alt=16.0000 gap=4.0000 tried=5 sep_labels=16 clique_frac=0.02
t=78472ms iter=345 REBUILD reject new_tc=27.1668 (was 25.3782)
t=78563ms iter=345 incumb=25.3782 ratchet=25.4611 best=25.3782 since_improve=68
t=78573ms iter=346 WAIST cost=20.0000 best_alt=16.0000 gap=4.0000 tried=5 sep_labels=16 clique_frac=0.02
t=78685ms iter=346 REBUILD reject new_tc=25.7674 (was 25.3782)
t=78775ms iter=346 incumb=25.3782 ratchet=25.4417 best=25.3782 since_improve=69
t=78785ms iter=347 WAIST cost=20.0000 best_alt=18.0000 gap=2.0000 tried=5 sep_labels=18 clique_frac=0.01
t=78902ms iter=347 REBUILD reject new_tc=25.6736 (was 25.3782)
t=78993ms iter=347 incumb=25.3782 ratchet=25.4174 best=25.3782 since_improve=70
t=79001ms iter=348 WAIST cost=20.0000 best_alt=16.0000 gap=4.0000 tried=5 sep_labels=16 clique_frac=0.03
t=79117ms iter=348 REBUILD reject new_tc=35.7061 (was 25.3782)
t=79207ms iter=348 incumb=25.3782 ratchet=25.4110 best=25.3782 since_improve=71
t=79218ms iter=349 WAIST cost=20.0000 best_alt=18.0000 gap=2.0000 tried=5 sep_labels=18 clique_frac=0.01
t=79346ms iter=349 REBUILD reject new_tc=25.9225 (was 25.3782)
t=79438ms iter=349 incumb=25.3782 ratchet=25.4318 best=25.3782 since_improve=72
t=79445ms iter=350 WAIST cost=20.0000 best_alt=18.0000 gap=2.0000 tried=5 sep_labels=18 clique_frac=0.01
t=79572ms iter=350 REBUILD reject new_tc=26.6115 (was 25.3782)
t=79659ms iter=350 incumb=25.3782 ratchet=25.4445 best=25.3782 since_improve=73
t=79667ms iter=351 WAIST cost=20.0000 best_alt=18.0000 gap=2.0000 tried=5 sep_labels=18 clique_frac=0.01
t=79784ms iter=351 REBUILD reject new_tc=33.0237 (was 25.3782)
t=79875ms iter=351 incumb=25.3782 ratchet=25.4648 best=25.3782 since_improve=74
t=79883ms iter=352 WAIST cost=20.0000 best_alt=18.0000 gap=2.0000 tried=5 sep_labels=18 clique_frac=0.01
t=80004ms iter=352 REBUILD reject new_tc=25.7234 (was 25.3782)
t=80094ms iter=352 incumb=25.3782 ratchet=25.4738 best=25.3782 since_improve=75
t=80106ms iter=353 WAIST cost=20.0000 best_alt=18.0000 gap=2.0000 tried=5 sep_labels=18 clique_frac=0.01
t=80222ms iter=353 REBUILD reject new_tc=32.9535 (was 25.3782)
t=80314ms iter=353 incumb=25.3782 ratchet=25.4384 best=25.3782 since_improve=76
t=80322ms iter=354 WAIST cost=20.0000 best_alt=18.0000 gap=2.0000 tried=5 sep_labels=18 clique_frac=0.01
t=80441ms iter=354 REBUILD reject new_tc=27.0330 (was 25.3782)
t=80530ms iter=354 incumb=25.3782 ratchet=25.4282 best=25.3782 since_improve=77
t=80539ms iter=355 WAIST cost=20.0000 best_alt=18.0000 gap=2.0000 tried=5 sep_labels=18 clique_frac=0.01
t=80656ms iter=355 REBUILD reject new_tc=32.9074 (was 25.3782)
t=80745ms iter=355 incumb=25.3782 ratchet=25.4364 best=25.3782 since_improve=78
t=80753ms iter=356 WAIST cost=20.0000 best_alt=18.0000 gap=2.0000 tried=5 sep_labels=18 clique_frac=0.01
t=80891ms iter=356 REBUILD reject new_tc=25.7903 (was 25.3782)
t=80983ms iter=356 incumb=25.3782 ratchet=25.4490 best=25.3782 since_improve=79
t=80994ms iter=357 WAIST cost=20.0000 best_alt=18.0000 gap=2.0000 tried=5 sep_labels=18 clique_frac=0.01
t=81116ms iter=357 REBUILD reject new_tc=29.7452 (was 25.3782)
t=81208ms iter=357 incumb=25.3782 ratchet=25.4650 best=25.3782 since_improve=80
t=81217ms iter=358 WAIST cost=20.0000 best_alt=18.0000 gap=2.0000 tried=5 sep_labels=18 clique_frac=0.01
t=81339ms iter=358 REBUILD reject new_tc=28.2997 (was 25.3782)
t=81425ms iter=358 incumb=25.3782 ratchet=25.4107 best=25.3782 since_improve=81
t=81434ms iter=359 WAIST cost=20.0000 best_alt=18.0000 gap=2.0000 tried=5 sep_labels=18 clique_frac=0.01
t=81551ms iter=359 REBUILD reject new_tc=31.6342 (was 25.3782)
t=81640ms iter=359 incumb=25.3782 ratchet=25.4216 best=25.3782 since_improve=82
t=81650ms iter=360 WAIST cost=20.0000 best_alt=18.0000 gap=2.0000 tried=5 sep_labels=18 clique_frac=0.01
t=81767ms iter=360 REBUILD reject new_tc=27.0676 (was 25.3782)
t=81859ms iter=360 incumb=25.3782 ratchet=25.4310 best=25.3782 since_improve=83
t=81868ms iter=361 WAIST cost=20.0000 best_alt=17.0000 gap=3.0000 tried=5 sep_labels=17 clique_frac=0.03
t=81981ms iter=361 REBUILD reject new_tc=26.8158 (was 25.3782)
t=82079ms iter=361 incumb=25.3782 ratchet=25.4465 best=25.3782 since_improve=84
t=82086ms iter=362 WAIST cost=20.0000 best_alt=18.0000 gap=2.0000 tried=5 sep_labels=18 clique_frac=0.01
t=82208ms iter=362 REBUILD reject new_tc=29.2797 (was 25.3782)
t=82297ms iter=362 incumb=25.3782 ratchet=25.4766 best=25.3782 since_improve=85
t=82308ms iter=363 WAIST cost=20.0000 best_alt=18.0000 gap=2.0000 tried=5 sep_labels=18 clique_frac=0.01
t=82439ms iter=363 REBUILD reject new_tc=25.5213 (was 25.3782)
t=82530ms iter=363 incumb=25.3782 ratchet=25.4376 best=25.3782 since_improve=86
t=82539ms iter=364 WAIST cost=20.0000 best_alt=18.0000 gap=2.0000 tried=5 sep_labels=18 clique_frac=0.01
t=82658ms iter=364 REBUILD reject new_tc=30.3952 (was 25.3782)
t=82748ms iter=364 incumb=25.3782 ratchet=25.4710 best=25.3782 since_improve=87
t=82757ms iter=365 WAIST cost=20.0000 best_alt=18.0000 gap=2.0000 tried=5 sep_labels=18 clique_frac=0.01
t=82878ms iter=365 REBUILD reject new_tc=28.4824 (was 25.3782)
t=82968ms iter=365 incumb=25.3782 ratchet=25.4741 best=25.3782 since_improve=88
t=82975ms iter=366 WAIST cost=20.0000 best_alt=18.0000 gap=2.0000 tried=5 sep_labels=18 clique_frac=0.01
t=83097ms iter=366 REBUILD reject new_tc=28.1174 (was 25.3782)
t=83186ms iter=366 incumb=25.3782 ratchet=25.4115 best=25.3782 since_improve=89
t=83196ms iter=367 WAIST cost=20.0000 best_alt=18.0000 gap=2.0000 tried=5 sep_labels=18 clique_frac=0.01
t=83316ms iter=367 REBUILD reject new_tc=27.1096 (was 25.3782)
t=83409ms iter=367 incumb=25.3782 ratchet=25.4554 best=25.3782 since_improve=90
t=83419ms iter=368 WAIST cost=20.0000 best_alt=18.0000 gap=2.0000 tried=5 sep_labels=18 clique_frac=0.01
t=83547ms iter=368 REBUILD reject new_tc=27.9695 (was 25.3782)
t=83636ms iter=368 incumb=25.3782 ratchet=25.4661 best=25.3782 since_improve=91
t=83646ms iter=369 WAIST cost=20.0000 best_alt=18.0000 gap=2.0000 tried=5 sep_labels=18 clique_frac=0.01
t=83764ms iter=369 REBUILD reject new_tc=30.7651 (was 25.3782)
t=83853ms iter=369 incumb=25.3782 ratchet=25.4701 best=25.3782 since_improve=92
t=83861ms iter=370 WAIST cost=20.0000 best_alt=18.0000 gap=2.0000 tried=5 sep_labels=18 clique_frac=0.01
t=83988ms iter=370 REBUILD reject new_tc=28.1499 (was 25.3782)
t=84083ms iter=370 incumb=25.3782 ratchet=25.4058 best=25.3782 since_improve=93
t=84092ms iter=371 WAIST cost=20.0000 best_alt=18.0000 gap=2.0000 tried=5 sep_labels=18 clique_frac=0.01
t=84210ms iter=371 REBUILD reject new_tc=26.3341 (was 25.3782)
t=84302ms iter=371 incumb=25.3782 ratchet=25.4061 best=25.3782 since_improve=94
t=84310ms iter=372 WAIST cost=20.0000 best_alt=18.0000 gap=2.0000 tried=5 sep_labels=18 clique_frac=0.01
t=84432ms iter=372 REBUILD reject new_tc=32.9214 (was 25.3782)
t=84523ms iter=372 incumb=25.3782 ratchet=25.4062 best=25.3782 since_improve=95
t=84534ms iter=373 WAIST cost=20.0000 best_alt=18.0000 gap=2.0000 tried=5 sep_labels=18 clique_frac=0.01
t=84660ms iter=373 REBUILD reject new_tc=25.8598 (was 25.3782)
t=84749ms iter=373 incumb=25.3782 ratchet=25.4733 best=25.3782 since_improve=96
t=84759ms iter=374 WAIST cost=20.0000 best_alt=16.0000 gap=4.0000 tried=5 sep_labels=16 clique_frac=0.03
t=84879ms iter=374 REBUILD reject new_tc=27.4238 (was 25.3782)
t=84972ms iter=374 incumb=25.3782 ratchet=25.4511 best=25.3782 since_improve=97
t=84981ms iter=375 WAIST cost=20.0000 best_alt=18.0000 gap=2.0000 tried=5 sep_labels=18 clique_frac=0.01
t=85107ms iter=375 REBUILD reject new_tc=25.6706 (was 25.3782)
t=85203ms iter=375 incumb=25.3782 ratchet=25.5701 best=25.3782 since_improve=98
t=85224ms iter=376 WAIST cost=20.0000 best_alt=18.0000 gap=2.0000 tried=5 sep_labels=18 clique_frac=0.01
t=85393ms iter=376 REBUILD reject new_tc=28.1621 (was 25.3782)
t=85483ms iter=376 incumb=25.3782 ratchet=25.4497 best=25.3782 since_improve=99
t=85491ms iter=377 WAIST cost=20.0000 best_alt=18.0000 gap=2.0000 tried=5 sep_labels=18 clique_frac=0.01
t=85612ms iter=377 REBUILD reject new_tc=27.8957 (was 25.3782)
t=85704ms iter=377 incumb=25.3782 ratchet=25.4408 best=25.3782 since_improve=100
t=85713ms iter=378 WAIST cost=20.0000 best_alt=16.0000 gap=4.0000 tried=5 sep_labels=16 clique_frac=0.03
t=85829ms iter=378 REBUILD reject new_tc=27.2676 (was 25.3782)
t=85920ms iter=378 incumb=25.3782 ratchet=25.4492 best=25.3782 since_improve=101
t=85930ms iter=379 WAIST cost=20.0000 best_alt=18.0000 gap=2.0000 tried=5 sep_labels=18 clique_frac=0.01
t=86054ms iter=379 REBUILD reject new_tc=26.2731 (was 25.3782)
t=86146ms iter=379 incumb=25.3782 ratchet=25.4371 best=25.3782 since_improve=102
t=86156ms iter=380 WAIST cost=20.0000 best_alt=18.0000 gap=2.0000 tried=5 sep_labels=18 clique_frac=0.01
t=86277ms iter=380 REBUILD reject new_tc=26.4295 (was 25.3782)
t=86365ms iter=380 incumb=25.3782 ratchet=25.3925 best=25.3782 since_improve=103
t=86373ms iter=381 WAIST cost=20.0000 best_alt=18.0000 gap=2.0000 tried=5 sep_labels=18 clique_frac=0.01
t=86499ms iter=381 REBUILD reject new_tc=28.7296 (was 25.3782)
t=86586ms iter=381 incumb=25.3782 ratchet=25.4224 best=25.3782 since_improve=104
t=86596ms iter=382 WAIST cost=20.0000 best_alt=18.0000 gap=2.0000 tried=5 sep_labels=18 clique_frac=0.01
t=86717ms iter=382 REBUILD reject new_tc=33.0414 (was 25.3782)
t=86808ms iter=382 incumb=25.3782 ratchet=25.4271 best=25.3782 since_improve=105
t=86817ms iter=383 WAIST cost=20.0000 best_alt=18.0000 gap=2.0000 tried=5 sep_labels=18 clique_frac=0.01
t=86936ms iter=383 REBUILD reject new_tc=25.6532 (was 25.3782)
t=87026ms iter=383 incumb=25.3782 ratchet=26.2895 best=25.3782 since_improve=106
t=87036ms iter=384 WAIST cost=20.0000 best_alt=16.0000 gap=4.0000 tried=5 sep_labels=16 clique_frac=0.03
t=87151ms iter=384 REBUILD reject new_tc=26.1593 (was 25.3782)
t=87241ms iter=384 incumb=25.3782 ratchet=25.4363 best=25.3782 since_improve=107
t=87251ms iter=385 WAIST cost=20.0000 best_alt=18.0000 gap=2.0000 tried=5 sep_labels=18 clique_frac=0.01
t=87377ms iter=385 REBUILD reject new_tc=34.6365 (was 25.3782)
t_final=87473ms tc_reduced=25.3782 tc_full=25.7320 leaves=2136
surgery summary: calls=385 cheaper_cuts=385 rebuild_accepts=1 waist_min_hits=0
