simplify: n_orig=3369 n_reduced=381 shrink=0.8869 t_simp=22ms
t_seed=1002ms tc_seed=89.0901 seed_trials=13
t_dp=6000ms tc_greedy=76.0827
t_mcts=21073ms mcts: backup=min rollouts=384 rate=18/s depth=3 nodes=385 improves=0 tc_mcts=76.0827
ATTRIBUTION tc_greedy=76.0827 tc_mcts_prepolish=76.0827 mcts_beats_greedy=false
t=21278ms polish_tc=74.7403
t=22006ms polish_tc=74.5561
t=22153ms polish_tc=73.6659
t=22306ms polish_tc=72.5088
t=23015ms polish_tc=72.4956
t=23160ms polish_tc=72.4777
t=24006ms polish_tc=71.2378
t=24146ms polish_tc=70.7552
t=24290ms polish_tc=70.5483
t=25014ms polish_tc=69.8878
t=25160ms polish_tc=69.7394
t=25319ms polish_tc=69.0175
t=26015ms polish_tc=68.8935
t=26162ms polish_tc=68.3699
t=27019ms polish_tc=68.3585
t=27178ms polish_tc=68.3081
t=28017ms polish_tc=68.2129
t=28161ms polish_tc=67.6381
t=29021ms polish_tc=67.2157
t=29172ms polish_tc=67.2154
t=30020ms polish_tc=67.0992
t=30177ms polish_tc=67.0500
t=31004ms polish_tc=67.0087
t=31158ms polish_tc=67.0048
t=32015ms polish_tc=66.4735
t=32168ms polish_tc=66.4287
t=33003ms polish_tc=66.3332
t=33147ms polish_tc=66.1538
t=33299ms polish_tc=66.0898
t=34025ms polish_tc=66.0217
t=34195ms polish_tc=65.9998
t=35053ms polish_tc=65.8669
t=35200ms polish_tc=65.8642
t=36014ms polish_tc=65.7151
t=36169ms polish_tc=65.7069
t=37012ms polish_tc=65.6180
t=37177ms polish_tc=65.6155
t=38022ms polish_tc=65.5920
t=38186ms polish_tc=65.5703
t=39013ms polish_tc=65.4535
t=39175ms polish_tc=65.4398
t=40013ms polish_tc=65.4234
t=40176ms polish_tc=65.3650
t=41012ms polish_tc=65.3229
t=41178ms polish_tc=65.2361
t=42021ms polish_tc=65.1452
t=42188ms polish_tc=65.1247
t=43028ms polish_tc=65.0085
t=43203ms polish_tc=64.9518
t=44012ms polish_tc=64.8724
t=44181ms polish_tc=64.8363
t=45027ms polish_tc=64.7738
t=45187ms polish_tc=64.6095
t=45372ms polish_tc=64.5928
t=46013ms polish_tc=64.5218
t=46187ms polish_tc=64.5144
t=46369ms polish_tc=64.4017
t=46535ms polish_tc=64.3749
t=47009ms polish_tc=64.3207
t=47192ms polish_tc=64.2037
t=47370ms polish_tc=64.1619
t=47554ms polish_tc=63.9811
t=47728ms polish_tc=63.8947
t=48022ms polish_tc=63.8152
t=48196ms polish_tc=63.8065
t=48381ms polish_tc=63.7698
t=48574ms polish_tc=63.7690
t=49018ms polish_tc=63.7430
t=49219ms polish_tc=63.5365
t=49411ms polish_tc=63.5141
t=49606ms polish_tc=63.4903
t=50019ms polish_tc=63.4130
t=50220ms polish_tc=63.4021
t=50413ms polish_tc=63.3748
t=50601ms polish_tc=63.3654
t=51017ms polish_tc=63.3654
t=51203ms polish_tc=63.3200
t=51380ms polish_tc=63.3016
t=51560ms polish_tc=63.2807
t=52021ms polish_tc=63.2782
t=52210ms polish_tc=63.2700
t=52397ms polish_tc=63.2462
t=52585ms polish_tc=63.2460
t=53021ms polish_tc=63.2254
t=53222ms polish_tc=63.2180
t=53406ms polish_tc=63.1773
t=53590ms polish_tc=63.1745
t=54019ms polish_tc=63.1446
t=54202ms polish_tc=63.0966
t=54385ms polish_tc=63.0739
t=54567ms polish_tc=63.0643
t=55017ms polish_tc=63.0575
t=55208ms polish_tc=63.0027
t=55395ms polish_tc=62.9440
t=55593ms polish_tc=62.9388
t=56012ms polish_tc=62.9224
t=56205ms polish_tc=62.8451
t=56405ms polish_tc=62.8267
t=56600ms polish_tc=62.8244
t=57009ms polish_tc=62.7979
t=57185ms polish_tc=62.7726
t=57389ms polish_tc=62.7692
t=57576ms polish_tc=62.7599
t=57766ms polish_tc=62.7583
t=58020ms polish_tc=62.7452
t=58223ms polish_tc=62.7132
t=58409ms polish_tc=62.7106
t=58585ms polish_tc=62.7070
t=59015ms polish_tc=62.7061
t=59200ms polish_tc=62.6916
t=59383ms polish_tc=62.6899
t=59565ms polish_tc=62.6873
t=60010ms polish_tc=62.6838
t=60183ms polish_tc=62.6697
t=60360ms polish_tc=62.6661
t=60538ms polish_tc=62.6555
t=60716ms polish_tc=62.6555
t=61019ms polish_tc=62.6481
t=61192ms polish_tc=62.6463
t=61369ms polish_tc=62.6463
t=61553ms polish_tc=62.6445
t=62010ms polish_tc=62.6442
t=62188ms polish_tc=62.6312
t=62404ms polish_tc=62.6263
t=62598ms polish_tc=62.6256
t=62831ms polish_tc=62.6184
t=63023ms polish_tc=62.6170
t=63210ms polish_tc=62.6133
t=63397ms polish_tc=62.6092
t=63584ms polish_tc=62.6087
t=64026ms polish_tc=62.5901
t=64213ms polish_tc=62.5901
t=64390ms polish_tc=62.5892
t=64580ms polish_tc=62.5826
t=65013ms polish_tc=62.5713
t=65201ms polish_tc=62.5713
t=65387ms polish_tc=62.5637
t=65577ms polish_tc=62.5531
t=66009ms polish_tc=62.5527
t=66196ms polish_tc=62.5527
t=66382ms polish_tc=62.5464
t=66566ms polish_tc=62.5464
t=66781ms polish_tc=62.5440
t=67019ms polish_tc=62.5440
t=67205ms polish_tc=62.5438
t=68017ms polish_tc=62.5436
t=68199ms polish_tc=62.5436
t=69023ms polish_tc=62.5425
t=69206ms polish_tc=62.5367
t=70015ms polish_tc=62.5367
t=70197ms polish_tc=62.5328
t=71015ms polish_tc=62.5289
t=71200ms polish_tc=62.5250
t=72017ms polish_tc=62.5250
t=72203ms polish_tc=62.5240
t=73022ms polish_tc=62.5240
t=73195ms polish_tc=62.5240
t=74018ms polish_tc=62.5240
t=74200ms polish_tc=62.5220
t=75023ms polish_tc=62.5211
t=75201ms polish_tc=62.5201
t=76016ms polish_tc=62.5161
t=76196ms polish_tc=62.5143
t=77014ms polish_tc=62.5142
t=77203ms polish_tc=62.5142
t=78014ms polish_tc=62.5142
t=78201ms polish_tc=62.5102
t=79009ms polish_tc=62.5063
t=79175ms polish_tc=62.5063
t=80013ms polish_tc=62.5023
t=80179ms polish_tc=62.4983
t=81012ms polish_tc=62.4903
t=81209ms polish_tc=62.4863
t=82021ms polish_tc=62.4823
t=82209ms polish_tc=62.4823
t=83008ms polish_tc=62.4660
t=83187ms polish_tc=62.4619
t=84013ms polish_tc=62.4619
t=84214ms polish_tc=62.4589
t=85021ms polish_tc=62.4573
t=85198ms polish_tc=62.4572
t=86007ms polish_tc=62.4572
t=86177ms polish_tc=62.4567
t=86339ms polish_tc=62.4546
t=87025ms polish_tc=62.4526
t=87227ms polish_tc=62.4526
t=88018ms polish_tc=62.4485
t=88176ms polish_tc=62.4485
t=89020ms polish_tc=62.4443
anneal_sweeps=3480 cycles=2 fresh=0
t_final=89035ms tc_greedy=76.0827 tc_mcts=76.0827 tc_final=62.4443 tc_full=62.4443 leaves=3369
