simplify: n_orig=572 n_reduced=484 shrink=0.1538 t_simp=8ms
t_seed=641ms tc_seed=44.2222 seed_trials=6
t_dp=6759ms tc_greedy=44.0839
t=6998ms mcts_tc=44.0731
t=8909ms mcts_tc=44.0581
t=9151ms mcts_tc=43.6594
t=11539ms mcts_tc=42.8732
t_mcts=21835ms mcts: backup=min rollouts=64 rate=3/s depth=2 nodes=65 improves=4 tc_mcts=42.8732
ATTRIBUTION tc_greedy=44.0839 tc_mcts_prepolish=42.8732 mcts_beats_greedy=true
t=24072ms polish_tc=42.8663
t=26361ms polish_tc=42.5834
t=26369ms polish_tc=42.5834
t=26378ms polish_tc=42.5832
t=26387ms polish_tc=42.5829
t=26395ms polish_tc=42.5828
t=26405ms polish_tc=42.5797
t=26414ms polish_tc=42.5794
t=26423ms polish_tc=42.5794
t=26434ms polish_tc=42.5730
t=26443ms polish_tc=42.5721
t=26455ms polish_tc=42.5710
t=26464ms polish_tc=42.5710
t=26473ms polish_tc=42.5709
t=26484ms polish_tc=42.5035
t=27253ms polish_tc=42.4698
t=27263ms polish_tc=42.4697
t=27272ms polish_tc=42.4695
t=27281ms polish_tc=42.4364
t=27290ms polish_tc=42.3872
t=27298ms polish_tc=42.3872
t=27308ms polish_tc=42.3864
t=27316ms polish_tc=42.3226
t=27326ms polish_tc=42.3199
t=27340ms polish_tc=42.3130
t=27351ms polish_tc=42.3126
t=27360ms polish_tc=42.2966
t=27369ms polish_tc=42.2965
t=27377ms polish_tc=42.2954
t=27386ms polish_tc=42.2954
t=27395ms polish_tc=42.2943
t=27411ms polish_tc=42.2939
t=27420ms polish_tc=42.2933
t=27429ms polish_tc=42.2928
t=27438ms polish_tc=42.2919
t=27447ms polish_tc=42.2915
t=35945ms polish_tc=42.2147
t=35953ms polish_tc=42.2132
t=35964ms polish_tc=42.2118
t=35973ms polish_tc=42.2118
t=35981ms polish_tc=42.2117
t=35992ms polish_tc=42.1715
t=36000ms polish_tc=42.1693
t=36009ms polish_tc=42.1622
t=36018ms polish_tc=42.1622
t=36027ms polish_tc=42.1622
t=36036ms polish_tc=42.1622
t=36045ms polish_tc=42.1610
t=36057ms polish_tc=42.1609
t=36076ms polish_tc=42.1563
t=36088ms polish_tc=42.1547
t=36096ms polish_tc=42.1547
t=36106ms polish_tc=42.1546
t=36115ms polish_tc=42.1546
t=36124ms polish_tc=42.1545
t=36133ms polish_tc=42.1545
t=36142ms polish_tc=42.1545
t=36166ms polish_tc=42.1403
t=36175ms polish_tc=42.1384
t=36187ms polish_tc=41.8712
t=36197ms polish_tc=41.8685
t=36205ms polish_tc=41.8684
t=36214ms polish_tc=41.8265
t=36224ms polish_tc=41.8202
t=36233ms polish_tc=41.8202
t=36242ms polish_tc=41.8202
t=36250ms polish_tc=41.8199
t=36260ms polish_tc=41.8198
t=36269ms polish_tc=41.8198
t=36278ms polish_tc=41.8198
t=36289ms polish_tc=41.8180
t=36300ms polish_tc=41.7199
t=36309ms polish_tc=41.5503
t=36317ms polish_tc=41.5503
t=36326ms polish_tc=41.5503
t=36336ms polish_tc=41.5491
t=36346ms polish_tc=41.5481
t=36355ms polish_tc=41.5481
t=36363ms polish_tc=41.5427
t=36372ms polish_tc=41.5427
t=36381ms polish_tc=41.5414
t=36391ms polish_tc=41.5405
t=36400ms polish_tc=41.5404
t=36409ms polish_tc=41.5404
t=36417ms polish_tc=41.4767
t=36429ms polish_tc=41.4762
t=36438ms polish_tc=41.4759
t=36446ms polish_tc=41.4759
t=36457ms polish_tc=41.4757
t=36466ms polish_tc=41.4716
t=36474ms polish_tc=41.3531
t=36482ms polish_tc=41.3498
t=36490ms polish_tc=41.3480
t=36498ms polish_tc=41.3457
t=36519ms polish_tc=41.3448
t=36529ms polish_tc=41.3444
t=36538ms polish_tc=41.3442
t=36547ms polish_tc=41.3441
t=36564ms polish_tc=41.3176
t=36572ms polish_tc=41.2426
t=36581ms polish_tc=41.2425
t=36590ms polish_tc=41.2422
t=36600ms polish_tc=41.2382
t=36614ms polish_tc=41.2372
t=36623ms polish_tc=41.2372
t=36633ms polish_tc=41.2351
t=36642ms polish_tc=41.2347
t=36652ms polish_tc=41.2345
t=36670ms polish_tc=41.2313
t=36679ms polish_tc=41.2310
t=36687ms polish_tc=41.2301
t=36696ms polish_tc=41.2301
t=36707ms polish_tc=41.1103
t=36715ms polish_tc=41.1099
t=36724ms polish_tc=41.1087
t=36733ms polish_tc=41.1086
t=36746ms polish_tc=41.1072
t=36756ms polish_tc=41.1070
t=36765ms polish_tc=41.1069
t=36773ms polish_tc=41.1068
t=36783ms polish_tc=41.1063
t=36800ms polish_tc=41.1062
t=36812ms polish_tc=41.1029
t=36822ms polish_tc=41.1005
t=36830ms polish_tc=41.1005
t=36854ms polish_tc=41.0716
t=36864ms polish_tc=40.9645
t=36873ms polish_tc=40.9645
t=36883ms polish_tc=40.9484
t=36897ms polish_tc=40.9472
t=36906ms polish_tc=40.9471
t=36915ms polish_tc=40.9471
t=36929ms polish_tc=40.3618
t=36938ms polish_tc=40.3609
t=36947ms polish_tc=40.3608
t=36955ms polish_tc=40.3565
t=36964ms polish_tc=40.3507
t=36974ms polish_tc=40.2887
t=36982ms polish_tc=40.2887
t=36990ms polish_tc=40.2853
t=36999ms polish_tc=40.2842
t=37007ms polish_tc=40.2841
t=37016ms polish_tc=40.2841
t=37032ms polish_tc=40.1579
t=37041ms polish_tc=40.1182
t=37050ms polish_tc=40.1078
t=37059ms polish_tc=40.1078
t=37069ms polish_tc=40.1078
t=37077ms polish_tc=40.0866
t=37087ms polish_tc=40.0651
t=37096ms polish_tc=40.0485
t=37107ms polish_tc=40.0484
t=37116ms polish_tc=40.0375
t=37125ms polish_tc=40.0373
t=37135ms polish_tc=39.9636
t=37145ms polish_tc=39.8701
t=37153ms polish_tc=39.8690
t=37162ms polish_tc=39.8678
t=37171ms polish_tc=39.8674
t=37180ms polish_tc=39.8561
t=37189ms polish_tc=39.8183
t=37199ms polish_tc=39.8170
t=37208ms polish_tc=39.8170
t=37218ms polish_tc=39.8113
t=37227ms polish_tc=39.8113
t=37236ms polish_tc=39.8112
t=37248ms polish_tc=39.8105
t=37261ms polish_tc=39.8052
t=37270ms polish_tc=39.8045
t=37284ms polish_tc=39.7309
t=37299ms polish_tc=39.7062
t=37307ms polish_tc=39.7062
t=37317ms polish_tc=39.7061
t=37328ms polish_tc=39.5091
t=37338ms polish_tc=39.4771
t=37348ms polish_tc=39.4555
t=37358ms polish_tc=39.4390
t=37367ms polish_tc=39.4316
t=37376ms polish_tc=39.4315
t=37386ms polish_tc=39.4315
t=37398ms polish_tc=39.4258
t=37407ms polish_tc=39.4257
t=37420ms polish_tc=39.3121
t=37429ms polish_tc=39.3097
t=37438ms polish_tc=39.3097
t=37448ms polish_tc=39.3097
t=37457ms polish_tc=39.2822
t=37465ms polish_tc=39.2822
t=37475ms polish_tc=39.2820
t=37484ms polish_tc=39.2817
t=37495ms polish_tc=39.2479
t=37503ms polish_tc=39.2477
t=37512ms polish_tc=39.0871
t=37521ms polish_tc=39.0013
t=37531ms polish_tc=39.0013
t=37540ms polish_tc=39.0011
t=37549ms polish_tc=39.0001
t=37559ms polish_tc=39.0001
t=37568ms polish_tc=38.9999
t=37583ms polish_tc=38.9960
t=37592ms polish_tc=38.9959
t=37601ms polish_tc=38.9959
t=37610ms polish_tc=38.9958
t=37621ms polish_tc=38.9656
t=37631ms polish_tc=38.9655
t=37641ms polish_tc=38.9540
t=37650ms polish_tc=38.9540
t=37659ms polish_tc=38.9539
t=37668ms polish_tc=38.9538
t=37676ms polish_tc=38.9489
t=37685ms polish_tc=38.9488
t=37694ms polish_tc=38.9486
t=37704ms polish_tc=38.9486
t=37712ms polish_tc=38.9486
t=37724ms polish_tc=38.9473
t=37733ms polish_tc=38.9461
t=37744ms polish_tc=38.9449
t=37753ms polish_tc=38.9448
t=37766ms polish_tc=38.9334
t=37878ms polish_tc=38.9324
t=37888ms polish_tc=38.9323
t=37897ms polish_tc=38.9294
t=37910ms polish_tc=38.8323
t=37919ms polish_tc=38.8320
t=37929ms polish_tc=38.8299
t=37942ms polish_tc=38.8298
t=37953ms polish_tc=38.6662
t=37962ms polish_tc=38.4342
t=37971ms polish_tc=38.4332
t=37981ms polish_tc=38.4330
t=46584ms polish_tc=38.3628
t=46592ms polish_tc=38.3622
t=46602ms polish_tc=38.3192
t=46610ms polish_tc=38.0831
t=46619ms polish_tc=38.0831
t=46627ms polish_tc=38.0809
t=46635ms polish_tc=38.0587
t=46643ms polish_tc=38.0260
t=46655ms polish_tc=38.0257
t=46664ms polish_tc=38.0164
t=46678ms polish_tc=37.9732
t=46687ms polish_tc=37.9725
t=46695ms polish_tc=37.9724
t=46703ms polish_tc=37.9724
t=46714ms polish_tc=37.8849
t=46725ms polish_tc=37.8826
t=46734ms polish_tc=37.8823
t=46742ms polish_tc=37.8823
t=46750ms polish_tc=37.8823
t=46759ms polish_tc=37.8700
t=46775ms polish_tc=37.8643
t=46784ms polish_tc=37.8567
t=46793ms polish_tc=37.8235
t=46802ms polish_tc=37.8208
t=46810ms polish_tc=37.8196
t=46819ms polish_tc=37.8188
t=46828ms polish_tc=37.8183
t=46837ms polish_tc=37.8179
t=46845ms polish_tc=37.8034
t=46855ms polish_tc=37.6960
t=46867ms polish_tc=37.4563
t=46877ms polish_tc=37.4550
t=46886ms polish_tc=37.4549
t=46896ms polish_tc=37.4548
t=46931ms polish_tc=37.4511
t=46940ms polish_tc=37.4510
t=46949ms polish_tc=37.4508
t=46958ms polish_tc=37.4507
t=46967ms polish_tc=37.4507
t=46982ms polish_tc=37.4498
t=46990ms polish_tc=37.4497
t=47001ms polish_tc=37.4466
t=47012ms polish_tc=37.4432
t=47021ms polish_tc=37.4427
t=47031ms polish_tc=37.4417
t=47040ms polish_tc=37.4416
t=47049ms polish_tc=37.4414
t=47057ms polish_tc=37.4399
t=47069ms polish_tc=37.4384
t=47089ms polish_tc=37.4171
t=47099ms polish_tc=37.4130
t=47109ms polish_tc=37.3624
t=47117ms polish_tc=37.3557
t=47128ms polish_tc=37.3552
t=47137ms polish_tc=37.3551
t=47147ms polish_tc=37.3547
t=47156ms polish_tc=37.3543
t=47168ms polish_tc=37.3533
t=47179ms polish_tc=37.3473
t=47188ms polish_tc=37.3448
t=47198ms polish_tc=37.3447
t=47207ms polish_tc=37.3441
t=47216ms polish_tc=37.3351
t=47225ms polish_tc=37.3332
t=47234ms polish_tc=37.2993
t=47243ms polish_tc=37.2993
t=47252ms polish_tc=37.2991
t=47261ms polish_tc=37.2991
t=47270ms polish_tc=37.2988
t=47281ms polish_tc=37.2984
t=47292ms polish_tc=37.2938
t=47302ms polish_tc=37.2936
t=47312ms polish_tc=37.2935
t=47321ms polish_tc=37.2904
t=47330ms polish_tc=37.2901
t=47344ms polish_tc=37.2752
t=47353ms polish_tc=37.2747
t=47363ms polish_tc=37.2747
t=47372ms polish_tc=37.2747
t=47382ms polish_tc=37.2738
t=47391ms polish_tc=37.2735
t=47401ms polish_tc=37.2725
t=47412ms polish_tc=37.2717
t=47425ms polish_tc=37.2678
t=47435ms polish_tc=37.2676
t=47444ms polish_tc=37.2672
t=47453ms polish_tc=37.2669
t=47463ms polish_tc=37.2667
t=47472ms polish_tc=37.2657
t=47494ms polish_tc=37.1077
t=47503ms polish_tc=37.1073
t=47532ms polish_tc=37.1044
t=47541ms polish_tc=37.1038
t=47550ms polish_tc=37.1023
t=47558ms polish_tc=37.1021
t=47568ms polish_tc=37.1020
t=47577ms polish_tc=37.1020
t=47592ms polish_tc=37.0608
t=47601ms polish_tc=37.0607
t=47612ms polish_tc=37.0225
t=47621ms polish_tc=37.0210
t=47630ms polish_tc=37.0143
t=47641ms polish_tc=36.9814
t=47649ms polish_tc=36.9365
t=47659ms polish_tc=36.9363
t=47668ms polish_tc=36.9363
t=47677ms polish_tc=36.9357
t=47685ms polish_tc=36.9354
t=47694ms polish_tc=36.9351
t=47704ms polish_tc=36.9348
t=47714ms polish_tc=36.9340
t=47724ms polish_tc=36.9338
t=47733ms polish_tc=36.9338
t=47743ms polish_tc=36.9253
t=47752ms polish_tc=36.9136
t=47763ms polish_tc=36.9130
t=47773ms polish_tc=36.8651
t=47784ms polish_tc=36.8619
t=47793ms polish_tc=36.8606
t=47802ms polish_tc=36.8605
t=47811ms polish_tc=36.7703
t=47819ms polish_tc=36.7696
t=47828ms polish_tc=36.7693
t=47839ms polish_tc=36.7519
t=47848ms polish_tc=36.7457
t=47856ms polish_tc=36.7448
t=47868ms polish_tc=36.7156
t=47879ms polish_tc=36.7155
t=47888ms polish_tc=36.7147
t=47897ms polish_tc=36.7147
t=47906ms polish_tc=36.7145
t=47916ms polish_tc=36.7108
t=47928ms polish_tc=36.7096
t=47937ms polish_tc=36.7081
t=47947ms polish_tc=36.6230
t=47956ms polish_tc=36.6220
t=47965ms polish_tc=36.5783
t=47979ms polish_tc=36.5776
t=47991ms polish_tc=36.5763
t=48001ms polish_tc=36.5762
t=48009ms polish_tc=36.5762
t=48022ms polish_tc=36.5721
t=48030ms polish_tc=36.5720
t=48041ms polish_tc=36.3085
t=48051ms polish_tc=36.2670
t=48060ms polish_tc=36.2297
t=48070ms polish_tc=36.2297
t=48083ms polish_tc=36.1642
t=48093ms polish_tc=36.1590
t=48105ms polish_tc=36.1568
t=48114ms polish_tc=36.1567
t=48123ms polish_tc=36.1555
t=48133ms polish_tc=36.1548
t=48143ms polish_tc=36.1547
t=48164ms polish_tc=36.1264
t=48173ms polish_tc=36.1263
t=48184ms polish_tc=36.1262
t=48193ms polish_tc=36.1262
t=48203ms polish_tc=36.1262
t=48213ms polish_tc=36.1261
t=48224ms polish_tc=36.1249
t=48235ms polish_tc=36.1248
t=48248ms polish_tc=36.1245
t=48264ms polish_tc=36.1155
t=48274ms polish_tc=36.1153
t=48283ms polish_tc=36.1152
t=48292ms polish_tc=36.1151
t=48301ms polish_tc=36.1139
t=48315ms polish_tc=36.1138
t=48324ms polish_tc=36.1136
t=48334ms polish_tc=36.1135
t=48343ms polish_tc=36.1135
t=48354ms polish_tc=36.1103
t=48363ms polish_tc=36.1091
t=48374ms polish_tc=36.1087
t=48394ms polish_tc=36.1037
t=48419ms polish_tc=36.0210
t=48428ms polish_tc=36.0210
t=48444ms polish_tc=36.0199
t=48453ms polish_tc=36.0195
t=48462ms polish_tc=36.0193
t=48470ms polish_tc=36.0193
t=48479ms polish_tc=36.0193
t=48489ms polish_tc=36.0191
t=48501ms polish_tc=35.9726
t=48510ms polish_tc=35.9491
t=48521ms polish_tc=35.9473
t=48538ms polish_tc=35.9047
t=48547ms polish_tc=35.8552
t=48555ms polish_tc=35.8548
t=48563ms polish_tc=35.8518
t=48572ms polish_tc=35.8288
t=48580ms polish_tc=35.8263
t=48588ms polish_tc=35.8254
t=48598ms polish_tc=35.8231
t=48610ms polish_tc=35.7741
t=48621ms polish_tc=35.7736
t=48630ms polish_tc=35.7724
t=48641ms polish_tc=35.7724
t=48650ms polish_tc=35.7723
t=48659ms polish_tc=35.7715
t=48679ms polish_tc=35.7712
t=48691ms polish_tc=35.7581
t=48711ms polish_tc=35.7291
t=48720ms polish_tc=35.6162
t=48731ms polish_tc=35.5860
t=48740ms polish_tc=35.5260
t=48753ms polish_tc=35.5257
t=48772ms polish_tc=35.5208
t=48781ms polish_tc=35.5174
t=72714ms polish_tc=35.5063
t=72723ms polish_tc=35.5061
t=72735ms polish_tc=35.5053
t=72752ms polish_tc=35.5039
t=72760ms polish_tc=35.5032
t=72770ms polish_tc=35.4391
t=72780ms polish_tc=35.4390
t=72789ms polish_tc=35.4385
t=72805ms polish_tc=35.4343
t=72814ms polish_tc=35.4343
t=72823ms polish_tc=35.4326
t=72832ms polish_tc=35.4326
t=72841ms polish_tc=35.4320
t=72850ms polish_tc=35.4318
t=72864ms polish_tc=35.4312
t=72880ms polish_tc=35.4275
t=72889ms polish_tc=35.4274
t=72898ms polish_tc=35.4272
t=72911ms polish_tc=35.3818
t=72920ms polish_tc=35.3816
t=72930ms polish_tc=35.3816
t=72940ms polish_tc=35.3813
t=72950ms polish_tc=35.3811
t=72959ms polish_tc=35.3808
t=72968ms polish_tc=35.3808
t=72978ms polish_tc=35.3803
t=72987ms polish_tc=35.3762
t=72998ms polish_tc=35.3756
t=73008ms polish_tc=35.2104
t=73017ms polish_tc=35.1313
t=73031ms polish_tc=35.1311
t=73050ms polish_tc=35.1103
t=73059ms polish_tc=35.1085
t=73070ms polish_tc=35.1077
t=73079ms polish_tc=35.1077
t=73088ms polish_tc=35.1064
t=73097ms polish_tc=35.1064
t=73111ms polish_tc=35.1032
t=73120ms polish_tc=35.1024
t=73131ms polish_tc=35.1021
t=73152ms polish_tc=35.0831
t=73160ms polish_tc=35.0474
t=73169ms polish_tc=35.0438
t=73181ms polish_tc=35.0399
t=73189ms polish_tc=35.0399
t=73197ms polish_tc=35.0398
t=73206ms polish_tc=35.0386
t=73229ms polish_tc=34.9505
t=73239ms polish_tc=34.9494
t=73251ms polish_tc=34.9492
t=73261ms polish_tc=34.8560
t=73270ms polish_tc=34.8553
t=73278ms polish_tc=34.8545
t=73287ms polish_tc=34.8544
t=73296ms polish_tc=34.8542
t=73305ms polish_tc=34.8541
t=73314ms polish_tc=34.8474
t=73322ms polish_tc=34.8474
t=73339ms polish_tc=34.8357
t=73348ms polish_tc=34.8348
t=73357ms polish_tc=34.8142
t=73366ms polish_tc=34.8135
t=73374ms polish_tc=34.8070
t=73411ms polish_tc=34.7043
t=73425ms polish_tc=34.6988
t=73437ms polish_tc=34.6988
t=73450ms polish_tc=34.6977
t=73460ms polish_tc=34.6967
t=73473ms polish_tc=34.6939
t=73482ms polish_tc=34.6933
t=73491ms polish_tc=34.6928
t=73502ms polish_tc=34.6926
t=73510ms polish_tc=34.6925
t=73518ms polish_tc=34.6922
t=73529ms polish_tc=34.6921
anneal_sweeps=292736 cycles=90 fresh=12
t_final=87303ms tc_greedy=44.0839 tc_mcts=42.8732 tc_final=34.6921 tc_full=34.6921 leaves=572
