simplify: n_orig=1000 n_reduced=1000 shrink=0.0000 t_simp=4ms
t_seed=653ms tc_seed=267.0224 seed_trials=7
t_dp=653ms tc_greedy=267.0224
t=5854ms mcts_tc=260.0004
t=7298ms mcts_tc=257.5850
t=28941ms mcts_tc=256.0224
t_mcts=46259ms mcts: backup=min rollouts=192 rate=4/s depth=3 nodes=193 improves=3 tc_mcts=256.0224
ATTRIBUTION tc_greedy=267.0224 tc_mcts_prepolish=256.0224 mcts_beats_greedy=true
t=46773ms polish_tc=255.0000
t=47113ms polish_tc=254.0000
t=47424ms polish_tc=253.0000
t=47767ms polish_tc=252.0000
t=48256ms polish_tc=251.0000
t=48627ms polish_tc=250.0000
t=49255ms polish_tc=249.0000
t=49587ms polish_tc=248.0000
t=50246ms polish_tc=246.0000
t=50550ms polish_tc=245.0000
t=50880ms polish_tc=244.0000
t=51266ms polish_tc=243.0000
t=51609ms polish_tc=242.0000
t=52262ms polish_tc=241.0000
t=52572ms polish_tc=240.0000
t=53258ms polish_tc=239.0000
t=53574ms polish_tc=238.0000
t=54245ms polish_tc=237.0000
t=54530ms polish_tc=235.0000
t=55258ms polish_tc=232.0000
t=55589ms polish_tc=231.0000
t=56258ms polish_tc=230.0000
t=56560ms polish_tc=230.0000
t=57261ms polish_tc=230.0000
t=57574ms polish_tc=230.0000
t=58253ms polish_tc=230.0000
t=58558ms polish_tc=230.0000
t=59244ms polish_tc=230.0000
t=59542ms polish_tc=230.0000
t=59825ms polish_tc=230.0000
t=60259ms polish_tc=230.0000
t=60583ms polish_tc=229.0000
t=61253ms polish_tc=229.0000
t=61559ms polish_tc=228.0000
t=62242ms polish_tc=225.0000
t=62553ms polish_tc=225.0000
t=62850ms polish_tc=224.0000
t=63260ms polish_tc=224.0000
t=63539ms polish_tc=224.0000
t=64246ms polish_tc=224.0000
t=64556ms polish_tc=224.0000
t=65242ms polish_tc=224.0000
t=65594ms polish_tc=223.0000
t=65894ms polish_tc=221.0000
t=66265ms polish_tc=221.0000
t=66581ms polish_tc=220.0000
t=67262ms polish_tc=219.0000
t=67593ms polish_tc=219.0000
t=68259ms polish_tc=219.0000
t=68556ms polish_tc=219.0000
t=69252ms polish_tc=219.0000
t=69553ms polish_tc=218.0000
t=70240ms polish_tc=217.0000
t=70546ms polish_tc=217.0000
t=71236ms polish_tc=217.0000
t=71538ms polish_tc=217.0000
t=71833ms polish_tc=217.0000
t=72265ms polish_tc=217.0000
t=72568ms polish_tc=217.0000
t=73252ms polish_tc=217.0000
t=73593ms polish_tc=217.0000
t=74249ms polish_tc=215.0000
t=74586ms polish_tc=212.0000
t=75251ms polish_tc=210.0000
t=75586ms polish_tc=210.0000
t=76244ms polish_tc=210.0000
t=76589ms polish_tc=210.0000
t=77242ms polish_tc=210.0000
t=77566ms polish_tc=208.0001
t=78238ms polish_tc=208.0001
t=78547ms polish_tc=208.0001
t=78864ms polish_tc=206.0003
t=79265ms polish_tc=206.0003
t=79587ms polish_tc=206.0002
t=80258ms polish_tc=206.0002
t=80582ms polish_tc=206.0002
t=81253ms polish_tc=206.0002
t=81573ms polish_tc=206.0002
t=82251ms polish_tc=206.0002
t=82562ms polish_tc=205.0004
t=83250ms polish_tc=205.0004
t=83563ms polish_tc=205.0003
t=84242ms polish_tc=205.0003
t=84541ms polish_tc=204.0005
t=85236ms polish_tc=203.0011
t=85574ms polish_tc=203.0011
t=85909ms polish_tc=203.0008
t=86265ms polish_tc=203.0008
t=86583ms polish_tc=203.0008
t=87246ms polish_tc=203.0007
t=87530ms polish_tc=202.0013
t=88240ms polish_tc=200.0039
t=88528ms polish_tc=200.0035
t=88825ms polish_tc=199.0054
t=89260ms polish_tc=199.0054
t=89551ms polish_tc=198.0100
t=90245ms polish_tc=198.0004
t=90533ms polish_tc=198.0004
t=91241ms polish_tc=193.0132
t=91525ms polish_tc=193.0123
t=91810ms polish_tc=192.0163
t=92256ms polish_tc=192.0159
t=92577ms polish_tc=191.0284
t=93253ms polish_tc=188.2116
t=93558ms polish_tc=188.2092
t=94240ms polish_tc=188.1671
t=94543ms polish_tc=188.1470
t=94870ms polish_tc=187.2635
t=95263ms polish_tc=187.2543
t=95561ms polish_tc=187.2471
t=96258ms polish_tc=187.2459
t=96536ms polish_tc=186.4466
t=97245ms polish_tc=186.4194
t=97523ms polish_tc=186.3653
t=97804ms polish_tc=186.3487
t=98257ms polish_tc=185.6320
t=98555ms polish_tc=185.6028
t=99245ms polish_tc=185.5581
t=99543ms polish_tc=184.5393
t=100240ms polish_tc=184.2165
t=100547ms polish_tc=183.9103
t=100871ms polish_tc=183.8900
t=101258ms polish_tc=183.7124
t=101565ms polish_tc=183.6365
t=102252ms polish_tc=183.4611
t=102576ms polish_tc=183.4226
t=103246ms polish_tc=183.3212
t=103601ms polish_tc=183.2590
t=104247ms polish_tc=183.2000
t=104583ms polish_tc=183.1363
t=105245ms polish_tc=183.0998
t=105599ms polish_tc=183.0463
t=106245ms polish_tc=182.9125
t=106584ms polish_tc=182.9059
t=107249ms polish_tc=182.8569
t=107610ms polish_tc=182.8357
t=108248ms polish_tc=182.7706
t=108604ms polish_tc=182.6708
t=109246ms polish_tc=182.5244
t=109585ms polish_tc=182.2550
t=110244ms polish_tc=182.1409
t=110564ms polish_tc=182.1183
t=110882ms polish_tc=181.9233
t=111267ms polish_tc=181.9169
t=111578ms polish_tc=181.9029
t=112262ms polish_tc=181.8566
t=112582ms polish_tc=181.8176
t=113261ms polish_tc=181.7043
t=113595ms polish_tc=181.6364
t=114260ms polish_tc=181.5453
t=114562ms polish_tc=181.3287
t=115264ms polish_tc=181.2756
t=115591ms polish_tc=181.2046
t=116263ms polish_tc=181.1374
t=116563ms polish_tc=181.0986
t=117253ms polish_tc=181.0738
t=117542ms polish_tc=180.7998
t=118246ms polish_tc=180.7703
t=118549ms polish_tc=180.5099
t=118849ms polish_tc=180.4119
t=119264ms polish_tc=180.3077
t=119580ms polish_tc=180.2423
t=120254ms polish_tc=180.0847
t=120528ms polish_tc=180.0374
t=121238ms polish_tc=179.9204
t=121518ms polish_tc=179.8803
t=121818ms polish_tc=179.8590
t=122255ms polish_tc=179.8332
t=122530ms polish_tc=179.8160
t=123241ms polish_tc=179.7796
t=123526ms polish_tc=179.6887
t=124231ms polish_tc=179.3448
t=124520ms polish_tc=179.2851
t=124784ms polish_tc=179.2530
t=125240ms polish_tc=179.2464
t=125517ms polish_tc=179.2255
t=125860ms polish_tc=179.1348
t=126258ms polish_tc=179.1113
t=126540ms polish_tc=179.0952
t=127245ms polish_tc=179.0683
t=127526ms polish_tc=178.8023
t=127800ms polish_tc=178.7302
t=128258ms polish_tc=178.6224
t=128557ms polish_tc=178.5116
t=129247ms polish_tc=178.3310
t=129542ms polish_tc=178.2926
t=129800ms polish_tc=178.2915
t=130258ms polish_tc=178.0275
t=130526ms polish_tc=177.7974
t=131241ms polish_tc=177.7881
t=131499ms polish_tc=177.7497
t=131775ms polish_tc=177.7069
t=132256ms polish_tc=177.6693
t=132555ms polish_tc=177.5731
t=133250ms polish_tc=177.5711
t=133524ms polish_tc=177.5575
t=133795ms polish_tc=177.4929
t=134258ms polish_tc=177.4764
t=134531ms polish_tc=177.1495
t=135244ms polish_tc=177.1352
t=135516ms polish_tc=177.1201
t=135794ms polish_tc=177.0497
t=136255ms polish_tc=177.0001
t=136521ms polish_tc=176.8904
t=137239ms polish_tc=176.1504
t=137502ms polish_tc=175.9620
t=137756ms polish_tc=175.9536
t=138245ms polish_tc=175.9345
t=138504ms polish_tc=175.8965
t=138755ms polish_tc=175.8789
t=139255ms polish_tc=175.1985
t=139504ms polish_tc=175.0596
t=140237ms polish_tc=175.0083
t=140477ms polish_tc=174.8232
t=140751ms polish_tc=174.7967
t=141250ms polish_tc=174.6323
t=141512ms polish_tc=174.5498
t=141767ms polish_tc=174.5412
t=142256ms polish_tc=174.2139
t=142533ms polish_tc=173.8849
t=143244ms polish_tc=173.7981
t=143528ms polish_tc=173.6916
t=143784ms polish_tc=173.3898
t=144252ms polish_tc=173.3742
t=144511ms polish_tc=173.2996
t=145234ms polish_tc=173.1445
t=145496ms polish_tc=173.0896
t=145752ms polish_tc=173.0081
t=146239ms polish_tc=172.8408
t=146494ms polish_tc=172.8341
t=146741ms polish_tc=172.7625
t=147246ms polish_tc=172.7296
t=147515ms polish_tc=172.6272
t=147758ms polish_tc=172.1601
t=148252ms polish_tc=172.0379
t=148502ms polish_tc=171.8392
t=149234ms polish_tc=171.7842
t=149505ms polish_tc=171.6434
t=149773ms polish_tc=171.6206
t=150243ms polish_tc=171.5634
t=150502ms polish_tc=171.5258
t=150746ms polish_tc=171.4193
t=151252ms polish_tc=171.3782
t=151525ms polish_tc=171.3634
t=152234ms polish_tc=171.1633
t=152481ms polish_tc=171.1477
t=152720ms polish_tc=171.0611
t=153237ms polish_tc=171.0374
t=153492ms polish_tc=171.0307
t=153753ms polish_tc=170.9401
t=154243ms polish_tc=170.3381
t=154485ms polish_tc=170.1173
t=154732ms polish_tc=170.0356
t=155244ms polish_tc=169.9926
t=155473ms polish_tc=169.8032
t=155708ms polish_tc=169.8002
t=156242ms polish_tc=169.5331
t=156485ms polish_tc=169.4147
t=156724ms polish_tc=169.4032
t=157245ms polish_tc=169.2525
t=157480ms polish_tc=169.1594
t=157722ms polish_tc=169.1284
t=158247ms polish_tc=169.0702
t=158485ms polish_tc=169.0406
t=158722ms polish_tc=168.8691
t=159247ms polish_tc=168.8242
t=159498ms polish_tc=168.8132
t=159741ms polish_tc=168.6823
t=160247ms polish_tc=168.6428
t=160482ms polish_tc=168.5906
t=160726ms polish_tc=168.4620
t=161249ms polish_tc=168.3592
t=161492ms polish_tc=168.3323
t=161729ms polish_tc=168.2948
t=162249ms polish_tc=168.2912
t=162487ms polish_tc=168.1465
t=162734ms polish_tc=168.0460
t=163251ms polish_tc=167.9579
t=163503ms polish_tc=167.8440
t=163748ms polish_tc=167.8343
t=164267ms polish_tc=167.8327
t=164492ms polish_tc=167.7712
t=165232ms polish_tc=167.7457
t=165452ms polish_tc=167.5959
t=166253ms polish_tc=167.4632
t=167240ms polish_tc=167.4417
t=167461ms polish_tc=167.3965
t=168264ms polish_tc=167.3941
t=169246ms polish_tc=167.3549
t=169478ms polish_tc=167.3472
t=170259ms polish_tc=167.3247
t=171260ms polish_tc=167.2830
t=172248ms polish_tc=167.1113
t=172488ms polish_tc=167.0333
t=173265ms polish_tc=166.9721
t=174256ms polish_tc=166.8811
t=174488ms polish_tc=166.8436
t=175263ms polish_tc=166.7240
t=176241ms polish_tc=166.6886
t=176505ms polish_tc=166.5919
t=177257ms polish_tc=166.5160
t=178252ms polish_tc=166.3763
t=179236ms polish_tc=166.2691
t=179467ms polish_tc=166.2211
t=180284ms polish_tc=166.2100
t=180505ms polish_tc=166.1747
t=181259ms polish_tc=166.1667
t=182246ms polish_tc=166.0114
t=182454ms polish_tc=165.8775
t=183258ms polish_tc=165.7930
t=184246ms polish_tc=165.7673
t=184464ms polish_tc=165.7483
t=185284ms polish_tc=165.6332
t=186232ms polish_tc=165.4837
t=186475ms polish_tc=165.4229
t=187251ms polish_tc=165.3702
t=188229ms polish_tc=165.2840
t=188445ms polish_tc=165.2654
t=189247ms polish_tc=165.2503
t=189445ms polish_tc=165.1981
t=190262ms polish_tc=165.1039
t=191239ms polish_tc=165.0849
t=191456ms polish_tc=165.0689
t=192259ms polish_tc=165.0650
t=192451ms polish_tc=165.0495
t=193247ms polish_tc=165.0218
t=194252ms polish_tc=165.0212
t=195255ms polish_tc=164.9934
t=196242ms polish_tc=164.9756
t=196451ms polish_tc=164.9645
t=197251ms polish_tc=164.7983
t=198246ms polish_tc=164.7969
t=198459ms polish_tc=164.6794
t=199261ms polish_tc=164.5855
t=200234ms polish_tc=164.5468
t=200435ms polish_tc=164.4483
t=201262ms polish_tc=164.3786
t=202245ms polish_tc=164.3497
t=202454ms polish_tc=164.3201
t=203248ms polish_tc=164.3201
t=204229ms polish_tc=164.3032
t=204447ms polish_tc=164.2955
t=205261ms polish_tc=164.1585
t=206247ms polish_tc=164.0962
t=206464ms polish_tc=163.9721
t=207241ms polish_tc=163.9462
t=208232ms polish_tc=163.9414
t=208452ms polish_tc=163.9277
t=209263ms polish_tc=163.9195
t=210242ms polish_tc=163.9094
t=210516ms polish_tc=163.8567
t=211260ms polish_tc=163.8042
t=212234ms polish_tc=163.7700
t=212442ms polish_tc=163.7699
t=213260ms polish_tc=163.7697
t=214238ms polish_tc=163.7237
t=214461ms polish_tc=163.7226
t=215244ms polish_tc=163.7216
t=216257ms polish_tc=163.7169
t=217247ms polish_tc=163.7139
t=217462ms polish_tc=163.7123
t=218255ms polish_tc=163.6894
t=219252ms polish_tc=163.6600
t=220238ms polish_tc=163.6483
t=220442ms polish_tc=163.6419
t=221245ms polish_tc=163.6362
t=221448ms polish_tc=163.6361
t=222258ms polish_tc=163.6360
t=223233ms polish_tc=163.6344
t=223442ms polish_tc=163.6165
t=224257ms polish_tc=163.6138
t=225240ms polish_tc=163.6134
t=225433ms polish_tc=163.5985
t=226253ms polish_tc=163.5864
t=227229ms polish_tc=163.4603
t=227438ms polish_tc=163.4446
t=228254ms polish_tc=163.4321
t=228505ms polish_tc=163.4024
t=229249ms polish_tc=163.3665
t=230244ms polish_tc=163.3487
t=231254ms polish_tc=163.2542
t=231479ms polish_tc=163.1959
t=232254ms polish_tc=163.0709
t=233249ms polish_tc=163.0704
t=234240ms polish_tc=163.0478
t=234456ms polish_tc=163.0173
t=235265ms polish_tc=163.0171
t=236234ms polish_tc=163.0150
t=236451ms polish_tc=162.9503
t=237263ms polish_tc=162.9261
t=238249ms polish_tc=162.8099
t=238491ms polish_tc=162.7655
t=239262ms polish_tc=162.7190
t=240244ms polish_tc=162.5846
t=240460ms polish_tc=162.4381
t=241250ms polish_tc=162.3852
t=241459ms polish_tc=162.3810
t=242248ms polish_tc=162.3796
t=243231ms polish_tc=162.3521
t=243455ms polish_tc=162.1118
t=244241ms polish_tc=162.0946
t=244453ms polish_tc=162.0942
t=245258ms polish_tc=162.0327
t=245473ms polish_tc=162.0104
t=246247ms polish_tc=162.0104
t=247238ms polish_tc=161.9696
t=247452ms polish_tc=161.9322
t=248241ms polish_tc=161.9066
t=249245ms polish_tc=161.8412
t=249482ms polish_tc=161.8411
t=250250ms polish_tc=161.8163
t=251246ms polish_tc=161.8163
t=251454ms polish_tc=161.8147
t=252255ms polish_tc=161.8058
t=252475ms polish_tc=161.7862
t=253263ms polish_tc=161.7848
t=253480ms polish_tc=161.6284
t=254253ms polish_tc=161.6169
t=255240ms polish_tc=161.3564
t=255448ms polish_tc=161.1246
t=256251ms polish_tc=161.1199
t=257241ms polish_tc=160.8455
t=257456ms polish_tc=160.8294
t=258261ms polish_tc=160.7676
t=258470ms polish_tc=160.6287
t=259268ms polish_tc=160.6080
t=260241ms polish_tc=160.5888
t=260449ms polish_tc=160.5661
t=261264ms polish_tc=160.4959
t=262246ms polish_tc=160.4936
t=262462ms polish_tc=160.2732
t=263241ms polish_tc=160.1557
t=263447ms polish_tc=160.0501
t=264254ms polish_tc=159.6798
t=264461ms polish_tc=159.5618
t=265259ms polish_tc=159.5584
t=266238ms polish_tc=159.5424
t=266452ms polish_tc=159.5413
t=267254ms polish_tc=159.5328
t=267466ms polish_tc=159.4491
t=268253ms polish_tc=159.4468
t=269246ms polish_tc=159.3724
t=269458ms polish_tc=159.3713
t=270261ms polish_tc=159.3175
t=271237ms polish_tc=159.0471
t=271459ms polish_tc=158.9571
t=272250ms polish_tc=158.6184
t=272458ms polish_tc=158.5113
t=273255ms polish_tc=158.4609
t=273464ms polish_tc=158.2861
t=274249ms polish_tc=158.2779
t=274443ms polish_tc=158.2692
t=275254ms polish_tc=158.2680
t=275448ms polish_tc=158.1905
t=276256ms polish_tc=158.1332
t=277227ms polish_tc=158.0095
t=277414ms polish_tc=157.9354
t=278243ms polish_tc=157.8957
t=278432ms polish_tc=157.8555
t=279255ms polish_tc=157.7287
t=279456ms polish_tc=157.6741
t=280246ms polish_tc=157.5563
t=280436ms polish_tc=157.5488
t=281242ms polish_tc=157.5345
t=281441ms polish_tc=157.5337
t=282247ms polish_tc=157.4877
t=282433ms polish_tc=157.3595
t=283255ms polish_tc=157.3141
t=283444ms polish_tc=157.2768
t=284255ms polish_tc=157.2294
t=284449ms polish_tc=157.2195
t=285251ms polish_tc=157.2043
t=285448ms polish_tc=157.1421
t=286240ms polish_tc=157.0545
t=286440ms polish_tc=156.9582
t=287252ms polish_tc=156.9301
t=288235ms polish_tc=156.8772
t=288447ms polish_tc=156.7872
t=289258ms polish_tc=156.7774
t=290232ms polish_tc=156.7323
t=290440ms polish_tc=156.6626
t=291259ms polish_tc=156.6100
t=292245ms polish_tc=156.5757
anneal_sweeps=1032 cycles=1 fresh=0
t_final=292255ms tc_greedy=267.0224 tc_mcts=256.0224 tc_final=156.5757 tc_full=156.5757 leaves=1000
