simplify: n_orig=2203 n_reduced=761 shrink=0.6546 t_simp=15ms
t_seed=616ms tc_seed=59.7570 seed_trials=8
t_dp=617ms tc_greedy=59.7570
t=9653ms mcts_tc=59.0775
t=30178ms mcts_tc=57.8741
t_mcts=56535ms mcts: backup=min rollouts=320 rate=6/s depth=3 nodes=321 improves=2 tc_mcts=57.8741
ATTRIBUTION tc_greedy=59.7570 tc_mcts_prepolish=57.8741 mcts_beats_greedy=true
t=57017ms polish_tc=57.0037
t=57156ms polish_tc=57.0033
t=57299ms polish_tc=56.0079
t=58024ms polish_tc=54.0444
t=58180ms polish_tc=54.0384
t=58325ms polish_tc=54.0353
t=59020ms polish_tc=54.0272
t=59173ms polish_tc=54.0269
t=59317ms polish_tc=54.0265
t=59452ms polish_tc=54.0265
t=60009ms polish_tc=54.0258
t=60143ms polish_tc=54.0248
t=60280ms polish_tc=54.0248
t=61022ms polish_tc=54.0246
t=61152ms polish_tc=54.0244
t=61290ms polish_tc=53.0665
t=62012ms polish_tc=52.1675
t=62145ms polish_tc=52.1619
t=62279ms polish_tc=52.1584
t=63010ms polish_tc=52.1275
t=63144ms polish_tc=52.1220
t=63288ms polish_tc=52.1139
t=64017ms polish_tc=52.1132
t=64156ms polish_tc=52.1100
t=64298ms polish_tc=51.2474
t=65026ms polish_tc=51.2427
t=65169ms polish_tc=51.2361
t=65319ms polish_tc=51.2355
t=66024ms polish_tc=51.2332
t=66174ms polish_tc=51.2308
t=66319ms polish_tc=51.2265
t=67025ms polish_tc=51.2230
t=67230ms polish_tc=50.4999
t=68022ms polish_tc=50.4859
t=68183ms polish_tc=50.4789
t=69012ms polish_tc=50.4758
t=69173ms polish_tc=50.4646
t=69337ms polish_tc=50.4493
t=70028ms polish_tc=50.4482
t=70199ms polish_tc=50.4461
t=70360ms polish_tc=50.4451
t=70524ms polish_tc=50.4430
t=71018ms polish_tc=50.4420
t=71175ms polish_tc=50.4389
t=71336ms polish_tc=50.4368
t=71494ms polish_tc=50.4347
t=72027ms polish_tc=49.8266
t=72192ms polish_tc=49.8218
t=73013ms polish_tc=49.8202
t=73161ms polish_tc=49.8154
t=73318ms polish_tc=49.8090
t=74020ms polish_tc=49.8042
t=74169ms polish_tc=49.8042
t=75015ms polish_tc=49.4471
t=75189ms polish_tc=49.4326
t=76017ms polish_tc=49.4305
t=76193ms polish_tc=49.4284
t=76375ms polish_tc=49.4284
t=77068ms polish_tc=49.4284
t=77260ms polish_tc=49.4094
t=78031ms polish_tc=49.4094
t=78212ms polish_tc=49.2551
t=79022ms polish_tc=49.2095
t=79194ms polish_tc=49.2046
t=80022ms polish_tc=49.2046
t=80199ms polish_tc=49.2022
t=81020ms polish_tc=49.1948
t=81211ms polish_tc=49.1849
t=82024ms polish_tc=49.1370
t=82205ms polish_tc=49.1370
t=83033ms polish_tc=49.1293
t=83218ms polish_tc=49.1241
t=84019ms polish_tc=49.1164
t=84195ms polish_tc=49.1164
t=85021ms polish_tc=49.1085
t=85219ms polish_tc=49.1059
t=86033ms polish_tc=49.1007
t=86220ms polish_tc=49.0980
t=87025ms polish_tc=49.0795
t=103519ms polish_tc=49.0327
t=104030ms polish_tc=49.0273
t=104252ms polish_tc=49.0268
t=105024ms polish_tc=48.9738
t=105239ms polish_tc=48.9665
t=106027ms polish_tc=48.9252
t=106241ms polish_tc=48.9215
t=107033ms polish_tc=48.9065
t=107299ms polish_tc=48.8839
t=108031ms polish_tc=48.8699
t=108340ms polish_tc=48.8689
t=108641ms polish_tc=48.8407
t=109020ms polish_tc=48.8377
t=109335ms polish_tc=48.8273
t=109589ms polish_tc=48.8225
t=110023ms polish_tc=48.8196
t=110243ms polish_tc=48.8142
t=111031ms polish_tc=48.8109
t=111242ms polish_tc=48.8099
t=112026ms polish_tc=48.8072
t=112302ms polish_tc=48.8053
t=113033ms polish_tc=48.8010
t=113253ms polish_tc=48.7903
t=114038ms polish_tc=48.7887
t=114246ms polish_tc=48.7886
t=115029ms polish_tc=48.7838
t=115250ms polish_tc=48.7707
t=116038ms polish_tc=48.7689
t=116238ms polish_tc=48.7648
t=117033ms polish_tc=48.7587
t=117232ms polish_tc=48.7551
t=118071ms polish_tc=48.7542
t=118279ms polish_tc=48.7539
t=119034ms polish_tc=48.7507
t=119286ms polish_tc=48.7428
t=120039ms polish_tc=48.7386
t=120242ms polish_tc=48.7331
t=121034ms polish_tc=48.7294
t=121274ms polish_tc=48.7256
t=122032ms polish_tc=48.7222
t=122240ms polish_tc=48.7139
t=123066ms polish_tc=48.7087
t=123304ms polish_tc=48.7072
t=123503ms polish_tc=48.7038
t=124021ms polish_tc=48.7011
t=124230ms polish_tc=48.6984
t=124432ms polish_tc=48.6927
t=124631ms polish_tc=48.6849
t=125021ms polish_tc=48.6840
t=125238ms polish_tc=48.6736
t=125438ms polish_tc=48.6665
t=125693ms polish_tc=48.6647
t=126023ms polish_tc=48.6612
t=126227ms polish_tc=48.6585
t=126425ms polish_tc=48.6539
t=127029ms polish_tc=48.6527
t=127214ms polish_tc=48.6492
t=128061ms polish_tc=48.6485
t=128249ms polish_tc=48.6459
t=128440ms polish_tc=48.6458
t=129019ms polish_tc=48.6454
t=129201ms polish_tc=48.6449
t=129695ms polish_tc=48.6351
t=129884ms polish_tc=48.6347
t=130074ms polish_tc=48.6321
t=130283ms polish_tc=48.6318
t=130475ms polish_tc=48.6293
t=130773ms polish_tc=48.6269
t=131023ms polish_tc=48.6268
t=131241ms polish_tc=48.6248
t=131440ms polish_tc=48.6225
t=131638ms polish_tc=48.6222
t=132015ms polish_tc=48.6199
t=132220ms polish_tc=48.6186
t=132412ms polish_tc=48.6094
t=132598ms polish_tc=48.6075
t=133018ms polish_tc=48.6047
t=133215ms polish_tc=48.6037
t=133402ms polish_tc=48.5949
t=133592ms polish_tc=48.5899
t=134015ms polish_tc=48.5891
t=134212ms polish_tc=48.5884
t=134398ms polish_tc=48.5881
t=134591ms polish_tc=48.5881
t=134775ms polish_tc=48.5873
t=135025ms polish_tc=48.5872
t=135217ms polish_tc=48.5858
t=135488ms polish_tc=48.5857
t=135695ms polish_tc=48.5795
t=136023ms polish_tc=48.5610
t=136449ms polish_tc=48.5592
t=136638ms polish_tc=48.5591
t=136822ms polish_tc=48.5591
t=137020ms polish_tc=48.5558
t=137215ms polish_tc=48.5558
t=137404ms polish_tc=48.5554
t=137597ms polish_tc=48.5553
t=138018ms polish_tc=48.5552
t=138285ms polish_tc=48.5487
t=138466ms polish_tc=48.5485
t=138636ms polish_tc=48.5475
t=138873ms polish_tc=48.5466
t=139063ms polish_tc=48.5457
t=139252ms polish_tc=48.5441
t=139448ms polish_tc=48.5439
t=139620ms polish_tc=48.5399
t=140019ms polish_tc=48.5398
t=140214ms polish_tc=48.5369
t=140405ms polish_tc=48.5343
t=140601ms polish_tc=48.5337
t=141017ms polish_tc=48.5332
t=141204ms polish_tc=48.5283
t=141386ms polish_tc=48.5244
t=141571ms polish_tc=48.5205
t=141750ms polish_tc=48.5185
t=142024ms polish_tc=48.5184
t=142210ms polish_tc=48.5183
t=142406ms polish_tc=48.5145
t=142599ms polish_tc=48.5108
t=143020ms polish_tc=48.5108
t=143261ms polish_tc=48.5107
t=143439ms polish_tc=48.5106
t=143634ms polish_tc=48.5078
t=143814ms polish_tc=48.5068
t=144029ms polish_tc=48.5031
t=144209ms polish_tc=48.5028
t=144393ms polish_tc=48.5028
t=145002ms polish_tc=48.5007
t=145189ms polish_tc=48.4952
t=145372ms polish_tc=48.4892
t=145549ms polish_tc=48.4889
t=145742ms polish_tc=48.4877
t=145930ms polish_tc=48.4865
t=146120ms polish_tc=48.4865
t=146314ms polish_tc=48.4828
t=146500ms polish_tc=48.4786
t=146676ms polish_tc=48.4786
t=147019ms polish_tc=48.4785
t=147207ms polish_tc=48.4785
t=147392ms polish_tc=48.4785
t=147583ms polish_tc=48.4785
t=147809ms polish_tc=48.4622
t=148026ms polish_tc=48.4622
t=148199ms polish_tc=48.4622
t=148381ms polish_tc=48.4581
t=148562ms polish_tc=48.4540
t=149018ms polish_tc=48.4540
t=149198ms polish_tc=48.4540
t=149380ms polish_tc=48.4540
t=149559ms polish_tc=48.4540
t=149733ms polish_tc=48.4540
t=150026ms polish_tc=48.4540
t=150284ms polish_tc=48.4457
t=150468ms polish_tc=48.4457
t=150801ms polish_tc=48.4416
t=151018ms polish_tc=48.4385
t=151192ms polish_tc=48.4374
t=151365ms polish_tc=48.4365
t=151541ms polish_tc=48.4344
t=151716ms polish_tc=48.4344
t=152017ms polish_tc=48.4333
t=152187ms polish_tc=48.4333
t=152357ms polish_tc=48.4333
t=152534ms polish_tc=48.4312
t=153015ms polish_tc=48.4312
t=153189ms polish_tc=48.4301
t=153379ms polish_tc=48.4300
t=153545ms polish_tc=48.4300
t=153731ms polish_tc=48.4299
t=154022ms polish_tc=48.4297
t=154202ms polish_tc=48.4295
t=154380ms polish_tc=48.4294
t=155934ms polish_tc=48.4286
t=156124ms polish_tc=48.4285
t=156334ms polish_tc=48.4279
t=156518ms polish_tc=48.4278
t=156696ms polish_tc=48.4277
t=156862ms polish_tc=48.4277
t=157075ms polish_tc=48.4259
t=157259ms polish_tc=48.4227
t=157453ms polish_tc=48.4200
t=157631ms polish_tc=48.4193
t=158021ms polish_tc=48.4183
t=158209ms polish_tc=48.4173
t=158399ms polish_tc=48.4173
t=159603ms polish_tc=48.4151
t=159777ms polish_tc=48.4151
t=159974ms polish_tc=48.4151
t=160169ms polish_tc=48.4151
t=160358ms polish_tc=48.4151
t=162116ms polish_tc=48.4113
t=162292ms polish_tc=48.4113
t=162470ms polish_tc=48.4112
t=162654ms polish_tc=48.4049
t=162824ms polish_tc=48.4038
t=163026ms polish_tc=48.4027
t=163201ms polish_tc=48.4005
t=163392ms polish_tc=48.3984
t=163570ms polish_tc=48.3962
t=164018ms polish_tc=48.3919
t=164180ms polish_tc=48.3919
t=164348ms polish_tc=48.3876
t=164561ms polish_tc=48.3812
t=164734ms polish_tc=48.3811
t=165022ms polish_tc=48.3811
t=165256ms polish_tc=48.3795
t=165440ms polish_tc=48.3795
t=165612ms polish_tc=48.3795
t=166014ms polish_tc=48.3792
t=166198ms polish_tc=48.3781
t=166374ms polish_tc=48.3770
t=166541ms polish_tc=48.3727
t=166716ms polish_tc=48.3727
t=167020ms polish_tc=48.3726
t=167201ms polish_tc=48.3726
t=167377ms polish_tc=48.3726
t=167581ms polish_tc=48.3660
t=167763ms polish_tc=48.3573
t=168026ms polish_tc=48.3529
t=168209ms polish_tc=48.3484
t=168385ms polish_tc=48.3440
t=168566ms polish_tc=48.3440
t=169019ms polish_tc=48.3396
t=169200ms polish_tc=48.3329
t=169384ms polish_tc=48.3329
t=169563ms polish_tc=48.3329
t=169739ms polish_tc=48.3306
t=170027ms polish_tc=48.3261
t=170203ms polish_tc=48.3239
t=170379ms polish_tc=48.3239
t=170557ms polish_tc=48.3239
t=171017ms polish_tc=48.3239
t=172649ms polish_tc=48.3236
t=172839ms polish_tc=48.3207
t=173015ms polish_tc=48.3121
t=173190ms polish_tc=48.3114
t=173356ms polish_tc=48.3065
t=173520ms polish_tc=48.3050
t=173679ms polish_tc=48.3047
t=174026ms polish_tc=48.3041
t=174193ms polish_tc=48.3040
t=174361ms polish_tc=48.3039
t=174533ms polish_tc=48.3038
t=175015ms polish_tc=48.3026
t=175186ms polish_tc=48.3019
t=175378ms polish_tc=48.3013
t=175587ms polish_tc=48.3011
t=175766ms polish_tc=48.3007
t=176025ms polish_tc=48.2964
t=176207ms polish_tc=48.2921
t=176396ms polish_tc=48.2898
t=176571ms polish_tc=48.2878
t=176744ms polish_tc=48.2855
t=177030ms polish_tc=48.2825
t=177247ms polish_tc=48.2823
t=177423ms polish_tc=48.2823
t=177707ms polish_tc=48.2737
t=178020ms polish_tc=48.2736
t=178195ms polish_tc=48.2735
t=178364ms polish_tc=48.2735
t=178533ms polish_tc=48.2691
t=178703ms polish_tc=48.2686
t=179026ms polish_tc=48.2637
t=179191ms polish_tc=48.2637
t=179368ms polish_tc=48.2636
t=179541ms polish_tc=48.2636
t=180014ms polish_tc=48.2636
t=180187ms polish_tc=48.2636
t=180429ms polish_tc=48.2613
t=180608ms polish_tc=48.2613
t=180771ms polish_tc=48.2590
t=181020ms polish_tc=48.2589
t=181209ms polish_tc=48.2589
t=182163ms polish_tc=48.2571
t=182356ms polish_tc=48.2565
t=182559ms polish_tc=48.2563
t=182757ms polish_tc=48.2473
t=183021ms polish_tc=48.2470
t=183228ms polish_tc=48.2469
t=183470ms polish_tc=48.2468
t=183673ms polish_tc=48.2465
t=184039ms polish_tc=48.2460
t=184258ms polish_tc=48.2369
t=184479ms polish_tc=48.2367
t=184682ms polish_tc=48.2367
t=185021ms polish_tc=48.2290
t=185218ms polish_tc=48.2272
t=185418ms polish_tc=48.2247
t=185752ms polish_tc=48.2246
t=186015ms polish_tc=48.2246
t=186188ms polish_tc=48.2244
t=186380ms polish_tc=48.2244
t=186570ms polish_tc=48.2244
t=187019ms polish_tc=48.2241
t=187202ms polish_tc=48.2240
t=187853ms polish_tc=48.2179
t=188095ms polish_tc=48.2136
t=188271ms polish_tc=48.2134
t=188527ms polish_tc=48.2115
t=188701ms polish_tc=48.2103
t=189014ms polish_tc=48.1957
t=189234ms polish_tc=48.1956
t=189459ms polish_tc=48.1857
t=189648ms polish_tc=48.1779
t=189828ms polish_tc=48.1754
t=190027ms polish_tc=48.1751
t=190224ms polish_tc=48.1715
t=190404ms polish_tc=48.1714
t=190583ms polish_tc=48.1665
t=191023ms polish_tc=48.1664
t=191226ms polish_tc=48.1651
t=191401ms polish_tc=48.1651
t=191578ms polish_tc=48.1651
t=192020ms polish_tc=48.1651
t=192214ms polish_tc=48.1648
t=192390ms polish_tc=48.1646
t=192568ms polish_tc=48.1626
t=193015ms polish_tc=48.1626
t=193215ms polish_tc=48.1626
t=193402ms polish_tc=48.1626
t=193603ms polish_tc=48.1626
t=193775ms polish_tc=48.1626
t=194028ms polish_tc=48.1626
t=194229ms polish_tc=48.1575
t=194400ms polish_tc=48.1550
t=194578ms polish_tc=48.1525
t=195022ms polish_tc=48.1525
t=195201ms polish_tc=48.1525
t=195379ms polish_tc=48.1522
t=195559ms polish_tc=48.1520
t=196017ms polish_tc=48.1478
t=196193ms polish_tc=48.1477
t=196369ms polish_tc=48.1431
t=196543ms polish_tc=48.1418
t=196730ms polish_tc=48.1418
t=197028ms polish_tc=48.1417
t=197211ms polish_tc=48.1417
t=197430ms polish_tc=48.1393
t=197603ms polish_tc=48.1374
t=198020ms polish_tc=48.1355
t=198212ms polish_tc=48.1342
t=198399ms polish_tc=48.1342
t=198584ms polish_tc=48.1335
t=199017ms polish_tc=48.1335
t=199202ms polish_tc=48.1335
t=199392ms polish_tc=48.1265
t=199578ms polish_tc=48.1261
t=199811ms polish_tc=48.1261
t=200026ms polish_tc=48.1259
t=200212ms polish_tc=48.1259
t=200397ms polish_tc=48.1259
t=200586ms polish_tc=48.1258
t=201023ms polish_tc=48.1258
t=201203ms polish_tc=48.1180
t=201387ms polish_tc=48.1180
t=201571ms polish_tc=48.1180
t=202271ms polish_tc=48.1098
t=202455ms polish_tc=48.1052
t=202656ms polish_tc=48.1033
t=202855ms polish_tc=48.0978
t=203047ms polish_tc=48.0936
t=203233ms polish_tc=48.0931
t=203462ms polish_tc=48.0853
t=203650ms polish_tc=48.0842
t=204017ms polish_tc=48.0833
t=204202ms polish_tc=48.0829
t=204400ms polish_tc=48.0776
t=204583ms polish_tc=48.0722
t=204772ms polish_tc=48.0707
t=205027ms polish_tc=48.0685
t=205208ms polish_tc=48.0624
t=205384ms polish_tc=48.0624
t=205579ms polish_tc=48.0583
t=206019ms polish_tc=48.0529
t=206201ms polish_tc=48.0516
t=206370ms polish_tc=48.0515
t=206558ms polish_tc=48.0515
t=207013ms polish_tc=48.0472
t=207188ms polish_tc=48.0470
t=207370ms polish_tc=48.0416
t=207555ms polish_tc=48.0407
t=207762ms polish_tc=48.0394
t=208023ms polish_tc=48.0340
t=208220ms polish_tc=48.0258
t=208396ms polish_tc=48.0255
t=208588ms polish_tc=48.0254
t=209017ms polish_tc=48.0231
t=209203ms polish_tc=48.0223
t=209389ms polish_tc=48.0222
t=209573ms polish_tc=48.0201
t=209796ms polish_tc=48.0167
t=210028ms polish_tc=48.0146
t=210206ms polish_tc=48.0125
t=210384ms polish_tc=48.0125
t=210571ms polish_tc=48.0069
t=211026ms polish_tc=48.0043
t=211212ms polish_tc=48.0028
t=211403ms polish_tc=47.9972
t=211601ms polish_tc=47.9857
t=212022ms polish_tc=47.9857
t=212215ms polish_tc=47.9857
t=212401ms polish_tc=47.9857
t=212594ms polish_tc=47.9857
t=213015ms polish_tc=47.9857
t=213234ms polish_tc=47.9789
t=213411ms polish_tc=47.9789
t=213592ms polish_tc=47.9670
t=213776ms polish_tc=47.9663
t=214024ms polish_tc=47.9635
t=214213ms polish_tc=47.9634
t=214395ms polish_tc=47.9634
t=214656ms polish_tc=47.9576
t=215018ms polish_tc=47.9519
t=215202ms polish_tc=47.9519
t=215414ms polish_tc=47.9519
t=215601ms polish_tc=47.9518
t=216015ms polish_tc=47.9518
t=216197ms polish_tc=47.9496
t=216371ms polish_tc=47.9496
t=216915ms polish_tc=47.9493
t=217094ms polish_tc=47.9384
t=217272ms polish_tc=47.9336
t=217451ms polish_tc=47.9327
t=217661ms polish_tc=47.9275
t=217823ms polish_tc=47.9273
t=218048ms polish_tc=47.9273
t=218216ms polish_tc=47.9243
t=218384ms polish_tc=47.9050
t=218568ms polish_tc=47.9026
t=219017ms polish_tc=47.8986
t=219183ms polish_tc=47.8870
t=219357ms polish_tc=47.8803
t=219525ms polish_tc=47.8739
t=219697ms polish_tc=47.8717
t=220022ms polish_tc=47.8689
t=220188ms polish_tc=47.8660
t=220362ms polish_tc=47.8591
t=220534ms polish_tc=47.8574
t=220694ms polish_tc=47.8553
t=221025ms polish_tc=47.8494
t=221197ms polish_tc=47.8441
t=221374ms polish_tc=47.8426
t=221538ms polish_tc=47.8364
t=222019ms polish_tc=47.8247
t=222183ms polish_tc=47.8230
t=222347ms polish_tc=47.8201
t=222506ms polish_tc=47.8172
t=222678ms polish_tc=47.8105
t=223019ms polish_tc=47.8094
t=223210ms polish_tc=47.8048
t=223388ms polish_tc=47.8017
t=223550ms polish_tc=47.7979
t=223707ms polish_tc=47.7913
t=224024ms polish_tc=47.7847
t=224190ms polish_tc=47.7846
t=224443ms polish_tc=47.7837
t=224607ms polish_tc=47.7504
t=224760ms polish_tc=47.7498
t=225026ms polish_tc=47.7426
t=225188ms polish_tc=47.7308
t=225351ms polish_tc=47.7292
t=225510ms polish_tc=47.7292
t=225662ms polish_tc=47.7266
t=226026ms polish_tc=47.7239
t=226179ms polish_tc=47.7238
t=226368ms polish_tc=47.7212
t=226519ms polish_tc=47.7212
t=226700ms polish_tc=47.7150
t=227025ms polish_tc=47.7137
t=227186ms polish_tc=47.7130
t=227352ms polish_tc=47.7128
t=227513ms polish_tc=47.7120
t=227675ms polish_tc=47.7118
t=228025ms polish_tc=47.7118
t=228183ms polish_tc=47.7110
t=228356ms polish_tc=47.7068
t=228510ms polish_tc=47.6988
t=228659ms polish_tc=47.6971
t=229025ms polish_tc=47.6905
t=229193ms polish_tc=47.6866
t=229354ms polish_tc=47.6866
t=229511ms polish_tc=47.6866
t=229866ms polish_tc=47.6842
t=230026ms polish_tc=47.6842
t=230183ms polish_tc=47.6842
t=230342ms polish_tc=47.6842
t=230507ms polish_tc=47.6842
t=230670ms polish_tc=47.6841
t=231023ms polish_tc=47.6840
t=231180ms polish_tc=47.6840
t=231360ms polish_tc=47.6707
t=231528ms polish_tc=47.6699
t=234259ms polish_tc=47.6663
t=234436ms polish_tc=47.6658
t=235655ms polish_tc=47.6655
t=235816ms polish_tc=47.6638
t=236008ms polish_tc=47.6611
t=236166ms polish_tc=47.6530
t=236331ms polish_tc=47.6522
t=236488ms polish_tc=47.6522
t=236688ms polish_tc=47.6522
t=236846ms polish_tc=47.6521
t=237024ms polish_tc=47.6521
t=237188ms polish_tc=47.6384
t=237341ms polish_tc=47.6378
t=237493ms polish_tc=47.6378
t=238273ms polish_tc=47.6355
t=238441ms polish_tc=47.6269
t=238602ms polish_tc=47.6254
t=238766ms polish_tc=47.6166
t=238928ms polish_tc=47.6147
t=239091ms polish_tc=47.6133
t=239261ms polish_tc=47.6080
t=239413ms polish_tc=47.6020
t=239595ms polish_tc=47.5839
t=239752ms polish_tc=47.5837
t=240929ms polish_tc=47.5836
t=241075ms polish_tc=47.5760
t=241211ms polish_tc=47.5589
t=241385ms polish_tc=47.5589
t=241576ms polish_tc=47.5589
t=243470ms polish_tc=47.5576
t=244026ms polish_tc=47.5489
t=244188ms polish_tc=47.5450
t=245017ms polish_tc=47.5446
t=245170ms polish_tc=47.5402
t=245319ms polish_tc=47.5365
t=246026ms polish_tc=47.5346
t=246174ms polish_tc=47.5305
t=246337ms polish_tc=47.5285
t=247051ms polish_tc=47.5283
t=247314ms polish_tc=47.5283
t=249020ms polish_tc=47.5206
t=249188ms polish_tc=47.5206
t=250012ms polish_tc=47.5148
t=250176ms polish_tc=47.5058
t=250331ms polish_tc=47.4971
t=251022ms polish_tc=47.4959
t=251179ms polish_tc=47.4958
t=252020ms polish_tc=47.4947
t=252183ms polish_tc=47.4947
t=253011ms polish_tc=47.4942
t=253167ms polish_tc=47.4941
t=253334ms polish_tc=47.4936
t=254026ms polish_tc=47.4933
t=254180ms polish_tc=47.4933
t=254335ms polish_tc=47.4928
t=255026ms polish_tc=47.4928
t=255196ms polish_tc=47.4928
t=256026ms polish_tc=47.4788
t=256191ms polish_tc=47.4780
t=257020ms polish_tc=47.4772
t=257176ms polish_tc=47.4769
t=257340ms polish_tc=47.4768
t=258020ms polish_tc=47.4767
t=258172ms polish_tc=47.4767
t=259012ms polish_tc=47.4767
t=260637ms polish_tc=47.4761
t=261036ms polish_tc=47.4634
t=261190ms polish_tc=47.4611
t=262010ms polish_tc=47.4467
t=262162ms polish_tc=47.4433
t=262315ms polish_tc=47.4420
t=263028ms polish_tc=47.4371
t=263216ms polish_tc=47.4264
t=263368ms polish_tc=47.4182
t=264026ms polish_tc=47.4160
t=264187ms polish_tc=47.4155
t=264337ms polish_tc=47.4155
t=270419ms polish_tc=47.4153
t=271010ms polish_tc=47.4086
t=271156ms polish_tc=47.4086
t=271300ms polish_tc=47.4082
t=272024ms polish_tc=47.4076
t=272160ms polish_tc=47.4076
t=272308ms polish_tc=47.4071
t=273025ms polish_tc=47.4070
t=274031ms polish_tc=47.4070
t=274185ms polish_tc=47.4065
t=275018ms polish_tc=47.4060
t=275184ms polish_tc=47.4060
t=278156ms polish_tc=47.3938
t=278298ms polish_tc=47.3884
t=279012ms polish_tc=47.3872
t=283648ms polish_tc=47.3818
t=284032ms polish_tc=47.3808
t=284190ms polish_tc=47.3805
t=284330ms polish_tc=47.3800
t=285017ms polish_tc=47.3794
t=285219ms polish_tc=47.3768
t=285359ms polish_tc=47.3745
t=286027ms polish_tc=47.3740
t=286183ms polish_tc=47.3737
t=286339ms polish_tc=47.3734
t=287029ms polish_tc=47.3734
anneal_sweeps=127816 cycles=62 fresh=1
t_final=291008ms tc_greedy=59.7570 tc_mcts=57.8741 tc_final=47.3734 tc_full=47.3734 leaves=2203
