probe: instance=surfacecode_d21 n_orig=2203 n=761 fusible=0.6546 nlabels=798 t=13ms
seed_greedy tc=60.2593 t=547ms
t=1228ms iter=1 WAIST cost=51.0000 best_alt=35.0000 gap=16.0000 tried=5 sep_labels=35 clique_frac=0.01
t=1526ms iter=1 REBUILD reject new_tc=55.0088 (was 51.3265)
t=4728ms iter=1 incumb=51.3265 ratchet=49.9130 best=49.9009 since_improve=0
t=4756ms iter=2 WAIST cost=49.0000 best_alt=40.0000 gap=9.0000 tried=5 sep_labels=40 clique_frac=0.03
t=5247ms iter=2 REBUILD ACCEPT new_tc=49.3333 (was 49.9130)
t=6868ms iter=2 incumb=49.3333 ratchet=49.0054 best=49.0032 since_improve=0
t=6892ms iter=3 WAIST cost=45.0000 best_alt=33.0000 gap=12.0000 tried=5 sep_labels=33 clique_frac=0.04
t=7200ms iter=3 REBUILD reject new_tc=49.7625 (was 49.0054)
t=7458ms iter=3 incumb=49.0054 ratchet=49.0419 best=49.0032 since_improve=1
t=7484ms iter=4 WAIST cost=45.0000 best_alt=33.0000 gap=12.0000 tried=5 sep_labels=33 clique_frac=0.04
t=7791ms iter=4 REBUILD reject new_tc=49.7971 (was 49.0054)
t=8048ms iter=4 incumb=49.0054 ratchet=49.0345 best=49.0032 since_improve=2
t=8078ms iter=5 WAIST cost=45.0000 best_alt=33.0000 gap=12.0000 tried=5 sep_labels=33 clique_frac=0.04
t=8388ms iter=5 REBUILD reject new_tc=49.2387 (was 49.0054)
t=8643ms iter=5 incumb=49.0054 ratchet=49.0152 best=49.0032 since_improve=3
t=8674ms iter=6 WAIST cost=45.0000 best_alt=33.0000 gap=12.0000 tried=5 sep_labels=33 clique_frac=0.04
t=8981ms iter=6 REBUILD reject new_tc=52.1010 (was 49.0054)
t=9246ms iter=6 incumb=49.0054 ratchet=49.0400 best=49.0032 since_improve=4
t=9277ms iter=7 WAIST cost=45.0000 best_alt=33.0000 gap=12.0000 tried=5 sep_labels=33 clique_frac=0.04
t=9589ms iter=7 REBUILD reject new_tc=49.3580 (was 49.0054)
t=9851ms iter=7 incumb=49.0054 ratchet=49.0581 best=49.0032 since_improve=5
t=9884ms iter=8 WAIST cost=45.0000 best_alt=33.0000 gap=12.0000 tried=5 sep_labels=33 clique_frac=0.04
t=10195ms iter=8 REBUILD reject new_tc=51.2459 (was 49.0054)
t=10452ms iter=8 incumb=49.0054 ratchet=49.0932 best=49.0032 since_improve=6
t=10492ms iter=9 WAIST cost=45.0000 best_alt=33.0000 gap=12.0000 tried=5 sep_labels=33 clique_frac=0.04
t=10804ms iter=9 REBUILD reject new_tc=49.4021 (was 49.0054)
t=11073ms iter=9 incumb=49.0054 ratchet=49.1141 best=49.0032 since_improve=7
t=11105ms iter=10 WAIST cost=45.0000 best_alt=33.0000 gap=12.0000 tried=5 sep_labels=33 clique_frac=0.04
t=11416ms iter=10 REBUILD reject new_tc=50.0300 (was 49.0054)
t=11675ms iter=10 incumb=49.0054 ratchet=49.0293 best=49.0032 since_improve=8
t=11703ms iter=11 WAIST cost=45.0000 best_alt=33.0000 gap=12.0000 tried=5 sep_labels=33 clique_frac=0.04
t=12011ms iter=11 REBUILD reject new_tc=49.3871 (was 49.0054)
t=12268ms iter=11 incumb=49.0054 ratchet=49.0554 best=49.0032 since_improve=9
t=12294ms iter=12 WAIST cost=45.0000 best_alt=33.0000 gap=12.0000 tried=5 sep_labels=33 clique_frac=0.04
t=12777ms iter=12 REBUILD ACCEPT new_tc=48.8725 (was 49.0054)
t=13034ms iter=12 incumb=48.8725 ratchet=48.9205 best=48.8725 since_improve=1
t=13054ms iter=13 WAIST cost=46.0000 best_alt=33.0000 gap=13.0000 tried=5 sep_labels=33 clique_frac=0.04
t=13359ms iter=13 REBUILD reject new_tc=50.3145 (was 48.8725)
t=14695ms iter=13 incumb=48.8725 ratchet=48.8716 best=48.8347 since_improve=0
t=14727ms iter=14 WAIST cost=45.0000 best_alt=33.0000 gap=12.0000 tried=5 sep_labels=33 clique_frac=0.02
t=15040ms iter=14 REBUILD reject new_tc=49.4484 (was 48.8716)
t=15295ms iter=14 incumb=48.8716 ratchet=48.9377 best=48.8347 since_improve=1
t=15326ms iter=15 WAIST cost=45.0000 best_alt=33.0000 gap=12.0000 tried=5 sep_labels=33 clique_frac=0.02
t=15638ms iter=15 REBUILD reject new_tc=50.4681 (was 48.8716)
t=15891ms iter=15 incumb=48.8716 ratchet=48.8469 best=48.8347 since_improve=0
t=15912ms iter=16 WAIST cost=45.0000 best_alt=37.0000 gap=8.0000 tried=5 sep_labels=37 clique_frac=0.03
t=16217ms iter=16 REBUILD reject new_tc=54.0242 (was 48.8469)
t=16474ms iter=16 incumb=48.8469 ratchet=48.8960 best=48.8347 since_improve=1
t=16509ms iter=17 WAIST cost=45.0000 best_alt=33.0000 gap=12.0000 tried=5 sep_labels=33 clique_frac=0.03
t=16826ms iter=17 REBUILD reject new_tc=49.3952 (was 48.8469)
t=17077ms iter=17 incumb=48.8469 ratchet=48.9138 best=48.8347 since_improve=2
t=17103ms iter=18 WAIST cost=45.0000 best_alt=37.0000 gap=8.0000 tried=5 sep_labels=37 clique_frac=0.03
t=17416ms iter=18 REBUILD reject new_tc=53.0975 (was 48.8469)
t=17676ms iter=18 incumb=48.8469 ratchet=48.9200 best=48.8347 since_improve=3
t=17707ms iter=19 WAIST cost=45.0000 best_alt=37.0000 gap=8.0000 tried=5 sep_labels=37 clique_frac=0.03
t=18020ms iter=19 REBUILD reject new_tc=49.5137 (was 48.8469)
t=18277ms iter=19 incumb=48.8469 ratchet=48.8838 best=48.8347 since_improve=4
t=18302ms iter=20 WAIST cost=45.0000 best_alt=35.0000 gap=10.0000 tried=5 sep_labels=35 clique_frac=0.03
t=18609ms iter=20 REBUILD reject new_tc=50.4682 (was 48.8469)
t=18864ms iter=20 incumb=48.8469 ratchet=48.9110 best=48.8347 since_improve=5
t=18892ms iter=21 WAIST cost=45.0000 best_alt=35.0000 gap=10.0000 tried=5 sep_labels=35 clique_frac=0.04
t=19206ms iter=21 REBUILD reject new_tc=49.1384 (was 48.8469)
t=19461ms iter=21 incumb=48.8469 ratchet=48.8961 best=48.8347 since_improve=6
t=19484ms iter=22 WAIST cost=45.0000 best_alt=37.0000 gap=8.0000 tried=5 sep_labels=37 clique_frac=0.03
t=19806ms iter=22 REBUILD reject new_tc=49.3158 (was 48.8469)
t=20066ms iter=22 incumb=48.8469 ratchet=48.9140 best=48.8347 since_improve=7
t=20088ms iter=23 WAIST cost=45.0000 best_alt=35.0000 gap=10.0000 tried=5 sep_labels=35 clique_frac=0.02
t=20390ms iter=23 REBUILD reject new_tc=54.0211 (was 48.8469)
t=20652ms iter=23 incumb=48.8469 ratchet=48.9575 best=48.8347 since_improve=8
t=20687ms iter=24 WAIST cost=45.0000 best_alt=37.0000 gap=8.0000 tried=5 sep_labels=37 clique_frac=0.03
t=21003ms iter=24 REBUILD reject new_tc=49.1042 (was 48.8469)
t=21262ms iter=24 incumb=48.8469 ratchet=48.9020 best=48.8347 since_improve=9
t=21282ms iter=25 WAIST cost=45.0000 best_alt=37.0000 gap=8.0000 tried=5 sep_labels=37 clique_frac=0.03
t=21603ms iter=25 REBUILD reject new_tc=49.5246 (was 48.8469)
t=21869ms iter=25 incumb=48.8469 ratchet=48.9524 best=48.8347 since_improve=10
t=21897ms iter=26 WAIST cost=45.0000 best_alt=37.0000 gap=8.0000 tried=5 sep_labels=37 clique_frac=0.03
t=22221ms iter=26 REBUILD reject new_tc=49.4864 (was 48.8469)
t=22472ms iter=26 incumb=48.8469 ratchet=48.9661 best=48.8347 since_improve=11
t=22495ms iter=27 WAIST cost=45.0000 best_alt=35.0000 gap=10.0000 tried=5 sep_labels=35 clique_frac=0.02
t=22804ms iter=27 REBUILD reject new_tc=50.3453 (was 48.8469)
t=23058ms iter=27 incumb=48.8469 ratchet=48.9229 best=48.8347 since_improve=12
t=23086ms iter=28 WAIST cost=45.0000 best_alt=35.0000 gap=10.0000 tried=5 sep_labels=35 clique_frac=0.04
t=23390ms iter=28 REBUILD reject new_tc=55.0101 (was 48.8469)
t=23654ms iter=28 incumb=48.8469 ratchet=48.9083 best=48.8347 since_improve=13
t=23688ms iter=29 WAIST cost=45.0000 best_alt=35.0000 gap=10.0000 tried=5 sep_labels=35 clique_frac=0.03
t=23996ms iter=29 REBUILD reject new_tc=50.5452 (was 48.8469)
t=24253ms iter=29 incumb=48.8469 ratchet=48.8961 best=48.8347 since_improve=14
t=24281ms iter=30 WAIST cost=45.0000 best_alt=33.0000 gap=12.0000 tried=5 sep_labels=33 clique_frac=0.02
t=24606ms iter=30 REBUILD reject new_tc=49.2059 (was 48.8469)
t=24855ms iter=30 incumb=48.8469 ratchet=48.9580 best=48.8347 since_improve=15
t=24881ms iter=31 WAIST cost=45.0000 best_alt=35.0000 gap=10.0000 tried=5 sep_labels=35 clique_frac=0.04
t=25190ms iter=31 REBUILD reject new_tc=48.9397 (was 48.8469)
t=25447ms iter=31 incumb=48.8469 ratchet=48.9554 best=48.8347 since_improve=16
t=25473ms iter=32 WAIST cost=45.0000 best_alt=37.0000 gap=8.0000 tried=5 sep_labels=37 clique_frac=0.03
t=25782ms iter=32 REBUILD reject new_tc=51.2214 (was 48.8469)
t=26040ms iter=32 incumb=48.8469 ratchet=48.9091 best=48.8347 since_improve=17
t=26066ms iter=33 WAIST cost=45.0000 best_alt=37.0000 gap=8.0000 tried=5 sep_labels=37 clique_frac=0.03
t=26377ms iter=33 REBUILD reject new_tc=49.3626 (was 48.8469)
t=26636ms iter=33 incumb=48.8469 ratchet=48.9201 best=48.8347 since_improve=18
t=26663ms iter=34 WAIST cost=45.0000 best_alt=37.0000 gap=8.0000 tried=5 sep_labels=37 clique_frac=0.03
t=26980ms iter=34 REBUILD reject new_tc=49.4400 (was 48.8469)
t=27235ms iter=34 incumb=48.8469 ratchet=48.9549 best=48.8347 since_improve=19
t=27260ms iter=35 WAIST cost=45.0000 best_alt=37.0000 gap=8.0000 tried=5 sep_labels=37 clique_frac=0.03
t=27568ms iter=35 REBUILD reject new_tc=49.9416 (was 48.8469)
t=27828ms iter=35 incumb=48.8469 ratchet=48.9978 best=48.8347 since_improve=20
t=27851ms iter=36 WAIST cost=45.0000 best_alt=37.0000 gap=8.0000 tried=5 sep_labels=37 clique_frac=0.03
t=28158ms iter=36 REBUILD reject new_tc=57.0259 (was 48.8469)
t=28412ms iter=36 incumb=48.8469 ratchet=48.9812 best=48.8347 since_improve=21
t=28445ms iter=37 WAIST cost=45.0000 best_alt=33.0000 gap=12.0000 tried=5 sep_labels=33 clique_frac=0.03
t=28753ms iter=37 REBUILD reject new_tc=50.3550 (was 48.8469)
t=29005ms iter=37 incumb=48.8469 ratchet=48.9197 best=48.8347 since_improve=22
t=29030ms iter=38 WAIST cost=45.0000 best_alt=35.0000 gap=10.0000 tried=5 sep_labels=35 clique_frac=0.04
t=29526ms iter=38 REBUILD ACCEPT new_tc=48.4489 (was 48.8469)
t=29790ms iter=38 incumb=48.4489 ratchet=48.5216 best=48.4489 since_improve=1
t=29820ms iter=39 WAIST cost=45.0000 best_alt=40.0000 gap=5.0000 tried=5 sep_labels=40 clique_frac=0.02
t=30130ms iter=39 REBUILD reject new_tc=49.7157 (was 48.4489)
t=30602ms iter=39 incumb=48.4489 ratchet=48.5181 best=48.4466 since_improve=2
t=30637ms iter=40 WAIST cost=45.0000 best_alt=40.0000 gap=5.0000 tried=5 sep_labels=40 clique_frac=0.02
t=30949ms iter=40 REBUILD reject new_tc=48.6455 (was 48.4489)
t=31209ms iter=40 incumb=48.4489 ratchet=48.4736 best=48.4466 since_improve=3
t=31236ms iter=41 WAIST cost=45.0000 best_alt=40.0000 gap=5.0000 tried=5 sep_labels=40 clique_frac=0.02
t=31553ms iter=41 REBUILD reject new_tc=48.9307 (was 48.4489)
t=31807ms iter=41 incumb=48.4489 ratchet=48.5138 best=48.4466 since_improve=4
t=31836ms iter=42 WAIST cost=45.0000 best_alt=40.0000 gap=5.0000 tried=5 sep_labels=40 clique_frac=0.02
t=32145ms iter=42 REBUILD reject new_tc=54.0996 (was 48.4489)
t=32403ms iter=42 incumb=48.4489 ratchet=48.4800 best=48.4466 since_improve=5
t=32424ms iter=43 WAIST cost=45.0000 best_alt=40.0000 gap=5.0000 tried=5 sep_labels=40 clique_frac=0.02
t=32730ms iter=43 REBUILD reject new_tc=51.2418 (was 48.4489)
t=32987ms iter=43 incumb=48.4489 ratchet=48.4620 best=48.4466 since_improve=6
t=33016ms iter=44 WAIST cost=45.0000 best_alt=39.0000 gap=6.0000 tried=5 sep_labels=39 clique_frac=0.02
t=33333ms iter=44 REBUILD reject new_tc=51.2773 (was 48.4489)
t=33594ms iter=44 incumb=48.4489 ratchet=48.4914 best=48.4466 since_improve=7
t=33627ms iter=45 WAIST cost=45.0000 best_alt=35.0000 gap=10.0000 tried=5 sep_labels=35 clique_frac=0.01
t=33934ms iter=45 REBUILD reject new_tc=55.0107 (was 48.4489)
t=34199ms iter=45 incumb=48.4489 ratchet=48.5214 best=48.4466 since_improve=8
t=34223ms iter=46 WAIST cost=45.0000 best_alt=40.0000 gap=5.0000 tried=5 sep_labels=40 clique_frac=0.02
t=34704ms iter=46 REBUILD ACCEPT new_tc=48.3677 (was 48.4489)
t=34963ms iter=46 incumb=48.3677 ratchet=48.4816 best=48.3677 since_improve=1
t=34988ms iter=47 WAIST cost=45.0000 best_alt=39.0000 gap=6.0000 tried=5 sep_labels=39 clique_frac=0.03
t=35308ms iter=47 REBUILD reject new_tc=48.8288 (was 48.3677)
t=35573ms iter=47 incumb=48.3677 ratchet=48.4120 best=48.3677 since_improve=2
t=35602ms iter=48 WAIST cost=45.0000 best_alt=40.0000 gap=5.0000 tried=5 sep_labels=40 clique_frac=0.02
t=35911ms iter=48 REBUILD reject new_tc=50.3276 (was 48.3677)
t=36170ms iter=48 incumb=48.3677 ratchet=48.3962 best=48.3677 since_improve=3
t=36197ms iter=49 WAIST cost=45.0000 best_alt=39.0000 gap=6.0000 tried=5 sep_labels=39 clique_frac=0.03
t=36503ms iter=49 REBUILD reject new_tc=48.7996 (was 48.3677)
t=36765ms iter=49 incumb=48.3677 ratchet=48.4259 best=48.3677 since_improve=4
t=36796ms iter=50 WAIST cost=45.0000 best_alt=40.0000 gap=5.0000 tried=5 sep_labels=40 clique_frac=0.02
t=37103ms iter=50 REBUILD reject new_tc=48.5545 (was 48.3677)
t=37363ms iter=50 incumb=48.3677 ratchet=48.3695 best=48.3677 since_improve=5
t=37391ms iter=51 WAIST cost=45.0000 best_alt=40.0000 gap=5.0000 tried=5 sep_labels=40 clique_frac=0.02
t=37701ms iter=51 REBUILD reject new_tc=50.3736 (was 48.3677)
t=38303ms iter=51 incumb=48.3677 ratchet=48.3698 best=48.3261 since_improve=6
t=38327ms iter=52 WAIST cost=45.0000 best_alt=37.0000 gap=8.0000 tried=5 sep_labels=37 clique_frac=0.02
t=38631ms iter=52 REBUILD reject new_tc=51.2078 (was 48.3677)
t=38887ms iter=52 incumb=48.3677 ratchet=48.4177 best=48.3261 since_improve=7
t=38909ms iter=53 WAIST cost=45.0000 best_alt=40.0000 gap=5.0000 tried=5 sep_labels=40 clique_frac=0.02
t=39209ms iter=53 REBUILD reject new_tc=49.8379 (was 48.3677)
t=39463ms iter=53 incumb=48.3677 ratchet=48.3667 best=48.3261 since_improve=0
t=39495ms iter=54 WAIST cost=46.0000 best_alt=37.0000 gap=9.0000 tried=5 sep_labels=37 clique_frac=0.02
t=39798ms iter=54 REBUILD reject new_tc=49.6865 (was 48.3667)
t=40556ms iter=54 incumb=48.3667 ratchet=48.2976 best=48.2787 since_improve=0
t=40594ms iter=55 WAIST cost=45.0000 best_alt=37.0000 gap=8.0000 tried=5 sep_labels=37 clique_frac=0.03
t=40892ms iter=55 REBUILD reject new_tc=49.5146 (was 48.2976)
t=41147ms iter=55 incumb=48.2976 ratchet=48.4167 best=48.2787 since_improve=1
t=41188ms iter=56 WAIST cost=45.0000 best_alt=37.0000 gap=8.0000 tried=5 sep_labels=37 clique_frac=0.03
t=41489ms iter=56 REBUILD reject new_tc=56.0043 (was 48.2976)
t=41750ms iter=56 incumb=48.2976 ratchet=48.3882 best=48.2787 since_improve=2
t=41786ms iter=57 WAIST cost=45.0000 best_alt=37.0000 gap=8.0000 tried=5 sep_labels=37 clique_frac=0.03
t=42120ms iter=57 REBUILD reject new_tc=49.3064 (was 48.2976)
t=42376ms iter=57 incumb=48.2976 ratchet=48.2913 best=48.2787 since_improve=0
t=42399ms iter=58 WAIST cost=44.0000 best_alt=40.0000 gap=4.0000 tried=5 sep_labels=40 clique_frac=0.02
t=42757ms iter=58 REBUILD reject new_tc=48.9940 (was 48.2913)
t=43445ms iter=58 incumb=48.2913 ratchet=48.2132 best=48.2125 since_improve=0
t=43471ms iter=59 WAIST cost=44.0000 best_alt=40.0000 gap=4.0000 tried=5 sep_labels=40 clique_frac=0.01
t=43785ms iter=59 REBUILD reject new_tc=48.2638 (was 48.2132)
t=44044ms iter=59 incumb=48.2132 ratchet=48.2503 best=48.2125 since_improve=1
t=44077ms iter=60 WAIST cost=44.0000 best_alt=35.0000 gap=9.0000 tried=5 sep_labels=35 clique_frac=0.01
t=44377ms iter=60 REBUILD reject new_tc=48.9089 (was 48.2132)
t=45367ms iter=60 incumb=48.2132 ratchet=48.2372 best=48.1789 since_improve=2
t=45395ms iter=61 WAIST cost=44.0000 best_alt=35.0000 gap=9.0000 tried=5 sep_labels=35 clique_frac=0.02
t=45705ms iter=61 REBUILD reject new_tc=49.1737 (was 48.2132)
t=45954ms iter=61 incumb=48.2132 ratchet=48.2409 best=48.1789 since_improve=3
t=45978ms iter=62 WAIST cost=44.0000 best_alt=35.0000 gap=9.0000 tried=5 sep_labels=35 clique_frac=0.01
t=46279ms iter=62 REBUILD reject new_tc=53.0549 (was 48.2132)
t=46529ms iter=62 incumb=48.2132 ratchet=48.2530 best=48.1789 since_improve=4
t=46568ms iter=63 WAIST cost=44.0000 best_alt=37.0000 gap=7.0000 tried=5 sep_labels=37 clique_frac=0.03
t=46877ms iter=63 REBUILD reject new_tc=48.5983 (was 48.2132)
t=47125ms iter=63 incumb=48.2132 ratchet=48.2935 best=48.1789 since_improve=5
t=47146ms iter=64 WAIST cost=44.0000 best_alt=40.0000 gap=4.0000 tried=5 sep_labels=40 clique_frac=0.01
t=47455ms iter=64 REBUILD reject new_tc=48.6203 (was 48.2132)
t=47705ms iter=64 incumb=48.2132 ratchet=48.2504 best=48.1789 since_improve=6
t=47729ms iter=65 WAIST cost=44.0000 best_alt=37.0000 gap=7.0000 tried=5 sep_labels=37 clique_frac=0.01
t=48018ms iter=65 REBUILD reject new_tc=52.2735 (was 48.2132)
t=48269ms iter=65 incumb=48.2132 ratchet=48.2214 best=48.1789 since_improve=7
t=48304ms iter=66 WAIST cost=44.0000 best_alt=40.0000 gap=4.0000 tried=5 sep_labels=40 clique_frac=0.01
t=48611ms iter=66 REBUILD reject new_tc=48.7567 (was 48.2132)
t=48866ms iter=66 incumb=48.2132 ratchet=48.2929 best=48.1789 since_improve=8
t=48886ms iter=67 WAIST cost=44.0000 best_alt=39.0000 gap=5.0000 tried=5 sep_labels=39 clique_frac=0.02
t=49196ms iter=67 REBUILD reject new_tc=49.4671 (was 48.2132)
t=49446ms iter=67 incumb=48.2132 ratchet=48.2117 best=48.1789 since_improve=0
t=49474ms iter=68 WAIST cost=44.0000 best_alt=40.0000 gap=4.0000 tried=5 sep_labels=40 clique_frac=0.02
t=49787ms iter=68 REBUILD reject new_tc=49.5231 (was 48.2117)
t=50032ms iter=68 incumb=48.2117 ratchet=48.5665 best=48.1789 since_improve=1
t=50057ms iter=69 WAIST cost=44.0000 best_alt=39.0000 gap=5.0000 tried=5 sep_labels=39 clique_frac=0.03
t=50358ms iter=69 REBUILD reject new_tc=50.0267 (was 48.2117)
t=51043ms iter=69 incumb=48.2117 ratchet=48.1773 best=48.1578 since_improve=0
t=51072ms iter=70 WAIST cost=45.0000 best_alt=40.0000 gap=5.0000 tried=5 sep_labels=40 clique_frac=0.02
t=51383ms iter=70 REBUILD reject new_tc=48.6206 (was 48.1773)
t=51628ms iter=70 incumb=48.1773 ratchet=48.1931 best=48.1578 since_improve=1
t=51656ms iter=71 WAIST cost=45.0000 best_alt=40.0000 gap=5.0000 tried=5 sep_labels=40 clique_frac=0.02
t=51969ms iter=71 REBUILD reject new_tc=48.7117 (was 48.1773)
t=52506ms iter=71 incumb=48.1773 ratchet=48.1774 best=48.1348 since_improve=2
t=52540ms iter=72 WAIST cost=45.0000 best_alt=40.0000 gap=5.0000 tried=5 sep_labels=40 clique_frac=0.02
t=52856ms iter=72 REBUILD reject new_tc=48.2652 (was 48.1773)
t=53108ms iter=72 incumb=48.1773 ratchet=48.2151 best=48.1348 since_improve=3
t=53128ms iter=73 WAIST cost=45.0000 best_alt=40.0000 gap=5.0000 tried=5 sep_labels=40 clique_frac=0.02
t=53432ms iter=73 REBUILD reject new_tc=56.0083 (was 48.1773)
t=53685ms iter=73 incumb=48.1773 ratchet=48.2196 best=48.1348 since_improve=4
t=53707ms iter=74 WAIST cost=45.0000 best_alt=40.0000 gap=5.0000 tried=5 sep_labels=40 clique_frac=0.02
t=54022ms iter=74 REBUILD reject new_tc=48.3050 (was 48.1773)
t=54272ms iter=74 incumb=48.1773 ratchet=48.2019 best=48.1348 since_improve=5
t=54295ms iter=75 WAIST cost=45.0000 best_alt=37.0000 gap=8.0000 tried=5 sep_labels=37 clique_frac=0.02
t=54605ms iter=75 REBUILD reject new_tc=49.7241 (was 48.1773)
t=54865ms iter=75 incumb=48.1773 ratchet=48.3516 best=48.1348 since_improve=6
t=54896ms iter=76 WAIST cost=45.0000 best_alt=35.0000 gap=10.0000 tried=5 sep_labels=35 clique_frac=0.01
t=55204ms iter=76 REBUILD reject new_tc=49.8358 (was 48.1773)
t=55920ms iter=76 incumb=48.1773 ratchet=48.1158 best=48.1029 since_improve=0
t=55950ms iter=77 WAIST cost=45.0000 best_alt=35.0000 gap=10.0000 tried=5 sep_labels=35 clique_frac=0.02
t=56260ms iter=77 REBUILD reject new_tc=49.0225 (was 48.1158)
t=56516ms iter=77 incumb=48.1158 ratchet=48.1570 best=48.1029 since_improve=1
t=56556ms iter=78 WAIST cost=45.0000 best_alt=39.0000 gap=6.0000 tried=5 sep_labels=39 clique_frac=0.03
t=56858ms iter=78 REBUILD reject new_tc=56.0069 (was 48.1158)
t=57114ms iter=78 incumb=48.1158 ratchet=48.2014 best=48.1029 since_improve=2
t=57143ms iter=79 WAIST cost=45.0000 best_alt=40.0000 gap=5.0000 tried=5 sep_labels=40 clique_frac=0.01
t=57452ms iter=79 REBUILD reject new_tc=49.1525 (was 48.1158)
t=57705ms iter=79 incumb=48.1158 ratchet=48.2589 best=48.1029 since_improve=3
t=57733ms iter=80 WAIST cost=45.0000 best_alt=40.0000 gap=5.0000 tried=5 sep_labels=40 clique_frac=0.01
t=58038ms iter=80 REBUILD reject new_tc=54.2656 (was 48.1158)
t=58203ms iter=80 incumb=48.1158 ratchet=48.2959 best=48.1029 since_improve=4
t_final=58348ms tc_reduced=48.1029 tc_full=48.3841 leaves=2203
surgery summary: calls=80 cheaper_cuts=80 rebuild_accepts=4 waist_min_hits=0
