simplify: n_orig=480 n_reduced=400 shrink=0.1667 t_simp=6ms
t_seed=607ms tc_seed=39.1369 seed_trials=8
t_dp=4616ms tc_greedy=38.7243
t=6722ms mcts_tc=38.6390
t_mcts=24269ms mcts: backup=min rollouts=128 rate=5/s depth=3 nodes=129 improves=1 tc_mcts=38.6390
ATTRIBUTION tc_greedy=38.7243 tc_mcts_prepolish=38.6390 mcts_beats_greedy=true
t=26219ms polish_tc=38.1199
t=30111ms polish_tc=37.9446
t=30121ms polish_tc=37.9440
t=30128ms polish_tc=37.9440
t=30135ms polish_tc=37.9440
t=30144ms polish_tc=37.9440
t=30150ms polish_tc=37.9438
t=30159ms polish_tc=37.9141
t=30167ms polish_tc=37.8898
t=30173ms polish_tc=37.8776
t=30180ms polish_tc=37.8776
t=30187ms polish_tc=37.8753
t=30194ms polish_tc=37.4369
t=30202ms polish_tc=37.4353
t=30209ms polish_tc=37.3495
t=30216ms polish_tc=37.2785
t=30223ms polish_tc=37.2780
t=30229ms polish_tc=37.2593
t=30236ms polish_tc=37.2593
t=34480ms polish_tc=37.2521
t=34487ms polish_tc=37.2517
t=34496ms polish_tc=37.2517
t=34505ms polish_tc=37.2516
t=34513ms polish_tc=37.2514
t=34521ms polish_tc=37.2513
t=34529ms polish_tc=37.2513
t=34539ms polish_tc=37.2512
t=34562ms polish_tc=37.1233
t=34569ms polish_tc=37.1129
t=34577ms polish_tc=37.1126
t=34584ms polish_tc=37.1126
t=34593ms polish_tc=37.1077
t=34605ms polish_tc=37.1010
t=34613ms polish_tc=37.1007
t=34623ms polish_tc=37.1000
t=34631ms polish_tc=37.1000
t=34639ms polish_tc=37.0980
t=34648ms polish_tc=37.0980
t=34656ms polish_tc=37.0979
t=34664ms polish_tc=37.0979
t=34672ms polish_tc=37.0979
t=41136ms polish_tc=37.0488
t=41151ms polish_tc=36.8876
t=41188ms polish_tc=36.8209
t=41206ms polish_tc=36.8194
t=41219ms polish_tc=36.8189
t=41238ms polish_tc=36.8123
t=41246ms polish_tc=36.8122
t=41254ms polish_tc=36.8045
t=41265ms polish_tc=36.8009
t=41281ms polish_tc=36.7885
t=41288ms polish_tc=36.7748
t=41296ms polish_tc=36.7739
t=41304ms polish_tc=36.7456
t=41311ms polish_tc=36.7456
t=41319ms polish_tc=36.6487
t=41327ms polish_tc=36.6384
t=41335ms polish_tc=36.6371
t=41347ms polish_tc=36.6354
t=41354ms polish_tc=36.6347
t=41361ms polish_tc=36.6327
t=41383ms polish_tc=36.5730
t=41390ms polish_tc=36.5692
t=41398ms polish_tc=36.5690
t=41406ms polish_tc=36.5671
t=41414ms polish_tc=36.5652
t=41422ms polish_tc=36.5440
t=41430ms polish_tc=36.5354
t=41437ms polish_tc=36.5344
t=41445ms polish_tc=36.5132
t=41453ms polish_tc=36.5100
t=41460ms polish_tc=36.5083
t=41467ms polish_tc=36.5076
t=41474ms polish_tc=36.4746
t=41484ms polish_tc=36.4745
t=41491ms polish_tc=36.4735
t=41503ms polish_tc=36.4706
t=41511ms polish_tc=36.4697
t=41518ms polish_tc=36.4671
t=41525ms polish_tc=36.4649
t=41533ms polish_tc=36.3266
t=41540ms polish_tc=36.3254
t=41548ms polish_tc=36.3194
t=41555ms polish_tc=36.3168
t=41562ms polish_tc=36.3164
t=41570ms polish_tc=36.3154
t=41585ms polish_tc=36.2151
t=41592ms polish_tc=36.2148
t=41599ms polish_tc=36.2145
t=41607ms polish_tc=36.1707
t=41614ms polish_tc=36.1316
t=41622ms polish_tc=36.1304
t=41631ms polish_tc=36.1263
t=41640ms polish_tc=36.1240
t=41652ms polish_tc=36.0542
t=41659ms polish_tc=36.0326
t=41666ms polish_tc=35.9402
t=41673ms polish_tc=35.8926
t=41680ms polish_tc=35.7953
t=41687ms polish_tc=35.7542
t=41695ms polish_tc=35.7428
t=41702ms polish_tc=35.6881
t=41709ms polish_tc=35.6436
t=41717ms polish_tc=35.6269
t=41724ms polish_tc=35.6258
t=41732ms polish_tc=35.6206
t=41739ms polish_tc=35.6205
t=41746ms polish_tc=35.6168
t=41754ms polish_tc=35.6128
t=41761ms polish_tc=35.6111
t=41768ms polish_tc=35.6094
t=41778ms polish_tc=35.6076
t=41792ms polish_tc=35.5774
t=41800ms polish_tc=35.5765
t=41808ms polish_tc=35.5757
t=41815ms polish_tc=35.5753
t=41822ms polish_tc=35.5715
t=41829ms polish_tc=35.5698
t=41835ms polish_tc=35.5697
t=41842ms polish_tc=35.5694
t=41848ms polish_tc=35.5693
t=41855ms polish_tc=35.5394
t=41862ms polish_tc=35.5384
t=41869ms polish_tc=35.5369
t=41876ms polish_tc=35.5330
t=41884ms polish_tc=35.5319
t=41892ms polish_tc=35.5318
t=41900ms polish_tc=35.5292
t=41915ms polish_tc=35.5273
t=41929ms polish_tc=35.5248
t=41937ms polish_tc=35.4992
t=41948ms polish_tc=35.4988
t=41960ms polish_tc=35.4987
t=41980ms polish_tc=35.4981
t=41988ms polish_tc=35.4981
t=42001ms polish_tc=35.4957
t=42009ms polish_tc=35.4844
t=42016ms polish_tc=35.3950
t=42024ms polish_tc=35.3945
t=42031ms polish_tc=35.3859
t=42038ms polish_tc=35.3692
t=42045ms polish_tc=35.3608
t=42056ms polish_tc=35.3195
t=42062ms polish_tc=35.2529
t=42070ms polish_tc=35.2485
t=42077ms polish_tc=35.2483
t=42084ms polish_tc=35.2483
t=42091ms polish_tc=35.2479
t=42097ms polish_tc=35.2479
t=42104ms polish_tc=35.2462
t=42110ms polish_tc=35.2462
t=42121ms polish_tc=35.2401
t=42129ms polish_tc=35.2345
t=42135ms polish_tc=35.2334
t=42145ms polish_tc=35.2246
t=42152ms polish_tc=35.2228
t=42176ms polish_tc=35.1749
t=42183ms polish_tc=35.1649
t=42191ms polish_tc=35.1636
t=42197ms polish_tc=35.1632
t=42204ms polish_tc=35.0750
t=42211ms polish_tc=35.0748
t=42218ms polish_tc=35.0654
t=42225ms polish_tc=35.0620
t=42232ms polish_tc=35.0089
t=42238ms polish_tc=34.9947
t=42244ms polish_tc=34.9945
t=42253ms polish_tc=34.9941
t=42262ms polish_tc=34.9930
t=42269ms polish_tc=34.9930
t=42276ms polish_tc=34.9927
t=42287ms polish_tc=34.9911
t=42294ms polish_tc=34.9903
t=42301ms polish_tc=34.9901
t=42309ms polish_tc=34.9893
t=42316ms polish_tc=34.9889
t=42324ms polish_tc=34.9887
t=42330ms polish_tc=34.9882
t=42338ms polish_tc=34.9882
t=42345ms polish_tc=34.9880
t=42352ms polish_tc=34.9854
t=42359ms polish_tc=34.9393
t=42367ms polish_tc=34.9314
t=42374ms polish_tc=34.9213
t=42380ms polish_tc=34.9212
t=42387ms polish_tc=34.9208
t=42395ms polish_tc=34.9188
t=42404ms polish_tc=34.9019
t=42412ms polish_tc=34.8949
t=42419ms polish_tc=34.8947
t=42426ms polish_tc=34.8920
t=42435ms polish_tc=34.8495
t=42442ms polish_tc=34.8430
t=42449ms polish_tc=34.8364
t=42456ms polish_tc=34.8311
t=42465ms polish_tc=34.7293
t=42477ms polish_tc=34.7286
t=42485ms polish_tc=34.7285
t=42492ms polish_tc=34.7274
t=42501ms polish_tc=34.7266
t=42508ms polish_tc=34.7265
t=42515ms polish_tc=34.7197
t=42522ms polish_tc=34.7181
t=42530ms polish_tc=34.6844
t=42538ms polish_tc=34.6728
t=42545ms polish_tc=34.6648
t=42553ms polish_tc=34.6645
t=42560ms polish_tc=34.6645
t=42567ms polish_tc=34.6645
t=42579ms polish_tc=34.6612
t=42587ms polish_tc=34.6550
t=42601ms polish_tc=34.6286
t=42610ms polish_tc=34.6278
t=42617ms polish_tc=34.6275
t=42624ms polish_tc=34.5936
t=42639ms polish_tc=34.5566
t=42646ms polish_tc=34.5470
t=42652ms polish_tc=34.5470
t=42660ms polish_tc=34.5405
t=42667ms polish_tc=34.5403
t=42674ms polish_tc=34.5403
t=42681ms polish_tc=34.5402
t=42690ms polish_tc=34.5116
t=42697ms polish_tc=34.4879
t=42704ms polish_tc=34.4876
t=42713ms polish_tc=34.4861
t=42721ms polish_tc=34.4859
t=42732ms polish_tc=34.4783
t=42739ms polish_tc=34.4744
t=42749ms polish_tc=34.4743
t=42756ms polish_tc=34.4400
t=42763ms polish_tc=34.4394
t=42770ms polish_tc=34.4394
t=42777ms polish_tc=34.4224
t=42785ms polish_tc=34.4160
t=42792ms polish_tc=34.3775
t=42799ms polish_tc=34.3667
t=42806ms polish_tc=34.2948
t=42814ms polish_tc=34.2809
t=42828ms polish_tc=34.2766
t=42835ms polish_tc=34.2766
t=42843ms polish_tc=34.2766
t=42850ms polish_tc=34.2744
t=42856ms polish_tc=34.2347
t=42865ms polish_tc=34.2333
t=42873ms polish_tc=34.2152
t=42880ms polish_tc=34.2141
t=42887ms polish_tc=34.2128
t=42894ms polish_tc=34.2124
t=42901ms polish_tc=34.1275
t=42908ms polish_tc=34.1264
t=42915ms polish_tc=34.1239
t=42922ms polish_tc=34.1238
t=42929ms polish_tc=34.1236
t=42939ms polish_tc=34.0800
t=42946ms polish_tc=34.0316
t=42953ms polish_tc=34.0315
t=42960ms polish_tc=33.9699
t=42968ms polish_tc=33.9698
t=42975ms polish_tc=33.9696
t=42982ms polish_tc=33.9695
t=42989ms polish_tc=33.9680
t=42997ms polish_tc=33.9679
t=43004ms polish_tc=33.9656
t=43011ms polish_tc=33.9656
t=43022ms polish_tc=33.9630
t=43028ms polish_tc=33.9629
t=43037ms polish_tc=33.9510
t=43044ms polish_tc=33.9411
t=43051ms polish_tc=33.9362
t=43058ms polish_tc=33.9326
t=43066ms polish_tc=33.8865
t=43073ms polish_tc=33.8842
t=43080ms polish_tc=33.8802
t=43088ms polish_tc=33.8607
t=43095ms polish_tc=33.8572
t=43102ms polish_tc=33.8567
t=43110ms polish_tc=33.8536
t=43117ms polish_tc=33.8405
t=43127ms polish_tc=33.8338
t=43135ms polish_tc=33.8336
t=43143ms polish_tc=33.8310
t=43149ms polish_tc=33.8215
t=43156ms polish_tc=33.8194
t=43163ms polish_tc=33.8127
t=43170ms polish_tc=33.8063
t=43178ms polish_tc=33.8059
t=43186ms polish_tc=33.8053
t=43197ms polish_tc=33.8038
t=43204ms polish_tc=33.8033
t=43211ms polish_tc=33.8033
t=43218ms polish_tc=33.8027
t=43240ms polish_tc=33.8001
t=43247ms polish_tc=33.7160
t=43254ms polish_tc=33.7157
t=43261ms polish_tc=33.7144
t=43268ms polish_tc=33.7144
t=43274ms polish_tc=33.6148
t=43282ms polish_tc=33.6134
t=43288ms polish_tc=33.6132
t=43295ms polish_tc=33.5684
t=43301ms polish_tc=33.5683
t=43344ms polish_tc=33.5384
t=43352ms polish_tc=33.5118
t=43359ms polish_tc=33.5110
t=43368ms polish_tc=33.5104
t=43376ms polish_tc=33.5102
t=43383ms polish_tc=33.5101
t=43392ms polish_tc=33.5098
t=43399ms polish_tc=33.5096
t=43413ms polish_tc=33.4838
t=43419ms polish_tc=33.4824
t=43426ms polish_tc=33.4824
t=43433ms polish_tc=33.4820
t=43457ms polish_tc=33.4221
t=43463ms polish_tc=33.4217
t=43470ms polish_tc=33.4212
t=43479ms polish_tc=33.3199
t=43485ms polish_tc=33.1478
t=43492ms polish_tc=33.1476
t=43537ms polish_tc=33.0637
t=43543ms polish_tc=33.0636
t=43553ms polish_tc=33.0630
t=43560ms polish_tc=33.0620
t=43566ms polish_tc=33.0207
t=43573ms polish_tc=33.0201
t=43581ms polish_tc=33.0201
t=43589ms polish_tc=33.0174
t=43596ms polish_tc=33.0173
t=43603ms polish_tc=32.9833
t=43610ms polish_tc=32.9761
t=43619ms polish_tc=32.9751
t=43628ms polish_tc=32.9420
t=43635ms polish_tc=32.9304
t=43642ms polish_tc=32.9250
t=43650ms polish_tc=32.9250
t=43658ms polish_tc=32.9247
t=43665ms polish_tc=32.9216
t=43672ms polish_tc=32.9179
t=43679ms polish_tc=32.9175
t=43686ms polish_tc=32.9175
t=43693ms polish_tc=32.9175
t=43700ms polish_tc=32.9175
t=43707ms polish_tc=32.9175
t=43715ms polish_tc=32.9160
t=43723ms polish_tc=32.9147
t=43730ms polish_tc=32.9141
t=43738ms polish_tc=32.9141
t=43748ms polish_tc=32.9088
t=43755ms polish_tc=32.9088
t=43762ms polish_tc=32.9080
t=43768ms polish_tc=32.9080
t=43776ms polish_tc=32.8962
t=43783ms polish_tc=32.8944
t=43791ms polish_tc=32.8935
t=43798ms polish_tc=32.8931
t=43805ms polish_tc=32.8926
t=43812ms polish_tc=32.8926
t=43819ms polish_tc=32.8926
t=43828ms polish_tc=32.8926
t=43835ms polish_tc=32.8926
t=43847ms polish_tc=32.8470
t=43854ms polish_tc=32.7982
t=43861ms polish_tc=32.6989
t=43868ms polish_tc=32.6871
t=43877ms polish_tc=32.6863
t=43894ms polish_tc=32.6816
t=43901ms polish_tc=32.6808
t=43909ms polish_tc=32.6806
t=43917ms polish_tc=32.6805
t=43926ms polish_tc=32.4423
t=43934ms polish_tc=32.3380
t=43942ms polish_tc=32.3364
t=43949ms polish_tc=32.3363
t=43956ms polish_tc=32.3319
t=43963ms polish_tc=32.3306
t=43970ms polish_tc=32.3300
t=43977ms polish_tc=32.3295
t=43991ms polish_tc=32.3286
t=43997ms polish_tc=32.3279
t=44004ms polish_tc=32.2541
t=44010ms polish_tc=32.2536
t=44017ms polish_tc=32.2535
t=44023ms polish_tc=32.2497
t=44030ms polish_tc=32.1896
t=44036ms polish_tc=32.1808
t=44044ms polish_tc=32.1805
t=44051ms polish_tc=32.1805
t=44063ms polish_tc=32.1750
t=44069ms polish_tc=32.1750
t=44077ms polish_tc=32.1721
t=44084ms polish_tc=32.1719
t=44103ms polish_tc=32.1682
t=44111ms polish_tc=32.1680
t=44119ms polish_tc=32.1669
t=44132ms polish_tc=32.1610
t=44140ms polish_tc=32.1601
t=44147ms polish_tc=32.1499
t=44155ms polish_tc=32.1498
t=44162ms polish_tc=32.1497
t=44170ms polish_tc=32.1424
t=44177ms polish_tc=32.1421
t=44185ms polish_tc=32.1420
t=44192ms polish_tc=32.1218
t=44200ms polish_tc=32.1216
t=44213ms polish_tc=32.1175
t=44220ms polish_tc=32.1175
t=44227ms polish_tc=32.1155
t=44235ms polish_tc=32.1154
t=44244ms polish_tc=32.1132
t=44281ms polish_tc=32.1089
t=44323ms polish_tc=32.1004
t=44339ms polish_tc=32.0992
t=44349ms polish_tc=32.0340
t=44356ms polish_tc=31.9678
t=44363ms polish_tc=31.9677
t=44371ms polish_tc=31.9543
t=44379ms polish_tc=31.9543
t=44386ms polish_tc=31.9514
t=44393ms polish_tc=31.9502
t=44400ms polish_tc=31.9405
t=44413ms polish_tc=31.9372
t=44420ms polish_tc=31.9281
t=44428ms polish_tc=31.9276
t=44440ms polish_tc=31.7314
t=44447ms polish_tc=31.6766
t=44454ms polish_tc=31.6766
t=44470ms polish_tc=31.6754
t=44486ms polish_tc=31.6736
t=44492ms polish_tc=31.6736
t=44502ms polish_tc=31.6714
t=44510ms polish_tc=31.6687
t=44517ms polish_tc=31.6679
t=44526ms polish_tc=31.6652
t=44533ms polish_tc=31.6652
t=44539ms polish_tc=31.6652
t=44552ms polish_tc=31.6631
t=44559ms polish_tc=31.6492
t=44566ms polish_tc=31.6475
t=44573ms polish_tc=31.6444
t=44581ms polish_tc=31.6439
t=44588ms polish_tc=31.6436
t=44602ms polish_tc=31.6403
t=44609ms polish_tc=31.6362
t=44620ms polish_tc=31.6350
t=44627ms polish_tc=31.6350
t=44634ms polish_tc=31.6349
t=44641ms polish_tc=31.6338
t=44648ms polish_tc=31.6336
t=44659ms polish_tc=31.6317
t=44666ms polish_tc=31.6315
t=44677ms polish_tc=31.5968
t=44684ms polish_tc=31.5935
t=44691ms polish_tc=31.5862
t=44698ms polish_tc=31.5858
t=44705ms polish_tc=31.5856
t=44713ms polish_tc=31.5753
t=44720ms polish_tc=31.5734
t=44727ms polish_tc=31.5729
t=44745ms polish_tc=31.4639
t=44752ms polish_tc=31.4441
t=44776ms polish_tc=31.4408
t=44782ms polish_tc=31.4407
t=44791ms polish_tc=31.4087
t=44801ms polish_tc=31.4079
t=51701ms polish_tc=31.3201
t=51708ms polish_tc=31.2483
t=51715ms polish_tc=31.2393
t=51723ms polish_tc=31.2381
t=51730ms polish_tc=31.2345
t=51740ms polish_tc=31.2319
t=51748ms polish_tc=31.2313
t=51756ms polish_tc=31.2310
t=51763ms polish_tc=31.2308
t=51770ms polish_tc=31.2295
t=51779ms polish_tc=31.2251
t=51787ms polish_tc=31.2239
t=51794ms polish_tc=31.2237
t=51802ms polish_tc=31.2237
t=51809ms polish_tc=31.2196
t=51815ms polish_tc=31.2174
t=51822ms polish_tc=31.2170
t=51829ms polish_tc=31.1927
t=51835ms polish_tc=31.1878
t=51842ms polish_tc=31.1815
t=51849ms polish_tc=31.1814
t=51856ms polish_tc=31.1812
t=51863ms polish_tc=31.1783
t=51869ms polish_tc=31.1783
t=51876ms polish_tc=31.1386
t=51885ms polish_tc=31.1227
t=51892ms polish_tc=31.1219
t=51904ms polish_tc=31.0815
t=51911ms polish_tc=31.0377
t=51921ms polish_tc=31.0319
t=51928ms polish_tc=31.0319
t=51937ms polish_tc=30.8437
t=51944ms polish_tc=30.8436
t=51952ms polish_tc=30.7408
t=51960ms polish_tc=30.7394
t=51970ms polish_tc=30.5055
t=51994ms polish_tc=30.5050
t=52009ms polish_tc=30.4891
t=52021ms polish_tc=30.4869
t=52030ms polish_tc=30.4811
t=52042ms polish_tc=30.4277
t=52049ms polish_tc=30.4272
t=52056ms polish_tc=30.4090
t=52063ms polish_tc=30.4058
t=52069ms polish_tc=30.3990
t=52077ms polish_tc=30.3986
t=52084ms polish_tc=30.3982
t=52090ms polish_tc=30.3969
t=52109ms polish_tc=30.3666
t=52118ms polish_tc=30.3523
t=52125ms polish_tc=30.3505
t=52132ms polish_tc=30.3481
t=52140ms polish_tc=30.3352
t=52147ms polish_tc=30.3343
t=52155ms polish_tc=30.3343
t=52163ms polish_tc=30.3294
t=52170ms polish_tc=30.3292
t=52177ms polish_tc=30.3275
t=52187ms polish_tc=30.1732
t=52193ms polish_tc=30.1731
t=52200ms polish_tc=30.1714
t=52207ms polish_tc=30.1538
t=52214ms polish_tc=30.1535
t=52221ms polish_tc=30.1527
t=52242ms polish_tc=30.0679
t=52249ms polish_tc=30.0678
t=52256ms polish_tc=29.9850
t=52264ms polish_tc=29.9847
t=52272ms polish_tc=29.9843
t=52279ms polish_tc=29.9820
t=52291ms polish_tc=29.9765
t=52304ms polish_tc=29.9760
t=52315ms polish_tc=29.9270
t=52322ms polish_tc=29.9261
t=52341ms polish_tc=29.9237
t=52348ms polish_tc=29.9181
t=52356ms polish_tc=29.9181
t=52363ms polish_tc=29.8242
t=52370ms polish_tc=29.8238
t=52378ms polish_tc=29.7238
t=52387ms polish_tc=29.7183
t=52398ms polish_tc=29.6717
t=52405ms polish_tc=29.6670
t=52412ms polish_tc=29.6616
t=52419ms polish_tc=29.6616
t=52451ms polish_tc=29.6542
t=52461ms polish_tc=29.6458
t=52476ms polish_tc=29.6454
t=52483ms polish_tc=29.6410
t=52494ms polish_tc=29.6408
t=52501ms polish_tc=29.6407
t=52509ms polish_tc=29.6406
t=52516ms polish_tc=29.6374
t=52524ms polish_tc=29.6356
t=52532ms polish_tc=29.6349
t=52539ms polish_tc=29.6349
t=52546ms polish_tc=29.6346
t=52554ms polish_tc=29.6342
t=52561ms polish_tc=29.6294
t=75702ms polish_tc=29.6006
t=75709ms polish_tc=29.5415
t=75716ms polish_tc=29.5338
t=75723ms polish_tc=29.5338
t=75738ms polish_tc=29.5145
t=75746ms polish_tc=29.5143
t=75754ms polish_tc=29.4851
t=75762ms polish_tc=29.4844
t=75769ms polish_tc=29.4830
t=75776ms polish_tc=29.4787
t=75783ms polish_tc=29.4782
t=75790ms polish_tc=29.3157
t=75797ms polish_tc=29.3060
t=75804ms polish_tc=29.3059
t=75811ms polish_tc=29.2311
t=75824ms polish_tc=29.2257
t=75832ms polish_tc=29.2247
t=75844ms polish_tc=29.2171
t=75852ms polish_tc=29.2157
t=75859ms polish_tc=29.2156
t=75866ms polish_tc=29.2151
t=75875ms polish_tc=29.2129
t=75882ms polish_tc=29.2115
t=75892ms polish_tc=29.2107
t=75899ms polish_tc=29.2106
t=75909ms polish_tc=29.2104
t=75919ms polish_tc=29.2104
t=75928ms polish_tc=29.2104
t=75935ms polish_tc=29.2091
t=75942ms polish_tc=29.2089
t=75949ms polish_tc=29.2080
t=75957ms polish_tc=29.2078
t=75964ms polish_tc=29.2078
t=75973ms polish_tc=29.2077
t=75997ms polish_tc=29.2003
t=76004ms polish_tc=29.2001
t=76012ms polish_tc=29.1383
t=76019ms polish_tc=29.0333
t=76026ms polish_tc=29.0306
t=76034ms polish_tc=29.0153
t=76041ms polish_tc=29.0143
t=76048ms polish_tc=28.9920
t=76344ms polish_tc=28.9918
t=76352ms polish_tc=28.9898
t=76359ms polish_tc=28.9866
t=76369ms polish_tc=28.9866
t=76377ms polish_tc=28.9560
t=76384ms polish_tc=28.9534
t=76392ms polish_tc=28.9524
t=76414ms polish_tc=28.6854
t=76422ms polish_tc=28.6842
t=76428ms polish_tc=28.6588
t=76435ms polish_tc=28.5994
t=76443ms polish_tc=28.5979
t=76450ms polish_tc=28.5833
t=76457ms polish_tc=28.5797
t=76464ms polish_tc=28.5203
t=76472ms polish_tc=28.5174
t=76479ms polish_tc=28.4878
t=76507ms polish_tc=28.4805
t=76515ms polish_tc=28.4801
t=76522ms polish_tc=28.4794
t=76528ms polish_tc=28.4790
t=76538ms polish_tc=28.4789
t=76546ms polish_tc=28.4788
t=76555ms polish_tc=28.4464
t=76562ms polish_tc=28.4462
t=76568ms polish_tc=28.4186
t=76577ms polish_tc=28.4174
t=76594ms polish_tc=28.4075
t=76602ms polish_tc=28.4073
t=76610ms polish_tc=28.4058
t=76617ms polish_tc=28.4053
t=76640ms polish_tc=28.3691
t=76647ms polish_tc=28.3618
t=76654ms polish_tc=28.3616
t=76662ms polish_tc=28.3614
t=76670ms polish_tc=28.3613
t=76677ms polish_tc=28.3613
t=76684ms polish_tc=28.3590
t=76692ms polish_tc=28.3509
t=76699ms polish_tc=28.3508
t=76707ms polish_tc=28.3497
t=76722ms polish_tc=28.3441
t=76729ms polish_tc=28.3414
t=76736ms polish_tc=28.3348
t=76743ms polish_tc=28.3168
t=76754ms polish_tc=28.3149
t=76762ms polish_tc=28.3142
t=76770ms polish_tc=28.3121
t=76778ms polish_tc=28.2995
t=76785ms polish_tc=28.2994
t=76794ms polish_tc=28.2967
t=76803ms polish_tc=28.2957
t=76812ms polish_tc=28.2775
t=76819ms polish_tc=28.2773
t=76827ms polish_tc=28.2726
t=76837ms polish_tc=28.2724
t=76844ms polish_tc=28.2719
t=76853ms polish_tc=28.2666
t=76861ms polish_tc=28.2659
t=76868ms polish_tc=28.2659
t=77348ms polish_tc=28.2311
t=77355ms polish_tc=28.2302
t=77363ms polish_tc=28.2278
t=77370ms polish_tc=28.2229
t=77378ms polish_tc=28.1698
t=77385ms polish_tc=28.1546
t=77393ms polish_tc=28.1483
t=77400ms polish_tc=28.1406
t=77408ms polish_tc=28.1398
t=77416ms polish_tc=28.1314
t=77429ms polish_tc=28.1281
t=77437ms polish_tc=28.1280
t=77444ms polish_tc=28.1280
t=77453ms polish_tc=28.1278
t=77470ms polish_tc=28.1111
t=77477ms polish_tc=28.1102
t=77484ms polish_tc=28.0717
anneal_sweeps=341912 cycles=109 fresh=14
t_final=87303ms tc_greedy=38.7243 tc_mcts=38.6390 tc_final=28.0717 tc_full=28.0717 leaves=480
