simplify: n_orig=525 n_reduced=441 shrink=0.1600 t_simp=7ms
t_seed=628ms tc_seed=41.6524 seed_trials=7
t_dp=4708ms tc_greedy=41.6116
t=9061ms mcts_tc=41.1043
t_mcts=29085ms mcts: backup=min rollouts=128 rate=4/s depth=3 nodes=129 improves=1 tc_mcts=41.1043
ATTRIBUTION tc_greedy=41.6116 tc_mcts_prepolish=41.1043 mcts_beats_greedy=true
t=30469ms polish_tc=41.1014
t=30477ms polish_tc=41.1012
t=30485ms polish_tc=41.0985
t=30494ms polish_tc=41.0984
t=30502ms polish_tc=41.0984
t=30511ms polish_tc=41.0971
t=30519ms polish_tc=41.0966
t=30526ms polish_tc=41.0959
t=30535ms polish_tc=41.0856
t=30543ms polish_tc=41.0848
t=30552ms polish_tc=41.0844
t=30561ms polish_tc=41.0804
t=30570ms polish_tc=41.0802
t=30582ms polish_tc=41.0802
t=30594ms polish_tc=41.0796
t=30602ms polish_tc=41.0782
t=30610ms polish_tc=41.0782
t=30618ms polish_tc=41.0781
t=30632ms polish_tc=40.9027
t=30640ms polish_tc=40.9027
t=30650ms polish_tc=40.8996
t=30658ms polish_tc=40.8996
t=30666ms polish_tc=40.8996
t=30676ms polish_tc=40.8982
t=30685ms polish_tc=40.8981
t=30694ms polish_tc=40.8969
t=30703ms polish_tc=40.8969
t=30712ms polish_tc=40.8969
t=30720ms polish_tc=40.8969
t=30728ms polish_tc=40.8969
t=30736ms polish_tc=40.8968
t=30750ms polish_tc=40.8967
t=32166ms polish_tc=40.8216
t=32174ms polish_tc=40.8216
t=32183ms polish_tc=40.7229
t=32192ms polish_tc=40.7218
t=32200ms polish_tc=40.7218
t=32208ms polish_tc=40.7210
t=32217ms polish_tc=40.7209
t=32227ms polish_tc=40.7204
t=32237ms polish_tc=40.6955
t=32247ms polish_tc=40.6946
t=32256ms polish_tc=40.6945
t=32265ms polish_tc=40.6945
t=32276ms polish_tc=40.6945
t=32285ms polish_tc=40.6944
t=32294ms polish_tc=40.6944
t=32304ms polish_tc=40.6918
t=32313ms polish_tc=40.6918
t=32322ms polish_tc=40.6916
t=32333ms polish_tc=40.6915
t=32343ms polish_tc=40.6908
t=32358ms polish_tc=40.6891
t=32372ms polish_tc=40.6792
t=32381ms polish_tc=40.6788
t=32389ms polish_tc=40.6779
t=32398ms polish_tc=40.6776
t=32407ms polish_tc=40.6768
t=32425ms polish_tc=40.6500
t=32434ms polish_tc=40.6487
t=32445ms polish_tc=40.6484
t=32453ms polish_tc=40.6457
t=32461ms polish_tc=40.6457
t=32474ms polish_tc=40.4740
t=32482ms polish_tc=40.4710
t=32490ms polish_tc=40.4709
t=32497ms polish_tc=40.4709
t=32506ms polish_tc=40.4708
t=32514ms polish_tc=40.4706
t=32522ms polish_tc=40.4665
t=32531ms polish_tc=40.4645
t=32539ms polish_tc=40.4645
t=32550ms polish_tc=40.4625
t=32558ms polish_tc=40.4625
t=32566ms polish_tc=40.4324
t=32574ms polish_tc=40.3106
t=32583ms polish_tc=40.3105
t=32591ms polish_tc=40.3105
t=32600ms polish_tc=40.3073
t=40122ms polish_tc=40.3007
t=40131ms polish_tc=40.2941
t=40141ms polish_tc=40.2941
t=40149ms polish_tc=40.2940
t=40158ms polish_tc=40.2897
t=40167ms polish_tc=40.2896
t=40179ms polish_tc=40.2729
t=40187ms polish_tc=40.2723
t=40195ms polish_tc=40.1239
t=40208ms polish_tc=40.1024
t=40216ms polish_tc=40.0484
t=40224ms polish_tc=40.0101
t=40232ms polish_tc=40.0044
t=40240ms polish_tc=40.0002
t=40248ms polish_tc=39.9990
t=40257ms polish_tc=39.9986
t=40265ms polish_tc=39.9985
t=40274ms polish_tc=39.9984
t=40283ms polish_tc=39.9975
t=40293ms polish_tc=39.9970
t=40302ms polish_tc=39.9966
t=40312ms polish_tc=39.9036
t=40323ms polish_tc=39.8980
t=40332ms polish_tc=39.8980
t=40342ms polish_tc=39.8936
t=40351ms polish_tc=39.8694
t=40359ms polish_tc=39.8569
t=40367ms polish_tc=39.8430
t=40375ms polish_tc=39.8417
t=40384ms polish_tc=39.8033
t=40400ms polish_tc=39.7804
t=40409ms polish_tc=39.7694
t=40419ms polish_tc=39.7680
t=40428ms polish_tc=39.7679
t=40437ms polish_tc=39.7679
t=40446ms polish_tc=39.7674
t=40454ms polish_tc=39.7671
t=40464ms polish_tc=39.6756
t=40472ms polish_tc=39.1870
t=40482ms polish_tc=39.1846
t=40491ms polish_tc=39.1843
t=40501ms polish_tc=39.1842
t=40510ms polish_tc=39.1837
t=40520ms polish_tc=39.1769
t=40530ms polish_tc=39.1762
t=40540ms polish_tc=39.1723
t=40549ms polish_tc=39.1720
t=40558ms polish_tc=39.1522
t=40568ms polish_tc=39.1521
t=40576ms polish_tc=39.1518
t=40586ms polish_tc=39.1514
t=40595ms polish_tc=39.0248
t=40604ms polish_tc=39.0246
t=40613ms polish_tc=39.0243
t=40622ms polish_tc=39.0241
t=40637ms polish_tc=39.0217
t=40646ms polish_tc=39.0210
t=40654ms polish_tc=39.0210
t=40663ms polish_tc=38.9276
t=40672ms polish_tc=38.7283
t=40682ms polish_tc=38.7275
t=40691ms polish_tc=38.7274
t=40700ms polish_tc=38.7273
t=40709ms polish_tc=38.7273
t=40718ms polish_tc=38.7269
t=40727ms polish_tc=38.7268
t=40745ms polish_tc=38.6917
t=40754ms polish_tc=38.6884
t=40764ms polish_tc=38.5366
t=40773ms polish_tc=38.4810
t=40781ms polish_tc=38.4665
t=40790ms polish_tc=38.3298
t=40801ms polish_tc=38.3282
t=40817ms polish_tc=38.3114
t=40825ms polish_tc=38.3108
t=40834ms polish_tc=38.3086
t=40846ms polish_tc=38.3082
t=40856ms polish_tc=38.2943
t=40864ms polish_tc=38.2916
t=40874ms polish_tc=38.2904
t=40882ms polish_tc=38.2904
t=40901ms polish_tc=38.2650
t=40909ms polish_tc=38.2624
t=40917ms polish_tc=38.2458
t=40925ms polish_tc=38.2414
t=40934ms polish_tc=38.2413
t=40944ms polish_tc=38.2384
t=40956ms polish_tc=38.2384
t=40966ms polish_tc=38.2380
t=40975ms polish_tc=38.2368
t=40984ms polish_tc=38.2363
t=40993ms polish_tc=38.2363
t=41020ms polish_tc=38.2320
t=41030ms polish_tc=38.2198
t=41040ms polish_tc=38.2161
t=41049ms polish_tc=38.2150
t=41059ms polish_tc=38.2148
t=41069ms polish_tc=38.2115
t=41078ms polish_tc=38.2113
t=41087ms polish_tc=38.1967
t=41096ms polish_tc=38.1964
t=41111ms polish_tc=38.1234
t=41121ms polish_tc=38.1233
t=41130ms polish_tc=38.1232
t=41140ms polish_tc=38.1146
t=41161ms polish_tc=38.1110
t=41170ms polish_tc=38.0687
t=41179ms polish_tc=38.0686
t=41188ms polish_tc=38.0669
t=41196ms polish_tc=38.0669
t=41206ms polish_tc=38.0485
t=41216ms polish_tc=38.0471
t=41225ms polish_tc=38.0471
t=41234ms polish_tc=38.0469
t=41243ms polish_tc=38.0442
t=41259ms polish_tc=38.0411
t=41273ms polish_tc=38.0381
t=41282ms polish_tc=38.0380
t=41291ms polish_tc=38.0375
t=41301ms polish_tc=38.0374
t=41310ms polish_tc=38.0372
t=41319ms polish_tc=38.0372
t=41328ms polish_tc=38.0372
t=41338ms polish_tc=38.0351
t=41348ms polish_tc=38.0347
t=41373ms polish_tc=37.9611
t=41382ms polish_tc=37.9436
t=41391ms polish_tc=37.9217
t=41400ms polish_tc=37.9202
t=41411ms polish_tc=37.9200
t=41420ms polish_tc=37.9196
t=41429ms polish_tc=37.9196
t=41438ms polish_tc=37.8243
t=41446ms polish_tc=37.8211
t=41455ms polish_tc=37.8210
t=41463ms polish_tc=37.7956
t=41472ms polish_tc=37.7944
t=41481ms polish_tc=37.7941
t=41491ms polish_tc=37.7647
t=41500ms polish_tc=37.7646
t=41509ms polish_tc=37.7631
t=41517ms polish_tc=37.7630
t=41527ms polish_tc=37.7625
t=41539ms polish_tc=37.7625
t=41548ms polish_tc=37.7625
t=41556ms polish_tc=37.7624
t=41566ms polish_tc=37.7623
t=41587ms polish_tc=37.7399
t=41595ms polish_tc=37.7396
t=41603ms polish_tc=37.7387
t=41612ms polish_tc=37.7350
t=41626ms polish_tc=37.6624
t=41635ms polish_tc=37.6624
t=41643ms polish_tc=37.6598
t=41651ms polish_tc=37.6597
t=41660ms polish_tc=37.6586
t=41671ms polish_tc=37.6375
t=41680ms polish_tc=37.6371
t=41688ms polish_tc=37.6366
t=41697ms polish_tc=37.6270
t=41705ms polish_tc=37.6266
t=41713ms polish_tc=37.6254
t=41721ms polish_tc=37.6129
t=41729ms polish_tc=37.5536
t=41738ms polish_tc=37.5435
t=41747ms polish_tc=37.5434
t=41755ms polish_tc=37.5426
t=41763ms polish_tc=37.5426
t=41774ms polish_tc=37.5408
t=41783ms polish_tc=37.5408
t=41794ms polish_tc=37.4886
t=41802ms polish_tc=37.4846
t=41810ms polish_tc=37.4187
t=41819ms polish_tc=37.3839
t=41827ms polish_tc=37.3805
t=41837ms polish_tc=37.3719
t=41846ms polish_tc=37.3719
t=41855ms polish_tc=37.3648
t=41863ms polish_tc=37.3648
t=41872ms polish_tc=37.3648
t=41880ms polish_tc=37.3646
t=41909ms polish_tc=37.2636
t=41918ms polish_tc=37.0981
t=41927ms polish_tc=36.8970
t=41937ms polish_tc=36.8741
t=41945ms polish_tc=36.8713
t=41954ms polish_tc=36.8709
t=41962ms polish_tc=36.8677
t=41972ms polish_tc=36.7888
t=41980ms polish_tc=36.7884
t=41990ms polish_tc=36.7687
t=41999ms polish_tc=36.7670
t=42008ms polish_tc=36.6565
t=42017ms polish_tc=36.6030
t=42025ms polish_tc=36.6013
t=42034ms polish_tc=36.6013
t=42042ms polish_tc=36.6004
t=42050ms polish_tc=36.5986
t=42063ms polish_tc=36.5739
t=42073ms polish_tc=36.5232
t=42082ms polish_tc=36.5224
t=42091ms polish_tc=36.5215
t=42104ms polish_tc=36.4592
t=42113ms polish_tc=36.4587
t=42122ms polish_tc=36.4585
t=42133ms polish_tc=36.4583
t=42162ms polish_tc=36.2467
t=42170ms polish_tc=36.2443
t=42179ms polish_tc=36.2380
t=42187ms polish_tc=36.2368
t=42196ms polish_tc=36.2368
t=42204ms polish_tc=36.2320
t=42213ms polish_tc=36.2287
t=42222ms polish_tc=36.2282
t=42231ms polish_tc=36.2276
t=42239ms polish_tc=36.2237
t=42248ms polish_tc=36.2237
t=42256ms polish_tc=36.2146
t=42265ms polish_tc=36.2136
t=42273ms polish_tc=36.1742
t=42282ms polish_tc=36.1731
t=42290ms polish_tc=36.1729
t=42317ms polish_tc=36.0082
t=42325ms polish_tc=35.9157
t=42334ms polish_tc=35.9157
t=42343ms polish_tc=35.9143
t=42351ms polish_tc=35.9141
t=42360ms polish_tc=35.8774
t=42369ms polish_tc=35.8772
t=42378ms polish_tc=35.8765
t=42387ms polish_tc=35.8765
t=42397ms polish_tc=35.8663
t=42405ms polish_tc=35.8160
t=42414ms polish_tc=35.8158
t=42423ms polish_tc=35.8087
t=42432ms polish_tc=35.8085
t=42441ms polish_tc=35.7576
t=42451ms polish_tc=35.7561
t=42459ms polish_tc=35.7561
t=42469ms polish_tc=35.7465
t=42477ms polish_tc=35.7451
t=42484ms polish_tc=35.7450
t=42492ms polish_tc=35.7449
t=42500ms polish_tc=35.7442
t=42509ms polish_tc=35.7440
t=42517ms polish_tc=35.7440
t=42525ms polish_tc=35.7432
t=42534ms polish_tc=35.7424
t=42543ms polish_tc=35.6877
t=42552ms polish_tc=35.6876
t=42560ms polish_tc=35.6874
t=42569ms polish_tc=35.6813
t=42578ms polish_tc=35.6806
t=42587ms polish_tc=35.6797
t=42596ms polish_tc=35.6795
t=42605ms polish_tc=35.6779
t=42623ms polish_tc=35.6538
t=42632ms polish_tc=35.6535
t=42641ms polish_tc=35.6527
t=42649ms polish_tc=35.6526
t=42658ms polish_tc=35.6522
t=42671ms polish_tc=35.6521
t=42688ms polish_tc=35.6228
t=42696ms polish_tc=35.5234
t=42704ms polish_tc=35.5233
t=42712ms polish_tc=35.5223
t=42722ms polish_tc=35.4897
t=42731ms polish_tc=35.4888
t=42740ms polish_tc=35.4878
t=42749ms polish_tc=35.3529
t=42757ms polish_tc=35.3528
t=42766ms polish_tc=35.3528
t=42775ms polish_tc=35.3317
t=42783ms polish_tc=35.3316
t=42792ms polish_tc=35.3316
t=42800ms polish_tc=35.3316
t=42809ms polish_tc=35.3315
t=42821ms polish_tc=35.3058
t=42829ms polish_tc=35.3053
t=42838ms polish_tc=35.3048
t=42847ms polish_tc=35.3046
t=42855ms polish_tc=35.3045
t=42864ms polish_tc=35.3039
t=42873ms polish_tc=35.3036
t=42883ms polish_tc=35.2922
t=42891ms polish_tc=35.2921
t=42917ms polish_tc=35.2721
t=42926ms polish_tc=35.2719
t=42935ms polish_tc=35.2598
t=42944ms polish_tc=35.2313
t=42952ms polish_tc=35.2310
t=42983ms polish_tc=35.2242
t=42991ms polish_tc=35.2237
t=43000ms polish_tc=35.1444
t=43008ms polish_tc=35.1443
t=43018ms polish_tc=35.1393
t=43027ms polish_tc=35.1390
t=43036ms polish_tc=35.1389
t=43048ms polish_tc=35.1387
t=43056ms polish_tc=35.0597
t=43065ms polish_tc=35.0569
t=43073ms polish_tc=35.0568
t=43081ms polish_tc=35.0565
t=43107ms polish_tc=35.0555
t=43116ms polish_tc=35.0543
t=43125ms polish_tc=35.0543
t=43133ms polish_tc=35.0540
t=43141ms polish_tc=35.0539
t=43158ms polish_tc=35.0539
t=43183ms polish_tc=34.9741
t=43192ms polish_tc=34.9731
t=43201ms polish_tc=34.9729
t=43210ms polish_tc=34.8787
t=43218ms polish_tc=34.8783
t=43226ms polish_tc=34.8667
t=43234ms polish_tc=34.7134
t=43243ms polish_tc=34.6980
t=43250ms polish_tc=34.6964
t=43260ms polish_tc=34.6962
t=43268ms polish_tc=34.6961
t=43307ms polish_tc=34.6957
t=43334ms polish_tc=34.6940
t=43342ms polish_tc=34.6907
t=43352ms polish_tc=34.4480
t=43360ms polish_tc=34.4434
t=43368ms polish_tc=34.4401
t=43377ms polish_tc=34.4393
t=43385ms polish_tc=34.4392
t=43393ms polish_tc=34.4313
t=43401ms polish_tc=34.4228
t=43409ms polish_tc=34.4227
t=43422ms polish_tc=34.3373
t=43432ms polish_tc=34.3366
t=43440ms polish_tc=34.3360
t=43451ms polish_tc=34.3345
t=43460ms polish_tc=34.2609
t=43469ms polish_tc=34.1149
t=43478ms polish_tc=34.1101
t=43487ms polish_tc=34.1035
t=43496ms polish_tc=34.1015
t=43509ms polish_tc=34.1013
t=51409ms polish_tc=34.0995
t=51417ms polish_tc=34.0988
t=51425ms polish_tc=34.0984
t=51433ms polish_tc=34.0978
t=51442ms polish_tc=34.0896
t=51455ms polish_tc=34.0881
t=51463ms polish_tc=34.0875
t=51471ms polish_tc=34.0875
t=51483ms polish_tc=34.0865
t=51494ms polish_tc=34.0856
t=51502ms polish_tc=34.0853
t=51519ms polish_tc=34.0847
t=51527ms polish_tc=34.0842
t=51535ms polish_tc=34.0841
t=51544ms polish_tc=34.0835
t=51553ms polish_tc=34.0816
t=51563ms polish_tc=34.0813
t=51587ms polish_tc=34.0810
t=51595ms polish_tc=34.0803
t=51603ms polish_tc=34.0802
t=51629ms polish_tc=34.0532
t=51638ms polish_tc=34.0495
t=51646ms polish_tc=34.0494
t=51654ms polish_tc=34.0493
t=51663ms polish_tc=34.0319
t=51672ms polish_tc=34.0297
t=51680ms polish_tc=34.0285
t=51693ms polish_tc=34.0284
t=51702ms polish_tc=34.0281
t=51715ms polish_tc=33.9491
t=51725ms polish_tc=33.9487
t=51733ms polish_tc=33.9485
t=51741ms polish_tc=33.9485
t=51750ms polish_tc=33.9464
t=51759ms polish_tc=33.9451
t=51767ms polish_tc=33.9435
t=51776ms polish_tc=33.9418
t=51785ms polish_tc=33.9411
t=51797ms polish_tc=33.9410
t=51808ms polish_tc=33.8442
t=51817ms polish_tc=33.8418
t=51827ms polish_tc=33.8414
t=51839ms polish_tc=33.8357
t=51849ms polish_tc=33.8352
t=51857ms polish_tc=33.8351
t=51868ms polish_tc=33.8321
t=59670ms polish_tc=33.8272
t=59678ms polish_tc=33.8270
t=59689ms polish_tc=33.8263
t=59697ms polish_tc=33.8255
t=59712ms polish_tc=33.8230
t=59720ms polish_tc=33.8225
t=59728ms polish_tc=33.8193
t=59739ms polish_tc=33.8090
t=59815ms polish_tc=33.7359
t=59823ms polish_tc=33.6813
t=59830ms polish_tc=33.6765
t=59838ms polish_tc=33.6699
t=59846ms polish_tc=33.6697
t=59854ms polish_tc=33.6670
t=59862ms polish_tc=33.6663
t=59870ms polish_tc=33.6085
t=59883ms polish_tc=33.6047
t=59891ms polish_tc=33.5990
t=59899ms polish_tc=33.5068
t=59907ms polish_tc=33.5068
t=59915ms polish_tc=33.5062
t=59929ms polish_tc=33.5061
t=59937ms polish_tc=33.4989
t=59945ms polish_tc=33.4987
t=59952ms polish_tc=33.4955
t=59960ms polish_tc=33.4946
t=59969ms polish_tc=33.4929
t=59990ms polish_tc=33.4824
t=59998ms polish_tc=33.4804
t=60007ms polish_tc=33.4804
t=60015ms polish_tc=33.4801
t=60031ms polish_tc=33.4771
t=60039ms polish_tc=33.4771
t=60048ms polish_tc=33.4770
t=60064ms polish_tc=33.4768
t=60072ms polish_tc=33.4757
t=60096ms polish_tc=33.4584
t=60104ms polish_tc=33.4582
t=60115ms polish_tc=33.4447
t=60123ms polish_tc=33.4446
t=60132ms polish_tc=33.4207
t=60139ms polish_tc=33.4117
t=60147ms polish_tc=33.3946
t=60155ms polish_tc=33.3927
t=60163ms polish_tc=33.3776
t=60171ms polish_tc=33.3745
t=60179ms polish_tc=33.3725
t=60187ms polish_tc=33.3637
t=60195ms polish_tc=33.3614
t=60204ms polish_tc=33.3612
t=60212ms polish_tc=33.3611
t=60231ms polish_tc=33.3544
t=60239ms polish_tc=33.3540
t=60247ms polish_tc=33.3536
t=60268ms polish_tc=33.3511
t=60276ms polish_tc=33.3510
t=60285ms polish_tc=33.3346
t=60294ms polish_tc=33.1914
t=60302ms polish_tc=33.1900
t=60310ms polish_tc=33.1794
t=60318ms polish_tc=33.0962
t=60326ms polish_tc=33.0958
t=60334ms polish_tc=33.0949
t=60342ms polish_tc=33.0945
t=60351ms polish_tc=33.0928
t=79305ms polish_tc=33.0726
t=79314ms polish_tc=33.0518
t=79322ms polish_tc=33.0516
t=79330ms polish_tc=33.0516
t=79339ms polish_tc=33.0490
t=79348ms polish_tc=33.0473
t=79357ms polish_tc=33.0473
t=79367ms polish_tc=33.0263
t=79376ms polish_tc=33.0259
t=79386ms polish_tc=33.0256
t=79394ms polish_tc=33.0251
t=79421ms polish_tc=33.0242
t=79447ms polish_tc=33.0235
t=79470ms polish_tc=33.0027
t=79479ms polish_tc=33.0026
t=79489ms polish_tc=32.9894
t=79497ms polish_tc=32.9893
t=79506ms polish_tc=32.9434
t=79514ms polish_tc=32.9375
anneal_sweeps=288968 cycles=99 fresh=11
t_final=87365ms tc_greedy=41.6116 tc_mcts=41.1043 tc_final=32.9375 tc_full=32.9375 leaves=525
