simplify: n_orig=2064 n_reduced=370 shrink=0.8207 t_simp=10ms
t_seed=620ms tc_seed=41.4805 seed_trials=17
t_dp=3324ms tc_greedy=38.1671
t_mcts=17411ms mcts: backup=min rollouts=384 rate=22/s depth=3 nodes=385 improves=0 tc_mcts=38.1671
ATTRIBUTION tc_greedy=38.1671 tc_mcts_prepolish=38.1671 mcts_beats_greedy=false
t=17514ms polish_tc=38.0541
t=17559ms polish_tc=38.0370
t=17605ms polish_tc=37.9591
t=17649ms polish_tc=37.9090
t=17696ms polish_tc=37.7890
t=17740ms polish_tc=37.5222
t=17783ms polish_tc=37.3862
t=17828ms polish_tc=37.2903
t=17878ms polish_tc=37.1483
t=17925ms polish_tc=36.8335
t=17972ms polish_tc=36.8095
t=18019ms polish_tc=36.7980
t=18066ms polish_tc=36.7907
t=18117ms polish_tc=36.0320
t=18180ms polish_tc=35.9960
t=18235ms polish_tc=35.9416
t=18284ms polish_tc=35.8863
t=18344ms polish_tc=35.8031
t=18398ms polish_tc=35.5317
t=18460ms polish_tc=35.4311
t=18517ms polish_tc=35.2274
t=18574ms polish_tc=35.1815
t=18630ms polish_tc=34.9374
t=18687ms polish_tc=34.8153
t=18740ms polish_tc=34.7210
t=18794ms polish_tc=34.7057
t=18867ms polish_tc=34.5521
t=18930ms polish_tc=34.5129
t=19000ms polish_tc=34.4888
t=19057ms polish_tc=34.4447
t=19116ms polish_tc=34.4351
t=19251ms polish_tc=34.3975
t=19429ms polish_tc=34.3846
t=19484ms polish_tc=34.3798
t=19539ms polish_tc=34.3789
t=19594ms polish_tc=34.3789
t=19648ms polish_tc=34.3789
t=19705ms polish_tc=34.3789
t=19762ms polish_tc=34.3789
t=19840ms polish_tc=34.3765
t=19895ms polish_tc=34.3765
t=19943ms polish_tc=34.3765
t=20017ms polish_tc=34.3699
t=20075ms polish_tc=34.3699
t=20134ms polish_tc=34.3699
t=20250ms polish_tc=34.3691
t=20311ms polish_tc=34.3691
t=20371ms polish_tc=34.3691
t=20434ms polish_tc=34.3691
t=20499ms polish_tc=34.3691
t=20557ms polish_tc=34.3691
t=20618ms polish_tc=34.3691
t=20676ms polish_tc=34.3691
t=20886ms polish_tc=34.3431
t=20938ms polish_tc=34.3262
t=20987ms polish_tc=34.3252
t=21036ms polish_tc=34.3237
t=21090ms polish_tc=34.1712
t=21141ms polish_tc=34.1602
t=21188ms polish_tc=34.0918
t=21250ms polish_tc=34.0284
t=21299ms polish_tc=34.0200
t=21346ms polish_tc=34.0187
t=21400ms polish_tc=34.0146
t=21454ms polish_tc=34.0145
t=21515ms polish_tc=34.0140
t=21571ms polish_tc=34.0126
t=21627ms polish_tc=33.9676
t=21685ms polish_tc=33.9674
t=21740ms polish_tc=33.9667
t=21798ms polish_tc=33.8252
t=21851ms polish_tc=33.8209
t=21909ms polish_tc=33.8207
t=21962ms polish_tc=33.8191
t=22017ms polish_tc=33.8191
t=22252ms polish_tc=33.8181
t=22305ms polish_tc=33.8150
t=22358ms polish_tc=33.8101
t=22422ms polish_tc=33.7921
t=22483ms polish_tc=33.7891
t=22547ms polish_tc=33.7770
t=22603ms polish_tc=33.7385
t=22750ms polish_tc=33.6486
t=22801ms polish_tc=33.6210
t=22848ms polish_tc=33.6210
t=22908ms polish_tc=33.6164
t=22958ms polish_tc=33.6164
t=23008ms polish_tc=33.6164
t=23058ms polish_tc=33.6157
t=23108ms polish_tc=33.6155
t=23249ms polish_tc=33.6155
t=23334ms polish_tc=33.6155
t=23396ms polish_tc=33.6155
t=23448ms polish_tc=33.6155
t=23503ms polish_tc=33.6155
t=23562ms polish_tc=33.6155
t=23625ms polish_tc=33.6155
t=23677ms polish_tc=33.6155
t=23730ms polish_tc=33.6155
t=24589ms polish_tc=33.5529
t=24641ms polish_tc=33.5357
t=24692ms polish_tc=33.4311
t=24746ms polish_tc=33.4067
t=24799ms polish_tc=33.3695
t=24851ms polish_tc=33.3527
t=24910ms polish_tc=33.2809
t=24963ms polish_tc=33.2479
t=25021ms polish_tc=33.2458
t=25084ms polish_tc=33.2331
t=25218ms polish_tc=33.2261
t=25265ms polish_tc=33.2181
t=25320ms polish_tc=33.2157
t=25382ms polish_tc=33.2155
t=25460ms polish_tc=33.2155
t=25752ms polish_tc=33.1931
t=25797ms polish_tc=33.1931
t=25885ms polish_tc=33.1861
t=25930ms polish_tc=33.1856
t=25981ms polish_tc=33.1846
t=26029ms polish_tc=33.1846
t=26101ms polish_tc=33.1846
t=26146ms polish_tc=33.1845
t=26192ms polish_tc=33.1845
t=26241ms polish_tc=33.1845
t=26284ms polish_tc=33.1845
t=26344ms polish_tc=33.1842
t=26390ms polish_tc=33.1840
t=26437ms polish_tc=33.1840
t=26483ms polish_tc=33.1840
t=26528ms polish_tc=33.1839
t=26573ms polish_tc=33.1839
t=26816ms polish_tc=33.1766
t=26970ms polish_tc=33.1751
t=27018ms polish_tc=33.1725
t=27061ms polish_tc=33.1724
t=27162ms polish_tc=33.1724
t=27205ms polish_tc=33.1724
t=27250ms polish_tc=33.1724
t=27453ms polish_tc=33.1490
t=27496ms polish_tc=33.1398
t=30291ms polish_tc=33.0603
t=30347ms polish_tc=33.0047
t=30400ms polish_tc=33.0024
t=30448ms polish_tc=32.9805
t=30499ms polish_tc=32.9694
t=30550ms polish_tc=32.9645
t=30596ms polish_tc=32.9627
t=30650ms polish_tc=32.9077
t=30703ms polish_tc=32.8912
t=30755ms polish_tc=32.8905
t=30804ms polish_tc=32.8905
t=30859ms polish_tc=32.8905
t=30918ms polish_tc=32.8905
t=31012ms polish_tc=32.8905
t=31065ms polish_tc=32.8905
t=31111ms polish_tc=32.8905
t=31157ms polish_tc=32.8905
t=31201ms polish_tc=32.8905
t=31252ms polish_tc=32.8905
t=31298ms polish_tc=32.8905
anneal_sweeps=335176 cycles=55 fresh=23
t_final=87304ms tc_greedy=38.1671 tc_mcts=38.1671 tc_final=32.8905 tc_full=32.8905 leaves=2064
