simplify: n_orig=828 n_reduced=184 shrink=0.7778 t_simp=3ms
t_seed=603ms tc_seed=26.7958 seed_trials=62
t_dp=895ms tc_greedy=26.4357
t=940ms mcts_tc=26.2399
t=4872ms mcts_tc=25.7553
t_mcts=14727ms mcts: backup=min rollouts=1984 rate=135/s depth=4 nodes=1985 improves=2 tc_mcts=25.7553
ATTRIBUTION tc_greedy=26.4357 tc_mcts_prepolish=25.7553 mcts_beats_greedy=true
t=14755ms polish_tc=24.8488
t=14766ms polish_tc=24.8038
t=14776ms polish_tc=24.7824
t=14787ms polish_tc=24.3133
t=14796ms polish_tc=24.2759
t=14806ms polish_tc=24.2663
t=14817ms polish_tc=24.0664
t=14830ms polish_tc=24.0350
t=14841ms polish_tc=24.0021
t=14851ms polish_tc=23.9061
t=14867ms polish_tc=23.8040
t=14878ms polish_tc=23.7965
t=14889ms polish_tc=23.7516
t=14899ms polish_tc=23.5332
t=14910ms polish_tc=23.5327
t=14921ms polish_tc=23.5272
t=14933ms polish_tc=23.5218
t=14946ms polish_tc=23.5207
t=14960ms polish_tc=23.4824
t=14970ms polish_tc=23.4763
t=14986ms polish_tc=23.4681
t=15067ms polish_tc=23.4530
t=15087ms polish_tc=23.4399
t=15102ms polish_tc=23.3621
t=15115ms polish_tc=23.3619
t=15128ms polish_tc=23.3465
t=15141ms polish_tc=23.3465
t=15154ms polish_tc=23.3461
t=15168ms polish_tc=23.3456
t=15180ms polish_tc=23.3454
t=15195ms polish_tc=23.3454
t=15209ms polish_tc=23.3453
t=15223ms polish_tc=23.3450
t=15238ms polish_tc=23.3449
t=15264ms polish_tc=23.3448
t=15277ms polish_tc=23.3448
t=15303ms polish_tc=23.3446
t=15318ms polish_tc=23.3445
t=15339ms polish_tc=23.3445
t=15387ms polish_tc=23.3421
t=15399ms polish_tc=23.3200
t=15413ms polish_tc=23.3159
t=15426ms polish_tc=23.3152
t=15443ms polish_tc=23.3130
t=15455ms polish_tc=23.3125
t=15468ms polish_tc=23.3124
t=15484ms polish_tc=23.3124
t=15497ms polish_tc=23.3120
t=15510ms polish_tc=23.3119
t=15524ms polish_tc=23.3118
t=15543ms polish_tc=23.3116
t=15556ms polish_tc=23.3115
t=15569ms polish_tc=23.3114
t=15582ms polish_tc=23.3113
t=15604ms polish_tc=23.3113
t=15617ms polish_tc=23.3113
t=15632ms polish_tc=23.3112
t=15652ms polish_tc=23.3111
t=15665ms polish_tc=23.3111
t=15678ms polish_tc=23.3111
t=15690ms polish_tc=23.3111
t=20018ms polish_tc=23.3104
t=20047ms polish_tc=23.3098
t=20061ms polish_tc=23.3098
t=20079ms polish_tc=23.3095
t=20091ms polish_tc=23.3095
t=20104ms polish_tc=23.3094
t=20116ms polish_tc=23.3079
t=20128ms polish_tc=23.3077
t=20141ms polish_tc=23.3077
t=20155ms polish_tc=23.3075
t=20241ms polish_tc=23.3074
t=20391ms polish_tc=23.3074
t=22163ms polish_tc=23.3072
t=25842ms polish_tc=23.3051
t=35092ms polish_tc=23.3035
t=35389ms polish_tc=23.3014
t=35453ms polish_tc=23.3011
t=35464ms polish_tc=23.3008
t=35475ms polish_tc=23.3008
t=35486ms polish_tc=23.3008
t=50271ms polish_tc=23.3007
anneal_sweeps=931032 cycles=97 fresh=76
t_final=87302ms tc_greedy=26.4357 tc_mcts=25.7553 tc_final=23.3007 tc_full=23.3015 leaves=828
