t=179ms tc=52.1350 (rung cap=inf / full VE)
t_peel=7ms cap=6 peeled=1489/2136 residual=647
t_peel=7ms cap=10 peeled=1702/2136 residual=434
t_peel=9ms cap=16 peeled=1830/2136 residual=306
t_peel=12ms cap=26 peeled=1902/2136 residual=234
t_peel=21ms cap=42 peeled=1980/2136 residual=156
n=2136 n_labels=1068 floor=51.6386 ve=52.1350 best=51.6386 | probe w0=6.0 best_frac=0.073 useful=true caps_residual=[(6, 647), (10, 434), (16, 306), (26, 234), (42, 156)] | t=608ms
t=1967ms tc=34.8773 (residual niters=8 k=1119)
t=4539ms tc=25.6330 (residual niters=16 k=1119)
residual_rounds=4
t=11925ms rung 1/3 cap=4.8 residual=1119 rtc=25.6330
residual_rounds=5
t=23871ms rung 2/3 cap=6.0 residual=647 rtc=26.5278
residual_rounds=6
t=35995ms rung 3/3 cap=7.5 residual=552 rtc=27.7342
t=44796ms tc=25.5265 (residual niters=32 k=1119)
t=68089ms tc=25.5260 (residual niters=87 k=1119)
residual_rounds=6
full_treesa_rounds=3
t_final=84687ms tc_final=25.5260 source=residual residual_won=true
